Sep 23 17:17:19.031 INF building image image=hive/hiveproxy nocache=false pull=false
Sep 23 17:17:19.089 INF building 1 clients...
Sep 23 17:17:19.089 INF building image image=hive/clients/go-ethereum_trace:latest dir=clients/go-ethereum nocache=false pull=false baseimage=trace-interop/go-ethereum tag=351f4131517b32d6a34d884f30dd5d6db83e1c008297f920e87b02b269f9874e
Sep 23 17:17:19.248 INF building 1 simulators...
Sep 23 17:17:19.249 INF building image image=hive/simulators/ethereum/rpc-compat:latest dir=simulators/ethereum/rpc-compat nocache=false pull=false
Sep 23 17:17:19.314 INF creating output directory folder=/home/banteg/dev/trace-geth-contract-evidence/geth-contract-precompiles/hive
Sep 23 17:17:19.322 INF running simulation: ethereum/rpc-compat
Sep 23 17:17:19.592 INF hiveproxy started container=5ca2a286a8b2 addr=172.17.0.2:8081
Sep 23 17:17:19.883 INF API: suite started suite=0 name=rpc-compat
Sep 23 17:17:19.884 INF API: test started suite=0 test=1 name="client launch (go-ethereum_trace)"
Sep 23 17:17:21.713 INF API: client go-ethereum_trace started suite=0 test=1 container=d901c623
Sep 23 17:17:21.726 INF API: test started suite=0 test=2 name="interop/_control/head (go-ethereum_trace)"
Sep 23 17:17:21.729 INF API: test ended suite=0 test=2 pass=false
Sep 23 17:17:21.730 INF API: test started suite=0 test=3 name="interop/_control/latest (go-ethereum_trace)"
Sep 23 17:17:21.733 INF API: test ended suite=0 test=3 pass=false
Sep 23 17:17:21.734 INF API: test started suite=0 test=4 name="interop/_control/version (go-ethereum_trace)"
Sep 23 17:17:21.735 INF API: test ended suite=0 test=4 pass=false
Sep 23 17:17:21.736 INF API: test started suite=0 test=5 name="interop/nested-call-value0-failed (go-ethereum_trace)"
Sep 23 17:17:21.741 INF API: test ended suite=0 test=5 pass=false
Sep 23 17:17:21.742 INF API: test started suite=0 test=6 name="interop/nested-call-value0-success (go-ethereum_trace)"
Sep 23 17:17:21.745 INF API: test ended suite=0 test=6 pass=false
Sep 23 17:17:21.746 INF API: test started suite=0 test=7 name="interop/nested-call-value1-failed (go-ethereum_trace)"
Sep 23 17:17:21.749 INF API: test ended suite=0 test=7 pass=false
Sep 23 17:17:21.751 INF API: test started suite=0 test=8 name="interop/nested-call-value1-success (go-ethereum_trace)"
Sep 23 17:17:21.753 INF API: test ended suite=0 test=8 pass=false
Sep 23 17:17:21.754 INF API: test started suite=0 test=9 name="interop/nested-callcode-value0-failed (go-ethereum_trace)"
Sep 23 17:17:21.757 INF API: test ended suite=0 test=9 pass=false
Sep 23 17:17:21.758 INF API: test started suite=0 test=10 name="interop/nested-callcode-value0-success (go-ethereum_trace)"
Sep 23 17:17:21.760 INF API: test ended suite=0 test=10 pass=false
Sep 23 17:17:21.761 INF API: test started suite=0 test=11 name="interop/nested-callcode-value1-failed (go-ethereum_trace)"
Sep 23 17:17:21.763 INF API: test ended suite=0 test=11 pass=false
Sep 23 17:17:21.764 INF API: test started suite=0 test=12 name="interop/nested-callcode-value1-success (go-ethereum_trace)"
Sep 23 17:17:21.765 INF API: test ended suite=0 test=12 pass=false
Sep 23 17:17:21.766 INF API: test started suite=0 test=13 name="interop/nested-delegatecall-value0-failed (go-ethereum_trace)"
Sep 23 17:17:21.769 INF API: test ended suite=0 test=13 pass=false
Sep 23 17:17:21.770 INF API: test started suite=0 test=14 name="interop/nested-delegatecall-value0-success (go-ethereum_trace)"
Sep 23 17:17:21.772 INF API: test ended suite=0 test=14 pass=false
Sep 23 17:17:21.773 INF API: test started suite=0 test=15 name="interop/nested-delegatecall-value1-failed (go-ethereum_trace)"
Sep 23 17:17:21.775 INF API: test ended suite=0 test=15 pass=false
Sep 23 17:17:21.775 INF API: test started suite=0 test=16 name="interop/nested-delegatecall-value1-success (go-ethereum_trace)"
Sep 23 17:17:21.778 INF API: test ended suite=0 test=16 pass=false
Sep 23 17:17:21.778 INF API: test started suite=0 test=17 name="interop/nested-staticcall-value0-failed (go-ethereum_trace)"
Sep 23 17:17:21.781 INF API: test ended suite=0 test=17 pass=false
Sep 23 17:17:21.782 INF API: test started suite=0 test=18 name="interop/nested-staticcall-value0-success (go-ethereum_trace)"
Sep 23 17:17:21.785 INF API: test ended suite=0 test=18 pass=false
Sep 23 17:17:21.786 INF API: test started suite=0 test=19 name="interop/root-failed (go-ethereum_trace)"
Sep 23 17:17:21.787 INF API: test ended suite=0 test=19 pass=false
Sep 23 17:17:21.788 INF API: test started suite=0 test=20 name="interop/root-success (go-ethereum_trace)"
Sep 23 17:17:21.790 INF API: test ended suite=0 test=20 pass=false
Sep 23 17:17:22.102 INF API: test ended suite=0 test=1 pass=true
Sep 23 17:17:22.110 INF API: suite ended suite=0
Sep 23 17:17:22.612 INF simulation ethereum/rpc-compat finished suites=1 tests=20 failed=19
19 tests failed
