Sep 23 00:08:58.242 INF building image image=hive/hiveproxy nocache=false pull=false
Sep 23 00:08:58.325 INF building 8 clients...
Sep 23 00:08:58.325 INF building image image=hive/clients/besu_development:latest dir=clients/besu nocache=false pull=false baseimage=trace-interop/besu tag=a85249905183f65c98c9e8c282955e40487c4ff8af8db8b8e306d58292231744
Sep 23 00:08:58.369 INF building image image=hive/clients/besu_release:latest dir=clients/besu nocache=false pull=false baseimage=trace-interop/besu tag=f3713c713ca4f9e89c09e1478d2a85116ba9ce8343129d709420ba2af009598b
Sep 23 00:08:58.404 INF building image image=hive/clients/erigon_development:latest dir=clients/erigon nocache=false pull=false baseimage=trace-interop/erigon tag=8269576669f1b4a55572ee7d1a7e4489244cd57bb545293391d1ebd5e0fac002
Sep 23 00:08:58.441 INF building image image=hive/clients/erigon_release:latest dir=clients/erigon nocache=false pull=false baseimage=trace-interop/erigon tag=8668d9c5adc01ad1d12aa25380e384079080bdde7e0ce93f11bed422d82ca0ac
Sep 23 00:09:49.659 INF building image image=hive/clients/nethermind_development:latest dir=clients/nethermind nocache=false pull=false baseimage=trace-interop/nethermind tag=e68f6cd253c312443b306b7e1e61381a38fd174dd16fe7e9bc55487245718182
Sep 23 00:09:49.825 INF building image image=hive/clients/nethermind_release:latest dir=clients/nethermind nocache=false pull=false baseimage=trace-interop/nethermind tag=a5098d75bfa8d4da1992ba8404b357fde6d53241315396e26b88e16e5f67bb59
Sep 23 00:09:49.983 INF building image image=hive/clients/reth_development:latest dir=clients/reth nocache=false pull=false baseimage=trace-interop/reth tag=1d6a97ef686d7c6099c5426c77334ca5891ce5d362fe5f3049ac2ea0df76de86
Sep 23 00:09:50.139 INF building image image=hive/clients/reth_release:latest dir=clients/reth nocache=false pull=false baseimage=trace-interop/reth tag=e939dc4a471d9d27224e430f607a954d692ca5037a1350ee2036397d14532ca7
Sep 23 00:09:50.274 INF building 1 simulators...
Sep 23 00:09:50.274 INF building image image=hive/simulators/ethereum/rpc-compat:latest dir=simulators/ethereum/rpc-compat nocache=false pull=false
Sep 23 00:09:50.754 INF creating output directory folder=/home/banteg/dev/trace-review-20260923/evidence/2026-09-23/precompile-values-native/hive
Sep 23 00:09:50.861 INF running simulation: ethereum/rpc-compat
Sep 23 00:09:51.170 INF hiveproxy started container=b0c9eeb03c81 addr=172.17.0.2:8081
Sep 23 00:09:51.532 INF API: suite started suite=0 name=rpc-compat
Sep 23 00:09:51.535 INF API: test started suite=0 test=1 name="client launch (besu_development)"
Sep 23 00:10:01.215 INF API: client besu_development started suite=0 test=1 container=9a8377fb
Sep 23 00:10:01.511 INF API: test started suite=0 test=2 name="interop/_control/create-nonce (besu_development)"
Sep 23 00:10:01.547 INF API: test ended suite=0 test=2 pass=false
Sep 23 00:10:01.548 INF API: test started suite=0 test=3 name="interop/_control/head (besu_development)"
Sep 23 00:10:01.584 INF API: test ended suite=0 test=3 pass=false
Sep 23 00:10:01.585 INF API: test started suite=0 test=4 name="interop/_control/target-balance (besu_development)"
Sep 23 00:10:01.599 INF API: test ended suite=0 test=4 pass=false
Sep 23 00:10:01.600 INF API: test started suite=0 test=5 name="interop/_control/target-code (besu_development)"
Sep 23 00:10:01.612 INF API: test ended suite=0 test=5 pass=false
Sep 23 00:10:01.613 INF API: test started suite=0 test=6 name="interop/_control/target-nonce (besu_development)"
Sep 23 00:10:01.627 INF API: test ended suite=0 test=6 pass=false
Sep 23 00:10:01.628 INF API: test started suite=0 test=7 name="interop/_control/version (besu_development)"
Sep 23 00:10:01.639 INF API: test ended suite=0 test=7 pass=false
Sep 23 00:10:01.640 INF API: test started suite=0 test=8 name="interop/nested-call-outer0-value1-failed (besu_development)"
Sep 23 00:10:01.761 INF API: test ended suite=0 test=8 pass=false
Sep 23 00:10:01.763 INF API: test started suite=0 test=9 name="interop/nested-call-outer0-value1-success (besu_development)"
Sep 23 00:10:01.792 INF API: test ended suite=0 test=9 pass=false
Sep 23 00:10:01.793 INF API: test started suite=0 test=10 name="interop/nested-call-outer1-value0-failed (besu_development)"
Sep 23 00:10:01.820 INF API: test ended suite=0 test=10 pass=false
Sep 23 00:10:01.822 INF API: test started suite=0 test=11 name="interop/nested-call-outer1-value0-success (besu_development)"
Sep 23 00:10:01.846 INF API: test ended suite=0 test=11 pass=false
Sep 23 00:10:01.847 INF API: test started suite=0 test=12 name="interop/nested-callcode-outer0-value1-failed (besu_development)"
Sep 23 00:10:01.860 INF API: test ended suite=0 test=12 pass=false
Sep 23 00:10:01.861 INF API: test started suite=0 test=13 name="interop/nested-callcode-outer0-value1-success (besu_development)"
Sep 23 00:10:01.874 INF API: test ended suite=0 test=13 pass=false
Sep 23 00:10:01.875 INF API: test started suite=0 test=14 name="interop/nested-callcode-outer1-value0-failed (besu_development)"
Sep 23 00:10:01.885 INF API: test ended suite=0 test=14 pass=false
Sep 23 00:10:01.888 INF API: test started suite=0 test=15 name="interop/nested-callcode-outer1-value0-success (besu_development)"
Sep 23 00:10:01.900 INF API: test ended suite=0 test=15 pass=false
Sep 23 00:10:02.261 INF API: test ended suite=0 test=1 pass=true
Sep 23 00:10:02.263 INF API: test started suite=0 test=16 name="client launch (besu_release)"
Sep 23 00:10:11.889 INF API: client besu_release started suite=0 test=16 container=67840d17
Sep 23 00:10:12.146 INF API: test started suite=0 test=17 name="interop/_control/create-nonce (besu_release)"
Sep 23 00:10:12.180 INF API: test ended suite=0 test=17 pass=false
Sep 23 00:10:12.182 INF API: test started suite=0 test=18 name="interop/_control/head (besu_release)"
Sep 23 00:10:12.219 INF API: test ended suite=0 test=18 pass=false
Sep 23 00:10:12.220 INF API: test started suite=0 test=19 name="interop/_control/target-balance (besu_release)"
Sep 23 00:10:12.239 INF API: test ended suite=0 test=19 pass=false
Sep 23 00:10:12.240 INF API: test started suite=0 test=20 name="interop/_control/target-code (besu_release)"
Sep 23 00:10:12.253 INF API: test ended suite=0 test=20 pass=false
Sep 23 00:10:12.254 INF API: test started suite=0 test=21 name="interop/_control/target-nonce (besu_release)"
Sep 23 00:10:12.266 INF API: test ended suite=0 test=21 pass=false
Sep 23 00:10:12.266 INF API: test started suite=0 test=22 name="interop/_control/version (besu_release)"
Sep 23 00:10:12.278 INF API: test ended suite=0 test=22 pass=false
Sep 23 00:10:12.279 INF API: test started suite=0 test=23 name="interop/nested-call-outer0-value1-failed (besu_release)"
Sep 23 00:10:12.403 INF API: test ended suite=0 test=23 pass=false
Sep 23 00:10:12.405 INF API: test started suite=0 test=24 name="interop/nested-call-outer0-value1-success (besu_release)"
Sep 23 00:10:12.433 INF API: test ended suite=0 test=24 pass=false
Sep 23 00:10:12.435 INF API: test started suite=0 test=25 name="interop/nested-call-outer1-value0-failed (besu_release)"
Sep 23 00:10:12.462 INF API: test ended suite=0 test=25 pass=false
Sep 23 00:10:12.464 INF API: test started suite=0 test=26 name="interop/nested-call-outer1-value0-success (besu_release)"
Sep 23 00:10:12.485 INF API: test ended suite=0 test=26 pass=false
Sep 23 00:10:12.486 INF API: test started suite=0 test=27 name="interop/nested-callcode-outer0-value1-failed (besu_release)"
Sep 23 00:10:12.512 INF API: test ended suite=0 test=27 pass=false
Sep 23 00:10:12.513 INF API: test started suite=0 test=28 name="interop/nested-callcode-outer0-value1-success (besu_release)"
Sep 23 00:10:12.540 INF API: test ended suite=0 test=28 pass=false
Sep 23 00:10:12.541 INF API: test started suite=0 test=29 name="interop/nested-callcode-outer1-value0-failed (besu_release)"
Sep 23 00:10:12.561 INF API: test ended suite=0 test=29 pass=false
Sep 23 00:10:12.562 INF API: test started suite=0 test=30 name="interop/nested-callcode-outer1-value0-success (besu_release)"
Sep 23 00:10:12.574 INF API: test ended suite=0 test=30 pass=false
Sep 23 00:10:12.964 INF API: test ended suite=0 test=16 pass=true
Sep 23 00:10:12.966 INF API: test started suite=0 test=31 name="client launch (erigon_development)"
Sep 23 00:10:15.808 INF API: client erigon_development started suite=0 test=31 container=7c47168e
Sep 23 00:10:15.879 INF API: test started suite=0 test=32 name="interop/_control/create-nonce (erigon_development)"
Sep 23 00:10:15.887 INF API: test ended suite=0 test=32 pass=false
Sep 23 00:10:15.888 INF API: test started suite=0 test=33 name="interop/_control/head (erigon_development)"
Sep 23 00:10:15.890 INF API: test ended suite=0 test=33 pass=false
Sep 23 00:10:15.891 INF API: test started suite=0 test=34 name="interop/_control/target-balance (erigon_development)"
Sep 23 00:10:15.892 INF API: test ended suite=0 test=34 pass=false
Sep 23 00:10:15.893 INF API: test started suite=0 test=35 name="interop/_control/target-code (erigon_development)"
Sep 23 00:10:15.894 INF API: test ended suite=0 test=35 pass=false
Sep 23 00:10:15.895 INF API: test started suite=0 test=36 name="interop/_control/target-nonce (erigon_development)"
Sep 23 00:10:15.896 INF API: test ended suite=0 test=36 pass=false
Sep 23 00:10:15.897 INF API: test started suite=0 test=37 name="interop/_control/version (erigon_development)"
Sep 23 00:10:15.913 INF API: test ended suite=0 test=37 pass=false
Sep 23 00:10:15.914 INF API: test started suite=0 test=38 name="interop/nested-call-outer0-value1-failed (erigon_development)"
Sep 23 00:10:15.920 INF API: test ended suite=0 test=38 pass=false
Sep 23 00:10:15.921 INF API: test started suite=0 test=39 name="interop/nested-call-outer0-value1-success (erigon_development)"
Sep 23 00:10:15.923 INF API: test ended suite=0 test=39 pass=false
Sep 23 00:10:15.924 INF API: test started suite=0 test=40 name="interop/nested-call-outer1-value0-failed (erigon_development)"
Sep 23 00:10:15.926 INF API: test ended suite=0 test=40 pass=false
Sep 23 00:10:15.927 INF API: test started suite=0 test=41 name="interop/nested-call-outer1-value0-success (erigon_development)"
Sep 23 00:10:15.930 INF API: test ended suite=0 test=41 pass=false
Sep 23 00:10:15.930 INF API: test started suite=0 test=42 name="interop/nested-callcode-outer0-value1-failed (erigon_development)"
Sep 23 00:10:15.933 INF API: test ended suite=0 test=42 pass=false
Sep 23 00:10:15.933 INF API: test started suite=0 test=43 name="interop/nested-callcode-outer0-value1-success (erigon_development)"
Sep 23 00:10:15.936 INF API: test ended suite=0 test=43 pass=false
Sep 23 00:10:15.937 INF API: test started suite=0 test=44 name="interop/nested-callcode-outer1-value0-failed (erigon_development)"
Sep 23 00:10:15.939 INF API: test ended suite=0 test=44 pass=false
Sep 23 00:10:15.940 INF API: test started suite=0 test=45 name="interop/nested-callcode-outer1-value0-success (erigon_development)"
Sep 23 00:10:15.942 INF API: test ended suite=0 test=45 pass=false
Sep 23 00:10:17.414 INF API: test ended suite=0 test=31 pass=true
Sep 23 00:10:17.416 INF API: test started suite=0 test=46 name="client launch (erigon_release)"
Sep 23 00:10:19.063 INF API: client erigon_release started suite=0 test=46 container=e5ebaf9d
Sep 23 00:10:19.101 INF API: test started suite=0 test=47 name="interop/_control/create-nonce (erigon_release)"
Sep 23 00:10:19.105 INF API: test ended suite=0 test=47 pass=false
Sep 23 00:10:19.107 INF API: test started suite=0 test=48 name="interop/_control/head (erigon_release)"
Sep 23 00:10:19.113 INF API: test ended suite=0 test=48 pass=false
Sep 23 00:10:19.114 INF API: test started suite=0 test=49 name="interop/_control/target-balance (erigon_release)"
Sep 23 00:10:19.116 INF API: test ended suite=0 test=49 pass=false
Sep 23 00:10:19.117 INF API: test started suite=0 test=50 name="interop/_control/target-code (erigon_release)"
Sep 23 00:10:19.120 INF API: test ended suite=0 test=50 pass=false
Sep 23 00:10:19.121 INF API: test started suite=0 test=51 name="interop/_control/target-nonce (erigon_release)"
Sep 23 00:10:19.122 INF API: test ended suite=0 test=51 pass=false
Sep 23 00:10:19.123 INF API: test started suite=0 test=52 name="interop/_control/version (erigon_release)"
Sep 23 00:10:19.125 INF API: test ended suite=0 test=52 pass=false
Sep 23 00:10:19.126 INF API: test started suite=0 test=53 name="interop/nested-call-outer0-value1-failed (erigon_release)"
Sep 23 00:10:19.130 INF API: test ended suite=0 test=53 pass=false
Sep 23 00:10:19.131 INF API: test started suite=0 test=54 name="interop/nested-call-outer0-value1-success (erigon_release)"
Sep 23 00:10:19.133 INF API: test ended suite=0 test=54 pass=false
Sep 23 00:10:19.135 INF API: test started suite=0 test=55 name="interop/nested-call-outer1-value0-failed (erigon_release)"
Sep 23 00:10:19.138 INF API: test ended suite=0 test=55 pass=false
Sep 23 00:10:19.139 INF API: test started suite=0 test=56 name="interop/nested-call-outer1-value0-success (erigon_release)"
Sep 23 00:10:19.141 INF API: test ended suite=0 test=56 pass=false
Sep 23 00:10:19.142 INF API: test started suite=0 test=57 name="interop/nested-callcode-outer0-value1-failed (erigon_release)"
Sep 23 00:10:19.143 INF API: test ended suite=0 test=57 pass=false
Sep 23 00:10:19.144 INF API: test started suite=0 test=58 name="interop/nested-callcode-outer0-value1-success (erigon_release)"
Sep 23 00:10:19.147 INF API: test ended suite=0 test=58 pass=false
Sep 23 00:10:19.147 INF API: test started suite=0 test=59 name="interop/nested-callcode-outer1-value0-failed (erigon_release)"
Sep 23 00:10:19.149 INF API: test ended suite=0 test=59 pass=false
Sep 23 00:10:19.150 INF API: test started suite=0 test=60 name="interop/nested-callcode-outer1-value0-success (erigon_release)"
Sep 23 00:10:19.152 INF API: test ended suite=0 test=60 pass=false
Sep 23 00:10:19.472 INF API: test ended suite=0 test=46 pass=true
Sep 23 00:10:19.474 INF API: test started suite=0 test=61 name="client launch (nethermind_development)"
Sep 23 00:10:28.093 INF API: client nethermind_development started suite=0 test=61 container=b58c77ba
Sep 23 00:10:28.188 INF API: test started suite=0 test=62 name="interop/_control/create-nonce (nethermind_development)"
Sep 23 00:10:28.237 INF API: test ended suite=0 test=62 pass=false
Sep 23 00:10:28.238 INF API: test started suite=0 test=63 name="interop/_control/head (nethermind_development)"
Sep 23 00:10:28.285 INF API: test ended suite=0 test=63 pass=false
Sep 23 00:10:28.286 INF API: test started suite=0 test=64 name="interop/_control/target-balance (nethermind_development)"
Sep 23 00:10:28.293 INF API: test ended suite=0 test=64 pass=false
Sep 23 00:10:28.294 INF API: test started suite=0 test=65 name="interop/_control/target-code (nethermind_development)"
Sep 23 00:10:28.297 INF API: test ended suite=0 test=65 pass=false
Sep 23 00:10:28.297 INF API: test started suite=0 test=66 name="interop/_control/target-nonce (nethermind_development)"
Sep 23 00:10:28.299 INF API: test ended suite=0 test=66 pass=false
Sep 23 00:10:28.299 INF API: test started suite=0 test=67 name="interop/_control/version (nethermind_development)"
Sep 23 00:10:28.303 INF API: test ended suite=0 test=67 pass=false
Sep 23 00:10:28.304 INF API: test started suite=0 test=68 name="interop/nested-call-outer0-value1-failed (nethermind_development)"
Sep 23 00:10:28.510 INF API: test ended suite=0 test=68 pass=false
Sep 23 00:10:28.511 INF API: test started suite=0 test=69 name="interop/nested-call-outer0-value1-success (nethermind_development)"
Sep 23 00:10:28.523 INF API: test ended suite=0 test=69 pass=false
Sep 23 00:10:28.524 INF API: test started suite=0 test=70 name="interop/nested-call-outer1-value0-failed (nethermind_development)"
Sep 23 00:10:28.532 INF API: test ended suite=0 test=70 pass=false
Sep 23 00:10:28.533 INF API: test started suite=0 test=71 name="interop/nested-call-outer1-value0-success (nethermind_development)"
Sep 23 00:10:28.537 INF API: test ended suite=0 test=71 pass=false
Sep 23 00:10:28.537 INF API: test started suite=0 test=72 name="interop/nested-callcode-outer0-value1-failed (nethermind_development)"
Sep 23 00:10:28.553 INF API: test ended suite=0 test=72 pass=false
Sep 23 00:10:28.554 INF API: test started suite=0 test=73 name="interop/nested-callcode-outer0-value1-success (nethermind_development)"
Sep 23 00:10:28.558 INF API: test ended suite=0 test=73 pass=false
Sep 23 00:10:28.559 INF API: test started suite=0 test=74 name="interop/nested-callcode-outer1-value0-failed (nethermind_development)"
Sep 23 00:10:28.562 INF API: test ended suite=0 test=74 pass=false
Sep 23 00:10:28.563 INF API: test started suite=0 test=75 name="interop/nested-callcode-outer1-value0-success (nethermind_development)"
Sep 23 00:10:28.566 INF API: test ended suite=0 test=75 pass=false
Sep 23 00:10:28.964 INF API: test ended suite=0 test=61 pass=true
Sep 23 00:10:28.966 INF API: test started suite=0 test=76 name="client launch (nethermind_release)"
Sep 23 00:10:37.135 INF API: client nethermind_release started suite=0 test=76 container=251061e9
Sep 23 00:10:37.234 INF API: test started suite=0 test=77 name="interop/_control/create-nonce (nethermind_release)"
Sep 23 00:10:37.266 INF API: test ended suite=0 test=77 pass=false
Sep 23 00:10:37.267 INF API: test started suite=0 test=78 name="interop/_control/head (nethermind_release)"
Sep 23 00:10:37.341 INF API: test ended suite=0 test=78 pass=false
Sep 23 00:10:37.342 INF API: test started suite=0 test=79 name="interop/_control/target-balance (nethermind_release)"
Sep 23 00:10:37.349 INF API: test ended suite=0 test=79 pass=false
Sep 23 00:10:37.350 INF API: test started suite=0 test=80 name="interop/_control/target-code (nethermind_release)"
Sep 23 00:10:37.352 INF API: test ended suite=0 test=80 pass=false
Sep 23 00:10:37.353 INF API: test started suite=0 test=81 name="interop/_control/target-nonce (nethermind_release)"
Sep 23 00:10:37.354 INF API: test ended suite=0 test=81 pass=false
Sep 23 00:10:37.355 INF API: test started suite=0 test=82 name="interop/_control/version (nethermind_release)"
Sep 23 00:10:37.357 INF API: test ended suite=0 test=82 pass=false
Sep 23 00:10:37.358 INF API: test started suite=0 test=83 name="interop/nested-call-outer0-value1-failed (nethermind_release)"
Sep 23 00:10:37.499 INF API: test ended suite=0 test=83 pass=false
Sep 23 00:10:37.500 INF API: test started suite=0 test=84 name="interop/nested-call-outer0-value1-success (nethermind_release)"
Sep 23 00:10:37.524 INF API: test ended suite=0 test=84 pass=false
Sep 23 00:10:37.525 INF API: test started suite=0 test=85 name="interop/nested-call-outer1-value0-failed (nethermind_release)"
Sep 23 00:10:37.545 INF API: test ended suite=0 test=85 pass=false
Sep 23 00:10:37.546 INF API: test started suite=0 test=86 name="interop/nested-call-outer1-value0-success (nethermind_release)"
Sep 23 00:10:37.561 INF API: test ended suite=0 test=86 pass=false
Sep 23 00:10:37.562 INF API: test started suite=0 test=87 name="interop/nested-callcode-outer0-value1-failed (nethermind_release)"
Sep 23 00:10:37.567 INF API: test ended suite=0 test=87 pass=false
Sep 23 00:10:37.568 INF API: test started suite=0 test=88 name="interop/nested-callcode-outer0-value1-success (nethermind_release)"
Sep 23 00:10:37.571 INF API: test ended suite=0 test=88 pass=false
Sep 23 00:10:37.572 INF API: test started suite=0 test=89 name="interop/nested-callcode-outer1-value0-failed (nethermind_release)"
Sep 23 00:10:37.575 INF API: test ended suite=0 test=89 pass=false
Sep 23 00:10:37.576 INF API: test started suite=0 test=90 name="interop/nested-callcode-outer1-value0-success (nethermind_release)"
Sep 23 00:10:37.579 INF API: test ended suite=0 test=90 pass=false
Sep 23 00:10:37.932 INF API: test ended suite=0 test=76 pass=true
Sep 23 00:10:37.935 INF API: test started suite=0 test=91 name="client launch (reth_development)"
Sep 23 00:10:40.370 INF API: client reth_development started suite=0 test=91 container=0d6acd5e
Sep 23 00:10:40.397 INF API: test started suite=0 test=92 name="interop/_control/create-nonce (reth_development)"
Sep 23 00:10:40.409 INF API: test ended suite=0 test=92 pass=false
Sep 23 00:10:40.411 INF API: test started suite=0 test=93 name="interop/_control/head (reth_development)"
Sep 23 00:10:40.418 INF API: test ended suite=0 test=93 pass=false
Sep 23 00:10:40.419 INF API: test started suite=0 test=94 name="interop/_control/target-balance (reth_development)"
Sep 23 00:10:40.423 INF API: test ended suite=0 test=94 pass=false
Sep 23 00:10:40.424 INF API: test started suite=0 test=95 name="interop/_control/target-code (reth_development)"
Sep 23 00:10:40.425 INF API: test ended suite=0 test=95 pass=false
Sep 23 00:10:40.426 INF API: test started suite=0 test=96 name="interop/_control/target-nonce (reth_development)"
Sep 23 00:10:40.427 INF API: test ended suite=0 test=96 pass=false
Sep 23 00:10:40.427 INF API: test started suite=0 test=97 name="interop/_control/version (reth_development)"
Sep 23 00:10:40.429 INF API: test ended suite=0 test=97 pass=false
Sep 23 00:10:40.430 INF API: test started suite=0 test=98 name="interop/nested-call-outer0-value1-failed (reth_development)"
Sep 23 00:10:40.441 INF API: test ended suite=0 test=98 pass=false
Sep 23 00:10:40.442 INF API: test started suite=0 test=99 name="interop/nested-call-outer0-value1-success (reth_development)"
Sep 23 00:10:40.444 INF API: test ended suite=0 test=99 pass=false
Sep 23 00:10:40.445 INF API: test started suite=0 test=100 name="interop/nested-call-outer1-value0-failed (reth_development)"
Sep 23 00:10:40.451 INF API: test ended suite=0 test=100 pass=false
Sep 23 00:10:40.452 INF API: test started suite=0 test=101 name="interop/nested-call-outer1-value0-success (reth_development)"
Sep 23 00:10:40.454 INF API: test ended suite=0 test=101 pass=false
Sep 23 00:10:40.455 INF API: test started suite=0 test=102 name="interop/nested-callcode-outer0-value1-failed (reth_development)"
Sep 23 00:10:40.457 INF API: test ended suite=0 test=102 pass=false
Sep 23 00:10:40.457 INF API: test started suite=0 test=103 name="interop/nested-callcode-outer0-value1-success (reth_development)"
Sep 23 00:10:40.460 INF API: test ended suite=0 test=103 pass=false
Sep 23 00:10:40.461 INF API: test started suite=0 test=104 name="interop/nested-callcode-outer1-value0-failed (reth_development)"
Sep 23 00:10:40.463 INF API: test ended suite=0 test=104 pass=false
Sep 23 00:10:40.463 INF API: test started suite=0 test=105 name="interop/nested-callcode-outer1-value0-success (reth_development)"
Sep 23 00:10:40.465 INF API: test ended suite=0 test=105 pass=false
Sep 23 00:10:40.776 INF API: test ended suite=0 test=91 pass=true
Sep 23 00:10:40.777 INF API: test started suite=0 test=106 name="client launch (reth_release)"
Sep 23 00:10:43.243 INF API: client reth_release started suite=0 test=106 container=7cf067f1
Sep 23 00:10:43.267 INF API: test started suite=0 test=107 name="interop/_control/create-nonce (reth_release)"
Sep 23 00:10:43.278 INF API: test ended suite=0 test=107 pass=false
Sep 23 00:10:43.279 INF API: test started suite=0 test=108 name="interop/_control/head (reth_release)"
Sep 23 00:10:43.288 INF API: test ended suite=0 test=108 pass=false
Sep 23 00:10:43.289 INF API: test started suite=0 test=109 name="interop/_control/target-balance (reth_release)"
Sep 23 00:10:43.292 INF API: test ended suite=0 test=109 pass=false
Sep 23 00:10:43.293 INF API: test started suite=0 test=110 name="interop/_control/target-code (reth_release)"
Sep 23 00:10:43.298 INF API: test ended suite=0 test=110 pass=false
Sep 23 00:10:43.299 INF API: test started suite=0 test=111 name="interop/_control/target-nonce (reth_release)"
Sep 23 00:10:43.300 INF API: test ended suite=0 test=111 pass=false
Sep 23 00:10:43.301 INF API: test started suite=0 test=112 name="interop/_control/version (reth_release)"
Sep 23 00:10:43.305 INF API: test ended suite=0 test=112 pass=false
Sep 23 00:10:43.306 INF API: test started suite=0 test=113 name="interop/nested-call-outer0-value1-failed (reth_release)"
Sep 23 00:10:43.319 INF API: test ended suite=0 test=113 pass=false
Sep 23 00:10:43.320 INF API: test started suite=0 test=114 name="interop/nested-call-outer0-value1-success (reth_release)"
Sep 23 00:10:43.322 INF API: test ended suite=0 test=114 pass=false
Sep 23 00:10:43.323 INF API: test started suite=0 test=115 name="interop/nested-call-outer1-value0-failed (reth_release)"
Sep 23 00:10:43.327 INF API: test ended suite=0 test=115 pass=false
Sep 23 00:10:43.328 INF API: test started suite=0 test=116 name="interop/nested-call-outer1-value0-success (reth_release)"
Sep 23 00:10:43.331 INF API: test ended suite=0 test=116 pass=false
Sep 23 00:10:43.332 INF API: test started suite=0 test=117 name="interop/nested-callcode-outer0-value1-failed (reth_release)"
Sep 23 00:10:43.335 INF API: test ended suite=0 test=117 pass=false
Sep 23 00:10:43.337 INF API: test started suite=0 test=118 name="interop/nested-callcode-outer0-value1-success (reth_release)"
Sep 23 00:10:43.341 INF API: test ended suite=0 test=118 pass=false
Sep 23 00:10:43.343 INF API: test started suite=0 test=119 name="interop/nested-callcode-outer1-value0-failed (reth_release)"
Sep 23 00:10:43.346 INF API: test ended suite=0 test=119 pass=false
Sep 23 00:10:43.348 INF API: test started suite=0 test=120 name="interop/nested-callcode-outer1-value0-success (reth_release)"
Sep 23 00:10:43.350 INF API: test ended suite=0 test=120 pass=false
Sep 23 00:10:43.727 INF API: test ended suite=0 test=106 pass=true
Sep 23 00:10:43.735 INF API: suite ended suite=0
Sep 23 00:10:44.160 INF simulation ethereum/rpc-compat finished suites=1 tests=120 failed=112
112 tests failed
