2026-09-24 11:22:45.592+0000 | main | INFO  | BlocksSubCommand | Import RLP block data from 1 files
2026-09-24 11:22:45.658+0000 | main | INFO  | KZGPointEvalPrecompiledContract | Loading network trusted setup from classpath resource /kzg-trusted-setups/mainnet.txt
2026-09-24 11:22:48.797+0000 | main | WARN  | Besu | Forcing --bonsai-limit-trie-logs-enabled=false, since it cannot be enabled with --sync-mode=FULL and --data-storage-format=BONSAI.
2026-09-24 11:22:49.512+0000 | main | WARN  | Besu | Forcing tx-pool-min-gas-price=1, since it cannot be greater than the value of min-gas-price
2026-09-24 11:22:49.548+0000 | main | INFO  | KeyPairUtil | Generated new secp256k1 public key 0xe80411d3e8933644ba9bc43e5e393b6477276c854f8dc38f99ae1c48123bbef436b446842b6d4a0666d6a9e38b04feb77b53133285512630f7f4a9b731a03673 and stored it to /opt/besu/key
2026-09-24 11:22:49.726+0000 | main | INFO  | ProtocolScheduleBuilder | Protocol schedule created with milestones: [Prague:0]
2026-09-24 11:22:49.730+0000 | main | INFO  | RocksDBKeyValueStorageFactory | No existing database at /opt/besu. Using default metadata for new db versionedStorageFormat=BaseVersionedStorageFormat{format=BONSAI, version=3}
2026-09-24 11:22:50.000+0000 | main | INFO  | FlatDbStrategyProvider | Flat db mode found FULL
2026-09-24 11:22:50.004+0000 | main | INFO  | FlatDbStrategyProvider | DB mode with code stored using code hash enabled = true
2026-09-24 11:22:50.018+0000 | main | INFO  | FlatDbStrategyProvider | Flat db mode found FULL
2026-09-24 11:22:50.019+0000 | main | INFO  | FlatDbStrategyProvider | DB mode with code stored using code hash enabled = true
2026-09-24 11:22:50.183+0000 | main | INFO  | BesuControllerBuilder | Adding ChainDataPruner to observe block added events
2026-09-24 11:22:50.186+0000 | main | INFO  | BesuControllerBuilder | BAL pruning enabled | BALs retained: 113056 | Frequency: 256
2026-09-24 11:22:50.213+0000 | main | INFO  | TransactionPoolFactory | Enabling transaction pool
2026-09-24 11:22:50.229+0000 | main | INFO  | EthPeers | Updating the default best peer comparator
2026-09-24 11:22:50.239+0000 | main | INFO  | BesuControllerBuilder | TTD difficulty is present, creating initial sync for PoS
2026-09-24 11:22:50.265+0000 | main | INFO  | BlocksSubCommand | Importing from /chain.rlp
2026-09-24 11:22:50.891+0000 | main | INFO  | RlpBlockImporter | Import at block 48 / 6719035 gas 600131 micros / Mgps 11.195947218190694 segment 11.196693501485608 cumulative
Setting logging level to INFO
2026-09-24 11:22:50.895+0000 | main | INFO  | Besu | Starting Besu
2026-09-24 11:22:51.072+0000 | main | WARN  | Besu | --graphql-http-host has been ignored because --graphql-http-enabled was not defined on the command line.
2026-09-24 11:22:51.142+0000 | main | INFO  | Besu | RPC HTTP JSON-RPC config: JsonRpcConfiguration{enabled=true, port=8545, host=0.0.0.0, corsAllowedDomains=[], hostsAllowlist=[*], rpcApis=[DEBUG, TRACE, ETH, NET, TXPOOL, WEB3, ADMIN, TESTING], authenticationEnabled=false, authenticationCredentialsFile=null, authenticationPublicKeyFile=null, tlsConfiguration=Optional.empty, httpTimeoutSec=30, maxActiveConnections=80, maxBatchSize=1024}
2026-09-24 11:22:51.144+0000 | main | INFO  | Besu | Engine JSON-RPC config: JsonRpcConfiguration{enabled=true, port=8551, host=0.0.0.0, corsAllowedDomains=[], hostsAllowlist=[*], rpcApis=[ENGINE, ETH], authenticationEnabled=true, authenticationCredentialsFile=null, authenticationPublicKeyFile=/jwtsecret, tlsConfiguration=Optional.empty, httpTimeoutSec=30, maxActiveConnections=80, maxBatchSize=1024}
2026-09-24 11:22:51.155+0000 | main | INFO  | Besu | Connecting to 0 static nodes.
2026-09-24 11:22:51.159+0000 | main | WARN  | Besu | Forcing tx-pool-min-gas-price=1, since it cannot be greater than the value of min-gas-price
2026-09-24 11:22:51.262+0000 | main | INFO  | Besu | 
####################################################################################################
#                                                                                                  #
# Besu version 26.9-develop-f9572aa                                                                #
#                                                                                                  #
# Configuration:                                                                                   #
# Network: Custom genesis file                                                                     #
# /genesis.json                                                                                    #
# Network Id: 3503995874084926                                                                     #
# Data storage: Bonsai                                                                             #
# RocksDB max open files: 1990 (derived from available resources)                                  #
# Sync mode: Full                                                                                  #
# Sync min peers: 5                                                                                #
# RPC HTTP APIs: DEBUG,TRACE,ETH,NET,TXPOOL,WEB3,ADMIN,TESTING                                     #
# RPC HTTP port: 8545                                                                              #
# Engine APIs: ENGINE,ETH                                                                          #
# Engine port: 8551                                                                                #
# Engine JWT: /jwtsecret                                                                           #
# Using LAYERED transaction pool implementation                                                    #
# Using STACKED worldstate update mode                                                             #
# Opcode optimizations enabled                                                                     #
# Parallel transaction processing enabled                                                          #
# BAL pruning enabled (retained BALs: 113056)                                                      #
# Target Gas Limit: 60M                                                                            #
#                                                                                                  #
# Host:                                                                                            #
# Java: openjdk-java-25                                                                            #
# Maximum heap size: 23.41 GB                                                                      #
# OS: linux-x86_64                                                                                 #
# glibc: 2.39                                                                                      #
# jemalloc: 5.3.0-0-g54eaed1d8b56b1aa528be3bdd1877e59c56fa90c                                      #
# Total memory: 93.60 GB                                                                           #
# CPU cores: 22                                                                                    #
#                                                                                                  #
# Plugin Registration Summary:                                                                     #
# No plugins have been registered.                                                                 #
# TOTAL = 0 of 0 plugins successfully registered.                                                  #
#                                                                                                  #
####################################################################################################
2026-09-24 11:22:51.263+0000 | main | INFO  | Besu | Security Module: localfile
2026-09-24 11:22:51.263+0000 | main | INFO  | VersionMetadata | Lookup version metadata file in data directory: /opt/besu
2026-09-24 11:22:51.264+0000 | main | INFO  | VersionMetadata | No version data detected. Writing Besu version 26.9-develop-f9572aa to metadata file
2026-09-24 11:22:51.270+0000 | main | INFO  | Besu | Using the native implementation of alt bn128
2026-09-24 11:22:51.271+0000 | main | INFO  | Besu | Using the Java implementation of modexp
2026-09-24 11:22:51.271+0000 | main | INFO  | Besu | Using the native implementation of the signature algorithm
2026-09-24 11:22:51.274+0000 | main | INFO  | Besu | Using the native implementation of the blake2bf algorithm
2026-09-24 11:22:51.409+0000 | main | INFO  | Besu | Using the native BoringSSL implementation of p256verify
2026-09-24 11:22:51.453+0000 | main | WARN  | Besu | Forcing tx-pool-min-gas-price=1, since it cannot be greater than the value of min-gas-price
2026-09-24 11:22:51.455+0000 | main | INFO  | ProtocolScheduleBuilder | Protocol schedule created with milestones: [Prague:0]
2026-09-24 11:22:51.455+0000 | main | INFO  | FlatDbStrategyProvider | Flat db mode found FULL
2026-09-24 11:22:51.455+0000 | main | INFO  | FlatDbStrategyProvider | DB mode with code stored using code hash enabled = true
2026-09-24 11:22:51.456+0000 | main | INFO  | FlatDbStrategyProvider | Flat db mode found FULL
2026-09-24 11:22:51.456+0000 | main | INFO  | FlatDbStrategyProvider | DB mode with code stored using code hash enabled = true
2026-09-24 11:22:51.464+0000 | main | INFO  | BesuControllerBuilder | Adding ChainDataPruner to observe block added events
2026-09-24 11:22:51.464+0000 | main | INFO  | BesuControllerBuilder | BAL pruning enabled | BALs retained: 113056 | Frequency: 256
2026-09-24 11:22:51.465+0000 | main | INFO  | TransactionPoolFactory | Enabling transaction pool
2026-09-24 11:22:51.466+0000 | main | INFO  | EthPeers | Updating the default best peer comparator
2026-09-24 11:22:51.466+0000 | main | INFO  | BesuControllerBuilder | TTD difficulty is present, creating initial sync for PoS
2026-09-24 11:22:51.467+0000 | main | INFO  | RunnerBuilder | Resolved 0 bootnodes.
2026-09-24 11:22:51.477+0000 | main | INFO  | RunnerBuilder | Detecting NAT service.
2026-09-24 11:22:51.506+0000 | main | INFO  | CompositePeerDiscoveryAgentFactory | Peer discovery mode: BOTH (requested=BOTH, V4=true, V5=true)
2026-09-24 11:22:51.795+0000 | main | INFO  | Runner | Starting external services ... 
2026-09-24 11:22:51.795+0000 | main | INFO  | JsonRpcHttpService | Starting JSON-RPC service on 0.0.0.0:8545
2026-09-24 11:22:51.873+0000 | main | INFO  | EngineJsonRpcService | Starting JSON-RPC service on 0.0.0.0:8551
2026-09-24 11:22:51.873+0000 | vert.x-eventloop-thread-1 | INFO  | JsonRpcHttpService | JSON-RPC service started and listening on 0.0.0.0:8545
2026-09-24 11:22:51.877+0000 | vert.x-eventloop-thread-1 | INFO  | EngineJsonRpcService | JSON-RPC service started and listening on 0.0.0.0:8551
2026-09-24 11:22:51.878+0000 | main | INFO  | WebSocketService | Starting Websocket service on 0.0.0.0:8546
2026-09-24 11:22:51.880+0000 | vert.x-eventloop-thread-1 | INFO  | WebSocketService | Websocket service started and listening on 0.0.0.0:8546
2026-09-24 11:22:51.881+0000 | main | INFO  | AutoTransactionLogBloomCachingService | Starting auto transaction log bloom caching service.
2026-09-24 11:22:51.882+0000 | main | INFO  | LogBloomCacheMetadata | Lookup cache metadata file in data directory: /opt/besu/caches
2026-09-24 11:22:51.892+0000 | main | INFO  | Runner | Starting Ethereum main loop ... 
2026-09-24 11:22:51.893+0000 | main | INFO  | DockerNatManager | Starting docker NAT manager.
2026-09-24 11:22:51.902+0000 | main | INFO  | NetworkRunner | Starting Network.
2026-09-24 11:22:51.912+0000 | nioEventLoopGroup-2-1 | INFO  | RlpxAgent | P2P RLPx agent started and listening on /[0:0:0:0:0:0:0:0]:30303.
2026-09-24 11:22:51.912+0000 | main | INFO  | CompositePeerDiscoveryAgent | Starting discovery on shared UDP socket (V4 + V5)
2026-09-24 11:22:51.929+0000 | disc-shared-eventloop | INFO  | PeerDiscoveryAgentV4 | Starting peer discovery agent on host=0.0.0.0, port=30303. IPv6 available.
2026-09-24 11:22:51.959+0000 | disc-shared-eventloop | INFO  | NodeRecordManager | Writing node record to disk. NodeRecord{seq=1, publicKey=0x03e80411d3e8933644ba9bc43e5e393b6477276c854f8dc38f99ae1c48123bbef4, udpAddress=Optional[/127.0.0.1:30303], tcpAddress=Optional[/127.0.0.1:30303], quicAddress=Optional.empty, udp6Address=Optional.empty, tcp6Address=Optional.empty, quic6Address=Optional.empty, asBase64=-Je4QPAgTvItKiNPuMDInuC9YUkvtsmRY_7Xab7FcVvlwq86JBCmxvHdldwj_lgWUo9jZLFHepH8DolCIWCikWibVxoBg2V0aMfGhEZU-baAgmlkgnY0gmlwhH8AAAGJc2VjcDI1NmsxoQPoBBHT6JM2RLqbxD5eOTtkdydshU-Nw4-ZrhxIEju-9IN0Y3CCdl-DdWRwgnZf, nodeId=0x9a93fa2cf355b5b38f78b4f689ecf86eabd4c7ba843586b121a7c729b98527df, customFields={tcp=30303, udp=30303, eth=[[0x4654f9b6, 0x]], id=V4, ip=0x7f000001, secp256k1=0x03e80411d3e8933644ba9bc43e5e393b6477276c854f8dc38f99ae1c48123bbef4}}
2026-09-24 11:22:51.973+0000 | disc-shared-eventloop | INFO  | PeerDiscoveryAgentV4 | P2P peer discovery agent started and listening on /0.0.0.0:30303
2026-09-24 11:22:51.973+0000 | disc-shared-eventloop | INFO  | PeerDiscoveryAgentV5 | Starting DiscV5 peer discovery agent ...
2026-09-24 11:22:52.048+0000 | disc-shared-eventloop | INFO  | NettyDiscoveryClientImpl | UDP discovery client started
2026-09-24 11:22:52.051+0000 | disc-shared-eventloop | INFO  | PeerDiscoveryAgentV5 | P2P DiscV5 peer discovery agent started and listening on 30303
2026-09-24 11:22:52.053+0000 | main | INFO  | DefaultP2PNetwork | Enode URL enode://e80411d3e8933644ba9bc43e5e393b6477276c854f8dc38f99ae1c48123bbef436b446842b6d4a0666d6a9e38b04feb77b53133285512630f7f4a9b731a03673@127.0.0.1:30303
2026-09-24 11:22:52.054+0000 | main | INFO  | DefaultP2PNetwork | ENR URL enr:-Je4QPAgTvItKiNPuMDInuC9YUkvtsmRY_7Xab7FcVvlwq86JBCmxvHdldwj_lgWUo9jZLFHepH8DolCIWCikWibVxoBg2V0aMfGhEZU-baAgmlkgnY0gmlwhH8AAAGJc2VjcDI1NmsxoQPoBBHT6JM2RLqbxD5eOTtkdydshU-Nw4-ZrhxIEju-9IN0Y3CCdl-DdWRwgnZf
2026-09-24 11:22:52.054+0000 | main | INFO  | DefaultP2PNetwork | Node address 0x89ecf86eabd4c7ba843586b121a7c729b98527df
2026-09-24 11:22:52.061+0000 | main | INFO  | NetworkRunner | Supported capabilities: [eth/68, eth/69, eth/70, eth/71], [snap/1]
2026-09-24 11:22:52.061+0000 | main | INFO  | DefaultSynchronizer | Starting synchronizer.
2026-09-24 11:22:52.065+0000 | main | INFO  | TransactionPoolFactory | Enabling transaction handling following initial sync
2026-09-24 11:22:52.066+0000 | main | INFO  | SnapServer | Starting SnapServer with Bonsai full flat db
2026-09-24 11:22:52.071+0000 | main | INFO  | DefaultSynchronizer | Stopping block propagation.
2026-09-24 11:22:52.072+0000 | main | INFO  | DefaultSynchronizer | Stopping the pruner.
2026-09-24 11:22:52.073+0000 | main | INFO  | Runner | Ethereum main loop is up.
2026-09-24 11:22:52.166+0000 | engine-ordered-execution-0 | INFO  | EngineForkchoiceUpdatedV3 | FCU(VALID) | head: f0b15.....15e84 | safe: f0b15.....15e84 | finalized: 9901d.....7d54c
2026-09-24 11:22:52.575+0000 | vert.x-worker-thread-15 | ERROR | BaseJsonRpcProcessor | Error processing method: trace_filter [{"fromBlock":"pending","toBlock":"pending","count":3}]
java.lang.IllegalStateException: Unknown block parameter type.
	at org.hyperledger.besu.ethereum.api.jsonrpc.internal.methods.TraceFilter.resolveBlockNumber(TraceFilter.java:281)
	at org.hyperledger.besu.ethereum.api.jsonrpc.internal.methods.TraceFilter.response(TraceFilter.java:105)
	at org.hyperledger.besu.ethereum.api.jsonrpc.execution.BaseJsonRpcProcessor.process(BaseJsonRpcProcessor.java:48)
	at org.hyperledger.besu.ethereum.api.jsonrpc.execution.TracedJsonRpcProcessor.process(TracedJsonRpcProcessor.java:59)
	at org.hyperledger.besu.ethereum.api.jsonrpc.execution.TimedJsonRpcProcessor.process(TimedJsonRpcProcessor.java:49)
	at org.hyperledger.besu.ethereum.api.jsonrpc.execution.JsonRpcExecutor.execute(JsonRpcExecutor.java:81)
	at org.hyperledger.besu.ethereum.api.handlers.AbstractJsonRpcExecutor.executeRequest(AbstractJsonRpcExecutor.java:86)
	at org.hyperledger.besu.ethereum.api.handlers.JsonRpcObjectExecutor.execute(JsonRpcObjectExecutor.java:64)
	at org.hyperledger.besu.ethereum.api.handlers.JsonRpcExecutorHandler.lambda$handler$2(JsonRpcExecutorHandler.java:71)
	at java.base/java.util.Optional.ifPresentOrElse(Optional.java:196)
	at org.hyperledger.besu.ethereum.api.handlers.JsonRpcExecutorHandler.lambda$handler$0(JsonRpcExecutorHandler.java:68)
	at io.vertx.ext.web.impl.BlockingHandlerDecorator.lambda$handle$0(BlockingHandlerDecorator.java:48)
	at io.vertx.core.impl.ExecuteBlocking$1.execute(ExecuteBlocking.java:36)
	at io.vertx.core.impl.WorkerTask.run(WorkerTask.java:57)
	at java.base/java.util.concurrent.ThreadPoolExecutor.runWorker(ThreadPoolExecutor.java:1090)
	at java.base/java.util.concurrent.ThreadPoolExecutor$Worker.run(ThreadPoolExecutor.java:614)
	at io.netty.util.concurrent.FastThreadLocalRunnable.run(FastThreadLocalRunnable.java:30)
	at java.base/java.lang.Thread.run(Thread.java:1474)
2026-09-24 11:22:52.592+0000 | vert.x-worker-thread-16 | ERROR | BaseJsonRpcProcessor | Error processing method: trace_filter [{"fromBlock":"safe","toBlock":"safe","count":3}]
java.lang.IllegalStateException: Unknown block parameter type.
	at org.hyperledger.besu.ethereum.api.jsonrpc.internal.methods.TraceFilter.resolveBlockNumber(TraceFilter.java:281)
	at org.hyperledger.besu.ethereum.api.jsonrpc.internal.methods.TraceFilter.response(TraceFilter.java:105)
	at org.hyperledger.besu.ethereum.api.jsonrpc.execution.BaseJsonRpcProcessor.process(BaseJsonRpcProcessor.java:48)
	at org.hyperledger.besu.ethereum.api.jsonrpc.execution.TracedJsonRpcProcessor.process(TracedJsonRpcProcessor.java:59)
	at org.hyperledger.besu.ethereum.api.jsonrpc.execution.TimedJsonRpcProcessor.process(TimedJsonRpcProcessor.java:49)
	at org.hyperledger.besu.ethereum.api.jsonrpc.execution.JsonRpcExecutor.execute(JsonRpcExecutor.java:81)
	at org.hyperledger.besu.ethereum.api.handlers.AbstractJsonRpcExecutor.executeRequest(AbstractJsonRpcExecutor.java:86)
	at org.hyperledger.besu.ethereum.api.handlers.JsonRpcObjectExecutor.execute(JsonRpcObjectExecutor.java:64)
	at org.hyperledger.besu.ethereum.api.handlers.JsonRpcExecutorHandler.lambda$handler$2(JsonRpcExecutorHandler.java:71)
	at java.base/java.util.Optional.ifPresentOrElse(Optional.java:196)
	at org.hyperledger.besu.ethereum.api.handlers.JsonRpcExecutorHandler.lambda$handler$0(JsonRpcExecutorHandler.java:68)
	at io.vertx.ext.web.impl.BlockingHandlerDecorator.lambda$handle$0(BlockingHandlerDecorator.java:48)
	at io.vertx.core.impl.ExecuteBlocking$1.execute(ExecuteBlocking.java:36)
	at io.vertx.core.impl.WorkerTask.run(WorkerTask.java:57)
	at java.base/java.util.concurrent.ThreadPoolExecutor.runWorker(ThreadPoolExecutor.java:1090)
	at java.base/java.util.concurrent.ThreadPoolExecutor$Worker.run(ThreadPoolExecutor.java:614)
	at io.netty.util.concurrent.FastThreadLocalRunnable.run(FastThreadLocalRunnable.java:30)
	at java.base/java.lang.Thread.run(Thread.java:1474)
