Sep 23 03:00:21.583 INF building image image=hive/hiveproxy nocache=false pull=false
Sep 23 03:00:21.714 INF building 8 clients...
Sep 23 03:00:21.714 INF building image image=hive/clients/besu_development:latest dir=clients/besu nocache=false pull=false baseimage=trace-interop/besu tag=a85249905183f65c98c9e8c282955e40487c4ff8af8db8b8e306d58292231744
Sep 23 03:00:21.837 INF building image image=hive/clients/besu_release:latest dir=clients/besu nocache=false pull=false baseimage=trace-interop/besu tag=f3713c713ca4f9e89c09e1478d2a85116ba9ce8343129d709420ba2af009598b
Sep 23 03:00:21.963 INF building image image=hive/clients/erigon_development:latest dir=clients/erigon nocache=false pull=false baseimage=trace-interop/erigon tag=8269576669f1b4a55572ee7d1a7e4489244cd57bb545293391d1ebd5e0fac002
Sep 23 03:00:22.096 INF building image image=hive/clients/erigon_release:latest dir=clients/erigon nocache=false pull=false baseimage=trace-interop/erigon tag=8668d9c5adc01ad1d12aa25380e384079080bdde7e0ce93f11bed422d82ca0ac
Sep 23 03:01:20.099 INF building image image=hive/clients/nethermind_development:latest dir=clients/nethermind nocache=false pull=false baseimage=trace-interop/nethermind tag=e68f6cd253c312443b306b7e1e61381a38fd174dd16fe7e9bc55487245718182
Sep 23 03:01:20.246 INF building image image=hive/clients/nethermind_release:latest dir=clients/nethermind nocache=false pull=false baseimage=trace-interop/nethermind tag=a5098d75bfa8d4da1992ba8404b357fde6d53241315396e26b88e16e5f67bb59
Sep 23 03:01:20.389 INF building image image=hive/clients/reth_development:latest dir=clients/reth nocache=false pull=false baseimage=trace-interop/reth tag=1d6a97ef686d7c6099c5426c77334ca5891ce5d362fe5f3049ac2ea0df76de86
Sep 23 03:01:20.507 INF building image image=hive/clients/reth_release:latest dir=clients/reth nocache=false pull=false baseimage=trace-interop/reth tag=e939dc4a471d9d27224e430f607a954d692ca5037a1350ee2036397d14532ca7
Sep 23 03:01:20.645 INF building 1 simulators...
Sep 23 03:01:20.645 INF building image image=hive/simulators/ethereum/rpc-compat:latest dir=simulators/ethereum/rpc-compat nocache=false pull=false
Sep 23 03:01:21.120 INF creating output directory folder=/home/banteg/dev/trace-harness-audit/evidence/2026-09-23/harness-audit-native-repeat/hive
Sep 23 03:01:21.130 INF running simulation: ethereum/rpc-compat
Sep 23 03:01:21.431 INF hiveproxy started container=e43b74cd22d5 addr=172.17.0.2:8081
Sep 23 03:01:21.748 INF API: suite started suite=0 name=rpc-compat
Sep 23 03:01:21.750 INF API: test started suite=0 test=1 name="client launch (besu_development)"
Sep 23 03:01:31.375 INF API: client besu_development started suite=0 test=1 container=50158253
Sep 23 03:01:31.634 INF API: test started suite=0 test=2 name="interop/_control/head (besu_development)"
Sep 23 03:01:31.650 INF API: test ended suite=0 test=2 pass=false
Sep 23 03:01:31.651 INF API: test started suite=0 test=3 name="interop/_control/latest (besu_development)"
Sep 23 03:01:31.656 INF API: test ended suite=0 test=3 pass=false
Sep 23 03:01:31.657 INF API: test started suite=0 test=4 name="interop/_control/version (besu_development)"
Sep 23 03:01:31.661 INF API: test ended suite=0 test=4 pass=false
Sep 23 03:01:31.662 INF API: test started suite=0 test=5 name="interop/auth-clear (besu_development)"
Sep 23 03:01:31.726 INF API: test ended suite=0 test=5 pass=false
Sep 23 03:01:31.727 INF API: test started suite=0 test=6 name="interop/auth-set-revert (besu_development)"
Sep 23 03:01:31.751 INF API: test ended suite=0 test=6 pass=false
Sep 23 03:01:31.752 INF API: test started suite=0 test=7 name="interop/call-gas7400 (besu_development)"
Sep 23 03:01:31.825 INF API: test ended suite=0 test=7 pass=false
Sep 23 03:01:31.827 INF API: test started suite=0 test=8 name="interop/call-mcopy (besu_development)"
Sep 23 03:01:31.849 INF API: test ended suite=0 test=8 pass=false
Sep 23 03:01:31.851 INF API: test started suite=0 test=9 name="interop/call-mixed-create (besu_development)"
Sep 23 03:01:31.877 INF API: test ended suite=0 test=9 pass=false
Sep 23 03:01:31.879 INF API: test started suite=0 test=10 name="interop/call-return42 (besu_development)"
Sep 23 03:01:31.890 INF API: test ended suite=0 test=10 pass=false
Sep 23 03:01:31.891 INF API: test started suite=0 test=11 name="interop/call-siblings-revert-ok (besu_development)"
Sep 23 03:01:31.905 INF API: test ended suite=0 test=11 pass=false
Sep 23 03:01:31.905 INF API: test started suite=0 test=12 name="interop/constructor (besu_development)"
Sep 23 03:01:31.914 INF API: test ended suite=0 test=12 pass=false
Sep 23 03:01:31.915 INF API: test started suite=0 test=13 name="interop/control-code-gas7400 (besu_development)"
Sep 23 03:01:31.925 INF API: test ended suite=0 test=13 pass=false
Sep 23 03:01:31.926 INF API: test started suite=0 test=14 name="interop/control-code-siblings-revert-ok (besu_development)"
Sep 23 03:01:31.930 INF API: test ended suite=0 test=14 pass=false
Sep 23 03:01:31.931 INF API: test started suite=0 test=15 name="interop/control-head (besu_development)"
Sep 23 03:01:31.937 INF API: test ended suite=0 test=15 pass=false
Sep 23 03:01:31.938 INF API: test started suite=0 test=16 name="interop/control-height (besu_development)"
Sep 23 03:01:31.943 INF API: test ended suite=0 test=16 pass=false
Sep 23 03:01:31.944 INF API: test started suite=0 test=17 name="interop/debug-gas7400-opcodes (besu_development)"
Sep 23 03:01:31.973 INF API: test ended suite=0 test=17 pass=false
Sep 23 03:01:31.975 INF API: test started suite=0 test=18 name="interop/debug-mixed-create (besu_development)"
Sep 23 03:01:31.994 INF API: test ended suite=0 test=18 pass=false
Sep 23 03:01:31.995 INF API: test started suite=0 test=19 name="interop/debug-siblings-revert-ok (besu_development)"
Sep 23 03:01:32.002 INF API: test ended suite=0 test=19 pass=false
Sep 23 03:01:32.003 INF API: test started suite=0 test=20 name="interop/many-storage-write-revert-read (besu_development)"
Sep 23 03:01:32.034 INF API: test ended suite=0 test=20 pass=false
Sep 23 03:01:32.035 INF API: test started suite=0 test=21 name="interop/raw-below-basefee-stateDiff (besu_development)"
Sep 23 03:01:32.040 INF API: test ended suite=0 test=21 pass=false
Sep 23 03:01:32.041 INF API: test started suite=0 test=22 name="interop/raw-below-basefee-trace (besu_development)"
Sep 23 03:01:32.045 INF API: test ended suite=0 test=22 pass=false
Sep 23 03:01:32.046 INF API: test started suite=0 test=23 name="interop/raw-below-basefee-vmTrace (besu_development)"
Sep 23 03:01:32.049 INF API: test ended suite=0 test=23 pass=false
Sep 23 03:01:32.050 INF API: test started suite=0 test=24 name="interop/raw-below-basefee (besu_development)"
Sep 23 03:01:32.053 INF API: test ended suite=0 test=24 pass=false
Sep 23 03:01:32.054 INF API: test started suite=0 test=25 name="interop/raw-insufficient-funds-stateDiff (besu_development)"
Sep 23 03:01:32.058 INF API: test ended suite=0 test=25 pass=false
Sep 23 03:01:32.059 INF API: test started suite=0 test=26 name="interop/raw-insufficient-funds-trace (besu_development)"
Sep 23 03:01:32.062 INF API: test ended suite=0 test=26 pass=false
Sep 23 03:01:32.063 INF API: test started suite=0 test=27 name="interop/raw-insufficient-funds-vmTrace (besu_development)"
Sep 23 03:01:32.067 INF API: test ended suite=0 test=27 pass=false
Sep 23 03:01:32.068 INF API: test started suite=0 test=28 name="interop/raw-insufficient-funds (besu_development)"
Sep 23 03:01:32.071 INF API: test ended suite=0 test=28 pass=false
Sep 23 03:01:32.072 INF API: test started suite=0 test=29 name="interop/raw-low-gas-stateDiff (besu_development)"
Sep 23 03:01:32.076 INF API: test ended suite=0 test=29 pass=false
Sep 23 03:01:32.076 INF API: test started suite=0 test=30 name="interop/raw-low-gas-trace (besu_development)"
Sep 23 03:01:32.080 INF API: test ended suite=0 test=30 pass=false
Sep 23 03:01:32.080 INF API: test started suite=0 test=31 name="interop/raw-low-gas-vmTrace (besu_development)"
Sep 23 03:01:32.084 INF API: test ended suite=0 test=31 pass=false
Sep 23 03:01:32.085 INF API: test started suite=0 test=32 name="interop/raw-low-gas (besu_development)"
Sep 23 03:01:32.088 INF API: test ended suite=0 test=32 pass=false
Sep 23 03:01:32.089 INF API: test started suite=0 test=33 name="interop/raw-nonce-high-stateDiff (besu_development)"
Sep 23 03:01:32.092 INF API: test ended suite=0 test=33 pass=false
Sep 23 03:01:32.093 INF API: test started suite=0 test=34 name="interop/raw-nonce-high-trace (besu_development)"
Sep 23 03:01:32.097 INF API: test ended suite=0 test=34 pass=false
Sep 23 03:01:32.098 INF API: test started suite=0 test=35 name="interop/raw-nonce-high-vmTrace (besu_development)"
Sep 23 03:01:32.102 INF API: test ended suite=0 test=35 pass=false
Sep 23 03:01:32.103 INF API: test started suite=0 test=36 name="interop/raw-nonce-high (besu_development)"
Sep 23 03:01:32.108 INF API: test ended suite=0 test=36 pass=false
Sep 23 03:01:32.109 INF API: test started suite=0 test=37 name="interop/raw-valid-stateDiff (besu_development)"
Sep 23 03:01:32.113 INF API: test ended suite=0 test=37 pass=false
Sep 23 03:01:32.114 INF API: test started suite=0 test=38 name="interop/raw-valid-trace (besu_development)"
Sep 23 03:01:32.118 INF API: test ended suite=0 test=38 pass=false
Sep 23 03:01:32.119 INF API: test started suite=0 test=39 name="interop/raw-valid-vmTrace (besu_development)"
Sep 23 03:01:32.124 INF API: test ended suite=0 test=39 pass=false
Sep 23 03:01:32.125 INF API: test started suite=0 test=40 name="interop/raw-valid (besu_development)"
Sep 23 03:01:32.130 INF API: test ended suite=0 test=40 pass=false
Sep 23 03:01:32.131 INF API: test started suite=0 test=41 name="interop/raw-wrong-chain-stateDiff (besu_development)"
Sep 23 03:01:32.136 INF API: test ended suite=0 test=41 pass=false
Sep 23 03:01:32.136 INF API: test started suite=0 test=42 name="interop/raw-wrong-chain-trace (besu_development)"
Sep 23 03:01:32.143 INF API: test ended suite=0 test=42 pass=false
Sep 23 03:01:32.144 INF API: test started suite=0 test=43 name="interop/raw-wrong-chain-vmTrace (besu_development)"
Sep 23 03:01:32.151 INF API: test ended suite=0 test=43 pass=false
Sep 23 03:01:32.152 INF API: test started suite=0 test=44 name="interop/raw-wrong-chain (besu_development)"
Sep 23 03:01:32.157 INF API: test ended suite=0 test=44 pass=false
Sep 23 03:01:32.157 INF API: test started suite=0 test=45 name="interop/state-only-nonempty-output (besu_development)"
Sep 23 03:01:32.163 INF API: test ended suite=0 test=45 pass=false
Sep 23 03:01:32.539 INF API: test ended suite=0 test=1 pass=true
Sep 23 03:01:32.540 INF API: test started suite=0 test=46 name="client launch (besu_release)"
Sep 23 03:01:42.259 INF API: client besu_release started suite=0 test=46 container=b6f7b2ac
Sep 23 03:01:42.503 INF API: test started suite=0 test=47 name="interop/_control/head (besu_release)"
Sep 23 03:01:42.518 INF API: test ended suite=0 test=47 pass=false
Sep 23 03:01:42.519 INF API: test started suite=0 test=48 name="interop/_control/latest (besu_release)"
Sep 23 03:01:42.525 INF API: test ended suite=0 test=48 pass=false
Sep 23 03:01:42.526 INF API: test started suite=0 test=49 name="interop/_control/version (besu_release)"
Sep 23 03:01:42.530 INF API: test ended suite=0 test=49 pass=false
Sep 23 03:01:42.531 INF API: test started suite=0 test=50 name="interop/auth-clear (besu_release)"
Sep 23 03:01:42.594 INF API: test ended suite=0 test=50 pass=false
Sep 23 03:01:42.596 INF API: test started suite=0 test=51 name="interop/auth-set-revert (besu_release)"
Sep 23 03:01:42.627 INF API: test ended suite=0 test=51 pass=false
Sep 23 03:01:42.628 INF API: test started suite=0 test=52 name="interop/call-gas7400 (besu_release)"
Sep 23 03:01:42.694 INF API: test ended suite=0 test=52 pass=false
Sep 23 03:01:42.696 INF API: test started suite=0 test=53 name="interop/call-mcopy (besu_release)"
Sep 23 03:01:42.705 INF API: test ended suite=0 test=53 pass=false
Sep 23 03:01:42.706 INF API: test started suite=0 test=54 name="interop/call-mixed-create (besu_release)"
Sep 23 03:01:42.721 INF API: test ended suite=0 test=54 pass=false
Sep 23 03:01:42.722 INF API: test started suite=0 test=55 name="interop/call-return42 (besu_release)"
Sep 23 03:01:42.731 INF API: test ended suite=0 test=55 pass=false
Sep 23 03:01:42.732 INF API: test started suite=0 test=56 name="interop/call-siblings-revert-ok (besu_release)"
Sep 23 03:01:42.745 INF API: test ended suite=0 test=56 pass=false
Sep 23 03:01:42.746 INF API: test started suite=0 test=57 name="interop/constructor (besu_release)"
Sep 23 03:01:42.754 INF API: test ended suite=0 test=57 pass=false
Sep 23 03:01:42.755 INF API: test started suite=0 test=58 name="interop/control-code-gas7400 (besu_release)"
Sep 23 03:01:42.766 INF API: test ended suite=0 test=58 pass=false
Sep 23 03:01:42.767 INF API: test started suite=0 test=59 name="interop/control-code-siblings-revert-ok (besu_release)"
Sep 23 03:01:42.771 INF API: test ended suite=0 test=59 pass=false
Sep 23 03:01:42.772 INF API: test started suite=0 test=60 name="interop/control-head (besu_release)"
Sep 23 03:01:42.778 INF API: test ended suite=0 test=60 pass=false
Sep 23 03:01:42.779 INF API: test started suite=0 test=61 name="interop/control-height (besu_release)"
Sep 23 03:01:42.783 INF API: test ended suite=0 test=61 pass=false
Sep 23 03:01:42.784 INF API: test started suite=0 test=62 name="interop/debug-gas7400-opcodes (besu_release)"
Sep 23 03:01:42.813 INF API: test ended suite=0 test=62 pass=false
Sep 23 03:01:42.814 INF API: test started suite=0 test=63 name="interop/debug-mixed-create (besu_release)"
Sep 23 03:01:42.830 INF API: test ended suite=0 test=63 pass=false
Sep 23 03:01:42.831 INF API: test started suite=0 test=64 name="interop/debug-siblings-revert-ok (besu_release)"
Sep 23 03:01:42.839 INF API: test ended suite=0 test=64 pass=false
Sep 23 03:01:42.840 INF API: test started suite=0 test=65 name="interop/many-storage-write-revert-read (besu_release)"
Sep 23 03:01:42.870 INF API: test ended suite=0 test=65 pass=false
Sep 23 03:01:42.872 INF API: test started suite=0 test=66 name="interop/raw-below-basefee-stateDiff (besu_release)"
Sep 23 03:01:42.877 INF API: test ended suite=0 test=66 pass=false
Sep 23 03:01:42.878 INF API: test started suite=0 test=67 name="interop/raw-below-basefee-trace (besu_release)"
Sep 23 03:01:42.887 INF API: test ended suite=0 test=67 pass=false
Sep 23 03:01:42.888 INF API: test started suite=0 test=68 name="interop/raw-below-basefee-vmTrace (besu_release)"
Sep 23 03:01:42.894 INF API: test ended suite=0 test=68 pass=false
Sep 23 03:01:42.894 INF API: test started suite=0 test=69 name="interop/raw-below-basefee (besu_release)"
Sep 23 03:01:42.899 INF API: test ended suite=0 test=69 pass=false
Sep 23 03:01:42.900 INF API: test started suite=0 test=70 name="interop/raw-insufficient-funds-stateDiff (besu_release)"
Sep 23 03:01:42.904 INF API: test ended suite=0 test=70 pass=false
Sep 23 03:01:42.905 INF API: test started suite=0 test=71 name="interop/raw-insufficient-funds-trace (besu_release)"
Sep 23 03:01:42.909 INF API: test ended suite=0 test=71 pass=false
Sep 23 03:01:42.910 INF API: test started suite=0 test=72 name="interop/raw-insufficient-funds-vmTrace (besu_release)"
Sep 23 03:01:42.913 INF API: test ended suite=0 test=72 pass=false
Sep 23 03:01:42.914 INF API: test started suite=0 test=73 name="interop/raw-insufficient-funds (besu_release)"
Sep 23 03:01:42.918 INF API: test ended suite=0 test=73 pass=false
Sep 23 03:01:42.918 INF API: test started suite=0 test=74 name="interop/raw-low-gas-stateDiff (besu_release)"
Sep 23 03:01:42.922 INF API: test ended suite=0 test=74 pass=false
Sep 23 03:01:42.923 INF API: test started suite=0 test=75 name="interop/raw-low-gas-trace (besu_release)"
Sep 23 03:01:42.927 INF API: test ended suite=0 test=75 pass=false
Sep 23 03:01:42.928 INF API: test started suite=0 test=76 name="interop/raw-low-gas-vmTrace (besu_release)"
Sep 23 03:01:42.931 INF API: test ended suite=0 test=76 pass=false
Sep 23 03:01:42.932 INF API: test started suite=0 test=77 name="interop/raw-low-gas (besu_release)"
Sep 23 03:01:42.937 INF API: test ended suite=0 test=77 pass=false
Sep 23 03:01:42.938 INF API: test started suite=0 test=78 name="interop/raw-nonce-high-stateDiff (besu_release)"
Sep 23 03:01:42.942 INF API: test ended suite=0 test=78 pass=false
Sep 23 03:01:42.943 INF API: test started suite=0 test=79 name="interop/raw-nonce-high-trace (besu_release)"
Sep 23 03:01:42.946 INF API: test ended suite=0 test=79 pass=false
Sep 23 03:01:42.947 INF API: test started suite=0 test=80 name="interop/raw-nonce-high-vmTrace (besu_release)"
Sep 23 03:01:42.952 INF API: test ended suite=0 test=80 pass=false
Sep 23 03:01:42.953 INF API: test started suite=0 test=81 name="interop/raw-nonce-high (besu_release)"
Sep 23 03:01:42.958 INF API: test ended suite=0 test=81 pass=false
Sep 23 03:01:42.959 INF API: test started suite=0 test=82 name="interop/raw-valid-stateDiff (besu_release)"
Sep 23 03:01:42.966 INF API: test ended suite=0 test=82 pass=false
Sep 23 03:01:42.967 INF API: test started suite=0 test=83 name="interop/raw-valid-trace (besu_release)"
Sep 23 03:01:42.972 INF API: test ended suite=0 test=83 pass=false
Sep 23 03:01:42.973 INF API: test started suite=0 test=84 name="interop/raw-valid-vmTrace (besu_release)"
Sep 23 03:01:42.977 INF API: test ended suite=0 test=84 pass=false
Sep 23 03:01:42.979 INF API: test started suite=0 test=85 name="interop/raw-valid (besu_release)"
Sep 23 03:01:42.984 INF API: test ended suite=0 test=85 pass=false
Sep 23 03:01:42.984 INF API: test started suite=0 test=86 name="interop/raw-wrong-chain-stateDiff (besu_release)"
Sep 23 03:01:42.989 INF API: test ended suite=0 test=86 pass=false
Sep 23 03:01:42.989 INF API: test started suite=0 test=87 name="interop/raw-wrong-chain-trace (besu_release)"
Sep 23 03:01:42.993 INF API: test ended suite=0 test=87 pass=false
Sep 23 03:01:42.994 INF API: test started suite=0 test=88 name="interop/raw-wrong-chain-vmTrace (besu_release)"
Sep 23 03:01:42.997 INF API: test ended suite=0 test=88 pass=false
Sep 23 03:01:42.998 INF API: test started suite=0 test=89 name="interop/raw-wrong-chain (besu_release)"
Sep 23 03:01:43.002 INF API: test ended suite=0 test=89 pass=false
Sep 23 03:01:43.003 INF API: test started suite=0 test=90 name="interop/state-only-nonempty-output (besu_release)"
Sep 23 03:01:43.009 INF API: test ended suite=0 test=90 pass=false
Sep 23 03:01:43.367 INF API: test ended suite=0 test=46 pass=true
Sep 23 03:01:43.369 INF API: test started suite=0 test=91 name="client launch (erigon_development)"
Sep 23 03:01:44.911 INF API: client erigon_development started suite=0 test=91 container=fc5a4223
Sep 23 03:01:44.946 INF API: test started suite=0 test=92 name="interop/_control/head (erigon_development)"
Sep 23 03:01:44.960 INF API: test ended suite=0 test=92 pass=false
Sep 23 03:01:44.961 INF API: test started suite=0 test=93 name="interop/_control/latest (erigon_development)"
Sep 23 03:01:44.963 INF API: test ended suite=0 test=93 pass=false
Sep 23 03:01:44.964 INF API: test started suite=0 test=94 name="interop/_control/version (erigon_development)"
Sep 23 03:01:44.965 INF API: test ended suite=0 test=94 pass=false
Sep 23 03:01:44.966 INF API: test started suite=0 test=95 name="interop/auth-clear (erigon_development)"
Sep 23 03:01:44.968 INF API: test ended suite=0 test=95 pass=false
Sep 23 03:01:44.969 INF API: test started suite=0 test=96 name="interop/auth-set-revert (erigon_development)"
Sep 23 03:01:44.971 INF API: test ended suite=0 test=96 pass=false
Sep 23 03:01:44.972 INF API: test started suite=0 test=97 name="interop/call-gas7400 (erigon_development)"
Sep 23 03:01:44.979 INF API: test ended suite=0 test=97 pass=false
Sep 23 03:01:44.980 INF API: test started suite=0 test=98 name="interop/call-mcopy (erigon_development)"
Sep 23 03:01:44.981 INF API: test ended suite=0 test=98 pass=false
Sep 23 03:01:44.982 INF API: test started suite=0 test=99 name="interop/call-mixed-create (erigon_development)"
Sep 23 03:01:44.985 INF API: test ended suite=0 test=99 pass=false
Sep 23 03:01:44.985 INF API: test started suite=0 test=100 name="interop/call-return42 (erigon_development)"
Sep 23 03:01:44.987 INF API: test ended suite=0 test=100 pass=false
Sep 23 03:01:44.987 INF API: test started suite=0 test=101 name="interop/call-siblings-revert-ok (erigon_development)"
Sep 23 03:01:44.989 INF API: test ended suite=0 test=101 pass=false
Sep 23 03:01:44.990 INF API: test started suite=0 test=102 name="interop/constructor (erigon_development)"
Sep 23 03:01:44.992 INF API: test ended suite=0 test=102 pass=false
Sep 23 03:01:44.993 INF API: test started suite=0 test=103 name="interop/control-code-gas7400 (erigon_development)"
Sep 23 03:01:44.993 INF API: test ended suite=0 test=103 pass=false
Sep 23 03:01:44.994 INF API: test started suite=0 test=104 name="interop/control-code-siblings-revert-ok (erigon_development)"
Sep 23 03:01:44.995 INF API: test ended suite=0 test=104 pass=false
Sep 23 03:01:44.996 INF API: test started suite=0 test=105 name="interop/control-head (erigon_development)"
Sep 23 03:01:44.997 INF API: test ended suite=0 test=105 pass=false
Sep 23 03:01:44.997 INF API: test started suite=0 test=106 name="interop/control-height (erigon_development)"
Sep 23 03:01:44.998 INF API: test ended suite=0 test=106 pass=false
Sep 23 03:01:44.999 INF API: test started suite=0 test=107 name="interop/debug-gas7400-opcodes (erigon_development)"
Sep 23 03:01:45.000 INF API: test ended suite=0 test=107 pass=false
Sep 23 03:01:45.001 INF API: test started suite=0 test=108 name="interop/debug-mixed-create (erigon_development)"
Sep 23 03:01:45.003 INF API: test ended suite=0 test=108 pass=false
Sep 23 03:01:45.003 INF API: test started suite=0 test=109 name="interop/debug-siblings-revert-ok (erigon_development)"
Sep 23 03:01:45.004 INF API: test ended suite=0 test=109 pass=false
Sep 23 03:01:45.005 INF API: test started suite=0 test=110 name="interop/many-storage-write-revert-read (erigon_development)"
Sep 23 03:01:45.008 INF API: test ended suite=0 test=110 pass=false
Sep 23 03:01:45.008 INF API: test started suite=0 test=111 name="interop/raw-below-basefee-stateDiff (erigon_development)"
Sep 23 03:01:45.009 INF API: test ended suite=0 test=111 pass=false
Sep 23 03:01:45.010 INF API: test started suite=0 test=112 name="interop/raw-below-basefee-trace (erigon_development)"
Sep 23 03:01:45.011 INF API: test ended suite=0 test=112 pass=false
Sep 23 03:01:45.012 INF API: test started suite=0 test=113 name="interop/raw-below-basefee-vmTrace (erigon_development)"
Sep 23 03:01:45.013 INF API: test ended suite=0 test=113 pass=false
Sep 23 03:01:45.013 INF API: test started suite=0 test=114 name="interop/raw-below-basefee (erigon_development)"
Sep 23 03:01:45.014 INF API: test ended suite=0 test=114 pass=false
Sep 23 03:01:45.015 INF API: test started suite=0 test=115 name="interop/raw-insufficient-funds-stateDiff (erigon_development)"
Sep 23 03:01:45.016 INF API: test ended suite=0 test=115 pass=false
Sep 23 03:01:45.016 INF API: test started suite=0 test=116 name="interop/raw-insufficient-funds-trace (erigon_development)"
Sep 23 03:01:45.018 INF API: test ended suite=0 test=116 pass=false
Sep 23 03:01:45.018 INF API: test started suite=0 test=117 name="interop/raw-insufficient-funds-vmTrace (erigon_development)"
Sep 23 03:01:45.020 INF API: test ended suite=0 test=117 pass=false
Sep 23 03:01:45.020 INF API: test started suite=0 test=118 name="interop/raw-insufficient-funds (erigon_development)"
Sep 23 03:01:45.022 INF API: test ended suite=0 test=118 pass=false
Sep 23 03:01:45.023 INF API: test started suite=0 test=119 name="interop/raw-low-gas-stateDiff (erigon_development)"
Sep 23 03:01:45.024 INF API: test ended suite=0 test=119 pass=false
Sep 23 03:01:45.025 INF API: test started suite=0 test=120 name="interop/raw-low-gas-trace (erigon_development)"
Sep 23 03:01:45.026 INF API: test ended suite=0 test=120 pass=false
Sep 23 03:01:45.027 INF API: test started suite=0 test=121 name="interop/raw-low-gas-vmTrace (erigon_development)"
Sep 23 03:01:45.028 INF API: test ended suite=0 test=121 pass=false
Sep 23 03:01:45.029 INF API: test started suite=0 test=122 name="interop/raw-low-gas (erigon_development)"
Sep 23 03:01:45.030 INF API: test ended suite=0 test=122 pass=false
Sep 23 03:01:45.031 INF API: test started suite=0 test=123 name="interop/raw-nonce-high-stateDiff (erigon_development)"
Sep 23 03:01:45.033 INF API: test ended suite=0 test=123 pass=false
Sep 23 03:01:45.034 INF API: test started suite=0 test=124 name="interop/raw-nonce-high-trace (erigon_development)"
Sep 23 03:01:45.035 INF API: test ended suite=0 test=124 pass=false
Sep 23 03:01:45.036 INF API: test started suite=0 test=125 name="interop/raw-nonce-high-vmTrace (erigon_development)"
Sep 23 03:01:45.037 INF API: test ended suite=0 test=125 pass=false
Sep 23 03:01:45.038 INF API: test started suite=0 test=126 name="interop/raw-nonce-high (erigon_development)"
Sep 23 03:01:45.039 INF API: test ended suite=0 test=126 pass=false
Sep 23 03:01:45.040 INF API: test started suite=0 test=127 name="interop/raw-valid-stateDiff (erigon_development)"
Sep 23 03:01:45.042 INF API: test ended suite=0 test=127 pass=false
Sep 23 03:01:45.042 INF API: test started suite=0 test=128 name="interop/raw-valid-trace (erigon_development)"
Sep 23 03:01:45.044 INF API: test ended suite=0 test=128 pass=false
Sep 23 03:01:45.045 INF API: test started suite=0 test=129 name="interop/raw-valid-vmTrace (erigon_development)"
Sep 23 03:01:45.046 INF API: test ended suite=0 test=129 pass=false
Sep 23 03:01:45.047 INF API: test started suite=0 test=130 name="interop/raw-valid (erigon_development)"
Sep 23 03:01:45.048 INF API: test ended suite=0 test=130 pass=false
Sep 23 03:01:45.049 INF API: test started suite=0 test=131 name="interop/raw-wrong-chain-stateDiff (erigon_development)"
Sep 23 03:01:45.050 INF API: test ended suite=0 test=131 pass=false
Sep 23 03:01:45.051 INF API: test started suite=0 test=132 name="interop/raw-wrong-chain-trace (erigon_development)"
Sep 23 03:01:45.052 INF API: test ended suite=0 test=132 pass=false
Sep 23 03:01:45.053 INF API: test started suite=0 test=133 name="interop/raw-wrong-chain-vmTrace (erigon_development)"
Sep 23 03:01:45.054 INF API: test ended suite=0 test=133 pass=false
Sep 23 03:01:45.054 INF API: test started suite=0 test=134 name="interop/raw-wrong-chain (erigon_development)"
Sep 23 03:01:45.056 INF API: test ended suite=0 test=134 pass=false
Sep 23 03:01:45.057 INF API: test started suite=0 test=135 name="interop/state-only-nonempty-output (erigon_development)"
Sep 23 03:01:45.058 INF API: test ended suite=0 test=135 pass=false
Sep 23 03:01:45.591 INF API: test ended suite=0 test=91 pass=true
Sep 23 03:01:45.593 INF API: test started suite=0 test=136 name="client launch (erigon_release)"
Sep 23 03:01:47.114 INF API: client erigon_release started suite=0 test=136 container=2c54ab5c
Sep 23 03:01:47.129 INF API: test started suite=0 test=137 name="interop/_control/head (erigon_release)"
Sep 23 03:01:47.131 INF API: test ended suite=0 test=137 pass=false
Sep 23 03:01:47.132 INF API: test started suite=0 test=138 name="interop/_control/latest (erigon_release)"
Sep 23 03:01:47.133 INF API: test ended suite=0 test=138 pass=false
Sep 23 03:01:47.134 INF API: test started suite=0 test=139 name="interop/_control/version (erigon_release)"
Sep 23 03:01:47.135 INF API: test ended suite=0 test=139 pass=false
Sep 23 03:01:47.135 INF API: test started suite=0 test=140 name="interop/auth-clear (erigon_release)"
Sep 23 03:01:47.137 INF API: test ended suite=0 test=140 pass=false
Sep 23 03:01:47.138 INF API: test started suite=0 test=141 name="interop/auth-set-revert (erigon_release)"
Sep 23 03:01:47.139 INF API: test ended suite=0 test=141 pass=false
Sep 23 03:01:47.140 INF API: test started suite=0 test=142 name="interop/call-gas7400 (erigon_release)"
Sep 23 03:01:47.150 INF API: test ended suite=0 test=142 pass=false
Sep 23 03:01:47.151 INF API: test started suite=0 test=143 name="interop/call-mcopy (erigon_release)"
Sep 23 03:01:47.152 INF API: test ended suite=0 test=143 pass=false
Sep 23 03:01:47.153 INF API: test started suite=0 test=144 name="interop/call-mixed-create (erigon_release)"
Sep 23 03:01:47.156 INF API: test ended suite=0 test=144 pass=false
Sep 23 03:01:47.157 INF API: test started suite=0 test=145 name="interop/call-return42 (erigon_release)"
Sep 23 03:01:47.158 INF API: test ended suite=0 test=145 pass=false
Sep 23 03:01:47.159 INF API: test started suite=0 test=146 name="interop/call-siblings-revert-ok (erigon_release)"
Sep 23 03:01:47.161 INF API: test ended suite=0 test=146 pass=false
Sep 23 03:01:47.162 INF API: test started suite=0 test=147 name="interop/constructor (erigon_release)"
Sep 23 03:01:47.163 INF API: test ended suite=0 test=147 pass=false
Sep 23 03:01:47.164 INF API: test started suite=0 test=148 name="interop/control-code-gas7400 (erigon_release)"
Sep 23 03:01:47.165 INF API: test ended suite=0 test=148 pass=false
Sep 23 03:01:47.166 INF API: test started suite=0 test=149 name="interop/control-code-siblings-revert-ok (erigon_release)"
Sep 23 03:01:47.167 INF API: test ended suite=0 test=149 pass=false
Sep 23 03:01:47.168 INF API: test started suite=0 test=150 name="interop/control-head (erigon_release)"
Sep 23 03:01:47.170 INF API: test ended suite=0 test=150 pass=false
Sep 23 03:01:47.171 INF API: test started suite=0 test=151 name="interop/control-height (erigon_release)"
Sep 23 03:01:47.172 INF API: test ended suite=0 test=151 pass=false
Sep 23 03:01:47.173 INF API: test started suite=0 test=152 name="interop/debug-gas7400-opcodes (erigon_release)"
Sep 23 03:01:47.174 INF API: test ended suite=0 test=152 pass=false
Sep 23 03:01:47.175 INF API: test started suite=0 test=153 name="interop/debug-mixed-create (erigon_release)"
Sep 23 03:01:47.179 INF API: test ended suite=0 test=153 pass=false
Sep 23 03:01:47.180 INF API: test started suite=0 test=154 name="interop/debug-siblings-revert-ok (erigon_release)"
Sep 23 03:01:47.182 INF API: test ended suite=0 test=154 pass=false
Sep 23 03:01:47.183 INF API: test started suite=0 test=155 name="interop/many-storage-write-revert-read (erigon_release)"
Sep 23 03:01:47.185 INF API: test ended suite=0 test=155 pass=false
Sep 23 03:01:47.185 INF API: test started suite=0 test=156 name="interop/raw-below-basefee-stateDiff (erigon_release)"
Sep 23 03:01:47.187 INF API: test ended suite=0 test=156 pass=false
Sep 23 03:01:47.188 INF API: test started suite=0 test=157 name="interop/raw-below-basefee-trace (erigon_release)"
Sep 23 03:01:47.189 INF API: test ended suite=0 test=157 pass=false
Sep 23 03:01:47.190 INF API: test started suite=0 test=158 name="interop/raw-below-basefee-vmTrace (erigon_release)"
Sep 23 03:01:47.191 INF API: test ended suite=0 test=158 pass=false
Sep 23 03:01:47.192 INF API: test started suite=0 test=159 name="interop/raw-below-basefee (erigon_release)"
Sep 23 03:01:47.193 INF API: test ended suite=0 test=159 pass=false
Sep 23 03:01:47.193 INF API: test started suite=0 test=160 name="interop/raw-insufficient-funds-stateDiff (erigon_release)"
Sep 23 03:01:47.195 INF API: test ended suite=0 test=160 pass=false
Sep 23 03:01:47.195 INF API: test started suite=0 test=161 name="interop/raw-insufficient-funds-trace (erigon_release)"
Sep 23 03:01:47.196 INF API: test ended suite=0 test=161 pass=false
Sep 23 03:01:47.197 INF API: test started suite=0 test=162 name="interop/raw-insufficient-funds-vmTrace (erigon_release)"
Sep 23 03:01:47.199 INF API: test ended suite=0 test=162 pass=false
Sep 23 03:01:47.199 INF API: test started suite=0 test=163 name="interop/raw-insufficient-funds (erigon_release)"
Sep 23 03:01:47.201 INF API: test ended suite=0 test=163 pass=false
Sep 23 03:01:47.202 INF API: test started suite=0 test=164 name="interop/raw-low-gas-stateDiff (erigon_release)"
Sep 23 03:01:47.203 INF API: test ended suite=0 test=164 pass=false
Sep 23 03:01:47.204 INF API: test started suite=0 test=165 name="interop/raw-low-gas-trace (erigon_release)"
Sep 23 03:01:47.205 INF API: test ended suite=0 test=165 pass=false
Sep 23 03:01:47.206 INF API: test started suite=0 test=166 name="interop/raw-low-gas-vmTrace (erigon_release)"
Sep 23 03:01:47.208 INF API: test ended suite=0 test=166 pass=false
Sep 23 03:01:47.209 INF API: test started suite=0 test=167 name="interop/raw-low-gas (erigon_release)"
Sep 23 03:01:47.210 INF API: test ended suite=0 test=167 pass=false
Sep 23 03:01:47.211 INF API: test started suite=0 test=168 name="interop/raw-nonce-high-stateDiff (erigon_release)"
Sep 23 03:01:47.212 INF API: test ended suite=0 test=168 pass=false
Sep 23 03:01:47.213 INF API: test started suite=0 test=169 name="interop/raw-nonce-high-trace (erigon_release)"
Sep 23 03:01:47.214 INF API: test ended suite=0 test=169 pass=false
Sep 23 03:01:47.216 INF API: test started suite=0 test=170 name="interop/raw-nonce-high-vmTrace (erigon_release)"
Sep 23 03:01:47.217 INF API: test ended suite=0 test=170 pass=false
Sep 23 03:01:47.218 INF API: test started suite=0 test=171 name="interop/raw-nonce-high (erigon_release)"
Sep 23 03:01:47.219 INF API: test ended suite=0 test=171 pass=false
Sep 23 03:01:47.220 INF API: test started suite=0 test=172 name="interop/raw-valid-stateDiff (erigon_release)"
Sep 23 03:01:47.222 INF API: test ended suite=0 test=172 pass=false
Sep 23 03:01:47.222 INF API: test started suite=0 test=173 name="interop/raw-valid-trace (erigon_release)"
Sep 23 03:01:47.224 INF API: test ended suite=0 test=173 pass=false
Sep 23 03:01:47.225 INF API: test started suite=0 test=174 name="interop/raw-valid-vmTrace (erigon_release)"
Sep 23 03:01:47.226 INF API: test ended suite=0 test=174 pass=false
Sep 23 03:01:47.227 INF API: test started suite=0 test=175 name="interop/raw-valid (erigon_release)"
Sep 23 03:01:47.228 INF API: test ended suite=0 test=175 pass=false
Sep 23 03:01:47.230 INF API: test started suite=0 test=176 name="interop/raw-wrong-chain-stateDiff (erigon_release)"
Sep 23 03:01:47.231 INF API: test ended suite=0 test=176 pass=false
Sep 23 03:01:47.232 INF API: test started suite=0 test=177 name="interop/raw-wrong-chain-trace (erigon_release)"
Sep 23 03:01:47.233 INF API: test ended suite=0 test=177 pass=false
Sep 23 03:01:47.234 INF API: test started suite=0 test=178 name="interop/raw-wrong-chain-vmTrace (erigon_release)"
Sep 23 03:01:47.235 INF API: test ended suite=0 test=178 pass=false
Sep 23 03:01:47.236 INF API: test started suite=0 test=179 name="interop/raw-wrong-chain (erigon_release)"
Sep 23 03:01:47.237 INF API: test ended suite=0 test=179 pass=false
Sep 23 03:01:47.238 INF API: test started suite=0 test=180 name="interop/state-only-nonempty-output (erigon_release)"
Sep 23 03:01:47.239 INF API: test ended suite=0 test=180 pass=false
Sep 23 03:01:47.638 INF API: test ended suite=0 test=136 pass=true
Sep 23 03:01:47.640 INF API: test started suite=0 test=181 name="client launch (nethermind_development)"
Sep 23 03:01:55.589 INF API: client nethermind_development started suite=0 test=181 container=d433edfc
Sep 23 03:01:55.738 INF API: test started suite=0 test=182 name="interop/_control/head (nethermind_development)"
Sep 23 03:01:55.749 INF API: test ended suite=0 test=182 pass=false
Sep 23 03:01:55.750 INF API: test started suite=0 test=183 name="interop/_control/latest (nethermind_development)"
Sep 23 03:01:55.752 INF API: test ended suite=0 test=183 pass=false
Sep 23 03:01:55.753 INF API: test started suite=0 test=184 name="interop/_control/version (nethermind_development)"
Sep 23 03:01:55.756 INF API: test ended suite=0 test=184 pass=false
Sep 23 03:01:55.757 INF API: test started suite=0 test=185 name="interop/auth-clear (nethermind_development)"
Sep 23 03:01:55.890 INF API: test ended suite=0 test=185 pass=false
Sep 23 03:01:55.892 INF API: test started suite=0 test=186 name="interop/auth-set-revert (nethermind_development)"
Sep 23 03:01:55.907 INF API: test ended suite=0 test=186 pass=false
Sep 23 03:01:55.908 INF API: test started suite=0 test=187 name="interop/call-gas7400 (nethermind_development)"
Sep 23 03:01:55.959 INF API: test ended suite=0 test=187 pass=false
Sep 23 03:01:55.960 INF API: test started suite=0 test=188 name="interop/call-mcopy (nethermind_development)"
Sep 23 03:01:55.974 INF API: test ended suite=0 test=188 pass=false
Sep 23 03:01:55.975 INF API: test started suite=0 test=189 name="interop/call-mixed-create (nethermind_development)"
Sep 23 03:01:55.995 INF API: test ended suite=0 test=189 pass=false
Sep 23 03:01:55.996 INF API: test started suite=0 test=190 name="interop/call-return42 (nethermind_development)"
Sep 23 03:01:55.999 INF API: test ended suite=0 test=190 pass=false
Sep 23 03:01:56.000 INF API: test started suite=0 test=191 name="interop/call-siblings-revert-ok (nethermind_development)"
Sep 23 03:01:56.019 INF API: test ended suite=0 test=191 pass=false
Sep 23 03:01:56.020 INF API: test started suite=0 test=192 name="interop/constructor (nethermind_development)"
Sep 23 03:01:56.023 INF API: test ended suite=0 test=192 pass=false
Sep 23 03:01:56.024 INF API: test started suite=0 test=193 name="interop/control-code-gas7400 (nethermind_development)"
Sep 23 03:01:56.026 INF API: test ended suite=0 test=193 pass=false
Sep 23 03:01:56.026 INF API: test started suite=0 test=194 name="interop/control-code-siblings-revert-ok (nethermind_development)"
Sep 23 03:01:56.028 INF API: test ended suite=0 test=194 pass=false
Sep 23 03:01:56.028 INF API: test started suite=0 test=195 name="interop/control-head (nethermind_development)"
Sep 23 03:01:56.030 INF API: test ended suite=0 test=195 pass=false
Sep 23 03:01:56.031 INF API: test started suite=0 test=196 name="interop/control-height (nethermind_development)"
Sep 23 03:01:56.035 INF API: test ended suite=0 test=196 pass=false
Sep 23 03:01:56.036 INF API: test started suite=0 test=197 name="interop/debug-gas7400-opcodes (nethermind_development)"
Sep 23 03:01:56.162 INF API: test ended suite=0 test=197 pass=false
Sep 23 03:01:56.163 INF API: test started suite=0 test=198 name="interop/debug-mixed-create (nethermind_development)"
Sep 23 03:01:56.180 INF API: test ended suite=0 test=198 pass=false
Sep 23 03:01:56.181 INF API: test started suite=0 test=199 name="interop/debug-siblings-revert-ok (nethermind_development)"
Sep 23 03:01:56.185 INF API: test ended suite=0 test=199 pass=false
Sep 23 03:01:56.186 INF API: test started suite=0 test=200 name="interop/many-storage-write-revert-read (nethermind_development)"
Sep 23 03:01:56.211 INF API: test ended suite=0 test=200 pass=false
Sep 23 03:01:56.212 INF API: test started suite=0 test=201 name="interop/raw-below-basefee-stateDiff (nethermind_development)"
Sep 23 03:01:56.218 INF API: test ended suite=0 test=201 pass=false
Sep 23 03:01:56.219 INF API: test started suite=0 test=202 name="interop/raw-below-basefee-trace (nethermind_development)"
Sep 23 03:01:56.244 INF API: test ended suite=0 test=202 pass=false
Sep 23 03:01:56.256 INF API: test started suite=0 test=203 name="interop/raw-below-basefee-vmTrace (nethermind_development)"
Sep 23 03:01:56.258 INF API: test ended suite=0 test=203 pass=false
Sep 23 03:01:56.259 INF API: test started suite=0 test=204 name="interop/raw-below-basefee (nethermind_development)"
Sep 23 03:01:56.261 INF API: test ended suite=0 test=204 pass=false
Sep 23 03:01:56.262 INF API: test started suite=0 test=205 name="interop/raw-insufficient-funds-stateDiff (nethermind_development)"
Sep 23 03:01:56.264 INF API: test ended suite=0 test=205 pass=false
Sep 23 03:01:56.265 INF API: test started suite=0 test=206 name="interop/raw-insufficient-funds-trace (nethermind_development)"
Sep 23 03:01:56.267 INF API: test ended suite=0 test=206 pass=false
Sep 23 03:01:56.268 INF API: test started suite=0 test=207 name="interop/raw-insufficient-funds-vmTrace (nethermind_development)"
Sep 23 03:01:56.269 INF API: test ended suite=0 test=207 pass=false
Sep 23 03:01:56.270 INF API: test started suite=0 test=208 name="interop/raw-insufficient-funds (nethermind_development)"
Sep 23 03:01:56.272 INF API: test ended suite=0 test=208 pass=false
Sep 23 03:01:56.273 INF API: test started suite=0 test=209 name="interop/raw-low-gas-stateDiff (nethermind_development)"
Sep 23 03:01:56.274 INF API: test ended suite=0 test=209 pass=false
Sep 23 03:01:56.275 INF API: test started suite=0 test=210 name="interop/raw-low-gas-trace (nethermind_development)"
Sep 23 03:01:56.276 INF API: test ended suite=0 test=210 pass=false
Sep 23 03:01:56.277 INF API: test started suite=0 test=211 name="interop/raw-low-gas-vmTrace (nethermind_development)"
Sep 23 03:01:56.278 INF API: test ended suite=0 test=211 pass=false
Sep 23 03:01:56.279 INF API: test started suite=0 test=212 name="interop/raw-low-gas (nethermind_development)"
Sep 23 03:01:56.281 INF API: test ended suite=0 test=212 pass=false
Sep 23 03:01:56.281 INF API: test started suite=0 test=213 name="interop/raw-nonce-high-stateDiff (nethermind_development)"
Sep 23 03:01:56.284 INF API: test ended suite=0 test=213 pass=false
Sep 23 03:01:56.284 INF API: test started suite=0 test=214 name="interop/raw-nonce-high-trace (nethermind_development)"
Sep 23 03:01:56.286 INF API: test ended suite=0 test=214 pass=false
Sep 23 03:01:56.287 INF API: test started suite=0 test=215 name="interop/raw-nonce-high-vmTrace (nethermind_development)"
Sep 23 03:01:56.289 INF API: test ended suite=0 test=215 pass=false
Sep 23 03:01:56.289 INF API: test started suite=0 test=216 name="interop/raw-nonce-high (nethermind_development)"
Sep 23 03:01:56.292 INF API: test ended suite=0 test=216 pass=false
Sep 23 03:01:56.292 INF API: test started suite=0 test=217 name="interop/raw-valid-stateDiff (nethermind_development)"
Sep 23 03:01:56.295 INF API: test ended suite=0 test=217 pass=false
Sep 23 03:01:56.295 INF API: test started suite=0 test=218 name="interop/raw-valid-trace (nethermind_development)"
Sep 23 03:01:56.297 INF API: test ended suite=0 test=218 pass=false
Sep 23 03:01:56.298 INF API: test started suite=0 test=219 name="interop/raw-valid-vmTrace (nethermind_development)"
Sep 23 03:01:56.300 INF API: test ended suite=0 test=219 pass=false
Sep 23 03:01:56.301 INF API: test started suite=0 test=220 name="interop/raw-valid (nethermind_development)"
Sep 23 03:01:56.303 INF API: test ended suite=0 test=220 pass=false
Sep 23 03:01:56.304 INF API: test started suite=0 test=221 name="interop/raw-wrong-chain-stateDiff (nethermind_development)"
Sep 23 03:01:56.306 INF API: test ended suite=0 test=221 pass=false
Sep 23 03:01:56.307 INF API: test started suite=0 test=222 name="interop/raw-wrong-chain-trace (nethermind_development)"
Sep 23 03:01:56.309 INF API: test ended suite=0 test=222 pass=false
Sep 23 03:01:56.310 INF API: test started suite=0 test=223 name="interop/raw-wrong-chain-vmTrace (nethermind_development)"
Sep 23 03:01:56.313 INF API: test ended suite=0 test=223 pass=false
Sep 23 03:01:56.314 INF API: test started suite=0 test=224 name="interop/raw-wrong-chain (nethermind_development)"
Sep 23 03:01:56.315 INF API: test ended suite=0 test=224 pass=false
Sep 23 03:01:56.316 INF API: test started suite=0 test=225 name="interop/state-only-nonempty-output (nethermind_development)"
Sep 23 03:01:56.319 INF API: test ended suite=0 test=225 pass=false
Sep 23 03:01:56.705 INF API: test ended suite=0 test=181 pass=true
Sep 23 03:01:56.706 INF API: test started suite=0 test=226 name="client launch (nethermind_release)"
Sep 23 03:02:04.517 INF API: client nethermind_release started suite=0 test=226 container=47b9e008
Sep 23 03:02:04.686 INF API: test started suite=0 test=227 name="interop/_control/head (nethermind_release)"
Sep 23 03:02:04.702 INF API: test ended suite=0 test=227 pass=false
Sep 23 03:02:04.703 INF API: test started suite=0 test=228 name="interop/_control/latest (nethermind_release)"
Sep 23 03:02:04.705 INF API: test ended suite=0 test=228 pass=false
Sep 23 03:02:04.706 INF API: test started suite=0 test=229 name="interop/_control/version (nethermind_release)"
Sep 23 03:02:04.708 INF API: test ended suite=0 test=229 pass=false
Sep 23 03:02:04.709 INF API: test started suite=0 test=230 name="interop/auth-clear (nethermind_release)"
Sep 23 03:02:04.803 INF API: test ended suite=0 test=230 pass=false
Sep 23 03:02:04.804 INF API: test started suite=0 test=231 name="interop/auth-set-revert (nethermind_release)"
Sep 23 03:02:04.824 INF API: test ended suite=0 test=231 pass=false
Sep 23 03:02:04.825 INF API: test started suite=0 test=232 name="interop/call-gas7400 (nethermind_release)"
Sep 23 03:02:04.861 INF API: test ended suite=0 test=232 pass=false
Sep 23 03:02:04.862 INF API: test started suite=0 test=233 name="interop/call-mcopy (nethermind_release)"
Sep 23 03:02:04.866 INF API: test ended suite=0 test=233 pass=false
Sep 23 03:02:04.867 INF API: test started suite=0 test=234 name="interop/call-mixed-create (nethermind_release)"
Sep 23 03:02:04.873 INF API: test ended suite=0 test=234 pass=false
Sep 23 03:02:04.874 INF API: test started suite=0 test=235 name="interop/call-return42 (nethermind_release)"
Sep 23 03:02:04.877 INF API: test ended suite=0 test=235 pass=false
Sep 23 03:02:04.878 INF API: test started suite=0 test=236 name="interop/call-siblings-revert-ok (nethermind_release)"
Sep 23 03:02:04.882 INF API: test ended suite=0 test=236 pass=false
Sep 23 03:02:04.883 INF API: test started suite=0 test=237 name="interop/constructor (nethermind_release)"
Sep 23 03:02:04.886 INF API: test ended suite=0 test=237 pass=false
Sep 23 03:02:04.887 INF API: test started suite=0 test=238 name="interop/control-code-gas7400 (nethermind_release)"
Sep 23 03:02:04.889 INF API: test ended suite=0 test=238 pass=false
Sep 23 03:02:04.890 INF API: test started suite=0 test=239 name="interop/control-code-siblings-revert-ok (nethermind_release)"
Sep 23 03:02:04.891 INF API: test ended suite=0 test=239 pass=false
Sep 23 03:02:04.892 INF API: test started suite=0 test=240 name="interop/control-head (nethermind_release)"
Sep 23 03:02:04.893 INF API: test ended suite=0 test=240 pass=false
Sep 23 03:02:04.894 INF API: test started suite=0 test=241 name="interop/control-height (nethermind_release)"
Sep 23 03:02:04.898 INF API: test ended suite=0 test=241 pass=false
Sep 23 03:02:04.899 INF API: test started suite=0 test=242 name="interop/debug-gas7400-opcodes (nethermind_release)"
Sep 23 03:02:04.969 INF API: test ended suite=0 test=242 pass=false
Sep 23 03:02:04.970 INF API: test started suite=0 test=243 name="interop/debug-mixed-create (nethermind_release)"
Sep 23 03:02:04.987 INF API: test ended suite=0 test=243 pass=false
Sep 23 03:02:04.988 INF API: test started suite=0 test=244 name="interop/debug-siblings-revert-ok (nethermind_release)"
Sep 23 03:02:04.992 INF API: test ended suite=0 test=244 pass=false
Sep 23 03:02:04.993 INF API: test started suite=0 test=245 name="interop/many-storage-write-revert-read (nethermind_release)"
Sep 23 03:02:05.014 INF API: test ended suite=0 test=245 pass=false
Sep 23 03:02:05.015 INF API: test started suite=0 test=246 name="interop/raw-below-basefee-stateDiff (nethermind_release)"
Sep 23 03:02:05.021 INF API: test ended suite=0 test=246 pass=false
Sep 23 03:02:05.021 INF API: test started suite=0 test=247 name="interop/raw-below-basefee-trace (nethermind_release)"
Sep 23 03:02:05.053 INF API: test ended suite=0 test=247 pass=false
Sep 23 03:02:05.054 INF API: test started suite=0 test=248 name="interop/raw-below-basefee-vmTrace (nethermind_release)"
Sep 23 03:02:05.056 INF API: test ended suite=0 test=248 pass=false
Sep 23 03:02:05.057 INF API: test started suite=0 test=249 name="interop/raw-below-basefee (nethermind_release)"
Sep 23 03:02:05.059 INF API: test ended suite=0 test=249 pass=false
Sep 23 03:02:05.060 INF API: test started suite=0 test=250 name="interop/raw-insufficient-funds-stateDiff (nethermind_release)"
Sep 23 03:02:05.062 INF API: test ended suite=0 test=250 pass=false
Sep 23 03:02:05.063 INF API: test started suite=0 test=251 name="interop/raw-insufficient-funds-trace (nethermind_release)"
Sep 23 03:02:05.064 INF API: test ended suite=0 test=251 pass=false
Sep 23 03:02:05.065 INF API: test started suite=0 test=252 name="interop/raw-insufficient-funds-vmTrace (nethermind_release)"
Sep 23 03:02:05.067 INF API: test ended suite=0 test=252 pass=false
Sep 23 03:02:05.067 INF API: test started suite=0 test=253 name="interop/raw-insufficient-funds (nethermind_release)"
Sep 23 03:02:05.069 INF API: test ended suite=0 test=253 pass=false
Sep 23 03:02:05.069 INF API: test started suite=0 test=254 name="interop/raw-low-gas-stateDiff (nethermind_release)"
Sep 23 03:02:05.071 INF API: test ended suite=0 test=254 pass=false
Sep 23 03:02:05.072 INF API: test started suite=0 test=255 name="interop/raw-low-gas-trace (nethermind_release)"
Sep 23 03:02:05.073 INF API: test ended suite=0 test=255 pass=false
Sep 23 03:02:05.074 INF API: test started suite=0 test=256 name="interop/raw-low-gas-vmTrace (nethermind_release)"
Sep 23 03:02:05.076 INF API: test ended suite=0 test=256 pass=false
Sep 23 03:02:05.076 INF API: test started suite=0 test=257 name="interop/raw-low-gas (nethermind_release)"
Sep 23 03:02:05.078 INF API: test ended suite=0 test=257 pass=false
Sep 23 03:02:05.079 INF API: test started suite=0 test=258 name="interop/raw-nonce-high-stateDiff (nethermind_release)"
Sep 23 03:02:05.081 INF API: test ended suite=0 test=258 pass=false
Sep 23 03:02:05.081 INF API: test started suite=0 test=259 name="interop/raw-nonce-high-trace (nethermind_release)"
Sep 23 03:02:05.083 INF API: test ended suite=0 test=259 pass=false
Sep 23 03:02:05.084 INF API: test started suite=0 test=260 name="interop/raw-nonce-high-vmTrace (nethermind_release)"
Sep 23 03:02:05.086 INF API: test ended suite=0 test=260 pass=false
Sep 23 03:02:05.086 INF API: test started suite=0 test=261 name="interop/raw-nonce-high (nethermind_release)"
Sep 23 03:02:05.089 INF API: test ended suite=0 test=261 pass=false
Sep 23 03:02:05.089 INF API: test started suite=0 test=262 name="interop/raw-valid-stateDiff (nethermind_release)"
Sep 23 03:02:05.092 INF API: test ended suite=0 test=262 pass=false
Sep 23 03:02:05.092 INF API: test started suite=0 test=263 name="interop/raw-valid-trace (nethermind_release)"
Sep 23 03:02:05.095 INF API: test ended suite=0 test=263 pass=false
Sep 23 03:02:05.096 INF API: test started suite=0 test=264 name="interop/raw-valid-vmTrace (nethermind_release)"
Sep 23 03:02:05.098 INF API: test ended suite=0 test=264 pass=false
Sep 23 03:02:05.098 INF API: test started suite=0 test=265 name="interop/raw-valid (nethermind_release)"
Sep 23 03:02:05.101 INF API: test ended suite=0 test=265 pass=false
Sep 23 03:02:05.102 INF API: test started suite=0 test=266 name="interop/raw-wrong-chain-stateDiff (nethermind_release)"
Sep 23 03:02:05.104 INF API: test ended suite=0 test=266 pass=false
Sep 23 03:02:05.105 INF API: test started suite=0 test=267 name="interop/raw-wrong-chain-trace (nethermind_release)"
Sep 23 03:02:05.107 INF API: test ended suite=0 test=267 pass=false
Sep 23 03:02:05.107 INF API: test started suite=0 test=268 name="interop/raw-wrong-chain-vmTrace (nethermind_release)"
Sep 23 03:02:05.109 INF API: test ended suite=0 test=268 pass=false
Sep 23 03:02:05.110 INF API: test started suite=0 test=269 name="interop/raw-wrong-chain (nethermind_release)"
Sep 23 03:02:05.112 INF API: test ended suite=0 test=269 pass=false
Sep 23 03:02:05.112 INF API: test started suite=0 test=270 name="interop/state-only-nonempty-output (nethermind_release)"
Sep 23 03:02:05.115 INF API: test ended suite=0 test=270 pass=false
Sep 23 03:02:05.467 INF API: test ended suite=0 test=226 pass=true
Sep 23 03:02:05.468 INF API: test started suite=0 test=271 name="client launch (reth_development)"
Sep 23 03:02:07.704 INF API: client reth_development started suite=0 test=271 container=a68b9260
Sep 23 03:02:07.720 INF API: test started suite=0 test=272 name="interop/_control/head (reth_development)"
Sep 23 03:02:07.721 INF API: test ended suite=0 test=272 pass=false
Sep 23 03:02:07.722 INF API: test started suite=0 test=273 name="interop/_control/latest (reth_development)"
Sep 23 03:02:07.724 INF API: test ended suite=0 test=273 pass=false
Sep 23 03:02:07.725 INF API: test started suite=0 test=274 name="interop/_control/version (reth_development)"
Sep 23 03:02:07.726 INF API: test ended suite=0 test=274 pass=false
Sep 23 03:02:07.727 INF API: test started suite=0 test=275 name="interop/auth-clear (reth_development)"
Sep 23 03:02:07.729 INF API: test ended suite=0 test=275 pass=false
Sep 23 03:02:07.730 INF API: test started suite=0 test=276 name="interop/auth-set-revert (reth_development)"
Sep 23 03:02:07.732 INF API: test ended suite=0 test=276 pass=false
Sep 23 03:02:07.733 INF API: test started suite=0 test=277 name="interop/call-gas7400 (reth_development)"
Sep 23 03:02:07.741 INF API: test ended suite=0 test=277 pass=false
Sep 23 03:02:07.742 INF API: test started suite=0 test=278 name="interop/call-mcopy (reth_development)"
Sep 23 03:02:07.744 INF API: test ended suite=0 test=278 pass=false
Sep 23 03:02:07.745 INF API: test started suite=0 test=279 name="interop/call-mixed-create (reth_development)"
Sep 23 03:02:07.748 INF API: test ended suite=0 test=279 pass=false
Sep 23 03:02:07.749 INF API: test started suite=0 test=280 name="interop/call-return42 (reth_development)"
Sep 23 03:02:07.750 INF API: test ended suite=0 test=280 pass=false
Sep 23 03:02:07.751 INF API: test started suite=0 test=281 name="interop/call-siblings-revert-ok (reth_development)"
Sep 23 03:02:07.753 INF API: test ended suite=0 test=281 pass=false
Sep 23 03:02:07.754 INF API: test started suite=0 test=282 name="interop/constructor (reth_development)"
Sep 23 03:02:07.756 INF API: test ended suite=0 test=282 pass=false
Sep 23 03:02:07.757 INF API: test started suite=0 test=283 name="interop/control-code-gas7400 (reth_development)"
Sep 23 03:02:07.758 INF API: test ended suite=0 test=283 pass=false
Sep 23 03:02:07.758 INF API: test started suite=0 test=284 name="interop/control-code-siblings-revert-ok (reth_development)"
Sep 23 03:02:07.760 INF API: test ended suite=0 test=284 pass=false
Sep 23 03:02:07.761 INF API: test started suite=0 test=285 name="interop/control-head (reth_development)"
Sep 23 03:02:07.762 INF API: test ended suite=0 test=285 pass=false
Sep 23 03:02:07.763 INF API: test started suite=0 test=286 name="interop/control-height (reth_development)"
Sep 23 03:02:07.764 INF API: test ended suite=0 test=286 pass=false
Sep 23 03:02:07.765 INF API: test started suite=0 test=287 name="interop/debug-gas7400-opcodes (reth_development)"
Sep 23 03:02:07.766 INF API: test ended suite=0 test=287 pass=false
Sep 23 03:02:07.767 INF API: test started suite=0 test=288 name="interop/debug-mixed-create (reth_development)"
Sep 23 03:02:07.769 INF API: test ended suite=0 test=288 pass=false
Sep 23 03:02:07.770 INF API: test started suite=0 test=289 name="interop/debug-siblings-revert-ok (reth_development)"
Sep 23 03:02:07.771 INF API: test ended suite=0 test=289 pass=false
Sep 23 03:02:07.772 INF API: test started suite=0 test=290 name="interop/many-storage-write-revert-read (reth_development)"
Sep 23 03:02:07.774 INF API: test ended suite=0 test=290 pass=false
Sep 23 03:02:07.774 INF API: test started suite=0 test=291 name="interop/raw-below-basefee-stateDiff (reth_development)"
Sep 23 03:02:07.776 INF API: test ended suite=0 test=291 pass=false
Sep 23 03:02:07.777 INF API: test started suite=0 test=292 name="interop/raw-below-basefee-trace (reth_development)"
Sep 23 03:02:07.778 INF API: test ended suite=0 test=292 pass=false
Sep 23 03:02:07.779 INF API: test started suite=0 test=293 name="interop/raw-below-basefee-vmTrace (reth_development)"
Sep 23 03:02:07.780 INF API: test ended suite=0 test=293 pass=false
Sep 23 03:02:07.781 INF API: test started suite=0 test=294 name="interop/raw-below-basefee (reth_development)"
Sep 23 03:02:07.783 INF API: test ended suite=0 test=294 pass=false
Sep 23 03:02:07.784 INF API: test started suite=0 test=295 name="interop/raw-insufficient-funds-stateDiff (reth_development)"
Sep 23 03:02:07.786 INF API: test ended suite=0 test=295 pass=false
Sep 23 03:02:07.786 INF API: test started suite=0 test=296 name="interop/raw-insufficient-funds-trace (reth_development)"
Sep 23 03:02:07.788 INF API: test ended suite=0 test=296 pass=false
Sep 23 03:02:07.788 INF API: test started suite=0 test=297 name="interop/raw-insufficient-funds-vmTrace (reth_development)"
Sep 23 03:02:07.790 INF API: test ended suite=0 test=297 pass=false
Sep 23 03:02:07.790 INF API: test started suite=0 test=298 name="interop/raw-insufficient-funds (reth_development)"
Sep 23 03:02:07.792 INF API: test ended suite=0 test=298 pass=false
Sep 23 03:02:07.793 INF API: test started suite=0 test=299 name="interop/raw-low-gas-stateDiff (reth_development)"
Sep 23 03:02:07.794 INF API: test ended suite=0 test=299 pass=false
Sep 23 03:02:07.795 INF API: test started suite=0 test=300 name="interop/raw-low-gas-trace (reth_development)"
Sep 23 03:02:07.796 INF API: test ended suite=0 test=300 pass=false
Sep 23 03:02:07.797 INF API: test started suite=0 test=301 name="interop/raw-low-gas-vmTrace (reth_development)"
Sep 23 03:02:07.798 INF API: test ended suite=0 test=301 pass=false
Sep 23 03:02:07.799 INF API: test started suite=0 test=302 name="interop/raw-low-gas (reth_development)"
Sep 23 03:02:07.801 INF API: test ended suite=0 test=302 pass=false
Sep 23 03:02:07.802 INF API: test started suite=0 test=303 name="interop/raw-nonce-high-stateDiff (reth_development)"
Sep 23 03:02:07.803 INF API: test ended suite=0 test=303 pass=false
Sep 23 03:02:07.804 INF API: test started suite=0 test=304 name="interop/raw-nonce-high-trace (reth_development)"
Sep 23 03:02:07.805 INF API: test ended suite=0 test=304 pass=false
Sep 23 03:02:07.806 INF API: test started suite=0 test=305 name="interop/raw-nonce-high-vmTrace (reth_development)"
Sep 23 03:02:07.808 INF API: test ended suite=0 test=305 pass=false
Sep 23 03:02:07.809 INF API: test started suite=0 test=306 name="interop/raw-nonce-high (reth_development)"
Sep 23 03:02:07.810 INF API: test ended suite=0 test=306 pass=false
Sep 23 03:02:07.811 INF API: test started suite=0 test=307 name="interop/raw-valid-stateDiff (reth_development)"
Sep 23 03:02:07.813 INF API: test ended suite=0 test=307 pass=false
Sep 23 03:02:07.814 INF API: test started suite=0 test=308 name="interop/raw-valid-trace (reth_development)"
Sep 23 03:02:07.815 INF API: test ended suite=0 test=308 pass=false
Sep 23 03:02:07.816 INF API: test started suite=0 test=309 name="interop/raw-valid-vmTrace (reth_development)"
Sep 23 03:02:07.818 INF API: test ended suite=0 test=309 pass=false
Sep 23 03:02:07.819 INF API: test started suite=0 test=310 name="interop/raw-valid (reth_development)"
Sep 23 03:02:07.820 INF API: test ended suite=0 test=310 pass=false
Sep 23 03:02:07.821 INF API: test started suite=0 test=311 name="interop/raw-wrong-chain-stateDiff (reth_development)"
Sep 23 03:02:07.822 INF API: test ended suite=0 test=311 pass=false
Sep 23 03:02:07.823 INF API: test started suite=0 test=312 name="interop/raw-wrong-chain-trace (reth_development)"
Sep 23 03:02:07.824 INF API: test ended suite=0 test=312 pass=false
Sep 23 03:02:07.825 INF API: test started suite=0 test=313 name="interop/raw-wrong-chain-vmTrace (reth_development)"
Sep 23 03:02:07.826 INF API: test ended suite=0 test=313 pass=false
Sep 23 03:02:07.827 INF API: test started suite=0 test=314 name="interop/raw-wrong-chain (reth_development)"
Sep 23 03:02:07.828 INF API: test ended suite=0 test=314 pass=false
Sep 23 03:02:07.829 INF API: test started suite=0 test=315 name="interop/state-only-nonempty-output (reth_development)"
Sep 23 03:02:07.831 INF API: test ended suite=0 test=315 pass=false
Sep 23 03:02:08.128 INF API: test ended suite=0 test=271 pass=true
Sep 23 03:02:08.129 INF API: test started suite=0 test=316 name="client launch (reth_release)"
Sep 23 03:02:11.485 INF API: client reth_release started suite=0 test=316 container=63840dc8
Sep 23 03:02:11.500 INF API: test started suite=0 test=317 name="interop/_control/head (reth_release)"
Sep 23 03:02:11.502 INF API: test ended suite=0 test=317 pass=false
Sep 23 03:02:11.503 INF API: test started suite=0 test=318 name="interop/_control/latest (reth_release)"
Sep 23 03:02:11.504 INF API: test ended suite=0 test=318 pass=false
Sep 23 03:02:11.505 INF API: test started suite=0 test=319 name="interop/_control/version (reth_release)"
Sep 23 03:02:11.506 INF API: test ended suite=0 test=319 pass=false
Sep 23 03:02:11.507 INF API: test started suite=0 test=320 name="interop/auth-clear (reth_release)"
Sep 23 03:02:11.509 INF API: test ended suite=0 test=320 pass=false
Sep 23 03:02:11.510 INF API: test started suite=0 test=321 name="interop/auth-set-revert (reth_release)"
Sep 23 03:02:11.511 INF API: test ended suite=0 test=321 pass=false
Sep 23 03:02:11.512 INF API: test started suite=0 test=322 name="interop/call-gas7400 (reth_release)"
Sep 23 03:02:11.519 INF API: test ended suite=0 test=322 pass=false
Sep 23 03:02:11.520 INF API: test started suite=0 test=323 name="interop/call-mcopy (reth_release)"
Sep 23 03:02:11.522 INF API: test ended suite=0 test=323 pass=false
Sep 23 03:02:11.523 INF API: test started suite=0 test=324 name="interop/call-mixed-create (reth_release)"
Sep 23 03:02:11.526 INF API: test ended suite=0 test=324 pass=false
Sep 23 03:02:11.526 INF API: test started suite=0 test=325 name="interop/call-return42 (reth_release)"
Sep 23 03:02:11.528 INF API: test ended suite=0 test=325 pass=false
Sep 23 03:02:11.529 INF API: test started suite=0 test=326 name="interop/call-siblings-revert-ok (reth_release)"
Sep 23 03:02:11.532 INF API: test ended suite=0 test=326 pass=false
Sep 23 03:02:11.533 INF API: test started suite=0 test=327 name="interop/constructor (reth_release)"
Sep 23 03:02:11.535 INF API: test ended suite=0 test=327 pass=false
Sep 23 03:02:11.536 INF API: test started suite=0 test=328 name="interop/control-code-gas7400 (reth_release)"
Sep 23 03:02:11.537 INF API: test ended suite=0 test=328 pass=false
Sep 23 03:02:11.538 INF API: test started suite=0 test=329 name="interop/control-code-siblings-revert-ok (reth_release)"
Sep 23 03:02:11.539 INF API: test ended suite=0 test=329 pass=false
Sep 23 03:02:11.540 INF API: test started suite=0 test=330 name="interop/control-head (reth_release)"
Sep 23 03:02:11.541 INF API: test ended suite=0 test=330 pass=false
Sep 23 03:02:11.542 INF API: test started suite=0 test=331 name="interop/control-height (reth_release)"
Sep 23 03:02:11.543 INF API: test ended suite=0 test=331 pass=false
Sep 23 03:02:11.543 INF API: test started suite=0 test=332 name="interop/debug-gas7400-opcodes (reth_release)"
Sep 23 03:02:11.545 INF API: test ended suite=0 test=332 pass=false
Sep 23 03:02:11.545 INF API: test started suite=0 test=333 name="interop/debug-mixed-create (reth_release)"
Sep 23 03:02:11.547 INF API: test ended suite=0 test=333 pass=false
Sep 23 03:02:11.547 INF API: test started suite=0 test=334 name="interop/debug-siblings-revert-ok (reth_release)"
Sep 23 03:02:11.549 INF API: test ended suite=0 test=334 pass=false
Sep 23 03:02:11.550 INF API: test started suite=0 test=335 name="interop/many-storage-write-revert-read (reth_release)"
Sep 23 03:02:11.551 INF API: test ended suite=0 test=335 pass=false
Sep 23 03:02:11.552 INF API: test started suite=0 test=336 name="interop/raw-below-basefee-stateDiff (reth_release)"
Sep 23 03:02:11.554 INF API: test ended suite=0 test=336 pass=false
Sep 23 03:02:11.554 INF API: test started suite=0 test=337 name="interop/raw-below-basefee-trace (reth_release)"
Sep 23 03:02:11.555 INF API: test ended suite=0 test=337 pass=false
Sep 23 03:02:11.556 INF API: test started suite=0 test=338 name="interop/raw-below-basefee-vmTrace (reth_release)"
Sep 23 03:02:11.557 INF API: test ended suite=0 test=338 pass=false
Sep 23 03:02:11.558 INF API: test started suite=0 test=339 name="interop/raw-below-basefee (reth_release)"
Sep 23 03:02:11.559 INF API: test ended suite=0 test=339 pass=false
Sep 23 03:02:11.560 INF API: test started suite=0 test=340 name="interop/raw-insufficient-funds-stateDiff (reth_release)"
Sep 23 03:02:11.561 INF API: test ended suite=0 test=340 pass=false
Sep 23 03:02:11.562 INF API: test started suite=0 test=341 name="interop/raw-insufficient-funds-trace (reth_release)"
Sep 23 03:02:11.563 INF API: test ended suite=0 test=341 pass=false
Sep 23 03:02:11.564 INF API: test started suite=0 test=342 name="interop/raw-insufficient-funds-vmTrace (reth_release)"
Sep 23 03:02:11.565 INF API: test ended suite=0 test=342 pass=false
Sep 23 03:02:11.566 INF API: test started suite=0 test=343 name="interop/raw-insufficient-funds (reth_release)"
Sep 23 03:02:11.568 INF API: test ended suite=0 test=343 pass=false
Sep 23 03:02:11.568 INF API: test started suite=0 test=344 name="interop/raw-low-gas-stateDiff (reth_release)"
Sep 23 03:02:11.570 INF API: test ended suite=0 test=344 pass=false
Sep 23 03:02:11.570 INF API: test started suite=0 test=345 name="interop/raw-low-gas-trace (reth_release)"
Sep 23 03:02:11.571 INF API: test ended suite=0 test=345 pass=false
Sep 23 03:02:11.572 INF API: test started suite=0 test=346 name="interop/raw-low-gas-vmTrace (reth_release)"
Sep 23 03:02:11.573 INF API: test ended suite=0 test=346 pass=false
Sep 23 03:02:11.574 INF API: test started suite=0 test=347 name="interop/raw-low-gas (reth_release)"
Sep 23 03:02:11.575 INF API: test ended suite=0 test=347 pass=false
Sep 23 03:02:11.576 INF API: test started suite=0 test=348 name="interop/raw-nonce-high-stateDiff (reth_release)"
Sep 23 03:02:11.577 INF API: test ended suite=0 test=348 pass=false
Sep 23 03:02:11.578 INF API: test started suite=0 test=349 name="interop/raw-nonce-high-trace (reth_release)"
Sep 23 03:02:11.579 INF API: test ended suite=0 test=349 pass=false
Sep 23 03:02:11.580 INF API: test started suite=0 test=350 name="interop/raw-nonce-high-vmTrace (reth_release)"
Sep 23 03:02:11.582 INF API: test ended suite=0 test=350 pass=false
Sep 23 03:02:11.582 INF API: test started suite=0 test=351 name="interop/raw-nonce-high (reth_release)"
Sep 23 03:02:11.583 INF API: test ended suite=0 test=351 pass=false
Sep 23 03:02:11.584 INF API: test started suite=0 test=352 name="interop/raw-valid-stateDiff (reth_release)"
Sep 23 03:02:11.585 INF API: test ended suite=0 test=352 pass=false
Sep 23 03:02:11.586 INF API: test started suite=0 test=353 name="interop/raw-valid-trace (reth_release)"
Sep 23 03:02:11.588 INF API: test ended suite=0 test=353 pass=false
Sep 23 03:02:11.589 INF API: test started suite=0 test=354 name="interop/raw-valid-vmTrace (reth_release)"
Sep 23 03:02:11.590 INF API: test ended suite=0 test=354 pass=false
Sep 23 03:02:11.591 INF API: test started suite=0 test=355 name="interop/raw-valid (reth_release)"
Sep 23 03:02:11.592 INF API: test ended suite=0 test=355 pass=false
Sep 23 03:02:11.593 INF API: test started suite=0 test=356 name="interop/raw-wrong-chain-stateDiff (reth_release)"
Sep 23 03:02:11.594 INF API: test ended suite=0 test=356 pass=false
Sep 23 03:02:11.595 INF API: test started suite=0 test=357 name="interop/raw-wrong-chain-trace (reth_release)"
Sep 23 03:02:11.596 INF API: test ended suite=0 test=357 pass=false
Sep 23 03:02:11.596 INF API: test started suite=0 test=358 name="interop/raw-wrong-chain-vmTrace (reth_release)"
Sep 23 03:02:11.597 INF API: test ended suite=0 test=358 pass=false
Sep 23 03:02:11.598 INF API: test started suite=0 test=359 name="interop/raw-wrong-chain (reth_release)"
Sep 23 03:02:11.599 INF API: test ended suite=0 test=359 pass=false
Sep 23 03:02:11.600 INF API: test started suite=0 test=360 name="interop/state-only-nonempty-output (reth_release)"
Sep 23 03:02:11.601 INF API: test ended suite=0 test=360 pass=false
Sep 23 03:02:12.374 INF API: test ended suite=0 test=316 pass=true
Sep 23 03:02:12.385 INF API: suite ended suite=0
Sep 23 03:02:12.818 INF simulation ethereum/rpc-compat finished suites=1 tests=360 failed=352
352 tests failed
