Sep 23 03:15:53.539 INF building image image=hive/hiveproxy nocache=false pull=false
Sep 23 03:15:53.605 INF building 1 clients...
Sep 23 03:15:53.605 INF building image image=hive/clients/go-ethereum_trace:latest dir=clients/go-ethereum nocache=false pull=false baseimage=trace-interop/go-ethereum tag=da6869fd3865980fef80bfa418746c825c6854d3dca32b9fa2ec92738be4e849
Sep 23 03:15:53.774 INF building 1 simulators...
Sep 23 03:15:53.774 INF building image image=hive/simulators/ethereum/rpc-compat:latest dir=simulators/ethereum/rpc-compat nocache=false pull=false
Sep 23 03:15:53.849 INF creating output directory folder=/home/banteg/dev/trace-harness-audit/evidence/2026-09-23/harness-audit-geth-precompiles/hive
Sep 23 03:15:53.856 INF running simulation: ethereum/rpc-compat
Sep 23 03:15:54.186 INF hiveproxy started container=1c17fbcc9c0d addr=172.17.0.2:8081
Sep 23 03:15:54.538 INF API: suite started suite=0 name=rpc-compat
Sep 23 03:15:54.539 INF API: test started suite=0 test=1 name="client launch (go-ethereum_trace)"
Sep 23 03:15:56.492 INF API: client go-ethereum_trace started suite=0 test=1 container=d6b6a4cb
Sep 23 03:15:56.507 INF API: test started suite=0 test=2 name="interop/_control/head (go-ethereum_trace)"
Sep 23 03:15:56.523 INF API: test ended suite=0 test=2 pass=false
Sep 23 03:15:56.524 INF API: test started suite=0 test=3 name="interop/_control/latest (go-ethereum_trace)"
Sep 23 03:15:56.543 INF API: test ended suite=0 test=3 pass=false
Sep 23 03:15:56.544 INF API: test started suite=0 test=4 name="interop/_control/version (go-ethereum_trace)"
Sep 23 03:15:56.558 INF API: test ended suite=0 test=4 pass=false
Sep 23 03:15:56.560 INF API: test started suite=0 test=5 name="interop/nested-call-value0-failed (go-ethereum_trace)"
Sep 23 03:15:56.563 INF API: test ended suite=0 test=5 pass=false
Sep 23 03:15:56.564 INF API: test started suite=0 test=6 name="interop/nested-call-value0-success (go-ethereum_trace)"
Sep 23 03:15:56.566 INF API: test ended suite=0 test=6 pass=false
Sep 23 03:15:56.567 INF API: test started suite=0 test=7 name="interop/nested-call-value1-failed (go-ethereum_trace)"
Sep 23 03:15:56.569 INF API: test ended suite=0 test=7 pass=false
Sep 23 03:15:56.569 INF API: test started suite=0 test=8 name="interop/nested-call-value1-success (go-ethereum_trace)"
Sep 23 03:15:56.571 INF API: test ended suite=0 test=8 pass=false
Sep 23 03:15:56.572 INF API: test started suite=0 test=9 name="interop/nested-callcode-value0-failed (go-ethereum_trace)"
Sep 23 03:15:56.575 INF API: test ended suite=0 test=9 pass=false
Sep 23 03:15:56.576 INF API: test started suite=0 test=10 name="interop/nested-callcode-value0-success (go-ethereum_trace)"
Sep 23 03:15:56.578 INF API: test ended suite=0 test=10 pass=false
Sep 23 03:15:56.579 INF API: test started suite=0 test=11 name="interop/nested-callcode-value1-failed (go-ethereum_trace)"
Sep 23 03:15:56.581 INF API: test ended suite=0 test=11 pass=false
Sep 23 03:15:56.582 INF API: test started suite=0 test=12 name="interop/nested-callcode-value1-success (go-ethereum_trace)"
Sep 23 03:15:56.586 INF API: test ended suite=0 test=12 pass=false
Sep 23 03:15:56.586 INF API: test started suite=0 test=13 name="interop/nested-delegatecall-value0-failed (go-ethereum_trace)"
Sep 23 03:15:56.589 INF API: test ended suite=0 test=13 pass=false
Sep 23 03:15:56.590 INF API: test started suite=0 test=14 name="interop/nested-delegatecall-value0-success (go-ethereum_trace)"
Sep 23 03:15:56.592 INF API: test ended suite=0 test=14 pass=false
Sep 23 03:15:56.593 INF API: test started suite=0 test=15 name="interop/nested-delegatecall-value1-failed (go-ethereum_trace)"
Sep 23 03:15:56.595 INF API: test ended suite=0 test=15 pass=false
Sep 23 03:15:56.595 INF API: test started suite=0 test=16 name="interop/nested-delegatecall-value1-success (go-ethereum_trace)"
Sep 23 03:15:56.598 INF API: test ended suite=0 test=16 pass=false
Sep 23 03:15:56.599 INF API: test started suite=0 test=17 name="interop/nested-staticcall-value0-failed (go-ethereum_trace)"
Sep 23 03:15:56.601 INF API: test ended suite=0 test=17 pass=false
Sep 23 03:15:56.602 INF API: test started suite=0 test=18 name="interop/nested-staticcall-value0-success (go-ethereum_trace)"
Sep 23 03:15:56.604 INF API: test ended suite=0 test=18 pass=false
Sep 23 03:15:56.605 INF API: test started suite=0 test=19 name="interop/root-failed (go-ethereum_trace)"
Sep 23 03:15:56.607 INF API: test ended suite=0 test=19 pass=false
Sep 23 03:15:56.608 INF API: test started suite=0 test=20 name="interop/root-success (go-ethereum_trace)"
Sep 23 03:15:56.610 INF API: test ended suite=0 test=20 pass=false
Sep 23 03:15:56.890 INF API: test ended suite=0 test=1 pass=true
Sep 23 03:15:56.899 INF API: suite ended suite=0
Sep 23 03:15:57.303 INF simulation ethereum/rpc-compat finished suites=1 tests=20 failed=19
19 tests failed
