starting main client: /opt/besu/bin/besu --data-storage-format=BONSAI --logging=INFO --color-enabled=false --genesis-file=/genesis.json  --target-gas-limit=60000000 --min-gas-price=1 --tx-pool-price-bump=0 --rpc-gas-cap=50000000 --network-id=3503995874084926 --sync-mode=FULL --snapsync-server-enabled --host-allowlist=* --rpc-http-enabled --rpc-http-api=DEBUG,TRACE,ETH,NET,TXPOOL,WEB3,ADMIN,TESTING --rpc-http-host=0.0.0.0 --rpc-ws-enabled --rpc-ws-api=DEBUG,TRACE,ETH,NET,TXPOOL,WEB3,ADMIN,TESTING --rpc-ws-host=0.0.0.0 --engine-host-allowlist=* --engine-jwt-secret /jwtsecret blocks import --run --skip-pow-validation-enabled --from=/chain.rlp
2026-09-24 19:04:58.720+0000 | main | INFO  | BlocksSubCommand | Import RLP block data from 1 files
2026-09-24 19:04:58.790+0000 | main | INFO  | KZGPointEvalPrecompiledContract | Loading network trusted setup from classpath resource /kzg-trusted-setups/mainnet.txt
2026-09-24 19:05:01.920+0000 | main | WARN  | Besu | Forcing --bonsai-limit-trie-logs-enabled=false, since it cannot be enabled with --sync-mode=FULL and --data-storage-format=BONSAI.
2026-09-24 19:05:02.616+0000 | main | WARN  | Besu | Forcing tx-pool-min-gas-price=1, since it cannot be greater than the value of min-gas-price
2026-09-24 19:05:02.656+0000 | main | INFO  | KeyPairUtil | Generated new secp256k1 public key 0x71382f6ccd871d14e94ff0492bbaacc8b1431e5ae039ccddfb780e34097c85f4f617c29a701985741bdd719d4717724d46ddbf14f651f0102d606b19dbaae05d and stored it to /opt/besu/key
2026-09-24 19:05:02.822+0000 | main | INFO  | ProtocolScheduleBuilder | Protocol schedule created with milestones: [Prague:0]
2026-09-24 19:05:02.826+0000 | main | INFO  | RocksDBKeyValueStorageFactory | No existing database at /opt/besu. Using default metadata for new db versionedStorageFormat=BaseVersionedStorageFormat{format=BONSAI, version=3}
2026-09-24 19:05:03.253+0000 | main | INFO  | FlatDbStrategyProvider | Flat db mode found FULL
2026-09-24 19:05:03.258+0000 | main | INFO  | FlatDbStrategyProvider | DB mode with code stored using code hash enabled = true
2026-09-24 19:05:03.279+0000 | main | INFO  | FlatDbStrategyProvider | Flat db mode found FULL
2026-09-24 19:05:03.281+0000 | main | INFO  | FlatDbStrategyProvider | DB mode with code stored using code hash enabled = true
2026-09-24 19:05:03.801+0000 | main | INFO  | BesuControllerBuilder | Adding ChainDataPruner to observe block added events
2026-09-24 19:05:03.809+0000 | main | INFO  | BesuControllerBuilder | BAL pruning enabled | BALs retained: 113056 | Frequency: 256
2026-09-24 19:05:03.870+0000 | main | INFO  | TransactionPoolFactory | Enabling transaction pool
2026-09-24 19:05:03.904+0000 | main | INFO  | EthPeers | Updating the default best peer comparator
2026-09-24 19:05:03.926+0000 | main | INFO  | BesuControllerBuilder | TTD difficulty is present, creating initial sync for PoS
2026-09-24 19:05:03.976+0000 | main | INFO  | BlocksSubCommand | Importing from /chain.rlp
2026-09-24 19:05:04.925+0000 | main | INFO  | RlpBlockImporter | Import at block 48 / 6719035 gas 895930 micros / Mgps 7.499508890203476 segment 7.499927445640041 cumulative
Setting logging level to INFO
2026-09-24 19:05:04.929+0000 | main | INFO  | Besu | Starting Besu
2026-09-24 19:05:05.111+0000 | main | WARN  | Besu | --graphql-http-host has been ignored because --graphql-http-enabled was not defined on the command line.
2026-09-24 19:05:05.189+0000 | main | INFO  | Besu | RPC HTTP JSON-RPC config: JsonRpcConfiguration{enabled=true, port=8545, host=0.0.0.0, corsAllowedDomains=[], hostsAllowlist=[*], rpcApis=[DEBUG, TRACE, ETH, NET, TXPOOL, WEB3, ADMIN, TESTING], authenticationEnabled=false, authenticationCredentialsFile=null, authenticationPublicKeyFile=null, tlsConfiguration=Optional.empty, httpTimeoutSec=30, maxActiveConnections=80, maxBatchSize=1024}
2026-09-24 19:05:05.191+0000 | main | INFO  | Besu | Engine JSON-RPC config: JsonRpcConfiguration{enabled=true, port=8551, host=0.0.0.0, corsAllowedDomains=[], hostsAllowlist=[*], rpcApis=[ENGINE, ETH], authenticationEnabled=true, authenticationCredentialsFile=null, authenticationPublicKeyFile=/jwtsecret, tlsConfiguration=Optional.empty, httpTimeoutSec=30, maxActiveConnections=80, maxBatchSize=1024}
2026-09-24 19:05:05.201+0000 | main | INFO  | Besu | Connecting to 0 static nodes.
2026-09-24 19:05:05.206+0000 | main | WARN  | Besu | Forcing tx-pool-min-gas-price=1, since it cannot be greater than the value of min-gas-price
2026-09-24 19:05:05.309+0000 | main | INFO  | Besu | 
####################################################################################################
#                                                                                                  #
# Besu version 26.8.1                                                                              #
#                                                                                                  #
# Configuration:                                                                                   #
# Network: Custom genesis file                                                                     #
# /genesis.json                                                                                    #
# Network Id: 3503995874084926                                                                     #
# Data storage: Bonsai                                                                             #
# RocksDB max open files: 1024 (derived from available resources)                                  #
# Sync mode: Full                                                                                  #
# Sync min peers: 5                                                                                #
# RPC HTTP APIs: DEBUG,TRACE,ETH,NET,TXPOOL,WEB3,ADMIN,TESTING                                     #
# RPC HTTP port: 8545                                                                              #
# Engine APIs: ENGINE,ETH                                                                          #
# Engine port: 8551                                                                                #
# Engine JWT: /jwtsecret                                                                           #
# Using LAYERED transaction pool implementation                                                    #
# Using STACKED worldstate update mode                                                             #
# Opcode optimizations enabled                                                                     #
# Parallel transaction processing enabled                                                          #
# BAL pruning enabled (retained BALs: 113056)                                                      #
# Target Gas Limit: 60M                                                                            #
#                                                                                                  #
# Host:                                                                                            #
# Java: openjdk-java-25                                                                            #
# Maximum heap size: 23.41 GB                                                                      #
# OS: linux-x86_64                                                                                 #
# glibc: 2.39                                                                                      #
# jemalloc: 5.3.0-0-g54eaed1d8b56b1aa528be3bdd1877e59c56fa90c                                      #
# Total memory: 93.60 GB                                                                           #
# CPU cores: 22                                                                                    #
#                                                                                                  #
# Plugin Registration Summary:                                                                     #
# No plugins have been registered.                                                                 #
# TOTAL = 0 of 0 plugins successfully registered.                                                  #
#                                                                                                  #
####################################################################################################
2026-09-24 19:05:05.310+0000 | main | INFO  | Besu | Security Module: localfile
2026-09-24 19:05:05.311+0000 | main | INFO  | VersionMetadata | Lookup version metadata file in data directory: /opt/besu
2026-09-24 19:05:05.311+0000 | main | INFO  | VersionMetadata | No version data detected. Writing Besu version 26.8.1 to metadata file
2026-09-24 19:05:05.315+0000 | main | INFO  | Besu | Using the native implementation of alt bn128
2026-09-24 19:05:05.315+0000 | main | INFO  | Besu | Using the Java implementation of modexp
2026-09-24 19:05:05.316+0000 | main | INFO  | Besu | Using the native implementation of the signature algorithm
2026-09-24 19:05:05.322+0000 | main | INFO  | Besu | Using the native implementation of the blake2bf algorithm
2026-09-24 19:05:05.450+0000 | main | INFO  | Besu | Using the native BoringSSL implementation of p256verify
2026-09-24 19:05:05.489+0000 | main | WARN  | Besu | Forcing tx-pool-min-gas-price=1, since it cannot be greater than the value of min-gas-price
2026-09-24 19:05:05.491+0000 | main | INFO  | ProtocolScheduleBuilder | Protocol schedule created with milestones: [Prague:0]
2026-09-24 19:05:05.492+0000 | main | INFO  | FlatDbStrategyProvider | Flat db mode found FULL
2026-09-24 19:05:05.492+0000 | main | INFO  | FlatDbStrategyProvider | DB mode with code stored using code hash enabled = true
2026-09-24 19:05:05.493+0000 | main | INFO  | FlatDbStrategyProvider | Flat db mode found FULL
2026-09-24 19:05:05.493+0000 | main | INFO  | FlatDbStrategyProvider | DB mode with code stored using code hash enabled = true
2026-09-24 19:05:05.502+0000 | main | INFO  | BesuControllerBuilder | Adding ChainDataPruner to observe block added events
2026-09-24 19:05:05.502+0000 | main | INFO  | BesuControllerBuilder | BAL pruning enabled | BALs retained: 113056 | Frequency: 256
2026-09-24 19:05:05.504+0000 | main | INFO  | TransactionPoolFactory | Enabling transaction pool
2026-09-24 19:05:05.505+0000 | main | INFO  | EthPeers | Updating the default best peer comparator
2026-09-24 19:05:05.505+0000 | main | INFO  | BesuControllerBuilder | TTD difficulty is present, creating initial sync for PoS
2026-09-24 19:05:05.506+0000 | main | INFO  | RunnerBuilder | Resolved 0 bootnodes.
2026-09-24 19:05:05.515+0000 | main | INFO  | RunnerBuilder | Detecting NAT service.
2026-09-24 19:05:05.544+0000 | main | INFO  | CompositePeerDiscoveryAgentFactory | Peer discovery mode: V4 (requested=V4, V4=true, V5=false)
2026-09-24 19:05:05.832+0000 | main | INFO  | Runner | Starting external services ... 
2026-09-24 19:05:05.833+0000 | main | INFO  | JsonRpcHttpService | Starting JSON-RPC service on 0.0.0.0:8545
2026-09-24 19:05:05.917+0000 | vert.x-eventloop-thread-1 | INFO  | JsonRpcHttpService | JSON-RPC service started and listening on 0.0.0.0:8545
2026-09-24 19:05:05.917+0000 | main | INFO  | EngineJsonRpcService | Starting JSON-RPC service on 0.0.0.0:8551
2026-09-24 19:05:05.921+0000 | vert.x-eventloop-thread-1 | INFO  | EngineJsonRpcService | JSON-RPC service started and listening on 0.0.0.0:8551
2026-09-24 19:05:05.922+0000 | main | INFO  | WebSocketService | Starting Websocket service on 0.0.0.0:8546
2026-09-24 19:05:05.925+0000 | vert.x-eventloop-thread-1 | INFO  | WebSocketService | Websocket service started and listening on 0.0.0.0:8546
2026-09-24 19:05:05.926+0000 | main | INFO  | AutoTransactionLogBloomCachingService | Starting auto transaction log bloom caching service.
2026-09-24 19:05:05.927+0000 | main | INFO  | LogBloomCacheMetadata | Lookup cache metadata file in data directory: /opt/besu/caches
2026-09-24 19:05:05.938+0000 | main | INFO  | Runner | Starting Ethereum main loop ... 
2026-09-24 19:05:05.939+0000 | main | INFO  | DockerNatManager | Starting docker NAT manager.
2026-09-24 19:05:05.947+0000 | main | INFO  | NetworkRunner | Starting Network.
2026-09-24 19:05:05.959+0000 | nioEventLoopGroup-2-1 | INFO  | RlpxAgent | P2P RLPx agent started and listening on /[0:0:0:0:0:0:0:0]:30303.
2026-09-24 19:05:05.960+0000 | main | INFO  | CompositePeerDiscoveryAgent | Starting discovery on shared UDP socket (V4 only)
2026-09-24 19:05:05.971+0000 | disc-shared-eventloop | INFO  | PeerDiscoveryAgentV4 | Starting peer discovery agent on host=0.0.0.0, port=30303. IPv6 available.
2026-09-24 19:05:06.005+0000 | disc-shared-eventloop | INFO  | NodeRecordManager | Writing node record to disk. NodeRecord{seq=1, publicKey=0x0371382f6ccd871d14e94ff0492bbaacc8b1431e5ae039ccddfb780e34097c85f4, udpAddress=Optional[/127.0.0.1:30303], tcpAddress=Optional[/127.0.0.1:30303], quicAddress=Optional.empty, udp6Address=Optional.empty, tcp6Address=Optional.empty, quic6Address=Optional.empty, asBase64=-Je4QFCYBqKRXVbP-7QDjC24N9EZDX3fTmiUSZ6jEkawN41DYeuH7Q0juQnDuVak_mJekf56fng6SlrLrOaAWhY7aVQBg2V0aMfGhEZU-baAgmlkgnY0gmlwhH8AAAGJc2VjcDI1NmsxoQNxOC9szYcdFOlP8EkruqzIsUMeWuA5zN37eA40CXyF9IN0Y3CCdl-DdWRwgnZf, nodeId=0x10924d9506cd0d20b12834ebfd9f3a648541e04332385f277b59be7c236cb134, customFields={tcp=30303, udp=30303, eth=[[0x4654f9b6, 0x]], id=V4, ip=0x7f000001, secp256k1=0x0371382f6ccd871d14e94ff0492bbaacc8b1431e5ae039ccddfb780e34097c85f4}}
2026-09-24 19:05:06.026+0000 | disc-shared-eventloop | INFO  | PeerDiscoveryAgentV4 | P2P peer discovery agent started and listening on /0.0.0.0:30303
2026-09-24 19:05:06.029+0000 | main | INFO  | DefaultP2PNetwork | Enode URL enode://71382f6ccd871d14e94ff0492bbaacc8b1431e5ae039ccddfb780e34097c85f4f617c29a701985741bdd719d4717724d46ddbf14f651f0102d606b19dbaae05d@127.0.0.1:30303
2026-09-24 19:05:06.031+0000 | main | INFO  | DefaultP2PNetwork | ENR URL enr:-Je4QFCYBqKRXVbP-7QDjC24N9EZDX3fTmiUSZ6jEkawN41DYeuH7Q0juQnDuVak_mJekf56fng6SlrLrOaAWhY7aVQBg2V0aMfGhEZU-baAgmlkgnY0gmlwhH8AAAGJc2VjcDI1NmsxoQNxOC9szYcdFOlP8EkruqzIsUMeWuA5zN37eA40CXyF9IN0Y3CCdl-DdWRwgnZf
2026-09-24 19:05:06.031+0000 | main | INFO  | DefaultP2PNetwork | Node address 0xfd9f3a648541e04332385f277b59be7c236cb134
2026-09-24 19:05:06.040+0000 | main | INFO  | NetworkRunner | Supported capabilities: [eth/68, eth/69, eth/70, eth/71], [snap/1]
2026-09-24 19:05:06.041+0000 | main | INFO  | DefaultSynchronizer | Starting synchronizer.
2026-09-24 19:05:06.045+0000 | main | INFO  | TransactionPoolFactory | Enabling transaction handling following initial sync
2026-09-24 19:05:06.050+0000 | main | INFO  | SnapServer | Starting SnapServer with Bonsai full flat db
2026-09-24 19:05:06.059+0000 | main | INFO  | DefaultSynchronizer | Stopping block propagation.
2026-09-24 19:05:06.060+0000 | main | INFO  | DefaultSynchronizer | Stopping the pruner.
2026-09-24 19:05:06.061+0000 | main | INFO  | Runner | Ethereum main loop is up.
2026-09-24 19:05:06.221+0000 | engine-ordered-execution-0 | INFO  | EngineForkchoiceUpdatedV3 | FCU(VALID) | head: f0b15.....15e84 | safe: f0b15.....15e84 | finalized: 9901d.....7d54c
