Sep 21 21:01:00.225 INF building image image=hive/hiveproxy nocache=false pull=false
Sep 21 21:01:00.293 INF building 8 clients...
Sep 21 21:01:00.293 INF building image image=hive/clients/besu_development:latest dir=clients/besu nocache=false pull=false baseimage=trace-interop/besu tag=a85249905183f65c98c9e8c282955e40487c4ff8af8db8b8e306d58292231744
Sep 21 21:01:00.435 INF building image image=hive/clients/besu_release:latest dir=clients/besu nocache=false pull=false baseimage=trace-interop/besu tag=f3713c713ca4f9e89c09e1478d2a85116ba9ce8343129d709420ba2af009598b
Sep 21 21:01:00.580 INF building image image=hive/clients/erigon_development:latest dir=clients/erigon nocache=false pull=false baseimage=trace-interop/erigon tag=8269576669f1b4a55572ee7d1a7e4489244cd57bb545293391d1ebd5e0fac002
Sep 21 21:01:00.720 INF building image image=hive/clients/erigon_release:latest dir=clients/erigon nocache=false pull=false baseimage=trace-interop/erigon tag=8668d9c5adc01ad1d12aa25380e384079080bdde7e0ce93f11bed422d82ca0ac
Sep 21 21:01:51.866 INF building image image=hive/clients/nethermind_development:latest dir=clients/nethermind nocache=false pull=false baseimage=trace-interop/nethermind tag=e68f6cd253c312443b306b7e1e61381a38fd174dd16fe7e9bc55487245718182
Sep 21 21:01:52.002 INF building image image=hive/clients/nethermind_release:latest dir=clients/nethermind nocache=false pull=false baseimage=trace-interop/nethermind tag=a5098d75bfa8d4da1992ba8404b357fde6d53241315396e26b88e16e5f67bb59
Sep 21 21:01:52.139 INF building image image=hive/clients/reth_development:latest dir=clients/reth nocache=false pull=false baseimage=trace-interop/reth tag=1d6a97ef686d7c6099c5426c77334ca5891ce5d362fe5f3049ac2ea0df76de86
Sep 21 21:01:52.256 INF building image image=hive/clients/reth_release:latest dir=clients/reth nocache=false pull=false baseimage=trace-interop/reth tag=e939dc4a471d9d27224e430f607a954d692ca5037a1350ee2036397d14532ca7
Sep 21 21:01:52.372 INF building 1 simulators...
Sep 21 21:01:52.372 INF building image image=hive/simulators/ethereum/rpc-compat:latest dir=simulators/ethereum/rpc-compat nocache=false pull=false
Sep 21 21:02:14.043 INF creating output directory folder=/home/banteg/dev/trace-interop/runs/verified-reorg-safe/hive
Sep 21 21:02:14.052 INF running simulation: ethereum/rpc-compat
Sep 21 21:02:14.345 INF hiveproxy started container=18536d21d666 addr=172.17.0.2:8081
Sep 21 21:02:14.653 INF API: suite started suite=0 name=rpc-compat
Sep 21 21:02:14.654 INF API: test started suite=0 test=1 name="client launch (besu_development)"
Sep 21 21:02:23.376 INF API: client besu_development started suite=0 test=1 container=bad66cb1
Sep 21 21:02:23.598 INF API: test started suite=0 test=2 name="interop/_control/head (besu_development)"
Sep 21 21:02:23.652 INF API: test ended suite=0 test=2 pass=false
Sep 21 21:02:23.653 INF API: test started suite=0 test=3 name="interop/_control/version (besu_development)"
Sep 21 21:02:23.672 INF API: test ended suite=0 test=3 pass=false
Sep 21 21:02:23.674 INF API: test started suite=0 test=4 name="interop/before/block-tail (besu_development)"
Sep 21 21:02:23.749 INF API: test ended suite=0 test=4 pass=false
Sep 21 21:02:23.750 INF API: test started suite=0 test=5 name="interop/before/filter-tail (besu_development)"
Sep 21 21:02:23.844 INF API: test ended suite=0 test=5 pass=false
Sep 21 21:02:23.846 INF API: test started suite=0 test=6 name="interop/before/head (besu_development)"
Sep 21 21:02:23.865 INF API: test ended suite=0 test=6 pass=false
Sep 21 21:02:23.866 INF API: test started suite=0 test=7 name="interop/before/height (besu_development)"
Sep 21 21:02:23.878 INF API: test ended suite=0 test=7 pass=false
Sep 21 21:02:23.880 INF API: test started suite=0 test=8 name="interop/before/tail-receipt (besu_development)"
Sep 21 21:02:23.911 INF API: test ended suite=0 test=8 pass=false
Sep 21 21:02:24.052 INF API: test started suite=0 test=9 name="interop/after/block-tail (besu_development)"
Sep 21 21:02:25.066 INF API: test ended suite=0 test=9 pass=false
Sep 21 21:02:25.068 INF API: test started suite=0 test=10 name="interop/after/filter-tail (besu_development)"
Sep 21 21:02:25.085 INF API: test ended suite=0 test=10 pass=false
Sep 21 21:02:25.086 INF API: test started suite=0 test=11 name="interop/after/head (besu_development)"
Sep 21 21:02:25.103 INF API: test ended suite=0 test=11 pass=false
Sep 21 21:02:25.104 INF API: test started suite=0 test=12 name="interop/after/height (besu_development)"
Sep 21 21:02:25.125 INF API: test ended suite=0 test=12 pass=false
Sep 21 21:02:25.127 INF API: test started suite=0 test=13 name="interop/after/tail-receipt (besu_development)"
Sep 21 21:02:25.130 INF API: test ended suite=0 test=13 pass=false
Sep 21 21:02:25.151 INF API: test started suite=0 test=14 name="interop/restored/block-tail (besu_development)"
Sep 21 21:02:25.158 INF API: test ended suite=0 test=14 pass=false
Sep 21 21:02:25.159 INF API: test started suite=0 test=15 name="interop/restored/filter-tail (besu_development)"
Sep 21 21:02:25.177 INF API: test ended suite=0 test=15 pass=false
Sep 21 21:02:25.178 INF API: test started suite=0 test=16 name="interop/restored/head (besu_development)"
Sep 21 21:02:25.183 INF API: test ended suite=0 test=16 pass=false
Sep 21 21:02:25.184 INF API: test started suite=0 test=17 name="interop/restored/height (besu_development)"
Sep 21 21:02:25.188 INF API: test ended suite=0 test=17 pass=false
Sep 21 21:02:25.189 INF API: test started suite=0 test=18 name="interop/restored/tail-receipt (besu_development)"
Sep 21 21:02:25.194 INF API: test ended suite=0 test=18 pass=false
Sep 21 21:02:25.544 INF API: test ended suite=0 test=1 pass=true
Sep 21 21:02:25.545 INF API: test started suite=0 test=19 name="client launch (besu_release)"
Sep 21 21:02:35.269 INF API: client besu_release started suite=0 test=19 container=25bbb4d9
Sep 21 21:02:35.520 INF API: test started suite=0 test=20 name="interop/_control/head (besu_release)"
Sep 21 21:02:35.568 INF API: test ended suite=0 test=20 pass=false
Sep 21 21:02:35.569 INF API: test started suite=0 test=21 name="interop/_control/version (besu_release)"
Sep 21 21:02:35.581 INF API: test ended suite=0 test=21 pass=false
Sep 21 21:02:35.583 INF API: test started suite=0 test=22 name="interop/before/block-tail (besu_release)"
Sep 21 21:02:35.643 INF API: test ended suite=0 test=22 pass=false
Sep 21 21:02:35.644 INF API: test started suite=0 test=23 name="interop/before/filter-tail (besu_release)"
Sep 21 21:02:35.717 INF API: test ended suite=0 test=23 pass=false
Sep 21 21:02:35.718 INF API: test started suite=0 test=24 name="interop/before/head (besu_release)"
Sep 21 21:02:35.736 INF API: test ended suite=0 test=24 pass=false
Sep 21 21:02:35.737 INF API: test started suite=0 test=25 name="interop/before/height (besu_release)"
Sep 21 21:02:35.750 INF API: test ended suite=0 test=25 pass=false
Sep 21 21:02:35.751 INF API: test started suite=0 test=26 name="interop/before/tail-receipt (besu_release)"
Sep 21 21:02:35.775 INF API: test ended suite=0 test=26 pass=false
Sep 21 21:02:35.925 INF API: test started suite=0 test=27 name="interop/after/block-tail (besu_release)"
Sep 21 21:02:38.946 INF API: test ended suite=0 test=27 pass=false
Sep 21 21:02:38.948 INF API: test started suite=0 test=28 name="interop/after/filter-tail (besu_release)"
Sep 21 21:02:38.965 INF API: test ended suite=0 test=28 pass=false
Sep 21 21:02:38.966 INF API: test started suite=0 test=29 name="interop/after/head (besu_release)"
Sep 21 21:02:38.981 INF API: test ended suite=0 test=29 pass=false
Sep 21 21:02:38.982 INF API: test started suite=0 test=30 name="interop/after/height (besu_release)"
Sep 21 21:02:38.986 INF API: test ended suite=0 test=30 pass=false
Sep 21 21:02:38.986 INF API: test started suite=0 test=31 name="interop/after/tail-receipt (besu_release)"
Sep 21 21:02:38.990 INF API: test ended suite=0 test=31 pass=false
Sep 21 21:02:39.006 INF API: test started suite=0 test=32 name="interop/restored/block-tail (besu_release)"
Sep 21 21:02:39.013 INF API: test ended suite=0 test=32 pass=false
Sep 21 21:02:39.014 INF API: test started suite=0 test=33 name="interop/restored/filter-tail (besu_release)"
Sep 21 21:02:39.035 INF API: test ended suite=0 test=33 pass=false
Sep 21 21:02:39.035 INF API: test started suite=0 test=34 name="interop/restored/head (besu_release)"
Sep 21 21:02:39.040 INF API: test ended suite=0 test=34 pass=false
Sep 21 21:02:39.041 INF API: test started suite=0 test=35 name="interop/restored/height (besu_release)"
Sep 21 21:02:39.044 INF API: test ended suite=0 test=35 pass=false
Sep 21 21:02:39.045 INF API: test started suite=0 test=36 name="interop/restored/tail-receipt (besu_release)"
Sep 21 21:02:39.049 INF API: test ended suite=0 test=36 pass=false
Sep 21 21:02:39.353 INF API: test ended suite=0 test=19 pass=true
Sep 21 21:02:39.354 INF API: test started suite=0 test=37 name="client launch (erigon_development)"
Sep 21 21:02:40.798 INF API: client erigon_development started suite=0 test=37 container=80334662
Sep 21 21:02:40.809 INF API: test started suite=0 test=38 name="interop/_control/head (erigon_development)"
Sep 21 21:02:40.813 INF API: test ended suite=0 test=38 pass=false
Sep 21 21:02:40.814 INF API: test started suite=0 test=39 name="interop/_control/version (erigon_development)"
Sep 21 21:02:40.815 INF API: test ended suite=0 test=39 pass=false
Sep 21 21:02:40.816 INF API: test started suite=0 test=40 name="interop/before/block-tail (erigon_development)"
Sep 21 21:02:40.818 INF API: test ended suite=0 test=40 pass=false
Sep 21 21:02:40.819 INF API: test started suite=0 test=41 name="interop/before/filter-tail (erigon_development)"
Sep 21 21:02:40.826 INF API: test ended suite=0 test=41 pass=false
Sep 21 21:02:40.827 INF API: test started suite=0 test=42 name="interop/before/head (erigon_development)"
Sep 21 21:02:40.828 INF API: test ended suite=0 test=42 pass=false
Sep 21 21:02:40.829 INF API: test started suite=0 test=43 name="interop/before/height (erigon_development)"
Sep 21 21:02:40.830 INF API: test ended suite=0 test=43 pass=false
Sep 21 21:02:40.831 INF API: test started suite=0 test=44 name="interop/before/tail-receipt (erigon_development)"
Sep 21 21:02:40.832 INF API: test ended suite=0 test=44 pass=false
Sep 21 21:02:42.496 INF API: test ended suite=0 test=37 pass=false
Sep 21 21:02:42.497 INF API: test started suite=0 test=45 name="client launch (erigon_release)"
Sep 21 21:02:44.014 INF API: client erigon_release started suite=0 test=45 container=2500264d
Sep 21 21:02:44.026 INF API: test started suite=0 test=46 name="interop/_control/head (erigon_release)"
Sep 21 21:02:44.028 INF API: test ended suite=0 test=46 pass=false
Sep 21 21:02:44.029 INF API: test started suite=0 test=47 name="interop/_control/version (erigon_release)"
Sep 21 21:02:44.030 INF API: test ended suite=0 test=47 pass=false
Sep 21 21:02:44.031 INF API: test started suite=0 test=48 name="interop/before/block-tail (erigon_release)"
Sep 21 21:02:44.033 INF API: test ended suite=0 test=48 pass=false
Sep 21 21:02:44.033 INF API: test started suite=0 test=49 name="interop/before/filter-tail (erigon_release)"
Sep 21 21:02:44.043 INF API: test ended suite=0 test=49 pass=false
Sep 21 21:02:44.044 INF API: test started suite=0 test=50 name="interop/before/head (erigon_release)"
Sep 21 21:02:44.045 INF API: test ended suite=0 test=50 pass=false
Sep 21 21:02:44.046 INF API: test started suite=0 test=51 name="interop/before/height (erigon_release)"
Sep 21 21:02:44.047 INF API: test ended suite=0 test=51 pass=false
Sep 21 21:02:44.047 INF API: test started suite=0 test=52 name="interop/before/tail-receipt (erigon_release)"
Sep 21 21:02:44.049 INF API: test ended suite=0 test=52 pass=false
Sep 21 21:02:44.234 INF API: test started suite=0 test=53 name="interop/after/block-tail (erigon_release)"
Sep 21 21:02:44.238 INF API: test ended suite=0 test=53 pass=false
Sep 21 21:02:44.239 INF API: test started suite=0 test=54 name="interop/after/filter-tail (erigon_release)"
Sep 21 21:02:44.241 INF API: test ended suite=0 test=54 pass=false
Sep 21 21:02:44.241 INF API: test started suite=0 test=55 name="interop/after/head (erigon_release)"
Sep 21 21:02:44.243 INF API: test ended suite=0 test=55 pass=false
Sep 21 21:02:44.243 INF API: test started suite=0 test=56 name="interop/after/height (erigon_release)"
Sep 21 21:02:44.244 INF API: test ended suite=0 test=56 pass=false
Sep 21 21:02:44.245 INF API: test started suite=0 test=57 name="interop/after/tail-receipt (erigon_release)"
Sep 21 21:02:44.246 INF API: test ended suite=0 test=57 pass=false
Sep 21 21:02:44.288 INF API: test started suite=0 test=58 name="interop/restored/block-tail (erigon_release)"
Sep 21 21:02:44.290 INF API: test ended suite=0 test=58 pass=false
Sep 21 21:02:44.290 INF API: test started suite=0 test=59 name="interop/restored/filter-tail (erigon_release)"
Sep 21 21:02:44.300 INF API: test ended suite=0 test=59 pass=false
Sep 21 21:02:44.300 INF API: test started suite=0 test=60 name="interop/restored/head (erigon_release)"
Sep 21 21:02:44.302 INF API: test ended suite=0 test=60 pass=false
Sep 21 21:02:44.303 INF API: test started suite=0 test=61 name="interop/restored/height (erigon_release)"
Sep 21 21:02:44.304 INF API: test ended suite=0 test=61 pass=false
Sep 21 21:02:44.304 INF API: test started suite=0 test=62 name="interop/restored/tail-receipt (erigon_release)"
Sep 21 21:02:44.306 INF API: test ended suite=0 test=62 pass=false
Sep 21 21:02:45.539 INF API: test ended suite=0 test=45 pass=true
Sep 21 21:02:45.541 INF API: test started suite=0 test=63 name="client launch (nethermind_development)"
Sep 21 21:02:53.879 INF API: client nethermind_development started suite=0 test=63 container=1ed9735b
Sep 21 21:02:53.968 INF API: test started suite=0 test=64 name="interop/_control/head (nethermind_development)"
Sep 21 21:02:54.029 INF API: test ended suite=0 test=64 pass=false
Sep 21 21:02:54.031 INF API: test started suite=0 test=65 name="interop/_control/version (nethermind_development)"
Sep 21 21:02:54.035 INF API: test ended suite=0 test=65 pass=false
Sep 21 21:02:54.036 INF API: test started suite=0 test=66 name="interop/before/block-tail (nethermind_development)"
Sep 21 21:02:54.139 INF API: test ended suite=0 test=66 pass=false
Sep 21 21:02:54.140 INF API: test started suite=0 test=67 name="interop/before/filter-tail (nethermind_development)"
Sep 21 21:02:54.175 INF API: test ended suite=0 test=67 pass=false
Sep 21 21:02:54.176 INF API: test started suite=0 test=68 name="interop/before/head (nethermind_development)"
Sep 21 21:02:54.178 INF API: test ended suite=0 test=68 pass=false
Sep 21 21:02:54.178 INF API: test started suite=0 test=69 name="interop/before/height (nethermind_development)"
Sep 21 21:02:54.183 INF API: test ended suite=0 test=69 pass=false
Sep 21 21:02:54.183 INF API: test started suite=0 test=70 name="interop/before/tail-receipt (nethermind_development)"
Sep 21 21:02:54.205 INF API: test ended suite=0 test=70 pass=false
Sep 21 21:02:54.262 INF API: test started suite=0 test=71 name="interop/after/block-tail (nethermind_development)"
Sep 21 21:02:54.265 INF API: test ended suite=0 test=71 pass=false
Sep 21 21:02:54.266 INF API: test started suite=0 test=72 name="interop/after/filter-tail (nethermind_development)"
Sep 21 21:02:54.275 INF API: test ended suite=0 test=72 pass=false
Sep 21 21:02:54.276 INF API: test started suite=0 test=73 name="interop/after/head (nethermind_development)"
Sep 21 21:02:54.277 INF API: test ended suite=0 test=73 pass=false
Sep 21 21:02:54.278 INF API: test started suite=0 test=74 name="interop/after/height (nethermind_development)"
Sep 21 21:02:54.281 INF API: test ended suite=0 test=74 pass=false
Sep 21 21:02:54.282 INF API: test started suite=0 test=75 name="interop/after/tail-receipt (nethermind_development)"
Sep 21 21:02:54.283 INF API: test ended suite=0 test=75 pass=false
Sep 21 21:02:54.287 INF API: test started suite=0 test=76 name="interop/restored/block-tail (nethermind_development)"
Sep 21 21:02:54.290 INF API: test ended suite=0 test=76 pass=false
Sep 21 21:02:54.291 INF API: test started suite=0 test=77 name="interop/restored/filter-tail (nethermind_development)"
Sep 21 21:02:54.306 INF API: test ended suite=0 test=77 pass=false
Sep 21 21:02:54.307 INF API: test started suite=0 test=78 name="interop/restored/head (nethermind_development)"
Sep 21 21:02:54.309 INF API: test ended suite=0 test=78 pass=false
Sep 21 21:02:54.309 INF API: test started suite=0 test=79 name="interop/restored/height (nethermind_development)"
Sep 21 21:02:54.310 INF API: test ended suite=0 test=79 pass=false
Sep 21 21:02:54.311 INF API: test started suite=0 test=80 name="interop/restored/tail-receipt (nethermind_development)"
Sep 21 21:02:54.313 INF API: test ended suite=0 test=80 pass=false
Sep 21 21:02:54.616 INF API: test ended suite=0 test=63 pass=true
Sep 21 21:02:54.617 INF API: test started suite=0 test=81 name="client launch (nethermind_release)"
Sep 21 21:03:02.093 INF API: client nethermind_release started suite=0 test=81 container=203ba86e
Sep 21 21:03:02.182 INF API: test started suite=0 test=82 name="interop/_control/head (nethermind_release)"
Sep 21 21:03:02.279 INF API: test ended suite=0 test=82 pass=false
Sep 21 21:03:02.281 INF API: test started suite=0 test=83 name="interop/_control/version (nethermind_release)"
Sep 21 21:03:02.292 INF API: test ended suite=0 test=83 pass=false
Sep 21 21:03:02.293 INF API: test started suite=0 test=84 name="interop/before/block-tail (nethermind_release)"
Sep 21 21:03:02.368 INF API: test ended suite=0 test=84 pass=false
Sep 21 21:03:02.369 INF API: test started suite=0 test=85 name="interop/before/filter-tail (nethermind_release)"
Sep 21 21:03:02.406 INF API: test ended suite=0 test=85 pass=false
Sep 21 21:03:02.407 INF API: test started suite=0 test=86 name="interop/before/head (nethermind_release)"
Sep 21 21:03:02.410 INF API: test ended suite=0 test=86 pass=false
Sep 21 21:03:02.411 INF API: test started suite=0 test=87 name="interop/before/height (nethermind_release)"
Sep 21 21:03:02.415 INF API: test ended suite=0 test=87 pass=false
Sep 21 21:03:02.416 INF API: test started suite=0 test=88 name="interop/before/tail-receipt (nethermind_release)"
Sep 21 21:03:02.432 INF API: test ended suite=0 test=88 pass=false
Sep 21 21:03:02.494 INF API: test started suite=0 test=89 name="interop/after/block-tail (nethermind_release)"
Sep 21 21:03:02.497 INF API: test ended suite=0 test=89 pass=false
Sep 21 21:03:02.498 INF API: test started suite=0 test=90 name="interop/after/filter-tail (nethermind_release)"
Sep 21 21:03:02.509 INF API: test ended suite=0 test=90 pass=false
Sep 21 21:03:02.510 INF API: test started suite=0 test=91 name="interop/after/head (nethermind_release)"
Sep 21 21:03:02.512 INF API: test ended suite=0 test=91 pass=false
Sep 21 21:03:02.513 INF API: test started suite=0 test=92 name="interop/after/height (nethermind_release)"
Sep 21 21:03:02.514 INF API: test ended suite=0 test=92 pass=false
Sep 21 21:03:02.515 INF API: test started suite=0 test=93 name="interop/after/tail-receipt (nethermind_release)"
Sep 21 21:03:02.516 INF API: test ended suite=0 test=93 pass=false
Sep 21 21:03:02.519 INF API: test started suite=0 test=94 name="interop/restored/block-tail (nethermind_release)"
Sep 21 21:03:02.522 INF API: test ended suite=0 test=94 pass=false
Sep 21 21:03:02.523 INF API: test started suite=0 test=95 name="interop/restored/filter-tail (nethermind_release)"
Sep 21 21:03:02.542 INF API: test ended suite=0 test=95 pass=false
Sep 21 21:03:02.543 INF API: test started suite=0 test=96 name="interop/restored/head (nethermind_release)"
Sep 21 21:03:02.549 INF API: test ended suite=0 test=96 pass=false
Sep 21 21:03:02.553 INF API: test started suite=0 test=97 name="interop/restored/height (nethermind_release)"
Sep 21 21:03:02.556 INF API: test ended suite=0 test=97 pass=false
Sep 21 21:03:02.557 INF API: test started suite=0 test=98 name="interop/restored/tail-receipt (nethermind_release)"
Sep 21 21:03:02.561 INF API: test ended suite=0 test=98 pass=false
Sep 21 21:03:02.959 INF API: test ended suite=0 test=81 pass=true
Sep 21 21:03:02.962 INF API: test started suite=0 test=99 name="client launch (reth_development)"
Sep 21 21:03:05.326 INF API: client reth_development started suite=0 test=99 container=6c4d3518
Sep 21 21:03:05.341 INF API: test started suite=0 test=100 name="interop/_control/head (reth_development)"
Sep 21 21:03:05.344 INF API: test ended suite=0 test=100 pass=false
Sep 21 21:03:05.345 INF API: test started suite=0 test=101 name="interop/_control/version (reth_development)"
Sep 21 21:03:05.346 INF API: test ended suite=0 test=101 pass=false
Sep 21 21:03:05.347 INF API: test started suite=0 test=102 name="interop/before/block-tail (reth_development)"
Sep 21 21:03:05.349 INF API: test ended suite=0 test=102 pass=false
Sep 21 21:03:05.350 INF API: test started suite=0 test=103 name="interop/before/filter-tail (reth_development)"
Sep 21 21:03:05.356 INF API: test ended suite=0 test=103 pass=false
Sep 21 21:03:05.357 INF API: test started suite=0 test=104 name="interop/before/head (reth_development)"
Sep 21 21:03:05.358 INF API: test ended suite=0 test=104 pass=false
Sep 21 21:03:05.359 INF API: test started suite=0 test=105 name="interop/before/height (reth_development)"
Sep 21 21:03:05.361 INF API: test ended suite=0 test=105 pass=false
Sep 21 21:03:05.361 INF API: test started suite=0 test=106 name="interop/before/tail-receipt (reth_development)"
Sep 21 21:03:05.363 INF API: test ended suite=0 test=106 pass=false
Sep 21 21:03:05.396 INF API: test started suite=0 test=107 name="interop/after/block-tail (reth_development)"
Sep 21 21:03:05.400 INF API: test ended suite=0 test=107 pass=false
Sep 21 21:03:05.401 INF API: test started suite=0 test=108 name="interop/after/filter-tail (reth_development)"
Sep 21 21:03:05.402 INF API: test ended suite=0 test=108 pass=false
Sep 21 21:03:05.403 INF API: test started suite=0 test=109 name="interop/after/head (reth_development)"
Sep 21 21:03:05.404 INF API: test ended suite=0 test=109 pass=false
Sep 21 21:03:05.405 INF API: test started suite=0 test=110 name="interop/after/height (reth_development)"
Sep 21 21:03:05.406 INF API: test ended suite=0 test=110 pass=false
Sep 21 21:03:05.407 INF API: test started suite=0 test=111 name="interop/after/tail-receipt (reth_development)"
Sep 21 21:03:05.409 INF API: test ended suite=0 test=111 pass=false
Sep 21 21:03:05.410 INF API: test started suite=0 test=112 name="interop/restored/block-tail (reth_development)"
Sep 21 21:03:05.411 INF API: test ended suite=0 test=112 pass=false
Sep 21 21:03:05.412 INF API: test started suite=0 test=113 name="interop/restored/filter-tail (reth_development)"
Sep 21 21:03:05.413 INF API: test ended suite=0 test=113 pass=false
Sep 21 21:03:05.413 INF API: test started suite=0 test=114 name="interop/restored/head (reth_development)"
Sep 21 21:03:05.415 INF API: test ended suite=0 test=114 pass=false
Sep 21 21:03:05.416 INF API: test started suite=0 test=115 name="interop/restored/height (reth_development)"
Sep 21 21:03:05.417 INF API: test ended suite=0 test=115 pass=false
Sep 21 21:03:05.417 INF API: test started suite=0 test=116 name="interop/restored/tail-receipt (reth_development)"
Sep 21 21:03:05.419 INF API: test ended suite=0 test=116 pass=false
Sep 21 21:03:06.012 INF API: test ended suite=0 test=99 pass=true
Sep 21 21:03:06.014 INF API: test started suite=0 test=117 name="client launch (reth_release)"
Sep 21 21:03:07.473 INF API: client reth_release started suite=0 test=117 container=718e795b
Sep 21 21:03:07.477 INF API: test started suite=0 test=118 name="interop/_control/head (reth_release)"
Sep 21 21:03:07.480 INF API: test ended suite=0 test=118 pass=false
Sep 21 21:03:07.482 INF API: test started suite=0 test=119 name="interop/_control/version (reth_release)"
Sep 21 21:03:07.483 INF API: test ended suite=0 test=119 pass=false
Sep 21 21:03:07.484 INF API: test started suite=0 test=120 name="interop/before/block-tail (reth_release)"
Sep 21 21:03:07.488 INF API: test ended suite=0 test=120 pass=false
Sep 21 21:03:07.489 INF API: test started suite=0 test=121 name="interop/before/filter-tail (reth_release)"
Sep 21 21:03:07.495 INF API: test ended suite=0 test=121 pass=false
Sep 21 21:03:07.496 INF API: test started suite=0 test=122 name="interop/before/head (reth_release)"
Sep 21 21:03:07.498 INF API: test ended suite=0 test=122 pass=false
Sep 21 21:03:07.499 INF API: test started suite=0 test=123 name="interop/before/height (reth_release)"
Sep 21 21:03:07.501 INF API: test ended suite=0 test=123 pass=false
Sep 21 21:03:07.502 INF API: test started suite=0 test=124 name="interop/before/tail-receipt (reth_release)"
Sep 21 21:03:07.505 INF API: test ended suite=0 test=124 pass=false
Sep 21 21:03:07.542 INF API: test started suite=0 test=125 name="interop/after/block-tail (reth_release)"
Sep 21 21:03:07.545 INF API: test ended suite=0 test=125 pass=false
Sep 21 21:03:07.546 INF API: test started suite=0 test=126 name="interop/after/filter-tail (reth_release)"
Sep 21 21:03:07.550 INF API: test ended suite=0 test=126 pass=false
Sep 21 21:03:07.551 INF API: test started suite=0 test=127 name="interop/after/head (reth_release)"
Sep 21 21:03:07.554 INF API: test ended suite=0 test=127 pass=false
Sep 21 21:03:07.555 INF API: test started suite=0 test=128 name="interop/after/height (reth_release)"
Sep 21 21:03:07.559 INF API: test ended suite=0 test=128 pass=false
Sep 21 21:03:07.560 INF API: test started suite=0 test=129 name="interop/after/tail-receipt (reth_release)"
Sep 21 21:03:07.562 INF API: test ended suite=0 test=129 pass=false
Sep 21 21:03:07.564 INF API: test started suite=0 test=130 name="interop/restored/block-tail (reth_release)"
Sep 21 21:03:07.566 INF API: test ended suite=0 test=130 pass=false
Sep 21 21:03:07.567 INF API: test started suite=0 test=131 name="interop/restored/filter-tail (reth_release)"
Sep 21 21:03:07.571 INF API: test ended suite=0 test=131 pass=false
Sep 21 21:03:07.572 INF API: test started suite=0 test=132 name="interop/restored/head (reth_release)"
Sep 21 21:03:07.573 INF API: test ended suite=0 test=132 pass=false
Sep 21 21:03:07.573 INF API: test started suite=0 test=133 name="interop/restored/height (reth_release)"
Sep 21 21:03:07.575 INF API: test ended suite=0 test=133 pass=false
Sep 21 21:03:07.575 INF API: test started suite=0 test=134 name="interop/restored/tail-receipt (reth_release)"
Sep 21 21:03:07.576 INF API: test ended suite=0 test=134 pass=false
Sep 21 21:03:07.717 INF API: test ended suite=0 test=117 pass=true
Sep 21 21:03:07.725 INF API: suite ended suite=0
Sep 21 21:03:07.974 INF simulation ethereum/rpc-compat finished suites=1 tests=134 failed=127
127 tests failed
