Sep 24 17:07:07.800 INF building image image=hive/hiveproxy nocache=false pull=false
Sep 24 17:07:07.889 INF building 9 clients...
Sep 24 17:07:07.889 INF building image image=hive/clients/besu_development:latest dir=clients/besu nocache=false pull=false baseimage=trace-interop/besu tag=0bdabe53b1597932edebfa970aae1223b1e814a7897bfa776337f3f5f2d8f30d
Sep 24 17:07:08.014 INF building image image=hive/clients/besu_release:latest dir=clients/besu nocache=false pull=false baseimage=trace-interop/besu tag=f3713c713ca4f9e89c09e1478d2a85116ba9ce8343129d709420ba2af009598b
Sep 24 17:07:08.133 INF building image image=hive/clients/erigon_development:latest dir=clients/erigon nocache=false pull=false baseimage=trace-interop/erigon tag=96ed3bf9e6103fa7348e8223f07becfaf1d19b43fb66524f295bdb83e12dbee5
Sep 24 17:07:08.268 INF building image image=hive/clients/erigon_release:latest dir=clients/erigon nocache=false pull=false baseimage=trace-interop/erigon tag=8668d9c5adc01ad1d12aa25380e384079080bdde7e0ce93f11bed422d82ca0ac
Sep 24 17:07:08.391 INF building image image=hive/clients/go-ethereum_trace:latest dir=clients/go-ethereum nocache=false pull=false baseimage=trace-interop/go-ethereum tag=2a6e1bfcf91337fd9081f28b1a77efcf20c054ea99b30a316fa8a581c819fa74
Sep 24 17:07:08.539 INF building image image=hive/clients/nethermind_development:latest dir=clients/nethermind nocache=false pull=false baseimage=trace-interop/nethermind tag=891ce9bfe055df031239b4817239cde925175c0e172d74ddac9877cc37503eaf
Sep 24 17:07:08.684 INF building image image=hive/clients/nethermind_release:latest dir=clients/nethermind nocache=false pull=false baseimage=trace-interop/nethermind tag=d6b98371fce49848629f4841a9ef2cfc416c90ee187bc82291e97ca77cb108e4
Sep 24 17:07:08.820 INF building image image=hive/clients/reth_development:latest dir=clients/reth nocache=false pull=false baseimage=trace-interop/reth tag=935f179789c1d4fc921c181a4fa21f3262e5d0509061ddbad4398b37db3f33bf
Sep 24 17:07:08.935 INF building image image=hive/clients/reth_release:latest dir=clients/reth nocache=false pull=false baseimage=trace-interop/reth tag=e939dc4a471d9d27224e430f607a954d692ca5037a1350ee2036397d14532ca7
Sep 24 17:07:09.055 INF building 1 simulators...
Sep 24 17:07:09.055 INF building image image=hive/simulators/ethereum/rpc-compat:latest dir=simulators/ethereum/rpc-compat nocache=false pull=false
Sep 24 17:07:09.118 INF creating output directory folder=/home/banteg/dev/trace-h15-compat-20260924/evidence/2026-09-24/h15-call-compat/callmany-isolation/hive
Sep 24 17:07:09.127 INF running simulation: ethereum/rpc-compat
Sep 24 17:07:09.403 INF hiveproxy started container=7b5cfde286ef addr=172.17.0.2:8081
Sep 24 17:07:09.704 INF API: suite started suite=0 name=rpc-compat
Sep 24 17:07:09.705 INF API: test started suite=0 test=1 name="client launch (besu_development)"
Sep 24 17:07:18.707 INF API: client besu_development started suite=0 test=1 container=d683d79d
Sep 24 17:07:18.985 INF API: test started suite=0 test=2 name="interop/_control/head (besu_development)"
Sep 24 17:07:19.000 INF API: test ended suite=0 test=2 pass=false
Sep 24 17:07:19.002 INF API: test started suite=0 test=3 name="interop/_control/latest (besu_development)"
Sep 24 17:07:19.009 INF API: test ended suite=0 test=3 pass=false
Sep 24 17:07:19.010 INF API: test started suite=0 test=4 name="interop/_control/version (besu_development)"
Sep 24 17:07:19.027 INF API: test ended suite=0 test=4 pass=false
Sep 24 17:07:19.029 INF API: test started suite=0 test=5 name="interop/before/code (besu_development)"
Sep 24 17:07:19.042 INF API: test ended suite=0 test=5 pass=false
Sep 24 17:07:19.044 INF API: test started suite=0 test=6 name="interop/before/control-nonce (besu_development)"
Sep 24 17:07:19.052 INF API: test ended suite=0 test=6 pass=false
Sep 24 17:07:19.053 INF API: test started suite=0 test=7 name="interop/before/storage (besu_development)"
Sep 24 17:07:19.071 INF API: test ended suite=0 test=7 pass=false
Sep 24 17:07:19.072 INF API: test started suite=0 test=8 name="interop/write-read/many-storage-write-read (besu_development)"
Sep 24 17:07:19.198 INF API: test ended suite=0 test=8 pass=false
Sep 24 17:07:19.199 INF API: test started suite=0 test=9 name="interop/after-write-read/storage (besu_development)"
Sep 24 17:07:19.211 INF API: test ended suite=0 test=9 pass=false
Sep 24 17:07:19.212 INF API: test started suite=0 test=10 name="interop/write-revert-read/many-storage-write-revert-read (besu_development)"
Sep 24 17:07:19.240 INF API: test ended suite=0 test=10 pass=false
Sep 24 17:07:19.242 INF API: test started suite=0 test=11 name="interop/after-write-revert-read/storage (besu_development)"
Sep 24 17:07:19.259 INF API: test ended suite=0 test=11 pass=false
Sep 24 17:07:19.549 INF API: test ended suite=0 test=1 pass=true
Sep 24 17:07:19.550 INF API: test started suite=0 test=12 name="client launch (besu_release)"
Sep 24 17:07:28.075 INF API: client besu_release started suite=0 test=12 container=6aac5a8e
Sep 24 17:07:28.327 INF API: test started suite=0 test=13 name="interop/_control/head (besu_release)"
Sep 24 17:07:28.346 INF API: test ended suite=0 test=13 pass=false
Sep 24 17:07:28.347 INF API: test started suite=0 test=14 name="interop/_control/latest (besu_release)"
Sep 24 17:07:28.363 INF API: test ended suite=0 test=14 pass=false
Sep 24 17:07:28.365 INF API: test started suite=0 test=15 name="interop/_control/version (besu_release)"
Sep 24 17:07:28.371 INF API: test ended suite=0 test=15 pass=false
Sep 24 17:07:28.372 INF API: test started suite=0 test=16 name="interop/before/code (besu_release)"
Sep 24 17:07:28.385 INF API: test ended suite=0 test=16 pass=false
Sep 24 17:07:28.387 INF API: test started suite=0 test=17 name="interop/before/control-nonce (besu_release)"
Sep 24 17:07:28.394 INF API: test ended suite=0 test=17 pass=false
Sep 24 17:07:28.395 INF API: test started suite=0 test=18 name="interop/before/storage (besu_release)"
Sep 24 17:07:28.404 INF API: test ended suite=0 test=18 pass=false
Sep 24 17:07:28.406 INF API: test started suite=0 test=19 name="interop/write-read/many-storage-write-read (besu_release)"
Sep 24 17:07:28.499 INF API: test ended suite=0 test=19 pass=false
Sep 24 17:07:28.500 INF API: test started suite=0 test=20 name="interop/after-write-read/storage (besu_release)"
Sep 24 17:07:28.512 INF API: test ended suite=0 test=20 pass=false
Sep 24 17:07:28.513 INF API: test started suite=0 test=21 name="interop/write-revert-read/many-storage-write-revert-read (besu_release)"
Sep 24 17:07:28.539 INF API: test ended suite=0 test=21 pass=false
Sep 24 17:07:28.540 INF API: test started suite=0 test=22 name="interop/after-write-revert-read/storage (besu_release)"
Sep 24 17:07:28.552 INF API: test ended suite=0 test=22 pass=false
Sep 24 17:07:28.855 INF API: test ended suite=0 test=12 pass=true
Sep 24 17:07:28.856 INF API: test started suite=0 test=23 name="client launch (erigon_development)"
Sep 24 17:07:30.061 INF API: client erigon_development started suite=0 test=23 container=94e53e38
Sep 24 17:07:30.074 INF API: test started suite=0 test=24 name="interop/_control/head (erigon_development)"
Sep 24 17:07:30.086 INF API: test ended suite=0 test=24 pass=false
Sep 24 17:07:30.087 INF API: test started suite=0 test=25 name="interop/_control/latest (erigon_development)"
Sep 24 17:07:30.089 INF API: test ended suite=0 test=25 pass=false
Sep 24 17:07:30.090 INF API: test started suite=0 test=26 name="interop/_control/version (erigon_development)"
Sep 24 17:07:30.091 INF API: test ended suite=0 test=26 pass=false
Sep 24 17:07:30.093 INF API: test started suite=0 test=27 name="interop/before/code (erigon_development)"
Sep 24 17:07:30.094 INF API: test ended suite=0 test=27 pass=false
Sep 24 17:07:30.094 INF API: test started suite=0 test=28 name="interop/before/control-nonce (erigon_development)"
Sep 24 17:07:30.096 INF API: test ended suite=0 test=28 pass=false
Sep 24 17:07:30.096 INF API: test started suite=0 test=29 name="interop/before/storage (erigon_development)"
Sep 24 17:07:30.098 INF API: test ended suite=0 test=29 pass=false
Sep 24 17:07:30.098 INF API: test started suite=0 test=30 name="interop/write-read/many-storage-write-read (erigon_development)"
Sep 24 17:07:30.101 INF API: test ended suite=0 test=30 pass=false
Sep 24 17:07:30.102 INF API: test started suite=0 test=31 name="interop/after-write-read/storage (erigon_development)"
Sep 24 17:07:30.103 INF API: test ended suite=0 test=31 pass=false
Sep 24 17:07:30.104 INF API: test started suite=0 test=32 name="interop/write-revert-read/many-storage-write-revert-read (erigon_development)"
Sep 24 17:07:30.105 INF API: test ended suite=0 test=32 pass=false
Sep 24 17:07:30.106 INF API: test started suite=0 test=33 name="interop/after-write-revert-read/storage (erigon_development)"
Sep 24 17:07:30.106 INF API: test ended suite=0 test=33 pass=false
Sep 24 17:07:30.582 INF API: test ended suite=0 test=23 pass=true
Sep 24 17:07:30.583 INF API: test started suite=0 test=34 name="client launch (erigon_release)"
Sep 24 17:07:32.112 INF API: client erigon_release started suite=0 test=34 container=1136fbec
Sep 24 17:07:32.152 INF API: test started suite=0 test=35 name="interop/_control/head (erigon_release)"
Sep 24 17:07:32.163 INF API: test ended suite=0 test=35 pass=false
Sep 24 17:07:32.164 INF API: test started suite=0 test=36 name="interop/_control/latest (erigon_release)"
Sep 24 17:07:32.166 INF API: test ended suite=0 test=36 pass=false
Sep 24 17:07:32.167 INF API: test started suite=0 test=37 name="interop/_control/version (erigon_release)"
Sep 24 17:07:32.168 INF API: test ended suite=0 test=37 pass=false
Sep 24 17:07:32.169 INF API: test started suite=0 test=38 name="interop/before/code (erigon_release)"
Sep 24 17:07:32.170 INF API: test ended suite=0 test=38 pass=false
Sep 24 17:07:32.171 INF API: test started suite=0 test=39 name="interop/before/control-nonce (erigon_release)"
Sep 24 17:07:32.172 INF API: test ended suite=0 test=39 pass=false
Sep 24 17:07:32.173 INF API: test started suite=0 test=40 name="interop/before/storage (erigon_release)"
Sep 24 17:07:32.174 INF API: test ended suite=0 test=40 pass=false
Sep 24 17:07:32.175 INF API: test started suite=0 test=41 name="interop/write-read/many-storage-write-read (erigon_release)"
Sep 24 17:07:32.177 INF API: test ended suite=0 test=41 pass=false
Sep 24 17:07:32.178 INF API: test started suite=0 test=42 name="interop/after-write-read/storage (erigon_release)"
Sep 24 17:07:32.180 INF API: test ended suite=0 test=42 pass=false
Sep 24 17:07:32.183 INF API: test started suite=0 test=43 name="interop/write-revert-read/many-storage-write-revert-read (erigon_release)"
Sep 24 17:07:32.185 INF API: test ended suite=0 test=43 pass=false
Sep 24 17:07:32.187 INF API: test started suite=0 test=44 name="interop/after-write-revert-read/storage (erigon_release)"
Sep 24 17:07:32.188 INF API: test ended suite=0 test=44 pass=false
Sep 24 17:07:32.602 INF API: test ended suite=0 test=34 pass=true
Sep 24 17:07:32.606 INF API: test started suite=0 test=45 name="client launch (go-ethereum_trace)"
Sep 24 17:07:34.733 INF API: client go-ethereum_trace started suite=0 test=45 container=e6bf93a8
Sep 24 17:07:34.756 INF API: test started suite=0 test=46 name="interop/_control/head (go-ethereum_trace)"
Sep 24 17:07:34.774 INF API: test ended suite=0 test=46 pass=false
Sep 24 17:07:34.775 INF API: test started suite=0 test=47 name="interop/_control/latest (go-ethereum_trace)"
Sep 24 17:07:34.790 INF API: test ended suite=0 test=47 pass=false
Sep 24 17:07:34.790 INF API: test started suite=0 test=48 name="interop/_control/version (go-ethereum_trace)"
Sep 24 17:07:34.792 INF API: test ended suite=0 test=48 pass=false
Sep 24 17:07:34.793 INF API: test started suite=0 test=49 name="interop/before/code (go-ethereum_trace)"
Sep 24 17:07:34.794 INF API: test ended suite=0 test=49 pass=false
Sep 24 17:07:34.795 INF API: test started suite=0 test=50 name="interop/before/control-nonce (go-ethereum_trace)"
Sep 24 17:07:34.796 INF API: test ended suite=0 test=50 pass=false
Sep 24 17:07:34.797 INF API: test started suite=0 test=51 name="interop/before/storage (go-ethereum_trace)"
Sep 24 17:07:34.799 INF API: test ended suite=0 test=51 pass=false
Sep 24 17:07:34.800 INF API: test started suite=0 test=52 name="interop/write-read/many-storage-write-read (go-ethereum_trace)"
Sep 24 17:07:34.801 INF API: test ended suite=0 test=52 pass=false
Sep 24 17:07:34.802 INF API: test started suite=0 test=53 name="interop/after-write-read/storage (go-ethereum_trace)"
Sep 24 17:07:34.803 INF API: test ended suite=0 test=53 pass=false
Sep 24 17:07:34.804 INF API: test started suite=0 test=54 name="interop/write-revert-read/many-storage-write-revert-read (go-ethereum_trace)"
Sep 24 17:07:34.806 INF API: test ended suite=0 test=54 pass=false
Sep 24 17:07:34.807 INF API: test started suite=0 test=55 name="interop/after-write-revert-read/storage (go-ethereum_trace)"
Sep 24 17:07:34.808 INF API: test ended suite=0 test=55 pass=false
Sep 24 17:07:35.053 INF API: test ended suite=0 test=45 pass=true
Sep 24 17:07:35.054 INF API: test started suite=0 test=56 name="client launch (nethermind_development)"
Sep 24 17:07:43.529 INF API: client nethermind_development started suite=0 test=56 container=410ae259
Sep 24 17:07:43.679 INF API: test started suite=0 test=57 name="interop/_control/head (nethermind_development)"
Sep 24 17:07:43.694 INF API: test ended suite=0 test=57 pass=false
Sep 24 17:07:43.695 INF API: test started suite=0 test=58 name="interop/_control/latest (nethermind_development)"
Sep 24 17:07:43.697 INF API: test ended suite=0 test=58 pass=false
Sep 24 17:07:43.698 INF API: test started suite=0 test=59 name="interop/_control/version (nethermind_development)"
Sep 24 17:07:43.700 INF API: test ended suite=0 test=59 pass=false
Sep 24 17:07:43.701 INF API: test started suite=0 test=60 name="interop/before/code (nethermind_development)"
Sep 24 17:07:43.704 INF API: test ended suite=0 test=60 pass=false
Sep 24 17:07:43.704 INF API: test started suite=0 test=61 name="interop/before/control-nonce (nethermind_development)"
Sep 24 17:07:43.708 INF API: test ended suite=0 test=61 pass=false
Sep 24 17:07:43.709 INF API: test started suite=0 test=62 name="interop/before/storage (nethermind_development)"
Sep 24 17:07:43.713 INF API: test ended suite=0 test=62 pass=false
Sep 24 17:07:43.714 INF API: test started suite=0 test=63 name="interop/write-read/many-storage-write-read (nethermind_development)"
Sep 24 17:07:43.843 INF API: test ended suite=0 test=63 pass=false
Sep 24 17:07:43.844 INF API: test started suite=0 test=64 name="interop/after-write-read/storage (nethermind_development)"
Sep 24 17:07:43.846 INF API: test ended suite=0 test=64 pass=false
Sep 24 17:07:43.847 INF API: test started suite=0 test=65 name="interop/write-revert-read/many-storage-write-revert-read (nethermind_development)"
Sep 24 17:07:43.852 INF API: test ended suite=0 test=65 pass=false
Sep 24 17:07:43.854 INF API: test started suite=0 test=66 name="interop/after-write-revert-read/storage (nethermind_development)"
Sep 24 17:07:43.855 INF API: test ended suite=0 test=66 pass=false
Sep 24 17:07:44.103 INF API: test ended suite=0 test=56 pass=true
Sep 24 17:07:44.105 INF API: test started suite=0 test=67 name="client launch (nethermind_release)"
Sep 24 17:07:52.044 INF API: client nethermind_release started suite=0 test=67 container=13ff628d
Sep 24 17:07:52.165 INF API: test started suite=0 test=68 name="interop/_control/head (nethermind_release)"
Sep 24 17:07:52.180 INF API: test ended suite=0 test=68 pass=false
Sep 24 17:07:52.181 INF API: test started suite=0 test=69 name="interop/_control/latest (nethermind_release)"
Sep 24 17:07:52.182 INF API: test ended suite=0 test=69 pass=false
Sep 24 17:07:52.183 INF API: test started suite=0 test=70 name="interop/_control/version (nethermind_release)"
Sep 24 17:07:52.186 INF API: test ended suite=0 test=70 pass=false
Sep 24 17:07:52.187 INF API: test started suite=0 test=71 name="interop/before/code (nethermind_release)"
Sep 24 17:07:52.189 INF API: test ended suite=0 test=71 pass=false
Sep 24 17:07:52.190 INF API: test started suite=0 test=72 name="interop/before/control-nonce (nethermind_release)"
Sep 24 17:07:52.194 INF API: test ended suite=0 test=72 pass=false
Sep 24 17:07:52.195 INF API: test started suite=0 test=73 name="interop/before/storage (nethermind_release)"
Sep 24 17:07:52.199 INF API: test ended suite=0 test=73 pass=false
Sep 24 17:07:52.200 INF API: test started suite=0 test=74 name="interop/write-read/many-storage-write-read (nethermind_release)"
Sep 24 17:07:52.314 INF API: test ended suite=0 test=74 pass=false
Sep 24 17:07:52.315 INF API: test started suite=0 test=75 name="interop/after-write-read/storage (nethermind_release)"
Sep 24 17:07:52.326 INF API: test ended suite=0 test=75 pass=false
Sep 24 17:07:52.327 INF API: test started suite=0 test=76 name="interop/write-revert-read/many-storage-write-revert-read (nethermind_release)"
Sep 24 17:07:52.345 INF API: test ended suite=0 test=76 pass=false
Sep 24 17:07:52.346 INF API: test started suite=0 test=77 name="interop/after-write-revert-read/storage (nethermind_release)"
Sep 24 17:07:52.358 INF API: test ended suite=0 test=77 pass=false
Sep 24 17:07:52.605 INF API: test ended suite=0 test=67 pass=true
Sep 24 17:07:52.606 INF API: test started suite=0 test=78 name="client launch (reth_development)"
Sep 24 17:07:54.724 INF API: client reth_development started suite=0 test=78 container=fb33a57c
Sep 24 17:07:54.740 INF API: test started suite=0 test=79 name="interop/_control/head (reth_development)"
Sep 24 17:07:54.742 INF API: test ended suite=0 test=79 pass=false
Sep 24 17:07:54.742 INF API: test started suite=0 test=80 name="interop/_control/latest (reth_development)"
Sep 24 17:07:54.744 INF API: test ended suite=0 test=80 pass=false
Sep 24 17:07:54.744 INF API: test started suite=0 test=81 name="interop/_control/version (reth_development)"
Sep 24 17:07:54.745 INF API: test ended suite=0 test=81 pass=false
Sep 24 17:07:54.746 INF API: test started suite=0 test=82 name="interop/before/code (reth_development)"
Sep 24 17:07:54.748 INF API: test ended suite=0 test=82 pass=false
Sep 24 17:07:54.748 INF API: test started suite=0 test=83 name="interop/before/control-nonce (reth_development)"
Sep 24 17:07:54.749 INF API: test ended suite=0 test=83 pass=false
Sep 24 17:07:54.750 INF API: test started suite=0 test=84 name="interop/before/storage (reth_development)"
Sep 24 17:07:54.751 INF API: test ended suite=0 test=84 pass=false
Sep 24 17:07:54.751 INF API: test started suite=0 test=85 name="interop/write-read/many-storage-write-read (reth_development)"
Sep 24 17:07:54.753 INF API: test ended suite=0 test=85 pass=false
Sep 24 17:07:54.753 INF API: test started suite=0 test=86 name="interop/after-write-read/storage (reth_development)"
Sep 24 17:07:54.754 INF API: test ended suite=0 test=86 pass=false
Sep 24 17:07:54.755 INF API: test started suite=0 test=87 name="interop/write-revert-read/many-storage-write-revert-read (reth_development)"
Sep 24 17:07:54.756 INF API: test ended suite=0 test=87 pass=false
Sep 24 17:07:54.757 INF API: test started suite=0 test=88 name="interop/after-write-revert-read/storage (reth_development)"
Sep 24 17:07:54.759 INF API: test ended suite=0 test=88 pass=false
Sep 24 17:07:55.027 INF API: test ended suite=0 test=78 pass=true
Sep 24 17:07:55.029 INF API: test started suite=0 test=89 name="client launch (reth_release)"
Sep 24 17:07:57.166 INF API: client reth_release started suite=0 test=89 container=fb8ce001
Sep 24 17:07:57.179 INF API: test started suite=0 test=90 name="interop/_control/head (reth_release)"
Sep 24 17:07:57.180 INF API: test ended suite=0 test=90 pass=false
Sep 24 17:07:57.181 INF API: test started suite=0 test=91 name="interop/_control/latest (reth_release)"
Sep 24 17:07:57.183 INF API: test ended suite=0 test=91 pass=false
Sep 24 17:07:57.184 INF API: test started suite=0 test=92 name="interop/_control/version (reth_release)"
Sep 24 17:07:57.185 INF API: test ended suite=0 test=92 pass=false
Sep 24 17:07:57.186 INF API: test started suite=0 test=93 name="interop/before/code (reth_release)"
Sep 24 17:07:57.187 INF API: test ended suite=0 test=93 pass=false
Sep 24 17:07:57.188 INF API: test started suite=0 test=94 name="interop/before/control-nonce (reth_release)"
Sep 24 17:07:57.189 INF API: test ended suite=0 test=94 pass=false
Sep 24 17:07:57.190 INF API: test started suite=0 test=95 name="interop/before/storage (reth_release)"
Sep 24 17:07:57.191 INF API: test ended suite=0 test=95 pass=false
Sep 24 17:07:57.192 INF API: test started suite=0 test=96 name="interop/write-read/many-storage-write-read (reth_release)"
Sep 24 17:07:57.194 INF API: test ended suite=0 test=96 pass=false
Sep 24 17:07:57.195 INF API: test started suite=0 test=97 name="interop/after-write-read/storage (reth_release)"
Sep 24 17:07:57.196 INF API: test ended suite=0 test=97 pass=false
Sep 24 17:07:57.197 INF API: test started suite=0 test=98 name="interop/write-revert-read/many-storage-write-revert-read (reth_release)"
Sep 24 17:07:57.199 INF API: test ended suite=0 test=98 pass=false
Sep 24 17:07:57.200 INF API: test started suite=0 test=99 name="interop/after-write-revert-read/storage (reth_release)"
Sep 24 17:07:57.201 INF API: test ended suite=0 test=99 pass=false
Sep 24 17:07:57.480 INF API: test ended suite=0 test=89 pass=true
Sep 24 17:07:57.489 INF API: suite ended suite=0
Sep 24 17:07:57.864 INF simulation ethereum/rpc-compat finished suites=1 tests=99 failed=90
90 tests failed
