Sep 21 22:09:41.122 INF building image image=hive/hiveproxy nocache=false pull=false
Sep 21 22:09:41.147 INF building 1 clients...
Sep 21 22:09:41.147 INF building image image=hive/clients/go-ethereum_trace:latest dir=clients/go-ethereum nocache=false pull=false baseimage=trace-interop/go-ethereum tag=31bf99402b9e84afafaea75566c16f6a186de688899ad518588cbe867e3d0b72
Sep 21 22:09:41.185 INF building 1 simulators...
Sep 21 22:09:41.185 INF building image image=hive/simulators/ethereum/rpc-compat:latest dir=simulators/ethereum/rpc-compat nocache=false pull=false
Sep 21 22:09:41.206 INF creating output directory folder=/home/banteg/dev/trace-interop/runs/geth-final-precompiles/hive
Sep 21 22:09:41.215 INF running simulation: ethereum/rpc-compat
Sep 21 22:09:41.371 INF hiveproxy started container=24c3e988a15c addr=172.17.0.2:8081
Sep 21 22:09:41.538 INF API: suite started suite=0 name=rpc-compat
Sep 21 22:09:41.540 INF API: test started suite=0 test=1 name="client launch (go-ethereum_trace)"
Sep 21 22:09:43.399 INF API: client go-ethereum_trace started suite=0 test=1 container=2b7ec70f
Sep 21 22:09:43.440 INF API: test started suite=0 test=2 name="interop/_control/head (go-ethereum_trace)"
Sep 21 22:09:43.443 INF API: test ended suite=0 test=2 pass=false
Sep 21 22:09:43.444 INF API: test started suite=0 test=3 name="interop/_control/version (go-ethereum_trace)"
Sep 21 22:09:43.445 INF API: test ended suite=0 test=3 pass=false
Sep 21 22:09:43.446 INF API: test started suite=0 test=4 name="interop/nested-call-value0-failed (go-ethereum_trace)"
Sep 21 22:09:43.449 INF API: test ended suite=0 test=4 pass=false
Sep 21 22:09:43.450 INF API: test started suite=0 test=5 name="interop/nested-call-value0-success (go-ethereum_trace)"
Sep 21 22:09:43.453 INF API: test ended suite=0 test=5 pass=false
Sep 21 22:09:43.454 INF API: test started suite=0 test=6 name="interop/nested-call-value1-failed (go-ethereum_trace)"
Sep 21 22:09:43.457 INF API: test ended suite=0 test=6 pass=false
Sep 21 22:09:43.458 INF API: test started suite=0 test=7 name="interop/nested-call-value1-success (go-ethereum_trace)"
Sep 21 22:09:43.460 INF API: test ended suite=0 test=7 pass=false
Sep 21 22:09:43.461 INF API: test started suite=0 test=8 name="interop/nested-callcode-value0-failed (go-ethereum_trace)"
Sep 21 22:09:43.463 INF API: test ended suite=0 test=8 pass=false
Sep 21 22:09:43.464 INF API: test started suite=0 test=9 name="interop/nested-callcode-value0-success (go-ethereum_trace)"
Sep 21 22:09:43.466 INF API: test ended suite=0 test=9 pass=false
Sep 21 22:09:43.467 INF API: test started suite=0 test=10 name="interop/nested-callcode-value1-failed (go-ethereum_trace)"
Sep 21 22:09:43.469 INF API: test ended suite=0 test=10 pass=false
Sep 21 22:09:43.470 INF API: test started suite=0 test=11 name="interop/nested-callcode-value1-success (go-ethereum_trace)"
Sep 21 22:09:43.472 INF API: test ended suite=0 test=11 pass=false
Sep 21 22:09:43.473 INF API: test started suite=0 test=12 name="interop/nested-delegatecall-value0-failed (go-ethereum_trace)"
Sep 21 22:09:43.476 INF API: test ended suite=0 test=12 pass=false
Sep 21 22:09:43.477 INF API: test started suite=0 test=13 name="interop/nested-delegatecall-value0-success (go-ethereum_trace)"
Sep 21 22:09:43.479 INF API: test ended suite=0 test=13 pass=false
Sep 21 22:09:43.480 INF API: test started suite=0 test=14 name="interop/nested-delegatecall-value1-failed (go-ethereum_trace)"
Sep 21 22:09:43.482 INF API: test ended suite=0 test=14 pass=false
Sep 21 22:09:43.483 INF API: test started suite=0 test=15 name="interop/nested-delegatecall-value1-success (go-ethereum_trace)"
Sep 21 22:09:43.485 INF API: test ended suite=0 test=15 pass=false
Sep 21 22:09:43.486 INF API: test started suite=0 test=16 name="interop/nested-staticcall-value0-failed (go-ethereum_trace)"
Sep 21 22:09:43.487 INF API: test ended suite=0 test=16 pass=false
Sep 21 22:09:43.488 INF API: test started suite=0 test=17 name="interop/nested-staticcall-value0-success (go-ethereum_trace)"
Sep 21 22:09:43.491 INF API: test ended suite=0 test=17 pass=false
Sep 21 22:09:43.492 INF API: test started suite=0 test=18 name="interop/root-failed (go-ethereum_trace)"
Sep 21 22:09:43.494 INF API: test ended suite=0 test=18 pass=false
Sep 21 22:09:43.495 INF API: test started suite=0 test=19 name="interop/root-success (go-ethereum_trace)"
Sep 21 22:09:43.497 INF API: test ended suite=0 test=19 pass=false
Sep 21 22:09:43.996 INF API: test ended suite=0 test=1 pass=true
Sep 21 22:09:44.004 INF API: suite ended suite=0
Sep 21 22:09:44.307 INF simulation ethereum/rpc-compat finished suites=1 tests=19 failed=18
18 tests failed
