Sep 24 17:01:09.729 INF building image image=hive/hiveproxy nocache=false pull=false
Sep 24 17:01:09.746 INF building 9 clients...
Sep 24 17:01:09.746 INF building image image=hive/clients/besu_development:latest dir=clients/besu nocache=false pull=false baseimage=trace-interop/besu tag=0bdabe53b1597932edebfa970aae1223b1e814a7897bfa776337f3f5f2d8f30d
Sep 24 17:01:09.777 INF building image image=hive/clients/besu_release:latest dir=clients/besu nocache=false pull=false baseimage=trace-interop/besu tag=f3713c713ca4f9e89c09e1478d2a85116ba9ce8343129d709420ba2af009598b
Sep 24 17:01:09.803 INF building image image=hive/clients/erigon_development:latest dir=clients/erigon nocache=false pull=false baseimage=trace-interop/erigon tag=96ed3bf9e6103fa7348e8223f07becfaf1d19b43fb66524f295bdb83e12dbee5
Sep 24 17:01:09.830 INF building image image=hive/clients/erigon_release:latest dir=clients/erigon nocache=false pull=false baseimage=trace-interop/erigon tag=8668d9c5adc01ad1d12aa25380e384079080bdde7e0ce93f11bed422d82ca0ac
Sep 24 17:01:09.857 INF building image image=hive/clients/go-ethereum_trace:latest dir=clients/go-ethereum nocache=false pull=false baseimage=trace-interop/go-ethereum tag=2a6e1bfcf91337fd9081f28b1a77efcf20c054ea99b30a316fa8a581c819fa74
Sep 24 17:01:09.887 INF building image image=hive/clients/nethermind_development:latest dir=clients/nethermind nocache=false pull=false baseimage=trace-interop/nethermind tag=891ce9bfe055df031239b4817239cde925175c0e172d74ddac9877cc37503eaf
Sep 24 17:01:09.916 INF building image image=hive/clients/nethermind_release:latest dir=clients/nethermind nocache=false pull=false baseimage=trace-interop/nethermind tag=d6b98371fce49848629f4841a9ef2cfc416c90ee187bc82291e97ca77cb108e4
Sep 24 17:01:09.947 INF building image image=hive/clients/reth_development:latest dir=clients/reth nocache=false pull=false baseimage=trace-interop/reth tag=935f179789c1d4fc921c181a4fa21f3262e5d0509061ddbad4398b37db3f33bf
Sep 24 17:01:09.971 INF building image image=hive/clients/reth_release:latest dir=clients/reth nocache=false pull=false baseimage=trace-interop/reth tag=e939dc4a471d9d27224e430f607a954d692ca5037a1350ee2036397d14532ca7
Sep 24 17:01:09.999 INF building 1 simulators...
Sep 24 17:01:09.999 INF building image image=hive/simulators/ethereum/rpc-compat:latest dir=simulators/ethereum/rpc-compat nocache=false pull=false
Sep 24 17:01:10.019 INF creating output directory folder=/home/banteg/dev/trace-h15-compat-20260924/evidence/2026-09-24/h15-call-compat/precompiles/hive
Sep 24 17:01:10.028 INF running simulation: ethereum/rpc-compat
Sep 24 17:01:10.175 INF hiveproxy started container=a7b5d88c03a8 addr=172.17.0.2:8081
Sep 24 17:01:10.546 INF API: suite started suite=0 name=rpc-compat
Sep 24 17:01:10.548 INF API: test started suite=0 test=1 name="client launch (besu_development)"
Sep 24 17:01:19.581 INF API: client besu_development started suite=0 test=1 container=03ce59b7
Sep 24 17:01:19.833 INF API: test started suite=0 test=2 name="interop/_control/head (besu_development)"
Sep 24 17:01:19.851 INF API: test ended suite=0 test=2 pass=false
Sep 24 17:01:19.853 INF API: test started suite=0 test=3 name="interop/_control/latest (besu_development)"
Sep 24 17:01:19.869 INF API: test ended suite=0 test=3 pass=false
Sep 24 17:01:19.870 INF API: test started suite=0 test=4 name="interop/_control/version (besu_development)"
Sep 24 17:01:19.881 INF API: test ended suite=0 test=4 pass=false
Sep 24 17:01:19.883 INF API: test started suite=0 test=5 name="interop/nested-call-value0-failed (besu_development)"
Sep 24 17:01:20.003 INF API: test ended suite=0 test=5 pass=false
Sep 24 17:01:20.005 INF API: test started suite=0 test=6 name="interop/nested-call-value0-success (besu_development)"
Sep 24 17:01:20.033 INF API: test ended suite=0 test=6 pass=false
Sep 24 17:01:20.034 INF API: test started suite=0 test=7 name="interop/nested-call-value1-failed (besu_development)"
Sep 24 17:01:20.057 INF API: test ended suite=0 test=7 pass=false
Sep 24 17:01:20.058 INF API: test started suite=0 test=8 name="interop/nested-call-value1-success (besu_development)"
Sep 24 17:01:20.081 INF API: test ended suite=0 test=8 pass=false
Sep 24 17:01:20.082 INF API: test started suite=0 test=9 name="interop/nested-callcode-value0-failed (besu_development)"
Sep 24 17:01:20.104 INF API: test ended suite=0 test=9 pass=false
Sep 24 17:01:20.105 INF API: test started suite=0 test=10 name="interop/nested-callcode-value0-success (besu_development)"
Sep 24 17:01:20.128 INF API: test ended suite=0 test=10 pass=false
Sep 24 17:01:20.129 INF API: test started suite=0 test=11 name="interop/nested-callcode-value1-failed (besu_development)"
Sep 24 17:01:20.155 INF API: test ended suite=0 test=11 pass=false
Sep 24 17:01:20.157 INF API: test started suite=0 test=12 name="interop/nested-callcode-value1-success (besu_development)"
Sep 24 17:01:20.180 INF API: test ended suite=0 test=12 pass=false
Sep 24 17:01:20.182 INF API: test started suite=0 test=13 name="interop/nested-delegatecall-value0-failed (besu_development)"
Sep 24 17:01:20.206 INF API: test ended suite=0 test=13 pass=false
Sep 24 17:01:20.207 INF API: test started suite=0 test=14 name="interop/nested-delegatecall-value0-success (besu_development)"
Sep 24 17:01:20.229 INF API: test ended suite=0 test=14 pass=false
Sep 24 17:01:20.231 INF API: test started suite=0 test=15 name="interop/nested-delegatecall-value1-failed (besu_development)"
Sep 24 17:01:20.250 INF API: test ended suite=0 test=15 pass=false
Sep 24 17:01:20.251 INF API: test started suite=0 test=16 name="interop/nested-delegatecall-value1-success (besu_development)"
Sep 24 17:01:20.274 INF API: test ended suite=0 test=16 pass=false
Sep 24 17:01:20.275 INF API: test started suite=0 test=17 name="interop/nested-staticcall-value0-failed (besu_development)"
Sep 24 17:01:20.284 INF API: test ended suite=0 test=17 pass=false
Sep 24 17:01:20.285 INF API: test started suite=0 test=18 name="interop/nested-staticcall-value0-success (besu_development)"
Sep 24 17:01:20.293 INF API: test ended suite=0 test=18 pass=false
Sep 24 17:01:20.294 INF API: test started suite=0 test=19 name="interop/root-failed (besu_development)"
Sep 24 17:01:20.301 INF API: test ended suite=0 test=19 pass=false
Sep 24 17:01:20.302 INF API: test started suite=0 test=20 name="interop/root-success (besu_development)"
Sep 24 17:01:20.307 INF API: test ended suite=0 test=20 pass=false
Sep 24 17:01:20.619 INF API: test ended suite=0 test=1 pass=true
Sep 24 17:01:20.621 INF API: test started suite=0 test=21 name="client launch (besu_release)"
Sep 24 17:01:29.850 INF API: client besu_release started suite=0 test=21 container=9ffec58e
Sep 24 17:01:30.120 INF API: test started suite=0 test=22 name="interop/_control/head (besu_release)"
Sep 24 17:01:30.139 INF API: test ended suite=0 test=22 pass=false
Sep 24 17:01:30.140 INF API: test started suite=0 test=23 name="interop/_control/latest (besu_release)"
Sep 24 17:01:30.159 INF API: test ended suite=0 test=23 pass=false
Sep 24 17:01:30.160 INF API: test started suite=0 test=24 name="interop/_control/version (besu_release)"
Sep 24 17:01:30.179 INF API: test ended suite=0 test=24 pass=false
Sep 24 17:01:30.181 INF API: test started suite=0 test=25 name="interop/nested-call-value0-failed (besu_release)"
Sep 24 17:01:30.268 INF API: test ended suite=0 test=25 pass=false
Sep 24 17:01:30.269 INF API: test started suite=0 test=26 name="interop/nested-call-value0-success (besu_release)"
Sep 24 17:01:30.292 INF API: test ended suite=0 test=26 pass=false
Sep 24 17:01:30.293 INF API: test started suite=0 test=27 name="interop/nested-call-value1-failed (besu_release)"
Sep 24 17:01:30.315 INF API: test ended suite=0 test=27 pass=false
Sep 24 17:01:30.316 INF API: test started suite=0 test=28 name="interop/nested-call-value1-success (besu_release)"
Sep 24 17:01:30.336 INF API: test ended suite=0 test=28 pass=false
Sep 24 17:01:30.337 INF API: test started suite=0 test=29 name="interop/nested-callcode-value0-failed (besu_release)"
Sep 24 17:01:30.356 INF API: test ended suite=0 test=29 pass=false
Sep 24 17:01:30.357 INF API: test started suite=0 test=30 name="interop/nested-callcode-value0-success (besu_release)"
Sep 24 17:01:30.377 INF API: test ended suite=0 test=30 pass=false
Sep 24 17:01:30.378 INF API: test started suite=0 test=31 name="interop/nested-callcode-value1-failed (besu_release)"
Sep 24 17:01:30.397 INF API: test ended suite=0 test=31 pass=false
Sep 24 17:01:30.398 INF API: test started suite=0 test=32 name="interop/nested-callcode-value1-success (besu_release)"
Sep 24 17:01:30.410 INF API: test ended suite=0 test=32 pass=false
Sep 24 17:01:30.411 INF API: test started suite=0 test=33 name="interop/nested-delegatecall-value0-failed (besu_release)"
Sep 24 17:01:30.419 INF API: test ended suite=0 test=33 pass=false
Sep 24 17:01:30.420 INF API: test started suite=0 test=34 name="interop/nested-delegatecall-value0-success (besu_release)"
Sep 24 17:01:30.427 INF API: test ended suite=0 test=34 pass=false
Sep 24 17:01:30.428 INF API: test started suite=0 test=35 name="interop/nested-delegatecall-value1-failed (besu_release)"
Sep 24 17:01:30.436 INF API: test ended suite=0 test=35 pass=false
Sep 24 17:01:30.437 INF API: test started suite=0 test=36 name="interop/nested-delegatecall-value1-success (besu_release)"
Sep 24 17:01:30.445 INF API: test ended suite=0 test=36 pass=false
Sep 24 17:01:30.446 INF API: test started suite=0 test=37 name="interop/nested-staticcall-value0-failed (besu_release)"
Sep 24 17:01:30.454 INF API: test ended suite=0 test=37 pass=false
Sep 24 17:01:30.454 INF API: test started suite=0 test=38 name="interop/nested-staticcall-value0-success (besu_release)"
Sep 24 17:01:30.461 INF API: test ended suite=0 test=38 pass=false
Sep 24 17:01:30.462 INF API: test started suite=0 test=39 name="interop/root-failed (besu_release)"
Sep 24 17:01:30.470 INF API: test ended suite=0 test=39 pass=false
Sep 24 17:01:30.471 INF API: test started suite=0 test=40 name="interop/root-success (besu_release)"
Sep 24 17:01:30.476 INF API: test ended suite=0 test=40 pass=false
Sep 24 17:01:30.801 INF API: test ended suite=0 test=21 pass=true
Sep 24 17:01:30.803 INF API: test started suite=0 test=41 name="client launch (erigon_development)"
Sep 24 17:01:32.085 INF API: client erigon_development started suite=0 test=41 container=b0c14308
Sep 24 17:01:32.097 INF API: test started suite=0 test=42 name="interop/_control/head (erigon_development)"
Sep 24 17:01:32.111 INF API: test ended suite=0 test=42 pass=false
Sep 24 17:01:32.112 INF API: test started suite=0 test=43 name="interop/_control/latest (erigon_development)"
Sep 24 17:01:32.114 INF API: test ended suite=0 test=43 pass=false
Sep 24 17:01:32.115 INF API: test started suite=0 test=44 name="interop/_control/version (erigon_development)"
Sep 24 17:01:32.115 INF API: test ended suite=0 test=44 pass=false
Sep 24 17:01:32.116 INF API: test started suite=0 test=45 name="interop/nested-call-value0-failed (erigon_development)"
Sep 24 17:01:32.119 INF API: test ended suite=0 test=45 pass=false
Sep 24 17:01:32.120 INF API: test started suite=0 test=46 name="interop/nested-call-value0-success (erigon_development)"
Sep 24 17:01:32.124 INF API: test ended suite=0 test=46 pass=false
Sep 24 17:01:32.125 INF API: test started suite=0 test=47 name="interop/nested-call-value1-failed (erigon_development)"
Sep 24 17:01:32.127 INF API: test ended suite=0 test=47 pass=false
Sep 24 17:01:32.128 INF API: test started suite=0 test=48 name="interop/nested-call-value1-success (erigon_development)"
Sep 24 17:01:32.130 INF API: test ended suite=0 test=48 pass=false
Sep 24 17:01:32.131 INF API: test started suite=0 test=49 name="interop/nested-callcode-value0-failed (erigon_development)"
Sep 24 17:01:32.132 INF API: test ended suite=0 test=49 pass=false
Sep 24 17:01:32.133 INF API: test started suite=0 test=50 name="interop/nested-callcode-value0-success (erigon_development)"
Sep 24 17:01:32.135 INF API: test ended suite=0 test=50 pass=false
Sep 24 17:01:32.135 INF API: test started suite=0 test=51 name="interop/nested-callcode-value1-failed (erigon_development)"
Sep 24 17:01:32.137 INF API: test ended suite=0 test=51 pass=false
Sep 24 17:01:32.138 INF API: test started suite=0 test=52 name="interop/nested-callcode-value1-success (erigon_development)"
Sep 24 17:01:32.140 INF API: test ended suite=0 test=52 pass=false
Sep 24 17:01:32.141 INF API: test started suite=0 test=53 name="interop/nested-delegatecall-value0-failed (erigon_development)"
Sep 24 17:01:32.143 INF API: test ended suite=0 test=53 pass=false
Sep 24 17:01:32.144 INF API: test started suite=0 test=54 name="interop/nested-delegatecall-value0-success (erigon_development)"
Sep 24 17:01:32.146 INF API: test ended suite=0 test=54 pass=false
Sep 24 17:01:32.147 INF API: test started suite=0 test=55 name="interop/nested-delegatecall-value1-failed (erigon_development)"
Sep 24 17:01:32.149 INF API: test ended suite=0 test=55 pass=false
Sep 24 17:01:32.149 INF API: test started suite=0 test=56 name="interop/nested-delegatecall-value1-success (erigon_development)"
Sep 24 17:01:32.151 INF API: test ended suite=0 test=56 pass=false
Sep 24 17:01:32.152 INF API: test started suite=0 test=57 name="interop/nested-staticcall-value0-failed (erigon_development)"
Sep 24 17:01:32.154 INF API: test ended suite=0 test=57 pass=false
Sep 24 17:01:32.155 INF API: test started suite=0 test=58 name="interop/nested-staticcall-value0-success (erigon_development)"
Sep 24 17:01:32.157 INF API: test ended suite=0 test=58 pass=false
Sep 24 17:01:32.158 INF API: test started suite=0 test=59 name="interop/root-failed (erigon_development)"
Sep 24 17:01:32.159 INF API: test ended suite=0 test=59 pass=false
Sep 24 17:01:32.160 INF API: test started suite=0 test=60 name="interop/root-success (erigon_development)"
Sep 24 17:01:32.161 INF API: test ended suite=0 test=60 pass=false
Sep 24 17:01:32.672 INF API: test ended suite=0 test=41 pass=true
Sep 24 17:01:32.674 INF API: test started suite=0 test=61 name="client launch (erigon_release)"
Sep 24 17:01:34.225 INF API: client erigon_release started suite=0 test=61 container=7ef6d3a9
Sep 24 17:01:34.241 INF API: test started suite=0 test=62 name="interop/_control/head (erigon_release)"
Sep 24 17:01:34.243 INF API: test ended suite=0 test=62 pass=false
Sep 24 17:01:34.244 INF API: test started suite=0 test=63 name="interop/_control/latest (erigon_release)"
Sep 24 17:01:34.245 INF API: test ended suite=0 test=63 pass=false
Sep 24 17:01:34.246 INF API: test started suite=0 test=64 name="interop/_control/version (erigon_release)"
Sep 24 17:01:34.247 INF API: test ended suite=0 test=64 pass=false
Sep 24 17:01:34.248 INF API: test started suite=0 test=65 name="interop/nested-call-value0-failed (erigon_release)"
Sep 24 17:01:34.251 INF API: test ended suite=0 test=65 pass=false
Sep 24 17:01:34.252 INF API: test started suite=0 test=66 name="interop/nested-call-value0-success (erigon_release)"
Sep 24 17:01:34.254 INF API: test ended suite=0 test=66 pass=false
Sep 24 17:01:34.254 INF API: test started suite=0 test=67 name="interop/nested-call-value1-failed (erigon_release)"
Sep 24 17:01:34.257 INF API: test ended suite=0 test=67 pass=false
Sep 24 17:01:34.257 INF API: test started suite=0 test=68 name="interop/nested-call-value1-success (erigon_release)"
Sep 24 17:01:34.260 INF API: test ended suite=0 test=68 pass=false
Sep 24 17:01:34.260 INF API: test started suite=0 test=69 name="interop/nested-callcode-value0-failed (erigon_release)"
Sep 24 17:01:34.262 INF API: test ended suite=0 test=69 pass=false
Sep 24 17:01:34.263 INF API: test started suite=0 test=70 name="interop/nested-callcode-value0-success (erigon_release)"
Sep 24 17:01:34.266 INF API: test ended suite=0 test=70 pass=false
Sep 24 17:01:34.266 INF API: test started suite=0 test=71 name="interop/nested-callcode-value1-failed (erigon_release)"
Sep 24 17:01:34.268 INF API: test ended suite=0 test=71 pass=false
Sep 24 17:01:34.269 INF API: test started suite=0 test=72 name="interop/nested-callcode-value1-success (erigon_release)"
Sep 24 17:01:34.271 INF API: test ended suite=0 test=72 pass=false
Sep 24 17:01:34.272 INF API: test started suite=0 test=73 name="interop/nested-delegatecall-value0-failed (erigon_release)"
Sep 24 17:01:34.274 INF API: test ended suite=0 test=73 pass=false
Sep 24 17:01:34.275 INF API: test started suite=0 test=74 name="interop/nested-delegatecall-value0-success (erigon_release)"
Sep 24 17:01:34.277 INF API: test ended suite=0 test=74 pass=false
Sep 24 17:01:34.277 INF API: test started suite=0 test=75 name="interop/nested-delegatecall-value1-failed (erigon_release)"
Sep 24 17:01:34.279 INF API: test ended suite=0 test=75 pass=false
Sep 24 17:01:34.280 INF API: test started suite=0 test=76 name="interop/nested-delegatecall-value1-success (erigon_release)"
Sep 24 17:01:34.281 INF API: test ended suite=0 test=76 pass=false
Sep 24 17:01:34.282 INF API: test started suite=0 test=77 name="interop/nested-staticcall-value0-failed (erigon_release)"
Sep 24 17:01:34.283 INF API: test ended suite=0 test=77 pass=false
Sep 24 17:01:34.284 INF API: test started suite=0 test=78 name="interop/nested-staticcall-value0-success (erigon_release)"
Sep 24 17:01:34.286 INF API: test ended suite=0 test=78 pass=false
Sep 24 17:01:34.287 INF API: test started suite=0 test=79 name="interop/root-failed (erigon_release)"
Sep 24 17:01:34.288 INF API: test ended suite=0 test=79 pass=false
Sep 24 17:01:34.289 INF API: test started suite=0 test=80 name="interop/root-success (erigon_release)"
Sep 24 17:01:34.291 INF API: test ended suite=0 test=80 pass=false
Sep 24 17:01:34.684 INF API: test ended suite=0 test=61 pass=true
Sep 24 17:01:34.685 INF API: test started suite=0 test=81 name="client launch (go-ethereum_trace)"
Sep 24 17:01:36.557 INF API: client go-ethereum_trace started suite=0 test=81 container=4898daf1
Sep 24 17:01:36.563 INF API: test started suite=0 test=82 name="interop/_control/head (go-ethereum_trace)"
Sep 24 17:01:36.566 INF API: test ended suite=0 test=82 pass=false
Sep 24 17:01:36.567 INF API: test started suite=0 test=83 name="interop/_control/latest (go-ethereum_trace)"
Sep 24 17:01:36.569 INF API: test ended suite=0 test=83 pass=false
Sep 24 17:01:36.570 INF API: test started suite=0 test=84 name="interop/_control/version (go-ethereum_trace)"
Sep 24 17:01:36.572 INF API: test ended suite=0 test=84 pass=false
Sep 24 17:01:36.573 INF API: test started suite=0 test=85 name="interop/nested-call-value0-failed (go-ethereum_trace)"
Sep 24 17:01:36.576 INF API: test ended suite=0 test=85 pass=false
Sep 24 17:01:36.577 INF API: test started suite=0 test=86 name="interop/nested-call-value0-success (go-ethereum_trace)"
Sep 24 17:01:36.579 INF API: test ended suite=0 test=86 pass=false
Sep 24 17:01:36.580 INF API: test started suite=0 test=87 name="interop/nested-call-value1-failed (go-ethereum_trace)"
Sep 24 17:01:36.583 INF API: test ended suite=0 test=87 pass=false
Sep 24 17:01:36.583 INF API: test started suite=0 test=88 name="interop/nested-call-value1-success (go-ethereum_trace)"
Sep 24 17:01:36.586 INF API: test ended suite=0 test=88 pass=false
Sep 24 17:01:36.586 INF API: test started suite=0 test=89 name="interop/nested-callcode-value0-failed (go-ethereum_trace)"
Sep 24 17:01:36.588 INF API: test ended suite=0 test=89 pass=false
Sep 24 17:01:36.589 INF API: test started suite=0 test=90 name="interop/nested-callcode-value0-success (go-ethereum_trace)"
Sep 24 17:01:36.591 INF API: test ended suite=0 test=90 pass=false
Sep 24 17:01:36.592 INF API: test started suite=0 test=91 name="interop/nested-callcode-value1-failed (go-ethereum_trace)"
Sep 24 17:01:36.594 INF API: test ended suite=0 test=91 pass=false
Sep 24 17:01:36.594 INF API: test started suite=0 test=92 name="interop/nested-callcode-value1-success (go-ethereum_trace)"
Sep 24 17:01:36.596 INF API: test ended suite=0 test=92 pass=false
Sep 24 17:01:36.597 INF API: test started suite=0 test=93 name="interop/nested-delegatecall-value0-failed (go-ethereum_trace)"
Sep 24 17:01:36.599 INF API: test ended suite=0 test=93 pass=false
Sep 24 17:01:36.600 INF API: test started suite=0 test=94 name="interop/nested-delegatecall-value0-success (go-ethereum_trace)"
Sep 24 17:01:36.603 INF API: test ended suite=0 test=94 pass=false
Sep 24 17:01:36.604 INF API: test started suite=0 test=95 name="interop/nested-delegatecall-value1-failed (go-ethereum_trace)"
Sep 24 17:01:36.606 INF API: test ended suite=0 test=95 pass=false
Sep 24 17:01:36.607 INF API: test started suite=0 test=96 name="interop/nested-delegatecall-value1-success (go-ethereum_trace)"
Sep 24 17:01:36.609 INF API: test ended suite=0 test=96 pass=false
Sep 24 17:01:36.610 INF API: test started suite=0 test=97 name="interop/nested-staticcall-value0-failed (go-ethereum_trace)"
Sep 24 17:01:36.612 INF API: test ended suite=0 test=97 pass=false
Sep 24 17:01:36.613 INF API: test started suite=0 test=98 name="interop/nested-staticcall-value0-success (go-ethereum_trace)"
Sep 24 17:01:36.615 INF API: test ended suite=0 test=98 pass=false
Sep 24 17:01:36.616 INF API: test started suite=0 test=99 name="interop/root-failed (go-ethereum_trace)"
Sep 24 17:01:36.618 INF API: test ended suite=0 test=99 pass=false
Sep 24 17:01:36.619 INF API: test started suite=0 test=100 name="interop/root-success (go-ethereum_trace)"
Sep 24 17:01:36.621 INF API: test ended suite=0 test=100 pass=false
Sep 24 17:01:36.951 INF API: test ended suite=0 test=81 pass=true
Sep 24 17:01:36.952 INF API: test started suite=0 test=101 name="client launch (nethermind_development)"
Sep 24 17:01:45.567 INF API: client nethermind_development started suite=0 test=101 container=19ab3e37
Sep 24 17:01:45.711 INF API: test started suite=0 test=102 name="interop/_control/head (nethermind_development)"
Sep 24 17:01:45.727 INF API: test ended suite=0 test=102 pass=false
Sep 24 17:01:45.728 INF API: test started suite=0 test=103 name="interop/_control/latest (nethermind_development)"
Sep 24 17:01:45.730 INF API: test ended suite=0 test=103 pass=false
Sep 24 17:01:45.730 INF API: test started suite=0 test=104 name="interop/_control/version (nethermind_development)"
Sep 24 17:01:45.733 INF API: test ended suite=0 test=104 pass=false
Sep 24 17:01:45.734 INF API: test started suite=0 test=105 name="interop/nested-call-value0-failed (nethermind_development)"
Sep 24 17:01:45.926 INF API: test ended suite=0 test=105 pass=false
Sep 24 17:01:45.927 INF API: test started suite=0 test=106 name="interop/nested-call-value0-success (nethermind_development)"
Sep 24 17:01:45.933 INF API: test ended suite=0 test=106 pass=false
Sep 24 17:01:45.933 INF API: test started suite=0 test=107 name="interop/nested-call-value1-failed (nethermind_development)"
Sep 24 17:01:45.937 INF API: test ended suite=0 test=107 pass=false
Sep 24 17:01:45.938 INF API: test started suite=0 test=108 name="interop/nested-call-value1-success (nethermind_development)"
Sep 24 17:01:45.941 INF API: test ended suite=0 test=108 pass=false
Sep 24 17:01:45.942 INF API: test started suite=0 test=109 name="interop/nested-callcode-value0-failed (nethermind_development)"
Sep 24 17:01:45.957 INF API: test ended suite=0 test=109 pass=false
Sep 24 17:01:45.958 INF API: test started suite=0 test=110 name="interop/nested-callcode-value0-success (nethermind_development)"
Sep 24 17:01:45.961 INF API: test ended suite=0 test=110 pass=false
Sep 24 17:01:45.962 INF API: test started suite=0 test=111 name="interop/nested-callcode-value1-failed (nethermind_development)"
Sep 24 17:01:45.965 INF API: test ended suite=0 test=111 pass=false
Sep 24 17:01:45.965 INF API: test started suite=0 test=112 name="interop/nested-callcode-value1-success (nethermind_development)"
Sep 24 17:01:45.968 INF API: test ended suite=0 test=112 pass=false
Sep 24 17:01:45.969 INF API: test started suite=0 test=113 name="interop/nested-delegatecall-value0-failed (nethermind_development)"
Sep 24 17:01:45.984 INF API: test ended suite=0 test=113 pass=false
Sep 24 17:01:45.985 INF API: test started suite=0 test=114 name="interop/nested-delegatecall-value0-success (nethermind_development)"
Sep 24 17:01:45.988 INF API: test ended suite=0 test=114 pass=false
Sep 24 17:01:45.988 INF API: test started suite=0 test=115 name="interop/nested-delegatecall-value1-failed (nethermind_development)"
Sep 24 17:01:45.991 INF API: test ended suite=0 test=115 pass=false
Sep 24 17:01:45.991 INF API: test started suite=0 test=116 name="interop/nested-delegatecall-value1-success (nethermind_development)"
Sep 24 17:01:45.994 INF API: test ended suite=0 test=116 pass=false
Sep 24 17:01:45.995 INF API: test started suite=0 test=117 name="interop/nested-staticcall-value0-failed (nethermind_development)"
Sep 24 17:01:46.011 INF API: test ended suite=0 test=117 pass=false
Sep 24 17:01:46.012 INF API: test started suite=0 test=118 name="interop/nested-staticcall-value0-success (nethermind_development)"
Sep 24 17:01:46.016 INF API: test ended suite=0 test=118 pass=false
Sep 24 17:01:46.017 INF API: test started suite=0 test=119 name="interop/root-failed (nethermind_development)"
Sep 24 17:01:46.020 INF API: test ended suite=0 test=119 pass=false
Sep 24 17:01:46.020 INF API: test started suite=0 test=120 name="interop/root-success (nethermind_development)"
Sep 24 17:01:46.023 INF API: test ended suite=0 test=120 pass=false
Sep 24 17:01:46.289 INF API: test ended suite=0 test=101 pass=true
Sep 24 17:01:46.291 INF API: test started suite=0 test=121 name="client launch (nethermind_release)"
Sep 24 17:01:54.224 INF API: client nethermind_release started suite=0 test=121 container=a81b82cd
Sep 24 17:01:54.355 INF API: test started suite=0 test=122 name="interop/_control/head (nethermind_release)"
Sep 24 17:01:54.369 INF API: test ended suite=0 test=122 pass=false
Sep 24 17:01:54.370 INF API: test started suite=0 test=123 name="interop/_control/latest (nethermind_release)"
Sep 24 17:01:54.371 INF API: test ended suite=0 test=123 pass=false
Sep 24 17:01:54.372 INF API: test started suite=0 test=124 name="interop/_control/version (nethermind_release)"
Sep 24 17:01:54.375 INF API: test ended suite=0 test=124 pass=false
Sep 24 17:01:54.376 INF API: test started suite=0 test=125 name="interop/nested-call-value0-failed (nethermind_release)"
Sep 24 17:01:54.502 INF API: test ended suite=0 test=125 pass=false
Sep 24 17:01:54.504 INF API: test started suite=0 test=126 name="interop/nested-call-value0-success (nethermind_release)"
Sep 24 17:01:54.515 INF API: test ended suite=0 test=126 pass=false
Sep 24 17:01:54.516 INF API: test started suite=0 test=127 name="interop/nested-call-value1-failed (nethermind_release)"
Sep 24 17:01:54.520 INF API: test ended suite=0 test=127 pass=false
Sep 24 17:01:54.521 INF API: test started suite=0 test=128 name="interop/nested-call-value1-success (nethermind_release)"
Sep 24 17:01:54.525 INF API: test ended suite=0 test=128 pass=false
Sep 24 17:01:54.526 INF API: test started suite=0 test=129 name="interop/nested-callcode-value0-failed (nethermind_release)"
Sep 24 17:01:54.529 INF API: test ended suite=0 test=129 pass=false
Sep 24 17:01:54.530 INF API: test started suite=0 test=130 name="interop/nested-callcode-value0-success (nethermind_release)"
Sep 24 17:01:54.532 INF API: test ended suite=0 test=130 pass=false
Sep 24 17:01:54.533 INF API: test started suite=0 test=131 name="interop/nested-callcode-value1-failed (nethermind_release)"
Sep 24 17:01:54.536 INF API: test ended suite=0 test=131 pass=false
Sep 24 17:01:54.537 INF API: test started suite=0 test=132 name="interop/nested-callcode-value1-success (nethermind_release)"
Sep 24 17:01:54.539 INF API: test ended suite=0 test=132 pass=false
Sep 24 17:01:54.540 INF API: test started suite=0 test=133 name="interop/nested-delegatecall-value0-failed (nethermind_release)"
Sep 24 17:01:54.542 INF API: test ended suite=0 test=133 pass=false
Sep 24 17:01:54.543 INF API: test started suite=0 test=134 name="interop/nested-delegatecall-value0-success (nethermind_release)"
Sep 24 17:01:54.546 INF API: test ended suite=0 test=134 pass=false
Sep 24 17:01:54.547 INF API: test started suite=0 test=135 name="interop/nested-delegatecall-value1-failed (nethermind_release)"
Sep 24 17:01:54.549 INF API: test ended suite=0 test=135 pass=false
Sep 24 17:01:54.550 INF API: test started suite=0 test=136 name="interop/nested-delegatecall-value1-success (nethermind_release)"
Sep 24 17:01:54.553 INF API: test ended suite=0 test=136 pass=false
Sep 24 17:01:54.554 INF API: test started suite=0 test=137 name="interop/nested-staticcall-value0-failed (nethermind_release)"
Sep 24 17:01:54.557 INF API: test ended suite=0 test=137 pass=false
Sep 24 17:01:54.557 INF API: test started suite=0 test=138 name="interop/nested-staticcall-value0-success (nethermind_release)"
Sep 24 17:01:54.559 INF API: test ended suite=0 test=138 pass=false
Sep 24 17:01:54.560 INF API: test started suite=0 test=139 name="interop/root-failed (nethermind_release)"
Sep 24 17:01:54.563 INF API: test ended suite=0 test=139 pass=false
Sep 24 17:01:54.564 INF API: test started suite=0 test=140 name="interop/root-success (nethermind_release)"
Sep 24 17:01:54.567 INF API: test ended suite=0 test=140 pass=false
Sep 24 17:01:54.861 INF API: test ended suite=0 test=121 pass=true
Sep 24 17:01:54.862 INF API: test started suite=0 test=141 name="client launch (reth_development)"
Sep 24 17:01:56.975 INF API: client reth_development started suite=0 test=141 container=b553cdfb
Sep 24 17:01:56.988 INF API: test started suite=0 test=142 name="interop/_control/head (reth_development)"
Sep 24 17:01:56.990 INF API: test ended suite=0 test=142 pass=false
Sep 24 17:01:56.990 INF API: test started suite=0 test=143 name="interop/_control/latest (reth_development)"
Sep 24 17:01:56.992 INF API: test ended suite=0 test=143 pass=false
Sep 24 17:01:56.993 INF API: test started suite=0 test=144 name="interop/_control/version (reth_development)"
Sep 24 17:01:56.994 INF API: test ended suite=0 test=144 pass=false
Sep 24 17:01:56.995 INF API: test started suite=0 test=145 name="interop/nested-call-value0-failed (reth_development)"
Sep 24 17:01:56.998 INF API: test ended suite=0 test=145 pass=false
Sep 24 17:01:56.999 INF API: test started suite=0 test=146 name="interop/nested-call-value0-success (reth_development)"
Sep 24 17:01:57.001 INF API: test ended suite=0 test=146 pass=false
Sep 24 17:01:57.002 INF API: test started suite=0 test=147 name="interop/nested-call-value1-failed (reth_development)"
Sep 24 17:01:57.004 INF API: test ended suite=0 test=147 pass=false
Sep 24 17:01:57.005 INF API: test started suite=0 test=148 name="interop/nested-call-value1-success (reth_development)"
Sep 24 17:01:57.008 INF API: test ended suite=0 test=148 pass=false
Sep 24 17:01:57.008 INF API: test started suite=0 test=149 name="interop/nested-callcode-value0-failed (reth_development)"
Sep 24 17:01:57.011 INF API: test ended suite=0 test=149 pass=false
Sep 24 17:01:57.012 INF API: test started suite=0 test=150 name="interop/nested-callcode-value0-success (reth_development)"
Sep 24 17:01:57.013 INF API: test ended suite=0 test=150 pass=false
Sep 24 17:01:57.014 INF API: test started suite=0 test=151 name="interop/nested-callcode-value1-failed (reth_development)"
Sep 24 17:01:57.017 INF API: test ended suite=0 test=151 pass=false
Sep 24 17:01:57.018 INF API: test started suite=0 test=152 name="interop/nested-callcode-value1-success (reth_development)"
Sep 24 17:01:57.020 INF API: test ended suite=0 test=152 pass=false
Sep 24 17:01:57.020 INF API: test started suite=0 test=153 name="interop/nested-delegatecall-value0-failed (reth_development)"
Sep 24 17:01:57.023 INF API: test ended suite=0 test=153 pass=false
Sep 24 17:01:57.023 INF API: test started suite=0 test=154 name="interop/nested-delegatecall-value0-success (reth_development)"
Sep 24 17:01:57.025 INF API: test ended suite=0 test=154 pass=false
Sep 24 17:01:57.026 INF API: test started suite=0 test=155 name="interop/nested-delegatecall-value1-failed (reth_development)"
Sep 24 17:01:57.028 INF API: test ended suite=0 test=155 pass=false
Sep 24 17:01:57.028 INF API: test started suite=0 test=156 name="interop/nested-delegatecall-value1-success (reth_development)"
Sep 24 17:01:57.031 INF API: test ended suite=0 test=156 pass=false
Sep 24 17:01:57.031 INF API: test started suite=0 test=157 name="interop/nested-staticcall-value0-failed (reth_development)"
Sep 24 17:01:57.033 INF API: test ended suite=0 test=157 pass=false
Sep 24 17:01:57.034 INF API: test started suite=0 test=158 name="interop/nested-staticcall-value0-success (reth_development)"
Sep 24 17:01:57.036 INF API: test ended suite=0 test=158 pass=false
Sep 24 17:01:57.037 INF API: test started suite=0 test=159 name="interop/root-failed (reth_development)"
Sep 24 17:01:57.039 INF API: test ended suite=0 test=159 pass=false
Sep 24 17:01:57.040 INF API: test started suite=0 test=160 name="interop/root-success (reth_development)"
Sep 24 17:01:57.041 INF API: test ended suite=0 test=160 pass=false
Sep 24 17:01:57.329 INF API: test ended suite=0 test=141 pass=true
Sep 24 17:01:57.330 INF API: test started suite=0 test=161 name="client launch (reth_release)"
Sep 24 17:01:59.387 INF API: client reth_release started suite=0 test=161 container=87dad61b
Sep 24 17:01:59.398 INF API: test started suite=0 test=162 name="interop/_control/head (reth_release)"
Sep 24 17:01:59.400 INF API: test ended suite=0 test=162 pass=false
Sep 24 17:01:59.401 INF API: test started suite=0 test=163 name="interop/_control/latest (reth_release)"
Sep 24 17:01:59.402 INF API: test ended suite=0 test=163 pass=false
Sep 24 17:01:59.403 INF API: test started suite=0 test=164 name="interop/_control/version (reth_release)"
Sep 24 17:01:59.404 INF API: test ended suite=0 test=164 pass=false
Sep 24 17:01:59.404 INF API: test started suite=0 test=165 name="interop/nested-call-value0-failed (reth_release)"
Sep 24 17:01:59.407 INF API: test ended suite=0 test=165 pass=false
Sep 24 17:01:59.408 INF API: test started suite=0 test=166 name="interop/nested-call-value0-success (reth_release)"
Sep 24 17:01:59.410 INF API: test ended suite=0 test=166 pass=false
Sep 24 17:01:59.410 INF API: test started suite=0 test=167 name="interop/nested-call-value1-failed (reth_release)"
Sep 24 17:01:59.412 INF API: test ended suite=0 test=167 pass=false
Sep 24 17:01:59.413 INF API: test started suite=0 test=168 name="interop/nested-call-value1-success (reth_release)"
Sep 24 17:01:59.415 INF API: test ended suite=0 test=168 pass=false
Sep 24 17:01:59.416 INF API: test started suite=0 test=169 name="interop/nested-callcode-value0-failed (reth_release)"
Sep 24 17:01:59.418 INF API: test ended suite=0 test=169 pass=false
Sep 24 17:01:59.418 INF API: test started suite=0 test=170 name="interop/nested-callcode-value0-success (reth_release)"
Sep 24 17:01:59.420 INF API: test ended suite=0 test=170 pass=false
Sep 24 17:01:59.421 INF API: test started suite=0 test=171 name="interop/nested-callcode-value1-failed (reth_release)"
Sep 24 17:01:59.423 INF API: test ended suite=0 test=171 pass=false
Sep 24 17:01:59.424 INF API: test started suite=0 test=172 name="interop/nested-callcode-value1-success (reth_release)"
Sep 24 17:01:59.426 INF API: test ended suite=0 test=172 pass=false
Sep 24 17:01:59.427 INF API: test started suite=0 test=173 name="interop/nested-delegatecall-value0-failed (reth_release)"
Sep 24 17:01:59.428 INF API: test ended suite=0 test=173 pass=false
Sep 24 17:01:59.429 INF API: test started suite=0 test=174 name="interop/nested-delegatecall-value0-success (reth_release)"
Sep 24 17:01:59.431 INF API: test ended suite=0 test=174 pass=false
Sep 24 17:01:59.432 INF API: test started suite=0 test=175 name="interop/nested-delegatecall-value1-failed (reth_release)"
Sep 24 17:01:59.434 INF API: test ended suite=0 test=175 pass=false
Sep 24 17:01:59.435 INF API: test started suite=0 test=176 name="interop/nested-delegatecall-value1-success (reth_release)"
Sep 24 17:01:59.436 INF API: test ended suite=0 test=176 pass=false
Sep 24 17:01:59.437 INF API: test started suite=0 test=177 name="interop/nested-staticcall-value0-failed (reth_release)"
Sep 24 17:01:59.439 INF API: test ended suite=0 test=177 pass=false
Sep 24 17:01:59.440 INF API: test started suite=0 test=178 name="interop/nested-staticcall-value0-success (reth_release)"
Sep 24 17:01:59.442 INF API: test ended suite=0 test=178 pass=false
Sep 24 17:01:59.442 INF API: test started suite=0 test=179 name="interop/root-failed (reth_release)"
Sep 24 17:01:59.443 INF API: test ended suite=0 test=179 pass=false
Sep 24 17:01:59.444 INF API: test started suite=0 test=180 name="interop/root-success (reth_release)"
Sep 24 17:01:59.445 INF API: test ended suite=0 test=180 pass=false
Sep 24 17:01:59.738 INF API: test ended suite=0 test=161 pass=true
Sep 24 17:01:59.747 INF API: suite ended suite=0
Sep 24 17:02:00.155 INF simulation ethereum/rpc-compat finished suites=1 tests=180 failed=171
171 tests failed
