Sep 24 23:01:24.280 INF building image image=hive/hiveproxy nocache=false pull=false
Sep 24 23:01:24.346 INF building 9 clients...
Sep 24 23:01:24.346 INF building image image=hive/clients/besu_development:latest dir=clients/besu nocache=false pull=false baseimage=trace-interop/besu tag=08ff27ec6642686495169a70672d126ad494b48d3152537529a0628d7841b46c
Sep 24 23:01:24.399 INF building image image=hive/clients/besu_release:latest dir=clients/besu nocache=false pull=false baseimage=trace-interop/besu tag=f3713c713ca4f9e89c09e1478d2a85116ba9ce8343129d709420ba2af009598b
Sep 24 23:01:24.432 INF building image image=hive/clients/erigon_development:latest dir=clients/erigon nocache=false pull=false baseimage=trace-interop/erigon tag=96ed3bf9e6103fa7348e8223f07becfaf1d19b43fb66524f295bdb83e12dbee5
Sep 24 23:01:24.467 INF building image image=hive/clients/erigon_release:latest dir=clients/erigon nocache=false pull=false baseimage=trace-interop/erigon tag=8668d9c5adc01ad1d12aa25380e384079080bdde7e0ce93f11bed422d82ca0ac
Sep 24 23:01:24.503 INF building image image=hive/clients/go-ethereum_trace:latest dir=clients/go-ethereum nocache=false pull=false baseimage=trace-interop/go-ethereum tag=06c86d469c85929160da6503691f9971d03cf659495075282b81f8919c86f97c
Sep 24 23:01:24.545 INF building image image=hive/clients/nethermind_development:latest dir=clients/nethermind nocache=false pull=false baseimage=trace-interop/nethermind tag=9a73261ff8a3adbf940d822db3557cedadd5702cd98862b875d8645f9db6302a
Sep 24 23:01:24.584 INF building image image=hive/clients/nethermind_release:latest dir=clients/nethermind nocache=false pull=false baseimage=trace-interop/nethermind tag=d6b98371fce49848629f4841a9ef2cfc416c90ee187bc82291e97ca77cb108e4
Sep 24 23:01:24.623 INF building image image=hive/clients/reth_development:latest dir=clients/reth nocache=false pull=false baseimage=trace-interop/reth tag=935f179789c1d4fc921c181a4fa21f3262e5d0509061ddbad4398b37db3f33bf
Sep 24 23:01:24.655 INF building image image=hive/clients/reth_release:latest dir=clients/reth nocache=false pull=false baseimage=trace-interop/reth tag=e939dc4a471d9d27224e430f607a954d692ca5037a1350ee2036397d14532ca7
Sep 24 23:01:24.691 INF building 1 simulators...
Sep 24 23:01:24.691 INF building image image=hive/simulators/ethereum/rpc-compat:latest dir=simulators/ethereum/rpc-compat nocache=false pull=false
Sep 24 23:01:24.718 INF creating output directory folder=/home/banteg/dev/trace-adopted-20260924/evidence/2026-09-24/adopted-stances/coverage/hive
Sep 24 23:01:24.725 INF running simulation: ethereum/rpc-compat
Sep 24 23:01:24.879 INF hiveproxy started container=fda03e26bde0 addr=172.17.0.2:8081
Sep 24 23:01:25.068 INF API: suite started suite=0 name=rpc-compat
Sep 24 23:01:25.069 INF API: test started suite=0 test=1 name="client launch (besu_development)"
Sep 24 23:01:32.946 INF API: client besu_development started suite=0 test=1 container=e1d17e0c
Sep 24 23:01:33.269 INF API: test started suite=0 test=2 name="interop/_control/head (besu_development)"
Sep 24 23:01:33.277 INF API: test ended suite=0 test=2 pass=false
Sep 24 23:01:33.278 INF API: test started suite=0 test=3 name="interop/_control/latest (besu_development)"
Sep 24 23:01:33.286 INF API: test ended suite=0 test=3 pass=false
Sep 24 23:01:33.287 INF API: test started suite=0 test=4 name="interop/_control/miner-balance (besu_development)"
Sep 24 23:01:33.300 INF API: test ended suite=0 test=4 pass=false
Sep 24 23:01:33.301 INF API: test started suite=0 test=5 name="interop/_control/miner-code (besu_development)"
Sep 24 23:01:33.307 INF API: test ended suite=0 test=5 pass=false
Sep 24 23:01:33.308 INF API: test started suite=0 test=6 name="interop/_control/miner-nonce (besu_development)"
Sep 24 23:01:33.314 INF API: test ended suite=0 test=6 pass=false
Sep 24 23:01:33.315 INF API: test started suite=0 test=7 name="interop/_control/sender-balance (besu_development)"
Sep 24 23:01:33.321 INF API: test ended suite=0 test=7 pass=false
Sep 24 23:01:33.321 INF API: test started suite=0 test=8 name="interop/_control/sender-code (besu_development)"
Sep 24 23:01:33.327 INF API: test ended suite=0 test=8 pass=false
Sep 24 23:01:33.328 INF API: test started suite=0 test=9 name="interop/_control/sender-nonce (besu_development)"
Sep 24 23:01:33.334 INF API: test ended suite=0 test=9 pass=false
Sep 24 23:01:33.335 INF API: test started suite=0 test=10 name="interop/_control/target-balance (besu_development)"
Sep 24 23:01:33.340 INF API: test ended suite=0 test=10 pass=false
Sep 24 23:01:33.341 INF API: test started suite=0 test=11 name="interop/_control/target-code (besu_development)"
Sep 24 23:01:33.346 INF API: test ended suite=0 test=11 pass=false
Sep 24 23:01:33.347 INF API: test started suite=0 test=12 name="interop/_control/target-nonce (besu_development)"
Sep 24 23:01:33.353 INF API: test ended suite=0 test=12 pass=false
Sep 24 23:01:33.354 INF API: test started suite=0 test=13 name="interop/_control/version (besu_development)"
Sep 24 23:01:33.359 INF API: test ended suite=0 test=13 pass=false
Sep 24 23:01:33.360 INF API: test started suite=0 test=14 name="interop/model-empty-runtime (besu_development)"
Sep 24 23:01:33.441 INF API: test ended suite=0 test=14 pass=false
Sep 24 23:01:33.442 INF API: test started suite=0 test=15 name="interop/model-environment-free (besu_development)"
Sep 24 23:01:33.461 INF API: test ended suite=0 test=15 pass=false
Sep 24 23:01:33.462 INF API: test started suite=0 test=16 name="interop/model-environment (besu_development)"
Sep 24 23:01:33.474 INF API: test ended suite=0 test=16 pass=false
Sep 24 23:01:33.475 INF API: test started suite=0 test=17 name="interop/model-many-transfers (besu_development)"
Sep 24 23:01:33.496 INF API: test ended suite=0 test=17 pass=false
Sep 24 23:01:33.497 INF API: test started suite=0 test=18 name="interop/model-mcopy-overlap (besu_development)"
Sep 24 23:01:33.507 INF API: test ended suite=0 test=18 pass=false
Sep 24 23:01:33.508 INF API: test started suite=0 test=19 name="interop/model-mcopy-zero (besu_development)"
Sep 24 23:01:33.517 INF API: test ended suite=0 test=19 pass=false
Sep 24 23:01:33.518 INF API: test started suite=0 test=20 name="interop/model-mcopy (besu_development)"
Sep 24 23:01:33.526 INF API: test ended suite=0 test=20 pass=false
Sep 24 23:01:33.527 INF API: test started suite=0 test=21 name="interop/model-mload-existing (besu_development)"
Sep 24 23:01:33.537 INF API: test ended suite=0 test=21 pass=false
Sep 24 23:01:33.538 INF API: test started suite=0 test=22 name="interop/model-mload-expansion (besu_development)"
Sep 24 23:01:33.546 INF API: test ended suite=0 test=22 pass=false
Sep 24 23:01:33.547 INF API: test started suite=0 test=23 name="interop/model-return42 (besu_development)"
Sep 24 23:01:33.557 INF API: test ended suite=0 test=23 pass=false
Sep 24 23:01:33.558 INF API: test started suite=0 test=24 name="interop/model-revert (besu_development)"
Sep 24 23:01:33.571 INF API: test ended suite=0 test=24 pass=false
Sep 24 23:01:33.572 INF API: test started suite=0 test=25 name="interop/model-transfer (besu_development)"
Sep 24 23:01:33.581 INF API: test ended suite=0 test=25 pass=false
Sep 24 23:01:33.759 INF API: test ended suite=0 test=1 pass=true
Sep 24 23:01:33.761 INF API: test started suite=0 test=26 name="client launch (besu_release)"
Sep 24 23:01:42.046 INF API: client besu_release started suite=0 test=26 container=ced97f69
Sep 24 23:01:42.278 INF API: test started suite=0 test=27 name="interop/_control/head (besu_release)"
Sep 24 23:01:42.285 INF API: test ended suite=0 test=27 pass=false
Sep 24 23:01:42.285 INF API: test started suite=0 test=28 name="interop/_control/latest (besu_release)"
Sep 24 23:01:42.292 INF API: test ended suite=0 test=28 pass=false
Sep 24 23:01:42.293 INF API: test started suite=0 test=29 name="interop/_control/miner-balance (besu_release)"
Sep 24 23:01:42.303 INF API: test ended suite=0 test=29 pass=false
Sep 24 23:01:42.304 INF API: test started suite=0 test=30 name="interop/_control/miner-code (besu_release)"
Sep 24 23:01:42.311 INF API: test ended suite=0 test=30 pass=false
Sep 24 23:01:42.312 INF API: test started suite=0 test=31 name="interop/_control/miner-nonce (besu_release)"
Sep 24 23:01:42.318 INF API: test ended suite=0 test=31 pass=false
Sep 24 23:01:42.319 INF API: test started suite=0 test=32 name="interop/_control/sender-balance (besu_release)"
Sep 24 23:01:42.325 INF API: test ended suite=0 test=32 pass=false
Sep 24 23:01:42.326 INF API: test started suite=0 test=33 name="interop/_control/sender-code (besu_release)"
Sep 24 23:01:42.332 INF API: test ended suite=0 test=33 pass=false
Sep 24 23:01:42.333 INF API: test started suite=0 test=34 name="interop/_control/sender-nonce (besu_release)"
Sep 24 23:01:42.338 INF API: test ended suite=0 test=34 pass=false
Sep 24 23:01:42.339 INF API: test started suite=0 test=35 name="interop/_control/target-balance (besu_release)"
Sep 24 23:01:42.344 INF API: test ended suite=0 test=35 pass=false
Sep 24 23:01:42.345 INF API: test started suite=0 test=36 name="interop/_control/target-code (besu_release)"
Sep 24 23:01:42.350 INF API: test ended suite=0 test=36 pass=false
Sep 24 23:01:42.351 INF API: test started suite=0 test=37 name="interop/_control/target-nonce (besu_release)"
Sep 24 23:01:42.358 INF API: test ended suite=0 test=37 pass=false
Sep 24 23:01:42.359 INF API: test started suite=0 test=38 name="interop/_control/version (besu_release)"
Sep 24 23:01:42.364 INF API: test ended suite=0 test=38 pass=false
Sep 24 23:01:42.365 INF API: test started suite=0 test=39 name="interop/model-empty-runtime (besu_release)"
Sep 24 23:01:42.447 INF API: test ended suite=0 test=39 pass=false
Sep 24 23:01:42.448 INF API: test started suite=0 test=40 name="interop/model-environment-free (besu_release)"
Sep 24 23:01:42.466 INF API: test ended suite=0 test=40 pass=false
Sep 24 23:01:42.467 INF API: test started suite=0 test=41 name="interop/model-environment (besu_release)"
Sep 24 23:01:42.480 INF API: test ended suite=0 test=41 pass=false
Sep 24 23:01:42.481 INF API: test started suite=0 test=42 name="interop/model-many-transfers (besu_release)"
Sep 24 23:01:42.504 INF API: test ended suite=0 test=42 pass=false
Sep 24 23:01:42.505 INF API: test started suite=0 test=43 name="interop/model-mcopy-overlap (besu_release)"
Sep 24 23:01:42.515 INF API: test ended suite=0 test=43 pass=false
Sep 24 23:01:42.516 INF API: test started suite=0 test=44 name="interop/model-mcopy-zero (besu_release)"
Sep 24 23:01:42.526 INF API: test ended suite=0 test=44 pass=false
Sep 24 23:01:42.528 INF API: test started suite=0 test=45 name="interop/model-mcopy (besu_release)"
Sep 24 23:01:42.537 INF API: test ended suite=0 test=45 pass=false
Sep 24 23:01:42.538 INF API: test started suite=0 test=46 name="interop/model-mload-existing (besu_release)"
Sep 24 23:01:42.546 INF API: test ended suite=0 test=46 pass=false
Sep 24 23:01:42.547 INF API: test started suite=0 test=47 name="interop/model-mload-expansion (besu_release)"
Sep 24 23:01:42.556 INF API: test ended suite=0 test=47 pass=false
Sep 24 23:01:42.557 INF API: test started suite=0 test=48 name="interop/model-return42 (besu_release)"
Sep 24 23:01:42.565 INF API: test ended suite=0 test=48 pass=false
Sep 24 23:01:42.566 INF API: test started suite=0 test=49 name="interop/model-revert (besu_release)"
Sep 24 23:01:42.579 INF API: test ended suite=0 test=49 pass=false
Sep 24 23:01:42.580 INF API: test started suite=0 test=50 name="interop/model-transfer (besu_release)"
Sep 24 23:01:42.589 INF API: test ended suite=0 test=50 pass=false
Sep 24 23:01:42.846 INF API: test ended suite=0 test=26 pass=true
Sep 24 23:01:42.847 INF API: test started suite=0 test=51 name="client launch (erigon_development)"
Sep 24 23:01:43.514 INF API: client erigon_development started suite=0 test=51 container=b7133ef6
Sep 24 23:01:43.519 INF API: test started suite=0 test=52 name="interop/_control/head (erigon_development)"
Sep 24 23:01:43.522 INF API: test ended suite=0 test=52 pass=false
Sep 24 23:01:43.523 INF API: test started suite=0 test=53 name="interop/_control/latest (erigon_development)"
Sep 24 23:01:43.525 INF API: test ended suite=0 test=53 pass=false
Sep 24 23:01:43.526 INF API: test started suite=0 test=54 name="interop/_control/miner-balance (erigon_development)"
Sep 24 23:01:43.527 INF API: test ended suite=0 test=54 pass=false
Sep 24 23:01:43.528 INF API: test started suite=0 test=55 name="interop/_control/miner-code (erigon_development)"
Sep 24 23:01:43.531 INF API: test ended suite=0 test=55 pass=false
Sep 24 23:01:43.531 INF API: test started suite=0 test=56 name="interop/_control/miner-nonce (erigon_development)"
Sep 24 23:01:43.533 INF API: test ended suite=0 test=56 pass=false
Sep 24 23:01:43.534 INF API: test started suite=0 test=57 name="interop/_control/sender-balance (erigon_development)"
Sep 24 23:01:43.536 INF API: test ended suite=0 test=57 pass=false
Sep 24 23:01:43.537 INF API: test started suite=0 test=58 name="interop/_control/sender-code (erigon_development)"
Sep 24 23:01:43.539 INF API: test ended suite=0 test=58 pass=false
Sep 24 23:01:43.540 INF API: test started suite=0 test=59 name="interop/_control/sender-nonce (erigon_development)"
Sep 24 23:01:43.542 INF API: test ended suite=0 test=59 pass=false
Sep 24 23:01:43.543 INF API: test started suite=0 test=60 name="interop/_control/target-balance (erigon_development)"
Sep 24 23:01:43.545 INF API: test ended suite=0 test=60 pass=false
Sep 24 23:01:43.546 INF API: test started suite=0 test=61 name="interop/_control/target-code (erigon_development)"
Sep 24 23:01:43.548 INF API: test ended suite=0 test=61 pass=false
Sep 24 23:01:43.549 INF API: test started suite=0 test=62 name="interop/_control/target-nonce (erigon_development)"
Sep 24 23:01:43.551 INF API: test ended suite=0 test=62 pass=false
Sep 24 23:01:43.552 INF API: test started suite=0 test=63 name="interop/_control/version (erigon_development)"
Sep 24 23:01:43.554 INF API: test ended suite=0 test=63 pass=false
Sep 24 23:01:43.555 INF API: test started suite=0 test=64 name="interop/model-empty-runtime (erigon_development)"
Sep 24 23:01:43.558 INF API: test ended suite=0 test=64 pass=false
Sep 24 23:01:43.559 INF API: test started suite=0 test=65 name="interop/model-environment-free (erigon_development)"
Sep 24 23:01:43.561 INF API: test ended suite=0 test=65 pass=false
Sep 24 23:01:43.562 INF API: test started suite=0 test=66 name="interop/model-environment (erigon_development)"
Sep 24 23:01:43.565 INF API: test ended suite=0 test=66 pass=false
Sep 24 23:01:43.566 INF API: test started suite=0 test=67 name="interop/model-many-transfers (erigon_development)"
Sep 24 23:01:43.569 INF API: test ended suite=0 test=67 pass=false
Sep 24 23:01:43.570 INF API: test started suite=0 test=68 name="interop/model-mcopy-overlap (erigon_development)"
Sep 24 23:01:43.572 INF API: test ended suite=0 test=68 pass=false
Sep 24 23:01:43.573 INF API: test started suite=0 test=69 name="interop/model-mcopy-zero (erigon_development)"
Sep 24 23:01:43.575 INF API: test ended suite=0 test=69 pass=false
Sep 24 23:01:43.576 INF API: test started suite=0 test=70 name="interop/model-mcopy (erigon_development)"
Sep 24 23:01:43.579 INF API: test ended suite=0 test=70 pass=false
Sep 24 23:01:43.580 INF API: test started suite=0 test=71 name="interop/model-mload-existing (erigon_development)"
Sep 24 23:01:43.583 INF API: test ended suite=0 test=71 pass=false
Sep 24 23:01:43.584 INF API: test started suite=0 test=72 name="interop/model-mload-expansion (erigon_development)"
Sep 24 23:01:43.586 INF API: test ended suite=0 test=72 pass=false
Sep 24 23:01:43.587 INF API: test started suite=0 test=73 name="interop/model-return42 (erigon_development)"
Sep 24 23:01:43.590 INF API: test ended suite=0 test=73 pass=false
Sep 24 23:01:43.591 INF API: test started suite=0 test=74 name="interop/model-revert (erigon_development)"
Sep 24 23:01:43.595 INF API: test ended suite=0 test=74 pass=false
Sep 24 23:01:43.596 INF API: test started suite=0 test=75 name="interop/model-transfer (erigon_development)"
Sep 24 23:01:43.598 INF API: test ended suite=0 test=75 pass=false
Sep 24 23:01:43.740 INF API: test ended suite=0 test=51 pass=true
Sep 24 23:01:43.741 INF API: test started suite=0 test=76 name="client launch (erigon_release)"
Sep 24 23:01:44.618 INF API: client erigon_release started suite=0 test=76 container=7b798d85
Sep 24 23:01:44.623 INF API: test started suite=0 test=77 name="interop/_control/head (erigon_release)"
Sep 24 23:01:44.626 INF API: test ended suite=0 test=77 pass=false
Sep 24 23:01:44.627 INF API: test started suite=0 test=78 name="interop/_control/latest (erigon_release)"
Sep 24 23:01:44.630 INF API: test ended suite=0 test=78 pass=false
Sep 24 23:01:44.631 INF API: test started suite=0 test=79 name="interop/_control/miner-balance (erigon_release)"
Sep 24 23:01:44.633 INF API: test ended suite=0 test=79 pass=false
Sep 24 23:01:44.634 INF API: test started suite=0 test=80 name="interop/_control/miner-code (erigon_release)"
Sep 24 23:01:44.636 INF API: test ended suite=0 test=80 pass=false
Sep 24 23:01:44.637 INF API: test started suite=0 test=81 name="interop/_control/miner-nonce (erigon_release)"
Sep 24 23:01:44.639 INF API: test ended suite=0 test=81 pass=false
Sep 24 23:01:44.640 INF API: test started suite=0 test=82 name="interop/_control/sender-balance (erigon_release)"
Sep 24 23:01:44.642 INF API: test ended suite=0 test=82 pass=false
Sep 24 23:01:44.643 INF API: test started suite=0 test=83 name="interop/_control/sender-code (erigon_release)"
Sep 24 23:01:44.645 INF API: test ended suite=0 test=83 pass=false
Sep 24 23:01:44.646 INF API: test started suite=0 test=84 name="interop/_control/sender-nonce (erigon_release)"
Sep 24 23:01:44.648 INF API: test ended suite=0 test=84 pass=false
Sep 24 23:01:44.648 INF API: test started suite=0 test=85 name="interop/_control/target-balance (erigon_release)"
Sep 24 23:01:44.651 INF API: test ended suite=0 test=85 pass=false
Sep 24 23:01:44.652 INF API: test started suite=0 test=86 name="interop/_control/target-code (erigon_release)"
Sep 24 23:01:44.654 INF API: test ended suite=0 test=86 pass=false
Sep 24 23:01:44.655 INF API: test started suite=0 test=87 name="interop/_control/target-nonce (erigon_release)"
Sep 24 23:01:44.658 INF API: test ended suite=0 test=87 pass=false
Sep 24 23:01:44.659 INF API: test started suite=0 test=88 name="interop/_control/version (erigon_release)"
Sep 24 23:01:44.674 INF API: test ended suite=0 test=88 pass=false
Sep 24 23:01:44.675 INF API: test started suite=0 test=89 name="interop/model-empty-runtime (erigon_release)"
Sep 24 23:01:44.677 INF API: test ended suite=0 test=89 pass=false
Sep 24 23:01:44.678 INF API: test started suite=0 test=90 name="interop/model-environment-free (erigon_release)"
Sep 24 23:01:44.692 INF API: test ended suite=0 test=90 pass=false
Sep 24 23:01:44.693 INF API: test started suite=0 test=91 name="interop/model-environment (erigon_release)"
Sep 24 23:01:44.696 INF API: test ended suite=0 test=91 pass=false
Sep 24 23:01:44.696 INF API: test started suite=0 test=92 name="interop/model-many-transfers (erigon_release)"
Sep 24 23:01:44.698 INF API: test ended suite=0 test=92 pass=false
Sep 24 23:01:44.698 INF API: test started suite=0 test=93 name="interop/model-mcopy-overlap (erigon_release)"
Sep 24 23:01:44.700 INF API: test ended suite=0 test=93 pass=false
Sep 24 23:01:44.701 INF API: test started suite=0 test=94 name="interop/model-mcopy-zero (erigon_release)"
Sep 24 23:01:44.703 INF API: test ended suite=0 test=94 pass=false
Sep 24 23:01:44.704 INF API: test started suite=0 test=95 name="interop/model-mcopy (erigon_release)"
Sep 24 23:01:44.706 INF API: test ended suite=0 test=95 pass=false
Sep 24 23:01:44.706 INF API: test started suite=0 test=96 name="interop/model-mload-existing (erigon_release)"
Sep 24 23:01:44.708 INF API: test ended suite=0 test=96 pass=false
Sep 24 23:01:44.709 INF API: test started suite=0 test=97 name="interop/model-mload-expansion (erigon_release)"
Sep 24 23:01:44.711 INF API: test ended suite=0 test=97 pass=false
Sep 24 23:01:44.711 INF API: test started suite=0 test=98 name="interop/model-return42 (erigon_release)"
Sep 24 23:01:44.713 INF API: test ended suite=0 test=98 pass=false
Sep 24 23:01:44.714 INF API: test started suite=0 test=99 name="interop/model-revert (erigon_release)"
Sep 24 23:01:44.715 INF API: test ended suite=0 test=99 pass=false
Sep 24 23:01:44.716 INF API: test started suite=0 test=100 name="interop/model-transfer (erigon_release)"
Sep 24 23:01:44.718 INF API: test ended suite=0 test=100 pass=false
Sep 24 23:01:44.992 INF API: test ended suite=0 test=76 pass=true
Sep 24 23:01:44.993 INF API: test started suite=0 test=101 name="client launch (go-ethereum_trace)"
Sep 24 23:01:46.718 INF API: client go-ethereum_trace started suite=0 test=101 container=d555b8d1
Sep 24 23:01:46.731 INF API: test started suite=0 test=102 name="interop/_control/head (go-ethereum_trace)"
Sep 24 23:01:46.743 INF API: test ended suite=0 test=102 pass=false
Sep 24 23:01:46.744 INF API: test started suite=0 test=103 name="interop/_control/latest (go-ethereum_trace)"
Sep 24 23:01:46.746 INF API: test ended suite=0 test=103 pass=false
Sep 24 23:01:46.747 INF API: test started suite=0 test=104 name="interop/_control/miner-balance (go-ethereum_trace)"
Sep 24 23:01:46.749 INF API: test ended suite=0 test=104 pass=false
Sep 24 23:01:46.750 INF API: test started suite=0 test=105 name="interop/_control/miner-code (go-ethereum_trace)"
Sep 24 23:01:46.751 INF API: test ended suite=0 test=105 pass=false
Sep 24 23:01:46.752 INF API: test started suite=0 test=106 name="interop/_control/miner-nonce (go-ethereum_trace)"
Sep 24 23:01:46.753 INF API: test ended suite=0 test=106 pass=false
Sep 24 23:01:46.754 INF API: test started suite=0 test=107 name="interop/_control/sender-balance (go-ethereum_trace)"
Sep 24 23:01:46.755 INF API: test ended suite=0 test=107 pass=false
Sep 24 23:01:46.756 INF API: test started suite=0 test=108 name="interop/_control/sender-code (go-ethereum_trace)"
Sep 24 23:01:46.757 INF API: test ended suite=0 test=108 pass=false
Sep 24 23:01:46.758 INF API: test started suite=0 test=109 name="interop/_control/sender-nonce (go-ethereum_trace)"
Sep 24 23:01:46.759 INF API: test ended suite=0 test=109 pass=false
Sep 24 23:01:46.760 INF API: test started suite=0 test=110 name="interop/_control/target-balance (go-ethereum_trace)"
Sep 24 23:01:46.761 INF API: test ended suite=0 test=110 pass=false
Sep 24 23:01:46.762 INF API: test started suite=0 test=111 name="interop/_control/target-code (go-ethereum_trace)"
Sep 24 23:01:46.763 INF API: test ended suite=0 test=111 pass=false
Sep 24 23:01:46.763 INF API: test started suite=0 test=112 name="interop/_control/target-nonce (go-ethereum_trace)"
Sep 24 23:01:46.764 INF API: test ended suite=0 test=112 pass=false
Sep 24 23:01:46.765 INF API: test started suite=0 test=113 name="interop/_control/version (go-ethereum_trace)"
Sep 24 23:01:46.766 INF API: test ended suite=0 test=113 pass=false
Sep 24 23:01:46.767 INF API: test started suite=0 test=114 name="interop/model-empty-runtime (go-ethereum_trace)"
Sep 24 23:01:46.771 INF API: test ended suite=0 test=114 pass=false
Sep 24 23:01:46.772 INF API: test started suite=0 test=115 name="interop/model-environment-free (go-ethereum_trace)"
Sep 24 23:01:46.774 INF API: test ended suite=0 test=115 pass=false
Sep 24 23:01:46.775 INF API: test started suite=0 test=116 name="interop/model-environment (go-ethereum_trace)"
Sep 24 23:01:46.778 INF API: test ended suite=0 test=116 pass=false
Sep 24 23:01:46.779 INF API: test started suite=0 test=117 name="interop/model-many-transfers (go-ethereum_trace)"
Sep 24 23:01:46.781 INF API: test ended suite=0 test=117 pass=false
Sep 24 23:01:46.781 INF API: test started suite=0 test=118 name="interop/model-mcopy-overlap (go-ethereum_trace)"
Sep 24 23:01:46.784 INF API: test ended suite=0 test=118 pass=false
Sep 24 23:01:46.785 INF API: test started suite=0 test=119 name="interop/model-mcopy-zero (go-ethereum_trace)"
Sep 24 23:01:46.790 INF API: test ended suite=0 test=119 pass=false
Sep 24 23:01:46.791 INF API: test started suite=0 test=120 name="interop/model-mcopy (go-ethereum_trace)"
Sep 24 23:01:46.793 INF API: test ended suite=0 test=120 pass=false
Sep 24 23:01:46.794 INF API: test started suite=0 test=121 name="interop/model-mload-existing (go-ethereum_trace)"
Sep 24 23:01:46.795 INF API: test ended suite=0 test=121 pass=false
Sep 24 23:01:46.796 INF API: test started suite=0 test=122 name="interop/model-mload-expansion (go-ethereum_trace)"
Sep 24 23:01:46.798 INF API: test ended suite=0 test=122 pass=false
Sep 24 23:01:46.798 INF API: test started suite=0 test=123 name="interop/model-return42 (go-ethereum_trace)"
Sep 24 23:01:46.800 INF API: test ended suite=0 test=123 pass=false
Sep 24 23:01:46.801 INF API: test started suite=0 test=124 name="interop/model-revert (go-ethereum_trace)"
Sep 24 23:01:46.802 INF API: test ended suite=0 test=124 pass=false
Sep 24 23:01:46.803 INF API: test started suite=0 test=125 name="interop/model-transfer (go-ethereum_trace)"
Sep 24 23:01:46.804 INF API: test ended suite=0 test=125 pass=false
Sep 24 23:01:47.052 INF API: test ended suite=0 test=101 pass=true
Sep 24 23:01:47.054 INF API: test started suite=0 test=126 name="client launch (nethermind_development)"
Sep 24 23:01:55.364 INF API: client nethermind_development started suite=0 test=126 container=b81e1523
Sep 24 23:01:55.508 INF API: test started suite=0 test=127 name="interop/_control/head (nethermind_development)"
Sep 24 23:01:55.524 INF API: test ended suite=0 test=127 pass=false
Sep 24 23:01:55.525 INF API: test started suite=0 test=128 name="interop/_control/latest (nethermind_development)"
Sep 24 23:01:55.528 INF API: test ended suite=0 test=128 pass=false
Sep 24 23:01:55.528 INF API: test started suite=0 test=129 name="interop/_control/miner-balance (nethermind_development)"
Sep 24 23:01:55.534 INF API: test ended suite=0 test=129 pass=false
Sep 24 23:01:55.534 INF API: test started suite=0 test=130 name="interop/_control/miner-code (nethermind_development)"
Sep 24 23:01:55.536 INF API: test ended suite=0 test=130 pass=false
Sep 24 23:01:55.537 INF API: test started suite=0 test=131 name="interop/_control/miner-nonce (nethermind_development)"
Sep 24 23:01:55.541 INF API: test ended suite=0 test=131 pass=false
Sep 24 23:01:55.541 INF API: test started suite=0 test=132 name="interop/_control/sender-balance (nethermind_development)"
Sep 24 23:01:55.542 INF API: test ended suite=0 test=132 pass=false
Sep 24 23:01:55.543 INF API: test started suite=0 test=133 name="interop/_control/sender-code (nethermind_development)"
Sep 24 23:01:55.544 INF API: test ended suite=0 test=133 pass=false
Sep 24 23:01:55.545 INF API: test started suite=0 test=134 name="interop/_control/sender-nonce (nethermind_development)"
Sep 24 23:01:55.546 INF API: test ended suite=0 test=134 pass=false
Sep 24 23:01:55.547 INF API: test started suite=0 test=135 name="interop/_control/target-balance (nethermind_development)"
Sep 24 23:01:55.547 INF API: test ended suite=0 test=135 pass=false
Sep 24 23:01:55.548 INF API: test started suite=0 test=136 name="interop/_control/target-code (nethermind_development)"
Sep 24 23:01:55.549 INF API: test ended suite=0 test=136 pass=false
Sep 24 23:01:55.550 INF API: test started suite=0 test=137 name="interop/_control/target-nonce (nethermind_development)"
Sep 24 23:01:55.551 INF API: test ended suite=0 test=137 pass=false
Sep 24 23:01:55.552 INF API: test started suite=0 test=138 name="interop/_control/version (nethermind_development)"
Sep 24 23:01:55.554 INF API: test ended suite=0 test=138 pass=false
Sep 24 23:01:55.554 INF API: test started suite=0 test=139 name="interop/model-empty-runtime (nethermind_development)"
Sep 24 23:01:55.733 INF API: test ended suite=0 test=139 pass=false
Sep 24 23:01:55.734 INF API: test started suite=0 test=140 name="interop/model-environment-free (nethermind_development)"
Sep 24 23:01:55.766 INF API: test ended suite=0 test=140 pass=false
Sep 24 23:01:55.767 INF API: test started suite=0 test=141 name="interop/model-environment (nethermind_development)"
Sep 24 23:01:55.779 INF API: test ended suite=0 test=141 pass=false
Sep 24 23:01:55.780 INF API: test started suite=0 test=142 name="interop/model-many-transfers (nethermind_development)"
Sep 24 23:01:55.812 INF API: test ended suite=0 test=142 pass=false
Sep 24 23:01:55.813 INF API: test started suite=0 test=143 name="interop/model-mcopy-overlap (nethermind_development)"
Sep 24 23:01:55.835 INF API: test ended suite=0 test=143 pass=false
Sep 24 23:01:55.836 INF API: test started suite=0 test=144 name="interop/model-mcopy-zero (nethermind_development)"
Sep 24 23:01:55.851 INF API: test ended suite=0 test=144 pass=false
Sep 24 23:01:55.852 INF API: test started suite=0 test=145 name="interop/model-mcopy (nethermind_development)"
Sep 24 23:01:55.857 INF API: test ended suite=0 test=145 pass=false
Sep 24 23:01:55.858 INF API: test started suite=0 test=146 name="interop/model-mload-existing (nethermind_development)"
Sep 24 23:01:55.866 INF API: test ended suite=0 test=146 pass=false
Sep 24 23:01:55.867 INF API: test started suite=0 test=147 name="interop/model-mload-expansion (nethermind_development)"
Sep 24 23:01:55.870 INF API: test ended suite=0 test=147 pass=false
Sep 24 23:01:55.871 INF API: test started suite=0 test=148 name="interop/model-return42 (nethermind_development)"
Sep 24 23:01:55.874 INF API: test ended suite=0 test=148 pass=false
Sep 24 23:01:55.875 INF API: test started suite=0 test=149 name="interop/model-revert (nethermind_development)"
Sep 24 23:01:55.890 INF API: test ended suite=0 test=149 pass=false
Sep 24 23:01:55.891 INF API: test started suite=0 test=150 name="interop/model-transfer (nethermind_development)"
Sep 24 23:01:55.894 INF API: test ended suite=0 test=150 pass=false
Sep 24 23:01:56.147 INF API: test ended suite=0 test=126 pass=true
Sep 24 23:01:56.149 INF API: test started suite=0 test=151 name="client launch (nethermind_release)"
Sep 24 23:02:03.567 INF API: client nethermind_release started suite=0 test=151 container=5d1787de
Sep 24 23:02:03.697 INF API: test started suite=0 test=152 name="interop/_control/head (nethermind_release)"
Sep 24 23:02:03.712 INF API: test ended suite=0 test=152 pass=false
Sep 24 23:02:03.714 INF API: test started suite=0 test=153 name="interop/_control/latest (nethermind_release)"
Sep 24 23:02:03.715 INF API: test ended suite=0 test=153 pass=false
Sep 24 23:02:03.716 INF API: test started suite=0 test=154 name="interop/_control/miner-balance (nethermind_release)"
Sep 24 23:02:03.722 INF API: test ended suite=0 test=154 pass=false
Sep 24 23:02:03.723 INF API: test started suite=0 test=155 name="interop/_control/miner-code (nethermind_release)"
Sep 24 23:02:03.724 INF API: test ended suite=0 test=155 pass=false
Sep 24 23:02:03.725 INF API: test started suite=0 test=156 name="interop/_control/miner-nonce (nethermind_release)"
Sep 24 23:02:03.729 INF API: test ended suite=0 test=156 pass=false
Sep 24 23:02:03.729 INF API: test started suite=0 test=157 name="interop/_control/sender-balance (nethermind_release)"
Sep 24 23:02:03.731 INF API: test ended suite=0 test=157 pass=false
Sep 24 23:02:03.732 INF API: test started suite=0 test=158 name="interop/_control/sender-code (nethermind_release)"
Sep 24 23:02:03.733 INF API: test ended suite=0 test=158 pass=false
Sep 24 23:02:03.734 INF API: test started suite=0 test=159 name="interop/_control/sender-nonce (nethermind_release)"
Sep 24 23:02:03.735 INF API: test ended suite=0 test=159 pass=false
Sep 24 23:02:03.735 INF API: test started suite=0 test=160 name="interop/_control/target-balance (nethermind_release)"
Sep 24 23:02:03.736 INF API: test ended suite=0 test=160 pass=false
Sep 24 23:02:03.737 INF API: test started suite=0 test=161 name="interop/_control/target-code (nethermind_release)"
Sep 24 23:02:03.738 INF API: test ended suite=0 test=161 pass=false
Sep 24 23:02:03.739 INF API: test started suite=0 test=162 name="interop/_control/target-nonce (nethermind_release)"
Sep 24 23:02:03.739 INF API: test ended suite=0 test=162 pass=false
Sep 24 23:02:03.740 INF API: test started suite=0 test=163 name="interop/_control/version (nethermind_release)"
Sep 24 23:02:03.742 INF API: test ended suite=0 test=163 pass=false
Sep 24 23:02:03.743 INF API: test started suite=0 test=164 name="interop/model-empty-runtime (nethermind_release)"
Sep 24 23:02:03.852 INF API: test ended suite=0 test=164 pass=false
Sep 24 23:02:03.854 INF API: test started suite=0 test=165 name="interop/model-environment-free (nethermind_release)"
Sep 24 23:02:03.859 INF API: test ended suite=0 test=165 pass=false
Sep 24 23:02:03.859 INF API: test started suite=0 test=166 name="interop/model-environment (nethermind_release)"
Sep 24 23:02:03.864 INF API: test ended suite=0 test=166 pass=false
Sep 24 23:02:03.865 INF API: test started suite=0 test=167 name="interop/model-many-transfers (nethermind_release)"
Sep 24 23:02:03.879 INF API: test ended suite=0 test=167 pass=false
Sep 24 23:02:03.880 INF API: test started suite=0 test=168 name="interop/model-mcopy-overlap (nethermind_release)"
Sep 24 23:02:03.882 INF API: test ended suite=0 test=168 pass=false
Sep 24 23:02:03.883 INF API: test started suite=0 test=169 name="interop/model-mcopy-zero (nethermind_release)"
Sep 24 23:02:03.885 INF API: test ended suite=0 test=169 pass=false
Sep 24 23:02:03.886 INF API: test started suite=0 test=170 name="interop/model-mcopy (nethermind_release)"
Sep 24 23:02:03.889 INF API: test ended suite=0 test=170 pass=false
Sep 24 23:02:03.890 INF API: test started suite=0 test=171 name="interop/model-mload-existing (nethermind_release)"
Sep 24 23:02:03.892 INF API: test ended suite=0 test=171 pass=false
Sep 24 23:02:03.893 INF API: test started suite=0 test=172 name="interop/model-mload-expansion (nethermind_release)"
Sep 24 23:02:03.896 INF API: test ended suite=0 test=172 pass=false
Sep 24 23:02:03.897 INF API: test started suite=0 test=173 name="interop/model-return42 (nethermind_release)"
Sep 24 23:02:03.899 INF API: test ended suite=0 test=173 pass=false
Sep 24 23:02:03.900 INF API: test started suite=0 test=174 name="interop/model-revert (nethermind_release)"
Sep 24 23:02:03.912 INF API: test ended suite=0 test=174 pass=false
Sep 24 23:02:03.913 INF API: test started suite=0 test=175 name="interop/model-transfer (nethermind_release)"
Sep 24 23:02:03.915 INF API: test ended suite=0 test=175 pass=false
Sep 24 23:02:04.180 INF API: test ended suite=0 test=151 pass=true
Sep 24 23:02:04.181 INF API: test started suite=0 test=176 name="client launch (reth_development)"
Sep 24 23:02:06.085 INF API: client reth_development started suite=0 test=176 container=5e649931
Sep 24 23:02:06.101 INF API: test started suite=0 test=177 name="interop/_control/head (reth_development)"
Sep 24 23:02:06.103 INF API: test ended suite=0 test=177 pass=false
Sep 24 23:02:06.104 INF API: test started suite=0 test=178 name="interop/_control/latest (reth_development)"
Sep 24 23:02:06.106 INF API: test ended suite=0 test=178 pass=false
Sep 24 23:02:06.107 INF API: test started suite=0 test=179 name="interop/_control/miner-balance (reth_development)"
Sep 24 23:02:06.109 INF API: test ended suite=0 test=179 pass=false
Sep 24 23:02:06.109 INF API: test started suite=0 test=180 name="interop/_control/miner-code (reth_development)"
Sep 24 23:02:06.110 INF API: test ended suite=0 test=180 pass=false
Sep 24 23:02:06.111 INF API: test started suite=0 test=181 name="interop/_control/miner-nonce (reth_development)"
Sep 24 23:02:06.112 INF API: test ended suite=0 test=181 pass=false
Sep 24 23:02:06.113 INF API: test started suite=0 test=182 name="interop/_control/sender-balance (reth_development)"
Sep 24 23:02:06.114 INF API: test ended suite=0 test=182 pass=false
Sep 24 23:02:06.115 INF API: test started suite=0 test=183 name="interop/_control/sender-code (reth_development)"
Sep 24 23:02:06.116 INF API: test ended suite=0 test=183 pass=false
Sep 24 23:02:06.116 INF API: test started suite=0 test=184 name="interop/_control/sender-nonce (reth_development)"
Sep 24 23:02:06.117 INF API: test ended suite=0 test=184 pass=false
Sep 24 23:02:06.118 INF API: test started suite=0 test=185 name="interop/_control/target-balance (reth_development)"
Sep 24 23:02:06.119 INF API: test ended suite=0 test=185 pass=false
Sep 24 23:02:06.120 INF API: test started suite=0 test=186 name="interop/_control/target-code (reth_development)"
Sep 24 23:02:06.121 INF API: test ended suite=0 test=186 pass=false
Sep 24 23:02:06.121 INF API: test started suite=0 test=187 name="interop/_control/target-nonce (reth_development)"
Sep 24 23:02:06.122 INF API: test ended suite=0 test=187 pass=false
Sep 24 23:02:06.123 INF API: test started suite=0 test=188 name="interop/_control/version (reth_development)"
Sep 24 23:02:06.124 INF API: test ended suite=0 test=188 pass=false
Sep 24 23:02:06.125 INF API: test started suite=0 test=189 name="interop/model-empty-runtime (reth_development)"
Sep 24 23:02:06.127 INF API: test ended suite=0 test=189 pass=false
Sep 24 23:02:06.128 INF API: test started suite=0 test=190 name="interop/model-environment-free (reth_development)"
Sep 24 23:02:06.130 INF API: test ended suite=0 test=190 pass=false
Sep 24 23:02:06.131 INF API: test started suite=0 test=191 name="interop/model-environment (reth_development)"
Sep 24 23:02:06.134 INF API: test ended suite=0 test=191 pass=false
Sep 24 23:02:06.135 INF API: test started suite=0 test=192 name="interop/model-many-transfers (reth_development)"
Sep 24 23:02:06.136 INF API: test ended suite=0 test=192 pass=false
Sep 24 23:02:06.137 INF API: test started suite=0 test=193 name="interop/model-mcopy-overlap (reth_development)"
Sep 24 23:02:06.139 INF API: test ended suite=0 test=193 pass=false
Sep 24 23:02:06.140 INF API: test started suite=0 test=194 name="interop/model-mcopy-zero (reth_development)"
Sep 24 23:02:06.141 INF API: test ended suite=0 test=194 pass=false
Sep 24 23:02:06.142 INF API: test started suite=0 test=195 name="interop/model-mcopy (reth_development)"
Sep 24 23:02:06.144 INF API: test ended suite=0 test=195 pass=false
Sep 24 23:02:06.145 INF API: test started suite=0 test=196 name="interop/model-mload-existing (reth_development)"
Sep 24 23:02:06.146 INF API: test ended suite=0 test=196 pass=false
Sep 24 23:02:06.147 INF API: test started suite=0 test=197 name="interop/model-mload-expansion (reth_development)"
Sep 24 23:02:06.149 INF API: test ended suite=0 test=197 pass=false
Sep 24 23:02:06.149 INF API: test started suite=0 test=198 name="interop/model-return42 (reth_development)"
Sep 24 23:02:06.151 INF API: test ended suite=0 test=198 pass=false
Sep 24 23:02:06.152 INF API: test started suite=0 test=199 name="interop/model-revert (reth_development)"
Sep 24 23:02:06.153 INF API: test ended suite=0 test=199 pass=false
Sep 24 23:02:06.154 INF API: test started suite=0 test=200 name="interop/model-transfer (reth_development)"
Sep 24 23:02:06.155 INF API: test ended suite=0 test=200 pass=false
Sep 24 23:02:06.432 INF API: test ended suite=0 test=176 pass=true
Sep 24 23:02:06.433 INF API: test started suite=0 test=201 name="client launch (reth_release)"
Sep 24 23:02:08.439 INF API: client reth_release started suite=0 test=201 container=ffc53215
Sep 24 23:02:08.454 INF API: test started suite=0 test=202 name="interop/_control/head (reth_release)"
Sep 24 23:02:08.456 INF API: test ended suite=0 test=202 pass=false
Sep 24 23:02:08.457 INF API: test started suite=0 test=203 name="interop/_control/latest (reth_release)"
Sep 24 23:02:08.459 INF API: test ended suite=0 test=203 pass=false
Sep 24 23:02:08.460 INF API: test started suite=0 test=204 name="interop/_control/miner-balance (reth_release)"
Sep 24 23:02:08.461 INF API: test ended suite=0 test=204 pass=false
Sep 24 23:02:08.462 INF API: test started suite=0 test=205 name="interop/_control/miner-code (reth_release)"
Sep 24 23:02:08.463 INF API: test ended suite=0 test=205 pass=false
Sep 24 23:02:08.464 INF API: test started suite=0 test=206 name="interop/_control/miner-nonce (reth_release)"
Sep 24 23:02:08.465 INF API: test ended suite=0 test=206 pass=false
Sep 24 23:02:08.466 INF API: test started suite=0 test=207 name="interop/_control/sender-balance (reth_release)"
Sep 24 23:02:08.467 INF API: test ended suite=0 test=207 pass=false
Sep 24 23:02:08.468 INF API: test started suite=0 test=208 name="interop/_control/sender-code (reth_release)"
Sep 24 23:02:08.469 INF API: test ended suite=0 test=208 pass=false
Sep 24 23:02:08.469 INF API: test started suite=0 test=209 name="interop/_control/sender-nonce (reth_release)"
Sep 24 23:02:08.471 INF API: test ended suite=0 test=209 pass=false
Sep 24 23:02:08.471 INF API: test started suite=0 test=210 name="interop/_control/target-balance (reth_release)"
Sep 24 23:02:08.472 INF API: test ended suite=0 test=210 pass=false
Sep 24 23:02:08.473 INF API: test started suite=0 test=211 name="interop/_control/target-code (reth_release)"
Sep 24 23:02:08.474 INF API: test ended suite=0 test=211 pass=false
Sep 24 23:02:08.475 INF API: test started suite=0 test=212 name="interop/_control/target-nonce (reth_release)"
Sep 24 23:02:08.476 INF API: test ended suite=0 test=212 pass=false
Sep 24 23:02:08.476 INF API: test started suite=0 test=213 name="interop/_control/version (reth_release)"
Sep 24 23:02:08.478 INF API: test ended suite=0 test=213 pass=false
Sep 24 23:02:08.479 INF API: test started suite=0 test=214 name="interop/model-empty-runtime (reth_release)"
Sep 24 23:02:08.481 INF API: test ended suite=0 test=214 pass=false
Sep 24 23:02:08.481 INF API: test started suite=0 test=215 name="interop/model-environment-free (reth_release)"
Sep 24 23:02:08.484 INF API: test ended suite=0 test=215 pass=false
Sep 24 23:02:08.484 INF API: test started suite=0 test=216 name="interop/model-environment (reth_release)"
Sep 24 23:02:08.487 INF API: test ended suite=0 test=216 pass=false
Sep 24 23:02:08.488 INF API: test started suite=0 test=217 name="interop/model-many-transfers (reth_release)"
Sep 24 23:02:08.489 INF API: test ended suite=0 test=217 pass=false
Sep 24 23:02:08.490 INF API: test started suite=0 test=218 name="interop/model-mcopy-overlap (reth_release)"
Sep 24 23:02:08.492 INF API: test ended suite=0 test=218 pass=false
Sep 24 23:02:08.493 INF API: test started suite=0 test=219 name="interop/model-mcopy-zero (reth_release)"
Sep 24 23:02:08.495 INF API: test ended suite=0 test=219 pass=false
Sep 24 23:02:08.495 INF API: test started suite=0 test=220 name="interop/model-mcopy (reth_release)"
Sep 24 23:02:08.497 INF API: test ended suite=0 test=220 pass=false
Sep 24 23:02:08.498 INF API: test started suite=0 test=221 name="interop/model-mload-existing (reth_release)"
Sep 24 23:02:08.499 INF API: test ended suite=0 test=221 pass=false
Sep 24 23:02:08.500 INF API: test started suite=0 test=222 name="interop/model-mload-expansion (reth_release)"
Sep 24 23:02:08.502 INF API: test ended suite=0 test=222 pass=false
Sep 24 23:02:08.503 INF API: test started suite=0 test=223 name="interop/model-return42 (reth_release)"
Sep 24 23:02:08.505 INF API: test ended suite=0 test=223 pass=false
Sep 24 23:02:08.505 INF API: test started suite=0 test=224 name="interop/model-revert (reth_release)"
Sep 24 23:02:08.507 INF API: test ended suite=0 test=224 pass=false
Sep 24 23:02:08.508 INF API: test started suite=0 test=225 name="interop/model-transfer (reth_release)"
Sep 24 23:02:08.509 INF API: test ended suite=0 test=225 pass=false
Sep 24 23:02:08.771 INF API: test ended suite=0 test=201 pass=true
Sep 24 23:02:08.782 INF API: suite ended suite=0
Sep 24 23:02:09.286 INF simulation ethereum/rpc-compat finished suites=1 tests=225 failed=216
216 tests failed
