Sep 21 20:59:20.358 INF building image image=hive/hiveproxy nocache=false pull=false
Sep 21 20:59:20.383 INF building 8 clients...
Sep 21 20:59:20.383 INF building image image=hive/clients/besu_development:latest dir=clients/besu nocache=false pull=false baseimage=trace-interop/besu tag=a85249905183f65c98c9e8c282955e40487c4ff8af8db8b8e306d58292231744
Sep 21 20:59:20.412 INF building image image=hive/clients/besu_release:latest dir=clients/besu nocache=false pull=false baseimage=trace-interop/besu tag=f3713c713ca4f9e89c09e1478d2a85116ba9ce8343129d709420ba2af009598b
Sep 21 20:59:20.439 INF building image image=hive/clients/erigon_development:latest dir=clients/erigon nocache=false pull=false baseimage=trace-interop/erigon tag=8269576669f1b4a55572ee7d1a7e4489244cd57bb545293391d1ebd5e0fac002
Sep 21 20:59:20.468 INF building image image=hive/clients/erigon_release:latest dir=clients/erigon nocache=false pull=false baseimage=trace-interop/erigon tag=8668d9c5adc01ad1d12aa25380e384079080bdde7e0ce93f11bed422d82ca0ac
Sep 21 21:00:07.112 INF building image image=hive/clients/nethermind_development:latest dir=clients/nethermind nocache=false pull=false baseimage=trace-interop/nethermind tag=e68f6cd253c312443b306b7e1e61381a38fd174dd16fe7e9bc55487245718182
Sep 21 21:00:07.266 INF building image image=hive/clients/nethermind_release:latest dir=clients/nethermind nocache=false pull=false baseimage=trace-interop/nethermind tag=a5098d75bfa8d4da1992ba8404b357fde6d53241315396e26b88e16e5f67bb59
Sep 21 21:00:07.408 INF building image image=hive/clients/reth_development:latest dir=clients/reth nocache=false pull=false baseimage=trace-interop/reth tag=1d6a97ef686d7c6099c5426c77334ca5891ce5d362fe5f3049ac2ea0df76de86
Sep 21 21:00:07.530 INF building image image=hive/clients/reth_release:latest dir=clients/reth nocache=false pull=false baseimage=trace-interop/reth tag=e939dc4a471d9d27224e430f607a954d692ca5037a1350ee2036397d14532ca7
Sep 21 21:00:07.643 INF building 1 simulators...
Sep 21 21:00:07.643 INF building image image=hive/simulators/ethereum/rpc-compat:latest dir=simulators/ethereum/rpc-compat nocache=false pull=false
Sep 21 21:00:07.705 INF creating output directory folder=/home/banteg/dev/trace-interop/runs/verified-fork-followup/hive
Sep 21 21:00:07.715 INF running simulation: ethereum/rpc-compat
Sep 21 21:00:08.016 INF hiveproxy started container=d0087c8b913f addr=172.17.0.2:8081
Sep 21 21:00:08.327 INF API: suite started suite=0 name=rpc-compat
Sep 21 21:00:08.329 INF API: test started suite=0 test=1 name="client launch (besu_development)"
Sep 21 21:00:17.513 INF API: client besu_development started suite=0 test=1 container=fb19d044
Sep 21 21:00:17.826 INF API: test ended suite=0 test=1 pass=false
Sep 21 21:00:17.827 INF API: test started suite=0 test=2 name="client launch (besu_release)"
Sep 21 21:00:26.829 INF API: client besu_release started suite=0 test=2 container=d32bdf97
Sep 21 21:00:27.145 INF API: test started suite=0 test=3 name="interop/_control/head (besu_release)"
Sep 21 21:00:27.200 INF API: test ended suite=0 test=3 pass=false
Sep 21 21:00:27.201 INF API: test started suite=0 test=4 name="interop/_control/version (besu_release)"
Sep 21 21:00:27.212 INF API: test ended suite=0 test=4 pass=false
Sep 21 21:00:27.213 INF API: test started suite=0 test=5 name="interop/beacon-call-55 (besu_release)"
Sep 21 21:00:27.318 INF API: test ended suite=0 test=5 pass=false
Sep 21 21:00:27.320 INF API: test started suite=0 test=6 name="interop/beacon-call-56 (besu_release)"
Sep 21 21:00:27.346 INF API: test ended suite=0 test=6 pass=false
Sep 21 21:00:27.348 INF API: test started suite=0 test=7 name="interop/control-head (besu_release)"
Sep 21 21:00:27.365 INF API: test ended suite=0 test=7 pass=false
Sep 21 21:00:27.366 INF API: test started suite=0 test=8 name="interop/destroy-trace-55 (besu_release)"
Sep 21 21:00:27.409 INF API: test ended suite=0 test=8 pass=false
Sep 21 21:00:27.411 INF API: test started suite=0 test=9 name="interop/destroy-trace-56 (besu_release)"
Sep 21 21:00:27.430 INF API: test ended suite=0 test=9 pass=false
Sep 21 21:00:27.431 INF API: test started suite=0 test=10 name="interop/system-beacon-55-560 (besu_release)"
Sep 21 21:00:27.449 INF API: test ended suite=0 test=10 pass=false
Sep 21 21:00:27.450 INF API: test started suite=0 test=11 name="interop/system-beacon-55-8751 (besu_release)"
Sep 21 21:00:27.464 INF API: test ended suite=0 test=11 pass=false
Sep 21 21:00:27.465 INF API: test started suite=0 test=12 name="interop/system-beacon-56-560 (besu_release)"
Sep 21 21:00:27.483 INF API: test ended suite=0 test=12 pass=false
Sep 21 21:00:27.484 INF API: test started suite=0 test=13 name="interop/system-beacon-56-8751 (besu_release)"
Sep 21 21:00:27.496 INF API: test ended suite=0 test=13 pass=false
Sep 21 21:00:27.497 INF API: test started suite=0 test=14 name="interop/withdrawal-balance-51 (besu_release)"
Sep 21 21:00:27.518 INF API: test ended suite=0 test=14 pass=false
Sep 21 21:00:27.520 INF API: test started suite=0 test=15 name="interop/withdrawal-balance-52 (besu_release)"
Sep 21 21:00:27.532 INF API: test ended suite=0 test=15 pass=false
Sep 21 21:00:27.534 INF API: test started suite=0 test=16 name="interop/withdrawal-balance-53 (besu_release)"
Sep 21 21:00:27.552 INF API: test ended suite=0 test=16 pass=false
Sep 21 21:00:27.555 INF API: test started suite=0 test=17 name="interop/withdrawal-block-51 (besu_release)"
Sep 21 21:00:27.589 INF API: test ended suite=0 test=17 pass=false
Sep 21 21:00:27.590 INF API: test started suite=0 test=18 name="interop/withdrawal-block-52 (besu_release)"
Sep 21 21:00:27.610 INF API: test ended suite=0 test=18 pass=false
Sep 21 21:00:27.611 INF API: test started suite=0 test=19 name="interop/withdrawal-block-53 (besu_release)"
Sep 21 21:00:27.630 INF API: test ended suite=0 test=19 pass=false
Sep 21 21:00:27.631 INF API: test started suite=0 test=20 name="interop/withdrawal-filter-51 (besu_release)"
Sep 21 21:00:27.701 INF API: test ended suite=0 test=20 pass=false
Sep 21 21:00:27.702 INF API: test started suite=0 test=21 name="interop/withdrawal-filter-52 (besu_release)"
Sep 21 21:00:27.716 INF API: test ended suite=0 test=21 pass=false
Sep 21 21:00:27.717 INF API: test started suite=0 test=22 name="interop/withdrawal-filter-53 (besu_release)"
Sep 21 21:00:27.729 INF API: test ended suite=0 test=22 pass=false
Sep 21 21:00:28.033 INF API: test ended suite=0 test=2 pass=true
Sep 21 21:00:28.034 INF API: test started suite=0 test=23 name="client launch (erigon_development)"
Sep 21 21:00:29.785 INF API: client erigon_development started suite=0 test=23 container=ebc4e95e
Sep 21 21:00:29.839 INF API: test started suite=0 test=24 name="interop/_control/head (erigon_development)"
Sep 21 21:00:29.850 INF API: test ended suite=0 test=24 pass=false
Sep 21 21:00:29.851 INF API: test started suite=0 test=25 name="interop/_control/version (erigon_development)"
Sep 21 21:00:29.853 INF API: test ended suite=0 test=25 pass=false
Sep 21 21:00:29.856 INF API: test started suite=0 test=26 name="interop/beacon-call-55 (erigon_development)"
Sep 21 21:00:29.859 INF API: test ended suite=0 test=26 pass=false
Sep 21 21:00:29.860 INF API: test started suite=0 test=27 name="interop/beacon-call-56 (erigon_development)"
Sep 21 21:00:29.861 INF API: test ended suite=0 test=27 pass=false
Sep 21 21:00:29.862 INF API: test started suite=0 test=28 name="interop/control-head (erigon_development)"
Sep 21 21:00:29.864 INF API: test ended suite=0 test=28 pass=false
Sep 21 21:00:29.866 INF API: test started suite=0 test=29 name="interop/destroy-trace-55 (erigon_development)"
Sep 21 21:00:29.870 INF API: test ended suite=0 test=29 pass=false
Sep 21 21:00:29.871 INF API: test started suite=0 test=30 name="interop/destroy-trace-56 (erigon_development)"
Sep 21 21:00:29.874 INF API: test ended suite=0 test=30 pass=false
Sep 21 21:00:29.875 INF API: test started suite=0 test=31 name="interop/system-beacon-55-560 (erigon_development)"
Sep 21 21:00:29.877 INF API: test ended suite=0 test=31 pass=false
Sep 21 21:00:29.878 INF API: test started suite=0 test=32 name="interop/system-beacon-55-8751 (erigon_development)"
Sep 21 21:00:29.879 INF API: test ended suite=0 test=32 pass=false
Sep 21 21:00:29.880 INF API: test started suite=0 test=33 name="interop/system-beacon-56-560 (erigon_development)"
Sep 21 21:00:29.883 INF API: test ended suite=0 test=33 pass=false
Sep 21 21:00:29.886 INF API: test started suite=0 test=34 name="interop/system-beacon-56-8751 (erigon_development)"
Sep 21 21:00:29.887 INF API: test ended suite=0 test=34 pass=false
Sep 21 21:00:29.889 INF API: test started suite=0 test=35 name="interop/withdrawal-balance-51 (erigon_development)"
Sep 21 21:00:29.890 INF API: test ended suite=0 test=35 pass=false
Sep 21 21:00:29.891 INF API: test started suite=0 test=36 name="interop/withdrawal-balance-52 (erigon_development)"
Sep 21 21:00:29.892 INF API: test ended suite=0 test=36 pass=false
Sep 21 21:00:29.893 INF API: test started suite=0 test=37 name="interop/withdrawal-balance-53 (erigon_development)"
Sep 21 21:00:29.894 INF API: test ended suite=0 test=37 pass=false
Sep 21 21:00:29.896 INF API: test started suite=0 test=38 name="interop/withdrawal-block-51 (erigon_development)"
Sep 21 21:00:29.899 INF API: test ended suite=0 test=38 pass=false
Sep 21 21:00:29.900 INF API: test started suite=0 test=39 name="interop/withdrawal-block-52 (erigon_development)"
Sep 21 21:00:29.902 INF API: test ended suite=0 test=39 pass=false
Sep 21 21:00:29.903 INF API: test started suite=0 test=40 name="interop/withdrawal-block-53 (erigon_development)"
Sep 21 21:00:29.906 INF API: test ended suite=0 test=40 pass=false
Sep 21 21:00:29.907 INF API: test started suite=0 test=41 name="interop/withdrawal-filter-51 (erigon_development)"
Sep 21 21:00:29.908 INF API: test ended suite=0 test=41 pass=false
Sep 21 21:00:29.909 INF API: test started suite=0 test=42 name="interop/withdrawal-filter-52 (erigon_development)"
Sep 21 21:00:29.911 INF API: test ended suite=0 test=42 pass=false
Sep 21 21:00:29.912 INF API: test started suite=0 test=43 name="interop/withdrawal-filter-53 (erigon_development)"
Sep 21 21:00:29.913 INF API: test ended suite=0 test=43 pass=false
Sep 21 21:00:30.182 INF API: test ended suite=0 test=23 pass=true
Sep 21 21:00:30.184 INF API: test started suite=0 test=44 name="client launch (erigon_release)"
Sep 21 21:00:31.765 INF API: client erigon_release started suite=0 test=44 container=245db302
Sep 21 21:00:31.777 INF API: test started suite=0 test=45 name="interop/_control/head (erigon_release)"
Sep 21 21:00:31.780 INF API: test ended suite=0 test=45 pass=false
Sep 21 21:00:31.780 INF API: test started suite=0 test=46 name="interop/_control/version (erigon_release)"
Sep 21 21:00:31.781 INF API: test ended suite=0 test=46 pass=false
Sep 21 21:00:31.782 INF API: test started suite=0 test=47 name="interop/beacon-call-55 (erigon_release)"
Sep 21 21:00:31.783 INF API: test ended suite=0 test=47 pass=false
Sep 21 21:00:31.784 INF API: test started suite=0 test=48 name="interop/beacon-call-56 (erigon_release)"
Sep 21 21:00:31.785 INF API: test ended suite=0 test=48 pass=false
Sep 21 21:00:31.786 INF API: test started suite=0 test=49 name="interop/control-head (erigon_release)"
Sep 21 21:00:31.787 INF API: test ended suite=0 test=49 pass=false
Sep 21 21:00:31.788 INF API: test started suite=0 test=50 name="interop/destroy-trace-55 (erigon_release)"
Sep 21 21:00:31.789 INF API: test ended suite=0 test=50 pass=false
Sep 21 21:00:31.790 INF API: test started suite=0 test=51 name="interop/destroy-trace-56 (erigon_release)"
Sep 21 21:00:31.791 INF API: test ended suite=0 test=51 pass=false
Sep 21 21:00:31.791 INF API: test started suite=0 test=52 name="interop/system-beacon-55-560 (erigon_release)"
Sep 21 21:00:31.792 INF API: test ended suite=0 test=52 pass=false
Sep 21 21:00:31.793 INF API: test started suite=0 test=53 name="interop/system-beacon-55-8751 (erigon_release)"
Sep 21 21:00:31.794 INF API: test ended suite=0 test=53 pass=false
Sep 21 21:00:31.794 INF API: test started suite=0 test=54 name="interop/system-beacon-56-560 (erigon_release)"
Sep 21 21:00:31.795 INF API: test ended suite=0 test=54 pass=false
Sep 21 21:00:31.796 INF API: test started suite=0 test=55 name="interop/system-beacon-56-8751 (erigon_release)"
Sep 21 21:00:31.797 INF API: test ended suite=0 test=55 pass=false
Sep 21 21:00:31.798 INF API: test started suite=0 test=56 name="interop/withdrawal-balance-51 (erigon_release)"
Sep 21 21:00:31.799 INF API: test ended suite=0 test=56 pass=false
Sep 21 21:00:31.800 INF API: test started suite=0 test=57 name="interop/withdrawal-balance-52 (erigon_release)"
Sep 21 21:00:31.801 INF API: test ended suite=0 test=57 pass=false
Sep 21 21:00:31.802 INF API: test started suite=0 test=58 name="interop/withdrawal-balance-53 (erigon_release)"
Sep 21 21:00:31.803 INF API: test ended suite=0 test=58 pass=false
Sep 21 21:00:31.803 INF API: test started suite=0 test=59 name="interop/withdrawal-block-51 (erigon_release)"
Sep 21 21:00:31.805 INF API: test ended suite=0 test=59 pass=false
Sep 21 21:00:31.806 INF API: test started suite=0 test=60 name="interop/withdrawal-block-52 (erigon_release)"
Sep 21 21:00:31.807 INF API: test ended suite=0 test=60 pass=false
Sep 21 21:00:31.808 INF API: test started suite=0 test=61 name="interop/withdrawal-block-53 (erigon_release)"
Sep 21 21:00:31.810 INF API: test ended suite=0 test=61 pass=false
Sep 21 21:00:31.811 INF API: test started suite=0 test=62 name="interop/withdrawal-filter-51 (erigon_release)"
Sep 21 21:00:31.812 INF API: test ended suite=0 test=62 pass=false
Sep 21 21:00:31.813 INF API: test started suite=0 test=63 name="interop/withdrawal-filter-52 (erigon_release)"
Sep 21 21:00:31.814 INF API: test ended suite=0 test=63 pass=false
Sep 21 21:00:31.815 INF API: test started suite=0 test=64 name="interop/withdrawal-filter-53 (erigon_release)"
Sep 21 21:00:31.816 INF API: test ended suite=0 test=64 pass=false
Sep 21 21:00:32.134 INF API: test ended suite=0 test=44 pass=true
Sep 21 21:00:32.136 INF API: test started suite=0 test=65 name="client launch (nethermind_development)"
Sep 21 21:00:40.174 INF API: client nethermind_development started suite=0 test=65 container=f55b89cb
Sep 21 21:00:40.268 INF API: test started suite=0 test=66 name="interop/_control/head (nethermind_development)"
Sep 21 21:00:40.340 INF API: test ended suite=0 test=66 pass=false
Sep 21 21:00:40.340 INF API: test started suite=0 test=67 name="interop/_control/version (nethermind_development)"
Sep 21 21:00:40.353 INF API: test ended suite=0 test=67 pass=false
Sep 21 21:00:40.353 INF API: test started suite=0 test=68 name="interop/beacon-call-55 (nethermind_development)"
Sep 21 21:00:40.465 INF API: test ended suite=0 test=68 pass=false
Sep 21 21:00:40.467 INF API: test started suite=0 test=69 name="interop/beacon-call-56 (nethermind_development)"
Sep 21 21:00:40.482 INF API: test ended suite=0 test=69 pass=false
Sep 21 21:00:40.483 INF API: test started suite=0 test=70 name="interop/control-head (nethermind_development)"
Sep 21 21:00:40.502 INF API: test ended suite=0 test=70 pass=false
Sep 21 21:00:40.503 INF API: test started suite=0 test=71 name="interop/destroy-trace-55 (nethermind_development)"
Sep 21 21:00:40.556 INF API: test ended suite=0 test=71 pass=false
Sep 21 21:00:40.557 INF API: test started suite=0 test=72 name="interop/destroy-trace-56 (nethermind_development)"
Sep 21 21:00:40.570 INF API: test ended suite=0 test=72 pass=false
Sep 21 21:00:40.571 INF API: test started suite=0 test=73 name="interop/system-beacon-55-560 (nethermind_development)"
Sep 21 21:00:40.576 INF API: test ended suite=0 test=73 pass=false
Sep 21 21:00:40.577 INF API: test started suite=0 test=74 name="interop/system-beacon-55-8751 (nethermind_development)"
Sep 21 21:00:40.578 INF API: test ended suite=0 test=74 pass=false
Sep 21 21:00:40.579 INF API: test started suite=0 test=75 name="interop/system-beacon-56-560 (nethermind_development)"
Sep 21 21:00:40.581 INF API: test ended suite=0 test=75 pass=false
Sep 21 21:00:40.581 INF API: test started suite=0 test=76 name="interop/system-beacon-56-8751 (nethermind_development)"
Sep 21 21:00:40.582 INF API: test ended suite=0 test=76 pass=false
Sep 21 21:00:40.583 INF API: test started suite=0 test=77 name="interop/withdrawal-balance-51 (nethermind_development)"
Sep 21 21:00:40.587 INF API: test ended suite=0 test=77 pass=false
Sep 21 21:00:40.588 INF API: test started suite=0 test=78 name="interop/withdrawal-balance-52 (nethermind_development)"
Sep 21 21:00:40.589 INF API: test ended suite=0 test=78 pass=false
Sep 21 21:00:40.590 INF API: test started suite=0 test=79 name="interop/withdrawal-balance-53 (nethermind_development)"
Sep 21 21:00:40.591 INF API: test ended suite=0 test=79 pass=false
Sep 21 21:00:40.592 INF API: test started suite=0 test=80 name="interop/withdrawal-block-51 (nethermind_development)"
Sep 21 21:00:40.613 INF API: test ended suite=0 test=80 pass=false
Sep 21 21:00:40.614 INF API: test started suite=0 test=81 name="interop/withdrawal-block-52 (nethermind_development)"
Sep 21 21:00:40.616 INF API: test ended suite=0 test=81 pass=false
Sep 21 21:00:40.617 INF API: test started suite=0 test=82 name="interop/withdrawal-block-53 (nethermind_development)"
Sep 21 21:00:40.623 INF API: test ended suite=0 test=82 pass=false
Sep 21 21:00:40.624 INF API: test started suite=0 test=83 name="interop/withdrawal-filter-51 (nethermind_development)"
Sep 21 21:00:40.640 INF API: test ended suite=0 test=83 pass=false
Sep 21 21:00:40.641 INF API: test started suite=0 test=84 name="interop/withdrawal-filter-52 (nethermind_development)"
Sep 21 21:00:40.643 INF API: test ended suite=0 test=84 pass=false
Sep 21 21:00:40.644 INF API: test started suite=0 test=85 name="interop/withdrawal-filter-53 (nethermind_development)"
Sep 21 21:00:40.646 INF API: test ended suite=0 test=85 pass=false
Sep 21 21:00:40.900 INF API: test ended suite=0 test=65 pass=true
Sep 21 21:00:40.901 INF API: test started suite=0 test=86 name="client launch (nethermind_release)"
Sep 21 21:00:48.817 INF API: client nethermind_release started suite=0 test=86 container=717092fb
Sep 21 21:00:48.905 INF API: test started suite=0 test=87 name="interop/_control/head (nethermind_release)"
Sep 21 21:00:49.005 INF API: test ended suite=0 test=87 pass=false
Sep 21 21:00:49.007 INF API: test started suite=0 test=88 name="interop/_control/version (nethermind_release)"
Sep 21 21:00:49.022 INF API: test ended suite=0 test=88 pass=false
Sep 21 21:00:49.023 INF API: test started suite=0 test=89 name="interop/beacon-call-55 (nethermind_release)"
Sep 21 21:00:49.130 INF API: test ended suite=0 test=89 pass=false
Sep 21 21:00:49.132 INF API: test started suite=0 test=90 name="interop/beacon-call-56 (nethermind_release)"
Sep 21 21:00:49.138 INF API: test ended suite=0 test=90 pass=false
Sep 21 21:00:49.139 INF API: test started suite=0 test=91 name="interop/control-head (nethermind_release)"
Sep 21 21:00:49.141 INF API: test ended suite=0 test=91 pass=false
Sep 21 21:00:49.142 INF API: test started suite=0 test=92 name="interop/destroy-trace-55 (nethermind_release)"
Sep 21 21:00:49.164 INF API: test ended suite=0 test=92 pass=false
Sep 21 21:00:49.164 INF API: test started suite=0 test=93 name="interop/destroy-trace-56 (nethermind_release)"
Sep 21 21:00:49.167 INF API: test ended suite=0 test=93 pass=false
Sep 21 21:00:49.168 INF API: test started suite=0 test=94 name="interop/system-beacon-55-560 (nethermind_release)"
Sep 21 21:00:49.171 INF API: test ended suite=0 test=94 pass=false
Sep 21 21:00:49.172 INF API: test started suite=0 test=95 name="interop/system-beacon-55-8751 (nethermind_release)"
Sep 21 21:00:49.173 INF API: test ended suite=0 test=95 pass=false
Sep 21 21:00:49.174 INF API: test started suite=0 test=96 name="interop/system-beacon-56-560 (nethermind_release)"
Sep 21 21:00:49.175 INF API: test ended suite=0 test=96 pass=false
Sep 21 21:00:49.176 INF API: test started suite=0 test=97 name="interop/system-beacon-56-8751 (nethermind_release)"
Sep 21 21:00:49.177 INF API: test ended suite=0 test=97 pass=false
Sep 21 21:00:49.178 INF API: test started suite=0 test=98 name="interop/withdrawal-balance-51 (nethermind_release)"
Sep 21 21:00:49.182 INF API: test ended suite=0 test=98 pass=false
Sep 21 21:00:49.182 INF API: test started suite=0 test=99 name="interop/withdrawal-balance-52 (nethermind_release)"
Sep 21 21:00:49.183 INF API: test ended suite=0 test=99 pass=false
Sep 21 21:00:49.184 INF API: test started suite=0 test=100 name="interop/withdrawal-balance-53 (nethermind_release)"
Sep 21 21:00:49.185 INF API: test ended suite=0 test=100 pass=false
Sep 21 21:00:49.186 INF API: test started suite=0 test=101 name="interop/withdrawal-block-51 (nethermind_release)"
Sep 21 21:00:49.204 INF API: test ended suite=0 test=101 pass=false
Sep 21 21:00:49.205 INF API: test started suite=0 test=102 name="interop/withdrawal-block-52 (nethermind_release)"
Sep 21 21:00:49.208 INF API: test ended suite=0 test=102 pass=false
Sep 21 21:00:49.209 INF API: test started suite=0 test=103 name="interop/withdrawal-block-53 (nethermind_release)"
Sep 21 21:00:49.215 INF API: test ended suite=0 test=103 pass=false
Sep 21 21:00:49.216 INF API: test started suite=0 test=104 name="interop/withdrawal-filter-51 (nethermind_release)"
Sep 21 21:00:49.230 INF API: test ended suite=0 test=104 pass=false
Sep 21 21:00:49.231 INF API: test started suite=0 test=105 name="interop/withdrawal-filter-52 (nethermind_release)"
Sep 21 21:00:49.234 INF API: test ended suite=0 test=105 pass=false
Sep 21 21:00:49.235 INF API: test started suite=0 test=106 name="interop/withdrawal-filter-53 (nethermind_release)"
Sep 21 21:00:49.237 INF API: test ended suite=0 test=106 pass=false
Sep 21 21:00:49.898 INF API: test ended suite=0 test=86 pass=true
Sep 21 21:00:49.901 INF API: test started suite=0 test=107 name="client launch (reth_development)"
Sep 21 21:00:52.039 INF API: client reth_development started suite=0 test=107 container=c25717f9
Sep 21 21:00:52.054 INF API: test started suite=0 test=108 name="interop/_control/head (reth_development)"
Sep 21 21:00:52.056 INF API: test ended suite=0 test=108 pass=false
Sep 21 21:00:52.057 INF API: test started suite=0 test=109 name="interop/_control/version (reth_development)"
Sep 21 21:00:52.059 INF API: test ended suite=0 test=109 pass=false
Sep 21 21:00:52.059 INF API: test started suite=0 test=110 name="interop/beacon-call-55 (reth_development)"
Sep 21 21:00:52.062 INF API: test ended suite=0 test=110 pass=false
Sep 21 21:00:52.062 INF API: test started suite=0 test=111 name="interop/beacon-call-56 (reth_development)"
Sep 21 21:00:52.064 INF API: test ended suite=0 test=111 pass=false
Sep 21 21:00:52.065 INF API: test started suite=0 test=112 name="interop/control-head (reth_development)"
Sep 21 21:00:52.066 INF API: test ended suite=0 test=112 pass=false
Sep 21 21:00:52.067 INF API: test started suite=0 test=113 name="interop/destroy-trace-55 (reth_development)"
Sep 21 21:00:52.068 INF API: test ended suite=0 test=113 pass=false
Sep 21 21:00:52.068 INF API: test started suite=0 test=114 name="interop/destroy-trace-56 (reth_development)"
Sep 21 21:00:52.070 INF API: test ended suite=0 test=114 pass=false
Sep 21 21:00:52.071 INF API: test started suite=0 test=115 name="interop/system-beacon-55-560 (reth_development)"
Sep 21 21:00:52.072 INF API: test ended suite=0 test=115 pass=false
Sep 21 21:00:52.073 INF API: test started suite=0 test=116 name="interop/system-beacon-55-8751 (reth_development)"
Sep 21 21:00:52.074 INF API: test ended suite=0 test=116 pass=false
Sep 21 21:00:52.075 INF API: test started suite=0 test=117 name="interop/system-beacon-56-560 (reth_development)"
Sep 21 21:00:52.076 INF API: test ended suite=0 test=117 pass=false
Sep 21 21:00:52.077 INF API: test started suite=0 test=118 name="interop/system-beacon-56-8751 (reth_development)"
Sep 21 21:00:52.078 INF API: test ended suite=0 test=118 pass=false
Sep 21 21:00:52.079 INF API: test started suite=0 test=119 name="interop/withdrawal-balance-51 (reth_development)"
Sep 21 21:00:52.080 INF API: test ended suite=0 test=119 pass=false
Sep 21 21:00:52.081 INF API: test started suite=0 test=120 name="interop/withdrawal-balance-52 (reth_development)"
Sep 21 21:00:52.082 INF API: test ended suite=0 test=120 pass=false
Sep 21 21:00:52.083 INF API: test started suite=0 test=121 name="interop/withdrawal-balance-53 (reth_development)"
Sep 21 21:00:52.084 INF API: test ended suite=0 test=121 pass=false
Sep 21 21:00:52.085 INF API: test started suite=0 test=122 name="interop/withdrawal-block-51 (reth_development)"
Sep 21 21:00:52.087 INF API: test ended suite=0 test=122 pass=false
Sep 21 21:00:52.087 INF API: test started suite=0 test=123 name="interop/withdrawal-block-52 (reth_development)"
Sep 21 21:00:52.089 INF API: test ended suite=0 test=123 pass=false
Sep 21 21:00:52.090 INF API: test started suite=0 test=124 name="interop/withdrawal-block-53 (reth_development)"
Sep 21 21:00:52.092 INF API: test ended suite=0 test=124 pass=false
Sep 21 21:00:52.093 INF API: test started suite=0 test=125 name="interop/withdrawal-filter-51 (reth_development)"
Sep 21 21:00:52.095 INF API: test ended suite=0 test=125 pass=false
Sep 21 21:00:52.096 INF API: test started suite=0 test=126 name="interop/withdrawal-filter-52 (reth_development)"
Sep 21 21:00:52.097 INF API: test ended suite=0 test=126 pass=false
Sep 21 21:00:52.097 INF API: test started suite=0 test=127 name="interop/withdrawal-filter-53 (reth_development)"
Sep 21 21:00:52.099 INF API: test ended suite=0 test=127 pass=false
Sep 21 21:00:52.387 INF API: test ended suite=0 test=107 pass=true
Sep 21 21:00:52.388 INF API: test started suite=0 test=128 name="client launch (reth_release)"
Sep 21 21:00:54.691 INF API: client reth_release started suite=0 test=128 container=bb765631
Sep 21 21:00:54.703 INF API: test started suite=0 test=129 name="interop/_control/head (reth_release)"
Sep 21 21:00:54.706 INF API: test ended suite=0 test=129 pass=false
Sep 21 21:00:54.707 INF API: test started suite=0 test=130 name="interop/_control/version (reth_release)"
Sep 21 21:00:54.708 INF API: test ended suite=0 test=130 pass=false
Sep 21 21:00:54.709 INF API: test started suite=0 test=131 name="interop/beacon-call-55 (reth_release)"
Sep 21 21:00:54.711 INF API: test ended suite=0 test=131 pass=false
Sep 21 21:00:54.711 INF API: test started suite=0 test=132 name="interop/beacon-call-56 (reth_release)"
Sep 21 21:00:54.713 INF API: test ended suite=0 test=132 pass=false
Sep 21 21:00:54.714 INF API: test started suite=0 test=133 name="interop/control-head (reth_release)"
Sep 21 21:00:54.715 INF API: test ended suite=0 test=133 pass=false
Sep 21 21:00:54.716 INF API: test started suite=0 test=134 name="interop/destroy-trace-55 (reth_release)"
Sep 21 21:00:54.718 INF API: test ended suite=0 test=134 pass=false
Sep 21 21:00:54.719 INF API: test started suite=0 test=135 name="interop/destroy-trace-56 (reth_release)"
Sep 21 21:00:54.720 INF API: test ended suite=0 test=135 pass=false
Sep 21 21:00:54.721 INF API: test started suite=0 test=136 name="interop/system-beacon-55-560 (reth_release)"
Sep 21 21:00:54.722 INF API: test ended suite=0 test=136 pass=false
Sep 21 21:00:54.723 INF API: test started suite=0 test=137 name="interop/system-beacon-55-8751 (reth_release)"
Sep 21 21:00:54.724 INF API: test ended suite=0 test=137 pass=false
Sep 21 21:00:54.725 INF API: test started suite=0 test=138 name="interop/system-beacon-56-560 (reth_release)"
Sep 21 21:00:54.726 INF API: test ended suite=0 test=138 pass=false
Sep 21 21:00:54.726 INF API: test started suite=0 test=139 name="interop/system-beacon-56-8751 (reth_release)"
Sep 21 21:00:54.728 INF API: test ended suite=0 test=139 pass=false
Sep 21 21:00:54.729 INF API: test started suite=0 test=140 name="interop/withdrawal-balance-51 (reth_release)"
Sep 21 21:00:54.730 INF API: test ended suite=0 test=140 pass=false
Sep 21 21:00:54.730 INF API: test started suite=0 test=141 name="interop/withdrawal-balance-52 (reth_release)"
Sep 21 21:00:54.731 INF API: test ended suite=0 test=141 pass=false
Sep 21 21:00:54.732 INF API: test started suite=0 test=142 name="interop/withdrawal-balance-53 (reth_release)"
Sep 21 21:00:54.733 INF API: test ended suite=0 test=142 pass=false
Sep 21 21:00:54.734 INF API: test started suite=0 test=143 name="interop/withdrawal-block-51 (reth_release)"
Sep 21 21:00:54.735 INF API: test ended suite=0 test=143 pass=false
Sep 21 21:00:54.736 INF API: test started suite=0 test=144 name="interop/withdrawal-block-52 (reth_release)"
Sep 21 21:00:54.737 INF API: test ended suite=0 test=144 pass=false
Sep 21 21:00:54.738 INF API: test started suite=0 test=145 name="interop/withdrawal-block-53 (reth_release)"
Sep 21 21:00:54.740 INF API: test ended suite=0 test=145 pass=false
Sep 21 21:00:54.740 INF API: test started suite=0 test=146 name="interop/withdrawal-filter-51 (reth_release)"
Sep 21 21:00:54.742 INF API: test ended suite=0 test=146 pass=false
Sep 21 21:00:54.743 INF API: test started suite=0 test=147 name="interop/withdrawal-filter-52 (reth_release)"
Sep 21 21:00:54.744 INF API: test ended suite=0 test=147 pass=false
Sep 21 21:00:54.745 INF API: test started suite=0 test=148 name="interop/withdrawal-filter-53 (reth_release)"
Sep 21 21:00:54.746 INF API: test ended suite=0 test=148 pass=false
Sep 21 21:00:55.035 INF API: test ended suite=0 test=128 pass=true
Sep 21 21:00:55.044 INF API: suite ended suite=0
Sep 21 21:00:55.431 INF simulation ethereum/rpc-compat finished suites=1 tests=148 failed=141
141 tests failed
