Sep 24 15:21:25.903 INF building image image=hive/hiveproxy nocache=false pull=false
Sep 24 15:21:26.042 INF building 9 clients...
Sep 24 15:21:26.042 INF building image image=hive/clients/besu_development:latest dir=clients/besu nocache=false pull=false baseimage=trace-interop/besu tag=0bdabe53b1597932edebfa970aae1223b1e814a7897bfa776337f3f5f2d8f30d
Sep 24 15:21:26.176 INF building image image=hive/clients/besu_release:latest dir=clients/besu nocache=false pull=false baseimage=trace-interop/besu tag=f3713c713ca4f9e89c09e1478d2a85116ba9ce8343129d709420ba2af009598b
Sep 24 15:21:26.317 INF building image image=hive/clients/erigon_development:latest dir=clients/erigon nocache=false pull=false baseimage=trace-interop/erigon tag=96ed3bf9e6103fa7348e8223f07becfaf1d19b43fb66524f295bdb83e12dbee5
Sep 24 15:21:26.449 INF building image image=hive/clients/erigon_release:latest dir=clients/erigon nocache=false pull=false baseimage=trace-interop/erigon tag=8668d9c5adc01ad1d12aa25380e384079080bdde7e0ce93f11bed422d82ca0ac
Sep 24 15:21:26.576 INF building image image=hive/clients/go-ethereum_trace:latest dir=clients/go-ethereum nocache=false pull=false baseimage=trace-interop/go-ethereum tag=2a6e1bfcf91337fd9081f28b1a77efcf20c054ea99b30a316fa8a581c819fa74
Sep 24 15:21:26.728 INF building image image=hive/clients/nethermind_development:latest dir=clients/nethermind nocache=false pull=false baseimage=trace-interop/nethermind tag=dfee1f35965a2e111727d4bb8614be3b17705e89970688620f37a3acabbf7db3
Sep 24 15:21:26.862 INF building image image=hive/clients/nethermind_release:latest dir=clients/nethermind nocache=false pull=false baseimage=trace-interop/nethermind tag=d6b98371fce49848629f4841a9ef2cfc416c90ee187bc82291e97ca77cb108e4
Sep 24 15:21:27.020 INF building image image=hive/clients/reth_development:latest dir=clients/reth nocache=false pull=false baseimage=trace-interop/reth tag=935f179789c1d4fc921c181a4fa21f3262e5d0509061ddbad4398b37db3f33bf
Sep 24 15:21:27.140 INF building image image=hive/clients/reth_release:latest dir=clients/reth nocache=false pull=false baseimage=trace-interop/reth tag=e939dc4a471d9d27224e430f607a954d692ca5037a1350ee2036397d14532ca7
Sep 24 15:21:27.260 INF building 1 simulators...
Sep 24 15:21:27.260 INF building image image=hive/simulators/ethereum/rpc-compat:latest dir=simulators/ethereum/rpc-compat nocache=false pull=false
Sep 24 15:21:49.987 INF creating output directory folder=/home/banteg/dev/trace-current-20260924/runs/current-matrix/callmany-isolation/hive
Sep 24 15:21:49.995 INF running simulation: ethereum/rpc-compat
Sep 24 15:21:50.297 INF hiveproxy started container=62e958489e6e addr=172.17.0.2:8081
Sep 24 15:21:50.588 INF API: suite started suite=0 name=rpc-compat
Sep 24 15:21:50.589 INF API: test started suite=0 test=1 name="client launch (besu_development)"
Sep 24 15:21:59.231 INF API: client besu_development started suite=0 test=1 container=ce284076
Sep 24 15:21:59.511 INF API: test started suite=0 test=2 name="interop/_control/head (besu_development)"
Sep 24 15:21:59.535 INF API: test ended suite=0 test=2 pass=false
Sep 24 15:21:59.536 INF API: test started suite=0 test=3 name="interop/_control/latest (besu_development)"
Sep 24 15:21:59.552 INF API: test ended suite=0 test=3 pass=false
Sep 24 15:21:59.553 INF API: test started suite=0 test=4 name="interop/_control/version (besu_development)"
Sep 24 15:21:59.559 INF API: test ended suite=0 test=4 pass=false
Sep 24 15:21:59.561 INF API: test started suite=0 test=5 name="interop/before/code (besu_development)"
Sep 24 15:21:59.576 INF API: test ended suite=0 test=5 pass=false
Sep 24 15:21:59.577 INF API: test started suite=0 test=6 name="interop/before/control-nonce (besu_development)"
Sep 24 15:21:59.584 INF API: test ended suite=0 test=6 pass=false
Sep 24 15:21:59.585 INF API: test started suite=0 test=7 name="interop/before/storage (besu_development)"
Sep 24 15:21:59.596 INF API: test ended suite=0 test=7 pass=false
Sep 24 15:21:59.598 INF API: test started suite=0 test=8 name="interop/write-read/many-storage-write-read (besu_development)"
Sep 24 15:21:59.717 INF API: test ended suite=0 test=8 pass=false
Sep 24 15:21:59.718 INF API: test started suite=0 test=9 name="interop/after-write-read/storage (besu_development)"
Sep 24 15:21:59.738 INF API: test ended suite=0 test=9 pass=false
Sep 24 15:21:59.740 INF API: test started suite=0 test=10 name="interop/write-revert-read/many-storage-write-revert-read (besu_development)"
Sep 24 15:21:59.764 INF API: test ended suite=0 test=10 pass=false
Sep 24 15:21:59.766 INF API: test started suite=0 test=11 name="interop/after-write-revert-read/storage (besu_development)"
Sep 24 15:21:59.779 INF API: test ended suite=0 test=11 pass=false
Sep 24 15:22:00.052 INF API: test ended suite=0 test=1 pass=true
Sep 24 15:22:00.053 INF API: test started suite=0 test=12 name="client launch (besu_release)"
Sep 24 15:22:08.816 INF API: client besu_release started suite=0 test=12 container=4c70fdeb
Sep 24 15:22:09.081 INF API: test started suite=0 test=13 name="interop/_control/head (besu_release)"
Sep 24 15:22:09.089 INF API: test ended suite=0 test=13 pass=false
Sep 24 15:22:09.091 INF API: test started suite=0 test=14 name="interop/_control/latest (besu_release)"
Sep 24 15:22:09.099 INF API: test ended suite=0 test=14 pass=false
Sep 24 15:22:09.100 INF API: test started suite=0 test=15 name="interop/_control/version (besu_release)"
Sep 24 15:22:09.108 INF API: test ended suite=0 test=15 pass=false
Sep 24 15:22:09.109 INF API: test started suite=0 test=16 name="interop/before/code (besu_release)"
Sep 24 15:22:09.126 INF API: test ended suite=0 test=16 pass=false
Sep 24 15:22:09.127 INF API: test started suite=0 test=17 name="interop/before/control-nonce (besu_release)"
Sep 24 15:22:09.136 INF API: test ended suite=0 test=17 pass=false
Sep 24 15:22:09.137 INF API: test started suite=0 test=18 name="interop/before/storage (besu_release)"
Sep 24 15:22:09.149 INF API: test ended suite=0 test=18 pass=false
Sep 24 15:22:09.150 INF API: test started suite=0 test=19 name="interop/write-read/many-storage-write-read (besu_release)"
Sep 24 15:22:09.236 INF API: test ended suite=0 test=19 pass=false
Sep 24 15:22:09.238 INF API: test started suite=0 test=20 name="interop/after-write-read/storage (besu_release)"
Sep 24 15:22:09.244 INF API: test ended suite=0 test=20 pass=false
Sep 24 15:22:09.245 INF API: test started suite=0 test=21 name="interop/write-revert-read/many-storage-write-revert-read (besu_release)"
Sep 24 15:22:09.260 INF API: test ended suite=0 test=21 pass=false
Sep 24 15:22:09.261 INF API: test started suite=0 test=22 name="interop/after-write-revert-read/storage (besu_release)"
Sep 24 15:22:09.268 INF API: test ended suite=0 test=22 pass=false
Sep 24 15:22:09.459 INF API: test ended suite=0 test=12 pass=true
Sep 24 15:22:09.460 INF API: test started suite=0 test=23 name="client launch (erigon_development)"
Sep 24 15:22:10.108 INF API: client erigon_development started suite=0 test=23 container=d412baab
Sep 24 15:22:10.114 INF API: test started suite=0 test=24 name="interop/_control/head (erigon_development)"
Sep 24 15:22:10.117 INF API: test ended suite=0 test=24 pass=false
Sep 24 15:22:10.118 INF API: test started suite=0 test=25 name="interop/_control/latest (erigon_development)"
Sep 24 15:22:10.121 INF API: test ended suite=0 test=25 pass=false
Sep 24 15:22:10.121 INF API: test started suite=0 test=26 name="interop/_control/version (erigon_development)"
Sep 24 15:22:10.123 INF API: test ended suite=0 test=26 pass=false
Sep 24 15:22:10.124 INF API: test started suite=0 test=27 name="interop/before/code (erigon_development)"
Sep 24 15:22:10.126 INF API: test ended suite=0 test=27 pass=false
Sep 24 15:22:10.127 INF API: test started suite=0 test=28 name="interop/before/control-nonce (erigon_development)"
Sep 24 15:22:10.129 INF API: test ended suite=0 test=28 pass=false
Sep 24 15:22:10.130 INF API: test started suite=0 test=29 name="interop/before/storage (erigon_development)"
Sep 24 15:22:10.132 INF API: test ended suite=0 test=29 pass=false
Sep 24 15:22:10.133 INF API: test started suite=0 test=30 name="interop/write-read/many-storage-write-read (erigon_development)"
Sep 24 15:22:10.136 INF API: test ended suite=0 test=30 pass=false
Sep 24 15:22:10.137 INF API: test started suite=0 test=31 name="interop/after-write-read/storage (erigon_development)"
Sep 24 15:22:10.140 INF API: test ended suite=0 test=31 pass=false
Sep 24 15:22:10.140 INF API: test started suite=0 test=32 name="interop/write-revert-read/many-storage-write-revert-read (erigon_development)"
Sep 24 15:22:10.143 INF API: test ended suite=0 test=32 pass=false
Sep 24 15:22:10.144 INF API: test started suite=0 test=33 name="interop/after-write-revert-read/storage (erigon_development)"
Sep 24 15:22:10.146 INF API: test ended suite=0 test=33 pass=false
Sep 24 15:22:10.278 INF API: test ended suite=0 test=23 pass=true
Sep 24 15:22:10.280 INF API: test started suite=0 test=34 name="client launch (erigon_release)"
Sep 24 15:22:11.122 INF API: client erigon_release started suite=0 test=34 container=db00c41f
Sep 24 15:22:11.126 INF API: test started suite=0 test=35 name="interop/_control/head (erigon_release)"
Sep 24 15:22:11.129 INF API: test ended suite=0 test=35 pass=false
Sep 24 15:22:11.130 INF API: test started suite=0 test=36 name="interop/_control/latest (erigon_release)"
Sep 24 15:22:11.133 INF API: test ended suite=0 test=36 pass=false
Sep 24 15:22:11.134 INF API: test started suite=0 test=37 name="interop/_control/version (erigon_release)"
Sep 24 15:22:11.135 INF API: test ended suite=0 test=37 pass=false
Sep 24 15:22:11.136 INF API: test started suite=0 test=38 name="interop/before/code (erigon_release)"
Sep 24 15:22:11.138 INF API: test ended suite=0 test=38 pass=false
Sep 24 15:22:11.139 INF API: test started suite=0 test=39 name="interop/before/control-nonce (erigon_release)"
Sep 24 15:22:11.140 INF API: test ended suite=0 test=39 pass=false
Sep 24 15:22:11.141 INF API: test started suite=0 test=40 name="interop/before/storage (erigon_release)"
Sep 24 15:22:11.146 INF API: test ended suite=0 test=40 pass=false
Sep 24 15:22:11.146 INF API: test started suite=0 test=41 name="interop/write-read/many-storage-write-read (erigon_release)"
Sep 24 15:22:11.150 INF API: test ended suite=0 test=41 pass=false
Sep 24 15:22:11.151 INF API: test started suite=0 test=42 name="interop/after-write-read/storage (erigon_release)"
Sep 24 15:22:11.153 INF API: test ended suite=0 test=42 pass=false
Sep 24 15:22:11.154 INF API: test started suite=0 test=43 name="interop/write-revert-read/many-storage-write-revert-read (erigon_release)"
Sep 24 15:22:11.156 INF API: test ended suite=0 test=43 pass=false
Sep 24 15:22:11.157 INF API: test started suite=0 test=44 name="interop/after-write-revert-read/storage (erigon_release)"
Sep 24 15:22:11.160 INF API: test ended suite=0 test=44 pass=false
Sep 24 15:22:11.291 INF API: test ended suite=0 test=34 pass=true
Sep 24 15:22:11.293 INF API: test started suite=0 test=45 name="client launch (go-ethereum_trace)"
Sep 24 15:22:13.643 INF API: client go-ethereum_trace started suite=0 test=45 container=825fed66
Sep 24 15:22:13.649 INF API: test started suite=0 test=46 name="interop/_control/head (go-ethereum_trace)"
Sep 24 15:22:13.653 INF API: test ended suite=0 test=46 pass=false
Sep 24 15:22:13.654 INF API: test started suite=0 test=47 name="interop/_control/latest (go-ethereum_trace)"
Sep 24 15:22:13.659 INF API: test ended suite=0 test=47 pass=false
Sep 24 15:22:13.660 INF API: test started suite=0 test=48 name="interop/_control/version (go-ethereum_trace)"
Sep 24 15:22:13.663 INF API: test ended suite=0 test=48 pass=false
Sep 24 15:22:13.664 INF API: test started suite=0 test=49 name="interop/before/code (go-ethereum_trace)"
Sep 24 15:22:13.667 INF API: test ended suite=0 test=49 pass=false
Sep 24 15:22:13.668 INF API: test started suite=0 test=50 name="interop/before/control-nonce (go-ethereum_trace)"
Sep 24 15:22:13.671 INF API: test ended suite=0 test=50 pass=false
Sep 24 15:22:13.672 INF API: test started suite=0 test=51 name="interop/before/storage (go-ethereum_trace)"
Sep 24 15:22:13.675 INF API: test ended suite=0 test=51 pass=false
Sep 24 15:22:13.676 INF API: test started suite=0 test=52 name="interop/write-read/many-storage-write-read (go-ethereum_trace)"
Sep 24 15:22:13.680 INF API: test ended suite=0 test=52 pass=false
Sep 24 15:22:13.682 INF API: test started suite=0 test=53 name="interop/after-write-read/storage (go-ethereum_trace)"
Sep 24 15:22:13.685 INF API: test ended suite=0 test=53 pass=false
Sep 24 15:22:13.686 INF API: test started suite=0 test=54 name="interop/write-revert-read/many-storage-write-revert-read (go-ethereum_trace)"
Sep 24 15:22:13.690 INF API: test ended suite=0 test=54 pass=false
Sep 24 15:22:13.691 INF API: test started suite=0 test=55 name="interop/after-write-revert-read/storage (go-ethereum_trace)"
Sep 24 15:22:13.693 INF API: test ended suite=0 test=55 pass=false
Sep 24 15:22:13.849 INF API: test ended suite=0 test=45 pass=true
Sep 24 15:22:13.851 INF API: test started suite=0 test=56 name="client launch (nethermind_development)"
Sep 24 15:22:21.512 INF API: client nethermind_development started suite=0 test=56 container=a634d836
Sep 24 15:22:21.658 INF API: test started suite=0 test=57 name="interop/_control/head (nethermind_development)"
Sep 24 15:22:21.664 INF API: test ended suite=0 test=57 pass=false
Sep 24 15:22:21.665 INF API: test started suite=0 test=58 name="interop/_control/latest (nethermind_development)"
Sep 24 15:22:21.667 INF API: test ended suite=0 test=58 pass=false
Sep 24 15:22:21.668 INF API: test started suite=0 test=59 name="interop/_control/version (nethermind_development)"
Sep 24 15:22:21.672 INF API: test ended suite=0 test=59 pass=false
Sep 24 15:22:21.673 INF API: test started suite=0 test=60 name="interop/before/code (nethermind_development)"
Sep 24 15:22:21.677 INF API: test ended suite=0 test=60 pass=false
Sep 24 15:22:21.678 INF API: test started suite=0 test=61 name="interop/before/control-nonce (nethermind_development)"
Sep 24 15:22:21.683 INF API: test ended suite=0 test=61 pass=false
Sep 24 15:22:21.684 INF API: test started suite=0 test=62 name="interop/before/storage (nethermind_development)"
Sep 24 15:22:21.689 INF API: test ended suite=0 test=62 pass=false
Sep 24 15:22:21.690 INF API: test started suite=0 test=63 name="interop/write-read/many-storage-write-read (nethermind_development)"
Sep 24 15:22:21.826 INF API: test ended suite=0 test=63 pass=false
Sep 24 15:22:21.828 INF API: test started suite=0 test=64 name="interop/after-write-read/storage (nethermind_development)"
Sep 24 15:22:21.831 INF API: test ended suite=0 test=64 pass=false
Sep 24 15:22:21.832 INF API: test started suite=0 test=65 name="interop/write-revert-read/many-storage-write-revert-read (nethermind_development)"
Sep 24 15:22:21.841 INF API: test ended suite=0 test=65 pass=false
Sep 24 15:22:21.842 INF API: test started suite=0 test=66 name="interop/after-write-revert-read/storage (nethermind_development)"
Sep 24 15:22:21.844 INF API: test ended suite=0 test=66 pass=false
Sep 24 15:22:22.027 INF API: test ended suite=0 test=56 pass=true
Sep 24 15:22:22.028 INF API: test started suite=0 test=67 name="client launch (nethermind_release)"
Sep 24 15:22:29.795 INF API: client nethermind_release started suite=0 test=67 container=fdc3c94f
Sep 24 15:22:29.917 INF API: test started suite=0 test=68 name="interop/_control/head (nethermind_release)"
Sep 24 15:22:29.932 INF API: test ended suite=0 test=68 pass=false
Sep 24 15:22:29.934 INF API: test started suite=0 test=69 name="interop/_control/latest (nethermind_release)"
Sep 24 15:22:29.937 INF API: test ended suite=0 test=69 pass=false
Sep 24 15:22:29.938 INF API: test started suite=0 test=70 name="interop/_control/version (nethermind_release)"
Sep 24 15:22:29.940 INF API: test ended suite=0 test=70 pass=false
Sep 24 15:22:29.941 INF API: test started suite=0 test=71 name="interop/before/code (nethermind_release)"
Sep 24 15:22:29.944 INF API: test ended suite=0 test=71 pass=false
Sep 24 15:22:29.945 INF API: test started suite=0 test=72 name="interop/before/control-nonce (nethermind_release)"
Sep 24 15:22:29.949 INF API: test ended suite=0 test=72 pass=false
Sep 24 15:22:29.950 INF API: test started suite=0 test=73 name="interop/before/storage (nethermind_release)"
Sep 24 15:22:29.955 INF API: test ended suite=0 test=73 pass=false
Sep 24 15:22:29.956 INF API: test started suite=0 test=74 name="interop/write-read/many-storage-write-read (nethermind_release)"
Sep 24 15:22:30.059 INF API: test ended suite=0 test=74 pass=false
Sep 24 15:22:30.061 INF API: test started suite=0 test=75 name="interop/after-write-read/storage (nethermind_release)"
Sep 24 15:22:30.064 INF API: test ended suite=0 test=75 pass=false
Sep 24 15:22:30.065 INF API: test started suite=0 test=76 name="interop/write-revert-read/many-storage-write-revert-read (nethermind_release)"
Sep 24 15:22:30.073 INF API: test ended suite=0 test=76 pass=false
Sep 24 15:22:30.074 INF API: test started suite=0 test=77 name="interop/after-write-revert-read/storage (nethermind_release)"
Sep 24 15:22:30.077 INF API: test ended suite=0 test=77 pass=false
Sep 24 15:22:30.440 INF API: test ended suite=0 test=67 pass=true
Sep 24 15:22:30.441 INF API: test started suite=0 test=78 name="client launch (reth_development)"
Sep 24 15:22:33.026 INF API: client reth_development started suite=0 test=78 container=68fd6e73
Sep 24 15:22:33.042 INF API: test started suite=0 test=79 name="interop/_control/head (reth_development)"
Sep 24 15:22:33.045 INF API: test ended suite=0 test=79 pass=false
Sep 24 15:22:33.046 INF API: test started suite=0 test=80 name="interop/_control/latest (reth_development)"
Sep 24 15:22:33.048 INF API: test ended suite=0 test=80 pass=false
Sep 24 15:22:33.049 INF API: test started suite=0 test=81 name="interop/_control/version (reth_development)"
Sep 24 15:22:33.050 INF API: test ended suite=0 test=81 pass=false
Sep 24 15:22:33.051 INF API: test started suite=0 test=82 name="interop/before/code (reth_development)"
Sep 24 15:22:33.054 INF API: test ended suite=0 test=82 pass=false
Sep 24 15:22:33.054 INF API: test started suite=0 test=83 name="interop/before/control-nonce (reth_development)"
Sep 24 15:22:33.055 INF API: test ended suite=0 test=83 pass=false
Sep 24 15:22:33.056 INF API: test started suite=0 test=84 name="interop/before/storage (reth_development)"
Sep 24 15:22:33.057 INF API: test ended suite=0 test=84 pass=false
Sep 24 15:22:33.058 INF API: test started suite=0 test=85 name="interop/write-read/many-storage-write-read (reth_development)"
Sep 24 15:22:33.061 INF API: test ended suite=0 test=85 pass=false
Sep 24 15:22:33.062 INF API: test started suite=0 test=86 name="interop/after-write-read/storage (reth_development)"
Sep 24 15:22:33.063 INF API: test ended suite=0 test=86 pass=false
Sep 24 15:22:33.063 INF API: test started suite=0 test=87 name="interop/write-revert-read/many-storage-write-revert-read (reth_development)"
Sep 24 15:22:33.067 INF API: test ended suite=0 test=87 pass=false
Sep 24 15:22:33.068 INF API: test started suite=0 test=88 name="interop/after-write-revert-read/storage (reth_development)"
Sep 24 15:22:33.069 INF API: test ended suite=0 test=88 pass=false
Sep 24 15:22:33.331 INF API: test ended suite=0 test=78 pass=true
Sep 24 15:22:33.332 INF API: test started suite=0 test=89 name="client launch (reth_release)"
Sep 24 15:22:35.801 INF API: client reth_release started suite=0 test=89 container=aa67a42d
Sep 24 15:22:35.806 INF API: test started suite=0 test=90 name="interop/_control/head (reth_release)"
Sep 24 15:22:35.808 INF API: test ended suite=0 test=90 pass=false
Sep 24 15:22:35.809 INF API: test started suite=0 test=91 name="interop/_control/latest (reth_release)"
Sep 24 15:22:35.812 INF API: test ended suite=0 test=91 pass=false
Sep 24 15:22:35.813 INF API: test started suite=0 test=92 name="interop/_control/version (reth_release)"
Sep 24 15:22:35.815 INF API: test ended suite=0 test=92 pass=false
Sep 24 15:22:35.816 INF API: test started suite=0 test=93 name="interop/before/code (reth_release)"
Sep 24 15:22:35.818 INF API: test ended suite=0 test=93 pass=false
Sep 24 15:22:35.818 INF API: test started suite=0 test=94 name="interop/before/control-nonce (reth_release)"
Sep 24 15:22:35.820 INF API: test ended suite=0 test=94 pass=false
Sep 24 15:22:35.821 INF API: test started suite=0 test=95 name="interop/before/storage (reth_release)"
Sep 24 15:22:35.823 INF API: test ended suite=0 test=95 pass=false
Sep 24 15:22:35.824 INF API: test started suite=0 test=96 name="interop/write-read/many-storage-write-read (reth_release)"
Sep 24 15:22:35.826 INF API: test ended suite=0 test=96 pass=false
Sep 24 15:22:35.827 INF API: test started suite=0 test=97 name="interop/after-write-read/storage (reth_release)"
Sep 24 15:22:35.829 INF API: test ended suite=0 test=97 pass=false
Sep 24 15:22:35.829 INF API: test started suite=0 test=98 name="interop/write-revert-read/many-storage-write-revert-read (reth_release)"
Sep 24 15:22:35.832 INF API: test ended suite=0 test=98 pass=false
Sep 24 15:22:35.832 INF API: test started suite=0 test=99 name="interop/after-write-revert-read/storage (reth_release)"
Sep 24 15:22:35.835 INF API: test ended suite=0 test=99 pass=false
Sep 24 15:22:35.966 INF API: test ended suite=0 test=89 pass=true
Sep 24 15:22:35.974 INF API: suite ended suite=0
Sep 24 15:22:36.178 INF simulation ethereum/rpc-compat finished suites=1 tests=99 failed=90
90 tests failed
