Sep 24 15:22:42.431 INF building image image=hive/hiveproxy nocache=false pull=false
Sep 24 15:22:42.481 INF building 9 clients...
Sep 24 15:22:42.482 INF building image image=hive/clients/besu_development:latest dir=clients/besu nocache=false pull=false baseimage=trace-interop/besu tag=0bdabe53b1597932edebfa970aae1223b1e814a7897bfa776337f3f5f2d8f30d
Sep 24 15:22:42.546 INF building image image=hive/clients/besu_release:latest dir=clients/besu nocache=false pull=false baseimage=trace-interop/besu tag=f3713c713ca4f9e89c09e1478d2a85116ba9ce8343129d709420ba2af009598b
Sep 24 15:22:42.594 INF building image image=hive/clients/erigon_development:latest dir=clients/erigon nocache=false pull=false baseimage=trace-interop/erigon tag=96ed3bf9e6103fa7348e8223f07becfaf1d19b43fb66524f295bdb83e12dbee5
Sep 24 15:22:42.631 INF building image image=hive/clients/erigon_release:latest dir=clients/erigon nocache=false pull=false baseimage=trace-interop/erigon tag=8668d9c5adc01ad1d12aa25380e384079080bdde7e0ce93f11bed422d82ca0ac
Sep 24 15:22:42.665 INF building image image=hive/clients/go-ethereum_trace:latest dir=clients/go-ethereum nocache=false pull=false baseimage=trace-interop/go-ethereum tag=2a6e1bfcf91337fd9081f28b1a77efcf20c054ea99b30a316fa8a581c819fa74
Sep 24 15:22:42.701 INF building image image=hive/clients/nethermind_development:latest dir=clients/nethermind nocache=false pull=false baseimage=trace-interop/nethermind tag=dfee1f35965a2e111727d4bb8614be3b17705e89970688620f37a3acabbf7db3
Sep 24 15:22:42.739 INF building image image=hive/clients/nethermind_release:latest dir=clients/nethermind nocache=false pull=false baseimage=trace-interop/nethermind tag=d6b98371fce49848629f4841a9ef2cfc416c90ee187bc82291e97ca77cb108e4
Sep 24 15:22:42.771 INF building image image=hive/clients/reth_development:latest dir=clients/reth nocache=false pull=false baseimage=trace-interop/reth tag=935f179789c1d4fc921c181a4fa21f3262e5d0509061ddbad4398b37db3f33bf
Sep 24 15:22:42.800 INF building image image=hive/clients/reth_release:latest dir=clients/reth nocache=false pull=false baseimage=trace-interop/reth tag=e939dc4a471d9d27224e430f607a954d692ca5037a1350ee2036397d14532ca7
Sep 24 15:22:42.825 INF building 1 simulators...
Sep 24 15:22:42.825 INF building image image=hive/simulators/ethereum/rpc-compat:latest dir=simulators/ethereum/rpc-compat nocache=false pull=false
Sep 24 15:22:42.921 INF creating output directory folder=/home/banteg/dev/trace-current-20260924/runs/current-matrix/h30/hive
Sep 24 15:22:42.929 INF running simulation: ethereum/rpc-compat
Sep 24 15:22:43.081 INF hiveproxy started container=5546e6e0493d addr=172.17.0.2:8081
Sep 24 15:22:43.333 INF API: suite started suite=0 name=rpc-compat
Sep 24 15:22:43.334 INF API: test started suite=0 test=1 name="client launch (besu_development)"
Sep 24 15:22:51.969 INF API: client besu_development started suite=0 test=1 container=a85aabfe
Sep 24 15:22:52.234 INF API: test started suite=0 test=2 name="interop/_control/head (besu_development)"
Sep 24 15:22:52.242 INF API: test ended suite=0 test=2 pass=false
Sep 24 15:22:52.243 INF API: test started suite=0 test=3 name="interop/_control/latest (besu_development)"
Sep 24 15:22:52.251 INF API: test ended suite=0 test=3 pass=false
Sep 24 15:22:52.253 INF API: test started suite=0 test=4 name="interop/_control/version (besu_development)"
Sep 24 15:22:52.261 INF API: test ended suite=0 test=4 pass=false
Sep 24 15:22:52.262 INF API: test started suite=0 test=5 name="interop/_reference/block/0x1 (besu_development)"
Sep 24 15:22:52.331 INF API: test ended suite=0 test=5 pass=false
Sep 24 15:22:52.332 INF API: test started suite=0 test=6 name="interop/_reference/block/0x2 (besu_development)"
Sep 24 15:22:52.363 INF API: test ended suite=0 test=6 pass=false
Sep 24 15:22:52.364 INF API: test started suite=0 test=7 name="interop/_reference/block/0x30 (besu_development)"
Sep 24 15:22:52.379 INF API: test ended suite=0 test=7 pass=false
Sep 24 15:22:52.381 INF API: test started suite=0 test=8 name="interop/call-number-default (besu_development)"
Sep 24 15:22:52.478 INF API: test ended suite=0 test=8 pass=false
Sep 24 15:22:52.479 INF API: test started suite=0 test=9 name="interop/call-number-latest (besu_development)"
Sep 24 15:22:52.489 INF API: test ended suite=0 test=9 pass=false
Sep 24 15:22:52.490 INF API: test started suite=0 test=10 name="interop/call-number-pending (besu_development)"
Sep 24 15:22:52.499 INF API: test ended suite=0 test=10 pass=false
Sep 24 15:22:52.500 INF API: test started suite=0 test=11 name="interop/filter-0-to-2 (besu_development)"
Sep 24 15:22:52.526 INF API: test ended suite=0 test=11 pass=false
Sep 24 15:22:52.527 INF API: test started suite=0 test=12 name="interop/filter-earliest (besu_development)"
Sep 24 15:22:52.540 INF API: test ended suite=0 test=12 pass=false
Sep 24 15:22:52.541 INF API: test started suite=0 test=13 name="interop/filter-head-only (besu_development)"
Sep 24 15:22:52.551 INF API: test ended suite=0 test=13 pass=false
Sep 24 15:22:52.552 INF API: test started suite=0 test=14 name="interop/filter-no-bounds (besu_development)"
Sep 24 15:22:52.561 INF API: test ended suite=0 test=14 pass=false
Sep 24 15:22:52.562 INF API: test started suite=0 test=15 name="interop/filter-pending (besu_development)"
Sep 24 15:22:52.587 INF API: test ended suite=0 test=15 pass=false
Sep 24 15:22:52.588 INF API: test started suite=0 test=16 name="interop/filter-safe (besu_development)"
Sep 24 15:22:52.596 INF API: test ended suite=0 test=16 pass=false
Sep 24 15:22:52.597 INF API: test started suite=0 test=17 name="interop/filter-to-2-implicit-from (besu_development)"
Sep 24 15:22:52.605 INF API: test ended suite=0 test=17 pass=false
Sep 24 15:22:52.607 INF API: test started suite=0 test=18 name="interop/many-number-default (besu_development)"
Sep 24 15:22:52.612 INF API: test ended suite=0 test=18 pass=false
Sep 24 15:22:52.613 INF API: test started suite=0 test=19 name="interop/many-number-latest (besu_development)"
Sep 24 15:22:52.629 INF API: test ended suite=0 test=19 pass=false
Sep 24 15:22:52.630 INF API: test started suite=0 test=20 name="interop/many-number-pending (besu_development)"
Sep 24 15:22:52.637 INF API: test ended suite=0 test=20 pass=false
Sep 24 15:22:52.967 INF API: test ended suite=0 test=1 pass=true
Sep 24 15:22:52.969 INF API: test started suite=0 test=21 name="client launch (besu_release)"
Sep 24 15:23:01.335 INF API: client besu_release started suite=0 test=21 container=73737a73
Sep 24 15:23:01.647 INF API: test started suite=0 test=22 name="interop/_control/head (besu_release)"
Sep 24 15:23:01.656 INF API: test ended suite=0 test=22 pass=false
Sep 24 15:23:01.658 INF API: test started suite=0 test=23 name="interop/_control/latest (besu_release)"
Sep 24 15:23:01.665 INF API: test ended suite=0 test=23 pass=false
Sep 24 15:23:01.666 INF API: test started suite=0 test=24 name="interop/_control/version (besu_release)"
Sep 24 15:23:01.673 INF API: test ended suite=0 test=24 pass=false
Sep 24 15:23:01.674 INF API: test started suite=0 test=25 name="interop/_reference/block/0x1 (besu_release)"
Sep 24 15:23:01.767 INF API: test ended suite=0 test=25 pass=false
Sep 24 15:23:01.768 INF API: test started suite=0 test=26 name="interop/_reference/block/0x2 (besu_release)"
Sep 24 15:23:01.809 INF API: test ended suite=0 test=26 pass=false
Sep 24 15:23:01.811 INF API: test started suite=0 test=27 name="interop/_reference/block/0x30 (besu_release)"
Sep 24 15:23:01.825 INF API: test ended suite=0 test=27 pass=false
Sep 24 15:23:01.826 INF API: test started suite=0 test=28 name="interop/call-number-default (besu_release)"
Sep 24 15:23:01.896 INF API: test ended suite=0 test=28 pass=false
Sep 24 15:23:01.898 INF API: test started suite=0 test=29 name="interop/call-number-latest (besu_release)"
Sep 24 15:23:01.907 INF API: test ended suite=0 test=29 pass=false
Sep 24 15:23:01.908 INF API: test started suite=0 test=30 name="interop/call-number-pending (besu_release)"
Sep 24 15:23:01.918 INF API: test ended suite=0 test=30 pass=false
Sep 24 15:23:01.919 INF API: test started suite=0 test=31 name="interop/filter-0-to-2 (besu_release)"
Sep 24 15:23:01.950 INF API: test ended suite=0 test=31 pass=false
Sep 24 15:23:01.951 INF API: test started suite=0 test=32 name="interop/filter-earliest (besu_release)"
Sep 24 15:23:02.970 INF API: test ended suite=0 test=32 pass=false
Sep 24 15:23:02.972 INF API: test started suite=0 test=33 name="interop/filter-head-only (besu_release)"
Sep 24 15:23:02.980 INF API: test ended suite=0 test=33 pass=false
Sep 24 15:23:02.981 INF API: test started suite=0 test=34 name="interop/filter-no-bounds (besu_release)"
Sep 24 15:23:02.992 INF API: test ended suite=0 test=34 pass=false
Sep 24 15:23:02.993 INF API: test started suite=0 test=35 name="interop/filter-pending (besu_release)"
Sep 24 15:23:03.025 INF API: test ended suite=0 test=35 pass=false
Sep 24 15:23:03.026 INF API: test started suite=0 test=36 name="interop/filter-safe (besu_release)"
Sep 24 15:23:03.034 INF API: test ended suite=0 test=36 pass=false
Sep 24 15:23:03.035 INF API: test started suite=0 test=37 name="interop/filter-to-2-implicit-from (besu_release)"
Sep 24 15:23:03.044 INF API: test ended suite=0 test=37 pass=false
Sep 24 15:23:03.045 INF API: test started suite=0 test=38 name="interop/many-number-default (besu_release)"
Sep 24 15:23:03.052 INF API: test ended suite=0 test=38 pass=false
Sep 24 15:23:03.054 INF API: test started suite=0 test=39 name="interop/many-number-latest (besu_release)"
Sep 24 15:23:03.076 INF API: test ended suite=0 test=39 pass=false
Sep 24 15:23:03.077 INF API: test started suite=0 test=40 name="interop/many-number-pending (besu_release)"
Sep 24 15:23:03.084 INF API: test ended suite=0 test=40 pass=false
Sep 24 15:23:03.278 INF API: test ended suite=0 test=21 pass=true
Sep 24 15:23:03.280 INF API: test started suite=0 test=41 name="client launch (erigon_development)"
Sep 24 15:23:03.943 INF API: client erigon_development started suite=0 test=41 container=eb29ebb3
Sep 24 15:23:03.968 INF API: test started suite=0 test=42 name="interop/_control/head (erigon_development)"
Sep 24 15:23:03.971 INF API: test ended suite=0 test=42 pass=false
Sep 24 15:23:03.972 INF API: test started suite=0 test=43 name="interop/_control/latest (erigon_development)"
Sep 24 15:23:03.975 INF API: test ended suite=0 test=43 pass=false
Sep 24 15:23:03.975 INF API: test started suite=0 test=44 name="interop/_control/version (erigon_development)"
Sep 24 15:23:03.977 INF API: test ended suite=0 test=44 pass=false
Sep 24 15:23:03.978 INF API: test started suite=0 test=45 name="interop/_reference/block/0x1 (erigon_development)"
Sep 24 15:23:03.982 INF API: test ended suite=0 test=45 pass=false
Sep 24 15:23:03.983 INF API: test started suite=0 test=46 name="interop/_reference/block/0x2 (erigon_development)"
Sep 24 15:23:03.987 INF API: test ended suite=0 test=46 pass=false
Sep 24 15:23:03.988 INF API: test started suite=0 test=47 name="interop/_reference/block/0x30 (erigon_development)"
Sep 24 15:23:03.990 INF API: test ended suite=0 test=47 pass=false
Sep 24 15:23:03.991 INF API: test started suite=0 test=48 name="interop/call-number-default (erigon_development)"
Sep 24 15:23:03.993 INF API: test ended suite=0 test=48 pass=false
Sep 24 15:23:03.994 INF API: test started suite=0 test=49 name="interop/call-number-latest (erigon_development)"
Sep 24 15:23:03.997 INF API: test ended suite=0 test=49 pass=false
Sep 24 15:23:03.997 INF API: test started suite=0 test=50 name="interop/call-number-pending (erigon_development)"
Sep 24 15:23:04.000 INF API: test ended suite=0 test=50 pass=false
Sep 24 15:23:04.000 INF API: test started suite=0 test=51 name="interop/filter-0-to-2 (erigon_development)"
Sep 24 15:23:04.003 INF API: test ended suite=0 test=51 pass=false
Sep 24 15:23:04.004 INF API: test started suite=0 test=52 name="interop/filter-earliest (erigon_development)"
Sep 24 15:23:04.007 INF API: test ended suite=0 test=52 pass=false
Sep 24 15:23:04.008 INF API: test started suite=0 test=53 name="interop/filter-head-only (erigon_development)"
Sep 24 15:23:04.010 INF API: test ended suite=0 test=53 pass=false
Sep 24 15:23:04.011 INF API: test started suite=0 test=54 name="interop/filter-no-bounds (erigon_development)"
Sep 24 15:23:04.014 INF API: test ended suite=0 test=54 pass=false
Sep 24 15:23:04.015 INF API: test started suite=0 test=55 name="interop/filter-pending (erigon_development)"
Sep 24 15:23:04.017 INF API: test ended suite=0 test=55 pass=false
Sep 24 15:23:04.018 INF API: test started suite=0 test=56 name="interop/filter-safe (erigon_development)"
Sep 24 15:23:04.021 INF API: test ended suite=0 test=56 pass=false
Sep 24 15:23:04.021 INF API: test started suite=0 test=57 name="interop/filter-to-2-implicit-from (erigon_development)"
Sep 24 15:23:04.024 INF API: test ended suite=0 test=57 pass=false
Sep 24 15:23:04.025 INF API: test started suite=0 test=58 name="interop/many-number-default (erigon_development)"
Sep 24 15:23:04.027 INF API: test ended suite=0 test=58 pass=false
Sep 24 15:23:04.028 INF API: test started suite=0 test=59 name="interop/many-number-latest (erigon_development)"
Sep 24 15:23:04.030 INF API: test ended suite=0 test=59 pass=false
Sep 24 15:23:04.031 INF API: test started suite=0 test=60 name="interop/many-number-pending (erigon_development)"
Sep 24 15:23:04.033 INF API: test ended suite=0 test=60 pass=false
Sep 24 15:23:04.159 INF API: test ended suite=0 test=41 pass=true
Sep 24 15:23:04.160 INF API: test started suite=0 test=61 name="client launch (erigon_release)"
Sep 24 15:23:05.038 INF API: client erigon_release started suite=0 test=61 container=a598859e
Sep 24 15:23:05.042 INF API: test started suite=0 test=62 name="interop/_control/head (erigon_release)"
Sep 24 15:23:05.045 INF API: test ended suite=0 test=62 pass=false
Sep 24 15:23:05.046 INF API: test started suite=0 test=63 name="interop/_control/latest (erigon_release)"
Sep 24 15:23:05.048 INF API: test ended suite=0 test=63 pass=false
Sep 24 15:23:05.049 INF API: test started suite=0 test=64 name="interop/_control/version (erigon_release)"
Sep 24 15:23:05.052 INF API: test ended suite=0 test=64 pass=false
Sep 24 15:23:05.052 INF API: test started suite=0 test=65 name="interop/_reference/block/0x1 (erigon_release)"
Sep 24 15:23:05.056 INF API: test ended suite=0 test=65 pass=false
Sep 24 15:23:05.057 INF API: test started suite=0 test=66 name="interop/_reference/block/0x2 (erigon_release)"
Sep 24 15:23:05.060 INF API: test ended suite=0 test=66 pass=false
Sep 24 15:23:05.061 INF API: test started suite=0 test=67 name="interop/_reference/block/0x30 (erigon_release)"
Sep 24 15:23:05.064 INF API: test ended suite=0 test=67 pass=false
Sep 24 15:23:05.065 INF API: test started suite=0 test=68 name="interop/call-number-default (erigon_release)"
Sep 24 15:23:05.067 INF API: test ended suite=0 test=68 pass=false
Sep 24 15:23:05.068 INF API: test started suite=0 test=69 name="interop/call-number-latest (erigon_release)"
Sep 24 15:23:05.070 INF API: test ended suite=0 test=69 pass=false
Sep 24 15:23:05.071 INF API: test started suite=0 test=70 name="interop/call-number-pending (erigon_release)"
Sep 24 15:23:05.073 INF API: test ended suite=0 test=70 pass=false
Sep 24 15:23:05.074 INF API: test started suite=0 test=71 name="interop/filter-0-to-2 (erigon_release)"
Sep 24 15:23:05.081 INF API: test ended suite=0 test=71 pass=false
Sep 24 15:23:05.082 INF API: test started suite=0 test=72 name="interop/filter-earliest (erigon_release)"
Sep 24 15:23:05.087 INF API: test ended suite=0 test=72 pass=false
Sep 24 15:23:05.088 INF API: test started suite=0 test=73 name="interop/filter-head-only (erigon_release)"
Sep 24 15:23:05.091 INF API: test ended suite=0 test=73 pass=false
Sep 24 15:23:05.091 INF API: test started suite=0 test=74 name="interop/filter-no-bounds (erigon_release)"
Sep 24 15:23:05.114 INF API: test ended suite=0 test=74 pass=false
Sep 24 15:23:05.115 INF API: test started suite=0 test=75 name="interop/filter-pending (erigon_release)"
Sep 24 15:23:05.118 INF API: test ended suite=0 test=75 pass=false
Sep 24 15:23:05.118 INF API: test started suite=0 test=76 name="interop/filter-safe (erigon_release)"
Sep 24 15:23:05.121 INF API: test ended suite=0 test=76 pass=false
Sep 24 15:23:05.122 INF API: test started suite=0 test=77 name="interop/filter-to-2-implicit-from (erigon_release)"
Sep 24 15:23:05.127 INF API: test ended suite=0 test=77 pass=false
Sep 24 15:23:05.127 INF API: test started suite=0 test=78 name="interop/many-number-default (erigon_release)"
Sep 24 15:23:05.130 INF API: test ended suite=0 test=78 pass=false
Sep 24 15:23:05.130 INF API: test started suite=0 test=79 name="interop/many-number-latest (erigon_release)"
Sep 24 15:23:05.132 INF API: test ended suite=0 test=79 pass=false
Sep 24 15:23:05.133 INF API: test started suite=0 test=80 name="interop/many-number-pending (erigon_release)"
Sep 24 15:23:05.135 INF API: test ended suite=0 test=80 pass=false
Sep 24 15:23:05.255 INF API: test ended suite=0 test=61 pass=true
Sep 24 15:23:05.255 INF API: test started suite=0 test=81 name="client launch (go-ethereum_trace)"
Sep 24 15:23:05.905 INF API: client go-ethereum_trace started suite=0 test=81 container=93bd639e
Sep 24 15:23:05.909 INF API: test started suite=0 test=82 name="interop/_control/head (go-ethereum_trace)"
Sep 24 15:23:05.912 INF API: test ended suite=0 test=82 pass=false
Sep 24 15:23:05.913 INF API: test started suite=0 test=83 name="interop/_control/latest (go-ethereum_trace)"
Sep 24 15:23:05.917 INF API: test ended suite=0 test=83 pass=false
Sep 24 15:23:05.917 INF API: test started suite=0 test=84 name="interop/_control/version (go-ethereum_trace)"
Sep 24 15:23:05.920 INF API: test ended suite=0 test=84 pass=false
Sep 24 15:23:05.920 INF API: test started suite=0 test=85 name="interop/_reference/block/0x1 (go-ethereum_trace)"
Sep 24 15:23:05.925 INF API: test ended suite=0 test=85 pass=false
Sep 24 15:23:05.926 INF API: test started suite=0 test=86 name="interop/_reference/block/0x2 (go-ethereum_trace)"
Sep 24 15:23:05.932 INF API: test ended suite=0 test=86 pass=false
Sep 24 15:23:05.932 INF API: test started suite=0 test=87 name="interop/_reference/block/0x30 (go-ethereum_trace)"
Sep 24 15:23:05.937 INF API: test ended suite=0 test=87 pass=false
Sep 24 15:23:05.938 INF API: test started suite=0 test=88 name="interop/call-number-default (go-ethereum_trace)"
Sep 24 15:23:05.941 INF API: test ended suite=0 test=88 pass=false
Sep 24 15:23:05.942 INF API: test started suite=0 test=89 name="interop/call-number-latest (go-ethereum_trace)"
Sep 24 15:23:05.945 INF API: test ended suite=0 test=89 pass=false
Sep 24 15:23:05.945 INF API: test started suite=0 test=90 name="interop/call-number-pending (go-ethereum_trace)"
Sep 24 15:23:05.948 INF API: test ended suite=0 test=90 pass=false
Sep 24 15:23:05.949 INF API: test started suite=0 test=91 name="interop/filter-0-to-2 (go-ethereum_trace)"
Sep 24 15:23:05.952 INF API: test ended suite=0 test=91 pass=false
Sep 24 15:23:05.953 INF API: test started suite=0 test=92 name="interop/filter-earliest (go-ethereum_trace)"
Sep 24 15:23:05.956 INF API: test ended suite=0 test=92 pass=false
Sep 24 15:23:05.957 INF API: test started suite=0 test=93 name="interop/filter-head-only (go-ethereum_trace)"
Sep 24 15:23:05.959 INF API: test ended suite=0 test=93 pass=false
Sep 24 15:23:05.960 INF API: test started suite=0 test=94 name="interop/filter-no-bounds (go-ethereum_trace)"
Sep 24 15:23:05.966 INF API: test ended suite=0 test=94 pass=false
Sep 24 15:23:05.967 INF API: test started suite=0 test=95 name="interop/filter-pending (go-ethereum_trace)"
Sep 24 15:23:05.968 INF API: test ended suite=0 test=95 pass=false
Sep 24 15:23:05.969 INF API: test started suite=0 test=96 name="interop/filter-safe (go-ethereum_trace)"
Sep 24 15:23:05.971 INF API: test ended suite=0 test=96 pass=false
Sep 24 15:23:05.972 INF API: test started suite=0 test=97 name="interop/filter-to-2-implicit-from (go-ethereum_trace)"
Sep 24 15:23:05.975 INF API: test ended suite=0 test=97 pass=false
Sep 24 15:23:05.975 INF API: test started suite=0 test=98 name="interop/many-number-default (go-ethereum_trace)"
Sep 24 15:23:05.978 INF API: test ended suite=0 test=98 pass=false
Sep 24 15:23:05.978 INF API: test started suite=0 test=99 name="interop/many-number-latest (go-ethereum_trace)"
Sep 24 15:23:05.981 INF API: test ended suite=0 test=99 pass=false
Sep 24 15:23:05.981 INF API: test started suite=0 test=100 name="interop/many-number-pending (go-ethereum_trace)"
Sep 24 15:23:05.984 INF API: test ended suite=0 test=100 pass=false
Sep 24 15:23:06.107 INF API: test ended suite=0 test=81 pass=true
Sep 24 15:23:06.108 INF API: test started suite=0 test=101 name="client launch (nethermind_development)"
Sep 24 15:23:13.675 INF API: client nethermind_development started suite=0 test=101 container=44be190d
Sep 24 15:23:13.840 INF API: test started suite=0 test=102 name="interop/_control/head (nethermind_development)"
Sep 24 15:23:13.846 INF API: test ended suite=0 test=102 pass=false
Sep 24 15:23:13.847 INF API: test started suite=0 test=103 name="interop/_control/latest (nethermind_development)"
Sep 24 15:23:13.850 INF API: test ended suite=0 test=103 pass=false
Sep 24 15:23:13.851 INF API: test started suite=0 test=104 name="interop/_control/version (nethermind_development)"
Sep 24 15:23:13.855 INF API: test ended suite=0 test=104 pass=false
Sep 24 15:23:13.856 INF API: test started suite=0 test=105 name="interop/_reference/block/0x1 (nethermind_development)"
Sep 24 15:23:13.965 INF API: test ended suite=0 test=105 pass=false
Sep 24 15:23:13.966 INF API: test started suite=0 test=106 name="interop/_reference/block/0x2 (nethermind_development)"
Sep 24 15:23:13.976 INF API: test ended suite=0 test=106 pass=false
Sep 24 15:23:13.977 INF API: test started suite=0 test=107 name="interop/_reference/block/0x30 (nethermind_development)"
Sep 24 15:23:13.983 INF API: test ended suite=0 test=107 pass=false
Sep 24 15:23:13.984 INF API: test started suite=0 test=108 name="interop/call-number-default (nethermind_development)"
Sep 24 15:23:14.030 INF API: test ended suite=0 test=108 pass=false
Sep 24 15:23:14.031 INF API: test started suite=0 test=109 name="interop/call-number-latest (nethermind_development)"
Sep 24 15:23:14.035 INF API: test ended suite=0 test=109 pass=false
Sep 24 15:23:14.036 INF API: test started suite=0 test=110 name="interop/call-number-pending (nethermind_development)"
Sep 24 15:23:14.041 INF API: test ended suite=0 test=110 pass=false
Sep 24 15:23:14.042 INF API: test started suite=0 test=111 name="interop/filter-0-to-2 (nethermind_development)"
Sep 24 15:23:14.060 INF API: test ended suite=0 test=111 pass=false
Sep 24 15:23:14.061 INF API: test started suite=0 test=112 name="interop/filter-earliest (nethermind_development)"
Sep 24 15:23:14.071 INF API: test ended suite=0 test=112 pass=false
Sep 24 15:23:14.072 INF API: test started suite=0 test=113 name="interop/filter-head-only (nethermind_development)"
Sep 24 15:23:14.077 INF API: test ended suite=0 test=113 pass=false
Sep 24 15:23:14.078 INF API: test started suite=0 test=114 name="interop/filter-no-bounds (nethermind_development)"
Sep 24 15:23:14.083 INF API: test ended suite=0 test=114 pass=false
Sep 24 15:23:14.084 INF API: test started suite=0 test=115 name="interop/filter-pending (nethermind_development)"
Sep 24 15:23:14.090 INF API: test ended suite=0 test=115 pass=false
Sep 24 15:23:14.091 INF API: test started suite=0 test=116 name="interop/filter-safe (nethermind_development)"
Sep 24 15:23:14.096 INF API: test ended suite=0 test=116 pass=false
Sep 24 15:23:14.097 INF API: test started suite=0 test=117 name="interop/filter-to-2-implicit-from (nethermind_development)"
Sep 24 15:23:14.101 INF API: test ended suite=0 test=117 pass=false
Sep 24 15:23:14.102 INF API: test started suite=0 test=118 name="interop/many-number-default (nethermind_development)"
Sep 24 15:23:14.115 INF API: test ended suite=0 test=118 pass=false
Sep 24 15:23:14.116 INF API: test started suite=0 test=119 name="interop/many-number-latest (nethermind_development)"
Sep 24 15:23:14.120 INF API: test ended suite=0 test=119 pass=false
Sep 24 15:23:14.121 INF API: test started suite=0 test=120 name="interop/many-number-pending (nethermind_development)"
Sep 24 15:23:14.124 INF API: test ended suite=0 test=120 pass=false
Sep 24 15:23:14.277 INF API: test ended suite=0 test=101 pass=true
Sep 24 15:23:14.279 INF API: test started suite=0 test=121 name="client launch (nethermind_release)"
Sep 24 15:23:21.739 INF API: client nethermind_release started suite=0 test=121 container=080b8dd8
Sep 24 15:23:21.873 INF API: test started suite=0 test=122 name="interop/_control/head (nethermind_release)"
Sep 24 15:23:21.888 INF API: test ended suite=0 test=122 pass=false
Sep 24 15:23:21.889 INF API: test started suite=0 test=123 name="interop/_control/latest (nethermind_release)"
Sep 24 15:23:21.891 INF API: test ended suite=0 test=123 pass=false
Sep 24 15:23:21.892 INF API: test started suite=0 test=124 name="interop/_control/version (nethermind_release)"
Sep 24 15:23:21.894 INF API: test ended suite=0 test=124 pass=false
Sep 24 15:23:21.895 INF API: test started suite=0 test=125 name="interop/_reference/block/0x1 (nethermind_release)"
Sep 24 15:23:21.957 INF API: test ended suite=0 test=125 pass=false
Sep 24 15:23:21.958 INF API: test started suite=0 test=126 name="interop/_reference/block/0x2 (nethermind_release)"
Sep 24 15:23:21.965 INF API: test ended suite=0 test=126 pass=false
Sep 24 15:23:21.966 INF API: test started suite=0 test=127 name="interop/_reference/block/0x30 (nethermind_release)"
Sep 24 15:23:21.969 INF API: test ended suite=0 test=127 pass=false
Sep 24 15:23:21.969 INF API: test started suite=0 test=128 name="interop/call-number-default (nethermind_release)"
Sep 24 15:23:22.010 INF API: test ended suite=0 test=128 pass=false
Sep 24 15:23:22.011 INF API: test started suite=0 test=129 name="interop/call-number-latest (nethermind_release)"
Sep 24 15:23:22.014 INF API: test ended suite=0 test=129 pass=false
Sep 24 15:23:22.015 INF API: test started suite=0 test=130 name="interop/call-number-pending (nethermind_release)"
Sep 24 15:23:22.017 INF API: test ended suite=0 test=130 pass=false
Sep 24 15:23:22.018 INF API: test started suite=0 test=131 name="interop/filter-0-to-2 (nethermind_release)"
Sep 24 15:23:22.025 INF API: test ended suite=0 test=131 pass=false
Sep 24 15:23:22.026 INF API: test started suite=0 test=132 name="interop/filter-earliest (nethermind_release)"
Sep 24 15:23:22.031 INF API: test ended suite=0 test=132 pass=false
Sep 24 15:23:22.032 INF API: test started suite=0 test=133 name="interop/filter-head-only (nethermind_release)"
Sep 24 15:23:22.035 INF API: test ended suite=0 test=133 pass=false
Sep 24 15:23:22.036 INF API: test started suite=0 test=134 name="interop/filter-no-bounds (nethermind_release)"
Sep 24 15:23:22.038 INF API: test ended suite=0 test=134 pass=false
Sep 24 15:23:22.039 INF API: test started suite=0 test=135 name="interop/filter-pending (nethermind_release)"
Sep 24 15:23:22.041 INF API: test ended suite=0 test=135 pass=false
Sep 24 15:23:22.042 INF API: test started suite=0 test=136 name="interop/filter-safe (nethermind_release)"
Sep 24 15:23:22.045 INF API: test ended suite=0 test=136 pass=false
Sep 24 15:23:22.046 INF API: test started suite=0 test=137 name="interop/filter-to-2-implicit-from (nethermind_release)"
Sep 24 15:23:22.049 INF API: test ended suite=0 test=137 pass=false
Sep 24 15:23:22.049 INF API: test started suite=0 test=138 name="interop/many-number-default (nethermind_release)"
Sep 24 15:23:22.059 INF API: test ended suite=0 test=138 pass=false
Sep 24 15:23:22.060 INF API: test started suite=0 test=139 name="interop/many-number-latest (nethermind_release)"
Sep 24 15:23:22.062 INF API: test ended suite=0 test=139 pass=false
Sep 24 15:23:22.063 INF API: test started suite=0 test=140 name="interop/many-number-pending (nethermind_release)"
Sep 24 15:23:22.065 INF API: test ended suite=0 test=140 pass=false
Sep 24 15:23:23.923 INF API: test ended suite=0 test=121 pass=true
Sep 24 15:23:23.926 INF API: test started suite=0 test=141 name="client launch (reth_development)"
Sep 24 15:23:25.588 INF API: client reth_development started suite=0 test=141 container=2019271f
Sep 24 15:23:25.599 INF API: test started suite=0 test=142 name="interop/_control/head (reth_development)"
Sep 24 15:23:25.613 INF API: test ended suite=0 test=142 pass=false
Sep 24 15:23:25.614 INF API: test started suite=0 test=143 name="interop/_control/latest (reth_development)"
Sep 24 15:23:25.629 INF API: test ended suite=0 test=143 pass=false
Sep 24 15:23:25.630 INF API: test started suite=0 test=144 name="interop/_control/version (reth_development)"
Sep 24 15:23:25.635 INF API: test ended suite=0 test=144 pass=false
Sep 24 15:23:25.635 INF API: test started suite=0 test=145 name="interop/_reference/block/0x1 (reth_development)"
Sep 24 15:23:25.639 INF API: test ended suite=0 test=145 pass=false
Sep 24 15:23:25.639 INF API: test started suite=0 test=146 name="interop/_reference/block/0x2 (reth_development)"
Sep 24 15:23:25.642 INF API: test ended suite=0 test=146 pass=false
Sep 24 15:23:25.643 INF API: test started suite=0 test=147 name="interop/_reference/block/0x30 (reth_development)"
Sep 24 15:23:25.645 INF API: test ended suite=0 test=147 pass=false
Sep 24 15:23:25.646 INF API: test started suite=0 test=148 name="interop/call-number-default (reth_development)"
Sep 24 15:23:25.648 INF API: test ended suite=0 test=148 pass=false
Sep 24 15:23:25.649 INF API: test started suite=0 test=149 name="interop/call-number-latest (reth_development)"
Sep 24 15:23:25.650 INF API: test ended suite=0 test=149 pass=false
Sep 24 15:23:25.651 INF API: test started suite=0 test=150 name="interop/call-number-pending (reth_development)"
Sep 24 15:23:25.652 INF API: test ended suite=0 test=150 pass=false
Sep 24 15:23:25.653 INF API: test started suite=0 test=151 name="interop/filter-0-to-2 (reth_development)"
Sep 24 15:23:25.655 INF API: test ended suite=0 test=151 pass=false
Sep 24 15:23:25.656 INF API: test started suite=0 test=152 name="interop/filter-earliest (reth_development)"
Sep 24 15:23:25.657 INF API: test ended suite=0 test=152 pass=false
Sep 24 15:23:25.658 INF API: test started suite=0 test=153 name="interop/filter-head-only (reth_development)"
Sep 24 15:23:25.659 INF API: test ended suite=0 test=153 pass=false
Sep 24 15:23:25.660 INF API: test started suite=0 test=154 name="interop/filter-no-bounds (reth_development)"
Sep 24 15:23:25.663 INF API: test ended suite=0 test=154 pass=false
Sep 24 15:23:25.663 INF API: test started suite=0 test=155 name="interop/filter-pending (reth_development)"
Sep 24 15:23:25.664 INF API: test ended suite=0 test=155 pass=false
Sep 24 15:23:25.665 INF API: test started suite=0 test=156 name="interop/filter-safe (reth_development)"
Sep 24 15:23:25.666 INF API: test ended suite=0 test=156 pass=false
Sep 24 15:23:25.666 INF API: test started suite=0 test=157 name="interop/filter-to-2-implicit-from (reth_development)"
Sep 24 15:23:25.668 INF API: test ended suite=0 test=157 pass=false
Sep 24 15:23:25.669 INF API: test started suite=0 test=158 name="interop/many-number-default (reth_development)"
Sep 24 15:23:25.671 INF API: test ended suite=0 test=158 pass=false
Sep 24 15:23:25.672 INF API: test started suite=0 test=159 name="interop/many-number-latest (reth_development)"
Sep 24 15:23:25.673 INF API: test ended suite=0 test=159 pass=false
Sep 24 15:23:25.673 INF API: test started suite=0 test=160 name="interop/many-number-pending (reth_development)"
Sep 24 15:23:25.675 INF API: test ended suite=0 test=160 pass=false
Sep 24 15:23:25.887 INF API: test ended suite=0 test=141 pass=true
Sep 24 15:23:25.889 INF API: test started suite=0 test=161 name="client launch (reth_release)"
Sep 24 15:23:26.876 INF API: client reth_release started suite=0 test=161 container=9e4765a9
Sep 24 15:23:26.882 INF API: test started suite=0 test=162 name="interop/_control/head (reth_release)"
Sep 24 15:23:26.884 INF API: test ended suite=0 test=162 pass=false
Sep 24 15:23:26.885 INF API: test started suite=0 test=163 name="interop/_control/latest (reth_release)"
Sep 24 15:23:26.888 INF API: test ended suite=0 test=163 pass=false
Sep 24 15:23:26.888 INF API: test started suite=0 test=164 name="interop/_control/version (reth_release)"
Sep 24 15:23:26.891 INF API: test ended suite=0 test=164 pass=false
Sep 24 15:23:26.892 INF API: test started suite=0 test=165 name="interop/_reference/block/0x1 (reth_release)"
Sep 24 15:23:26.896 INF API: test ended suite=0 test=165 pass=false
Sep 24 15:23:26.896 INF API: test started suite=0 test=166 name="interop/_reference/block/0x2 (reth_release)"
Sep 24 15:23:26.901 INF API: test ended suite=0 test=166 pass=false
Sep 24 15:23:26.901 INF API: test started suite=0 test=167 name="interop/_reference/block/0x30 (reth_release)"
Sep 24 15:23:26.905 INF API: test ended suite=0 test=167 pass=false
Sep 24 15:23:26.906 INF API: test started suite=0 test=168 name="interop/call-number-default (reth_release)"
Sep 24 15:23:26.908 INF API: test ended suite=0 test=168 pass=false
Sep 24 15:23:26.909 INF API: test started suite=0 test=169 name="interop/call-number-latest (reth_release)"
Sep 24 15:23:26.912 INF API: test ended suite=0 test=169 pass=false
Sep 24 15:23:26.912 INF API: test started suite=0 test=170 name="interop/call-number-pending (reth_release)"
Sep 24 15:23:26.915 INF API: test ended suite=0 test=170 pass=false
Sep 24 15:23:26.916 INF API: test started suite=0 test=171 name="interop/filter-0-to-2 (reth_release)"
Sep 24 15:23:26.919 INF API: test ended suite=0 test=171 pass=false
Sep 24 15:23:26.919 INF API: test started suite=0 test=172 name="interop/filter-earliest (reth_release)"
Sep 24 15:23:26.922 INF API: test ended suite=0 test=172 pass=false
Sep 24 15:23:26.923 INF API: test started suite=0 test=173 name="interop/filter-head-only (reth_release)"
Sep 24 15:23:26.926 INF API: test ended suite=0 test=173 pass=false
Sep 24 15:23:26.927 INF API: test started suite=0 test=174 name="interop/filter-no-bounds (reth_release)"
Sep 24 15:23:26.930 INF API: test ended suite=0 test=174 pass=false
Sep 24 15:23:26.931 INF API: test started suite=0 test=175 name="interop/filter-pending (reth_release)"
Sep 24 15:23:26.933 INF API: test ended suite=0 test=175 pass=false
Sep 24 15:23:26.934 INF API: test started suite=0 test=176 name="interop/filter-safe (reth_release)"
Sep 24 15:23:26.936 INF API: test ended suite=0 test=176 pass=false
Sep 24 15:23:26.937 INF API: test started suite=0 test=177 name="interop/filter-to-2-implicit-from (reth_release)"
Sep 24 15:23:26.940 INF API: test ended suite=0 test=177 pass=false
Sep 24 15:23:26.941 INF API: test started suite=0 test=178 name="interop/many-number-default (reth_release)"
Sep 24 15:23:26.943 INF API: test ended suite=0 test=178 pass=false
Sep 24 15:23:26.944 INF API: test started suite=0 test=179 name="interop/many-number-latest (reth_release)"
Sep 24 15:23:26.946 INF API: test ended suite=0 test=179 pass=false
Sep 24 15:23:26.947 INF API: test started suite=0 test=180 name="interop/many-number-pending (reth_release)"
Sep 24 15:23:26.950 INF API: test ended suite=0 test=180 pass=false
Sep 24 15:23:27.102 INF API: test ended suite=0 test=161 pass=true
Sep 24 15:23:27.112 INF API: suite ended suite=0
Sep 24 15:23:27.340 INF simulation ethereum/rpc-compat finished suites=1 tests=180 failed=171
171 tests failed
