Sep 23 03:16:01.652 INF building image image=hive/hiveproxy nocache=false pull=false
Sep 23 03:16:01.714 INF building 1 clients...
Sep 23 03:16:01.714 INF building image image=hive/clients/go-ethereum_trace:latest dir=clients/go-ethereum nocache=false pull=false baseimage=trace-interop/go-ethereum tag=da6869fd3865980fef80bfa418746c825c6854d3dca32b9fa2ec92738be4e849
Sep 23 03:16:01.886 INF building 1 simulators...
Sep 23 03:16:01.886 INF building image image=hive/simulators/ethereum/rpc-compat:latest dir=simulators/ethereum/rpc-compat nocache=false pull=false
Sep 23 03:16:01.951 INF creating output directory folder=/home/banteg/dev/trace-harness-audit/evidence/2026-09-23/harness-audit-geth-reorg-safe/hive
Sep 23 03:16:01.959 INF running simulation: ethereum/rpc-compat
Sep 23 03:16:02.269 INF hiveproxy started container=f316e157d597 addr=172.17.0.2:8081
Sep 23 03:16:02.643 INF API: suite started suite=0 name=rpc-compat
Sep 23 03:16:02.644 INF API: test started suite=0 test=1 name="client launch (go-ethereum_trace)"
Sep 23 03:16:04.917 INF API: client go-ethereum_trace started suite=0 test=1 container=0fe64edf
Sep 23 03:16:04.933 INF API: test started suite=0 test=2 name="interop/_control/head (go-ethereum_trace)"
Sep 23 03:16:04.936 INF API: test ended suite=0 test=2 pass=false
Sep 23 03:16:04.937 INF API: test started suite=0 test=3 name="interop/_control/latest (go-ethereum_trace)"
Sep 23 03:16:04.940 INF API: test ended suite=0 test=3 pass=false
Sep 23 03:16:04.940 INF API: test started suite=0 test=4 name="interop/_control/version (go-ethereum_trace)"
Sep 23 03:16:04.942 INF API: test ended suite=0 test=4 pass=false
Sep 23 03:16:04.942 INF API: test started suite=0 test=5 name="interop/before/block-tail (go-ethereum_trace)"
Sep 23 03:16:04.945 INF API: test ended suite=0 test=5 pass=false
Sep 23 03:16:04.946 INF API: test started suite=0 test=6 name="interop/before/filter-tail (go-ethereum_trace)"
Sep 23 03:16:04.962 INF API: test ended suite=0 test=6 pass=false
Sep 23 03:16:04.963 INF API: test started suite=0 test=7 name="interop/before/head (go-ethereum_trace)"
Sep 23 03:16:04.965 INF API: test ended suite=0 test=7 pass=false
Sep 23 03:16:04.966 INF API: test started suite=0 test=8 name="interop/before/height (go-ethereum_trace)"
Sep 23 03:16:04.967 INF API: test ended suite=0 test=8 pass=false
Sep 23 03:16:04.968 INF API: test started suite=0 test=9 name="interop/before/tail-receipt (go-ethereum_trace)"
Sep 23 03:16:04.970 INF API: test ended suite=0 test=9 pass=false
Sep 23 03:16:04.991 INF API: test started suite=0 test=10 name="interop/after/block-tail (go-ethereum_trace)"
Sep 23 03:16:04.993 INF API: test ended suite=0 test=10 pass=false
Sep 23 03:16:04.994 INF API: test started suite=0 test=11 name="interop/after/filter-tail (go-ethereum_trace)"
Sep 23 03:16:04.996 INF API: test ended suite=0 test=11 pass=false
Sep 23 03:16:04.997 INF API: test started suite=0 test=12 name="interop/after/head (go-ethereum_trace)"
Sep 23 03:16:04.998 INF API: test ended suite=0 test=12 pass=false
Sep 23 03:16:04.999 INF API: test started suite=0 test=13 name="interop/after/height (go-ethereum_trace)"
Sep 23 03:16:05.000 INF API: test ended suite=0 test=13 pass=false
Sep 23 03:16:05.001 INF API: test started suite=0 test=14 name="interop/after/tail-receipt (go-ethereum_trace)"
Sep 23 03:16:05.002 INF API: test ended suite=0 test=14 pass=false
Sep 23 03:16:05.018 INF API: test started suite=0 test=15 name="interop/restored/block-tail (go-ethereum_trace)"
Sep 23 03:16:05.020 INF API: test ended suite=0 test=15 pass=false
Sep 23 03:16:05.020 INF API: test started suite=0 test=16 name="interop/restored/filter-tail (go-ethereum_trace)"
Sep 23 03:16:05.028 INF API: test ended suite=0 test=16 pass=false
Sep 23 03:16:05.029 INF API: test started suite=0 test=17 name="interop/restored/head (go-ethereum_trace)"
Sep 23 03:16:05.032 INF API: test ended suite=0 test=17 pass=false
Sep 23 03:16:05.032 INF API: test started suite=0 test=18 name="interop/restored/height (go-ethereum_trace)"
Sep 23 03:16:05.034 INF API: test ended suite=0 test=18 pass=false
Sep 23 03:16:05.036 INF API: test started suite=0 test=19 name="interop/restored/tail-receipt (go-ethereum_trace)"
Sep 23 03:16:05.038 INF API: test ended suite=0 test=19 pass=false
Sep 23 03:16:05.316 INF API: test ended suite=0 test=1 pass=true
Sep 23 03:16:05.324 INF API: suite ended suite=0
Sep 23 03:16:05.750 INF simulation ethereum/rpc-compat finished suites=1 tests=19 failed=18
18 tests failed
