Sep 23 03:02:17.605 INF building image image=hive/hiveproxy nocache=false pull=false
Sep 23 03:02:17.769 INF building 8 clients...
Sep 23 03:02:17.769 INF building image image=hive/clients/besu_development:latest dir=clients/besu nocache=false pull=false baseimage=trace-interop/besu tag=a85249905183f65c98c9e8c282955e40487c4ff8af8db8b8e306d58292231744
Sep 23 03:02:17.891 INF building image image=hive/clients/besu_release:latest dir=clients/besu nocache=false pull=false baseimage=trace-interop/besu tag=f3713c713ca4f9e89c09e1478d2a85116ba9ce8343129d709420ba2af009598b
Sep 23 03:02:18.016 INF building image image=hive/clients/erigon_development:latest dir=clients/erigon nocache=false pull=false baseimage=trace-interop/erigon tag=8269576669f1b4a55572ee7d1a7e4489244cd57bb545293391d1ebd5e0fac002
Sep 23 03:02:18.145 INF building image image=hive/clients/erigon_release:latest dir=clients/erigon nocache=false pull=false baseimage=trace-interop/erigon tag=8668d9c5adc01ad1d12aa25380e384079080bdde7e0ce93f11bed422d82ca0ac
Sep 23 03:03:10.911 INF building image image=hive/clients/nethermind_development:latest dir=clients/nethermind nocache=false pull=false baseimage=trace-interop/nethermind tag=e68f6cd253c312443b306b7e1e61381a38fd174dd16fe7e9bc55487245718182
Sep 23 03:03:11.301 INF building image image=hive/clients/nethermind_release:latest dir=clients/nethermind nocache=false pull=false baseimage=trace-interop/nethermind tag=a5098d75bfa8d4da1992ba8404b357fde6d53241315396e26b88e16e5f67bb59
Sep 23 03:03:11.832 INF building image image=hive/clients/reth_development:latest dir=clients/reth nocache=false pull=false baseimage=trace-interop/reth tag=1d6a97ef686d7c6099c5426c77334ca5891ce5d362fe5f3049ac2ea0df76de86
Sep 23 03:03:12.294 INF building image image=hive/clients/reth_release:latest dir=clients/reth nocache=false pull=false baseimage=trace-interop/reth tag=e939dc4a471d9d27224e430f607a954d692ca5037a1350ee2036397d14532ca7
Sep 23 03:03:12.731 INF building 1 simulators...
Sep 23 03:03:12.731 INF building image image=hive/simulators/ethereum/rpc-compat:latest dir=simulators/ethereum/rpc-compat nocache=false pull=false
Sep 23 03:03:36.953 INF creating output directory folder=/home/banteg/dev/trace-harness-audit/evidence/2026-09-23/harness-audit-native-forks/hive
Sep 23 03:03:36.964 INF running simulation: ethereum/rpc-compat
Sep 23 03:03:37.291 INF hiveproxy started container=160e67567822 addr=172.17.0.2:8081
Sep 23 03:03:37.669 INF API: suite started suite=0 name=rpc-compat
Sep 23 03:03:37.671 INF API: test started suite=0 test=1 name="client launch (besu_development)"
Sep 23 03:03:47.048 INF API: client besu_development started suite=0 test=1 container=1987e610
Sep 23 03:03:47.354 INF API: test started suite=0 test=2 name="interop/_control/head (besu_development)"
Sep 23 03:03:47.371 INF API: test ended suite=0 test=2 pass=false
Sep 23 03:03:47.373 INF API: test started suite=0 test=3 name="interop/_control/latest (besu_development)"
Sep 23 03:03:47.380 INF API: test ended suite=0 test=3 pass=false
Sep 23 03:03:47.380 INF API: test started suite=0 test=4 name="interop/_control/version (besu_development)"
Sep 23 03:03:47.385 INF API: test ended suite=0 test=4 pass=false
Sep 23 03:03:47.386 INF API: test started suite=0 test=5 name="interop/block-35 (besu_development)"
Sep 23 03:03:47.448 INF API: test ended suite=0 test=5 pass=false
Sep 23 03:03:47.450 INF API: test started suite=0 test=6 name="interop/block-36 (besu_development)"
Sep 23 03:03:47.488 INF API: test ended suite=0 test=6 pass=false
Sep 23 03:03:47.489 INF API: test started suite=0 test=7 name="interop/block-47 (besu_development)"
Sep 23 03:03:47.512 INF API: test ended suite=0 test=7 pass=false
Sep 23 03:03:47.513 INF API: test started suite=0 test=8 name="interop/block-48 (besu_development)"
Sep 23 03:03:47.534 INF API: test ended suite=0 test=8 pass=false
Sep 23 03:03:47.536 INF API: test started suite=0 test=9 name="interop/block-51 (besu_development)"
Sep 23 03:03:47.562 INF API: test ended suite=0 test=9 pass=false
Sep 23 03:03:47.564 INF API: test started suite=0 test=10 name="interop/block-52 (besu_development)"
Sep 23 03:03:47.584 INF API: test ended suite=0 test=10 pass=false
Sep 23 03:03:47.585 INF API: test started suite=0 test=11 name="interop/block-55 (besu_development)"
Sep 23 03:03:47.604 INF API: test ended suite=0 test=11 pass=false
Sep 23 03:03:47.605 INF API: test started suite=0 test=12 name="interop/block-56 (besu_development)"
Sep 23 03:03:47.626 INF API: test ended suite=0 test=12 pass=false
Sep 23 03:03:47.627 INF API: test started suite=0 test=13 name="interop/block-59 (besu_development)"
Sep 23 03:03:47.647 INF API: test ended suite=0 test=13 pass=false
Sep 23 03:03:47.648 INF API: test started suite=0 test=14 name="interop/block-60 (besu_development)"
Sep 23 03:03:47.672 INF API: test ended suite=0 test=14 pass=false
Sep 23 03:03:47.673 INF API: test started suite=0 test=15 name="interop/control-head (besu_development)"
Sep 23 03:03:47.686 INF API: test ended suite=0 test=15 pass=false
Sep 23 03:03:47.687 INF API: test started suite=0 test=16 name="interop/control-height (besu_development)"
Sep 23 03:03:47.691 INF API: test ended suite=0 test=16 pass=false
Sep 23 03:03:47.692 INF API: test started suite=0 test=17 name="interop/control-version (besu_development)"
Sep 23 03:03:47.698 INF API: test ended suite=0 test=17 pass=false
Sep 23 03:03:47.699 INF API: test started suite=0 test=18 name="interop/destroy-prestate-55 (besu_development)"
Sep 23 03:03:47.803 INF API: test ended suite=0 test=18 pass=false
Sep 23 03:03:47.805 INF API: test started suite=0 test=19 name="interop/destroy-prestate-56 (besu_development)"
Sep 23 03:03:47.828 INF API: test ended suite=0 test=19 pass=false
Sep 23 03:03:47.829 INF API: test started suite=0 test=20 name="interop/destroy-trace-55 (besu_development)"
Sep 23 03:03:47.882 INF API: test ended suite=0 test=20 pass=false
Sep 23 03:03:47.883 INF API: test started suite=0 test=21 name="interop/destroy-trace-56 (besu_development)"
Sep 23 03:03:47.902 INF API: test ended suite=0 test=21 pass=false
Sep 23 03:03:47.903 INF API: test started suite=0 test=22 name="interop/filter-35 (besu_development)"
Sep 23 03:03:47.933 INF API: test ended suite=0 test=22 pass=false
Sep 23 03:03:47.934 INF API: test started suite=0 test=23 name="interop/filter-36 (besu_development)"
Sep 23 03:03:48.958 INF API: test ended suite=0 test=23 pass=false
Sep 23 03:03:48.960 INF API: test started suite=0 test=24 name="interop/filter-47 (besu_development)"
Sep 23 03:03:48.981 INF API: test ended suite=0 test=24 pass=false
Sep 23 03:03:48.982 INF API: test started suite=0 test=25 name="interop/filter-48 (besu_development)"
Sep 23 03:03:49.002 INF API: test ended suite=0 test=25 pass=false
Sep 23 03:03:49.003 INF API: test started suite=0 test=26 name="interop/filter-51 (besu_development)"
Sep 23 03:03:49.016 INF API: test ended suite=0 test=26 pass=false
Sep 23 03:03:49.017 INF API: test started suite=0 test=27 name="interop/filter-52 (besu_development)"
Sep 23 03:03:49.023 INF API: test ended suite=0 test=27 pass=false
Sep 23 03:03:49.024 INF API: test started suite=0 test=28 name="interop/filter-55 (besu_development)"
Sep 23 03:03:50.036 INF API: test ended suite=0 test=28 pass=false
Sep 23 03:03:50.037 INF API: test started suite=0 test=29 name="interop/filter-56 (besu_development)"
Sep 23 03:03:50.057 INF API: test ended suite=0 test=29 pass=false
Sep 23 03:03:50.058 INF API: test started suite=0 test=30 name="interop/filter-59 (besu_development)"
Sep 23 03:03:50.079 INF API: test ended suite=0 test=30 pass=false
Sep 23 03:03:50.079 INF API: test started suite=0 test=31 name="interop/filter-60 (besu_development)"
Sep 23 03:03:50.101 INF API: test ended suite=0 test=31 pass=false
Sep 23 03:03:50.102 INF API: test started suite=0 test=32 name="interop/filter-across-36 (besu_development)"
Sep 23 03:03:50.120 INF API: test ended suite=0 test=32 pass=false
Sep 23 03:03:50.121 INF API: test started suite=0 test=33 name="interop/filter-across-48 (besu_development)"
Sep 23 03:03:51.144 INF API: test ended suite=0 test=33 pass=false
Sep 23 03:03:51.145 INF API: test started suite=0 test=34 name="interop/filter-across-52 (besu_development)"
Sep 23 03:03:51.166 INF API: test ended suite=0 test=34 pass=false
Sep 23 03:03:51.167 INF API: test started suite=0 test=35 name="interop/filter-across-56 (besu_development)"
Sep 23 03:03:51.186 INF API: test ended suite=0 test=35 pass=false
Sep 23 03:03:51.187 INF API: test started suite=0 test=36 name="interop/filter-across-60 (besu_development)"
Sep 23 03:03:51.206 INF API: test ended suite=0 test=36 pass=false
Sep 23 03:03:51.207 INF API: test started suite=0 test=37 name="interop/header-35 (besu_development)"
Sep 23 03:03:51.224 INF API: test ended suite=0 test=37 pass=false
Sep 23 03:03:51.225 INF API: test started suite=0 test=38 name="interop/header-36 (besu_development)"
Sep 23 03:03:51.238 INF API: test ended suite=0 test=38 pass=false
Sep 23 03:03:51.239 INF API: test started suite=0 test=39 name="interop/header-47 (besu_development)"
Sep 23 03:03:51.244 INF API: test ended suite=0 test=39 pass=false
Sep 23 03:03:51.244 INF API: test started suite=0 test=40 name="interop/header-48 (besu_development)"
Sep 23 03:03:51.248 INF API: test ended suite=0 test=40 pass=false
Sep 23 03:03:51.249 INF API: test started suite=0 test=41 name="interop/header-51 (besu_development)"
Sep 23 03:03:51.253 INF API: test ended suite=0 test=41 pass=false
Sep 23 03:03:51.254 INF API: test started suite=0 test=42 name="interop/header-52 (besu_development)"
Sep 23 03:03:51.258 INF API: test ended suite=0 test=42 pass=false
Sep 23 03:03:51.259 INF API: test started suite=0 test=43 name="interop/header-55 (besu_development)"
Sep 23 03:03:51.264 INF API: test ended suite=0 test=43 pass=false
Sep 23 03:03:51.265 INF API: test started suite=0 test=44 name="interop/header-56 (besu_development)"
Sep 23 03:03:51.270 INF API: test ended suite=0 test=44 pass=false
Sep 23 03:03:51.270 INF API: test started suite=0 test=45 name="interop/header-59 (besu_development)"
Sep 23 03:03:51.275 INF API: test ended suite=0 test=45 pass=false
Sep 23 03:03:51.276 INF API: test started suite=0 test=46 name="interop/header-60 (besu_development)"
Sep 23 03:03:51.280 INF API: test ended suite=0 test=46 pass=false
Sep 23 03:03:51.281 INF API: test started suite=0 test=47 name="interop/mcopy-prestate-55 (besu_development)"
Sep 23 03:03:51.288 INF API: test ended suite=0 test=47 pass=false
Sep 23 03:03:51.289 INF API: test started suite=0 test=48 name="interop/mcopy-prestate-56 (besu_development)"
Sep 23 03:03:51.295 INF API: test ended suite=0 test=48 pass=false
Sep 23 03:03:51.296 INF API: test started suite=0 test=49 name="interop/mcopy-trace-55 (besu_development)"
Sep 23 03:03:51.304 INF API: test ended suite=0 test=49 pass=false
Sep 23 03:03:51.305 INF API: test started suite=0 test=50 name="interop/mcopy-trace-56 (besu_development)"
Sep 23 03:03:51.313 INF API: test ended suite=0 test=50 pass=false
Sep 23 03:03:51.313 INF API: test started suite=0 test=51 name="interop/replay-35 (besu_development)"
Sep 23 03:03:51.329 INF API: test ended suite=0 test=51 pass=false
Sep 23 03:03:51.330 INF API: test started suite=0 test=52 name="interop/replay-36 (besu_development)"
Sep 23 03:03:51.343 INF API: test ended suite=0 test=52 pass=false
Sep 23 03:03:51.344 INF API: test started suite=0 test=53 name="interop/replay-47 (besu_development)"
Sep 23 03:03:51.351 INF API: test ended suite=0 test=53 pass=false
Sep 23 03:03:51.352 INF API: test started suite=0 test=54 name="interop/replay-48 (besu_development)"
Sep 23 03:03:51.360 INF API: test ended suite=0 test=54 pass=false
Sep 23 03:03:51.361 INF API: test started suite=0 test=55 name="interop/replay-51 (besu_development)"
Sep 23 03:03:51.372 INF API: test ended suite=0 test=55 pass=false
Sep 23 03:03:51.373 INF API: test started suite=0 test=56 name="interop/replay-52 (besu_development)"
Sep 23 03:03:51.379 INF API: test ended suite=0 test=56 pass=false
Sep 23 03:03:51.381 INF API: test started suite=0 test=57 name="interop/replay-55 (besu_development)"
Sep 23 03:03:51.387 INF API: test ended suite=0 test=57 pass=false
Sep 23 03:03:51.388 INF API: test started suite=0 test=58 name="interop/replay-56 (besu_development)"
Sep 23 03:03:51.397 INF API: test ended suite=0 test=58 pass=false
Sep 23 03:03:51.398 INF API: test started suite=0 test=59 name="interop/replay-59 (besu_development)"
Sep 23 03:03:51.407 INF API: test ended suite=0 test=59 pass=false
Sep 23 03:03:51.408 INF API: test started suite=0 test=60 name="interop/replay-60 (besu_development)"
Sep 23 03:03:51.420 INF API: test ended suite=0 test=60 pass=false
Sep 23 03:03:51.421 INF API: test started suite=0 test=61 name="interop/system-beacon-55-560 (besu_development)"
Sep 23 03:03:51.432 INF API: test ended suite=0 test=61 pass=false
Sep 23 03:03:51.433 INF API: test started suite=0 test=62 name="interop/system-beacon-55-8751 (besu_development)"
Sep 23 03:03:51.437 INF API: test ended suite=0 test=62 pass=false
Sep 23 03:03:51.438 INF API: test started suite=0 test=63 name="interop/system-beacon-56-560 (besu_development)"
Sep 23 03:03:51.441 INF API: test ended suite=0 test=63 pass=false
Sep 23 03:03:51.442 INF API: test started suite=0 test=64 name="interop/system-beacon-56-8751 (besu_development)"
Sep 23 03:03:51.445 INF API: test ended suite=0 test=64 pass=false
Sep 23 03:03:51.445 INF API: test started suite=0 test=65 name="interop/system-beacon-57-560 (besu_development)"
Sep 23 03:03:51.450 INF API: test ended suite=0 test=65 pass=false
Sep 23 03:03:51.451 INF API: test started suite=0 test=66 name="interop/system-beacon-57-8751 (besu_development)"
Sep 23 03:03:51.454 INF API: test ended suite=0 test=66 pass=false
Sep 23 03:03:51.827 INF API: test ended suite=0 test=1 pass=true
Sep 23 03:03:51.829 INF API: test started suite=0 test=67 name="client launch (besu_release)"
Sep 23 03:04:01.675 INF API: client besu_release started suite=0 test=67 container=8a6f7eea
Sep 23 03:04:02.061 INF API: test started suite=0 test=68 name="interop/_control/head (besu_release)"
Sep 23 03:04:02.076 INF API: test ended suite=0 test=68 pass=false
Sep 23 03:04:02.077 INF API: test started suite=0 test=69 name="interop/_control/latest (besu_release)"
Sep 23 03:04:02.084 INF API: test ended suite=0 test=69 pass=false
Sep 23 03:04:02.085 INF API: test started suite=0 test=70 name="interop/_control/version (besu_release)"
Sep 23 03:04:02.090 INF API: test ended suite=0 test=70 pass=false
Sep 23 03:04:02.091 INF API: test started suite=0 test=71 name="interop/block-35 (besu_release)"
Sep 23 03:04:02.169 INF API: test ended suite=0 test=71 pass=false
Sep 23 03:04:02.170 INF API: test started suite=0 test=72 name="interop/block-36 (besu_release)"
Sep 23 03:04:02.213 INF API: test ended suite=0 test=72 pass=false
Sep 23 03:04:02.214 INF API: test started suite=0 test=73 name="interop/block-47 (besu_release)"
Sep 23 03:04:02.239 INF API: test ended suite=0 test=73 pass=false
Sep 23 03:04:02.240 INF API: test started suite=0 test=74 name="interop/block-48 (besu_release)"
Sep 23 03:04:02.262 INF API: test ended suite=0 test=74 pass=false
Sep 23 03:04:02.265 INF API: test started suite=0 test=75 name="interop/block-51 (besu_release)"
Sep 23 03:04:02.290 INF API: test ended suite=0 test=75 pass=false
Sep 23 03:04:02.291 INF API: test started suite=0 test=76 name="interop/block-52 (besu_release)"
Sep 23 03:04:02.313 INF API: test ended suite=0 test=76 pass=false
Sep 23 03:04:02.314 INF API: test started suite=0 test=77 name="interop/block-55 (besu_release)"
Sep 23 03:04:02.335 INF API: test ended suite=0 test=77 pass=false
Sep 23 03:04:02.336 INF API: test started suite=0 test=78 name="interop/block-56 (besu_release)"
Sep 23 03:04:02.360 INF API: test ended suite=0 test=78 pass=false
Sep 23 03:04:02.361 INF API: test started suite=0 test=79 name="interop/block-59 (besu_release)"
Sep 23 03:04:02.381 INF API: test ended suite=0 test=79 pass=false
Sep 23 03:04:02.382 INF API: test started suite=0 test=80 name="interop/block-60 (besu_release)"
Sep 23 03:04:02.409 INF API: test ended suite=0 test=80 pass=false
Sep 23 03:04:02.410 INF API: test started suite=0 test=81 name="interop/control-head (besu_release)"
Sep 23 03:04:02.428 INF API: test ended suite=0 test=81 pass=false
Sep 23 03:04:02.429 INF API: test started suite=0 test=82 name="interop/control-height (besu_release)"
Sep 23 03:04:02.442 INF API: test ended suite=0 test=82 pass=false
Sep 23 03:04:02.443 INF API: test started suite=0 test=83 name="interop/control-version (besu_release)"
Sep 23 03:04:02.448 INF API: test ended suite=0 test=83 pass=false
Sep 23 03:04:02.449 INF API: test started suite=0 test=84 name="interop/destroy-prestate-55 (besu_release)"
Sep 23 03:04:02.535 INF API: test ended suite=0 test=84 pass=false
Sep 23 03:04:02.536 INF API: test started suite=0 test=85 name="interop/destroy-prestate-56 (besu_release)"
Sep 23 03:04:02.553 INF API: test ended suite=0 test=85 pass=false
Sep 23 03:04:02.554 INF API: test started suite=0 test=86 name="interop/destroy-trace-55 (besu_release)"
Sep 23 03:04:02.594 INF API: test ended suite=0 test=86 pass=false
Sep 23 03:04:02.595 INF API: test started suite=0 test=87 name="interop/destroy-trace-56 (besu_release)"
Sep 23 03:04:02.616 INF API: test ended suite=0 test=87 pass=false
Sep 23 03:04:02.617 INF API: test started suite=0 test=88 name="interop/filter-35 (besu_release)"
Sep 23 03:04:02.648 INF API: test ended suite=0 test=88 pass=false
Sep 23 03:04:02.649 INF API: test started suite=0 test=89 name="interop/filter-36 (besu_release)"
Sep 23 03:04:03.672 INF API: test ended suite=0 test=89 pass=false
Sep 23 03:04:03.674 INF API: test started suite=0 test=90 name="interop/filter-47 (besu_release)"
Sep 23 03:04:03.691 INF API: test ended suite=0 test=90 pass=false
Sep 23 03:04:03.692 INF API: test started suite=0 test=91 name="interop/filter-48 (besu_release)"
Sep 23 03:04:03.710 INF API: test ended suite=0 test=91 pass=false
Sep 23 03:04:03.710 INF API: test started suite=0 test=92 name="interop/filter-51 (besu_release)"
Sep 23 03:04:03.732 INF API: test ended suite=0 test=92 pass=false
Sep 23 03:04:03.732 INF API: test started suite=0 test=93 name="interop/filter-52 (besu_release)"
Sep 23 03:04:03.746 INF API: test ended suite=0 test=93 pass=false
Sep 23 03:04:03.747 INF API: test started suite=0 test=94 name="interop/filter-55 (besu_release)"
Sep 23 03:04:03.753 INF API: test ended suite=0 test=94 pass=false
Sep 23 03:04:03.754 INF API: test started suite=0 test=95 name="interop/filter-56 (besu_release)"
Sep 23 03:04:03.760 INF API: test ended suite=0 test=95 pass=false
Sep 23 03:04:03.761 INF API: test started suite=0 test=96 name="interop/filter-59 (besu_release)"
Sep 23 03:04:03.776 INF API: test ended suite=0 test=96 pass=false
Sep 23 03:04:03.777 INF API: test started suite=0 test=97 name="interop/filter-60 (besu_release)"
Sep 23 03:04:03.790 INF API: test ended suite=0 test=97 pass=false
Sep 23 03:04:03.790 INF API: test started suite=0 test=98 name="interop/filter-across-36 (besu_release)"
Sep 23 03:04:03.798 INF API: test ended suite=0 test=98 pass=false
Sep 23 03:04:03.799 INF API: test started suite=0 test=99 name="interop/filter-across-48 (besu_release)"
Sep 23 03:04:03.811 INF API: test ended suite=0 test=99 pass=false
Sep 23 03:04:03.812 INF API: test started suite=0 test=100 name="interop/filter-across-52 (besu_release)"
Sep 23 03:04:03.822 INF API: test ended suite=0 test=100 pass=false
Sep 23 03:04:03.823 INF API: test started suite=0 test=101 name="interop/filter-across-56 (besu_release)"
Sep 23 03:04:03.830 INF API: test ended suite=0 test=101 pass=false
Sep 23 03:04:03.831 INF API: test started suite=0 test=102 name="interop/filter-across-60 (besu_release)"
Sep 23 03:04:03.839 INF API: test ended suite=0 test=102 pass=false
Sep 23 03:04:03.840 INF API: test started suite=0 test=103 name="interop/header-35 (besu_release)"
Sep 23 03:04:03.845 INF API: test ended suite=0 test=103 pass=false
Sep 23 03:04:03.846 INF API: test started suite=0 test=104 name="interop/header-36 (besu_release)"
Sep 23 03:04:03.849 INF API: test ended suite=0 test=104 pass=false
Sep 23 03:04:03.850 INF API: test started suite=0 test=105 name="interop/header-47 (besu_release)"
Sep 23 03:04:03.853 INF API: test ended suite=0 test=105 pass=false
Sep 23 03:04:03.854 INF API: test started suite=0 test=106 name="interop/header-48 (besu_release)"
Sep 23 03:04:03.858 INF API: test ended suite=0 test=106 pass=false
Sep 23 03:04:03.859 INF API: test started suite=0 test=107 name="interop/header-51 (besu_release)"
Sep 23 03:04:03.863 INF API: test ended suite=0 test=107 pass=false
Sep 23 03:04:03.864 INF API: test started suite=0 test=108 name="interop/header-52 (besu_release)"
Sep 23 03:04:03.868 INF API: test ended suite=0 test=108 pass=false
Sep 23 03:04:03.869 INF API: test started suite=0 test=109 name="interop/header-55 (besu_release)"
Sep 23 03:04:03.872 INF API: test ended suite=0 test=109 pass=false
Sep 23 03:04:03.873 INF API: test started suite=0 test=110 name="interop/header-56 (besu_release)"
Sep 23 03:04:03.878 INF API: test ended suite=0 test=110 pass=false
Sep 23 03:04:03.879 INF API: test started suite=0 test=111 name="interop/header-59 (besu_release)"
Sep 23 03:04:03.885 INF API: test ended suite=0 test=111 pass=false
Sep 23 03:04:03.886 INF API: test started suite=0 test=112 name="interop/header-60 (besu_release)"
Sep 23 03:04:03.891 INF API: test ended suite=0 test=112 pass=false
Sep 23 03:04:03.892 INF API: test started suite=0 test=113 name="interop/mcopy-prestate-55 (besu_release)"
Sep 23 03:04:03.901 INF API: test ended suite=0 test=113 pass=false
Sep 23 03:04:03.902 INF API: test started suite=0 test=114 name="interop/mcopy-prestate-56 (besu_release)"
Sep 23 03:04:03.908 INF API: test ended suite=0 test=114 pass=false
Sep 23 03:04:03.909 INF API: test started suite=0 test=115 name="interop/mcopy-trace-55 (besu_release)"
Sep 23 03:04:03.917 INF API: test ended suite=0 test=115 pass=false
Sep 23 03:04:03.918 INF API: test started suite=0 test=116 name="interop/mcopy-trace-56 (besu_release)"
Sep 23 03:04:03.924 INF API: test ended suite=0 test=116 pass=false
Sep 23 03:04:03.925 INF API: test started suite=0 test=117 name="interop/replay-35 (besu_release)"
Sep 23 03:04:03.941 INF API: test ended suite=0 test=117 pass=false
Sep 23 03:04:03.942 INF API: test started suite=0 test=118 name="interop/replay-36 (besu_release)"
Sep 23 03:04:04.971 INF API: test ended suite=0 test=118 pass=false
Sep 23 03:04:04.972 INF API: test started suite=0 test=119 name="interop/replay-47 (besu_release)"
Sep 23 03:04:04.990 INF API: test ended suite=0 test=119 pass=false
Sep 23 03:04:04.991 INF API: test started suite=0 test=120 name="interop/replay-48 (besu_release)"
Sep 23 03:04:05.014 INF API: test ended suite=0 test=120 pass=false
Sep 23 03:04:05.015 INF API: test started suite=0 test=121 name="interop/replay-51 (besu_release)"
Sep 23 03:04:05.036 INF API: test ended suite=0 test=121 pass=false
Sep 23 03:04:05.037 INF API: test started suite=0 test=122 name="interop/replay-52 (besu_release)"
Sep 23 03:04:05.056 INF API: test ended suite=0 test=122 pass=false
Sep 23 03:04:05.057 INF API: test started suite=0 test=123 name="interop/replay-55 (besu_release)"
Sep 23 03:04:05.072 INF API: test ended suite=0 test=123 pass=false
Sep 23 03:04:05.073 INF API: test started suite=0 test=124 name="interop/replay-56 (besu_release)"
Sep 23 03:04:05.081 INF API: test ended suite=0 test=124 pass=false
Sep 23 03:04:05.082 INF API: test started suite=0 test=125 name="interop/replay-59 (besu_release)"
Sep 23 03:04:05.090 INF API: test ended suite=0 test=125 pass=false
Sep 23 03:04:05.091 INF API: test started suite=0 test=126 name="interop/replay-60 (besu_release)"
Sep 23 03:04:05.102 INF API: test ended suite=0 test=126 pass=false
Sep 23 03:04:05.103 INF API: test started suite=0 test=127 name="interop/system-beacon-55-560 (besu_release)"
Sep 23 03:04:05.112 INF API: test ended suite=0 test=127 pass=false
Sep 23 03:04:05.113 INF API: test started suite=0 test=128 name="interop/system-beacon-55-8751 (besu_release)"
Sep 23 03:04:05.116 INF API: test ended suite=0 test=128 pass=false
Sep 23 03:04:05.117 INF API: test started suite=0 test=129 name="interop/system-beacon-56-560 (besu_release)"
Sep 23 03:04:05.120 INF API: test ended suite=0 test=129 pass=false
Sep 23 03:04:05.120 INF API: test started suite=0 test=130 name="interop/system-beacon-56-8751 (besu_release)"
Sep 23 03:04:05.123 INF API: test ended suite=0 test=130 pass=false
Sep 23 03:04:05.124 INF API: test started suite=0 test=131 name="interop/system-beacon-57-560 (besu_release)"
Sep 23 03:04:05.128 INF API: test ended suite=0 test=131 pass=false
Sep 23 03:04:05.129 INF API: test started suite=0 test=132 name="interop/system-beacon-57-8751 (besu_release)"
Sep 23 03:04:05.132 INF API: test ended suite=0 test=132 pass=false
Sep 23 03:04:05.461 INF API: test ended suite=0 test=67 pass=true
Sep 23 03:04:05.462 INF API: test started suite=0 test=133 name="client launch (erigon_development)"
Sep 23 03:04:06.931 INF API: client erigon_development started suite=0 test=133 container=db7588b2
Sep 23 03:04:06.947 INF API: test started suite=0 test=134 name="interop/_control/head (erigon_development)"
Sep 23 03:04:06.948 INF API: test ended suite=0 test=134 pass=false
Sep 23 03:04:06.950 INF API: test started suite=0 test=135 name="interop/_control/latest (erigon_development)"
Sep 23 03:04:06.952 INF API: test ended suite=0 test=135 pass=false
Sep 23 03:04:06.953 INF API: test started suite=0 test=136 name="interop/_control/version (erigon_development)"
Sep 23 03:04:06.954 INF API: test ended suite=0 test=136 pass=false
Sep 23 03:04:06.954 INF API: test started suite=0 test=137 name="interop/block-35 (erigon_development)"
Sep 23 03:04:06.956 INF API: test ended suite=0 test=137 pass=false
Sep 23 03:04:06.957 INF API: test started suite=0 test=138 name="interop/block-36 (erigon_development)"
Sep 23 03:04:06.960 INF API: test ended suite=0 test=138 pass=false
Sep 23 03:04:06.961 INF API: test started suite=0 test=139 name="interop/block-47 (erigon_development)"
Sep 23 03:04:06.962 INF API: test ended suite=0 test=139 pass=false
Sep 23 03:04:06.963 INF API: test started suite=0 test=140 name="interop/block-48 (erigon_development)"
Sep 23 03:04:06.966 INF API: test ended suite=0 test=140 pass=false
Sep 23 03:04:06.967 INF API: test started suite=0 test=141 name="interop/block-51 (erigon_development)"
Sep 23 03:04:06.968 INF API: test ended suite=0 test=141 pass=false
Sep 23 03:04:06.969 INF API: test started suite=0 test=142 name="interop/block-52 (erigon_development)"
Sep 23 03:04:06.970 INF API: test ended suite=0 test=142 pass=false
Sep 23 03:04:06.971 INF API: test started suite=0 test=143 name="interop/block-55 (erigon_development)"
Sep 23 03:04:06.972 INF API: test ended suite=0 test=143 pass=false
Sep 23 03:04:06.973 INF API: test started suite=0 test=144 name="interop/block-56 (erigon_development)"
Sep 23 03:04:06.975 INF API: test ended suite=0 test=144 pass=false
Sep 23 03:04:06.976 INF API: test started suite=0 test=145 name="interop/block-59 (erigon_development)"
Sep 23 03:04:06.978 INF API: test ended suite=0 test=145 pass=false
Sep 23 03:04:06.978 INF API: test started suite=0 test=146 name="interop/block-60 (erigon_development)"
Sep 23 03:04:06.982 INF API: test ended suite=0 test=146 pass=false
Sep 23 03:04:06.983 INF API: test started suite=0 test=147 name="interop/control-head (erigon_development)"
Sep 23 03:04:06.985 INF API: test ended suite=0 test=147 pass=false
Sep 23 03:04:06.986 INF API: test started suite=0 test=148 name="interop/control-height (erigon_development)"
Sep 23 03:04:06.987 INF API: test ended suite=0 test=148 pass=false
Sep 23 03:04:06.988 INF API: test started suite=0 test=149 name="interop/control-version (erigon_development)"
Sep 23 03:04:06.988 INF API: test ended suite=0 test=149 pass=false
Sep 23 03:04:06.989 INF API: test started suite=0 test=150 name="interop/destroy-prestate-55 (erigon_development)"
Sep 23 03:04:06.990 INF API: test ended suite=0 test=150 pass=false
Sep 23 03:04:06.991 INF API: test started suite=0 test=151 name="interop/destroy-prestate-56 (erigon_development)"
Sep 23 03:04:06.992 INF API: test ended suite=0 test=151 pass=false
Sep 23 03:04:06.993 INF API: test started suite=0 test=152 name="interop/destroy-trace-55 (erigon_development)"
Sep 23 03:04:06.995 INF API: test ended suite=0 test=152 pass=false
Sep 23 03:04:06.995 INF API: test started suite=0 test=153 name="interop/destroy-trace-56 (erigon_development)"
Sep 23 03:04:06.997 INF API: test ended suite=0 test=153 pass=false
Sep 23 03:04:06.998 INF API: test started suite=0 test=154 name="interop/filter-35 (erigon_development)"
Sep 23 03:04:07.000 INF API: test ended suite=0 test=154 pass=false
Sep 23 03:04:07.001 INF API: test started suite=0 test=155 name="interop/filter-36 (erigon_development)"
Sep 23 03:04:07.004 INF API: test ended suite=0 test=155 pass=false
Sep 23 03:04:07.004 INF API: test started suite=0 test=156 name="interop/filter-47 (erigon_development)"
Sep 23 03:04:07.007 INF API: test ended suite=0 test=156 pass=false
Sep 23 03:04:07.007 INF API: test started suite=0 test=157 name="interop/filter-48 (erigon_development)"
Sep 23 03:04:07.009 INF API: test ended suite=0 test=157 pass=false
Sep 23 03:04:07.010 INF API: test started suite=0 test=158 name="interop/filter-51 (erigon_development)"
Sep 23 03:04:07.013 INF API: test ended suite=0 test=158 pass=false
Sep 23 03:04:07.014 INF API: test started suite=0 test=159 name="interop/filter-52 (erigon_development)"
Sep 23 03:04:07.016 INF API: test ended suite=0 test=159 pass=false
Sep 23 03:04:07.016 INF API: test started suite=0 test=160 name="interop/filter-55 (erigon_development)"
Sep 23 03:04:07.018 INF API: test ended suite=0 test=160 pass=false
Sep 23 03:04:07.019 INF API: test started suite=0 test=161 name="interop/filter-56 (erigon_development)"
Sep 23 03:04:07.021 INF API: test ended suite=0 test=161 pass=false
Sep 23 03:04:07.022 INF API: test started suite=0 test=162 name="interop/filter-59 (erigon_development)"
Sep 23 03:04:07.024 INF API: test ended suite=0 test=162 pass=false
Sep 23 03:04:07.025 INF API: test started suite=0 test=163 name="interop/filter-60 (erigon_development)"
Sep 23 03:04:07.027 INF API: test ended suite=0 test=163 pass=false
Sep 23 03:04:07.028 INF API: test started suite=0 test=164 name="interop/filter-across-36 (erigon_development)"
Sep 23 03:04:07.030 INF API: test ended suite=0 test=164 pass=false
Sep 23 03:04:07.031 INF API: test started suite=0 test=165 name="interop/filter-across-48 (erigon_development)"
Sep 23 03:04:07.033 INF API: test ended suite=0 test=165 pass=false
Sep 23 03:04:07.034 INF API: test started suite=0 test=166 name="interop/filter-across-52 (erigon_development)"
Sep 23 03:04:07.036 INF API: test ended suite=0 test=166 pass=false
Sep 23 03:04:07.037 INF API: test started suite=0 test=167 name="interop/filter-across-56 (erigon_development)"
Sep 23 03:04:07.039 INF API: test ended suite=0 test=167 pass=false
Sep 23 03:04:07.040 INF API: test started suite=0 test=168 name="interop/filter-across-60 (erigon_development)"
Sep 23 03:04:07.042 INF API: test ended suite=0 test=168 pass=false
Sep 23 03:04:07.043 INF API: test started suite=0 test=169 name="interop/header-35 (erigon_development)"
Sep 23 03:04:07.044 INF API: test ended suite=0 test=169 pass=false
Sep 23 03:04:07.045 INF API: test started suite=0 test=170 name="interop/header-36 (erigon_development)"
Sep 23 03:04:07.045 INF API: test ended suite=0 test=170 pass=false
Sep 23 03:04:07.048 INF API: test started suite=0 test=171 name="interop/header-47 (erigon_development)"
Sep 23 03:04:07.049 INF API: test ended suite=0 test=171 pass=false
Sep 23 03:04:07.050 INF API: test started suite=0 test=172 name="interop/header-48 (erigon_development)"
Sep 23 03:04:07.051 INF API: test ended suite=0 test=172 pass=false
Sep 23 03:04:07.052 INF API: test started suite=0 test=173 name="interop/header-51 (erigon_development)"
Sep 23 03:04:07.053 INF API: test ended suite=0 test=173 pass=false
Sep 23 03:04:07.054 INF API: test started suite=0 test=174 name="interop/header-52 (erigon_development)"
Sep 23 03:04:07.055 INF API: test ended suite=0 test=174 pass=false
Sep 23 03:04:07.056 INF API: test started suite=0 test=175 name="interop/header-55 (erigon_development)"
Sep 23 03:04:07.058 INF API: test ended suite=0 test=175 pass=false
Sep 23 03:04:07.059 INF API: test started suite=0 test=176 name="interop/header-56 (erigon_development)"
Sep 23 03:04:07.060 INF API: test ended suite=0 test=176 pass=false
Sep 23 03:04:07.061 INF API: test started suite=0 test=177 name="interop/header-59 (erigon_development)"
Sep 23 03:04:07.063 INF API: test ended suite=0 test=177 pass=false
Sep 23 03:04:07.063 INF API: test started suite=0 test=178 name="interop/header-60 (erigon_development)"
Sep 23 03:04:07.065 INF API: test ended suite=0 test=178 pass=false
Sep 23 03:04:07.065 INF API: test started suite=0 test=179 name="interop/mcopy-prestate-55 (erigon_development)"
Sep 23 03:04:07.067 INF API: test ended suite=0 test=179 pass=false
Sep 23 03:04:07.068 INF API: test started suite=0 test=180 name="interop/mcopy-prestate-56 (erigon_development)"
Sep 23 03:04:07.069 INF API: test ended suite=0 test=180 pass=false
Sep 23 03:04:07.070 INF API: test started suite=0 test=181 name="interop/mcopy-trace-55 (erigon_development)"
Sep 23 03:04:07.071 INF API: test ended suite=0 test=181 pass=false
Sep 23 03:04:07.072 INF API: test started suite=0 test=182 name="interop/mcopy-trace-56 (erigon_development)"
Sep 23 03:04:07.074 INF API: test ended suite=0 test=182 pass=false
Sep 23 03:04:07.076 INF API: test started suite=0 test=183 name="interop/replay-35 (erigon_development)"
Sep 23 03:04:07.080 INF API: test ended suite=0 test=183 pass=false
Sep 23 03:04:07.081 INF API: test started suite=0 test=184 name="interop/replay-36 (erigon_development)"
Sep 23 03:04:07.084 INF API: test ended suite=0 test=184 pass=false
Sep 23 03:04:07.086 INF API: test started suite=0 test=185 name="interop/replay-47 (erigon_development)"
Sep 23 03:04:07.091 INF API: test ended suite=0 test=185 pass=false
Sep 23 03:04:07.092 INF API: test started suite=0 test=186 name="interop/replay-48 (erigon_development)"
Sep 23 03:04:07.095 INF API: test ended suite=0 test=186 pass=false
Sep 23 03:04:07.097 INF API: test started suite=0 test=187 name="interop/replay-51 (erigon_development)"
Sep 23 03:04:07.106 INF API: test ended suite=0 test=187 pass=false
Sep 23 03:04:07.107 INF API: test started suite=0 test=188 name="interop/replay-52 (erigon_development)"
Sep 23 03:04:07.110 INF API: test ended suite=0 test=188 pass=false
Sep 23 03:04:07.111 INF API: test started suite=0 test=189 name="interop/replay-55 (erigon_development)"
Sep 23 03:04:07.113 INF API: test ended suite=0 test=189 pass=false
Sep 23 03:04:07.114 INF API: test started suite=0 test=190 name="interop/replay-56 (erigon_development)"
Sep 23 03:04:07.116 INF API: test ended suite=0 test=190 pass=false
Sep 23 03:04:07.117 INF API: test started suite=0 test=191 name="interop/replay-59 (erigon_development)"
Sep 23 03:04:07.118 INF API: test ended suite=0 test=191 pass=false
Sep 23 03:04:07.119 INF API: test started suite=0 test=192 name="interop/replay-60 (erigon_development)"
Sep 23 03:04:07.122 INF API: test ended suite=0 test=192 pass=false
Sep 23 03:04:07.123 INF API: test started suite=0 test=193 name="interop/system-beacon-55-560 (erigon_development)"
Sep 23 03:04:07.124 INF API: test ended suite=0 test=193 pass=false
Sep 23 03:04:07.125 INF API: test started suite=0 test=194 name="interop/system-beacon-55-8751 (erigon_development)"
Sep 23 03:04:07.126 INF API: test ended suite=0 test=194 pass=false
Sep 23 03:04:07.126 INF API: test started suite=0 test=195 name="interop/system-beacon-56-560 (erigon_development)"
Sep 23 03:04:07.128 INF API: test ended suite=0 test=195 pass=false
Sep 23 03:04:07.128 INF API: test started suite=0 test=196 name="interop/system-beacon-56-8751 (erigon_development)"
Sep 23 03:04:07.130 INF API: test ended suite=0 test=196 pass=false
Sep 23 03:04:07.131 INF API: test started suite=0 test=197 name="interop/system-beacon-57-560 (erigon_development)"
Sep 23 03:04:07.132 INF API: test ended suite=0 test=197 pass=false
Sep 23 03:04:07.133 INF API: test started suite=0 test=198 name="interop/system-beacon-57-8751 (erigon_development)"
Sep 23 03:04:07.134 INF API: test ended suite=0 test=198 pass=false
Sep 23 03:04:07.442 INF API: test ended suite=0 test=133 pass=true
Sep 23 03:04:07.443 INF API: test started suite=0 test=199 name="client launch (erigon_release)"
Sep 23 03:04:09.226 INF API: client erigon_release started suite=0 test=199 container=90ab96e0
Sep 23 03:04:09.240 INF API: test started suite=0 test=200 name="interop/_control/head (erigon_release)"
Sep 23 03:04:09.252 INF API: test ended suite=0 test=200 pass=false
Sep 23 03:04:09.253 INF API: test started suite=0 test=201 name="interop/_control/latest (erigon_release)"
Sep 23 03:04:09.255 INF API: test ended suite=0 test=201 pass=false
Sep 23 03:04:09.255 INF API: test started suite=0 test=202 name="interop/_control/version (erigon_release)"
Sep 23 03:04:09.256 INF API: test ended suite=0 test=202 pass=false
Sep 23 03:04:09.257 INF API: test started suite=0 test=203 name="interop/block-35 (erigon_release)"
Sep 23 03:04:09.259 INF API: test ended suite=0 test=203 pass=false
Sep 23 03:04:09.259 INF API: test started suite=0 test=204 name="interop/block-36 (erigon_release)"
Sep 23 03:04:09.262 INF API: test ended suite=0 test=204 pass=false
Sep 23 03:04:09.262 INF API: test started suite=0 test=205 name="interop/block-47 (erigon_release)"
Sep 23 03:04:09.264 INF API: test ended suite=0 test=205 pass=false
Sep 23 03:04:09.264 INF API: test started suite=0 test=206 name="interop/block-48 (erigon_release)"
Sep 23 03:04:09.266 INF API: test ended suite=0 test=206 pass=false
Sep 23 03:04:09.267 INF API: test started suite=0 test=207 name="interop/block-51 (erigon_release)"
Sep 23 03:04:09.269 INF API: test ended suite=0 test=207 pass=false
Sep 23 03:04:09.270 INF API: test started suite=0 test=208 name="interop/block-52 (erigon_release)"
Sep 23 03:04:09.272 INF API: test ended suite=0 test=208 pass=false
Sep 23 03:04:09.272 INF API: test started suite=0 test=209 name="interop/block-55 (erigon_release)"
Sep 23 03:04:09.274 INF API: test ended suite=0 test=209 pass=false
Sep 23 03:04:09.274 INF API: test started suite=0 test=210 name="interop/block-56 (erigon_release)"
Sep 23 03:04:09.276 INF API: test ended suite=0 test=210 pass=false
Sep 23 03:04:09.277 INF API: test started suite=0 test=211 name="interop/block-59 (erigon_release)"
Sep 23 03:04:09.278 INF API: test ended suite=0 test=211 pass=false
Sep 23 03:04:09.279 INF API: test started suite=0 test=212 name="interop/block-60 (erigon_release)"
Sep 23 03:04:09.281 INF API: test ended suite=0 test=212 pass=false
Sep 23 03:04:09.282 INF API: test started suite=0 test=213 name="interop/control-head (erigon_release)"
Sep 23 03:04:09.284 INF API: test ended suite=0 test=213 pass=false
Sep 23 03:04:09.286 INF API: test started suite=0 test=214 name="interop/control-height (erigon_release)"
Sep 23 03:04:09.287 INF API: test ended suite=0 test=214 pass=false
Sep 23 03:04:09.288 INF API: test started suite=0 test=215 name="interop/control-version (erigon_release)"
Sep 23 03:04:09.288 INF API: test ended suite=0 test=215 pass=false
Sep 23 03:04:09.289 INF API: test started suite=0 test=216 name="interop/destroy-prestate-55 (erigon_release)"
Sep 23 03:04:09.291 INF API: test ended suite=0 test=216 pass=false
Sep 23 03:04:09.291 INF API: test started suite=0 test=217 name="interop/destroy-prestate-56 (erigon_release)"
Sep 23 03:04:09.293 INF API: test ended suite=0 test=217 pass=false
Sep 23 03:04:09.293 INF API: test started suite=0 test=218 name="interop/destroy-trace-55 (erigon_release)"
Sep 23 03:04:09.295 INF API: test ended suite=0 test=218 pass=false
Sep 23 03:04:09.295 INF API: test started suite=0 test=219 name="interop/destroy-trace-56 (erigon_release)"
Sep 23 03:04:09.297 INF API: test ended suite=0 test=219 pass=false
Sep 23 03:04:09.297 INF API: test started suite=0 test=220 name="interop/filter-35 (erigon_release)"
Sep 23 03:04:09.299 INF API: test ended suite=0 test=220 pass=false
Sep 23 03:04:09.300 INF API: test started suite=0 test=221 name="interop/filter-36 (erigon_release)"
Sep 23 03:04:09.303 INF API: test ended suite=0 test=221 pass=false
Sep 23 03:04:09.304 INF API: test started suite=0 test=222 name="interop/filter-47 (erigon_release)"
Sep 23 03:04:09.306 INF API: test ended suite=0 test=222 pass=false
Sep 23 03:04:09.307 INF API: test started suite=0 test=223 name="interop/filter-48 (erigon_release)"
Sep 23 03:04:09.309 INF API: test ended suite=0 test=223 pass=false
Sep 23 03:04:09.310 INF API: test started suite=0 test=224 name="interop/filter-51 (erigon_release)"
Sep 23 03:04:09.313 INF API: test ended suite=0 test=224 pass=false
Sep 23 03:04:09.314 INF API: test started suite=0 test=225 name="interop/filter-52 (erigon_release)"
Sep 23 03:04:09.317 INF API: test ended suite=0 test=225 pass=false
Sep 23 03:04:09.317 INF API: test started suite=0 test=226 name="interop/filter-55 (erigon_release)"
Sep 23 03:04:09.320 INF API: test ended suite=0 test=226 pass=false
Sep 23 03:04:09.320 INF API: test started suite=0 test=227 name="interop/filter-56 (erigon_release)"
Sep 23 03:04:09.322 INF API: test ended suite=0 test=227 pass=false
Sep 23 03:04:09.323 INF API: test started suite=0 test=228 name="interop/filter-59 (erigon_release)"
Sep 23 03:04:09.325 INF API: test ended suite=0 test=228 pass=false
Sep 23 03:04:09.326 INF API: test started suite=0 test=229 name="interop/filter-60 (erigon_release)"
Sep 23 03:04:09.330 INF API: test ended suite=0 test=229 pass=false
Sep 23 03:04:09.331 INF API: test started suite=0 test=230 name="interop/filter-across-36 (erigon_release)"
Sep 23 03:04:09.335 INF API: test ended suite=0 test=230 pass=false
Sep 23 03:04:09.336 INF API: test started suite=0 test=231 name="interop/filter-across-48 (erigon_release)"
Sep 23 03:04:09.339 INF API: test ended suite=0 test=231 pass=false
Sep 23 03:04:09.340 INF API: test started suite=0 test=232 name="interop/filter-across-52 (erigon_release)"
Sep 23 03:04:09.343 INF API: test ended suite=0 test=232 pass=false
Sep 23 03:04:09.344 INF API: test started suite=0 test=233 name="interop/filter-across-56 (erigon_release)"
Sep 23 03:04:09.347 INF API: test ended suite=0 test=233 pass=false
Sep 23 03:04:09.348 INF API: test started suite=0 test=234 name="interop/filter-across-60 (erigon_release)"
Sep 23 03:04:09.352 INF API: test ended suite=0 test=234 pass=false
Sep 23 03:04:09.353 INF API: test started suite=0 test=235 name="interop/header-35 (erigon_release)"
Sep 23 03:04:09.355 INF API: test ended suite=0 test=235 pass=false
Sep 23 03:04:09.355 INF API: test started suite=0 test=236 name="interop/header-36 (erigon_release)"
Sep 23 03:04:09.357 INF API: test ended suite=0 test=236 pass=false
Sep 23 03:04:09.357 INF API: test started suite=0 test=237 name="interop/header-47 (erigon_release)"
Sep 23 03:04:09.358 INF API: test ended suite=0 test=237 pass=false
Sep 23 03:04:09.359 INF API: test started suite=0 test=238 name="interop/header-48 (erigon_release)"
Sep 23 03:04:09.361 INF API: test ended suite=0 test=238 pass=false
Sep 23 03:04:09.362 INF API: test started suite=0 test=239 name="interop/header-51 (erigon_release)"
Sep 23 03:04:09.363 INF API: test ended suite=0 test=239 pass=false
Sep 23 03:04:09.364 INF API: test started suite=0 test=240 name="interop/header-52 (erigon_release)"
Sep 23 03:04:09.366 INF API: test ended suite=0 test=240 pass=false
Sep 23 03:04:09.366 INF API: test started suite=0 test=241 name="interop/header-55 (erigon_release)"
Sep 23 03:04:09.368 INF API: test ended suite=0 test=241 pass=false
Sep 23 03:04:09.368 INF API: test started suite=0 test=242 name="interop/header-56 (erigon_release)"
Sep 23 03:04:09.370 INF API: test ended suite=0 test=242 pass=false
Sep 23 03:04:09.371 INF API: test started suite=0 test=243 name="interop/header-59 (erigon_release)"
Sep 23 03:04:09.372 INF API: test ended suite=0 test=243 pass=false
Sep 23 03:04:09.372 INF API: test started suite=0 test=244 name="interop/header-60 (erigon_release)"
Sep 23 03:04:09.374 INF API: test ended suite=0 test=244 pass=false
Sep 23 03:04:09.375 INF API: test started suite=0 test=245 name="interop/mcopy-prestate-55 (erigon_release)"
Sep 23 03:04:09.376 INF API: test ended suite=0 test=245 pass=false
Sep 23 03:04:09.377 INF API: test started suite=0 test=246 name="interop/mcopy-prestate-56 (erigon_release)"
Sep 23 03:04:09.379 INF API: test ended suite=0 test=246 pass=false
Sep 23 03:04:09.379 INF API: test started suite=0 test=247 name="interop/mcopy-trace-55 (erigon_release)"
Sep 23 03:04:09.381 INF API: test ended suite=0 test=247 pass=false
Sep 23 03:04:09.382 INF API: test started suite=0 test=248 name="interop/mcopy-trace-56 (erigon_release)"
Sep 23 03:04:09.384 INF API: test ended suite=0 test=248 pass=false
Sep 23 03:04:09.384 INF API: test started suite=0 test=249 name="interop/replay-35 (erigon_release)"
Sep 23 03:04:09.386 INF API: test ended suite=0 test=249 pass=false
Sep 23 03:04:09.387 INF API: test started suite=0 test=250 name="interop/replay-36 (erigon_release)"
Sep 23 03:04:09.389 INF API: test ended suite=0 test=250 pass=false
Sep 23 03:04:09.390 INF API: test started suite=0 test=251 name="interop/replay-47 (erigon_release)"
Sep 23 03:04:09.392 INF API: test ended suite=0 test=251 pass=false
Sep 23 03:04:09.392 INF API: test started suite=0 test=252 name="interop/replay-48 (erigon_release)"
Sep 23 03:04:09.394 INF API: test ended suite=0 test=252 pass=false
Sep 23 03:04:09.395 INF API: test started suite=0 test=253 name="interop/replay-51 (erigon_release)"
Sep 23 03:04:09.398 INF API: test ended suite=0 test=253 pass=false
Sep 23 03:04:09.399 INF API: test started suite=0 test=254 name="interop/replay-52 (erigon_release)"
Sep 23 03:04:09.401 INF API: test ended suite=0 test=254 pass=false
Sep 23 03:04:09.401 INF API: test started suite=0 test=255 name="interop/replay-55 (erigon_release)"
Sep 23 03:04:09.403 INF API: test ended suite=0 test=255 pass=false
Sep 23 03:04:09.404 INF API: test started suite=0 test=256 name="interop/replay-56 (erigon_release)"
Sep 23 03:04:09.406 INF API: test ended suite=0 test=256 pass=false
Sep 23 03:04:09.406 INF API: test started suite=0 test=257 name="interop/replay-59 (erigon_release)"
Sep 23 03:04:09.408 INF API: test ended suite=0 test=257 pass=false
Sep 23 03:04:09.409 INF API: test started suite=0 test=258 name="interop/replay-60 (erigon_release)"
Sep 23 03:04:09.412 INF API: test ended suite=0 test=258 pass=false
Sep 23 03:04:09.413 INF API: test started suite=0 test=259 name="interop/system-beacon-55-560 (erigon_release)"
Sep 23 03:04:09.414 INF API: test ended suite=0 test=259 pass=false
Sep 23 03:04:09.415 INF API: test started suite=0 test=260 name="interop/system-beacon-55-8751 (erigon_release)"
Sep 23 03:04:09.416 INF API: test ended suite=0 test=260 pass=false
Sep 23 03:04:09.417 INF API: test started suite=0 test=261 name="interop/system-beacon-56-560 (erigon_release)"
Sep 23 03:04:09.418 INF API: test ended suite=0 test=261 pass=false
Sep 23 03:04:09.419 INF API: test started suite=0 test=262 name="interop/system-beacon-56-8751 (erigon_release)"
Sep 23 03:04:09.420 INF API: test ended suite=0 test=262 pass=false
Sep 23 03:04:09.421 INF API: test started suite=0 test=263 name="interop/system-beacon-57-560 (erigon_release)"
Sep 23 03:04:09.422 INF API: test ended suite=0 test=263 pass=false
Sep 23 03:04:09.423 INF API: test started suite=0 test=264 name="interop/system-beacon-57-8751 (erigon_release)"
Sep 23 03:04:09.424 INF API: test ended suite=0 test=264 pass=false
Sep 23 03:04:09.719 INF API: test ended suite=0 test=199 pass=true
Sep 23 03:04:09.720 INF API: test started suite=0 test=265 name="client launch (nethermind_development)"
Sep 23 03:04:19.437 INF API: client nethermind_development started suite=0 test=265 container=2d72139a
Sep 23 03:04:19.581 INF API: test started suite=0 test=266 name="interop/_control/head (nethermind_development)"
Sep 23 03:04:19.596 INF API: test ended suite=0 test=266 pass=false
Sep 23 03:04:19.597 INF API: test started suite=0 test=267 name="interop/_control/latest (nethermind_development)"
Sep 23 03:04:19.600 INF API: test ended suite=0 test=267 pass=false
Sep 23 03:04:19.600 INF API: test started suite=0 test=268 name="interop/_control/version (nethermind_development)"
Sep 23 03:04:19.603 INF API: test ended suite=0 test=268 pass=false
Sep 23 03:04:19.603 INF API: test started suite=0 test=269 name="interop/block-35 (nethermind_development)"
Sep 23 03:04:19.704 INF API: test ended suite=0 test=269 pass=false
Sep 23 03:04:19.704 INF API: test started suite=0 test=270 name="interop/block-36 (nethermind_development)"
Sep 23 03:04:19.723 INF API: test ended suite=0 test=270 pass=false
Sep 23 03:04:19.724 INF API: test started suite=0 test=271 name="interop/block-47 (nethermind_development)"
Sep 23 03:04:19.737 INF API: test ended suite=0 test=271 pass=false
Sep 23 03:04:19.738 INF API: test started suite=0 test=272 name="interop/block-48 (nethermind_development)"
Sep 23 03:04:19.740 INF API: test ended suite=0 test=272 pass=false
Sep 23 03:04:19.741 INF API: test started suite=0 test=273 name="interop/block-51 (nethermind_development)"
Sep 23 03:04:19.744 INF API: test ended suite=0 test=273 pass=false
Sep 23 03:04:19.745 INF API: test started suite=0 test=274 name="interop/block-52 (nethermind_development)"
Sep 23 03:04:19.747 INF API: test ended suite=0 test=274 pass=false
Sep 23 03:04:19.748 INF API: test started suite=0 test=275 name="interop/block-55 (nethermind_development)"
Sep 23 03:04:19.750 INF API: test ended suite=0 test=275 pass=false
Sep 23 03:04:19.751 INF API: test started suite=0 test=276 name="interop/block-56 (nethermind_development)"
Sep 23 03:04:19.753 INF API: test ended suite=0 test=276 pass=false
Sep 23 03:04:19.753 INF API: test started suite=0 test=277 name="interop/block-59 (nethermind_development)"
Sep 23 03:04:19.755 INF API: test ended suite=0 test=277 pass=false
Sep 23 03:04:19.756 INF API: test started suite=0 test=278 name="interop/block-60 (nethermind_development)"
Sep 23 03:04:19.759 INF API: test ended suite=0 test=278 pass=false
Sep 23 03:04:19.760 INF API: test started suite=0 test=279 name="interop/control-head (nethermind_development)"
Sep 23 03:04:19.761 INF API: test ended suite=0 test=279 pass=false
Sep 23 03:04:19.762 INF API: test started suite=0 test=280 name="interop/control-height (nethermind_development)"
Sep 23 03:04:19.766 INF API: test ended suite=0 test=280 pass=false
Sep 23 03:04:19.767 INF API: test started suite=0 test=281 name="interop/control-version (nethermind_development)"
Sep 23 03:04:19.768 INF API: test ended suite=0 test=281 pass=false
Sep 23 03:04:19.769 INF API: test started suite=0 test=282 name="interop/destroy-prestate-55 (nethermind_development)"
Sep 23 03:04:19.990 INF API: test ended suite=0 test=282 pass=false
Sep 23 03:04:19.992 INF API: test started suite=0 test=283 name="interop/destroy-prestate-56 (nethermind_development)"
Sep 23 03:04:20.006 INF API: test ended suite=0 test=283 pass=false
Sep 23 03:04:20.007 INF API: test started suite=0 test=284 name="interop/destroy-trace-55 (nethermind_development)"
Sep 23 03:04:20.060 INF API: test ended suite=0 test=284 pass=false
Sep 23 03:04:20.061 INF API: test started suite=0 test=285 name="interop/destroy-trace-56 (nethermind_development)"
Sep 23 03:04:20.073 INF API: test ended suite=0 test=285 pass=false
Sep 23 03:04:20.074 INF API: test started suite=0 test=286 name="interop/filter-35 (nethermind_development)"
Sep 23 03:04:20.082 INF API: test ended suite=0 test=286 pass=false
Sep 23 03:04:20.082 INF API: test started suite=0 test=287 name="interop/filter-36 (nethermind_development)"
Sep 23 03:04:20.085 INF API: test ended suite=0 test=287 pass=false
Sep 23 03:04:20.086 INF API: test started suite=0 test=288 name="interop/filter-47 (nethermind_development)"
Sep 23 03:04:20.088 INF API: test ended suite=0 test=288 pass=false
Sep 23 03:04:20.089 INF API: test started suite=0 test=289 name="interop/filter-48 (nethermind_development)"
Sep 23 03:04:20.092 INF API: test ended suite=0 test=289 pass=false
Sep 23 03:04:20.093 INF API: test started suite=0 test=290 name="interop/filter-51 (nethermind_development)"
Sep 23 03:04:20.095 INF API: test ended suite=0 test=290 pass=false
Sep 23 03:04:20.096 INF API: test started suite=0 test=291 name="interop/filter-52 (nethermind_development)"
Sep 23 03:04:20.098 INF API: test ended suite=0 test=291 pass=false
Sep 23 03:04:20.099 INF API: test started suite=0 test=292 name="interop/filter-55 (nethermind_development)"
Sep 23 03:04:20.101 INF API: test ended suite=0 test=292 pass=false
Sep 23 03:04:20.101 INF API: test started suite=0 test=293 name="interop/filter-56 (nethermind_development)"
Sep 23 03:04:20.104 INF API: test ended suite=0 test=293 pass=false
Sep 23 03:04:20.104 INF API: test started suite=0 test=294 name="interop/filter-59 (nethermind_development)"
Sep 23 03:04:20.107 INF API: test ended suite=0 test=294 pass=false
Sep 23 03:04:20.107 INF API: test started suite=0 test=295 name="interop/filter-60 (nethermind_development)"
Sep 23 03:04:20.111 INF API: test ended suite=0 test=295 pass=false
Sep 23 03:04:20.111 INF API: test started suite=0 test=296 name="interop/filter-across-36 (nethermind_development)"
Sep 23 03:04:20.116 INF API: test ended suite=0 test=296 pass=false
Sep 23 03:04:20.116 INF API: test started suite=0 test=297 name="interop/filter-across-48 (nethermind_development)"
Sep 23 03:04:20.119 INF API: test ended suite=0 test=297 pass=false
Sep 23 03:04:20.120 INF API: test started suite=0 test=298 name="interop/filter-across-52 (nethermind_development)"
Sep 23 03:04:20.124 INF API: test ended suite=0 test=298 pass=false
Sep 23 03:04:20.124 INF API: test started suite=0 test=299 name="interop/filter-across-56 (nethermind_development)"
Sep 23 03:04:20.127 INF API: test ended suite=0 test=299 pass=false
Sep 23 03:04:20.128 INF API: test started suite=0 test=300 name="interop/filter-across-60 (nethermind_development)"
Sep 23 03:04:20.133 INF API: test ended suite=0 test=300 pass=false
Sep 23 03:04:20.134 INF API: test started suite=0 test=301 name="interop/header-35 (nethermind_development)"
Sep 23 03:04:20.135 INF API: test ended suite=0 test=301 pass=false
Sep 23 03:04:20.136 INF API: test started suite=0 test=302 name="interop/header-36 (nethermind_development)"
Sep 23 03:04:20.137 INF API: test ended suite=0 test=302 pass=false
Sep 23 03:04:20.137 INF API: test started suite=0 test=303 name="interop/header-47 (nethermind_development)"
Sep 23 03:04:20.139 INF API: test ended suite=0 test=303 pass=false
Sep 23 03:04:20.140 INF API: test started suite=0 test=304 name="interop/header-48 (nethermind_development)"
Sep 23 03:04:20.141 INF API: test ended suite=0 test=304 pass=false
Sep 23 03:04:20.142 INF API: test started suite=0 test=305 name="interop/header-51 (nethermind_development)"
Sep 23 03:04:20.143 INF API: test ended suite=0 test=305 pass=false
Sep 23 03:04:20.144 INF API: test started suite=0 test=306 name="interop/header-52 (nethermind_development)"
Sep 23 03:04:20.145 INF API: test ended suite=0 test=306 pass=false
Sep 23 03:04:20.145 INF API: test started suite=0 test=307 name="interop/header-55 (nethermind_development)"
Sep 23 03:04:20.146 INF API: test ended suite=0 test=307 pass=false
Sep 23 03:04:20.147 INF API: test started suite=0 test=308 name="interop/header-56 (nethermind_development)"
Sep 23 03:04:20.148 INF API: test ended suite=0 test=308 pass=false
Sep 23 03:04:20.149 INF API: test started suite=0 test=309 name="interop/header-59 (nethermind_development)"
Sep 23 03:04:20.150 INF API: test ended suite=0 test=309 pass=false
Sep 23 03:04:20.150 INF API: test started suite=0 test=310 name="interop/header-60 (nethermind_development)"
Sep 23 03:04:20.152 INF API: test ended suite=0 test=310 pass=false
Sep 23 03:04:20.152 INF API: test started suite=0 test=311 name="interop/mcopy-prestate-55 (nethermind_development)"
Sep 23 03:04:20.163 INF API: test ended suite=0 test=311 pass=false
Sep 23 03:04:20.164 INF API: test started suite=0 test=312 name="interop/mcopy-prestate-56 (nethermind_development)"
Sep 23 03:04:20.172 INF API: test ended suite=0 test=312 pass=false
Sep 23 03:04:20.173 INF API: test started suite=0 test=313 name="interop/mcopy-trace-55 (nethermind_development)"
Sep 23 03:04:20.182 INF API: test ended suite=0 test=313 pass=false
Sep 23 03:04:20.183 INF API: test started suite=0 test=314 name="interop/mcopy-trace-56 (nethermind_development)"
Sep 23 03:04:20.192 INF API: test ended suite=0 test=314 pass=false
Sep 23 03:04:20.192 INF API: test started suite=0 test=315 name="interop/replay-35 (nethermind_development)"
Sep 23 03:04:20.206 INF API: test ended suite=0 test=315 pass=false
Sep 23 03:04:20.206 INF API: test started suite=0 test=316 name="interop/replay-36 (nethermind_development)"
Sep 23 03:04:20.211 INF API: test ended suite=0 test=316 pass=false
Sep 23 03:04:20.212 INF API: test started suite=0 test=317 name="interop/replay-47 (nethermind_development)"
Sep 23 03:04:20.214 INF API: test ended suite=0 test=317 pass=false
Sep 23 03:04:20.215 INF API: test started suite=0 test=318 name="interop/replay-48 (nethermind_development)"
Sep 23 03:04:20.217 INF API: test ended suite=0 test=318 pass=false
Sep 23 03:04:20.218 INF API: test started suite=0 test=319 name="interop/replay-51 (nethermind_development)"
Sep 23 03:04:20.221 INF API: test ended suite=0 test=319 pass=false
Sep 23 03:04:20.221 INF API: test started suite=0 test=320 name="interop/replay-52 (nethermind_development)"
Sep 23 03:04:20.223 INF API: test ended suite=0 test=320 pass=false
Sep 23 03:04:20.224 INF API: test started suite=0 test=321 name="interop/replay-55 (nethermind_development)"
Sep 23 03:04:20.226 INF API: test ended suite=0 test=321 pass=false
Sep 23 03:04:20.227 INF API: test started suite=0 test=322 name="interop/replay-56 (nethermind_development)"
Sep 23 03:04:20.231 INF API: test ended suite=0 test=322 pass=false
Sep 23 03:04:20.231 INF API: test started suite=0 test=323 name="interop/replay-59 (nethermind_development)"
Sep 23 03:04:20.234 INF API: test ended suite=0 test=323 pass=false
Sep 23 03:04:20.235 INF API: test started suite=0 test=324 name="interop/replay-60 (nethermind_development)"
Sep 23 03:04:20.239 INF API: test ended suite=0 test=324 pass=false
Sep 23 03:04:20.240 INF API: test started suite=0 test=325 name="interop/system-beacon-55-560 (nethermind_development)"
Sep 23 03:04:20.244 INF API: test ended suite=0 test=325 pass=false
Sep 23 03:04:20.244 INF API: test started suite=0 test=326 name="interop/system-beacon-55-8751 (nethermind_development)"
Sep 23 03:04:20.246 INF API: test ended suite=0 test=326 pass=false
Sep 23 03:04:20.247 INF API: test started suite=0 test=327 name="interop/system-beacon-56-560 (nethermind_development)"
Sep 23 03:04:20.248 INF API: test ended suite=0 test=327 pass=false
Sep 23 03:04:20.248 INF API: test started suite=0 test=328 name="interop/system-beacon-56-8751 (nethermind_development)"
Sep 23 03:04:20.249 INF API: test ended suite=0 test=328 pass=false
Sep 23 03:04:20.250 INF API: test started suite=0 test=329 name="interop/system-beacon-57-560 (nethermind_development)"
Sep 23 03:04:20.251 INF API: test ended suite=0 test=329 pass=false
Sep 23 03:04:20.252 INF API: test started suite=0 test=330 name="interop/system-beacon-57-8751 (nethermind_development)"
Sep 23 03:04:20.252 INF API: test ended suite=0 test=330 pass=false
Sep 23 03:04:20.587 INF API: test ended suite=0 test=265 pass=true
Sep 23 03:04:20.588 INF API: test started suite=0 test=331 name="client launch (nethermind_release)"
Sep 23 03:04:28.173 INF API: client nethermind_release started suite=0 test=331 container=cd9d3fa4
Sep 23 03:04:28.330 INF API: test started suite=0 test=332 name="interop/_control/head (nethermind_release)"
Sep 23 03:04:28.345 INF API: test ended suite=0 test=332 pass=false
Sep 23 03:04:28.346 INF API: test started suite=0 test=333 name="interop/_control/latest (nethermind_release)"
Sep 23 03:04:28.348 INF API: test ended suite=0 test=333 pass=false
Sep 23 03:04:28.349 INF API: test started suite=0 test=334 name="interop/_control/version (nethermind_release)"
Sep 23 03:04:28.351 INF API: test ended suite=0 test=334 pass=false
Sep 23 03:04:28.352 INF API: test started suite=0 test=335 name="interop/block-35 (nethermind_release)"
Sep 23 03:04:28.413 INF API: test ended suite=0 test=335 pass=false
Sep 23 03:04:28.414 INF API: test started suite=0 test=336 name="interop/block-36 (nethermind_release)"
Sep 23 03:04:28.420 INF API: test ended suite=0 test=336 pass=false
Sep 23 03:04:28.421 INF API: test started suite=0 test=337 name="interop/block-47 (nethermind_release)"
Sep 23 03:04:28.423 INF API: test ended suite=0 test=337 pass=false
Sep 23 03:04:28.424 INF API: test started suite=0 test=338 name="interop/block-48 (nethermind_release)"
Sep 23 03:04:28.425 INF API: test ended suite=0 test=338 pass=false
Sep 23 03:04:28.426 INF API: test started suite=0 test=339 name="interop/block-51 (nethermind_release)"
Sep 23 03:04:28.429 INF API: test ended suite=0 test=339 pass=false
Sep 23 03:04:28.430 INF API: test started suite=0 test=340 name="interop/block-52 (nethermind_release)"
Sep 23 03:04:28.432 INF API: test ended suite=0 test=340 pass=false
Sep 23 03:04:28.433 INF API: test started suite=0 test=341 name="interop/block-55 (nethermind_release)"
Sep 23 03:04:28.435 INF API: test ended suite=0 test=341 pass=false
Sep 23 03:04:28.436 INF API: test started suite=0 test=342 name="interop/block-56 (nethermind_release)"
Sep 23 03:04:28.438 INF API: test ended suite=0 test=342 pass=false
Sep 23 03:04:28.439 INF API: test started suite=0 test=343 name="interop/block-59 (nethermind_release)"
Sep 23 03:04:28.441 INF API: test ended suite=0 test=343 pass=false
Sep 23 03:04:28.441 INF API: test started suite=0 test=344 name="interop/block-60 (nethermind_release)"
Sep 23 03:04:28.445 INF API: test ended suite=0 test=344 pass=false
Sep 23 03:04:28.446 INF API: test started suite=0 test=345 name="interop/control-head (nethermind_release)"
Sep 23 03:04:28.448 INF API: test ended suite=0 test=345 pass=false
Sep 23 03:04:28.448 INF API: test started suite=0 test=346 name="interop/control-height (nethermind_release)"
Sep 23 03:04:28.452 INF API: test ended suite=0 test=346 pass=false
Sep 23 03:04:28.453 INF API: test started suite=0 test=347 name="interop/control-version (nethermind_release)"
Sep 23 03:04:28.454 INF API: test ended suite=0 test=347 pass=false
Sep 23 03:04:28.454 INF API: test started suite=0 test=348 name="interop/destroy-prestate-55 (nethermind_release)"
Sep 23 03:04:28.552 INF API: test ended suite=0 test=348 pass=false
Sep 23 03:04:28.554 INF API: test started suite=0 test=349 name="interop/destroy-prestate-56 (nethermind_release)"
Sep 23 03:04:28.557 INF API: test ended suite=0 test=349 pass=false
Sep 23 03:04:28.558 INF API: test started suite=0 test=350 name="interop/destroy-trace-55 (nethermind_release)"
Sep 23 03:04:28.595 INF API: test ended suite=0 test=350 pass=false
Sep 23 03:04:28.596 INF API: test started suite=0 test=351 name="interop/destroy-trace-56 (nethermind_release)"
Sep 23 03:04:28.599 INF API: test ended suite=0 test=351 pass=false
Sep 23 03:04:28.600 INF API: test started suite=0 test=352 name="interop/filter-35 (nethermind_release)"
Sep 23 03:04:28.607 INF API: test ended suite=0 test=352 pass=false
Sep 23 03:04:28.608 INF API: test started suite=0 test=353 name="interop/filter-36 (nethermind_release)"
Sep 23 03:04:28.611 INF API: test ended suite=0 test=353 pass=false
Sep 23 03:04:28.612 INF API: test started suite=0 test=354 name="interop/filter-47 (nethermind_release)"
Sep 23 03:04:28.614 INF API: test ended suite=0 test=354 pass=false
Sep 23 03:04:28.614 INF API: test started suite=0 test=355 name="interop/filter-48 (nethermind_release)"
Sep 23 03:04:28.616 INF API: test ended suite=0 test=355 pass=false
Sep 23 03:04:28.617 INF API: test started suite=0 test=356 name="interop/filter-51 (nethermind_release)"
Sep 23 03:04:28.620 INF API: test ended suite=0 test=356 pass=false
Sep 23 03:04:28.621 INF API: test started suite=0 test=357 name="interop/filter-52 (nethermind_release)"
Sep 23 03:04:28.623 INF API: test ended suite=0 test=357 pass=false
Sep 23 03:04:28.623 INF API: test started suite=0 test=358 name="interop/filter-55 (nethermind_release)"
Sep 23 03:04:28.625 INF API: test ended suite=0 test=358 pass=false
Sep 23 03:04:28.626 INF API: test started suite=0 test=359 name="interop/filter-56 (nethermind_release)"
Sep 23 03:04:28.627 INF API: test ended suite=0 test=359 pass=false
Sep 23 03:04:28.628 INF API: test started suite=0 test=360 name="interop/filter-59 (nethermind_release)"
Sep 23 03:04:28.630 INF API: test ended suite=0 test=360 pass=false
Sep 23 03:04:28.631 INF API: test started suite=0 test=361 name="interop/filter-60 (nethermind_release)"
Sep 23 03:04:28.633 INF API: test ended suite=0 test=361 pass=false
Sep 23 03:04:28.634 INF API: test started suite=0 test=362 name="interop/filter-across-36 (nethermind_release)"
Sep 23 03:04:28.637 INF API: test ended suite=0 test=362 pass=false
Sep 23 03:04:28.638 INF API: test started suite=0 test=363 name="interop/filter-across-48 (nethermind_release)"
Sep 23 03:04:28.640 INF API: test ended suite=0 test=363 pass=false
Sep 23 03:04:28.641 INF API: test started suite=0 test=364 name="interop/filter-across-52 (nethermind_release)"
Sep 23 03:04:28.644 INF API: test ended suite=0 test=364 pass=false
Sep 23 03:04:28.645 INF API: test started suite=0 test=365 name="interop/filter-across-56 (nethermind_release)"
Sep 23 03:04:28.647 INF API: test ended suite=0 test=365 pass=false
Sep 23 03:04:28.648 INF API: test started suite=0 test=366 name="interop/filter-across-60 (nethermind_release)"
Sep 23 03:04:28.652 INF API: test ended suite=0 test=366 pass=false
Sep 23 03:04:28.652 INF API: test started suite=0 test=367 name="interop/header-35 (nethermind_release)"
Sep 23 03:04:28.653 INF API: test ended suite=0 test=367 pass=false
Sep 23 03:04:28.654 INF API: test started suite=0 test=368 name="interop/header-36 (nethermind_release)"
Sep 23 03:04:28.655 INF API: test ended suite=0 test=368 pass=false
Sep 23 03:04:28.655 INF API: test started suite=0 test=369 name="interop/header-47 (nethermind_release)"
Sep 23 03:04:28.656 INF API: test ended suite=0 test=369 pass=false
Sep 23 03:04:28.657 INF API: test started suite=0 test=370 name="interop/header-48 (nethermind_release)"
Sep 23 03:04:28.658 INF API: test ended suite=0 test=370 pass=false
Sep 23 03:04:28.659 INF API: test started suite=0 test=371 name="interop/header-51 (nethermind_release)"
Sep 23 03:04:28.660 INF API: test ended suite=0 test=371 pass=false
Sep 23 03:04:28.661 INF API: test started suite=0 test=372 name="interop/header-52 (nethermind_release)"
Sep 23 03:04:28.663 INF API: test ended suite=0 test=372 pass=false
Sep 23 03:04:28.664 INF API: test started suite=0 test=373 name="interop/header-55 (nethermind_release)"
Sep 23 03:04:28.665 INF API: test ended suite=0 test=373 pass=false
Sep 23 03:04:28.666 INF API: test started suite=0 test=374 name="interop/header-56 (nethermind_release)"
Sep 23 03:04:28.667 INF API: test ended suite=0 test=374 pass=false
Sep 23 03:04:28.668 INF API: test started suite=0 test=375 name="interop/header-59 (nethermind_release)"
Sep 23 03:04:28.669 INF API: test ended suite=0 test=375 pass=false
Sep 23 03:04:28.670 INF API: test started suite=0 test=376 name="interop/header-60 (nethermind_release)"
Sep 23 03:04:28.671 INF API: test ended suite=0 test=376 pass=false
Sep 23 03:04:28.672 INF API: test started suite=0 test=377 name="interop/mcopy-prestate-55 (nethermind_release)"
Sep 23 03:04:28.676 INF API: test ended suite=0 test=377 pass=false
Sep 23 03:04:28.677 INF API: test started suite=0 test=378 name="interop/mcopy-prestate-56 (nethermind_release)"
Sep 23 03:04:28.678 INF API: test ended suite=0 test=378 pass=false
Sep 23 03:04:28.679 INF API: test started suite=0 test=379 name="interop/mcopy-trace-55 (nethermind_release)"
Sep 23 03:04:28.682 INF API: test ended suite=0 test=379 pass=false
Sep 23 03:04:28.683 INF API: test started suite=0 test=380 name="interop/mcopy-trace-56 (nethermind_release)"
Sep 23 03:04:28.686 INF API: test ended suite=0 test=380 pass=false
Sep 23 03:04:28.686 INF API: test started suite=0 test=381 name="interop/replay-35 (nethermind_release)"
Sep 23 03:04:28.698 INF API: test ended suite=0 test=381 pass=false
Sep 23 03:04:28.699 INF API: test started suite=0 test=382 name="interop/replay-36 (nethermind_release)"
Sep 23 03:04:28.703 INF API: test ended suite=0 test=382 pass=false
Sep 23 03:04:28.704 INF API: test started suite=0 test=383 name="interop/replay-47 (nethermind_release)"
Sep 23 03:04:28.707 INF API: test ended suite=0 test=383 pass=false
Sep 23 03:04:28.708 INF API: test started suite=0 test=384 name="interop/replay-48 (nethermind_release)"
Sep 23 03:04:28.710 INF API: test ended suite=0 test=384 pass=false
Sep 23 03:04:28.710 INF API: test started suite=0 test=385 name="interop/replay-51 (nethermind_release)"
Sep 23 03:04:28.713 INF API: test ended suite=0 test=385 pass=false
Sep 23 03:04:28.714 INF API: test started suite=0 test=386 name="interop/replay-52 (nethermind_release)"
Sep 23 03:04:28.716 INF API: test ended suite=0 test=386 pass=false
Sep 23 03:04:28.717 INF API: test started suite=0 test=387 name="interop/replay-55 (nethermind_release)"
Sep 23 03:04:28.719 INF API: test ended suite=0 test=387 pass=false
Sep 23 03:04:28.720 INF API: test started suite=0 test=388 name="interop/replay-56 (nethermind_release)"
Sep 23 03:04:28.722 INF API: test ended suite=0 test=388 pass=false
Sep 23 03:04:28.723 INF API: test started suite=0 test=389 name="interop/replay-59 (nethermind_release)"
Sep 23 03:04:28.725 INF API: test ended suite=0 test=389 pass=false
Sep 23 03:04:28.725 INF API: test started suite=0 test=390 name="interop/replay-60 (nethermind_release)"
Sep 23 03:04:28.730 INF API: test ended suite=0 test=390 pass=false
Sep 23 03:04:28.730 INF API: test started suite=0 test=391 name="interop/system-beacon-55-560 (nethermind_release)"
Sep 23 03:04:28.734 INF API: test ended suite=0 test=391 pass=false
Sep 23 03:04:28.735 INF API: test started suite=0 test=392 name="interop/system-beacon-55-8751 (nethermind_release)"
Sep 23 03:04:28.737 INF API: test ended suite=0 test=392 pass=false
Sep 23 03:04:28.737 INF API: test started suite=0 test=393 name="interop/system-beacon-56-560 (nethermind_release)"
Sep 23 03:04:28.739 INF API: test ended suite=0 test=393 pass=false
Sep 23 03:04:28.739 INF API: test started suite=0 test=394 name="interop/system-beacon-56-8751 (nethermind_release)"
Sep 23 03:04:28.741 INF API: test ended suite=0 test=394 pass=false
Sep 23 03:04:28.741 INF API: test started suite=0 test=395 name="interop/system-beacon-57-560 (nethermind_release)"
Sep 23 03:04:28.742 INF API: test ended suite=0 test=395 pass=false
Sep 23 03:04:28.743 INF API: test started suite=0 test=396 name="interop/system-beacon-57-8751 (nethermind_release)"
Sep 23 03:04:28.744 INF API: test ended suite=0 test=396 pass=false
Sep 23 03:04:29.063 INF API: test ended suite=0 test=331 pass=true
Sep 23 03:04:29.065 INF API: test started suite=0 test=397 name="client launch (reth_development)"
Sep 23 03:04:31.317 INF API: client reth_development started suite=0 test=397 container=60f097ee
Sep 23 03:04:31.333 INF API: test started suite=0 test=398 name="interop/_control/head (reth_development)"
Sep 23 03:04:31.334 INF API: test ended suite=0 test=398 pass=false
Sep 23 03:04:31.335 INF API: test started suite=0 test=399 name="interop/_control/latest (reth_development)"
Sep 23 03:04:31.337 INF API: test ended suite=0 test=399 pass=false
Sep 23 03:04:31.338 INF API: test started suite=0 test=400 name="interop/_control/version (reth_development)"
Sep 23 03:04:31.339 INF API: test ended suite=0 test=400 pass=false
Sep 23 03:04:31.340 INF API: test started suite=0 test=401 name="interop/block-35 (reth_development)"
Sep 23 03:04:31.345 INF API: test ended suite=0 test=401 pass=false
Sep 23 03:04:31.345 INF API: test started suite=0 test=402 name="interop/block-36 (reth_development)"
Sep 23 03:04:31.350 INF API: test ended suite=0 test=402 pass=false
Sep 23 03:04:31.351 INF API: test started suite=0 test=403 name="interop/block-47 (reth_development)"
Sep 23 03:04:31.355 INF API: test ended suite=0 test=403 pass=false
Sep 23 03:04:31.355 INF API: test started suite=0 test=404 name="interop/block-48 (reth_development)"
Sep 23 03:04:31.357 INF API: test ended suite=0 test=404 pass=false
Sep 23 03:04:31.357 INF API: test started suite=0 test=405 name="interop/block-51 (reth_development)"
Sep 23 03:04:31.359 INF API: test ended suite=0 test=405 pass=false
Sep 23 03:04:31.360 INF API: test started suite=0 test=406 name="interop/block-52 (reth_development)"
Sep 23 03:04:31.361 INF API: test ended suite=0 test=406 pass=false
Sep 23 03:04:31.362 INF API: test started suite=0 test=407 name="interop/block-55 (reth_development)"
Sep 23 03:04:31.363 INF API: test ended suite=0 test=407 pass=false
Sep 23 03:04:31.364 INF API: test started suite=0 test=408 name="interop/block-56 (reth_development)"
Sep 23 03:04:31.365 INF API: test ended suite=0 test=408 pass=false
Sep 23 03:04:31.366 INF API: test started suite=0 test=409 name="interop/block-59 (reth_development)"
Sep 23 03:04:31.367 INF API: test ended suite=0 test=409 pass=false
Sep 23 03:04:31.368 INF API: test started suite=0 test=410 name="interop/block-60 (reth_development)"
Sep 23 03:04:31.370 INF API: test ended suite=0 test=410 pass=false
Sep 23 03:04:31.371 INF API: test started suite=0 test=411 name="interop/control-head (reth_development)"
Sep 23 03:04:31.373 INF API: test ended suite=0 test=411 pass=false
Sep 23 03:04:31.373 INF API: test started suite=0 test=412 name="interop/control-height (reth_development)"
Sep 23 03:04:31.376 INF API: test ended suite=0 test=412 pass=false
Sep 23 03:04:31.377 INF API: test started suite=0 test=413 name="interop/control-version (reth_development)"
Sep 23 03:04:31.378 INF API: test ended suite=0 test=413 pass=false
Sep 23 03:04:31.379 INF API: test started suite=0 test=414 name="interop/destroy-prestate-55 (reth_development)"
Sep 23 03:04:31.384 INF API: test ended suite=0 test=414 pass=false
Sep 23 03:04:31.385 INF API: test started suite=0 test=415 name="interop/destroy-prestate-56 (reth_development)"
Sep 23 03:04:31.387 INF API: test ended suite=0 test=415 pass=false
Sep 23 03:04:31.388 INF API: test started suite=0 test=416 name="interop/destroy-trace-55 (reth_development)"
Sep 23 03:04:31.391 INF API: test ended suite=0 test=416 pass=false
Sep 23 03:04:31.391 INF API: test started suite=0 test=417 name="interop/destroy-trace-56 (reth_development)"
Sep 23 03:04:31.393 INF API: test ended suite=0 test=417 pass=false
Sep 23 03:04:31.394 INF API: test started suite=0 test=418 name="interop/filter-35 (reth_development)"
Sep 23 03:04:31.396 INF API: test ended suite=0 test=418 pass=false
Sep 23 03:04:31.396 INF API: test started suite=0 test=419 name="interop/filter-36 (reth_development)"
Sep 23 03:04:31.399 INF API: test ended suite=0 test=419 pass=false
Sep 23 03:04:31.400 INF API: test started suite=0 test=420 name="interop/filter-47 (reth_development)"
Sep 23 03:04:31.401 INF API: test ended suite=0 test=420 pass=false
Sep 23 03:04:31.402 INF API: test started suite=0 test=421 name="interop/filter-48 (reth_development)"
Sep 23 03:04:31.404 INF API: test ended suite=0 test=421 pass=false
Sep 23 03:04:31.404 INF API: test started suite=0 test=422 name="interop/filter-51 (reth_development)"
Sep 23 03:04:31.406 INF API: test ended suite=0 test=422 pass=false
Sep 23 03:04:31.407 INF API: test started suite=0 test=423 name="interop/filter-52 (reth_development)"
Sep 23 03:04:31.409 INF API: test ended suite=0 test=423 pass=false
Sep 23 03:04:31.409 INF API: test started suite=0 test=424 name="interop/filter-55 (reth_development)"
Sep 23 03:04:31.410 INF API: test ended suite=0 test=424 pass=false
Sep 23 03:04:31.411 INF API: test started suite=0 test=425 name="interop/filter-56 (reth_development)"
Sep 23 03:04:31.413 INF API: test ended suite=0 test=425 pass=false
Sep 23 03:04:31.414 INF API: test started suite=0 test=426 name="interop/filter-59 (reth_development)"
Sep 23 03:04:31.416 INF API: test ended suite=0 test=426 pass=false
Sep 23 03:04:31.416 INF API: test started suite=0 test=427 name="interop/filter-60 (reth_development)"
Sep 23 03:04:31.418 INF API: test ended suite=0 test=427 pass=false
Sep 23 03:04:31.419 INF API: test started suite=0 test=428 name="interop/filter-across-36 (reth_development)"
Sep 23 03:04:31.421 INF API: test ended suite=0 test=428 pass=false
Sep 23 03:04:31.422 INF API: test started suite=0 test=429 name="interop/filter-across-48 (reth_development)"
Sep 23 03:04:31.424 INF API: test ended suite=0 test=429 pass=false
Sep 23 03:04:31.425 INF API: test started suite=0 test=430 name="interop/filter-across-52 (reth_development)"
Sep 23 03:04:31.427 INF API: test ended suite=0 test=430 pass=false
Sep 23 03:04:31.428 INF API: test started suite=0 test=431 name="interop/filter-across-56 (reth_development)"
Sep 23 03:04:31.429 INF API: test ended suite=0 test=431 pass=false
Sep 23 03:04:31.430 INF API: test started suite=0 test=432 name="interop/filter-across-60 (reth_development)"
Sep 23 03:04:31.432 INF API: test ended suite=0 test=432 pass=false
Sep 23 03:04:31.432 INF API: test started suite=0 test=433 name="interop/header-35 (reth_development)"
Sep 23 03:04:31.434 INF API: test ended suite=0 test=433 pass=false
Sep 23 03:04:31.434 INF API: test started suite=0 test=434 name="interop/header-36 (reth_development)"
Sep 23 03:04:31.436 INF API: test ended suite=0 test=434 pass=false
Sep 23 03:04:31.437 INF API: test started suite=0 test=435 name="interop/header-47 (reth_development)"
Sep 23 03:04:31.438 INF API: test ended suite=0 test=435 pass=false
Sep 23 03:04:31.439 INF API: test started suite=0 test=436 name="interop/header-48 (reth_development)"
Sep 23 03:04:31.440 INF API: test ended suite=0 test=436 pass=false
Sep 23 03:04:31.441 INF API: test started suite=0 test=437 name="interop/header-51 (reth_development)"
Sep 23 03:04:31.442 INF API: test ended suite=0 test=437 pass=false
Sep 23 03:04:31.443 INF API: test started suite=0 test=438 name="interop/header-52 (reth_development)"
Sep 23 03:04:31.444 INF API: test ended suite=0 test=438 pass=false
Sep 23 03:04:31.445 INF API: test started suite=0 test=439 name="interop/header-55 (reth_development)"
Sep 23 03:04:31.446 INF API: test ended suite=0 test=439 pass=false
Sep 23 03:04:31.447 INF API: test started suite=0 test=440 name="interop/header-56 (reth_development)"
Sep 23 03:04:31.448 INF API: test ended suite=0 test=440 pass=false
Sep 23 03:04:31.449 INF API: test started suite=0 test=441 name="interop/header-59 (reth_development)"
Sep 23 03:04:31.451 INF API: test ended suite=0 test=441 pass=false
Sep 23 03:04:31.451 INF API: test started suite=0 test=442 name="interop/header-60 (reth_development)"
Sep 23 03:04:31.453 INF API: test ended suite=0 test=442 pass=false
Sep 23 03:04:31.454 INF API: test started suite=0 test=443 name="interop/mcopy-prestate-55 (reth_development)"
Sep 23 03:04:31.455 INF API: test ended suite=0 test=443 pass=false
Sep 23 03:04:31.456 INF API: test started suite=0 test=444 name="interop/mcopy-prestate-56 (reth_development)"
Sep 23 03:04:31.457 INF API: test ended suite=0 test=444 pass=false
Sep 23 03:04:31.458 INF API: test started suite=0 test=445 name="interop/mcopy-trace-55 (reth_development)"
Sep 23 03:04:31.460 INF API: test ended suite=0 test=445 pass=false
Sep 23 03:04:31.461 INF API: test started suite=0 test=446 name="interop/mcopy-trace-56 (reth_development)"
Sep 23 03:04:31.463 INF API: test ended suite=0 test=446 pass=false
Sep 23 03:04:31.463 INF API: test started suite=0 test=447 name="interop/replay-35 (reth_development)"
Sep 23 03:04:31.465 INF API: test ended suite=0 test=447 pass=false
Sep 23 03:04:31.466 INF API: test started suite=0 test=448 name="interop/replay-36 (reth_development)"
Sep 23 03:04:31.468 INF API: test ended suite=0 test=448 pass=false
Sep 23 03:04:31.469 INF API: test started suite=0 test=449 name="interop/replay-47 (reth_development)"
Sep 23 03:04:31.470 INF API: test ended suite=0 test=449 pass=false
Sep 23 03:04:31.471 INF API: test started suite=0 test=450 name="interop/replay-48 (reth_development)"
Sep 23 03:04:31.473 INF API: test ended suite=0 test=450 pass=false
Sep 23 03:04:31.474 INF API: test started suite=0 test=451 name="interop/replay-51 (reth_development)"
Sep 23 03:04:31.477 INF API: test ended suite=0 test=451 pass=false
Sep 23 03:04:31.477 INF API: test started suite=0 test=452 name="interop/replay-52 (reth_development)"
Sep 23 03:04:31.479 INF API: test ended suite=0 test=452 pass=false
Sep 23 03:04:31.480 INF API: test started suite=0 test=453 name="interop/replay-55 (reth_development)"
Sep 23 03:04:31.481 INF API: test ended suite=0 test=453 pass=false
Sep 23 03:04:31.482 INF API: test started suite=0 test=454 name="interop/replay-56 (reth_development)"
Sep 23 03:04:31.483 INF API: test ended suite=0 test=454 pass=false
Sep 23 03:04:31.484 INF API: test started suite=0 test=455 name="interop/replay-59 (reth_development)"
Sep 23 03:04:31.486 INF API: test ended suite=0 test=455 pass=false
Sep 23 03:04:31.486 INF API: test started suite=0 test=456 name="interop/replay-60 (reth_development)"
Sep 23 03:04:31.488 INF API: test ended suite=0 test=456 pass=false
Sep 23 03:04:31.489 INF API: test started suite=0 test=457 name="interop/system-beacon-55-560 (reth_development)"
Sep 23 03:04:31.490 INF API: test ended suite=0 test=457 pass=false
Sep 23 03:04:31.491 INF API: test started suite=0 test=458 name="interop/system-beacon-55-8751 (reth_development)"
Sep 23 03:04:31.492 INF API: test ended suite=0 test=458 pass=false
Sep 23 03:04:31.493 INF API: test started suite=0 test=459 name="interop/system-beacon-56-560 (reth_development)"
Sep 23 03:04:31.494 INF API: test ended suite=0 test=459 pass=false
Sep 23 03:04:31.495 INF API: test started suite=0 test=460 name="interop/system-beacon-56-8751 (reth_development)"
Sep 23 03:04:31.496 INF API: test ended suite=0 test=460 pass=false
Sep 23 03:04:31.497 INF API: test started suite=0 test=461 name="interop/system-beacon-57-560 (reth_development)"
Sep 23 03:04:31.498 INF API: test ended suite=0 test=461 pass=false
Sep 23 03:04:31.499 INF API: test started suite=0 test=462 name="interop/system-beacon-57-8751 (reth_development)"
Sep 23 03:04:31.500 INF API: test ended suite=0 test=462 pass=false
Sep 23 03:04:31.902 INF API: test ended suite=0 test=397 pass=true
Sep 23 03:04:31.905 INF API: test started suite=0 test=463 name="client launch (reth_release)"
Sep 23 03:04:34.280 INF API: client reth_release started suite=0 test=463 container=95c73c0a
Sep 23 03:04:34.291 INF API: test started suite=0 test=464 name="interop/_control/head (reth_release)"
Sep 23 03:04:34.293 INF API: test ended suite=0 test=464 pass=false
Sep 23 03:04:34.294 INF API: test started suite=0 test=465 name="interop/_control/latest (reth_release)"
Sep 23 03:04:34.296 INF API: test ended suite=0 test=465 pass=false
Sep 23 03:04:34.297 INF API: test started suite=0 test=466 name="interop/_control/version (reth_release)"
Sep 23 03:04:34.298 INF API: test ended suite=0 test=466 pass=false
Sep 23 03:04:34.299 INF API: test started suite=0 test=467 name="interop/block-35 (reth_release)"
Sep 23 03:04:34.301 INF API: test ended suite=0 test=467 pass=false
Sep 23 03:04:34.302 INF API: test started suite=0 test=468 name="interop/block-36 (reth_release)"
Sep 23 03:04:34.306 INF API: test ended suite=0 test=468 pass=false
Sep 23 03:04:34.307 INF API: test started suite=0 test=469 name="interop/block-47 (reth_release)"
Sep 23 03:04:34.311 INF API: test ended suite=0 test=469 pass=false
Sep 23 03:04:34.312 INF API: test started suite=0 test=470 name="interop/block-48 (reth_release)"
Sep 23 03:04:34.314 INF API: test ended suite=0 test=470 pass=false
Sep 23 03:04:34.315 INF API: test started suite=0 test=471 name="interop/block-51 (reth_release)"
Sep 23 03:04:34.317 INF API: test ended suite=0 test=471 pass=false
Sep 23 03:04:34.318 INF API: test started suite=0 test=472 name="interop/block-52 (reth_release)"
Sep 23 03:04:34.319 INF API: test ended suite=0 test=472 pass=false
Sep 23 03:04:34.320 INF API: test started suite=0 test=473 name="interop/block-55 (reth_release)"
Sep 23 03:04:34.321 INF API: test ended suite=0 test=473 pass=false
Sep 23 03:04:34.322 INF API: test started suite=0 test=474 name="interop/block-56 (reth_release)"
Sep 23 03:04:34.323 INF API: test ended suite=0 test=474 pass=false
Sep 23 03:04:34.324 INF API: test started suite=0 test=475 name="interop/block-59 (reth_release)"
Sep 23 03:04:34.326 INF API: test ended suite=0 test=475 pass=false
Sep 23 03:04:34.327 INF API: test started suite=0 test=476 name="interop/block-60 (reth_release)"
Sep 23 03:04:34.329 INF API: test ended suite=0 test=476 pass=false
Sep 23 03:04:34.330 INF API: test started suite=0 test=477 name="interop/control-head (reth_release)"
Sep 23 03:04:34.331 INF API: test ended suite=0 test=477 pass=false
Sep 23 03:04:34.332 INF API: test started suite=0 test=478 name="interop/control-height (reth_release)"
Sep 23 03:04:34.333 INF API: test ended suite=0 test=478 pass=false
Sep 23 03:04:34.334 INF API: test started suite=0 test=479 name="interop/control-version (reth_release)"
Sep 23 03:04:34.335 INF API: test ended suite=0 test=479 pass=false
Sep 23 03:04:34.336 INF API: test started suite=0 test=480 name="interop/destroy-prestate-55 (reth_release)"
Sep 23 03:04:34.338 INF API: test ended suite=0 test=480 pass=false
Sep 23 03:04:34.339 INF API: test started suite=0 test=481 name="interop/destroy-prestate-56 (reth_release)"
Sep 23 03:04:34.340 INF API: test ended suite=0 test=481 pass=false
Sep 23 03:04:34.341 INF API: test started suite=0 test=482 name="interop/destroy-trace-55 (reth_release)"
Sep 23 03:04:34.343 INF API: test ended suite=0 test=482 pass=false
Sep 23 03:04:34.344 INF API: test started suite=0 test=483 name="interop/destroy-trace-56 (reth_release)"
Sep 23 03:04:34.345 INF API: test ended suite=0 test=483 pass=false
Sep 23 03:04:34.346 INF API: test started suite=0 test=484 name="interop/filter-35 (reth_release)"
Sep 23 03:04:34.348 INF API: test ended suite=0 test=484 pass=false
Sep 23 03:04:34.349 INF API: test started suite=0 test=485 name="interop/filter-36 (reth_release)"
Sep 23 03:04:34.351 INF API: test ended suite=0 test=485 pass=false
Sep 23 03:04:34.352 INF API: test started suite=0 test=486 name="interop/filter-47 (reth_release)"
Sep 23 03:04:34.353 INF API: test ended suite=0 test=486 pass=false
Sep 23 03:04:34.354 INF API: test started suite=0 test=487 name="interop/filter-48 (reth_release)"
Sep 23 03:04:34.356 INF API: test ended suite=0 test=487 pass=false
Sep 23 03:04:34.356 INF API: test started suite=0 test=488 name="interop/filter-51 (reth_release)"
Sep 23 03:04:34.358 INF API: test ended suite=0 test=488 pass=false
Sep 23 03:04:34.359 INF API: test started suite=0 test=489 name="interop/filter-52 (reth_release)"
Sep 23 03:04:34.360 INF API: test ended suite=0 test=489 pass=false
Sep 23 03:04:34.361 INF API: test started suite=0 test=490 name="interop/filter-55 (reth_release)"
Sep 23 03:04:34.365 INF API: test ended suite=0 test=490 pass=false
Sep 23 03:04:34.366 INF API: test started suite=0 test=491 name="interop/filter-56 (reth_release)"
Sep 23 03:04:34.367 INF API: test ended suite=0 test=491 pass=false
Sep 23 03:04:34.368 INF API: test started suite=0 test=492 name="interop/filter-59 (reth_release)"
Sep 23 03:04:34.369 INF API: test ended suite=0 test=492 pass=false
Sep 23 03:04:34.370 INF API: test started suite=0 test=493 name="interop/filter-60 (reth_release)"
Sep 23 03:04:34.371 INF API: test ended suite=0 test=493 pass=false
Sep 23 03:04:34.372 INF API: test started suite=0 test=494 name="interop/filter-across-36 (reth_release)"
Sep 23 03:04:34.375 INF API: test ended suite=0 test=494 pass=false
Sep 23 03:04:34.375 INF API: test started suite=0 test=495 name="interop/filter-across-48 (reth_release)"
Sep 23 03:04:34.378 INF API: test ended suite=0 test=495 pass=false
Sep 23 03:04:34.378 INF API: test started suite=0 test=496 name="interop/filter-across-52 (reth_release)"
Sep 23 03:04:34.380 INF API: test ended suite=0 test=496 pass=false
Sep 23 03:04:34.381 INF API: test started suite=0 test=497 name="interop/filter-across-56 (reth_release)"
Sep 23 03:04:34.383 INF API: test ended suite=0 test=497 pass=false
Sep 23 03:04:34.383 INF API: test started suite=0 test=498 name="interop/filter-across-60 (reth_release)"
Sep 23 03:04:34.385 INF API: test ended suite=0 test=498 pass=false
Sep 23 03:04:34.386 INF API: test started suite=0 test=499 name="interop/header-35 (reth_release)"
Sep 23 03:04:34.387 INF API: test ended suite=0 test=499 pass=false
Sep 23 03:04:34.388 INF API: test started suite=0 test=500 name="interop/header-36 (reth_release)"
Sep 23 03:04:34.389 INF API: test ended suite=0 test=500 pass=false
Sep 23 03:04:34.390 INF API: test started suite=0 test=501 name="interop/header-47 (reth_release)"
Sep 23 03:04:34.392 INF API: test ended suite=0 test=501 pass=false
Sep 23 03:04:34.392 INF API: test started suite=0 test=502 name="interop/header-48 (reth_release)"
Sep 23 03:04:34.394 INF API: test ended suite=0 test=502 pass=false
Sep 23 03:04:34.395 INF API: test started suite=0 test=503 name="interop/header-51 (reth_release)"
Sep 23 03:04:34.396 INF API: test ended suite=0 test=503 pass=false
Sep 23 03:04:34.397 INF API: test started suite=0 test=504 name="interop/header-52 (reth_release)"
Sep 23 03:04:34.399 INF API: test ended suite=0 test=504 pass=false
Sep 23 03:04:34.399 INF API: test started suite=0 test=505 name="interop/header-55 (reth_release)"
Sep 23 03:04:34.401 INF API: test ended suite=0 test=505 pass=false
Sep 23 03:04:34.401 INF API: test started suite=0 test=506 name="interop/header-56 (reth_release)"
Sep 23 03:04:34.403 INF API: test ended suite=0 test=506 pass=false
Sep 23 03:04:34.404 INF API: test started suite=0 test=507 name="interop/header-59 (reth_release)"
Sep 23 03:04:34.405 INF API: test ended suite=0 test=507 pass=false
Sep 23 03:04:34.406 INF API: test started suite=0 test=508 name="interop/header-60 (reth_release)"
Sep 23 03:04:34.407 INF API: test ended suite=0 test=508 pass=false
Sep 23 03:04:34.408 INF API: test started suite=0 test=509 name="interop/mcopy-prestate-55 (reth_release)"
Sep 23 03:04:34.410 INF API: test ended suite=0 test=509 pass=false
Sep 23 03:04:34.410 INF API: test started suite=0 test=510 name="interop/mcopy-prestate-56 (reth_release)"
Sep 23 03:04:34.412 INF API: test ended suite=0 test=510 pass=false
Sep 23 03:04:34.413 INF API: test started suite=0 test=511 name="interop/mcopy-trace-55 (reth_release)"
Sep 23 03:04:34.415 INF API: test ended suite=0 test=511 pass=false
Sep 23 03:04:34.415 INF API: test started suite=0 test=512 name="interop/mcopy-trace-56 (reth_release)"
Sep 23 03:04:34.417 INF API: test ended suite=0 test=512 pass=false
Sep 23 03:04:34.418 INF API: test started suite=0 test=513 name="interop/replay-35 (reth_release)"
Sep 23 03:04:34.422 INF API: test ended suite=0 test=513 pass=false
Sep 23 03:04:34.423 INF API: test started suite=0 test=514 name="interop/replay-36 (reth_release)"
Sep 23 03:04:34.425 INF API: test ended suite=0 test=514 pass=false
Sep 23 03:04:34.426 INF API: test started suite=0 test=515 name="interop/replay-47 (reth_release)"
Sep 23 03:04:34.428 INF API: test ended suite=0 test=515 pass=false
Sep 23 03:04:34.429 INF API: test started suite=0 test=516 name="interop/replay-48 (reth_release)"
Sep 23 03:04:34.431 INF API: test ended suite=0 test=516 pass=false
Sep 23 03:04:34.432 INF API: test started suite=0 test=517 name="interop/replay-51 (reth_release)"
Sep 23 03:04:34.434 INF API: test ended suite=0 test=517 pass=false
Sep 23 03:04:34.435 INF API: test started suite=0 test=518 name="interop/replay-52 (reth_release)"
Sep 23 03:04:34.437 INF API: test ended suite=0 test=518 pass=false
Sep 23 03:04:34.438 INF API: test started suite=0 test=519 name="interop/replay-55 (reth_release)"
Sep 23 03:04:34.439 INF API: test ended suite=0 test=519 pass=false
Sep 23 03:04:34.440 INF API: test started suite=0 test=520 name="interop/replay-56 (reth_release)"
Sep 23 03:04:34.442 INF API: test ended suite=0 test=520 pass=false
Sep 23 03:04:34.443 INF API: test started suite=0 test=521 name="interop/replay-59 (reth_release)"
Sep 23 03:04:34.444 INF API: test ended suite=0 test=521 pass=false
Sep 23 03:04:34.445 INF API: test started suite=0 test=522 name="interop/replay-60 (reth_release)"
Sep 23 03:04:34.448 INF API: test ended suite=0 test=522 pass=false
Sep 23 03:04:34.449 INF API: test started suite=0 test=523 name="interop/system-beacon-55-560 (reth_release)"
Sep 23 03:04:34.450 INF API: test ended suite=0 test=523 pass=false
Sep 23 03:04:34.451 INF API: test started suite=0 test=524 name="interop/system-beacon-55-8751 (reth_release)"
Sep 23 03:04:34.452 INF API: test ended suite=0 test=524 pass=false
Sep 23 03:04:34.453 INF API: test started suite=0 test=525 name="interop/system-beacon-56-560 (reth_release)"
Sep 23 03:04:34.454 INF API: test ended suite=0 test=525 pass=false
Sep 23 03:04:34.455 INF API: test started suite=0 test=526 name="interop/system-beacon-56-8751 (reth_release)"
Sep 23 03:04:34.456 INF API: test ended suite=0 test=526 pass=false
Sep 23 03:04:34.457 INF API: test started suite=0 test=527 name="interop/system-beacon-57-560 (reth_release)"
Sep 23 03:04:34.458 INF API: test ended suite=0 test=527 pass=false
Sep 23 03:04:34.459 INF API: test started suite=0 test=528 name="interop/system-beacon-57-8751 (reth_release)"
Sep 23 03:04:34.460 INF API: test ended suite=0 test=528 pass=false
Sep 23 03:04:34.788 INF API: test ended suite=0 test=463 pass=true
Sep 23 03:04:34.798 INF API: suite ended suite=0
Sep 23 03:04:35.662 INF simulation ethereum/rpc-compat finished suites=1 tests=528 failed=520
520 tests failed
