Sep 21 22:19:11.523 INF building image image=hive/hiveproxy nocache=false pull=false
Sep 21 22:19:11.550 INF building 1 clients...
Sep 21 22:19:11.550 INF building image image=hive/clients/go-ethereum_trace:latest dir=clients/go-ethereum nocache=false pull=false baseimage=trace-interop/go-ethereum tag=0f2c4e64ecec547a21e80058275d6c7072918c37947fdf36fe1893ba47abec2e
Sep 21 22:19:11.583 INF building 1 simulators...
Sep 21 22:19:11.584 INF building image image=hive/simulators/ethereum/rpc-compat:latest dir=simulators/ethereum/rpc-compat nocache=false pull=false
Sep 21 22:19:11.611 INF creating output directory folder=/home/banteg/dev/trace-interop/runs/geth-e29edff-repeat/hive
Sep 21 22:19:11.619 INF running simulation: ethereum/rpc-compat
Sep 21 22:19:11.762 INF hiveproxy started container=f1161020ded8 addr=172.17.0.2:8081
Sep 21 22:19:11.938 INF API: suite started suite=0 name=rpc-compat
Sep 21 22:19:11.939 INF API: test started suite=0 test=1 name="client launch (go-ethereum_trace)"
Sep 21 22:19:13.117 INF API: client go-ethereum_trace started suite=0 test=1 container=c5e9876c
Sep 21 22:19:13.125 INF API: test started suite=0 test=2 name="interop/_control/head (go-ethereum_trace)"
Sep 21 22:19:13.129 INF API: test ended suite=0 test=2 pass=false
Sep 21 22:19:13.130 INF API: test started suite=0 test=3 name="interop/_control/version (go-ethereum_trace)"
Sep 21 22:19:13.132 INF API: test ended suite=0 test=3 pass=false
Sep 21 22:19:13.133 INF API: test started suite=0 test=4 name="interop/auth-clear (go-ethereum_trace)"
Sep 21 22:19:13.137 INF API: test ended suite=0 test=4 pass=false
Sep 21 22:19:13.137 INF API: test started suite=0 test=5 name="interop/auth-set-revert (go-ethereum_trace)"
Sep 21 22:19:13.143 INF API: test ended suite=0 test=5 pass=false
Sep 21 22:19:13.144 INF API: test started suite=0 test=6 name="interop/call-gas7400 (go-ethereum_trace)"
Sep 21 22:19:13.154 INF API: test ended suite=0 test=6 pass=false
Sep 21 22:19:13.155 INF API: test started suite=0 test=7 name="interop/call-mcopy (go-ethereum_trace)"
Sep 21 22:19:13.159 INF API: test ended suite=0 test=7 pass=false
Sep 21 22:19:13.160 INF API: test started suite=0 test=8 name="interop/call-mixed-create (go-ethereum_trace)"
Sep 21 22:19:13.164 INF API: test ended suite=0 test=8 pass=false
Sep 21 22:19:13.165 INF API: test started suite=0 test=9 name="interop/call-return42 (go-ethereum_trace)"
Sep 21 22:19:13.169 INF API: test ended suite=0 test=9 pass=false
Sep 21 22:19:13.170 INF API: test started suite=0 test=10 name="interop/call-siblings-revert-ok (go-ethereum_trace)"
Sep 21 22:19:13.174 INF API: test ended suite=0 test=10 pass=false
Sep 21 22:19:13.174 INF API: test started suite=0 test=11 name="interop/constructor (go-ethereum_trace)"
Sep 21 22:19:13.178 INF API: test ended suite=0 test=11 pass=false
Sep 21 22:19:13.179 INF API: test started suite=0 test=12 name="interop/control-code-gas7400 (go-ethereum_trace)"
Sep 21 22:19:13.181 INF API: test ended suite=0 test=12 pass=false
Sep 21 22:19:13.182 INF API: test started suite=0 test=13 name="interop/control-code-siblings-revert-ok (go-ethereum_trace)"
Sep 21 22:19:13.185 INF API: test ended suite=0 test=13 pass=false
Sep 21 22:19:13.186 INF API: test started suite=0 test=14 name="interop/control-head (go-ethereum_trace)"
Sep 21 22:19:13.189 INF API: test ended suite=0 test=14 pass=false
Sep 21 22:19:13.190 INF API: test started suite=0 test=15 name="interop/control-height (go-ethereum_trace)"
Sep 21 22:19:13.193 INF API: test ended suite=0 test=15 pass=false
Sep 21 22:19:13.194 INF API: test started suite=0 test=16 name="interop/debug-gas7400-opcodes (go-ethereum_trace)"
Sep 21 22:19:13.197 INF API: test ended suite=0 test=16 pass=false
Sep 21 22:19:13.198 INF API: test started suite=0 test=17 name="interop/debug-mixed-create (go-ethereum_trace)"
Sep 21 22:19:13.201 INF API: test ended suite=0 test=17 pass=false
Sep 21 22:19:13.202 INF API: test started suite=0 test=18 name="interop/debug-siblings-revert-ok (go-ethereum_trace)"
Sep 21 22:19:13.205 INF API: test ended suite=0 test=18 pass=false
Sep 21 22:19:13.206 INF API: test started suite=0 test=19 name="interop/many-storage-write-revert-read (go-ethereum_trace)"
Sep 21 22:19:13.210 INF API: test ended suite=0 test=19 pass=false
Sep 21 22:19:13.211 INF API: test started suite=0 test=20 name="interop/raw-below-basefee-stateDiff (go-ethereum_trace)"
Sep 21 22:19:13.213 INF API: test ended suite=0 test=20 pass=false
Sep 21 22:19:13.214 INF API: test started suite=0 test=21 name="interop/raw-below-basefee-trace (go-ethereum_trace)"
Sep 21 22:19:13.216 INF API: test ended suite=0 test=21 pass=false
Sep 21 22:19:13.217 INF API: test started suite=0 test=22 name="interop/raw-below-basefee-vmTrace (go-ethereum_trace)"
Sep 21 22:19:13.219 INF API: test ended suite=0 test=22 pass=false
Sep 21 22:19:13.220 INF API: test started suite=0 test=23 name="interop/raw-below-basefee (go-ethereum_trace)"
Sep 21 22:19:13.224 INF API: test ended suite=0 test=23 pass=false
Sep 21 22:19:13.226 INF API: test started suite=0 test=24 name="interop/raw-insufficient-funds-stateDiff (go-ethereum_trace)"
Sep 21 22:19:13.230 INF API: test ended suite=0 test=24 pass=false
Sep 21 22:19:13.230 INF API: test started suite=0 test=25 name="interop/raw-insufficient-funds-trace (go-ethereum_trace)"
Sep 21 22:19:13.233 INF API: test ended suite=0 test=25 pass=false
Sep 21 22:19:13.234 INF API: test started suite=0 test=26 name="interop/raw-insufficient-funds-vmTrace (go-ethereum_trace)"
Sep 21 22:19:13.236 INF API: test ended suite=0 test=26 pass=false
Sep 21 22:19:13.237 INF API: test started suite=0 test=27 name="interop/raw-insufficient-funds (go-ethereum_trace)"
Sep 21 22:19:13.240 INF API: test ended suite=0 test=27 pass=false
Sep 21 22:19:13.241 INF API: test started suite=0 test=28 name="interop/raw-low-gas-stateDiff (go-ethereum_trace)"
Sep 21 22:19:13.245 INF API: test ended suite=0 test=28 pass=false
Sep 21 22:19:13.246 INF API: test started suite=0 test=29 name="interop/raw-low-gas-trace (go-ethereum_trace)"
Sep 21 22:19:13.248 INF API: test ended suite=0 test=29 pass=false
Sep 21 22:19:13.249 INF API: test started suite=0 test=30 name="interop/raw-low-gas-vmTrace (go-ethereum_trace)"
Sep 21 22:19:13.251 INF API: test ended suite=0 test=30 pass=false
Sep 21 22:19:13.252 INF API: test started suite=0 test=31 name="interop/raw-low-gas (go-ethereum_trace)"
Sep 21 22:19:13.255 INF API: test ended suite=0 test=31 pass=false
Sep 21 22:19:13.256 INF API: test started suite=0 test=32 name="interop/raw-nonce-high-stateDiff (go-ethereum_trace)"
Sep 21 22:19:13.258 INF API: test ended suite=0 test=32 pass=false
Sep 21 22:19:13.259 INF API: test started suite=0 test=33 name="interop/raw-nonce-high-trace (go-ethereum_trace)"
Sep 21 22:19:13.261 INF API: test ended suite=0 test=33 pass=false
Sep 21 22:19:13.262 INF API: test started suite=0 test=34 name="interop/raw-nonce-high-vmTrace (go-ethereum_trace)"
Sep 21 22:19:13.263 INF API: test ended suite=0 test=34 pass=false
Sep 21 22:19:13.264 INF API: test started suite=0 test=35 name="interop/raw-nonce-high (go-ethereum_trace)"
Sep 21 22:19:13.266 INF API: test ended suite=0 test=35 pass=false
Sep 21 22:19:13.267 INF API: test started suite=0 test=36 name="interop/raw-valid-stateDiff (go-ethereum_trace)"
Sep 21 22:19:13.269 INF API: test ended suite=0 test=36 pass=false
Sep 21 22:19:13.270 INF API: test started suite=0 test=37 name="interop/raw-valid-trace (go-ethereum_trace)"
Sep 21 22:19:13.274 INF API: test ended suite=0 test=37 pass=false
Sep 21 22:19:13.274 INF API: test started suite=0 test=38 name="interop/raw-valid-vmTrace (go-ethereum_trace)"
Sep 21 22:19:13.278 INF API: test ended suite=0 test=38 pass=false
Sep 21 22:19:13.279 INF API: test started suite=0 test=39 name="interop/raw-valid (go-ethereum_trace)"
Sep 21 22:19:13.282 INF API: test ended suite=0 test=39 pass=false
Sep 21 22:19:13.283 INF API: test started suite=0 test=40 name="interop/raw-wrong-chain-stateDiff (go-ethereum_trace)"
Sep 21 22:19:13.285 INF API: test ended suite=0 test=40 pass=false
Sep 21 22:19:13.286 INF API: test started suite=0 test=41 name="interop/raw-wrong-chain-trace (go-ethereum_trace)"
Sep 21 22:19:13.288 INF API: test ended suite=0 test=41 pass=false
Sep 21 22:19:13.288 INF API: test started suite=0 test=42 name="interop/raw-wrong-chain-vmTrace (go-ethereum_trace)"
Sep 21 22:19:13.290 INF API: test ended suite=0 test=42 pass=false
Sep 21 22:19:13.291 INF API: test started suite=0 test=43 name="interop/raw-wrong-chain (go-ethereum_trace)"
Sep 21 22:19:13.294 INF API: test ended suite=0 test=43 pass=false
Sep 21 22:19:13.294 INF API: test started suite=0 test=44 name="interop/state-only-nonempty-output (go-ethereum_trace)"
Sep 21 22:19:13.297 INF API: test ended suite=0 test=44 pass=false
Sep 21 22:19:13.451 INF API: test ended suite=0 test=1 pass=true
Sep 21 22:19:13.460 INF API: suite ended suite=0
Sep 21 22:19:13.715 INF simulation ethereum/rpc-compat finished suites=1 tests=44 failed=43
43 tests failed
