Sep 24 23:04:44.744 INF building image image=hive/hiveproxy nocache=false pull=false
Sep 24 23:04:44.829 INF building 9 clients...
Sep 24 23:04:44.829 INF building image image=hive/clients/besu_development:latest dir=clients/besu nocache=false pull=false baseimage=trace-interop/besu tag=08ff27ec6642686495169a70672d126ad494b48d3152537529a0628d7841b46c
Sep 24 23:04:44.961 INF building image image=hive/clients/besu_release:latest dir=clients/besu nocache=false pull=false baseimage=trace-interop/besu tag=f3713c713ca4f9e89c09e1478d2a85116ba9ce8343129d709420ba2af009598b
Sep 24 23:04:45.101 INF building image image=hive/clients/erigon_development:latest dir=clients/erigon nocache=false pull=false baseimage=trace-interop/erigon tag=96ed3bf9e6103fa7348e8223f07becfaf1d19b43fb66524f295bdb83e12dbee5
Sep 24 23:04:45.242 INF building image image=hive/clients/erigon_release:latest dir=clients/erigon nocache=false pull=false baseimage=trace-interop/erigon tag=8668d9c5adc01ad1d12aa25380e384079080bdde7e0ce93f11bed422d82ca0ac
Sep 24 23:04:45.385 INF building image image=hive/clients/go-ethereum_trace:latest dir=clients/go-ethereum nocache=false pull=false baseimage=trace-interop/go-ethereum tag=06c86d469c85929160da6503691f9971d03cf659495075282b81f8919c86f97c
Sep 24 23:04:45.555 INF building image image=hive/clients/nethermind_development:latest dir=clients/nethermind nocache=false pull=false baseimage=trace-interop/nethermind tag=9a73261ff8a3adbf940d822db3557cedadd5702cd98862b875d8645f9db6302a
Sep 24 23:04:45.706 INF building image image=hive/clients/nethermind_release:latest dir=clients/nethermind nocache=false pull=false baseimage=trace-interop/nethermind tag=d6b98371fce49848629f4841a9ef2cfc416c90ee187bc82291e97ca77cb108e4
Sep 24 23:04:45.881 INF building image image=hive/clients/reth_development:latest dir=clients/reth nocache=false pull=false baseimage=trace-interop/reth tag=935f179789c1d4fc921c181a4fa21f3262e5d0509061ddbad4398b37db3f33bf
Sep 24 23:04:46.021 INF building image image=hive/clients/reth_release:latest dir=clients/reth nocache=false pull=false baseimage=trace-interop/reth tag=e939dc4a471d9d27224e430f607a954d692ca5037a1350ee2036397d14532ca7
Sep 24 23:04:46.179 INF building 1 simulators...
Sep 24 23:04:46.179 INF building image image=hive/simulators/ethereum/rpc-compat:latest dir=simulators/ethereum/rpc-compat nocache=false pull=false
Sep 24 23:04:46.265 INF creating output directory folder=/home/banteg/dev/trace-adopted-20260924/evidence/2026-09-24/adopted-stances/callmany-isolation/hive
Sep 24 23:04:46.277 INF running simulation: ethereum/rpc-compat
Sep 24 23:04:46.617 INF hiveproxy started container=431a8f9a2879 addr=172.17.0.2:8081
Sep 24 23:04:46.994 INF API: suite started suite=0 name=rpc-compat
Sep 24 23:04:46.996 INF API: test started suite=0 test=1 name="client launch (besu_development)"
Sep 24 23:04:55.739 INF API: client besu_development started suite=0 test=1 container=635b94d7
Sep 24 23:04:55.979 INF API: test started suite=0 test=2 name="interop/_control/head (besu_development)"
Sep 24 23:04:56.000 INF API: test ended suite=0 test=2 pass=false
Sep 24 23:04:56.002 INF API: test started suite=0 test=3 name="interop/_control/latest (besu_development)"
Sep 24 23:04:56.021 INF API: test ended suite=0 test=3 pass=false
Sep 24 23:04:56.022 INF API: test started suite=0 test=4 name="interop/_control/version (besu_development)"
Sep 24 23:04:56.034 INF API: test ended suite=0 test=4 pass=false
Sep 24 23:04:56.039 INF API: test started suite=0 test=5 name="interop/before/code (besu_development)"
Sep 24 23:04:56.062 INF API: test ended suite=0 test=5 pass=false
Sep 24 23:04:56.063 INF API: test started suite=0 test=6 name="interop/before/control-nonce (besu_development)"
Sep 24 23:04:56.095 INF API: test ended suite=0 test=6 pass=false
Sep 24 23:04:56.096 INF API: test started suite=0 test=7 name="interop/before/storage (besu_development)"
Sep 24 23:04:56.124 INF API: test ended suite=0 test=7 pass=false
Sep 24 23:04:56.127 INF API: test started suite=0 test=8 name="interop/write-read/many-storage-write-read (besu_development)"
Sep 24 23:04:56.215 INF API: test ended suite=0 test=8 pass=false
Sep 24 23:04:56.217 INF API: test started suite=0 test=9 name="interop/after-write-read/storage (besu_development)"
Sep 24 23:04:56.229 INF API: test ended suite=0 test=9 pass=false
Sep 24 23:04:56.231 INF API: test started suite=0 test=10 name="interop/write-revert-read/many-storage-write-revert-read (besu_development)"
Sep 24 23:04:56.252 INF API: test ended suite=0 test=10 pass=false
Sep 24 23:04:56.254 INF API: test started suite=0 test=11 name="interop/after-write-revert-read/storage (besu_development)"
Sep 24 23:04:56.261 INF API: test ended suite=0 test=11 pass=false
Sep 24 23:04:56.565 INF API: test ended suite=0 test=1 pass=true
Sep 24 23:04:56.566 INF API: test started suite=0 test=12 name="client launch (besu_release)"
Sep 24 23:05:05.997 INF API: client besu_release started suite=0 test=12 container=abd5288f
Sep 24 23:05:06.281 INF API: test started suite=0 test=13 name="interop/_control/head (besu_release)"
Sep 24 23:05:06.297 INF API: test ended suite=0 test=13 pass=false
Sep 24 23:05:06.298 INF API: test started suite=0 test=14 name="interop/_control/latest (besu_release)"
Sep 24 23:05:06.304 INF API: test ended suite=0 test=14 pass=false
Sep 24 23:05:06.305 INF API: test started suite=0 test=15 name="interop/_control/version (besu_release)"
Sep 24 23:05:06.309 INF API: test ended suite=0 test=15 pass=false
Sep 24 23:05:06.311 INF API: test started suite=0 test=16 name="interop/before/code (besu_release)"
Sep 24 23:05:06.320 INF API: test ended suite=0 test=16 pass=false
Sep 24 23:05:06.322 INF API: test started suite=0 test=17 name="interop/before/control-nonce (besu_release)"
Sep 24 23:05:06.327 INF API: test ended suite=0 test=17 pass=false
Sep 24 23:05:06.328 INF API: test started suite=0 test=18 name="interop/before/storage (besu_release)"
Sep 24 23:05:06.338 INF API: test ended suite=0 test=18 pass=false
Sep 24 23:05:06.339 INF API: test started suite=0 test=19 name="interop/write-read/many-storage-write-read (besu_release)"
Sep 24 23:05:06.413 INF API: test ended suite=0 test=19 pass=false
Sep 24 23:05:06.414 INF API: test started suite=0 test=20 name="interop/after-write-read/storage (besu_release)"
Sep 24 23:05:06.420 INF API: test ended suite=0 test=20 pass=false
Sep 24 23:05:06.421 INF API: test started suite=0 test=21 name="interop/write-revert-read/many-storage-write-revert-read (besu_release)"
Sep 24 23:05:06.434 INF API: test ended suite=0 test=21 pass=false
Sep 24 23:05:06.435 INF API: test started suite=0 test=22 name="interop/after-write-revert-read/storage (besu_release)"
Sep 24 23:05:06.441 INF API: test ended suite=0 test=22 pass=false
Sep 24 23:05:07.112 INF API: test ended suite=0 test=12 pass=true
Sep 24 23:05:07.113 INF API: test started suite=0 test=23 name="client launch (erigon_development)"
Sep 24 23:05:08.827 INF API: client erigon_development started suite=0 test=23 container=6ad8ef69
Sep 24 23:05:08.842 INF API: test started suite=0 test=24 name="interop/_control/head (erigon_development)"
Sep 24 23:05:08.844 INF API: test ended suite=0 test=24 pass=false
Sep 24 23:05:08.846 INF API: test started suite=0 test=25 name="interop/_control/latest (erigon_development)"
Sep 24 23:05:08.847 INF API: test ended suite=0 test=25 pass=false
Sep 24 23:05:08.848 INF API: test started suite=0 test=26 name="interop/_control/version (erigon_development)"
Sep 24 23:05:08.849 INF API: test ended suite=0 test=26 pass=false
Sep 24 23:05:08.850 INF API: test started suite=0 test=27 name="interop/before/code (erigon_development)"
Sep 24 23:05:08.851 INF API: test ended suite=0 test=27 pass=false
Sep 24 23:05:08.851 INF API: test started suite=0 test=28 name="interop/before/control-nonce (erigon_development)"
Sep 24 23:05:08.853 INF API: test ended suite=0 test=28 pass=false
Sep 24 23:05:08.853 INF API: test started suite=0 test=29 name="interop/before/storage (erigon_development)"
Sep 24 23:05:08.854 INF API: test ended suite=0 test=29 pass=false
Sep 24 23:05:08.855 INF API: test started suite=0 test=30 name="interop/write-read/many-storage-write-read (erigon_development)"
Sep 24 23:05:08.857 INF API: test ended suite=0 test=30 pass=false
Sep 24 23:05:08.859 INF API: test started suite=0 test=31 name="interop/after-write-read/storage (erigon_development)"
Sep 24 23:05:08.860 INF API: test ended suite=0 test=31 pass=false
Sep 24 23:05:08.860 INF API: test started suite=0 test=32 name="interop/write-revert-read/many-storage-write-revert-read (erigon_development)"
Sep 24 23:05:08.863 INF API: test ended suite=0 test=32 pass=false
Sep 24 23:05:08.863 INF API: test started suite=0 test=33 name="interop/after-write-revert-read/storage (erigon_development)"
Sep 24 23:05:08.864 INF API: test ended suite=0 test=33 pass=false
Sep 24 23:05:09.337 INF API: test ended suite=0 test=23 pass=true
Sep 24 23:05:09.338 INF API: test started suite=0 test=34 name="client launch (erigon_release)"
Sep 24 23:05:10.850 INF API: client erigon_release started suite=0 test=34 container=1fd35bfc
Sep 24 23:05:10.866 INF API: test started suite=0 test=35 name="interop/_control/head (erigon_release)"
Sep 24 23:05:10.868 INF API: test ended suite=0 test=35 pass=false
Sep 24 23:05:10.869 INF API: test started suite=0 test=36 name="interop/_control/latest (erigon_release)"
Sep 24 23:05:10.870 INF API: test ended suite=0 test=36 pass=false
Sep 24 23:05:10.871 INF API: test started suite=0 test=37 name="interop/_control/version (erigon_release)"
Sep 24 23:05:10.871 INF API: test ended suite=0 test=37 pass=false
Sep 24 23:05:10.872 INF API: test started suite=0 test=38 name="interop/before/code (erigon_release)"
Sep 24 23:05:10.873 INF API: test ended suite=0 test=38 pass=false
Sep 24 23:05:10.874 INF API: test started suite=0 test=39 name="interop/before/control-nonce (erigon_release)"
Sep 24 23:05:10.875 INF API: test ended suite=0 test=39 pass=false
Sep 24 23:05:10.875 INF API: test started suite=0 test=40 name="interop/before/storage (erigon_release)"
Sep 24 23:05:10.876 INF API: test ended suite=0 test=40 pass=false
Sep 24 23:05:10.877 INF API: test started suite=0 test=41 name="interop/write-read/many-storage-write-read (erigon_release)"
Sep 24 23:05:10.879 INF API: test ended suite=0 test=41 pass=false
Sep 24 23:05:10.880 INF API: test started suite=0 test=42 name="interop/after-write-read/storage (erigon_release)"
Sep 24 23:05:10.881 INF API: test ended suite=0 test=42 pass=false
Sep 24 23:05:10.882 INF API: test started suite=0 test=43 name="interop/write-revert-read/many-storage-write-revert-read (erigon_release)"
Sep 24 23:05:10.885 INF API: test ended suite=0 test=43 pass=false
Sep 24 23:05:10.886 INF API: test started suite=0 test=44 name="interop/after-write-revert-read/storage (erigon_release)"
Sep 24 23:05:10.887 INF API: test ended suite=0 test=44 pass=false
Sep 24 23:05:11.211 INF API: test ended suite=0 test=34 pass=true
Sep 24 23:05:11.212 INF API: test started suite=0 test=45 name="client launch (go-ethereum_trace)"
Sep 24 23:05:13.031 INF API: client go-ethereum_trace started suite=0 test=45 container=9160a0b1
Sep 24 23:05:13.042 INF API: test started suite=0 test=46 name="interop/_control/head (go-ethereum_trace)"
Sep 24 23:05:13.045 INF API: test ended suite=0 test=46 pass=false
Sep 24 23:05:13.046 INF API: test started suite=0 test=47 name="interop/_control/latest (go-ethereum_trace)"
Sep 24 23:05:13.048 INF API: test ended suite=0 test=47 pass=false
Sep 24 23:05:13.049 INF API: test started suite=0 test=48 name="interop/_control/version (go-ethereum_trace)"
Sep 24 23:05:13.051 INF API: test ended suite=0 test=48 pass=false
Sep 24 23:05:13.052 INF API: test started suite=0 test=49 name="interop/before/code (go-ethereum_trace)"
Sep 24 23:05:13.054 INF API: test ended suite=0 test=49 pass=false
Sep 24 23:05:13.055 INF API: test started suite=0 test=50 name="interop/before/control-nonce (go-ethereum_trace)"
Sep 24 23:05:13.057 INF API: test ended suite=0 test=50 pass=false
Sep 24 23:05:13.058 INF API: test started suite=0 test=51 name="interop/before/storage (go-ethereum_trace)"
Sep 24 23:05:13.059 INF API: test ended suite=0 test=51 pass=false
Sep 24 23:05:13.060 INF API: test started suite=0 test=52 name="interop/write-read/many-storage-write-read (go-ethereum_trace)"
Sep 24 23:05:13.062 INF API: test ended suite=0 test=52 pass=false
Sep 24 23:05:13.063 INF API: test started suite=0 test=53 name="interop/after-write-read/storage (go-ethereum_trace)"
Sep 24 23:05:13.064 INF API: test ended suite=0 test=53 pass=false
Sep 24 23:05:13.065 INF API: test started suite=0 test=54 name="interop/write-revert-read/many-storage-write-revert-read (go-ethereum_trace)"
Sep 24 23:05:13.067 INF API: test ended suite=0 test=54 pass=false
Sep 24 23:05:13.068 INF API: test started suite=0 test=55 name="interop/after-write-revert-read/storage (go-ethereum_trace)"
Sep 24 23:05:13.069 INF API: test ended suite=0 test=55 pass=false
Sep 24 23:05:13.305 INF API: test ended suite=0 test=45 pass=true
Sep 24 23:05:13.306 INF API: test started suite=0 test=56 name="client launch (nethermind_development)"
Sep 24 23:05:21.235 INF API: client nethermind_development started suite=0 test=56 container=0be9d2dd
Sep 24 23:05:21.411 INF API: test started suite=0 test=57 name="interop/_control/head (nethermind_development)"
Sep 24 23:05:21.427 INF API: test ended suite=0 test=57 pass=false
Sep 24 23:05:21.430 INF API: test started suite=0 test=58 name="interop/_control/latest (nethermind_development)"
Sep 24 23:05:21.433 INF API: test ended suite=0 test=58 pass=false
Sep 24 23:05:21.435 INF API: test started suite=0 test=59 name="interop/_control/version (nethermind_development)"
Sep 24 23:05:21.441 INF API: test ended suite=0 test=59 pass=false
Sep 24 23:05:21.444 INF API: test started suite=0 test=60 name="interop/before/code (nethermind_development)"
Sep 24 23:05:21.450 INF API: test ended suite=0 test=60 pass=false
Sep 24 23:05:21.453 INF API: test started suite=0 test=61 name="interop/before/control-nonce (nethermind_development)"
Sep 24 23:05:21.462 INF API: test ended suite=0 test=61 pass=false
Sep 24 23:05:21.464 INF API: test started suite=0 test=62 name="interop/before/storage (nethermind_development)"
Sep 24 23:05:21.478 INF API: test ended suite=0 test=62 pass=false
Sep 24 23:05:21.480 INF API: test started suite=0 test=63 name="interop/write-read/many-storage-write-read (nethermind_development)"
Sep 24 23:05:21.708 INF API: test ended suite=0 test=63 pass=false
Sep 24 23:05:21.710 INF API: test started suite=0 test=64 name="interop/after-write-read/storage (nethermind_development)"
Sep 24 23:05:21.727 INF API: test ended suite=0 test=64 pass=false
Sep 24 23:05:21.733 INF API: test started suite=0 test=65 name="interop/write-revert-read/many-storage-write-revert-read (nethermind_development)"
Sep 24 23:05:21.757 INF API: test ended suite=0 test=65 pass=false
Sep 24 23:05:21.760 INF API: test started suite=0 test=66 name="interop/after-write-revert-read/storage (nethermind_development)"
Sep 24 23:05:21.772 INF API: test ended suite=0 test=66 pass=false
Sep 24 23:05:22.127 INF API: test ended suite=0 test=56 pass=true
Sep 24 23:05:22.130 INF API: test started suite=0 test=67 name="client launch (nethermind_release)"
Sep 24 23:05:29.690 INF API: client nethermind_release started suite=0 test=67 container=ed7c800b
Sep 24 23:05:29.816 INF API: test started suite=0 test=68 name="interop/_control/head (nethermind_release)"
Sep 24 23:05:29.831 INF API: test ended suite=0 test=68 pass=false
Sep 24 23:05:29.832 INF API: test started suite=0 test=69 name="interop/_control/latest (nethermind_release)"
Sep 24 23:05:29.834 INF API: test ended suite=0 test=69 pass=false
Sep 24 23:05:29.835 INF API: test started suite=0 test=70 name="interop/_control/version (nethermind_release)"
Sep 24 23:05:29.837 INF API: test ended suite=0 test=70 pass=false
Sep 24 23:05:29.838 INF API: test started suite=0 test=71 name="interop/before/code (nethermind_release)"
Sep 24 23:05:29.841 INF API: test ended suite=0 test=71 pass=false
Sep 24 23:05:29.841 INF API: test started suite=0 test=72 name="interop/before/control-nonce (nethermind_release)"
Sep 24 23:05:29.846 INF API: test ended suite=0 test=72 pass=false
Sep 24 23:05:29.846 INF API: test started suite=0 test=73 name="interop/before/storage (nethermind_release)"
Sep 24 23:05:29.850 INF API: test ended suite=0 test=73 pass=false
Sep 24 23:05:29.851 INF API: test started suite=0 test=74 name="interop/write-read/many-storage-write-read (nethermind_release)"
Sep 24 23:05:29.965 INF API: test ended suite=0 test=74 pass=false
Sep 24 23:05:29.966 INF API: test started suite=0 test=75 name="interop/after-write-read/storage (nethermind_release)"
Sep 24 23:05:29.979 INF API: test ended suite=0 test=75 pass=false
Sep 24 23:05:29.980 INF API: test started suite=0 test=76 name="interop/write-revert-read/many-storage-write-revert-read (nethermind_release)"
Sep 24 23:05:29.987 INF API: test ended suite=0 test=76 pass=false
Sep 24 23:05:29.988 INF API: test started suite=0 test=77 name="interop/after-write-revert-read/storage (nethermind_release)"
Sep 24 23:05:29.989 INF API: test ended suite=0 test=77 pass=false
Sep 24 23:05:30.245 INF API: test ended suite=0 test=67 pass=true
Sep 24 23:05:30.247 INF API: test started suite=0 test=78 name="client launch (reth_development)"
Sep 24 23:05:32.236 INF API: client reth_development started suite=0 test=78 container=22cf9d91
Sep 24 23:05:32.252 INF API: test started suite=0 test=79 name="interop/_control/head (reth_development)"
Sep 24 23:05:32.253 INF API: test ended suite=0 test=79 pass=false
Sep 24 23:05:32.254 INF API: test started suite=0 test=80 name="interop/_control/latest (reth_development)"
Sep 24 23:05:32.256 INF API: test ended suite=0 test=80 pass=false
Sep 24 23:05:32.256 INF API: test started suite=0 test=81 name="interop/_control/version (reth_development)"
Sep 24 23:05:32.258 INF API: test ended suite=0 test=81 pass=false
Sep 24 23:05:32.259 INF API: test started suite=0 test=82 name="interop/before/code (reth_development)"
Sep 24 23:05:32.260 INF API: test ended suite=0 test=82 pass=false
Sep 24 23:05:32.261 INF API: test started suite=0 test=83 name="interop/before/control-nonce (reth_development)"
Sep 24 23:05:32.262 INF API: test ended suite=0 test=83 pass=false
Sep 24 23:05:32.263 INF API: test started suite=0 test=84 name="interop/before/storage (reth_development)"
Sep 24 23:05:32.264 INF API: test ended suite=0 test=84 pass=false
Sep 24 23:05:32.265 INF API: test started suite=0 test=85 name="interop/write-read/many-storage-write-read (reth_development)"
Sep 24 23:05:32.266 INF API: test ended suite=0 test=85 pass=false
Sep 24 23:05:32.268 INF API: test started suite=0 test=86 name="interop/after-write-read/storage (reth_development)"
Sep 24 23:05:32.269 INF API: test ended suite=0 test=86 pass=false
Sep 24 23:05:32.270 INF API: test started suite=0 test=87 name="interop/write-revert-read/many-storage-write-revert-read (reth_development)"
Sep 24 23:05:32.271 INF API: test ended suite=0 test=87 pass=false
Sep 24 23:05:32.272 INF API: test started suite=0 test=88 name="interop/after-write-revert-read/storage (reth_development)"
Sep 24 23:05:32.273 INF API: test ended suite=0 test=88 pass=false
Sep 24 23:05:32.547 INF API: test ended suite=0 test=78 pass=true
Sep 24 23:05:32.548 INF API: test started suite=0 test=89 name="client launch (reth_release)"
Sep 24 23:05:34.577 INF API: client reth_release started suite=0 test=89 container=8c3ab71f
Sep 24 23:05:34.594 INF API: test started suite=0 test=90 name="interop/_control/head (reth_release)"
Sep 24 23:05:34.596 INF API: test ended suite=0 test=90 pass=false
Sep 24 23:05:34.597 INF API: test started suite=0 test=91 name="interop/_control/latest (reth_release)"
Sep 24 23:05:34.599 INF API: test ended suite=0 test=91 pass=false
Sep 24 23:05:34.600 INF API: test started suite=0 test=92 name="interop/_control/version (reth_release)"
Sep 24 23:05:34.601 INF API: test ended suite=0 test=92 pass=false
Sep 24 23:05:34.602 INF API: test started suite=0 test=93 name="interop/before/code (reth_release)"
Sep 24 23:05:34.605 INF API: test ended suite=0 test=93 pass=false
Sep 24 23:05:34.605 INF API: test started suite=0 test=94 name="interop/before/control-nonce (reth_release)"
Sep 24 23:05:34.607 INF API: test ended suite=0 test=94 pass=false
Sep 24 23:05:34.608 INF API: test started suite=0 test=95 name="interop/before/storage (reth_release)"
Sep 24 23:05:34.610 INF API: test ended suite=0 test=95 pass=false
Sep 24 23:05:34.611 INF API: test started suite=0 test=96 name="interop/write-read/many-storage-write-read (reth_release)"
Sep 24 23:05:34.613 INF API: test ended suite=0 test=96 pass=false
Sep 24 23:05:34.613 INF API: test started suite=0 test=97 name="interop/after-write-read/storage (reth_release)"
Sep 24 23:05:34.615 INF API: test ended suite=0 test=97 pass=false
Sep 24 23:05:34.615 INF API: test started suite=0 test=98 name="interop/write-revert-read/many-storage-write-revert-read (reth_release)"
Sep 24 23:05:34.617 INF API: test ended suite=0 test=98 pass=false
Sep 24 23:05:34.618 INF API: test started suite=0 test=99 name="interop/after-write-revert-read/storage (reth_release)"
Sep 24 23:05:34.619 INF API: test ended suite=0 test=99 pass=false
Sep 24 23:05:34.872 INF API: test ended suite=0 test=89 pass=true
Sep 24 23:05:34.881 INF API: suite ended suite=0
Sep 24 23:05:35.270 INF simulation ethereum/rpc-compat finished suites=1 tests=99 failed=90
90 tests failed
