Sep 24 15:16:00.154 INF building image image=hive/hiveproxy nocache=false pull=false
Sep 24 15:16:00.172 INF building 9 clients...
Sep 24 15:16:00.172 INF building image image=hive/clients/besu_development:latest dir=clients/besu nocache=false pull=false baseimage=trace-interop/besu tag=0bdabe53b1597932edebfa970aae1223b1e814a7897bfa776337f3f5f2d8f30d
Sep 24 15:16:00.200 INF building image image=hive/clients/besu_release:latest dir=clients/besu nocache=false pull=false baseimage=trace-interop/besu tag=f3713c713ca4f9e89c09e1478d2a85116ba9ce8343129d709420ba2af009598b
Sep 24 15:16:00.228 INF building image image=hive/clients/erigon_development:latest dir=clients/erigon nocache=false pull=false baseimage=trace-interop/erigon tag=96ed3bf9e6103fa7348e8223f07becfaf1d19b43fb66524f295bdb83e12dbee5
Sep 24 15:16:00.252 INF building image image=hive/clients/erigon_release:latest dir=clients/erigon nocache=false pull=false baseimage=trace-interop/erigon tag=8668d9c5adc01ad1d12aa25380e384079080bdde7e0ce93f11bed422d82ca0ac
Sep 24 15:16:00.277 INF building image image=hive/clients/go-ethereum_trace:latest dir=clients/go-ethereum nocache=false pull=false baseimage=trace-interop/go-ethereum tag=2a6e1bfcf91337fd9081f28b1a77efcf20c054ea99b30a316fa8a581c819fa74
Sep 24 15:16:00.306 INF building image image=hive/clients/nethermind_development:latest dir=clients/nethermind nocache=false pull=false baseimage=trace-interop/nethermind tag=dfee1f35965a2e111727d4bb8614be3b17705e89970688620f37a3acabbf7db3
Sep 24 15:16:00.336 INF building image image=hive/clients/nethermind_release:latest dir=clients/nethermind nocache=false pull=false baseimage=trace-interop/nethermind tag=d6b98371fce49848629f4841a9ef2cfc416c90ee187bc82291e97ca77cb108e4
Sep 24 15:16:00.365 INF building image image=hive/clients/reth_development:latest dir=clients/reth nocache=false pull=false baseimage=trace-interop/reth tag=935f179789c1d4fc921c181a4fa21f3262e5d0509061ddbad4398b37db3f33bf
Sep 24 15:16:00.388 INF building image image=hive/clients/reth_release:latest dir=clients/reth nocache=false pull=false baseimage=trace-interop/reth tag=e939dc4a471d9d27224e430f607a954d692ca5037a1350ee2036397d14532ca7
Sep 24 15:16:00.415 INF building 1 simulators...
Sep 24 15:16:00.415 INF building image image=hive/simulators/ethereum/rpc-compat:latest dir=simulators/ethereum/rpc-compat nocache=false pull=false
Sep 24 15:16:00.503 INF creating output directory folder=/home/banteg/dev/trace-current-20260924/runs/current-matrix/fork-followup/hive
Sep 24 15:16:00.511 INF running simulation: ethereum/rpc-compat
Sep 24 15:16:00.640 INF hiveproxy started container=6438cf00f4f0 addr=172.17.0.2:8081
Sep 24 15:16:00.804 INF API: suite started suite=0 name=rpc-compat
Sep 24 15:16:00.806 INF API: test started suite=0 test=1 name="client launch (besu_development)"
Sep 24 15:16:09.646 INF API: client besu_development started suite=0 test=1 container=1f6d5fee
Sep 24 15:16:09.924 INF API: test started suite=0 test=2 name="interop/_control/head (besu_development)"
Sep 24 15:16:09.932 INF API: test ended suite=0 test=2 pass=false
Sep 24 15:16:09.933 INF API: test started suite=0 test=3 name="interop/_control/latest (besu_development)"
Sep 24 15:16:09.940 INF API: test ended suite=0 test=3 pass=false
Sep 24 15:16:09.941 INF API: test started suite=0 test=4 name="interop/_control/version (besu_development)"
Sep 24 15:16:09.947 INF API: test ended suite=0 test=4 pass=false
Sep 24 15:16:09.948 INF API: test started suite=0 test=5 name="interop/_reference/block/0x33 (besu_development)"
Sep 24 15:16:10.021 INF API: test ended suite=0 test=5 pass=false
Sep 24 15:16:10.022 INF API: test started suite=0 test=6 name="interop/_reference/block/0x34 (besu_development)"
Sep 24 15:16:10.033 INF API: test ended suite=0 test=6 pass=false
Sep 24 15:16:10.034 INF API: test started suite=0 test=7 name="interop/_reference/block/0x35 (besu_development)"
Sep 24 15:16:10.044 INF API: test ended suite=0 test=7 pass=false
Sep 24 15:16:10.045 INF API: test started suite=0 test=8 name="interop/beacon-call-55 (besu_development)"
Sep 24 15:16:10.102 INF API: test ended suite=0 test=8 pass=false
Sep 24 15:16:10.103 INF API: test started suite=0 test=9 name="interop/beacon-call-56 (besu_development)"
Sep 24 15:16:10.113 INF API: test ended suite=0 test=9 pass=false
Sep 24 15:16:10.114 INF API: test started suite=0 test=10 name="interop/control-head (besu_development)"
Sep 24 15:16:10.120 INF API: test ended suite=0 test=10 pass=false
Sep 24 15:16:10.121 INF API: test started suite=0 test=11 name="interop/destroy-trace-55 (besu_development)"
Sep 24 15:16:10.144 INF API: test ended suite=0 test=11 pass=false
Sep 24 15:16:10.145 INF API: test started suite=0 test=12 name="interop/destroy-trace-56 (besu_development)"
Sep 24 15:16:10.154 INF API: test ended suite=0 test=12 pass=false
Sep 24 15:16:10.155 INF API: test started suite=0 test=13 name="interop/system-beacon-55-560 (besu_development)"
Sep 24 15:16:10.169 INF API: test ended suite=0 test=13 pass=false
Sep 24 15:16:10.170 INF API: test started suite=0 test=14 name="interop/system-beacon-55-8751 (besu_development)"
Sep 24 15:16:10.177 INF API: test ended suite=0 test=14 pass=false
Sep 24 15:16:10.177 INF API: test started suite=0 test=15 name="interop/system-beacon-56-560 (besu_development)"
Sep 24 15:16:10.184 INF API: test ended suite=0 test=15 pass=false
Sep 24 15:16:10.185 INF API: test started suite=0 test=16 name="interop/system-beacon-56-8751 (besu_development)"
Sep 24 15:16:10.190 INF API: test ended suite=0 test=16 pass=false
Sep 24 15:16:10.191 INF API: test started suite=0 test=17 name="interop/withdrawal-balance-51 (besu_development)"
Sep 24 15:16:10.197 INF API: test ended suite=0 test=17 pass=false
Sep 24 15:16:10.198 INF API: test started suite=0 test=18 name="interop/withdrawal-balance-52 (besu_development)"
Sep 24 15:16:10.204 INF API: test ended suite=0 test=18 pass=false
Sep 24 15:16:10.206 INF API: test started suite=0 test=19 name="interop/withdrawal-balance-53 (besu_development)"
Sep 24 15:16:10.212 INF API: test ended suite=0 test=19 pass=false
Sep 24 15:16:10.213 INF API: test started suite=0 test=20 name="interop/withdrawal-block-51 (besu_development)"
Sep 24 15:16:10.232 INF API: test ended suite=0 test=20 pass=false
Sep 24 15:16:10.233 INF API: test started suite=0 test=21 name="interop/withdrawal-block-52 (besu_development)"
Sep 24 15:16:10.239 INF API: test ended suite=0 test=21 pass=false
Sep 24 15:16:10.240 INF API: test started suite=0 test=22 name="interop/withdrawal-block-53 (besu_development)"
Sep 24 15:16:10.247 INF API: test ended suite=0 test=22 pass=false
Sep 24 15:16:10.248 INF API: test started suite=0 test=23 name="interop/withdrawal-filter-51 (besu_development)"
Sep 24 15:16:10.267 INF API: test ended suite=0 test=23 pass=false
Sep 24 15:16:10.268 INF API: test started suite=0 test=24 name="interop/withdrawal-filter-52 (besu_development)"
Sep 24 15:16:10.274 INF API: test ended suite=0 test=24 pass=false
Sep 24 15:16:10.275 INF API: test started suite=0 test=25 name="interop/withdrawal-filter-53 (besu_development)"
Sep 24 15:16:10.282 INF API: test ended suite=0 test=25 pass=false
Sep 24 15:16:10.456 INF API: test ended suite=0 test=1 pass=true
Sep 24 15:16:10.457 INF API: test started suite=0 test=26 name="client launch (besu_release)"
Sep 24 15:16:18.905 INF API: client besu_release started suite=0 test=26 container=18f8000f
Sep 24 15:16:19.188 INF API: test started suite=0 test=27 name="interop/_control/head (besu_release)"
Sep 24 15:16:19.198 INF API: test ended suite=0 test=27 pass=false
Sep 24 15:16:19.199 INF API: test started suite=0 test=28 name="interop/_control/latest (besu_release)"
Sep 24 15:16:19.207 INF API: test ended suite=0 test=28 pass=false
Sep 24 15:16:19.208 INF API: test started suite=0 test=29 name="interop/_control/version (besu_release)"
Sep 24 15:16:19.214 INF API: test ended suite=0 test=29 pass=false
Sep 24 15:16:19.215 INF API: test started suite=0 test=30 name="interop/_reference/block/0x33 (besu_release)"
Sep 24 15:16:19.293 INF API: test ended suite=0 test=30 pass=false
Sep 24 15:16:19.294 INF API: test started suite=0 test=31 name="interop/_reference/block/0x34 (besu_release)"
Sep 24 15:16:19.305 INF API: test ended suite=0 test=31 pass=false
Sep 24 15:16:19.306 INF API: test started suite=0 test=32 name="interop/_reference/block/0x35 (besu_release)"
Sep 24 15:16:19.317 INF API: test ended suite=0 test=32 pass=false
Sep 24 15:16:19.318 INF API: test started suite=0 test=33 name="interop/beacon-call-55 (besu_release)"
Sep 24 15:16:19.393 INF API: test ended suite=0 test=33 pass=false
Sep 24 15:16:19.394 INF API: test started suite=0 test=34 name="interop/beacon-call-56 (besu_release)"
Sep 24 15:16:19.408 INF API: test ended suite=0 test=34 pass=false
Sep 24 15:16:19.409 INF API: test started suite=0 test=35 name="interop/control-head (besu_release)"
Sep 24 15:16:19.416 INF API: test ended suite=0 test=35 pass=false
Sep 24 15:16:19.417 INF API: test started suite=0 test=36 name="interop/destroy-trace-55 (besu_release)"
Sep 24 15:16:19.440 INF API: test ended suite=0 test=36 pass=false
Sep 24 15:16:19.442 INF API: test started suite=0 test=37 name="interop/destroy-trace-56 (besu_release)"
Sep 24 15:16:19.452 INF API: test ended suite=0 test=37 pass=false
Sep 24 15:16:19.454 INF API: test started suite=0 test=38 name="interop/system-beacon-55-560 (besu_release)"
Sep 24 15:16:19.465 INF API: test ended suite=0 test=38 pass=false
Sep 24 15:16:19.466 INF API: test started suite=0 test=39 name="interop/system-beacon-55-8751 (besu_release)"
Sep 24 15:16:19.472 INF API: test ended suite=0 test=39 pass=false
Sep 24 15:16:19.473 INF API: test started suite=0 test=40 name="interop/system-beacon-56-560 (besu_release)"
Sep 24 15:16:19.479 INF API: test ended suite=0 test=40 pass=false
Sep 24 15:16:19.480 INF API: test started suite=0 test=41 name="interop/system-beacon-56-8751 (besu_release)"
Sep 24 15:16:19.486 INF API: test ended suite=0 test=41 pass=false
Sep 24 15:16:19.487 INF API: test started suite=0 test=42 name="interop/withdrawal-balance-51 (besu_release)"
Sep 24 15:16:19.493 INF API: test ended suite=0 test=42 pass=false
Sep 24 15:16:19.494 INF API: test started suite=0 test=43 name="interop/withdrawal-balance-52 (besu_release)"
Sep 24 15:16:19.498 INF API: test ended suite=0 test=43 pass=false
Sep 24 15:16:19.499 INF API: test started suite=0 test=44 name="interop/withdrawal-balance-53 (besu_release)"
Sep 24 15:16:19.505 INF API: test ended suite=0 test=44 pass=false
Sep 24 15:16:19.506 INF API: test started suite=0 test=45 name="interop/withdrawal-block-51 (besu_release)"
Sep 24 15:16:19.527 INF API: test ended suite=0 test=45 pass=false
Sep 24 15:16:19.528 INF API: test started suite=0 test=46 name="interop/withdrawal-block-52 (besu_release)"
Sep 24 15:16:19.535 INF API: test ended suite=0 test=46 pass=false
Sep 24 15:16:19.535 INF API: test started suite=0 test=47 name="interop/withdrawal-block-53 (besu_release)"
Sep 24 15:16:19.546 INF API: test ended suite=0 test=47 pass=false
Sep 24 15:16:19.547 INF API: test started suite=0 test=48 name="interop/withdrawal-filter-51 (besu_release)"
Sep 24 15:16:19.571 INF API: test ended suite=0 test=48 pass=false
Sep 24 15:16:19.572 INF API: test started suite=0 test=49 name="interop/withdrawal-filter-52 (besu_release)"
Sep 24 15:16:19.579 INF API: test ended suite=0 test=49 pass=false
Sep 24 15:16:19.580 INF API: test started suite=0 test=50 name="interop/withdrawal-filter-53 (besu_release)"
Sep 24 15:16:20.588 INF API: test ended suite=0 test=50 pass=false
Sep 24 15:16:20.767 INF API: test ended suite=0 test=26 pass=true
Sep 24 15:16:20.769 INF API: test started suite=0 test=51 name="client launch (erigon_development)"
Sep 24 15:16:21.412 INF API: client erigon_development started suite=0 test=51 container=fc492d4b
Sep 24 15:16:21.419 INF API: test started suite=0 test=52 name="interop/_control/head (erigon_development)"
Sep 24 15:16:21.421 INF API: test ended suite=0 test=52 pass=false
Sep 24 15:16:21.422 INF API: test started suite=0 test=53 name="interop/_control/latest (erigon_development)"
Sep 24 15:16:21.425 INF API: test ended suite=0 test=53 pass=false
Sep 24 15:16:21.426 INF API: test started suite=0 test=54 name="interop/_control/version (erigon_development)"
Sep 24 15:16:21.428 INF API: test ended suite=0 test=54 pass=false
Sep 24 15:16:21.429 INF API: test started suite=0 test=55 name="interop/_reference/block/0x33 (erigon_development)"
Sep 24 15:16:21.432 INF API: test ended suite=0 test=55 pass=false
Sep 24 15:16:21.433 INF API: test started suite=0 test=56 name="interop/_reference/block/0x34 (erigon_development)"
Sep 24 15:16:21.436 INF API: test ended suite=0 test=56 pass=false
Sep 24 15:16:21.436 INF API: test started suite=0 test=57 name="interop/_reference/block/0x35 (erigon_development)"
Sep 24 15:16:21.439 INF API: test ended suite=0 test=57 pass=false
Sep 24 15:16:21.440 INF API: test started suite=0 test=58 name="interop/beacon-call-55 (erigon_development)"
Sep 24 15:16:21.442 INF API: test ended suite=0 test=58 pass=false
Sep 24 15:16:21.443 INF API: test started suite=0 test=59 name="interop/beacon-call-56 (erigon_development)"
Sep 24 15:16:21.445 INF API: test ended suite=0 test=59 pass=false
Sep 24 15:16:21.446 INF API: test started suite=0 test=60 name="interop/control-head (erigon_development)"
Sep 24 15:16:21.449 INF API: test ended suite=0 test=60 pass=false
Sep 24 15:16:21.450 INF API: test started suite=0 test=61 name="interop/destroy-trace-55 (erigon_development)"
Sep 24 15:16:21.453 INF API: test ended suite=0 test=61 pass=false
Sep 24 15:16:21.454 INF API: test started suite=0 test=62 name="interop/destroy-trace-56 (erigon_development)"
Sep 24 15:16:21.456 INF API: test ended suite=0 test=62 pass=false
Sep 24 15:16:21.457 INF API: test started suite=0 test=63 name="interop/system-beacon-55-560 (erigon_development)"
Sep 24 15:16:21.460 INF API: test ended suite=0 test=63 pass=false
Sep 24 15:16:21.461 INF API: test started suite=0 test=64 name="interop/system-beacon-55-8751 (erigon_development)"
Sep 24 15:16:21.463 INF API: test ended suite=0 test=64 pass=false
Sep 24 15:16:21.464 INF API: test started suite=0 test=65 name="interop/system-beacon-56-560 (erigon_development)"
Sep 24 15:16:21.465 INF API: test ended suite=0 test=65 pass=false
Sep 24 15:16:21.466 INF API: test started suite=0 test=66 name="interop/system-beacon-56-8751 (erigon_development)"
Sep 24 15:16:21.468 INF API: test ended suite=0 test=66 pass=false
Sep 24 15:16:21.468 INF API: test started suite=0 test=67 name="interop/withdrawal-balance-51 (erigon_development)"
Sep 24 15:16:21.470 INF API: test ended suite=0 test=67 pass=false
Sep 24 15:16:21.471 INF API: test started suite=0 test=68 name="interop/withdrawal-balance-52 (erigon_development)"
Sep 24 15:16:21.473 INF API: test ended suite=0 test=68 pass=false
Sep 24 15:16:21.474 INF API: test started suite=0 test=69 name="interop/withdrawal-balance-53 (erigon_development)"
Sep 24 15:16:21.477 INF API: test ended suite=0 test=69 pass=false
Sep 24 15:16:21.477 INF API: test started suite=0 test=70 name="interop/withdrawal-block-51 (erigon_development)"
Sep 24 15:16:21.480 INF API: test ended suite=0 test=70 pass=false
Sep 24 15:16:21.481 INF API: test started suite=0 test=71 name="interop/withdrawal-block-52 (erigon_development)"
Sep 24 15:16:21.484 INF API: test ended suite=0 test=71 pass=false
Sep 24 15:16:21.484 INF API: test started suite=0 test=72 name="interop/withdrawal-block-53 (erigon_development)"
Sep 24 15:16:21.487 INF API: test ended suite=0 test=72 pass=false
Sep 24 15:16:21.488 INF API: test started suite=0 test=73 name="interop/withdrawal-filter-51 (erigon_development)"
Sep 24 15:16:21.490 INF API: test ended suite=0 test=73 pass=false
Sep 24 15:16:21.491 INF API: test started suite=0 test=74 name="interop/withdrawal-filter-52 (erigon_development)"
Sep 24 15:16:21.493 INF API: test ended suite=0 test=74 pass=false
Sep 24 15:16:21.494 INF API: test started suite=0 test=75 name="interop/withdrawal-filter-53 (erigon_development)"
Sep 24 15:16:21.496 INF API: test ended suite=0 test=75 pass=false
Sep 24 15:16:21.631 INF API: test ended suite=0 test=51 pass=true
Sep 24 15:16:21.632 INF API: test started suite=0 test=76 name="client launch (erigon_release)"
Sep 24 15:16:22.900 INF API: client erigon_release started suite=0 test=76 container=e3d54269
Sep 24 15:16:22.925 INF API: test started suite=0 test=77 name="interop/_control/head (erigon_release)"
Sep 24 15:16:22.928 INF API: test ended suite=0 test=77 pass=false
Sep 24 15:16:22.929 INF API: test started suite=0 test=78 name="interop/_control/latest (erigon_release)"
Sep 24 15:16:22.930 INF API: test ended suite=0 test=78 pass=false
Sep 24 15:16:22.931 INF API: test started suite=0 test=79 name="interop/_control/version (erigon_release)"
Sep 24 15:16:22.932 INF API: test ended suite=0 test=79 pass=false
Sep 24 15:16:22.933 INF API: test started suite=0 test=80 name="interop/_reference/block/0x33 (erigon_release)"
Sep 24 15:16:22.935 INF API: test ended suite=0 test=80 pass=false
Sep 24 15:16:22.937 INF API: test started suite=0 test=81 name="interop/_reference/block/0x34 (erigon_release)"
Sep 24 15:16:22.938 INF API: test ended suite=0 test=81 pass=false
Sep 24 15:16:22.939 INF API: test started suite=0 test=82 name="interop/_reference/block/0x35 (erigon_release)"
Sep 24 15:16:22.941 INF API: test ended suite=0 test=82 pass=false
Sep 24 15:16:22.942 INF API: test started suite=0 test=83 name="interop/beacon-call-55 (erigon_release)"
Sep 24 15:16:22.943 INF API: test ended suite=0 test=83 pass=false
Sep 24 15:16:22.944 INF API: test started suite=0 test=84 name="interop/beacon-call-56 (erigon_release)"
Sep 24 15:16:22.945 INF API: test ended suite=0 test=84 pass=false
Sep 24 15:16:22.946 INF API: test started suite=0 test=85 name="interop/control-head (erigon_release)"
Sep 24 15:16:22.948 INF API: test ended suite=0 test=85 pass=false
Sep 24 15:16:22.949 INF API: test started suite=0 test=86 name="interop/destroy-trace-55 (erigon_release)"
Sep 24 15:16:22.951 INF API: test ended suite=0 test=86 pass=false
Sep 24 15:16:22.951 INF API: test started suite=0 test=87 name="interop/destroy-trace-56 (erigon_release)"
Sep 24 15:16:22.953 INF API: test ended suite=0 test=87 pass=false
Sep 24 15:16:22.954 INF API: test started suite=0 test=88 name="interop/system-beacon-55-560 (erigon_release)"
Sep 24 15:16:22.955 INF API: test ended suite=0 test=88 pass=false
Sep 24 15:16:22.956 INF API: test started suite=0 test=89 name="interop/system-beacon-55-8751 (erigon_release)"
Sep 24 15:16:22.957 INF API: test ended suite=0 test=89 pass=false
Sep 24 15:16:22.957 INF API: test started suite=0 test=90 name="interop/system-beacon-56-560 (erigon_release)"
Sep 24 15:16:22.958 INF API: test ended suite=0 test=90 pass=false
Sep 24 15:16:22.959 INF API: test started suite=0 test=91 name="interop/system-beacon-56-8751 (erigon_release)"
Sep 24 15:16:22.960 INF API: test ended suite=0 test=91 pass=false
Sep 24 15:16:22.960 INF API: test started suite=0 test=92 name="interop/withdrawal-balance-51 (erigon_release)"
Sep 24 15:16:22.961 INF API: test ended suite=0 test=92 pass=false
Sep 24 15:16:22.962 INF API: test started suite=0 test=93 name="interop/withdrawal-balance-52 (erigon_release)"
Sep 24 15:16:22.963 INF API: test ended suite=0 test=93 pass=false
Sep 24 15:16:22.964 INF API: test started suite=0 test=94 name="interop/withdrawal-balance-53 (erigon_release)"
Sep 24 15:16:22.965 INF API: test ended suite=0 test=94 pass=false
Sep 24 15:16:22.966 INF API: test started suite=0 test=95 name="interop/withdrawal-block-51 (erigon_release)"
Sep 24 15:16:22.967 INF API: test ended suite=0 test=95 pass=false
Sep 24 15:16:22.968 INF API: test started suite=0 test=96 name="interop/withdrawal-block-52 (erigon_release)"
Sep 24 15:16:22.969 INF API: test ended suite=0 test=96 pass=false
Sep 24 15:16:22.970 INF API: test started suite=0 test=97 name="interop/withdrawal-block-53 (erigon_release)"
Sep 24 15:16:22.972 INF API: test ended suite=0 test=97 pass=false
Sep 24 15:16:22.972 INF API: test started suite=0 test=98 name="interop/withdrawal-filter-51 (erigon_release)"
Sep 24 15:16:22.974 INF API: test ended suite=0 test=98 pass=false
Sep 24 15:16:22.974 INF API: test started suite=0 test=99 name="interop/withdrawal-filter-52 (erigon_release)"
Sep 24 15:16:22.975 INF API: test ended suite=0 test=99 pass=false
Sep 24 15:16:22.976 INF API: test started suite=0 test=100 name="interop/withdrawal-filter-53 (erigon_release)"
Sep 24 15:16:22.977 INF API: test ended suite=0 test=100 pass=false
Sep 24 15:16:23.749 INF API: test ended suite=0 test=76 pass=true
Sep 24 15:16:23.750 INF API: test started suite=0 test=101 name="client launch (go-ethereum_trace)"
Sep 24 15:16:26.622 INF API: client go-ethereum_trace started suite=0 test=101 container=df38fcd7
Sep 24 15:16:26.633 INF API: test started suite=0 test=102 name="interop/_control/head (go-ethereum_trace)"
Sep 24 15:16:26.637 INF API: test ended suite=0 test=102 pass=false
Sep 24 15:16:26.638 INF API: test started suite=0 test=103 name="interop/_control/latest (go-ethereum_trace)"
Sep 24 15:16:26.641 INF API: test ended suite=0 test=103 pass=false
Sep 24 15:16:26.642 INF API: test started suite=0 test=104 name="interop/_control/version (go-ethereum_trace)"
Sep 24 15:16:26.644 INF API: test ended suite=0 test=104 pass=false
Sep 24 15:16:26.644 INF API: test started suite=0 test=105 name="interop/_reference/block/0x33 (go-ethereum_trace)"
Sep 24 15:16:26.650 INF API: test ended suite=0 test=105 pass=false
Sep 24 15:16:26.650 INF API: test started suite=0 test=106 name="interop/_reference/block/0x34 (go-ethereum_trace)"
Sep 24 15:16:26.653 INF API: test ended suite=0 test=106 pass=false
Sep 24 15:16:26.654 INF API: test started suite=0 test=107 name="interop/_reference/block/0x35 (go-ethereum_trace)"
Sep 24 15:16:26.659 INF API: test ended suite=0 test=107 pass=false
Sep 24 15:16:26.660 INF API: test started suite=0 test=108 name="interop/beacon-call-55 (go-ethereum_trace)"
Sep 24 15:16:26.664 INF API: test ended suite=0 test=108 pass=false
Sep 24 15:16:26.665 INF API: test started suite=0 test=109 name="interop/beacon-call-56 (go-ethereum_trace)"
Sep 24 15:16:26.668 INF API: test ended suite=0 test=109 pass=false
Sep 24 15:16:26.669 INF API: test started suite=0 test=110 name="interop/control-head (go-ethereum_trace)"
Sep 24 15:16:26.672 INF API: test ended suite=0 test=110 pass=false
Sep 24 15:16:26.673 INF API: test started suite=0 test=111 name="interop/destroy-trace-55 (go-ethereum_trace)"
Sep 24 15:16:26.677 INF API: test ended suite=0 test=111 pass=false
Sep 24 15:16:26.678 INF API: test started suite=0 test=112 name="interop/destroy-trace-56 (go-ethereum_trace)"
Sep 24 15:16:26.681 INF API: test ended suite=0 test=112 pass=false
Sep 24 15:16:26.682 INF API: test started suite=0 test=113 name="interop/system-beacon-55-560 (go-ethereum_trace)"
Sep 24 15:16:26.683 INF API: test ended suite=0 test=113 pass=false
Sep 24 15:16:26.684 INF API: test started suite=0 test=114 name="interop/system-beacon-55-8751 (go-ethereum_trace)"
Sep 24 15:16:26.686 INF API: test ended suite=0 test=114 pass=false
Sep 24 15:16:26.687 INF API: test started suite=0 test=115 name="interop/system-beacon-56-560 (go-ethereum_trace)"
Sep 24 15:16:26.688 INF API: test ended suite=0 test=115 pass=false
Sep 24 15:16:26.689 INF API: test started suite=0 test=116 name="interop/system-beacon-56-8751 (go-ethereum_trace)"
Sep 24 15:16:26.690 INF API: test ended suite=0 test=116 pass=false
Sep 24 15:16:26.691 INF API: test started suite=0 test=117 name="interop/withdrawal-balance-51 (go-ethereum_trace)"
Sep 24 15:16:26.692 INF API: test ended suite=0 test=117 pass=false
Sep 24 15:16:26.693 INF API: test started suite=0 test=118 name="interop/withdrawal-balance-52 (go-ethereum_trace)"
Sep 24 15:16:26.695 INF API: test ended suite=0 test=118 pass=false
Sep 24 15:16:26.696 INF API: test started suite=0 test=119 name="interop/withdrawal-balance-53 (go-ethereum_trace)"
Sep 24 15:16:26.697 INF API: test ended suite=0 test=119 pass=false
Sep 24 15:16:26.698 INF API: test started suite=0 test=120 name="interop/withdrawal-block-51 (go-ethereum_trace)"
Sep 24 15:16:26.700 INF API: test ended suite=0 test=120 pass=false
Sep 24 15:16:26.701 INF API: test started suite=0 test=121 name="interop/withdrawal-block-52 (go-ethereum_trace)"
Sep 24 15:16:26.703 INF API: test ended suite=0 test=121 pass=false
Sep 24 15:16:26.704 INF API: test started suite=0 test=122 name="interop/withdrawal-block-53 (go-ethereum_trace)"
Sep 24 15:16:26.706 INF API: test ended suite=0 test=122 pass=false
Sep 24 15:16:26.707 INF API: test started suite=0 test=123 name="interop/withdrawal-filter-51 (go-ethereum_trace)"
Sep 24 15:16:26.709 INF API: test ended suite=0 test=123 pass=false
Sep 24 15:16:26.710 INF API: test started suite=0 test=124 name="interop/withdrawal-filter-52 (go-ethereum_trace)"
Sep 24 15:16:26.713 INF API: test ended suite=0 test=124 pass=false
Sep 24 15:16:26.714 INF API: test started suite=0 test=125 name="interop/withdrawal-filter-53 (go-ethereum_trace)"
Sep 24 15:16:26.716 INF API: test ended suite=0 test=125 pass=false
Sep 24 15:16:26.959 INF API: test ended suite=0 test=101 pass=true
Sep 24 15:16:26.961 INF API: test started suite=0 test=126 name="client launch (nethermind_development)"
Sep 24 15:16:34.878 INF API: client nethermind_development started suite=0 test=126 container=74edcaf2
Sep 24 15:16:35.020 INF API: test started suite=0 test=127 name="interop/_control/head (nethermind_development)"
Sep 24 15:16:35.035 INF API: test ended suite=0 test=127 pass=false
Sep 24 15:16:35.036 INF API: test started suite=0 test=128 name="interop/_control/latest (nethermind_development)"
Sep 24 15:16:35.038 INF API: test ended suite=0 test=128 pass=false
Sep 24 15:16:35.039 INF API: test started suite=0 test=129 name="interop/_control/version (nethermind_development)"
Sep 24 15:16:35.042 INF API: test ended suite=0 test=129 pass=false
Sep 24 15:16:35.042 INF API: test started suite=0 test=130 name="interop/_reference/block/0x33 (nethermind_development)"
Sep 24 15:16:35.148 INF API: test ended suite=0 test=130 pass=false
Sep 24 15:16:35.149 INF API: test started suite=0 test=131 name="interop/_reference/block/0x34 (nethermind_development)"
Sep 24 15:16:35.160 INF API: test ended suite=0 test=131 pass=false
Sep 24 15:16:35.161 INF API: test started suite=0 test=132 name="interop/_reference/block/0x35 (nethermind_development)"
Sep 24 15:16:35.164 INF API: test ended suite=0 test=132 pass=false
Sep 24 15:16:35.165 INF API: test started suite=0 test=133 name="interop/beacon-call-55 (nethermind_development)"
Sep 24 15:16:35.209 INF API: test ended suite=0 test=133 pass=false
Sep 24 15:16:35.210 INF API: test started suite=0 test=134 name="interop/beacon-call-56 (nethermind_development)"
Sep 24 15:16:35.212 INF API: test ended suite=0 test=134 pass=false
Sep 24 15:16:35.213 INF API: test started suite=0 test=135 name="interop/control-head (nethermind_development)"
Sep 24 15:16:35.214 INF API: test ended suite=0 test=135 pass=false
Sep 24 15:16:35.215 INF API: test started suite=0 test=136 name="interop/destroy-trace-55 (nethermind_development)"
Sep 24 15:16:35.256 INF API: test ended suite=0 test=136 pass=false
Sep 24 15:16:35.257 INF API: test started suite=0 test=137 name="interop/destroy-trace-56 (nethermind_development)"
Sep 24 15:16:35.261 INF API: test ended suite=0 test=137 pass=false
Sep 24 15:16:35.262 INF API: test started suite=0 test=138 name="interop/system-beacon-55-560 (nethermind_development)"
Sep 24 15:16:35.266 INF API: test ended suite=0 test=138 pass=false
Sep 24 15:16:35.267 INF API: test started suite=0 test=139 name="interop/system-beacon-55-8751 (nethermind_development)"
Sep 24 15:16:35.269 INF API: test ended suite=0 test=139 pass=false
Sep 24 15:16:35.270 INF API: test started suite=0 test=140 name="interop/system-beacon-56-560 (nethermind_development)"
Sep 24 15:16:35.271 INF API: test ended suite=0 test=140 pass=false
Sep 24 15:16:35.271 INF API: test started suite=0 test=141 name="interop/system-beacon-56-8751 (nethermind_development)"
Sep 24 15:16:35.272 INF API: test ended suite=0 test=141 pass=false
Sep 24 15:16:35.273 INF API: test started suite=0 test=142 name="interop/withdrawal-balance-51 (nethermind_development)"
Sep 24 15:16:35.278 INF API: test ended suite=0 test=142 pass=false
Sep 24 15:16:35.278 INF API: test started suite=0 test=143 name="interop/withdrawal-balance-52 (nethermind_development)"
Sep 24 15:16:35.279 INF API: test ended suite=0 test=143 pass=false
Sep 24 15:16:35.280 INF API: test started suite=0 test=144 name="interop/withdrawal-balance-53 (nethermind_development)"
Sep 24 15:16:35.281 INF API: test ended suite=0 test=144 pass=false
Sep 24 15:16:35.282 INF API: test started suite=0 test=145 name="interop/withdrawal-block-51 (nethermind_development)"
Sep 24 15:16:35.302 INF API: test ended suite=0 test=145 pass=false
Sep 24 15:16:35.303 INF API: test started suite=0 test=146 name="interop/withdrawal-block-52 (nethermind_development)"
Sep 24 15:16:35.306 INF API: test ended suite=0 test=146 pass=false
Sep 24 15:16:35.307 INF API: test started suite=0 test=147 name="interop/withdrawal-block-53 (nethermind_development)"
Sep 24 15:16:35.313 INF API: test ended suite=0 test=147 pass=false
Sep 24 15:16:35.313 INF API: test started suite=0 test=148 name="interop/withdrawal-filter-51 (nethermind_development)"
Sep 24 15:16:35.321 INF API: test ended suite=0 test=148 pass=false
Sep 24 15:16:35.322 INF API: test started suite=0 test=149 name="interop/withdrawal-filter-52 (nethermind_development)"
Sep 24 15:16:35.324 INF API: test ended suite=0 test=149 pass=false
Sep 24 15:16:35.325 INF API: test started suite=0 test=150 name="interop/withdrawal-filter-53 (nethermind_development)"
Sep 24 15:16:35.327 INF API: test ended suite=0 test=150 pass=false
Sep 24 15:16:35.610 INF API: test ended suite=0 test=126 pass=true
Sep 24 15:16:35.612 INF API: test started suite=0 test=151 name="client launch (nethermind_release)"
Sep 24 15:16:43.573 INF API: client nethermind_release started suite=0 test=151 container=ecf6cdd3
Sep 24 15:16:43.699 INF API: test started suite=0 test=152 name="interop/_control/head (nethermind_release)"
Sep 24 15:16:43.716 INF API: test ended suite=0 test=152 pass=false
Sep 24 15:16:43.717 INF API: test started suite=0 test=153 name="interop/_control/latest (nethermind_release)"
Sep 24 15:16:43.719 INF API: test ended suite=0 test=153 pass=false
Sep 24 15:16:43.720 INF API: test started suite=0 test=154 name="interop/_control/version (nethermind_release)"
Sep 24 15:16:43.723 INF API: test ended suite=0 test=154 pass=false
Sep 24 15:16:43.724 INF API: test started suite=0 test=155 name="interop/_reference/block/0x33 (nethermind_release)"
Sep 24 15:16:43.787 INF API: test ended suite=0 test=155 pass=false
Sep 24 15:16:43.789 INF API: test started suite=0 test=156 name="interop/_reference/block/0x34 (nethermind_release)"
Sep 24 15:16:43.792 INF API: test ended suite=0 test=156 pass=false
Sep 24 15:16:43.793 INF API: test started suite=0 test=157 name="interop/_reference/block/0x35 (nethermind_release)"
Sep 24 15:16:43.795 INF API: test ended suite=0 test=157 pass=false
Sep 24 15:16:43.796 INF API: test started suite=0 test=158 name="interop/beacon-call-55 (nethermind_release)"
Sep 24 15:16:43.836 INF API: test ended suite=0 test=158 pass=false
Sep 24 15:16:43.837 INF API: test started suite=0 test=159 name="interop/beacon-call-56 (nethermind_release)"
Sep 24 15:16:43.839 INF API: test ended suite=0 test=159 pass=false
Sep 24 15:16:43.840 INF API: test started suite=0 test=160 name="interop/control-head (nethermind_release)"
Sep 24 15:16:43.842 INF API: test ended suite=0 test=160 pass=false
Sep 24 15:16:43.843 INF API: test started suite=0 test=161 name="interop/destroy-trace-55 (nethermind_release)"
Sep 24 15:16:43.865 INF API: test ended suite=0 test=161 pass=false
Sep 24 15:16:43.866 INF API: test started suite=0 test=162 name="interop/destroy-trace-56 (nethermind_release)"
Sep 24 15:16:43.869 INF API: test ended suite=0 test=162 pass=false
Sep 24 15:16:43.869 INF API: test started suite=0 test=163 name="interop/system-beacon-55-560 (nethermind_release)"
Sep 24 15:16:43.874 INF API: test ended suite=0 test=163 pass=false
Sep 24 15:16:43.875 INF API: test started suite=0 test=164 name="interop/system-beacon-55-8751 (nethermind_release)"
Sep 24 15:16:43.876 INF API: test ended suite=0 test=164 pass=false
Sep 24 15:16:43.877 INF API: test started suite=0 test=165 name="interop/system-beacon-56-560 (nethermind_release)"
Sep 24 15:16:43.877 INF API: test ended suite=0 test=165 pass=false
Sep 24 15:16:43.878 INF API: test started suite=0 test=166 name="interop/system-beacon-56-8751 (nethermind_release)"
Sep 24 15:16:43.879 INF API: test ended suite=0 test=166 pass=false
Sep 24 15:16:43.880 INF API: test started suite=0 test=167 name="interop/withdrawal-balance-51 (nethermind_release)"
Sep 24 15:16:43.884 INF API: test ended suite=0 test=167 pass=false
Sep 24 15:16:43.884 INF API: test started suite=0 test=168 name="interop/withdrawal-balance-52 (nethermind_release)"
Sep 24 15:16:43.886 INF API: test ended suite=0 test=168 pass=false
Sep 24 15:16:43.886 INF API: test started suite=0 test=169 name="interop/withdrawal-balance-53 (nethermind_release)"
Sep 24 15:16:43.887 INF API: test ended suite=0 test=169 pass=false
Sep 24 15:16:43.888 INF API: test started suite=0 test=170 name="interop/withdrawal-block-51 (nethermind_release)"
Sep 24 15:16:43.907 INF API: test ended suite=0 test=170 pass=false
Sep 24 15:16:43.908 INF API: test started suite=0 test=171 name="interop/withdrawal-block-52 (nethermind_release)"
Sep 24 15:16:43.910 INF API: test ended suite=0 test=171 pass=false
Sep 24 15:16:43.911 INF API: test started suite=0 test=172 name="interop/withdrawal-block-53 (nethermind_release)"
Sep 24 15:16:43.917 INF API: test ended suite=0 test=172 pass=false
Sep 24 15:16:43.917 INF API: test started suite=0 test=173 name="interop/withdrawal-filter-51 (nethermind_release)"
Sep 24 15:16:43.925 INF API: test ended suite=0 test=173 pass=false
Sep 24 15:16:43.926 INF API: test started suite=0 test=174 name="interop/withdrawal-filter-52 (nethermind_release)"
Sep 24 15:16:43.928 INF API: test ended suite=0 test=174 pass=false
Sep 24 15:16:43.929 INF API: test started suite=0 test=175 name="interop/withdrawal-filter-53 (nethermind_release)"
Sep 24 15:16:43.930 INF API: test ended suite=0 test=175 pass=false
Sep 24 15:16:44.241 INF API: test ended suite=0 test=151 pass=true
Sep 24 15:16:44.243 INF API: test started suite=0 test=176 name="client launch (reth_development)"
Sep 24 15:16:46.528 INF API: client reth_development started suite=0 test=176 container=3ca51805
Sep 24 15:16:46.544 INF API: test started suite=0 test=177 name="interop/_control/head (reth_development)"
Sep 24 15:16:46.546 INF API: test ended suite=0 test=177 pass=false
Sep 24 15:16:46.546 INF API: test started suite=0 test=178 name="interop/_control/latest (reth_development)"
Sep 24 15:16:46.548 INF API: test ended suite=0 test=178 pass=false
Sep 24 15:16:46.549 INF API: test started suite=0 test=179 name="interop/_control/version (reth_development)"
Sep 24 15:16:46.550 INF API: test ended suite=0 test=179 pass=false
Sep 24 15:16:46.551 INF API: test started suite=0 test=180 name="interop/_reference/block/0x33 (reth_development)"
Sep 24 15:16:46.554 INF API: test ended suite=0 test=180 pass=false
Sep 24 15:16:46.554 INF API: test started suite=0 test=181 name="interop/_reference/block/0x34 (reth_development)"
Sep 24 15:16:46.556 INF API: test ended suite=0 test=181 pass=false
Sep 24 15:16:46.557 INF API: test started suite=0 test=182 name="interop/_reference/block/0x35 (reth_development)"
Sep 24 15:16:46.559 INF API: test ended suite=0 test=182 pass=false
Sep 24 15:16:46.559 INF API: test started suite=0 test=183 name="interop/beacon-call-55 (reth_development)"
Sep 24 15:16:46.561 INF API: test ended suite=0 test=183 pass=false
Sep 24 15:16:46.561 INF API: test started suite=0 test=184 name="interop/beacon-call-56 (reth_development)"
Sep 24 15:16:46.563 INF API: test ended suite=0 test=184 pass=false
Sep 24 15:16:46.564 INF API: test started suite=0 test=185 name="interop/control-head (reth_development)"
Sep 24 15:16:46.565 INF API: test ended suite=0 test=185 pass=false
Sep 24 15:16:46.566 INF API: test started suite=0 test=186 name="interop/destroy-trace-55 (reth_development)"
Sep 24 15:16:46.568 INF API: test ended suite=0 test=186 pass=false
Sep 24 15:16:46.569 INF API: test started suite=0 test=187 name="interop/destroy-trace-56 (reth_development)"
Sep 24 15:16:46.570 INF API: test ended suite=0 test=187 pass=false
Sep 24 15:16:46.571 INF API: test started suite=0 test=188 name="interop/system-beacon-55-560 (reth_development)"
Sep 24 15:16:46.572 INF API: test ended suite=0 test=188 pass=false
Sep 24 15:16:46.573 INF API: test started suite=0 test=189 name="interop/system-beacon-55-8751 (reth_development)"
Sep 24 15:16:46.574 INF API: test ended suite=0 test=189 pass=false
Sep 24 15:16:46.575 INF API: test started suite=0 test=190 name="interop/system-beacon-56-560 (reth_development)"
Sep 24 15:16:46.576 INF API: test ended suite=0 test=190 pass=false
Sep 24 15:16:46.577 INF API: test started suite=0 test=191 name="interop/system-beacon-56-8751 (reth_development)"
Sep 24 15:16:46.578 INF API: test ended suite=0 test=191 pass=false
Sep 24 15:16:46.578 INF API: test started suite=0 test=192 name="interop/withdrawal-balance-51 (reth_development)"
Sep 24 15:16:46.580 INF API: test ended suite=0 test=192 pass=false
Sep 24 15:16:46.580 INF API: test started suite=0 test=193 name="interop/withdrawal-balance-52 (reth_development)"
Sep 24 15:16:46.581 INF API: test ended suite=0 test=193 pass=false
Sep 24 15:16:46.582 INF API: test started suite=0 test=194 name="interop/withdrawal-balance-53 (reth_development)"
Sep 24 15:16:46.583 INF API: test ended suite=0 test=194 pass=false
Sep 24 15:16:46.584 INF API: test started suite=0 test=195 name="interop/withdrawal-block-51 (reth_development)"
Sep 24 15:16:46.586 INF API: test ended suite=0 test=195 pass=false
Sep 24 15:16:46.586 INF API: test started suite=0 test=196 name="interop/withdrawal-block-52 (reth_development)"
Sep 24 15:16:46.588 INF API: test ended suite=0 test=196 pass=false
Sep 24 15:16:46.589 INF API: test started suite=0 test=197 name="interop/withdrawal-block-53 (reth_development)"
Sep 24 15:16:46.591 INF API: test ended suite=0 test=197 pass=false
Sep 24 15:16:46.592 INF API: test started suite=0 test=198 name="interop/withdrawal-filter-51 (reth_development)"
Sep 24 15:16:46.594 INF API: test ended suite=0 test=198 pass=false
Sep 24 15:16:46.595 INF API: test started suite=0 test=199 name="interop/withdrawal-filter-52 (reth_development)"
Sep 24 15:16:46.596 INF API: test ended suite=0 test=199 pass=false
Sep 24 15:16:46.596 INF API: test started suite=0 test=200 name="interop/withdrawal-filter-53 (reth_development)"
Sep 24 15:16:46.598 INF API: test ended suite=0 test=200 pass=false
Sep 24 15:16:46.884 INF API: test ended suite=0 test=176 pass=true
Sep 24 15:16:46.886 INF API: test started suite=0 test=201 name="client launch (reth_release)"
Sep 24 15:16:49.159 INF API: client reth_release started suite=0 test=201 container=9632f3e5
Sep 24 15:16:49.175 INF API: test started suite=0 test=202 name="interop/_control/head (reth_release)"
Sep 24 15:16:49.177 INF API: test ended suite=0 test=202 pass=false
Sep 24 15:16:49.178 INF API: test started suite=0 test=203 name="interop/_control/latest (reth_release)"
Sep 24 15:16:49.181 INF API: test ended suite=0 test=203 pass=false
Sep 24 15:16:49.182 INF API: test started suite=0 test=204 name="interop/_control/version (reth_release)"
Sep 24 15:16:49.183 INF API: test ended suite=0 test=204 pass=false
Sep 24 15:16:49.184 INF API: test started suite=0 test=205 name="interop/_reference/block/0x33 (reth_release)"
Sep 24 15:16:49.187 INF API: test ended suite=0 test=205 pass=false
Sep 24 15:16:49.187 INF API: test started suite=0 test=206 name="interop/_reference/block/0x34 (reth_release)"
Sep 24 15:16:49.189 INF API: test ended suite=0 test=206 pass=false
Sep 24 15:16:49.189 INF API: test started suite=0 test=207 name="interop/_reference/block/0x35 (reth_release)"
Sep 24 15:16:49.191 INF API: test ended suite=0 test=207 pass=false
Sep 24 15:16:49.192 INF API: test started suite=0 test=208 name="interop/beacon-call-55 (reth_release)"
Sep 24 15:16:49.194 INF API: test ended suite=0 test=208 pass=false
Sep 24 15:16:49.194 INF API: test started suite=0 test=209 name="interop/beacon-call-56 (reth_release)"
Sep 24 15:16:49.196 INF API: test ended suite=0 test=209 pass=false
Sep 24 15:16:49.196 INF API: test started suite=0 test=210 name="interop/control-head (reth_release)"
Sep 24 15:16:49.198 INF API: test ended suite=0 test=210 pass=false
Sep 24 15:16:49.199 INF API: test started suite=0 test=211 name="interop/destroy-trace-55 (reth_release)"
Sep 24 15:16:49.200 INF API: test ended suite=0 test=211 pass=false
Sep 24 15:16:49.201 INF API: test started suite=0 test=212 name="interop/destroy-trace-56 (reth_release)"
Sep 24 15:16:49.202 INF API: test ended suite=0 test=212 pass=false
Sep 24 15:16:49.203 INF API: test started suite=0 test=213 name="interop/system-beacon-55-560 (reth_release)"
Sep 24 15:16:49.205 INF API: test ended suite=0 test=213 pass=false
Sep 24 15:16:49.205 INF API: test started suite=0 test=214 name="interop/system-beacon-55-8751 (reth_release)"
Sep 24 15:16:49.206 INF API: test ended suite=0 test=214 pass=false
Sep 24 15:16:49.207 INF API: test started suite=0 test=215 name="interop/system-beacon-56-560 (reth_release)"
Sep 24 15:16:49.209 INF API: test ended suite=0 test=215 pass=false
Sep 24 15:16:49.211 INF API: test started suite=0 test=216 name="interop/system-beacon-56-8751 (reth_release)"
Sep 24 15:16:49.214 INF API: test ended suite=0 test=216 pass=false
Sep 24 15:16:49.215 INF API: test started suite=0 test=217 name="interop/withdrawal-balance-51 (reth_release)"
Sep 24 15:16:49.216 INF API: test ended suite=0 test=217 pass=false
Sep 24 15:16:49.217 INF API: test started suite=0 test=218 name="interop/withdrawal-balance-52 (reth_release)"
Sep 24 15:16:49.218 INF API: test ended suite=0 test=218 pass=false
Sep 24 15:16:49.219 INF API: test started suite=0 test=219 name="interop/withdrawal-balance-53 (reth_release)"
Sep 24 15:16:49.220 INF API: test ended suite=0 test=219 pass=false
Sep 24 15:16:49.221 INF API: test started suite=0 test=220 name="interop/withdrawal-block-51 (reth_release)"
Sep 24 15:16:49.223 INF API: test ended suite=0 test=220 pass=false
Sep 24 15:16:49.223 INF API: test started suite=0 test=221 name="interop/withdrawal-block-52 (reth_release)"
Sep 24 15:16:49.225 INF API: test ended suite=0 test=221 pass=false
Sep 24 15:16:49.226 INF API: test started suite=0 test=222 name="interop/withdrawal-block-53 (reth_release)"
Sep 24 15:16:49.228 INF API: test ended suite=0 test=222 pass=false
Sep 24 15:16:49.228 INF API: test started suite=0 test=223 name="interop/withdrawal-filter-51 (reth_release)"
Sep 24 15:16:49.230 INF API: test ended suite=0 test=223 pass=false
Sep 24 15:16:49.231 INF API: test started suite=0 test=224 name="interop/withdrawal-filter-52 (reth_release)"
Sep 24 15:16:49.233 INF API: test ended suite=0 test=224 pass=false
Sep 24 15:16:49.234 INF API: test started suite=0 test=225 name="interop/withdrawal-filter-53 (reth_release)"
Sep 24 15:16:49.235 INF API: test ended suite=0 test=225 pass=false
Sep 24 15:16:49.494 INF API: test ended suite=0 test=201 pass=true
Sep 24 15:16:49.503 INF API: suite ended suite=0
Sep 24 15:16:49.901 INF simulation ethereum/rpc-compat finished suites=1 tests=225 failed=216
216 tests failed
