Sep 23 03:48:45.734 INF building image image=hive/hiveproxy nocache=false pull=false
Sep 23 03:48:45.873 INF building 8 clients...
Sep 23 03:48:45.873 INF building image image=hive/clients/besu_development:latest dir=clients/besu nocache=false pull=false baseimage=trace-interop/besu tag=a85249905183f65c98c9e8c282955e40487c4ff8af8db8b8e306d58292231744
Sep 23 03:48:46.267 INF building image image=hive/clients/besu_release:latest dir=clients/besu nocache=false pull=false baseimage=trace-interop/besu tag=f3713c713ca4f9e89c09e1478d2a85116ba9ce8343129d709420ba2af009598b
Sep 23 03:48:46.718 INF building image image=hive/clients/erigon_development:latest dir=clients/erigon nocache=false pull=false baseimage=trace-interop/erigon tag=8269576669f1b4a55572ee7d1a7e4489244cd57bb545293391d1ebd5e0fac002
Sep 23 03:48:46.956 INF building image image=hive/clients/erigon_release:latest dir=clients/erigon nocache=false pull=false baseimage=trace-interop/erigon tag=8668d9c5adc01ad1d12aa25380e384079080bdde7e0ce93f11bed422d82ca0ac
Sep 23 03:49:43.589 INF building image image=hive/clients/nethermind_development:latest dir=clients/nethermind nocache=false pull=false baseimage=trace-interop/nethermind tag=e68f6cd253c312443b306b7e1e61381a38fd174dd16fe7e9bc55487245718182
Sep 23 03:49:43.742 INF building image image=hive/clients/nethermind_release:latest dir=clients/nethermind nocache=false pull=false baseimage=trace-interop/nethermind tag=a5098d75bfa8d4da1992ba8404b357fde6d53241315396e26b88e16e5f67bb59
Sep 23 03:49:43.901 INF building image image=hive/clients/reth_development:latest dir=clients/reth nocache=false pull=false baseimage=trace-interop/reth tag=1d6a97ef686d7c6099c5426c77334ca5891ce5d362fe5f3049ac2ea0df76de86
Sep 23 03:49:44.055 INF building image image=hive/clients/reth_release:latest dir=clients/reth nocache=false pull=false baseimage=trace-interop/reth tag=e939dc4a471d9d27224e430f607a954d692ca5037a1350ee2036397d14532ca7
Sep 23 03:49:44.188 INF building 1 simulators...
Sep 23 03:49:44.188 INF building image image=hive/simulators/ethereum/rpc-compat:latest dir=simulators/ethereum/rpc-compat nocache=false pull=false
Sep 23 03:50:06.171 INF creating output directory folder=/home/banteg/dev/trace-harness-audit-2/evidence/2026-09-23/harness-audit-2-native-isolation-verified/hive
Sep 23 03:50:06.360 INF running simulation: ethereum/rpc-compat
Sep 23 03:50:06.657 INF hiveproxy started container=d0ce57aa9c58 addr=172.17.0.2:8081
Sep 23 03:50:06.965 INF API: suite started suite=0 name=rpc-compat
Sep 23 03:50:06.967 INF API: test started suite=0 test=1 name="client launch (besu_development)"
Sep 23 03:50:16.205 INF API: client besu_development started suite=0 test=1 container=e825ad8c
Sep 23 03:50:16.720 INF API: test started suite=0 test=2 name="interop/_control/head (besu_development)"
Sep 23 03:50:16.750 INF API: test ended suite=0 test=2 pass=false
Sep 23 03:50:16.753 INF API: test started suite=0 test=3 name="interop/_control/latest (besu_development)"
Sep 23 03:50:16.782 INF API: test ended suite=0 test=3 pass=false
Sep 23 03:50:16.786 INF API: test started suite=0 test=4 name="interop/_control/version (besu_development)"
Sep 23 03:50:16.796 INF API: test ended suite=0 test=4 pass=false
Sep 23 03:50:16.798 INF API: test started suite=0 test=5 name="interop/before/code (besu_development)"
Sep 23 03:50:16.818 INF API: test ended suite=0 test=5 pass=false
Sep 23 03:50:16.819 INF API: test started suite=0 test=6 name="interop/before/control-nonce (besu_development)"
Sep 23 03:50:16.833 INF API: test ended suite=0 test=6 pass=false
Sep 23 03:50:16.835 INF API: test started suite=0 test=7 name="interop/before/storage (besu_development)"
Sep 23 03:50:16.855 INF API: test ended suite=0 test=7 pass=false
Sep 23 03:50:16.857 INF API: test started suite=0 test=8 name="interop/write-read/many-storage-write-read (besu_development)"
Sep 23 03:50:16.981 INF API: test ended suite=0 test=8 pass=false
Sep 23 03:50:16.982 INF API: test started suite=0 test=9 name="interop/after-write-read/storage (besu_development)"
Sep 23 03:50:16.993 INF API: test ended suite=0 test=9 pass=false
Sep 23 03:50:16.996 INF API: test started suite=0 test=10 name="interop/write-revert-read/many-storage-write-revert-read (besu_development)"
Sep 23 03:50:17.028 INF API: test ended suite=0 test=10 pass=false
Sep 23 03:50:17.030 INF API: test started suite=0 test=11 name="interop/after-write-revert-read/storage (besu_development)"
Sep 23 03:50:17.050 INF API: test ended suite=0 test=11 pass=false
Sep 23 03:50:17.383 INF API: test ended suite=0 test=1 pass=true
Sep 23 03:50:17.385 INF API: test started suite=0 test=12 name="client launch (besu_release)"
Sep 23 03:50:26.634 INF API: client besu_release started suite=0 test=12 container=0e5b9374
Sep 23 03:50:27.008 INF API: test started suite=0 test=13 name="interop/_control/head (besu_release)"
Sep 23 03:50:27.027 INF API: test ended suite=0 test=13 pass=false
Sep 23 03:50:27.028 INF API: test started suite=0 test=14 name="interop/_control/latest (besu_release)"
Sep 23 03:50:27.047 INF API: test ended suite=0 test=14 pass=false
Sep 23 03:50:27.048 INF API: test started suite=0 test=15 name="interop/_control/version (besu_release)"
Sep 23 03:50:27.061 INF API: test ended suite=0 test=15 pass=false
Sep 23 03:50:27.063 INF API: test started suite=0 test=16 name="interop/before/code (besu_release)"
Sep 23 03:50:27.087 INF API: test ended suite=0 test=16 pass=false
Sep 23 03:50:27.088 INF API: test started suite=0 test=17 name="interop/before/control-nonce (besu_release)"
Sep 23 03:50:27.101 INF API: test ended suite=0 test=17 pass=false
Sep 23 03:50:27.102 INF API: test started suite=0 test=18 name="interop/before/storage (besu_release)"
Sep 23 03:50:27.118 INF API: test ended suite=0 test=18 pass=false
Sep 23 03:50:27.120 INF API: test started suite=0 test=19 name="interop/write-read/many-storage-write-read (besu_release)"
Sep 23 03:50:27.213 INF API: test ended suite=0 test=19 pass=false
Sep 23 03:50:27.214 INF API: test started suite=0 test=20 name="interop/after-write-read/storage (besu_release)"
Sep 23 03:50:27.226 INF API: test ended suite=0 test=20 pass=false
Sep 23 03:50:27.227 INF API: test started suite=0 test=21 name="interop/write-revert-read/many-storage-write-revert-read (besu_release)"
Sep 23 03:50:27.254 INF API: test ended suite=0 test=21 pass=false
Sep 23 03:50:27.256 INF API: test started suite=0 test=22 name="interop/after-write-revert-read/storage (besu_release)"
Sep 23 03:50:27.267 INF API: test ended suite=0 test=22 pass=false
Sep 23 03:50:27.579 INF API: test ended suite=0 test=12 pass=true
Sep 23 03:50:27.580 INF API: test started suite=0 test=23 name="client launch (erigon_development)"
Sep 23 03:50:29.003 INF API: client erigon_development started suite=0 test=23 container=f3206a7f
Sep 23 03:50:29.018 INF API: test started suite=0 test=24 name="interop/_control/head (erigon_development)"
Sep 23 03:50:29.021 INF API: test ended suite=0 test=24 pass=false
Sep 23 03:50:29.022 INF API: test started suite=0 test=25 name="interop/_control/latest (erigon_development)"
Sep 23 03:50:29.023 INF API: test ended suite=0 test=25 pass=false
Sep 23 03:50:29.024 INF API: test started suite=0 test=26 name="interop/_control/version (erigon_development)"
Sep 23 03:50:29.024 INF API: test ended suite=0 test=26 pass=false
Sep 23 03:50:29.025 INF API: test started suite=0 test=27 name="interop/before/code (erigon_development)"
Sep 23 03:50:29.026 INF API: test ended suite=0 test=27 pass=false
Sep 23 03:50:29.027 INF API: test started suite=0 test=28 name="interop/before/control-nonce (erigon_development)"
Sep 23 03:50:29.029 INF API: test ended suite=0 test=28 pass=false
Sep 23 03:50:29.029 INF API: test started suite=0 test=29 name="interop/before/storage (erigon_development)"
Sep 23 03:50:29.030 INF API: test ended suite=0 test=29 pass=false
Sep 23 03:50:29.031 INF API: test started suite=0 test=30 name="interop/write-read/many-storage-write-read (erigon_development)"
Sep 23 03:50:29.033 INF API: test ended suite=0 test=30 pass=false
Sep 23 03:50:29.034 INF API: test started suite=0 test=31 name="interop/after-write-read/storage (erigon_development)"
Sep 23 03:50:29.035 INF API: test ended suite=0 test=31 pass=false
Sep 23 03:50:29.036 INF API: test started suite=0 test=32 name="interop/write-revert-read/many-storage-write-revert-read (erigon_development)"
Sep 23 03:50:29.038 INF API: test ended suite=0 test=32 pass=false
Sep 23 03:50:29.039 INF API: test started suite=0 test=33 name="interop/after-write-revert-read/storage (erigon_development)"
Sep 23 03:50:29.040 INF API: test ended suite=0 test=33 pass=false
Sep 23 03:50:29.413 INF API: test ended suite=0 test=23 pass=true
Sep 23 03:50:29.414 INF API: test started suite=0 test=34 name="client launch (erigon_release)"
Sep 23 03:50:30.919 INF API: client erigon_release started suite=0 test=34 container=af3e29f8
Sep 23 03:50:30.935 INF API: test started suite=0 test=35 name="interop/_control/head (erigon_release)"
Sep 23 03:50:30.936 INF API: test ended suite=0 test=35 pass=false
Sep 23 03:50:30.937 INF API: test started suite=0 test=36 name="interop/_control/latest (erigon_release)"
Sep 23 03:50:30.939 INF API: test ended suite=0 test=36 pass=false
Sep 23 03:50:30.940 INF API: test started suite=0 test=37 name="interop/_control/version (erigon_release)"
Sep 23 03:50:30.942 INF API: test ended suite=0 test=37 pass=false
Sep 23 03:50:30.943 INF API: test started suite=0 test=38 name="interop/before/code (erigon_release)"
Sep 23 03:50:30.944 INF API: test ended suite=0 test=38 pass=false
Sep 23 03:50:30.945 INF API: test started suite=0 test=39 name="interop/before/control-nonce (erigon_release)"
Sep 23 03:50:30.945 INF API: test ended suite=0 test=39 pass=false
Sep 23 03:50:30.946 INF API: test started suite=0 test=40 name="interop/before/storage (erigon_release)"
Sep 23 03:50:30.947 INF API: test ended suite=0 test=40 pass=false
Sep 23 03:50:30.948 INF API: test started suite=0 test=41 name="interop/write-read/many-storage-write-read (erigon_release)"
Sep 23 03:50:30.950 INF API: test ended suite=0 test=41 pass=false
Sep 23 03:50:30.950 INF API: test started suite=0 test=42 name="interop/after-write-read/storage (erigon_release)"
Sep 23 03:50:30.951 INF API: test ended suite=0 test=42 pass=false
Sep 23 03:50:30.952 INF API: test started suite=0 test=43 name="interop/write-revert-read/many-storage-write-revert-read (erigon_release)"
Sep 23 03:50:30.953 INF API: test ended suite=0 test=43 pass=false
Sep 23 03:50:30.954 INF API: test started suite=0 test=44 name="interop/after-write-revert-read/storage (erigon_release)"
Sep 23 03:50:30.955 INF API: test ended suite=0 test=44 pass=false
Sep 23 03:50:31.330 INF API: test ended suite=0 test=34 pass=true
Sep 23 03:50:31.331 INF API: test started suite=0 test=45 name="client launch (nethermind_development)"
Sep 23 03:50:39.798 INF API: client nethermind_development started suite=0 test=45 container=3a1266c2
Sep 23 03:50:39.941 INF API: test started suite=0 test=46 name="interop/_control/head (nethermind_development)"
Sep 23 03:50:39.957 INF API: test ended suite=0 test=46 pass=false
Sep 23 03:50:39.958 INF API: test started suite=0 test=47 name="interop/_control/latest (nethermind_development)"
Sep 23 03:50:39.960 INF API: test ended suite=0 test=47 pass=false
Sep 23 03:50:39.961 INF API: test started suite=0 test=48 name="interop/_control/version (nethermind_development)"
Sep 23 03:50:39.963 INF API: test ended suite=0 test=48 pass=false
Sep 23 03:50:39.965 INF API: test started suite=0 test=49 name="interop/before/code (nethermind_development)"
Sep 23 03:50:39.967 INF API: test ended suite=0 test=49 pass=false
Sep 23 03:50:39.968 INF API: test started suite=0 test=50 name="interop/before/control-nonce (nethermind_development)"
Sep 23 03:50:39.972 INF API: test ended suite=0 test=50 pass=false
Sep 23 03:50:39.973 INF API: test started suite=0 test=51 name="interop/before/storage (nethermind_development)"
Sep 23 03:50:39.977 INF API: test ended suite=0 test=51 pass=false
Sep 23 03:50:39.977 INF API: test started suite=0 test=52 name="interop/write-read/many-storage-write-read (nethermind_development)"
Sep 23 03:50:40.121 INF API: test ended suite=0 test=52 pass=false
Sep 23 03:50:40.123 INF API: test started suite=0 test=53 name="interop/after-write-read/storage (nethermind_development)"
Sep 23 03:50:40.138 INF API: test ended suite=0 test=53 pass=false
Sep 23 03:50:40.139 INF API: test started suite=0 test=54 name="interop/write-revert-read/many-storage-write-revert-read (nethermind_development)"
Sep 23 03:50:40.146 INF API: test ended suite=0 test=54 pass=false
Sep 23 03:50:40.147 INF API: test started suite=0 test=55 name="interop/after-write-revert-read/storage (nethermind_development)"
Sep 23 03:50:40.149 INF API: test ended suite=0 test=55 pass=false
Sep 23 03:50:40.426 INF API: test ended suite=0 test=45 pass=true
Sep 23 03:50:40.427 INF API: test started suite=0 test=56 name="client launch (nethermind_release)"
Sep 23 03:50:47.881 INF API: client nethermind_release started suite=0 test=56 container=b3d2daee
Sep 23 03:50:48.034 INF API: test started suite=0 test=57 name="interop/_control/head (nethermind_release)"
Sep 23 03:50:48.044 INF API: test ended suite=0 test=57 pass=false
Sep 23 03:50:48.046 INF API: test started suite=0 test=58 name="interop/_control/latest (nethermind_release)"
Sep 23 03:50:48.048 INF API: test ended suite=0 test=58 pass=false
Sep 23 03:50:48.049 INF API: test started suite=0 test=59 name="interop/_control/version (nethermind_release)"
Sep 23 03:50:48.051 INF API: test ended suite=0 test=59 pass=false
Sep 23 03:50:48.052 INF API: test started suite=0 test=60 name="interop/before/code (nethermind_release)"
Sep 23 03:50:48.055 INF API: test ended suite=0 test=60 pass=false
Sep 23 03:50:48.055 INF API: test started suite=0 test=61 name="interop/before/control-nonce (nethermind_release)"
Sep 23 03:50:48.060 INF API: test ended suite=0 test=61 pass=false
Sep 23 03:50:48.061 INF API: test started suite=0 test=62 name="interop/before/storage (nethermind_release)"
Sep 23 03:50:48.064 INF API: test ended suite=0 test=62 pass=false
Sep 23 03:50:48.065 INF API: test started suite=0 test=63 name="interop/write-read/many-storage-write-read (nethermind_release)"
Sep 23 03:50:48.189 INF API: test ended suite=0 test=63 pass=false
Sep 23 03:50:48.190 INF API: test started suite=0 test=64 name="interop/after-write-read/storage (nethermind_release)"
Sep 23 03:50:48.193 INF API: test ended suite=0 test=64 pass=false
Sep 23 03:50:48.194 INF API: test started suite=0 test=65 name="interop/write-revert-read/many-storage-write-revert-read (nethermind_release)"
Sep 23 03:50:48.199 INF API: test ended suite=0 test=65 pass=false
Sep 23 03:50:48.199 INF API: test started suite=0 test=66 name="interop/after-write-revert-read/storage (nethermind_release)"
Sep 23 03:50:48.201 INF API: test ended suite=0 test=66 pass=false
Sep 23 03:50:49.310 INF API: test ended suite=0 test=56 pass=true
Sep 23 03:50:49.312 INF API: test started suite=0 test=67 name="client launch (reth_development)"
Sep 23 03:50:50.000 INF API: client reth_development started suite=0 test=67 container=e73bfd07
Sep 23 03:50:50.003 INF API: test started suite=0 test=68 name="interop/_control/head (reth_development)"
Sep 23 03:50:50.006 INF API: test ended suite=0 test=68 pass=false
Sep 23 03:50:50.007 INF API: test started suite=0 test=69 name="interop/_control/latest (reth_development)"
Sep 23 03:50:50.012 INF API: test ended suite=0 test=69 pass=false
Sep 23 03:50:50.013 INF API: test started suite=0 test=70 name="interop/_control/version (reth_development)"
Sep 23 03:50:50.015 INF API: test ended suite=0 test=70 pass=false
Sep 23 03:50:50.015 INF API: test started suite=0 test=71 name="interop/before/code (reth_development)"
Sep 23 03:50:50.018 INF API: test ended suite=0 test=71 pass=false
Sep 23 03:50:50.018 INF API: test started suite=0 test=72 name="interop/before/control-nonce (reth_development)"
Sep 23 03:50:50.021 INF API: test ended suite=0 test=72 pass=false
Sep 23 03:50:50.022 INF API: test started suite=0 test=73 name="interop/before/storage (reth_development)"
Sep 23 03:50:50.024 INF API: test ended suite=0 test=73 pass=false
Sep 23 03:50:50.026 INF API: test started suite=0 test=74 name="interop/write-read/many-storage-write-read (reth_development)"
Sep 23 03:50:50.030 INF API: test ended suite=0 test=74 pass=false
Sep 23 03:50:50.031 INF API: test started suite=0 test=75 name="interop/after-write-read/storage (reth_development)"
Sep 23 03:50:50.034 INF API: test ended suite=0 test=75 pass=false
Sep 23 03:50:50.035 INF API: test started suite=0 test=76 name="interop/write-revert-read/many-storage-write-revert-read (reth_development)"
Sep 23 03:50:50.038 INF API: test ended suite=0 test=76 pass=false
Sep 23 03:50:50.039 INF API: test started suite=0 test=77 name="interop/after-write-revert-read/storage (reth_development)"
Sep 23 03:50:50.041 INF API: test ended suite=0 test=77 pass=false
Sep 23 03:50:50.215 INF API: test ended suite=0 test=67 pass=true
Sep 23 03:50:50.217 INF API: test started suite=0 test=78 name="client launch (reth_release)"
Sep 23 03:50:50.908 INF API: client reth_release started suite=0 test=78 container=46cd7574
Sep 23 03:50:50.912 INF API: test started suite=0 test=79 name="interop/_control/head (reth_release)"
Sep 23 03:50:50.915 INF API: test ended suite=0 test=79 pass=false
Sep 23 03:50:50.916 INF API: test started suite=0 test=80 name="interop/_control/latest (reth_release)"
Sep 23 03:50:50.918 INF API: test ended suite=0 test=80 pass=false
Sep 23 03:50:50.919 INF API: test started suite=0 test=81 name="interop/_control/version (reth_release)"
Sep 23 03:50:50.921 INF API: test ended suite=0 test=81 pass=false
Sep 23 03:50:50.922 INF API: test started suite=0 test=82 name="interop/before/code (reth_release)"
Sep 23 03:50:50.925 INF API: test ended suite=0 test=82 pass=false
Sep 23 03:50:50.926 INF API: test started suite=0 test=83 name="interop/before/control-nonce (reth_release)"
Sep 23 03:50:50.929 INF API: test ended suite=0 test=83 pass=false
Sep 23 03:50:50.930 INF API: test started suite=0 test=84 name="interop/before/storage (reth_release)"
Sep 23 03:50:50.931 INF API: test ended suite=0 test=84 pass=false
Sep 23 03:50:50.932 INF API: test started suite=0 test=85 name="interop/write-read/many-storage-write-read (reth_release)"
Sep 23 03:50:50.935 INF API: test ended suite=0 test=85 pass=false
Sep 23 03:50:50.935 INF API: test started suite=0 test=86 name="interop/after-write-read/storage (reth_release)"
Sep 23 03:50:50.938 INF API: test ended suite=0 test=86 pass=false
Sep 23 03:50:50.939 INF API: test started suite=0 test=87 name="interop/write-revert-read/many-storage-write-revert-read (reth_release)"
Sep 23 03:50:50.942 INF API: test ended suite=0 test=87 pass=false
Sep 23 03:50:50.942 INF API: test started suite=0 test=88 name="interop/after-write-revert-read/storage (reth_release)"
Sep 23 03:50:50.945 INF API: test ended suite=0 test=88 pass=false
Sep 23 03:50:51.097 INF API: test ended suite=0 test=78 pass=true
Sep 23 03:50:51.105 INF API: suite ended suite=0
Sep 23 03:50:51.377 INF simulation ethereum/rpc-compat finished suites=1 tests=88 failed=80
80 tests failed
