Sep 21 21:08:59.697 INF building image image=hive/hiveproxy nocache=false pull=false
Sep 21 21:08:59.720 INF building 8 clients...
Sep 21 21:08:59.720 INF building image image=hive/clients/besu_development:latest dir=clients/besu nocache=false pull=false baseimage=trace-interop/besu tag=a85249905183f65c98c9e8c282955e40487c4ff8af8db8b8e306d58292231744
Sep 21 21:08:59.747 INF building image image=hive/clients/besu_release:latest dir=clients/besu nocache=false pull=false baseimage=trace-interop/besu tag=f3713c713ca4f9e89c09e1478d2a85116ba9ce8343129d709420ba2af009598b
Sep 21 21:08:59.779 INF building image image=hive/clients/erigon_development:latest dir=clients/erigon nocache=false pull=false baseimage=trace-interop/erigon tag=8269576669f1b4a55572ee7d1a7e4489244cd57bb545293391d1ebd5e0fac002
Sep 21 21:08:59.809 INF building image image=hive/clients/erigon_release:latest dir=clients/erigon nocache=false pull=false baseimage=trace-interop/erigon tag=8668d9c5adc01ad1d12aa25380e384079080bdde7e0ce93f11bed422d82ca0ac
Sep 21 21:09:41.912 INF building image image=hive/clients/nethermind_development:latest dir=clients/nethermind nocache=false pull=false baseimage=trace-interop/nethermind tag=e68f6cd253c312443b306b7e1e61381a38fd174dd16fe7e9bc55487245718182
Sep 21 21:09:42.048 INF building image image=hive/clients/nethermind_release:latest dir=clients/nethermind nocache=false pull=false baseimage=trace-interop/nethermind tag=a5098d75bfa8d4da1992ba8404b357fde6d53241315396e26b88e16e5f67bb59
Sep 21 21:09:42.199 INF building image image=hive/clients/reth_development:latest dir=clients/reth nocache=false pull=false baseimage=trace-interop/reth tag=1d6a97ef686d7c6099c5426c77334ca5891ce5d362fe5f3049ac2ea0df76de86
Sep 21 21:09:42.347 INF building image image=hive/clients/reth_release:latest dir=clients/reth nocache=false pull=false baseimage=trace-interop/reth tag=e939dc4a471d9d27224e430f607a954d692ca5037a1350ee2036397d14532ca7
Sep 21 21:09:42.479 INF building 1 simulators...
Sep 21 21:09:42.479 INF building image image=hive/simulators/ethereum/rpc-compat:latest dir=simulators/ethereum/rpc-compat nocache=false pull=false
Sep 21 21:10:04.712 INF creating output directory folder=/home/banteg/dev/trace-interop/runs/verified-reorg-ready/hive
Sep 21 21:10:04.718 INF running simulation: ethereum/rpc-compat
Sep 21 21:10:05.023 INF hiveproxy started container=203347360db2 addr=172.17.0.2:8081
Sep 21 21:10:05.321 INF API: suite started suite=0 name=rpc-compat
Sep 21 21:10:05.323 INF API: test started suite=0 test=1 name="client launch (besu_development)"
Sep 21 21:10:14.041 INF API: client besu_development started suite=0 test=1 container=da5c24e0
Sep 21 21:10:14.260 INF API: test started suite=0 test=2 name="interop/_control/head (besu_development)"
Sep 21 21:10:14.309 INF API: test ended suite=0 test=2 pass=false
Sep 21 21:10:14.310 INF API: test started suite=0 test=3 name="interop/_control/version (besu_development)"
Sep 21 21:10:14.324 INF API: test ended suite=0 test=3 pass=false
Sep 21 21:10:14.327 INF API: test started suite=0 test=4 name="interop/before/block-tail (besu_development)"
Sep 21 21:10:14.397 INF API: test ended suite=0 test=4 pass=false
Sep 21 21:10:14.399 INF API: test started suite=0 test=5 name="interop/before/filter-tail (besu_development)"
Sep 21 21:10:14.484 INF API: test ended suite=0 test=5 pass=false
Sep 21 21:10:14.487 INF API: test started suite=0 test=6 name="interop/before/head (besu_development)"
Sep 21 21:10:14.506 INF API: test ended suite=0 test=6 pass=false
Sep 21 21:10:14.507 INF API: test started suite=0 test=7 name="interop/before/height (besu_development)"
Sep 21 21:10:14.522 INF API: test ended suite=0 test=7 pass=false
Sep 21 21:10:14.523 INF API: test started suite=0 test=8 name="interop/before/tail-receipt (besu_development)"
Sep 21 21:10:14.556 INF API: test ended suite=0 test=8 pass=false
Sep 21 21:10:14.727 INF API: test started suite=0 test=9 name="interop/after/block-tail (besu_development)"
Sep 21 21:10:16.748 INF API: test ended suite=0 test=9 pass=false
Sep 21 21:10:16.751 INF API: test started suite=0 test=10 name="interop/after/filter-tail (besu_development)"
Sep 21 21:10:16.757 INF API: test ended suite=0 test=10 pass=false
Sep 21 21:10:16.758 INF API: test started suite=0 test=11 name="interop/after/head (besu_development)"
Sep 21 21:10:16.763 INF API: test ended suite=0 test=11 pass=false
Sep 21 21:10:16.764 INF API: test started suite=0 test=12 name="interop/after/height (besu_development)"
Sep 21 21:10:16.767 INF API: test ended suite=0 test=12 pass=false
Sep 21 21:10:16.768 INF API: test started suite=0 test=13 name="interop/after/tail-receipt (besu_development)"
Sep 21 21:10:16.771 INF API: test ended suite=0 test=13 pass=false
Sep 21 21:10:16.796 INF API: test started suite=0 test=14 name="interop/restored/block-tail (besu_development)"
Sep 21 21:10:16.802 INF API: test ended suite=0 test=14 pass=false
Sep 21 21:10:16.802 INF API: test started suite=0 test=15 name="interop/restored/filter-tail (besu_development)"
Sep 21 21:10:16.818 INF API: test ended suite=0 test=15 pass=false
Sep 21 21:10:16.819 INF API: test started suite=0 test=16 name="interop/restored/head (besu_development)"
Sep 21 21:10:16.824 INF API: test ended suite=0 test=16 pass=false
Sep 21 21:10:16.825 INF API: test started suite=0 test=17 name="interop/restored/height (besu_development)"
Sep 21 21:10:16.829 INF API: test ended suite=0 test=17 pass=false
Sep 21 21:10:16.830 INF API: test started suite=0 test=18 name="interop/restored/tail-receipt (besu_development)"
Sep 21 21:10:16.833 INF API: test ended suite=0 test=18 pass=false
Sep 21 21:10:17.128 INF API: test ended suite=0 test=1 pass=true
Sep 21 21:10:17.129 INF API: test started suite=0 test=19 name="client launch (besu_release)"
Sep 21 21:10:26.029 INF API: client besu_release started suite=0 test=19 container=d6dd4a17
Sep 21 21:10:26.271 INF API: test started suite=0 test=20 name="interop/_control/head (besu_release)"
Sep 21 21:10:26.325 INF API: test ended suite=0 test=20 pass=false
Sep 21 21:10:26.326 INF API: test started suite=0 test=21 name="interop/_control/version (besu_release)"
Sep 21 21:10:26.331 INF API: test ended suite=0 test=21 pass=false
Sep 21 21:10:26.332 INF API: test started suite=0 test=22 name="interop/before/block-tail (besu_release)"
Sep 21 21:10:26.389 INF API: test ended suite=0 test=22 pass=false
Sep 21 21:10:26.390 INF API: test started suite=0 test=23 name="interop/before/filter-tail (besu_release)"
Sep 21 21:10:27.485 INF API: test ended suite=0 test=23 pass=false
Sep 21 21:10:27.501 INF API: test started suite=0 test=24 name="interop/before/head (besu_release)"
Sep 21 21:10:27.518 INF API: test ended suite=0 test=24 pass=false
Sep 21 21:10:27.521 INF API: test started suite=0 test=25 name="interop/before/height (besu_release)"
Sep 21 21:10:27.542 INF API: test ended suite=0 test=25 pass=false
Sep 21 21:10:27.545 INF API: test started suite=0 test=26 name="interop/before/tail-receipt (besu_release)"
Sep 21 21:10:27.582 INF API: test ended suite=0 test=26 pass=false
Sep 21 21:10:27.881 INF API: test started suite=0 test=27 name="interop/after/block-tail (besu_release)"
Sep 21 21:10:29.914 INF API: test ended suite=0 test=27 pass=false
Sep 21 21:10:29.915 INF API: test started suite=0 test=28 name="interop/after/filter-tail (besu_release)"
Sep 21 21:10:29.922 INF API: test ended suite=0 test=28 pass=false
Sep 21 21:10:29.923 INF API: test started suite=0 test=29 name="interop/after/head (besu_release)"
Sep 21 21:10:29.927 INF API: test ended suite=0 test=29 pass=false
Sep 21 21:10:29.927 INF API: test started suite=0 test=30 name="interop/after/height (besu_release)"
Sep 21 21:10:29.931 INF API: test ended suite=0 test=30 pass=false
Sep 21 21:10:29.932 INF API: test started suite=0 test=31 name="interop/after/tail-receipt (besu_release)"
Sep 21 21:10:29.939 INF API: test ended suite=0 test=31 pass=false
Sep 21 21:10:29.966 INF API: test started suite=0 test=32 name="interop/restored/block-tail (besu_release)"
Sep 21 21:10:29.972 INF API: test ended suite=0 test=32 pass=false
Sep 21 21:10:29.973 INF API: test started suite=0 test=33 name="interop/restored/filter-tail (besu_release)"
Sep 21 21:10:29.992 INF API: test ended suite=0 test=33 pass=false
Sep 21 21:10:29.993 INF API: test started suite=0 test=34 name="interop/restored/head (besu_release)"
Sep 21 21:10:29.999 INF API: test ended suite=0 test=34 pass=false
Sep 21 21:10:30.000 INF API: test started suite=0 test=35 name="interop/restored/height (besu_release)"
Sep 21 21:10:30.006 INF API: test ended suite=0 test=35 pass=false
Sep 21 21:10:30.007 INF API: test started suite=0 test=36 name="interop/restored/tail-receipt (besu_release)"
Sep 21 21:10:30.010 INF API: test ended suite=0 test=36 pass=false
Sep 21 21:10:30.524 INF API: test ended suite=0 test=19 pass=true
Sep 21 21:10:30.527 INF API: test started suite=0 test=37 name="client launch (erigon_development)"
Sep 21 21:10:32.889 INF API: client erigon_development started suite=0 test=37 container=3b82b156
Sep 21 21:10:32.902 INF API: test started suite=0 test=38 name="interop/_control/head (erigon_development)"
Sep 21 21:10:32.905 INF API: test ended suite=0 test=38 pass=false
Sep 21 21:10:32.906 INF API: test started suite=0 test=39 name="interop/_control/version (erigon_development)"
Sep 21 21:10:32.909 INF API: test ended suite=0 test=39 pass=false
Sep 21 21:10:32.910 INF API: test started suite=0 test=40 name="interop/before/block-tail (erigon_development)"
Sep 21 21:10:32.912 INF API: test ended suite=0 test=40 pass=false
Sep 21 21:10:32.913 INF API: test started suite=0 test=41 name="interop/before/filter-tail (erigon_development)"
Sep 21 21:10:32.921 INF API: test ended suite=0 test=41 pass=false
Sep 21 21:10:32.922 INF API: test started suite=0 test=42 name="interop/before/head (erigon_development)"
Sep 21 21:10:32.923 INF API: test ended suite=0 test=42 pass=false
Sep 21 21:10:32.924 INF API: test started suite=0 test=43 name="interop/before/height (erigon_development)"
Sep 21 21:10:32.924 INF API: test ended suite=0 test=43 pass=false
Sep 21 21:10:32.925 INF API: test started suite=0 test=44 name="interop/before/tail-receipt (erigon_development)"
Sep 21 21:10:32.927 INF API: test ended suite=0 test=44 pass=false
Sep 21 21:10:36.894 INF API: test ended suite=0 test=37 pass=false
Sep 21 21:10:36.895 INF API: test started suite=0 test=45 name="client launch (erigon_release)"
Sep 21 21:10:38.884 INF API: client erigon_release started suite=0 test=45 container=1912d22d
Sep 21 21:10:38.923 INF API: test started suite=0 test=46 name="interop/_control/head (erigon_release)"
Sep 21 21:10:38.937 INF API: test ended suite=0 test=46 pass=false
Sep 21 21:10:38.938 INF API: test started suite=0 test=47 name="interop/_control/version (erigon_release)"
Sep 21 21:10:38.939 INF API: test ended suite=0 test=47 pass=false
Sep 21 21:10:38.940 INF API: test started suite=0 test=48 name="interop/before/block-tail (erigon_release)"
Sep 21 21:10:38.943 INF API: test ended suite=0 test=48 pass=false
Sep 21 21:10:38.943 INF API: test started suite=0 test=49 name="interop/before/filter-tail (erigon_release)"
Sep 21 21:10:38.951 INF API: test ended suite=0 test=49 pass=false
Sep 21 21:10:38.952 INF API: test started suite=0 test=50 name="interop/before/head (erigon_release)"
Sep 21 21:10:38.953 INF API: test ended suite=0 test=50 pass=false
Sep 21 21:10:38.954 INF API: test started suite=0 test=51 name="interop/before/height (erigon_release)"
Sep 21 21:10:38.955 INF API: test ended suite=0 test=51 pass=false
Sep 21 21:10:38.956 INF API: test started suite=0 test=52 name="interop/before/tail-receipt (erigon_release)"
Sep 21 21:10:38.958 INF API: test ended suite=0 test=52 pass=false
Sep 21 21:10:39.129 INF API: test started suite=0 test=53 name="interop/after/block-tail (erigon_release)"
Sep 21 21:10:39.130 INF API: test ended suite=0 test=53 pass=false
Sep 21 21:10:39.131 INF API: test started suite=0 test=54 name="interop/after/filter-tail (erigon_release)"
Sep 21 21:10:39.133 INF API: test ended suite=0 test=54 pass=false
Sep 21 21:10:39.134 INF API: test started suite=0 test=55 name="interop/after/head (erigon_release)"
Sep 21 21:10:39.135 INF API: test ended suite=0 test=55 pass=false
Sep 21 21:10:39.136 INF API: test started suite=0 test=56 name="interop/after/height (erigon_release)"
Sep 21 21:10:39.137 INF API: test ended suite=0 test=56 pass=false
Sep 21 21:10:39.138 INF API: test started suite=0 test=57 name="interop/after/tail-receipt (erigon_release)"
Sep 21 21:10:39.139 INF API: test ended suite=0 test=57 pass=false
Sep 21 21:10:39.184 INF API: test started suite=0 test=58 name="interop/restored/block-tail (erigon_release)"
Sep 21 21:10:39.186 INF API: test ended suite=0 test=58 pass=false
Sep 21 21:10:39.186 INF API: test started suite=0 test=59 name="interop/restored/filter-tail (erigon_release)"
Sep 21 21:10:39.193 INF API: test ended suite=0 test=59 pass=false
Sep 21 21:10:39.194 INF API: test started suite=0 test=60 name="interop/restored/head (erigon_release)"
Sep 21 21:10:39.195 INF API: test ended suite=0 test=60 pass=false
Sep 21 21:10:39.196 INF API: test started suite=0 test=61 name="interop/restored/height (erigon_release)"
Sep 21 21:10:39.197 INF API: test ended suite=0 test=61 pass=false
Sep 21 21:10:39.198 INF API: test started suite=0 test=62 name="interop/restored/tail-receipt (erigon_release)"
Sep 21 21:10:39.200 INF API: test ended suite=0 test=62 pass=false
Sep 21 21:10:40.672 INF API: test ended suite=0 test=45 pass=true
Sep 21 21:10:40.674 INF API: test started suite=0 test=63 name="client launch (nethermind_development)"
Sep 21 21:10:48.782 INF API: client nethermind_development started suite=0 test=63 container=20edacd3
Sep 21 21:10:48.872 INF API: test started suite=0 test=64 name="interop/_control/head (nethermind_development)"
Sep 21 21:10:48.936 INF API: test ended suite=0 test=64 pass=false
Sep 21 21:10:48.937 INF API: test started suite=0 test=65 name="interop/_control/version (nethermind_development)"
Sep 21 21:10:48.954 INF API: test ended suite=0 test=65 pass=false
Sep 21 21:10:48.955 INF API: test started suite=0 test=66 name="interop/before/block-tail (nethermind_development)"
Sep 21 21:10:49.047 INF API: test ended suite=0 test=66 pass=false
Sep 21 21:10:49.048 INF API: test started suite=0 test=67 name="interop/before/filter-tail (nethermind_development)"
Sep 21 21:10:49.073 INF API: test ended suite=0 test=67 pass=false
Sep 21 21:10:49.074 INF API: test started suite=0 test=68 name="interop/before/head (nethermind_development)"
Sep 21 21:10:49.076 INF API: test ended suite=0 test=68 pass=false
Sep 21 21:10:49.077 INF API: test started suite=0 test=69 name="interop/before/height (nethermind_development)"
Sep 21 21:10:49.083 INF API: test ended suite=0 test=69 pass=false
Sep 21 21:10:49.083 INF API: test started suite=0 test=70 name="interop/before/tail-receipt (nethermind_development)"
Sep 21 21:10:49.103 INF API: test ended suite=0 test=70 pass=false
Sep 21 21:10:49.169 INF API: test started suite=0 test=71 name="interop/after/block-tail (nethermind_development)"
Sep 21 21:10:49.172 INF API: test ended suite=0 test=71 pass=false
Sep 21 21:10:49.173 INF API: test started suite=0 test=72 name="interop/after/filter-tail (nethermind_development)"
Sep 21 21:10:49.181 INF API: test ended suite=0 test=72 pass=false
Sep 21 21:10:49.182 INF API: test started suite=0 test=73 name="interop/after/head (nethermind_development)"
Sep 21 21:10:49.183 INF API: test ended suite=0 test=73 pass=false
Sep 21 21:10:49.184 INF API: test started suite=0 test=74 name="interop/after/height (nethermind_development)"
Sep 21 21:10:49.185 INF API: test ended suite=0 test=74 pass=false
Sep 21 21:10:49.186 INF API: test started suite=0 test=75 name="interop/after/tail-receipt (nethermind_development)"
Sep 21 21:10:49.188 INF API: test ended suite=0 test=75 pass=false
Sep 21 21:10:49.191 INF API: test started suite=0 test=76 name="interop/restored/block-tail (nethermind_development)"
Sep 21 21:10:49.195 INF API: test ended suite=0 test=76 pass=false
Sep 21 21:10:49.196 INF API: test started suite=0 test=77 name="interop/restored/filter-tail (nethermind_development)"
Sep 21 21:10:49.219 INF API: test ended suite=0 test=77 pass=false
Sep 21 21:10:49.220 INF API: test started suite=0 test=78 name="interop/restored/head (nethermind_development)"
Sep 21 21:10:49.222 INF API: test ended suite=0 test=78 pass=false
Sep 21 21:10:49.223 INF API: test started suite=0 test=79 name="interop/restored/height (nethermind_development)"
Sep 21 21:10:49.224 INF API: test ended suite=0 test=79 pass=false
Sep 21 21:10:49.226 INF API: test started suite=0 test=80 name="interop/restored/tail-receipt (nethermind_development)"
Sep 21 21:10:49.229 INF API: test ended suite=0 test=80 pass=false
Sep 21 21:10:49.573 INF API: test ended suite=0 test=63 pass=true
Sep 21 21:10:49.574 INF API: test started suite=0 test=81 name="client launch (nethermind_release)"
Sep 21 21:10:56.937 INF API: client nethermind_release started suite=0 test=81 container=13c732a0
Sep 21 21:10:57.025 INF API: test started suite=0 test=82 name="interop/_control/head (nethermind_release)"
Sep 21 21:10:57.115 INF API: test ended suite=0 test=82 pass=false
Sep 21 21:10:57.116 INF API: test started suite=0 test=83 name="interop/_control/version (nethermind_release)"
Sep 21 21:10:57.120 INF API: test ended suite=0 test=83 pass=false
Sep 21 21:10:57.121 INF API: test started suite=0 test=84 name="interop/before/block-tail (nethermind_release)"
Sep 21 21:10:57.182 INF API: test ended suite=0 test=84 pass=false
Sep 21 21:10:57.184 INF API: test started suite=0 test=85 name="interop/before/filter-tail (nethermind_release)"
Sep 21 21:10:57.209 INF API: test ended suite=0 test=85 pass=false
Sep 21 21:10:57.210 INF API: test started suite=0 test=86 name="interop/before/head (nethermind_release)"
Sep 21 21:10:57.211 INF API: test ended suite=0 test=86 pass=false
Sep 21 21:10:57.212 INF API: test started suite=0 test=87 name="interop/before/height (nethermind_release)"
Sep 21 21:10:57.217 INF API: test ended suite=0 test=87 pass=false
Sep 21 21:10:57.218 INF API: test started suite=0 test=88 name="interop/before/tail-receipt (nethermind_release)"
Sep 21 21:10:57.233 INF API: test ended suite=0 test=88 pass=false
Sep 21 21:10:57.285 INF API: test started suite=0 test=89 name="interop/after/block-tail (nethermind_release)"
Sep 21 21:10:57.288 INF API: test ended suite=0 test=89 pass=false
Sep 21 21:10:57.289 INF API: test started suite=0 test=90 name="interop/after/filter-tail (nethermind_release)"
Sep 21 21:10:57.297 INF API: test ended suite=0 test=90 pass=false
Sep 21 21:10:57.298 INF API: test started suite=0 test=91 name="interop/after/head (nethermind_release)"
Sep 21 21:10:57.299 INF API: test ended suite=0 test=91 pass=false
Sep 21 21:10:57.300 INF API: test started suite=0 test=92 name="interop/after/height (nethermind_release)"
Sep 21 21:10:57.301 INF API: test ended suite=0 test=92 pass=false
Sep 21 21:10:57.302 INF API: test started suite=0 test=93 name="interop/after/tail-receipt (nethermind_release)"
Sep 21 21:10:57.305 INF API: test ended suite=0 test=93 pass=false
Sep 21 21:10:57.309 INF API: test started suite=0 test=94 name="interop/restored/block-tail (nethermind_release)"
Sep 21 21:10:57.312 INF API: test ended suite=0 test=94 pass=false
Sep 21 21:10:57.313 INF API: test started suite=0 test=95 name="interop/restored/filter-tail (nethermind_release)"
Sep 21 21:10:57.325 INF API: test ended suite=0 test=95 pass=false
Sep 21 21:10:57.326 INF API: test started suite=0 test=96 name="interop/restored/head (nethermind_release)"
Sep 21 21:10:57.327 INF API: test ended suite=0 test=96 pass=false
Sep 21 21:10:57.328 INF API: test started suite=0 test=97 name="interop/restored/height (nethermind_release)"
Sep 21 21:10:57.329 INF API: test ended suite=0 test=97 pass=false
Sep 21 21:10:57.330 INF API: test started suite=0 test=98 name="interop/restored/tail-receipt (nethermind_release)"
Sep 21 21:10:57.331 INF API: test ended suite=0 test=98 pass=false
Sep 21 21:10:59.725 INF API: test ended suite=0 test=81 pass=true
Sep 21 21:10:59.727 INF API: test started suite=0 test=99 name="client launch (reth_development)"
Sep 21 21:11:04.313 INF API: client reth_development started suite=0 test=99 container=5d485c1d
Sep 21 21:11:04.329 INF API: test started suite=0 test=100 name="interop/_control/head (reth_development)"
Sep 21 21:11:04.332 INF API: test ended suite=0 test=100 pass=false
Sep 21 21:11:04.333 INF API: test started suite=0 test=101 name="interop/_control/version (reth_development)"
Sep 21 21:11:04.334 INF API: test ended suite=0 test=101 pass=false
Sep 21 21:11:04.336 INF API: test started suite=0 test=102 name="interop/before/block-tail (reth_development)"
Sep 21 21:11:04.338 INF API: test ended suite=0 test=102 pass=false
Sep 21 21:11:04.339 INF API: test started suite=0 test=103 name="interop/before/filter-tail (reth_development)"
Sep 21 21:11:04.344 INF API: test ended suite=0 test=103 pass=false
Sep 21 21:11:04.345 INF API: test started suite=0 test=104 name="interop/before/head (reth_development)"
Sep 21 21:11:04.346 INF API: test ended suite=0 test=104 pass=false
Sep 21 21:11:04.347 INF API: test started suite=0 test=105 name="interop/before/height (reth_development)"
Sep 21 21:11:04.348 INF API: test ended suite=0 test=105 pass=false
Sep 21 21:11:04.349 INF API: test started suite=0 test=106 name="interop/before/tail-receipt (reth_development)"
Sep 21 21:11:04.351 INF API: test ended suite=0 test=106 pass=false
Sep 21 21:11:04.384 INF API: test started suite=0 test=107 name="interop/after/block-tail (reth_development)"
Sep 21 21:11:04.386 INF API: test ended suite=0 test=107 pass=false
Sep 21 21:11:04.387 INF API: test started suite=0 test=108 name="interop/after/filter-tail (reth_development)"
Sep 21 21:11:04.390 INF API: test ended suite=0 test=108 pass=false
Sep 21 21:11:04.391 INF API: test started suite=0 test=109 name="interop/after/head (reth_development)"
Sep 21 21:11:04.392 INF API: test ended suite=0 test=109 pass=false
Sep 21 21:11:04.393 INF API: test started suite=0 test=110 name="interop/after/height (reth_development)"
Sep 21 21:11:04.394 INF API: test ended suite=0 test=110 pass=false
Sep 21 21:11:04.395 INF API: test started suite=0 test=111 name="interop/after/tail-receipt (reth_development)"
Sep 21 21:11:04.396 INF API: test ended suite=0 test=111 pass=false
Sep 21 21:11:34.714 INF API: test ended suite=0 test=99 pass=false
Sep 21 21:11:34.715 INF API: test started suite=0 test=112 name="client launch (reth_release)"
Sep 21 21:11:37.395 INF API: client reth_release started suite=0 test=112 container=c86d594b
Sep 21 21:11:37.408 INF API: test started suite=0 test=113 name="interop/_control/head (reth_release)"
Sep 21 21:11:37.411 INF API: test ended suite=0 test=113 pass=false
Sep 21 21:11:37.412 INF API: test started suite=0 test=114 name="interop/_control/version (reth_release)"
Sep 21 21:11:37.413 INF API: test ended suite=0 test=114 pass=false
Sep 21 21:11:37.415 INF API: test started suite=0 test=115 name="interop/before/block-tail (reth_release)"
Sep 21 21:11:37.418 INF API: test ended suite=0 test=115 pass=false
Sep 21 21:11:37.419 INF API: test started suite=0 test=116 name="interop/before/filter-tail (reth_release)"
Sep 21 21:11:37.425 INF API: test ended suite=0 test=116 pass=false
Sep 21 21:11:37.425 INF API: test started suite=0 test=117 name="interop/before/head (reth_release)"
Sep 21 21:11:37.428 INF API: test ended suite=0 test=117 pass=false
Sep 21 21:11:37.428 INF API: test started suite=0 test=118 name="interop/before/height (reth_release)"
Sep 21 21:11:37.430 INF API: test ended suite=0 test=118 pass=false
Sep 21 21:11:37.430 INF API: test started suite=0 test=119 name="interop/before/tail-receipt (reth_release)"
Sep 21 21:11:37.433 INF API: test ended suite=0 test=119 pass=false
Sep 21 21:11:37.471 INF API: test started suite=0 test=120 name="interop/after/block-tail (reth_release)"
Sep 21 21:11:37.473 INF API: test ended suite=0 test=120 pass=false
Sep 21 21:11:37.474 INF API: test started suite=0 test=121 name="interop/after/filter-tail (reth_release)"
Sep 21 21:11:37.477 INF API: test ended suite=0 test=121 pass=false
Sep 21 21:11:37.478 INF API: test started suite=0 test=122 name="interop/after/head (reth_release)"
Sep 21 21:11:37.481 INF API: test ended suite=0 test=122 pass=false
Sep 21 21:11:37.482 INF API: test started suite=0 test=123 name="interop/after/height (reth_release)"
Sep 21 21:11:37.483 INF API: test ended suite=0 test=123 pass=false
Sep 21 21:11:37.484 INF API: test started suite=0 test=124 name="interop/after/tail-receipt (reth_release)"
Sep 21 21:11:37.486 INF API: test ended suite=0 test=124 pass=false
Sep 21 21:11:37.488 INF API: test started suite=0 test=125 name="interop/restored/block-tail (reth_release)"
Sep 21 21:11:37.490 INF API: test ended suite=0 test=125 pass=false
Sep 21 21:11:37.491 INF API: test started suite=0 test=126 name="interop/restored/filter-tail (reth_release)"
Sep 21 21:11:37.495 INF API: test ended suite=0 test=126 pass=false
Sep 21 21:11:37.497 INF API: test started suite=0 test=127 name="interop/restored/head (reth_release)"
Sep 21 21:11:37.498 INF API: test ended suite=0 test=127 pass=false
Sep 21 21:11:37.499 INF API: test started suite=0 test=128 name="interop/restored/height (reth_release)"
Sep 21 21:11:37.500 INF API: test ended suite=0 test=128 pass=false
Sep 21 21:11:37.501 INF API: test started suite=0 test=129 name="interop/restored/tail-receipt (reth_release)"
Sep 21 21:11:37.503 INF API: test ended suite=0 test=129 pass=false
Sep 21 21:11:38.092 INF API: test ended suite=0 test=112 pass=true
Sep 21 21:11:38.103 INF API: suite ended suite=0
Sep 21 21:11:38.594 INF simulation ethereum/rpc-compat finished suites=1 tests=129 failed=123
123 tests failed
