sending engine_forkchoiceUpdatedV3: [map[finalizedBlockHash:0x9901db3a31e7004c45911fca4480b7dce86a4baeab819eb4959d7316f687d54c headBlockHash:0xf0b1510b2a9c8d4c4bd1ff2c578ddbffc04741aa06b3cc8680a343741ef15e84 safeBlockHash:0xf0b1510b2a9c8d4c4bd1ff2c578ddbffc04741aa06b3cc8680a343741ef15e84] <nil>]
response: map[payloadId:<nil> payloadStatus:map[latestValidHash:0xf0b1510b2a9c8d4c4bd1ff2c578ddbffc04741aa06b3cc8680a343741ef15e84 status:VALID validationError:<nil>]]
>>  {"jsonrpc": "2.0", "id": 1, "method": "eth_getBlockByNumber", "params": ["0x30", false]}
<<  {"jsonrpc":"2.0","id":1,"result":{"baseFeePerGas":"0x199876","blobGasUsed":"0x0","difficulty":"0x0","excessBlobGas":"0x0","extraData":"0x","gasLimit":"0x5f5e100","gasUsed":"0xf618","hash":"0xf0b1510b2a9c8d4c4bd1ff2c578ddbffc04741aa06b3cc8680a343741ef15e84","logsBloom":"0x00000000000000000000000000000000000000000000000000000000000000000000000000000000000000000000000000000000000000000000000000000000000000000000000000000000000000000000000000000000000000000000000000000000000000000000000000000000000000000000000000000000000000000000000000000000000000000000000000000000000000000000000000000000000000000000000000000000000000000000000000000000000000000000000000000000000000000000000000000000000000000000000000000000000000000000000000000000000000000000000000000000000000000000000000000000","miner":"0x0000000000000000000000000000000000000000","mixHash":"0x0000000000000000000000000000000000000000000000000000000000000000","nonce":"0x0000000000000000","number":"0x30","parentBeaconBlockRoot":"0x5b5b49487967b3b60bd859ba2fb13290c6eaf67e97e9f9f9dda935c08564b5f6","parentHash":"0xaede89efdac80ce5f55b93ee934eddc67b5c8a4282b18a86ca635d69234301f3","receiptsRoot":"0x4b7fefa97a453e0ee0cea1d51ca4ab3729f3a2a6a8388a5a3b13765eec3720b7","requestsHash":"0xe3b0c44298fc1c149afbf4c8996fb92427ae41e4649b934ca495991b7852b855","sha3Uncles":"0x1dcc4de8dec75d7aab85b567b6ccd41ad312451b948a7413f0a142fd40d49347","size":"0x3b8","stateRoot":"0xbce840ac9806ecb3d791bf55bfcfa9460ff3275996aff265fc75e2a2f3efdb26","timestamp":"0x1e0","transactions":["0x8e96b39ab5e268215283ab40d65139edc6f281f4d79444b6b0a87861c5f8a1d5","0x7045e365111563c3f68594c54d9c4d7e3445f0cfc9671f68e8a0122f849f3f18","0xbe7d79a54b361c1515802fdf8e3843694b3a93350a9097b84c5582686c77163c"],"transactionsRoot":"0x3d96f46f0efae36059fcba93396d90ed19260e009e9dac0057a1d87e66dc17d0","uncles":[],"withdrawals":[],"withdrawalsRoot":"0x56e81f171bcc55a6ff8345e692c0f86e5b48e01b996cadc001622fb5e363b421"}}
response differs from expected (-- client, ++ test):
{
  "id": 1,
  "jsonrpc": "2.0",
  "result": {
    -- "baseFeePerGas": "0x199876",
    -- "blobGasUsed": "0x0",
    ++ "capture_only": true,
    -- "difficulty": "0x0",
    -- "excessBlobGas": "0x0",
    -- "extraData": "0x",
    -- "gasLimit": "0x5f5e100",
    -- "gasUsed": "0xf618",
    -- "hash": "0xf0b1510b2a9c8d4c4bd1ff2c578ddbffc04741aa06b3cc8680a343741ef15e84",
    -- "logsBloom": "0x00000000000000000000000000000000000000000000000000000000000000000000000000000000000000000000000000000000000000000000000000000000000000000000000000000000000000000000000000000000000000000000000000000000000000000000000000000000000000000000000000000000000000000000000000000000000000000000000000000000000000000000000000000000000000000000000000000000000000000000000000000000000000000000000000000000000000000000000000000000000000000000000000000000000000000000000000000000000000000000000000000000000000000000000000000000",
    -- "miner": "0x0000000000000000000000000000000000000000",
    -- "mixHash": "0x0000000000000000000000000000000000000000000000000000000000000000",
    -- "nonce": "0x0000000000000000",
    -- "number": "0x30",
    -- "parentBeaconBlockRoot": "0x5b5b49487967b3b60bd859ba2fb13290c6eaf67e97e9f9f9dda935c08564b5f6",
    -- "parentHash": "0xaede89efdac80ce5f55b93ee934eddc67b5c8a4282b18a86ca635d69234301f3",
    -- "receiptsRoot": "0x4b7fefa97a453e0ee0cea1d51ca4ab3729f3a2a6a8388a5a3b13765eec3720b7",
    -- "requestsHash": "0xe3b0c44298fc1c149afbf4c8996fb92427ae41e4649b934ca495991b7852b855",
    -- "sha3Uncles": "0x1dcc4de8dec75d7aab85b567b6ccd41ad312451b948a7413f0a142fd40d49347",
    -- "size": "0x3b8",
    -- "stateRoot": "0xbce840ac9806ecb3d791bf55bfcfa9460ff3275996aff265fc75e2a2f3efdb26",
    -- "timestamp": "0x1e0",
    -- "transactions": [
      -- "0x8e96b39ab5e268215283ab40d65139edc6f281f4d79444b6b0a87861c5f8a1d5",
      -- "0x7045e365111563c3f68594c54d9c4d7e3445f0cfc9671f68e8a0122f849f3f18",
      -- "0xbe7d79a54b361c1515802fdf8e3843694b3a93350a9097b84c5582686c77163c"
    -- ],
    -- "transactionsRoot": "0x3d96f46f0efae36059fcba93396d90ed19260e009e9dac0057a1d87e66dc17d0",
    -- "uncles": [],
    -- "withdrawals": [],
    -- "withdrawalsRoot": "0x56e81f171bcc55a6ff8345e692c0f86e5b48e01b996cadc001622fb5e363b421"
  }
}
>>  {"jsonrpc": "2.0", "id": 1, "method": "eth_getBlockByNumber", "params": ["latest", false]}
<<  {"jsonrpc":"2.0","id":1,"result":{"baseFeePerGas":"0x199876","blobGasUsed":"0x0","difficulty":"0x0","excessBlobGas":"0x0","extraData":"0x","gasLimit":"0x5f5e100","gasUsed":"0xf618","hash":"0xf0b1510b2a9c8d4c4bd1ff2c578ddbffc04741aa06b3cc8680a343741ef15e84","logsBloom":"0x00000000000000000000000000000000000000000000000000000000000000000000000000000000000000000000000000000000000000000000000000000000000000000000000000000000000000000000000000000000000000000000000000000000000000000000000000000000000000000000000000000000000000000000000000000000000000000000000000000000000000000000000000000000000000000000000000000000000000000000000000000000000000000000000000000000000000000000000000000000000000000000000000000000000000000000000000000000000000000000000000000000000000000000000000000000","miner":"0x0000000000000000000000000000000000000000","mixHash":"0x0000000000000000000000000000000000000000000000000000000000000000","nonce":"0x0000000000000000","number":"0x30","parentBeaconBlockRoot":"0x5b5b49487967b3b60bd859ba2fb13290c6eaf67e97e9f9f9dda935c08564b5f6","parentHash":"0xaede89efdac80ce5f55b93ee934eddc67b5c8a4282b18a86ca635d69234301f3","receiptsRoot":"0x4b7fefa97a453e0ee0cea1d51ca4ab3729f3a2a6a8388a5a3b13765eec3720b7","requestsHash":"0xe3b0c44298fc1c149afbf4c8996fb92427ae41e4649b934ca495991b7852b855","sha3Uncles":"0x1dcc4de8dec75d7aab85b567b6ccd41ad312451b948a7413f0a142fd40d49347","size":"0x3b8","stateRoot":"0xbce840ac9806ecb3d791bf55bfcfa9460ff3275996aff265fc75e2a2f3efdb26","timestamp":"0x1e0","transactions":["0x8e96b39ab5e268215283ab40d65139edc6f281f4d79444b6b0a87861c5f8a1d5","0x7045e365111563c3f68594c54d9c4d7e3445f0cfc9671f68e8a0122f849f3f18","0xbe7d79a54b361c1515802fdf8e3843694b3a93350a9097b84c5582686c77163c"],"transactionsRoot":"0x3d96f46f0efae36059fcba93396d90ed19260e009e9dac0057a1d87e66dc17d0","uncles":[],"withdrawals":[],"withdrawalsRoot":"0x56e81f171bcc55a6ff8345e692c0f86e5b48e01b996cadc001622fb5e363b421"}}
response differs from expected (-- client, ++ test):
{
  "id": 1,
  "jsonrpc": "2.0",
  "result": {
    -- "baseFeePerGas": "0x199876",
    -- "blobGasUsed": "0x0",
    ++ "capture_only": true,
    -- "difficulty": "0x0",
    -- "excessBlobGas": "0x0",
    -- "extraData": "0x",
    -- "gasLimit": "0x5f5e100",
    -- "gasUsed": "0xf618",
    -- "hash": "0xf0b1510b2a9c8d4c4bd1ff2c578ddbffc04741aa06b3cc8680a343741ef15e84",
    -- "logsBloom": "0x00000000000000000000000000000000000000000000000000000000000000000000000000000000000000000000000000000000000000000000000000000000000000000000000000000000000000000000000000000000000000000000000000000000000000000000000000000000000000000000000000000000000000000000000000000000000000000000000000000000000000000000000000000000000000000000000000000000000000000000000000000000000000000000000000000000000000000000000000000000000000000000000000000000000000000000000000000000000000000000000000000000000000000000000000000000",
    -- "miner": "0x0000000000000000000000000000000000000000",
    -- "mixHash": "0x0000000000000000000000000000000000000000000000000000000000000000",
    -- "nonce": "0x0000000000000000",
    -- "number": "0x30",
    -- "parentBeaconBlockRoot": "0x5b5b49487967b3b60bd859ba2fb13290c6eaf67e97e9f9f9dda935c08564b5f6",
    -- "parentHash": "0xaede89efdac80ce5f55b93ee934eddc67b5c8a4282b18a86ca635d69234301f3",
    -- "receiptsRoot": "0x4b7fefa97a453e0ee0cea1d51ca4ab3729f3a2a6a8388a5a3b13765eec3720b7",
    -- "requestsHash": "0xe3b0c44298fc1c149afbf4c8996fb92427ae41e4649b934ca495991b7852b855",
    -- "sha3Uncles": "0x1dcc4de8dec75d7aab85b567b6ccd41ad312451b948a7413f0a142fd40d49347",
    -- "size": "0x3b8",
    -- "stateRoot": "0xbce840ac9806ecb3d791bf55bfcfa9460ff3275996aff265fc75e2a2f3efdb26",
    -- "timestamp": "0x1e0",
    -- "transactions": [
      -- "0x8e96b39ab5e268215283ab40d65139edc6f281f4d79444b6b0a87861c5f8a1d5",
      -- "0x7045e365111563c3f68594c54d9c4d7e3445f0cfc9671f68e8a0122f849f3f18",
      -- "0xbe7d79a54b361c1515802fdf8e3843694b3a93350a9097b84c5582686c77163c"
    -- ],
    -- "transactionsRoot": "0x3d96f46f0efae36059fcba93396d90ed19260e009e9dac0057a1d87e66dc17d0",
    -- "uncles": [],
    -- "withdrawals": [],
    -- "withdrawalsRoot": "0x56e81f171bcc55a6ff8345e692c0f86e5b48e01b996cadc001622fb5e363b421"
  }
}
>>  {"jsonrpc": "2.0", "id": 1, "method": "web3_clientVersion", "params": []}
<<  {"jsonrpc":"2.0","id":1,"result":"Geth/v1.17.6-unstable-c36ee43e-2026-09-23/linux-amd64/go1.26.1"}
response differs from expected (-- client, ++ test):
{
  "id": 1,
  "jsonrpc": "2.0",
  "result": -- "Geth/v1.17.6-unstable-c36ee43e-2026-09-23/linux-amd64/go1.26.1" ++ {}
}
>>  {"jsonrpc": "2.0", "id": 1, "method": "trace_call", "params": [{"from": "0x7435ed30a8b4aeb0877cef0c6e8cffe834eb865f", "gas": "0x927c0", "gasPrice": "0x77359400", "data": "0x4360005260206000f3"}, ["trace"]]}
<<  {"jsonrpc":"2.0","id":1,"result":{"output":"0x0000000000000000000000000000000000000000000000000000000000000030","trace":[{"action":{"from":"0x7435ed30a8b4aeb0877cef0c6e8cffe834eb865f","gas":"0x8583e","init":"0x4360005260206000f3","value":"0x0","creationMethod":"create"},"result":{"gasUsed":"0x1911","address":"0xe3a8b633a20d3bc82cfd6d6cb315dd9784b3ea41","code":"0x0000000000000000000000000000000000000000000000000000000000000030"},"subtraces":0,"traceAddress":[],"type":"create"}],"stateDiff":null,"vmTrace":null}}
response differs from expected (-- client, ++ test):
{
  "id": 1,
  "jsonrpc": "2.0",
  "result": {
    ++ "capture_only": true,
    -- "output": "0x0000000000000000000000000000000000000000000000000000000000000030",
    -- "stateDiff": null,
    -- "trace": [
      -- {
        -- "action": {
          -- "creationMethod": "create",
          -- "from": "0x7435ed30a8b4aeb0877cef0c6e8cffe834eb865f",
          -- "gas": "0x8583e",
          -- "init": "0x4360005260206000f3",
          -- "value": "0x0"
        -- },
        -- "result": {
          -- "address": "0xe3a8b633a20d3bc82cfd6d6cb315dd9784b3ea41",
          -- "code": "0x0000000000000000000000000000000000000000000000000000000000000030",
          -- "gasUsed": "0x1911"
        -- },
        -- "subtraces": 0,
        -- "traceAddress": [],
        -- "type": "create"
      -- }
    -- ],
    -- "vmTrace": null
  }
}
>>  {"jsonrpc": "2.0", "id": 1, "method": "trace_call", "params": [{"from": "0x7435ed30a8b4aeb0877cef0c6e8cffe834eb865f", "gas": "0x927c0", "gasPrice": "0x77359400", "data": "0x4360005260206000f3"}, ["trace"], "latest"]}
<<  {"jsonrpc":"2.0","id":1,"result":{"output":"0x0000000000000000000000000000000000000000000000000000000000000030","trace":[{"action":{"from":"0x7435ed30a8b4aeb0877cef0c6e8cffe834eb865f","gas":"0x8583e","init":"0x4360005260206000f3","value":"0x0","creationMethod":"create"},"result":{"gasUsed":"0x1911","address":"0xe3a8b633a20d3bc82cfd6d6cb315dd9784b3ea41","code":"0x0000000000000000000000000000000000000000000000000000000000000030"},"subtraces":0,"traceAddress":[],"type":"create"}],"stateDiff":null,"vmTrace":null}}
response differs from expected (-- client, ++ test):
{
  "id": 1,
  "jsonrpc": "2.0",
  "result": {
    ++ "capture_only": true,
    -- "output": "0x0000000000000000000000000000000000000000000000000000000000000030",
    -- "stateDiff": null,
    -- "trace": [
      -- {
        -- "action": {
          -- "creationMethod": "create",
          -- "from": "0x7435ed30a8b4aeb0877cef0c6e8cffe834eb865f",
          -- "gas": "0x8583e",
          -- "init": "0x4360005260206000f3",
          -- "value": "0x0"
        -- },
        -- "result": {
          -- "address": "0xe3a8b633a20d3bc82cfd6d6cb315dd9784b3ea41",
          -- "code": "0x0000000000000000000000000000000000000000000000000000000000000030",
          -- "gasUsed": "0x1911"
        -- },
        -- "subtraces": 0,
        -- "traceAddress": [],
        -- "type": "create"
      -- }
    -- ],
    -- "vmTrace": null
  }
}
>>  {"jsonrpc": "2.0", "id": 1, "method": "trace_call", "params": [{"from": "0x7435ed30a8b4aeb0877cef0c6e8cffe834eb865f", "gas": "0x927c0", "gasPrice": "0x77359400", "data": "0x4360005260206000f3"}, ["trace"], "pending"]}
<<  {"jsonrpc":"2.0","id":1,"error":{"code":-32602,"message":"pending tracing is not supported"}}
response differs from expected (-- client, ++ test):
{
  -- "error": {
    -- "code": -32602,
    -- "message": "pending tracing is not supported"
  -- },
  "id": 1,
  "jsonrpc": "2.0",
  ++ "result": {
    ++ "capture_only": true
  ++ }
}
>>  {"jsonrpc": "2.0", "id": 1, "method": "trace_filter", "params": [{"fromBlock": "0x0", "toBlock": "0x2", "count": 3}]}
<<  {"jsonrpc":"2.0","id":1,"result":[{"action":{"from":"0x7435ed30a8b4aeb0877cef0c6e8cffe834eb865f","gas":"0x5e98","init":"0x600d380380600d6000396000f360004381526020014681526020014181526020014881526020014481526020013281526020013481526020016000f3","value":"0x0","creationMethod":"create"},"result":{"gasUsed":"0x24db","address":"0x9344b07175800259691961298ca11c824e65032d","code":"0x60004381526020014681526020014181526020014881526020014481526020013281526020013481526020016000f3"},"subtraces":0,"traceAddress":[],"type":"create","blockHash":"0x7874f1f567f61646332fe6bd6807b5f36f27f526844ce7b6ddd291a27d33971d","blockNumber":1,"transactionHash":"0xc6bf0511ae12477efae150fa743992b00867729fbc8dfe8e7b16f5a2596a979b","transactionPosition":0},{"action":{"from":"0x7435ed30a8b4aeb0877cef0c6e8cffe834eb865f","gas":"0x7ab8","init":"0x600d380380600d6000396000f3366002146022577177726f6e672d63616c6c6461746173697a656000526012600efd5b60003560f01c61ff01146047576d77726f6e672d63616c6c64617461600052600e6012fd5b61ffee6000526002601ef3","value":"0x0","creationMethod":"create"},"result":{"gasUsed":"0x4101","address":"0x17e7eedce4ac02ef114a7ed9fe6e2f33feba1667","code":"0x366002146022577177726f6e672d63616c6c6461746173697a656000526012600efd5b60003560f01c61ff01146047576d77726f6e672d63616c6c64617461600052600e6012fd5b61ffee6000526002601ef3"},"subtraces":0,"traceAddress":[],"type":"create","blockHash":"0x7874f1f567f61646332fe6bd6807b5f36f27f526844ce7b6ddd291a27d33971d","blockNumber":1,"transactionHash":"0x1732167826154d3d414236a60c6e22cf99e3fc2542752e164b595473117612f9","transactionPosition":1},{"action":{"from":"0x7435ed30a8b4aeb0877cef0c6e8cffe834eb865f","gas":"0xacb8","init":"0x600d380380600d6000396000f36000356142ff54501515603b577f4e487b7100000000000000000000000000000000000000000000000000000000600052600160045260246000fd5b7f08c379a0000000000000000000000000000000000000000000000000000000006000526020600452600a6024527f75736572206572726f7200000000000000000000000000000000000000000000604452604e6000fd","value":"0x0","creationMethod":"create"},"result":{"gasUsed":"0x730d","address":"0x0ee3ab1371c93e7c0c281cc0c2107cdebc8b1930","code":"0x6000356142ff54501515603b577f4e487b7100000000000000000000000000000000000000000000000000000000600052600160045260246000fd5b7f08c379a0000000000000000000000000000000000000000000000000000000006000526020600452600a6024527f75736572206572726f7200000000000000000000000000000000000000000000604452604e6000fd"},"subtraces":0,"traceAddress":[],"type":"create","blockHash":"0x7874f1f567f61646332fe6bd6807b5f36f27f526844ce7b6ddd291a27d33971d","blockNumber":1,"transactionHash":"0x32e7fcf0e2f89ae437b0cef7fe44c204aee01e1e234e6ad321a5bec3a31ce8a2","transactionPosition":2}]}
response differs from expected (-- client, ++ test):
{
  "id": 1,
  "jsonrpc": "2.0",
  "result": -- [] ++ {}
}
>>  {"jsonrpc": "2.0", "id": 1, "method": "trace_filter", "params": [{"fromBlock": "earliest", "toBlock": "0x2", "count": 3}]}
<<  {"jsonrpc":"2.0","id":1,"result":[{"action":{"from":"0x7435ed30a8b4aeb0877cef0c6e8cffe834eb865f","gas":"0x5e98","init":"0x600d380380600d6000396000f360004381526020014681526020014181526020014881526020014481526020013281526020013481526020016000f3","value":"0x0","creationMethod":"create"},"result":{"gasUsed":"0x24db","address":"0x9344b07175800259691961298ca11c824e65032d","code":"0x60004381526020014681526020014181526020014881526020014481526020013281526020013481526020016000f3"},"subtraces":0,"traceAddress":[],"type":"create","blockHash":"0x7874f1f567f61646332fe6bd6807b5f36f27f526844ce7b6ddd291a27d33971d","blockNumber":1,"transactionHash":"0xc6bf0511ae12477efae150fa743992b00867729fbc8dfe8e7b16f5a2596a979b","transactionPosition":0},{"action":{"from":"0x7435ed30a8b4aeb0877cef0c6e8cffe834eb865f","gas":"0x7ab8","init":"0x600d380380600d6000396000f3366002146022577177726f6e672d63616c6c6461746173697a656000526012600efd5b60003560f01c61ff01146047576d77726f6e672d63616c6c64617461600052600e6012fd5b61ffee6000526002601ef3","value":"0x0","creationMethod":"create"},"result":{"gasUsed":"0x4101","address":"0x17e7eedce4ac02ef114a7ed9fe6e2f33feba1667","code":"0x366002146022577177726f6e672d63616c6c6461746173697a656000526012600efd5b60003560f01c61ff01146047576d77726f6e672d63616c6c64617461600052600e6012fd5b61ffee6000526002601ef3"},"subtraces":0,"traceAddress":[],"type":"create","blockHash":"0x7874f1f567f61646332fe6bd6807b5f36f27f526844ce7b6ddd291a27d33971d","blockNumber":1,"transactionHash":"0x1732167826154d3d414236a60c6e22cf99e3fc2542752e164b595473117612f9","transactionPosition":1},{"action":{"from":"0x7435ed30a8b4aeb0877cef0c6e8cffe834eb865f","gas":"0xacb8","init":"0x600d380380600d6000396000f36000356142ff54501515603b577f4e487b7100000000000000000000000000000000000000000000000000000000600052600160045260246000fd5b7f08c379a0000000000000000000000000000000000000000000000000000000006000526020600452600a6024527f75736572206572726f7200000000000000000000000000000000000000000000604452604e6000fd","value":"0x0","creationMethod":"create"},"result":{"gasUsed":"0x730d","address":"0x0ee3ab1371c93e7c0c281cc0c2107cdebc8b1930","code":"0x6000356142ff54501515603b577f4e487b7100000000000000000000000000000000000000000000000000000000600052600160045260246000fd5b7f08c379a0000000000000000000000000000000000000000000000000000000006000526020600452600a6024527f75736572206572726f7200000000000000000000000000000000000000000000604452604e6000fd"},"subtraces":0,"traceAddress":[],"type":"create","blockHash":"0x7874f1f567f61646332fe6bd6807b5f36f27f526844ce7b6ddd291a27d33971d","blockNumber":1,"transactionHash":"0x32e7fcf0e2f89ae437b0cef7fe44c204aee01e1e234e6ad321a5bec3a31ce8a2","transactionPosition":2}]}
response differs from expected (-- client, ++ test):
{
  "id": 1,
  "jsonrpc": "2.0",
  "result": -- [] ++ {}
}
>>  {"jsonrpc": "2.0", "id": 1, "method": "trace_filter", "params": [{"fromBlock": "0x30", "toBlock": "0x30", "count": 3}]}
<<  {"jsonrpc":"2.0","id":1,"result":[{"action":{"callType":"call","from":"0x7435ed30a8b4aeb0877cef0c6e8cffe834eb865f","to":"0x83c7e323d189f18725ac510004fdc2941f8c4a78","gas":"0x0","input":"0x","value":"0x1"},"result":{"gasUsed":"0x0","output":"0x"},"subtraces":0,"traceAddress":[],"type":"call","blockHash":"0xf0b1510b2a9c8d4c4bd1ff2c578ddbffc04741aa06b3cc8680a343741ef15e84","blockNumber":48,"transactionHash":"0x8e96b39ab5e268215283ab40d65139edc6f281f4d79444b6b0a87861c5f8a1d5","transactionPosition":0},{"action":{"callType":"call","from":"0x7435ed30a8b4aeb0877cef0c6e8cffe834eb865f","to":"0x2d389075be5be9f2246ad654ce152cf05990b209","gas":"0x0","input":"0x","value":"0x1"},"result":{"gasUsed":"0x0","output":"0x"},"subtraces":0,"traceAddress":[],"type":"call","blockHash":"0xf0b1510b2a9c8d4c4bd1ff2c578ddbffc04741aa06b3cc8680a343741ef15e84","blockNumber":48,"transactionHash":"0x7045e365111563c3f68594c54d9c4d7e3445f0cfc9671f68e8a0122f849f3f18","transactionPosition":1},{"action":{"callType":"call","from":"0x7435ed30a8b4aeb0877cef0c6e8cffe834eb865f","to":"0x3ae75c08b4c907eb63a8960c45b86e1e9ab6123c","gas":"0x0","input":"0x","value":"0x1"},"result":{"gasUsed":"0x0","output":"0x"},"subtraces":0,"traceAddress":[],"type":"call","blockHash":"0xf0b1510b2a9c8d4c4bd1ff2c578ddbffc04741aa06b3cc8680a343741ef15e84","blockNumber":48,"transactionHash":"0xbe7d79a54b361c1515802fdf8e3843694b3a93350a9097b84c5582686c77163c","transactionPosition":2}]}
response differs from expected (-- client, ++ test):
{
  "id": 1,
  "jsonrpc": "2.0",
  "result": -- [] ++ {}
}
>>  {"jsonrpc": "2.0", "id": 1, "method": "trace_filter", "params": [{"count": 3}]}
<<  {"jsonrpc":"2.0","id":1,"result":[{"action":{"from":"0x7435ed30a8b4aeb0877cef0c6e8cffe834eb865f","gas":"0x5e98","init":"0x600d380380600d6000396000f360004381526020014681526020014181526020014881526020014481526020013281526020013481526020016000f3","value":"0x0","creationMethod":"create"},"result":{"gasUsed":"0x24db","address":"0x9344b07175800259691961298ca11c824e65032d","code":"0x60004381526020014681526020014181526020014881526020014481526020013281526020013481526020016000f3"},"subtraces":0,"traceAddress":[],"type":"create","blockHash":"0x7874f1f567f61646332fe6bd6807b5f36f27f526844ce7b6ddd291a27d33971d","blockNumber":1,"transactionHash":"0xc6bf0511ae12477efae150fa743992b00867729fbc8dfe8e7b16f5a2596a979b","transactionPosition":0},{"action":{"from":"0x7435ed30a8b4aeb0877cef0c6e8cffe834eb865f","gas":"0x7ab8","init":"0x600d380380600d6000396000f3366002146022577177726f6e672d63616c6c6461746173697a656000526012600efd5b60003560f01c61ff01146047576d77726f6e672d63616c6c64617461600052600e6012fd5b61ffee6000526002601ef3","value":"0x0","creationMethod":"create"},"result":{"gasUsed":"0x4101","address":"0x17e7eedce4ac02ef114a7ed9fe6e2f33feba1667","code":"0x366002146022577177726f6e672d63616c6c6461746173697a656000526012600efd5b60003560f01c61ff01146047576d77726f6e672d63616c6c64617461600052600e6012fd5b61ffee6000526002601ef3"},"subtraces":0,"traceAddress":[],"type":"create","blockHash":"0x7874f1f567f61646332fe6bd6807b5f36f27f526844ce7b6ddd291a27d33971d","blockNumber":1,"transactionHash":"0x1732167826154d3d414236a60c6e22cf99e3fc2542752e164b595473117612f9","transactionPosition":1},{"action":{"from":"0x7435ed30a8b4aeb0877cef0c6e8cffe834eb865f","gas":"0xacb8","init":"0x600d380380600d6000396000f36000356142ff54501515603b577f4e487b7100000000000000000000000000000000000000000000000000000000600052600160045260246000fd5b7f08c379a0000000000000000000000000000000000000000000000000000000006000526020600452600a6024527f75736572206572726f7200000000000000000000000000000000000000000000604452604e6000fd","value":"0x0","creationMethod":"create"},"result":{"gasUsed":"0x730d","address":"0x0ee3ab1371c93e7c0c281cc0c2107cdebc8b1930","code":"0x6000356142ff54501515603b577f4e487b7100000000000000000000000000000000000000000000000000000000600052600160045260246000fd5b7f08c379a0000000000000000000000000000000000000000000000000000000006000526020600452600a6024527f75736572206572726f7200000000000000000000000000000000000000000000604452604e6000fd"},"subtraces":0,"traceAddress":[],"type":"create","blockHash":"0x7874f1f567f61646332fe6bd6807b5f36f27f526844ce7b6ddd291a27d33971d","blockNumber":1,"transactionHash":"0x32e7fcf0e2f89ae437b0cef7fe44c204aee01e1e234e6ad321a5bec3a31ce8a2","transactionPosition":2}]}
response differs from expected (-- client, ++ test):
{
  "id": 1,
  "jsonrpc": "2.0",
  "result": -- [] ++ {}
}
>>  {"jsonrpc": "2.0", "id": 1, "method": "trace_filter", "params": [{"fromBlock": "pending", "toBlock": "pending", "count": 3}]}
<<  {"jsonrpc":"2.0","id":1,"error":{"code":-32602,"message":"pending tracing is not supported"}}
response differs from expected (-- client, ++ test):
{
  -- "error": {
    -- "code": -32602,
    -- "message": "pending tracing is not supported"
  -- },
  "id": 1,
  "jsonrpc": "2.0",
  ++ "result": {
    ++ "capture_only": true
  ++ }
}
>>  {"jsonrpc": "2.0", "id": 1, "method": "trace_filter", "params": [{"fromBlock": "safe", "toBlock": "safe", "count": 3}]}
<<  {"jsonrpc":"2.0","id":1,"result":[{"action":{"callType":"call","from":"0x7435ed30a8b4aeb0877cef0c6e8cffe834eb865f","to":"0x83c7e323d189f18725ac510004fdc2941f8c4a78","gas":"0x0","input":"0x","value":"0x1"},"result":{"gasUsed":"0x0","output":"0x"},"subtraces":0,"traceAddress":[],"type":"call","blockHash":"0xf0b1510b2a9c8d4c4bd1ff2c578ddbffc04741aa06b3cc8680a343741ef15e84","blockNumber":48,"transactionHash":"0x8e96b39ab5e268215283ab40d65139edc6f281f4d79444b6b0a87861c5f8a1d5","transactionPosition":0},{"action":{"callType":"call","from":"0x7435ed30a8b4aeb0877cef0c6e8cffe834eb865f","to":"0x2d389075be5be9f2246ad654ce152cf05990b209","gas":"0x0","input":"0x","value":"0x1"},"result":{"gasUsed":"0x0","output":"0x"},"subtraces":0,"traceAddress":[],"type":"call","blockHash":"0xf0b1510b2a9c8d4c4bd1ff2c578ddbffc04741aa06b3cc8680a343741ef15e84","blockNumber":48,"transactionHash":"0x7045e365111563c3f68594c54d9c4d7e3445f0cfc9671f68e8a0122f849f3f18","transactionPosition":1},{"action":{"callType":"call","from":"0x7435ed30a8b4aeb0877cef0c6e8cffe834eb865f","to":"0x3ae75c08b4c907eb63a8960c45b86e1e9ab6123c","gas":"0x0","input":"0x","value":"0x1"},"result":{"gasUsed":"0x0","output":"0x"},"subtraces":0,"traceAddress":[],"type":"call","blockHash":"0xf0b1510b2a9c8d4c4bd1ff2c578ddbffc04741aa06b3cc8680a343741ef15e84","blockNumber":48,"transactionHash":"0xbe7d79a54b361c1515802fdf8e3843694b3a93350a9097b84c5582686c77163c","transactionPosition":2}]}
response differs from expected (-- client, ++ test):
{
  "id": 1,
  "jsonrpc": "2.0",
  "result": -- [] ++ {}
}
>>  {"jsonrpc": "2.0", "id": 1, "method": "trace_filter", "params": [{"toBlock": "0x2", "count": 3}]}
<<  {"jsonrpc":"2.0","id":1,"result":[{"action":{"from":"0x7435ed30a8b4aeb0877cef0c6e8cffe834eb865f","gas":"0x5e98","init":"0x600d380380600d6000396000f360004381526020014681526020014181526020014881526020014481526020013281526020013481526020016000f3","value":"0x0","creationMethod":"create"},"result":{"gasUsed":"0x24db","address":"0x9344b07175800259691961298ca11c824e65032d","code":"0x60004381526020014681526020014181526020014881526020014481526020013281526020013481526020016000f3"},"subtraces":0,"traceAddress":[],"type":"create","blockHash":"0x7874f1f567f61646332fe6bd6807b5f36f27f526844ce7b6ddd291a27d33971d","blockNumber":1,"transactionHash":"0xc6bf0511ae12477efae150fa743992b00867729fbc8dfe8e7b16f5a2596a979b","transactionPosition":0},{"action":{"from":"0x7435ed30a8b4aeb0877cef0c6e8cffe834eb865f","gas":"0x7ab8","init":"0x600d380380600d6000396000f3366002146022577177726f6e672d63616c6c6461746173697a656000526012600efd5b60003560f01c61ff01146047576d77726f6e672d63616c6c64617461600052600e6012fd5b61ffee6000526002601ef3","value":"0x0","creationMethod":"create"},"result":{"gasUsed":"0x4101","address":"0x17e7eedce4ac02ef114a7ed9fe6e2f33feba1667","code":"0x366002146022577177726f6e672d63616c6c6461746173697a656000526012600efd5b60003560f01c61ff01146047576d77726f6e672d63616c6c64617461600052600e6012fd5b61ffee6000526002601ef3"},"subtraces":0,"traceAddress":[],"type":"create","blockHash":"0x7874f1f567f61646332fe6bd6807b5f36f27f526844ce7b6ddd291a27d33971d","blockNumber":1,"transactionHash":"0x1732167826154d3d414236a60c6e22cf99e3fc2542752e164b595473117612f9","transactionPosition":1},{"action":{"from":"0x7435ed30a8b4aeb0877cef0c6e8cffe834eb865f","gas":"0xacb8","init":"0x600d380380600d6000396000f36000356142ff54501515603b577f4e487b7100000000000000000000000000000000000000000000000000000000600052600160045260246000fd5b7f08c379a0000000000000000000000000000000000000000000000000000000006000526020600452600a6024527f75736572206572726f7200000000000000000000000000000000000000000000604452604e6000fd","value":"0x0","creationMethod":"create"},"result":{"gasUsed":"0x730d","address":"0x0ee3ab1371c93e7c0c281cc0c2107cdebc8b1930","code":"0x6000356142ff54501515603b577f4e487b7100000000000000000000000000000000000000000000000000000000600052600160045260246000fd5b7f08c379a0000000000000000000000000000000000000000000000000000000006000526020600452600a6024527f75736572206572726f7200000000000000000000000000000000000000000000604452604e6000fd"},"subtraces":0,"traceAddress":[],"type":"create","blockHash":"0x7874f1f567f61646332fe6bd6807b5f36f27f526844ce7b6ddd291a27d33971d","blockNumber":1,"transactionHash":"0x32e7fcf0e2f89ae437b0cef7fe44c204aee01e1e234e6ad321a5bec3a31ce8a2","transactionPosition":2}]}
response differs from expected (-- client, ++ test):
{
  "id": 1,
  "jsonrpc": "2.0",
  "result": -- [] ++ {}
}
>>  {"jsonrpc": "2.0", "id": 1, "method": "trace_callMany", "params": [[[{"from": "0x7435ed30a8b4aeb0877cef0c6e8cffe834eb865f", "gas": "0x927c0", "gasPrice": "0x77359400", "data": "0x4360005260206000f3"}, ["trace"]]]]}
<<  {"jsonrpc":"2.0","id":1,"result":[{"output":"0x0000000000000000000000000000000000000000000000000000000000000030","trace":[{"action":{"from":"0x7435ed30a8b4aeb0877cef0c6e8cffe834eb865f","gas":"0x8583e","init":"0x4360005260206000f3","value":"0x0","creationMethod":"create"},"result":{"gasUsed":"0x1911","address":"0xe3a8b633a20d3bc82cfd6d6cb315dd9784b3ea41","code":"0x0000000000000000000000000000000000000000000000000000000000000030"},"subtraces":0,"traceAddress":[],"type":"create"}],"stateDiff":null,"vmTrace":null}]}
response differs from expected (-- client, ++ test):
{
  "id": 1,
  "jsonrpc": "2.0",
  "result": -- [] ++ {}
}
>>  {"jsonrpc": "2.0", "id": 1, "method": "trace_callMany", "params": [[[{"from": "0x7435ed30a8b4aeb0877cef0c6e8cffe834eb865f", "gas": "0x927c0", "gasPrice": "0x77359400", "data": "0x4360005260206000f3"}, ["trace"]]], "latest"]}
<<  {"jsonrpc":"2.0","id":1,"result":[{"output":"0x0000000000000000000000000000000000000000000000000000000000000030","trace":[{"action":{"from":"0x7435ed30a8b4aeb0877cef0c6e8cffe834eb865f","gas":"0x8583e","init":"0x4360005260206000f3","value":"0x0","creationMethod":"create"},"result":{"gasUsed":"0x1911","address":"0xe3a8b633a20d3bc82cfd6d6cb315dd9784b3ea41","code":"0x0000000000000000000000000000000000000000000000000000000000000030"},"subtraces":0,"traceAddress":[],"type":"create"}],"stateDiff":null,"vmTrace":null}]}
response differs from expected (-- client, ++ test):
{
  "id": 1,
  "jsonrpc": "2.0",
  "result": -- [] ++ {}
}
>>  {"jsonrpc": "2.0", "id": 1, "method": "trace_callMany", "params": [[[{"from": "0x7435ed30a8b4aeb0877cef0c6e8cffe834eb865f", "gas": "0x927c0", "gasPrice": "0x77359400", "data": "0x4360005260206000f3"}, ["trace"]]], "pending"]}
<<  {"jsonrpc":"2.0","id":1,"error":{"code":-32602,"message":"pending tracing is not supported"}}
response differs from expected (-- client, ++ test):
{
  -- "error": {
    -- "code": -32602,
    -- "message": "pending tracing is not supported"
  -- },
  "id": 1,
  "jsonrpc": "2.0",
  ++ "result": {
    ++ "capture_only": true
  ++ }
}
