Sep 24 01:22:43.187 INF building image image=hive/hiveproxy nocache=false pull=false
Sep 24 01:22:43.207 INF building 9 clients...
Sep 24 01:22:43.207 INF building image image=hive/clients/besu_development:latest dir=clients/besu nocache=false pull=false baseimage=trace-interop/besu tag=a85249905183f65c98c9e8c282955e40487c4ff8af8db8b8e306d58292231744
Sep 24 01:22:43.236 INF building image image=hive/clients/besu_release:latest dir=clients/besu nocache=false pull=false baseimage=trace-interop/besu tag=f3713c713ca4f9e89c09e1478d2a85116ba9ce8343129d709420ba2af009598b
Sep 24 01:22:43.266 INF building image image=hive/clients/erigon_development:latest dir=clients/erigon nocache=false pull=false baseimage=trace-interop/erigon tag=8269576669f1b4a55572ee7d1a7e4489244cd57bb545293391d1ebd5e0fac002
Sep 24 01:22:43.292 INF building image image=hive/clients/erigon_release:latest dir=clients/erigon nocache=false pull=false baseimage=trace-interop/erigon tag=8668d9c5adc01ad1d12aa25380e384079080bdde7e0ce93f11bed422d82ca0ac
Sep 24 01:22:43.325 INF building image image=hive/clients/go-ethereum_trace:latest dir=clients/go-ethereum nocache=false pull=false baseimage=trace-interop/go-ethereum tag=351f4131517b32d6a34d884f30dd5d6db83e1c008297f920e87b02b269f9874e
Sep 24 01:22:43.352 INF building image image=hive/clients/nethermind_development:latest dir=clients/nethermind nocache=false pull=false baseimage=trace-interop/nethermind tag=e68f6cd253c312443b306b7e1e61381a38fd174dd16fe7e9bc55487245718182
Sep 24 01:22:43.383 INF building image image=hive/clients/nethermind_release:latest dir=clients/nethermind nocache=false pull=false baseimage=trace-interop/nethermind tag=a5098d75bfa8d4da1992ba8404b357fde6d53241315396e26b88e16e5f67bb59
Sep 24 01:22:43.413 INF building image image=hive/clients/reth_development:latest dir=clients/reth nocache=false pull=false baseimage=trace-interop/reth tag=1d6a97ef686d7c6099c5426c77334ca5891ce5d362fe5f3049ac2ea0df76de86
Sep 24 01:22:43.438 INF building image image=hive/clients/reth_release:latest dir=clients/reth nocache=false pull=false baseimage=trace-interop/reth tag=e939dc4a471d9d27224e430f607a954d692ca5037a1350ee2036397d14532ca7
Sep 24 01:22:43.463 INF building 1 simulators...
Sep 24 01:22:43.464 INF building image image=hive/simulators/ethereum/rpc-compat:latest dir=simulators/ethereum/rpc-compat nocache=false pull=false
Sep 24 01:22:43.482 INF creating output directory folder=/home/banteg/dev/trace-coverage-20260924/evidence/2026-09-24/coverage-matrix/precompile-values/hive
Sep 24 01:22:43.490 INF running simulation: ethereum/rpc-compat
Sep 24 01:22:43.641 INF hiveproxy started container=57189628fb33 addr=172.17.0.2:8081
Sep 24 01:22:43.786 INF API: suite started suite=0 name=rpc-compat
Sep 24 01:22:43.788 INF API: test started suite=0 test=1 name="client launch (besu_development)"
Sep 24 01:22:52.628 INF API: client besu_development started suite=0 test=1 container=96dabdee
Sep 24 01:22:52.913 INF API: test started suite=0 test=2 name="interop/_control/create-nonce (besu_development)"
Sep 24 01:22:52.925 INF API: test ended suite=0 test=2 pass=false
Sep 24 01:22:52.926 INF API: test started suite=0 test=3 name="interop/_control/head (besu_development)"
Sep 24 01:22:52.934 INF API: test ended suite=0 test=3 pass=false
Sep 24 01:22:52.935 INF API: test started suite=0 test=4 name="interop/_control/latest (besu_development)"
Sep 24 01:22:52.943 INF API: test ended suite=0 test=4 pass=false
Sep 24 01:22:52.944 INF API: test started suite=0 test=5 name="interop/_control/target-balance (besu_development)"
Sep 24 01:22:52.951 INF API: test ended suite=0 test=5 pass=false
Sep 24 01:22:52.953 INF API: test started suite=0 test=6 name="interop/_control/target-code (besu_development)"
Sep 24 01:22:52.960 INF API: test ended suite=0 test=6 pass=false
Sep 24 01:22:52.961 INF API: test started suite=0 test=7 name="interop/_control/target-nonce (besu_development)"
Sep 24 01:22:52.967 INF API: test ended suite=0 test=7 pass=false
Sep 24 01:22:52.968 INF API: test started suite=0 test=8 name="interop/_control/version (besu_development)"
Sep 24 01:22:52.974 INF API: test ended suite=0 test=8 pass=false
Sep 24 01:22:52.975 INF API: test started suite=0 test=9 name="interop/nested-call-outer0-value1-failed (besu_development)"
Sep 24 01:22:53.070 INF API: test ended suite=0 test=9 pass=false
Sep 24 01:22:53.071 INF API: test started suite=0 test=10 name="interop/nested-call-outer0-value1-success (besu_development)"
Sep 24 01:22:53.086 INF API: test ended suite=0 test=10 pass=false
Sep 24 01:22:53.087 INF API: test started suite=0 test=11 name="interop/nested-call-outer1-value0-failed (besu_development)"
Sep 24 01:22:53.101 INF API: test ended suite=0 test=11 pass=false
Sep 24 01:22:53.102 INF API: test started suite=0 test=12 name="interop/nested-call-outer1-value0-success (besu_development)"
Sep 24 01:22:53.112 INF API: test ended suite=0 test=12 pass=false
Sep 24 01:22:53.113 INF API: test started suite=0 test=13 name="interop/nested-callcode-outer0-value1-failed (besu_development)"
Sep 24 01:22:53.124 INF API: test ended suite=0 test=13 pass=false
Sep 24 01:22:53.125 INF API: test started suite=0 test=14 name="interop/nested-callcode-outer0-value1-success (besu_development)"
Sep 24 01:22:53.139 INF API: test ended suite=0 test=14 pass=false
Sep 24 01:22:53.140 INF API: test started suite=0 test=15 name="interop/nested-callcode-outer1-value0-failed (besu_development)"
Sep 24 01:22:53.151 INF API: test ended suite=0 test=15 pass=false
Sep 24 01:22:53.152 INF API: test started suite=0 test=16 name="interop/nested-callcode-outer1-value0-success (besu_development)"
Sep 24 01:22:53.164 INF API: test ended suite=0 test=16 pass=false
Sep 24 01:22:53.330 INF API: test ended suite=0 test=1 pass=true
Sep 24 01:22:53.333 INF API: test started suite=0 test=17 name="client launch (besu_release)"
Sep 24 01:23:01.481 INF API: client besu_release started suite=0 test=17 container=3e0fdc2a
Sep 24 01:23:01.762 INF API: test started suite=0 test=18 name="interop/_control/create-nonce (besu_release)"
Sep 24 01:23:01.776 INF API: test ended suite=0 test=18 pass=false
Sep 24 01:23:01.777 INF API: test started suite=0 test=19 name="interop/_control/head (besu_release)"
Sep 24 01:23:01.784 INF API: test ended suite=0 test=19 pass=false
Sep 24 01:23:01.785 INF API: test started suite=0 test=20 name="interop/_control/latest (besu_release)"
Sep 24 01:23:01.793 INF API: test ended suite=0 test=20 pass=false
Sep 24 01:23:01.794 INF API: test started suite=0 test=21 name="interop/_control/target-balance (besu_release)"
Sep 24 01:23:01.802 INF API: test ended suite=0 test=21 pass=false
Sep 24 01:23:01.803 INF API: test started suite=0 test=22 name="interop/_control/target-code (besu_release)"
Sep 24 01:23:01.809 INF API: test ended suite=0 test=22 pass=false
Sep 24 01:23:01.811 INF API: test started suite=0 test=23 name="interop/_control/target-nonce (besu_release)"
Sep 24 01:23:01.817 INF API: test ended suite=0 test=23 pass=false
Sep 24 01:23:01.818 INF API: test started suite=0 test=24 name="interop/_control/version (besu_release)"
Sep 24 01:23:01.824 INF API: test ended suite=0 test=24 pass=false
Sep 24 01:23:01.825 INF API: test started suite=0 test=25 name="interop/nested-call-outer0-value1-failed (besu_release)"
Sep 24 01:23:01.919 INF API: test ended suite=0 test=25 pass=false
Sep 24 01:23:01.920 INF API: test started suite=0 test=26 name="interop/nested-call-outer0-value1-success (besu_release)"
Sep 24 01:23:01.937 INF API: test ended suite=0 test=26 pass=false
Sep 24 01:23:01.938 INF API: test started suite=0 test=27 name="interop/nested-call-outer1-value0-failed (besu_release)"
Sep 24 01:23:01.952 INF API: test ended suite=0 test=27 pass=false
Sep 24 01:23:01.953 INF API: test started suite=0 test=28 name="interop/nested-call-outer1-value0-success (besu_release)"
Sep 24 01:23:01.965 INF API: test ended suite=0 test=28 pass=false
Sep 24 01:23:01.966 INF API: test started suite=0 test=29 name="interop/nested-callcode-outer0-value1-failed (besu_release)"
Sep 24 01:23:01.979 INF API: test ended suite=0 test=29 pass=false
Sep 24 01:23:01.980 INF API: test started suite=0 test=30 name="interop/nested-callcode-outer0-value1-success (besu_release)"
Sep 24 01:23:01.995 INF API: test ended suite=0 test=30 pass=false
Sep 24 01:23:01.996 INF API: test started suite=0 test=31 name="interop/nested-callcode-outer1-value0-failed (besu_release)"
Sep 24 01:23:02.007 INF API: test ended suite=0 test=31 pass=false
Sep 24 01:23:02.008 INF API: test started suite=0 test=32 name="interop/nested-callcode-outer1-value0-success (besu_release)"
Sep 24 01:23:02.019 INF API: test ended suite=0 test=32 pass=false
Sep 24 01:23:02.226 INF API: test ended suite=0 test=17 pass=true
Sep 24 01:23:02.227 INF API: test started suite=0 test=33 name="client launch (erigon_development)"
Sep 24 01:23:02.990 INF API: client erigon_development started suite=0 test=33 container=0d9eca8d
Sep 24 01:23:02.997 INF API: test started suite=0 test=34 name="interop/_control/create-nonce (erigon_development)"
Sep 24 01:23:02.999 INF API: test ended suite=0 test=34 pass=false
Sep 24 01:23:03.000 INF API: test started suite=0 test=35 name="interop/_control/head (erigon_development)"
Sep 24 01:23:03.003 INF API: test ended suite=0 test=35 pass=false
Sep 24 01:23:03.004 INF API: test started suite=0 test=36 name="interop/_control/latest (erigon_development)"
Sep 24 01:23:03.007 INF API: test ended suite=0 test=36 pass=false
Sep 24 01:23:03.007 INF API: test started suite=0 test=37 name="interop/_control/target-balance (erigon_development)"
Sep 24 01:23:03.010 INF API: test ended suite=0 test=37 pass=false
Sep 24 01:23:03.010 INF API: test started suite=0 test=38 name="interop/_control/target-code (erigon_development)"
Sep 24 01:23:03.012 INF API: test ended suite=0 test=38 pass=false
Sep 24 01:23:03.013 INF API: test started suite=0 test=39 name="interop/_control/target-nonce (erigon_development)"
Sep 24 01:23:03.016 INF API: test ended suite=0 test=39 pass=false
Sep 24 01:23:03.016 INF API: test started suite=0 test=40 name="interop/_control/version (erigon_development)"
Sep 24 01:23:03.018 INF API: test ended suite=0 test=40 pass=false
Sep 24 01:23:03.019 INF API: test started suite=0 test=41 name="interop/nested-call-outer0-value1-failed (erigon_development)"
Sep 24 01:23:03.023 INF API: test ended suite=0 test=41 pass=false
Sep 24 01:23:03.024 INF API: test started suite=0 test=42 name="interop/nested-call-outer0-value1-success (erigon_development)"
Sep 24 01:23:03.026 INF API: test ended suite=0 test=42 pass=false
Sep 24 01:23:03.027 INF API: test started suite=0 test=43 name="interop/nested-call-outer1-value0-failed (erigon_development)"
Sep 24 01:23:03.030 INF API: test ended suite=0 test=43 pass=false
Sep 24 01:23:03.031 INF API: test started suite=0 test=44 name="interop/nested-call-outer1-value0-success (erigon_development)"
Sep 24 01:23:03.033 INF API: test ended suite=0 test=44 pass=false
Sep 24 01:23:03.034 INF API: test started suite=0 test=45 name="interop/nested-callcode-outer0-value1-failed (erigon_development)"
Sep 24 01:23:03.037 INF API: test ended suite=0 test=45 pass=false
Sep 24 01:23:03.037 INF API: test started suite=0 test=46 name="interop/nested-callcode-outer0-value1-success (erigon_development)"
Sep 24 01:23:03.040 INF API: test ended suite=0 test=46 pass=false
Sep 24 01:23:03.041 INF API: test started suite=0 test=47 name="interop/nested-callcode-outer1-value0-failed (erigon_development)"
Sep 24 01:23:03.044 INF API: test ended suite=0 test=47 pass=false
Sep 24 01:23:03.045 INF API: test started suite=0 test=48 name="interop/nested-callcode-outer1-value0-success (erigon_development)"
Sep 24 01:23:03.048 INF API: test ended suite=0 test=48 pass=false
Sep 24 01:23:03.171 INF API: test ended suite=0 test=33 pass=true
Sep 24 01:23:03.172 INF API: test started suite=0 test=49 name="client launch (erigon_release)"
Sep 24 01:23:04.021 INF API: client erigon_release started suite=0 test=49 container=bd603050
Sep 24 01:23:04.026 INF API: test started suite=0 test=50 name="interop/_control/create-nonce (erigon_release)"
Sep 24 01:23:04.029 INF API: test ended suite=0 test=50 pass=false
Sep 24 01:23:04.030 INF API: test started suite=0 test=51 name="interop/_control/head (erigon_release)"
Sep 24 01:23:04.033 INF API: test ended suite=0 test=51 pass=false
Sep 24 01:23:04.034 INF API: test started suite=0 test=52 name="interop/_control/latest (erigon_release)"
Sep 24 01:23:04.036 INF API: test ended suite=0 test=52 pass=false
Sep 24 01:23:04.037 INF API: test started suite=0 test=53 name="interop/_control/target-balance (erigon_release)"
Sep 24 01:23:04.040 INF API: test ended suite=0 test=53 pass=false
Sep 24 01:23:04.040 INF API: test started suite=0 test=54 name="interop/_control/target-code (erigon_release)"
Sep 24 01:23:04.042 INF API: test ended suite=0 test=54 pass=false
Sep 24 01:23:04.043 INF API: test started suite=0 test=55 name="interop/_control/target-nonce (erigon_release)"
Sep 24 01:23:04.046 INF API: test ended suite=0 test=55 pass=false
Sep 24 01:23:04.047 INF API: test started suite=0 test=56 name="interop/_control/version (erigon_release)"
Sep 24 01:23:04.049 INF API: test ended suite=0 test=56 pass=false
Sep 24 01:23:04.050 INF API: test started suite=0 test=57 name="interop/nested-call-outer0-value1-failed (erigon_release)"
Sep 24 01:23:04.053 INF API: test ended suite=0 test=57 pass=false
Sep 24 01:23:04.054 INF API: test started suite=0 test=58 name="interop/nested-call-outer0-value1-success (erigon_release)"
Sep 24 01:23:04.056 INF API: test ended suite=0 test=58 pass=false
Sep 24 01:23:04.057 INF API: test started suite=0 test=59 name="interop/nested-call-outer1-value0-failed (erigon_release)"
Sep 24 01:23:04.060 INF API: test ended suite=0 test=59 pass=false
Sep 24 01:23:04.061 INF API: test started suite=0 test=60 name="interop/nested-call-outer1-value0-success (erigon_release)"
Sep 24 01:23:04.064 INF API: test ended suite=0 test=60 pass=false
Sep 24 01:23:04.064 INF API: test started suite=0 test=61 name="interop/nested-callcode-outer0-value1-failed (erigon_release)"
Sep 24 01:23:04.067 INF API: test ended suite=0 test=61 pass=false
Sep 24 01:23:04.068 INF API: test started suite=0 test=62 name="interop/nested-callcode-outer0-value1-success (erigon_release)"
Sep 24 01:23:04.070 INF API: test ended suite=0 test=62 pass=false
Sep 24 01:23:04.071 INF API: test started suite=0 test=63 name="interop/nested-callcode-outer1-value0-failed (erigon_release)"
Sep 24 01:23:04.074 INF API: test ended suite=0 test=63 pass=false
Sep 24 01:23:04.075 INF API: test started suite=0 test=64 name="interop/nested-callcode-outer1-value0-success (erigon_release)"
Sep 24 01:23:04.079 INF API: test ended suite=0 test=64 pass=false
Sep 24 01:23:04.197 INF API: test ended suite=0 test=49 pass=true
Sep 24 01:23:04.199 INF API: test started suite=0 test=65 name="client launch (go-ethereum_trace)"
Sep 24 01:23:04.847 INF API: client go-ethereum_trace started suite=0 test=65 container=70fd832b
Sep 24 01:23:04.853 INF API: test started suite=0 test=66 name="interop/_control/create-nonce (go-ethereum_trace)"
Sep 24 01:23:04.856 INF API: test ended suite=0 test=66 pass=false
Sep 24 01:23:04.856 INF API: test started suite=0 test=67 name="interop/_control/head (go-ethereum_trace)"
Sep 24 01:23:04.859 INF API: test ended suite=0 test=67 pass=false
Sep 24 01:23:04.860 INF API: test started suite=0 test=68 name="interop/_control/latest (go-ethereum_trace)"
Sep 24 01:23:04.864 INF API: test ended suite=0 test=68 pass=false
Sep 24 01:23:04.865 INF API: test started suite=0 test=69 name="interop/_control/target-balance (go-ethereum_trace)"
Sep 24 01:23:04.867 INF API: test ended suite=0 test=69 pass=false
Sep 24 01:23:04.868 INF API: test started suite=0 test=70 name="interop/_control/target-code (go-ethereum_trace)"
Sep 24 01:23:04.870 INF API: test ended suite=0 test=70 pass=false
Sep 24 01:23:04.870 INF API: test started suite=0 test=71 name="interop/_control/target-nonce (go-ethereum_trace)"
Sep 24 01:23:04.873 INF API: test ended suite=0 test=71 pass=false
Sep 24 01:23:04.874 INF API: test started suite=0 test=72 name="interop/_control/version (go-ethereum_trace)"
Sep 24 01:23:04.876 INF API: test ended suite=0 test=72 pass=false
Sep 24 01:23:04.877 INF API: test started suite=0 test=73 name="interop/nested-call-outer0-value1-failed (go-ethereum_trace)"
Sep 24 01:23:04.880 INF API: test ended suite=0 test=73 pass=false
Sep 24 01:23:04.881 INF API: test started suite=0 test=74 name="interop/nested-call-outer0-value1-success (go-ethereum_trace)"
Sep 24 01:23:04.885 INF API: test ended suite=0 test=74 pass=false
Sep 24 01:23:04.886 INF API: test started suite=0 test=75 name="interop/nested-call-outer1-value0-failed (go-ethereum_trace)"
Sep 24 01:23:04.889 INF API: test ended suite=0 test=75 pass=false
Sep 24 01:23:04.890 INF API: test started suite=0 test=76 name="interop/nested-call-outer1-value0-success (go-ethereum_trace)"
Sep 24 01:23:04.893 INF API: test ended suite=0 test=76 pass=false
Sep 24 01:23:04.894 INF API: test started suite=0 test=77 name="interop/nested-callcode-outer0-value1-failed (go-ethereum_trace)"
Sep 24 01:23:04.897 INF API: test ended suite=0 test=77 pass=false
Sep 24 01:23:04.897 INF API: test started suite=0 test=78 name="interop/nested-callcode-outer0-value1-success (go-ethereum_trace)"
Sep 24 01:23:04.902 INF API: test ended suite=0 test=78 pass=false
Sep 24 01:23:04.903 INF API: test started suite=0 test=79 name="interop/nested-callcode-outer1-value0-failed (go-ethereum_trace)"
Sep 24 01:23:04.906 INF API: test ended suite=0 test=79 pass=false
Sep 24 01:23:04.907 INF API: test started suite=0 test=80 name="interop/nested-callcode-outer1-value0-success (go-ethereum_trace)"
Sep 24 01:23:04.911 INF API: test ended suite=0 test=80 pass=false
Sep 24 01:23:05.035 INF API: test ended suite=0 test=65 pass=true
Sep 24 01:23:05.037 INF API: test started suite=0 test=81 name="client launch (nethermind_development)"
Sep 24 01:23:12.686 INF API: client nethermind_development started suite=0 test=81 container=e9023cb3
Sep 24 01:23:12.823 INF API: test started suite=0 test=82 name="interop/_control/create-nonce (nethermind_development)"
Sep 24 01:23:12.830 INF API: test ended suite=0 test=82 pass=false
Sep 24 01:23:12.832 INF API: test started suite=0 test=83 name="interop/_control/head (nethermind_development)"
Sep 24 01:23:12.838 INF API: test ended suite=0 test=83 pass=false
Sep 24 01:23:12.838 INF API: test started suite=0 test=84 name="interop/_control/latest (nethermind_development)"
Sep 24 01:23:12.844 INF API: test ended suite=0 test=84 pass=false
Sep 24 01:23:12.844 INF API: test started suite=0 test=85 name="interop/_control/target-balance (nethermind_development)"
Sep 24 01:23:12.849 INF API: test ended suite=0 test=85 pass=false
Sep 24 01:23:12.850 INF API: test started suite=0 test=86 name="interop/_control/target-code (nethermind_development)"
Sep 24 01:23:12.853 INF API: test ended suite=0 test=86 pass=false
Sep 24 01:23:12.853 INF API: test started suite=0 test=87 name="interop/_control/target-nonce (nethermind_development)"
Sep 24 01:23:12.855 INF API: test ended suite=0 test=87 pass=false
Sep 24 01:23:12.856 INF API: test started suite=0 test=88 name="interop/_control/version (nethermind_development)"
Sep 24 01:23:12.859 INF API: test ended suite=0 test=88 pass=false
Sep 24 01:23:12.860 INF API: test started suite=0 test=89 name="interop/nested-call-outer0-value1-failed (nethermind_development)"
Sep 24 01:23:13.053 INF API: test ended suite=0 test=89 pass=false
Sep 24 01:23:13.054 INF API: test started suite=0 test=90 name="interop/nested-call-outer0-value1-success (nethermind_development)"
Sep 24 01:23:13.067 INF API: test ended suite=0 test=90 pass=false
Sep 24 01:23:13.068 INF API: test started suite=0 test=91 name="interop/nested-call-outer1-value0-failed (nethermind_development)"
Sep 24 01:23:13.077 INF API: test ended suite=0 test=91 pass=false
Sep 24 01:23:13.078 INF API: test started suite=0 test=92 name="interop/nested-call-outer1-value0-success (nethermind_development)"
Sep 24 01:23:13.082 INF API: test ended suite=0 test=92 pass=false
Sep 24 01:23:13.083 INF API: test started suite=0 test=93 name="interop/nested-callcode-outer0-value1-failed (nethermind_development)"
Sep 24 01:23:13.101 INF API: test ended suite=0 test=93 pass=false
Sep 24 01:23:13.102 INF API: test started suite=0 test=94 name="interop/nested-callcode-outer0-value1-success (nethermind_development)"
Sep 24 01:23:13.108 INF API: test ended suite=0 test=94 pass=false
Sep 24 01:23:13.109 INF API: test started suite=0 test=95 name="interop/nested-callcode-outer1-value0-failed (nethermind_development)"
Sep 24 01:23:13.112 INF API: test ended suite=0 test=95 pass=false
Sep 24 01:23:13.113 INF API: test started suite=0 test=96 name="interop/nested-callcode-outer1-value0-success (nethermind_development)"
Sep 24 01:23:13.117 INF API: test ended suite=0 test=96 pass=false
Sep 24 01:23:13.281 INF API: test ended suite=0 test=81 pass=true
Sep 24 01:23:13.282 INF API: test started suite=0 test=97 name="client launch (nethermind_release)"
Sep 24 01:23:20.529 INF API: client nethermind_release started suite=0 test=97 container=c2c328e7
Sep 24 01:23:20.824 INF API: test started suite=0 test=98 name="interop/_control/create-nonce (nethermind_release)"
Sep 24 01:23:20.850 INF API: test ended suite=0 test=98 pass=false
Sep 24 01:23:20.851 INF API: test started suite=0 test=99 name="interop/_control/head (nethermind_release)"
Sep 24 01:23:20.864 INF API: test ended suite=0 test=99 pass=false
Sep 24 01:23:20.866 INF API: test started suite=0 test=100 name="interop/_control/latest (nethermind_release)"
Sep 24 01:23:20.869 INF API: test ended suite=0 test=100 pass=false
Sep 24 01:23:20.871 INF API: test started suite=0 test=101 name="interop/_control/target-balance (nethermind_release)"
Sep 24 01:23:20.888 INF API: test ended suite=0 test=101 pass=false
Sep 24 01:23:20.889 INF API: test started suite=0 test=102 name="interop/_control/target-code (nethermind_release)"
Sep 24 01:23:20.895 INF API: test ended suite=0 test=102 pass=false
Sep 24 01:23:20.897 INF API: test started suite=0 test=103 name="interop/_control/target-nonce (nethermind_release)"
Sep 24 01:23:20.899 INF API: test ended suite=0 test=103 pass=false
Sep 24 01:23:20.900 INF API: test started suite=0 test=104 name="interop/_control/version (nethermind_release)"
Sep 24 01:23:20.907 INF API: test ended suite=0 test=104 pass=false
Sep 24 01:23:20.911 INF API: test started suite=0 test=105 name="interop/nested-call-outer0-value1-failed (nethermind_release)"
Sep 24 01:23:21.042 INF API: test ended suite=0 test=105 pass=false
Sep 24 01:23:21.043 INF API: test started suite=0 test=106 name="interop/nested-call-outer0-value1-success (nethermind_release)"
Sep 24 01:23:21.053 INF API: test ended suite=0 test=106 pass=false
Sep 24 01:23:21.054 INF API: test started suite=0 test=107 name="interop/nested-call-outer1-value0-failed (nethermind_release)"
Sep 24 01:23:21.063 INF API: test ended suite=0 test=107 pass=false
Sep 24 01:23:21.064 INF API: test started suite=0 test=108 name="interop/nested-call-outer1-value0-success (nethermind_release)"
Sep 24 01:23:21.071 INF API: test ended suite=0 test=108 pass=false
Sep 24 01:23:21.072 INF API: test started suite=0 test=109 name="interop/nested-callcode-outer0-value1-failed (nethermind_release)"
Sep 24 01:23:21.078 INF API: test ended suite=0 test=109 pass=false
Sep 24 01:23:21.079 INF API: test started suite=0 test=110 name="interop/nested-callcode-outer0-value1-success (nethermind_release)"
Sep 24 01:23:21.086 INF API: test ended suite=0 test=110 pass=false
Sep 24 01:23:21.087 INF API: test started suite=0 test=111 name="interop/nested-callcode-outer1-value0-failed (nethermind_release)"
Sep 24 01:23:21.092 INF API: test ended suite=0 test=111 pass=false
Sep 24 01:23:21.093 INF API: test started suite=0 test=112 name="interop/nested-callcode-outer1-value0-success (nethermind_release)"
Sep 24 01:23:21.097 INF API: test ended suite=0 test=112 pass=false
Sep 24 01:23:21.389 INF API: test ended suite=0 test=97 pass=true
Sep 24 01:23:21.390 INF API: test started suite=0 test=113 name="client launch (reth_development)"
Sep 24 01:23:24.155 INF API: client reth_development started suite=0 test=113 container=a9101e13
Sep 24 01:23:24.162 INF API: test started suite=0 test=114 name="interop/_control/create-nonce (reth_development)"
Sep 24 01:23:24.163 INF API: test ended suite=0 test=114 pass=false
Sep 24 01:23:24.164 INF API: test started suite=0 test=115 name="interop/_control/head (reth_development)"
Sep 24 01:23:24.165 INF API: test ended suite=0 test=115 pass=false
Sep 24 01:23:24.166 INF API: test started suite=0 test=116 name="interop/_control/latest (reth_development)"
Sep 24 01:23:24.169 INF API: test ended suite=0 test=116 pass=false
Sep 24 01:23:24.169 INF API: test started suite=0 test=117 name="interop/_control/target-balance (reth_development)"
Sep 24 01:23:24.170 INF API: test ended suite=0 test=117 pass=false
Sep 24 01:23:24.171 INF API: test started suite=0 test=118 name="interop/_control/target-code (reth_development)"
Sep 24 01:23:24.172 INF API: test ended suite=0 test=118 pass=false
Sep 24 01:23:24.173 INF API: test started suite=0 test=119 name="interop/_control/target-nonce (reth_development)"
Sep 24 01:23:24.174 INF API: test ended suite=0 test=119 pass=false
Sep 24 01:23:24.175 INF API: test started suite=0 test=120 name="interop/_control/version (reth_development)"
Sep 24 01:23:24.176 INF API: test ended suite=0 test=120 pass=false
Sep 24 01:23:24.177 INF API: test started suite=0 test=121 name="interop/nested-call-outer0-value1-failed (reth_development)"
Sep 24 01:23:24.179 INF API: test ended suite=0 test=121 pass=false
Sep 24 01:23:24.180 INF API: test started suite=0 test=122 name="interop/nested-call-outer0-value1-success (reth_development)"
Sep 24 01:23:24.181 INF API: test ended suite=0 test=122 pass=false
Sep 24 01:23:24.182 INF API: test started suite=0 test=123 name="interop/nested-call-outer1-value0-failed (reth_development)"
Sep 24 01:23:24.185 INF API: test ended suite=0 test=123 pass=false
Sep 24 01:23:24.186 INF API: test started suite=0 test=124 name="interop/nested-call-outer1-value0-success (reth_development)"
Sep 24 01:23:24.188 INF API: test ended suite=0 test=124 pass=false
Sep 24 01:23:24.189 INF API: test started suite=0 test=125 name="interop/nested-callcode-outer0-value1-failed (reth_development)"
Sep 24 01:23:24.190 INF API: test ended suite=0 test=125 pass=false
Sep 24 01:23:24.191 INF API: test started suite=0 test=126 name="interop/nested-callcode-outer0-value1-success (reth_development)"
Sep 24 01:23:24.193 INF API: test ended suite=0 test=126 pass=false
Sep 24 01:23:24.194 INF API: test started suite=0 test=127 name="interop/nested-callcode-outer1-value0-failed (reth_development)"
Sep 24 01:23:24.197 INF API: test ended suite=0 test=127 pass=false
Sep 24 01:23:24.198 INF API: test started suite=0 test=128 name="interop/nested-callcode-outer1-value0-success (reth_development)"
Sep 24 01:23:24.200 INF API: test ended suite=0 test=128 pass=false
Sep 24 01:23:24.649 INF API: test ended suite=0 test=113 pass=true
Sep 24 01:23:24.651 INF API: test started suite=0 test=129 name="client launch (reth_release)"
Sep 24 01:23:28.113 INF API: client reth_release started suite=0 test=129 container=834d5e2c
Sep 24 01:23:28.128 INF API: test started suite=0 test=130 name="interop/_control/create-nonce (reth_release)"
Sep 24 01:23:28.130 INF API: test ended suite=0 test=130 pass=false
Sep 24 01:23:28.131 INF API: test started suite=0 test=131 name="interop/_control/head (reth_release)"
Sep 24 01:23:28.133 INF API: test ended suite=0 test=131 pass=false
Sep 24 01:23:28.134 INF API: test started suite=0 test=132 name="interop/_control/latest (reth_release)"
Sep 24 01:23:28.136 INF API: test ended suite=0 test=132 pass=false
Sep 24 01:23:28.137 INF API: test started suite=0 test=133 name="interop/_control/target-balance (reth_release)"
Sep 24 01:23:28.138 INF API: test ended suite=0 test=133 pass=false
Sep 24 01:23:28.139 INF API: test started suite=0 test=134 name="interop/_control/target-code (reth_release)"
Sep 24 01:23:28.141 INF API: test ended suite=0 test=134 pass=false
Sep 24 01:23:28.142 INF API: test started suite=0 test=135 name="interop/_control/target-nonce (reth_release)"
Sep 24 01:23:28.143 INF API: test ended suite=0 test=135 pass=false
Sep 24 01:23:28.143 INF API: test started suite=0 test=136 name="interop/_control/version (reth_release)"
Sep 24 01:23:28.145 INF API: test ended suite=0 test=136 pass=false
Sep 24 01:23:28.145 INF API: test started suite=0 test=137 name="interop/nested-call-outer0-value1-failed (reth_release)"
Sep 24 01:23:28.148 INF API: test ended suite=0 test=137 pass=false
Sep 24 01:23:28.149 INF API: test started suite=0 test=138 name="interop/nested-call-outer0-value1-success (reth_release)"
Sep 24 01:23:28.151 INF API: test ended suite=0 test=138 pass=false
Sep 24 01:23:28.152 INF API: test started suite=0 test=139 name="interop/nested-call-outer1-value0-failed (reth_release)"
Sep 24 01:23:28.155 INF API: test ended suite=0 test=139 pass=false
Sep 24 01:23:28.156 INF API: test started suite=0 test=140 name="interop/nested-call-outer1-value0-success (reth_release)"
Sep 24 01:23:28.159 INF API: test ended suite=0 test=140 pass=false
Sep 24 01:23:28.159 INF API: test started suite=0 test=141 name="interop/nested-callcode-outer0-value1-failed (reth_release)"
Sep 24 01:23:28.161 INF API: test ended suite=0 test=141 pass=false
Sep 24 01:23:28.162 INF API: test started suite=0 test=142 name="interop/nested-callcode-outer0-value1-success (reth_release)"
Sep 24 01:23:28.164 INF API: test ended suite=0 test=142 pass=false
Sep 24 01:23:28.165 INF API: test started suite=0 test=143 name="interop/nested-callcode-outer1-value0-failed (reth_release)"
Sep 24 01:23:28.168 INF API: test ended suite=0 test=143 pass=false
Sep 24 01:23:28.169 INF API: test started suite=0 test=144 name="interop/nested-callcode-outer1-value0-success (reth_release)"
Sep 24 01:23:28.171 INF API: test ended suite=0 test=144 pass=false
Sep 24 01:23:28.325 INF API: test ended suite=0 test=129 pass=true
Sep 24 01:23:28.333 INF API: suite ended suite=0
Sep 24 01:23:28.589 INF simulation ethereum/rpc-compat finished suites=1 tests=144 failed=135
135 tests failed
