Sep 21 22:09:37.505 INF building image image=hive/hiveproxy nocache=false pull=false
Sep 21 22:09:37.526 INF building 1 clients...
Sep 21 22:09:37.526 INF building image image=hive/clients/go-ethereum_trace:latest dir=clients/go-ethereum nocache=false pull=false baseimage=trace-interop/go-ethereum tag=31bf99402b9e84afafaea75566c16f6a186de688899ad518588cbe867e3d0b72
Sep 21 22:09:37.557 INF building 1 simulators...
Sep 21 22:09:37.557 INF building image image=hive/simulators/ethereum/rpc-compat:latest dir=simulators/ethereum/rpc-compat nocache=false pull=false
Sep 21 22:09:37.574 INF creating output directory folder=/home/banteg/dev/trace-interop/runs/geth-final-fork-followup/hive
Sep 21 22:09:37.582 INF running simulation: ethereum/rpc-compat
Sep 21 22:09:37.728 INF hiveproxy started container=bcccb8c89124 addr=172.17.0.2:8081
Sep 21 22:09:37.895 INF API: suite started suite=0 name=rpc-compat
Sep 21 22:09:37.897 INF API: test started suite=0 test=1 name="client launch (go-ethereum_trace)"
Sep 21 22:09:38.656 INF API: client go-ethereum_trace started suite=0 test=1 container=2f562ac8
Sep 21 22:09:38.661 INF API: test started suite=0 test=2 name="interop/_control/head (go-ethereum_trace)"
Sep 21 22:09:38.666 INF API: test ended suite=0 test=2 pass=false
Sep 21 22:09:38.666 INF API: test started suite=0 test=3 name="interop/_control/version (go-ethereum_trace)"
Sep 21 22:09:38.669 INF API: test ended suite=0 test=3 pass=false
Sep 21 22:09:38.670 INF API: test started suite=0 test=4 name="interop/beacon-call-55 (go-ethereum_trace)"
Sep 21 22:09:38.673 INF API: test ended suite=0 test=4 pass=false
Sep 21 22:09:38.674 INF API: test started suite=0 test=5 name="interop/beacon-call-56 (go-ethereum_trace)"
Sep 21 22:09:38.678 INF API: test ended suite=0 test=5 pass=false
Sep 21 22:09:38.679 INF API: test started suite=0 test=6 name="interop/control-head (go-ethereum_trace)"
Sep 21 22:09:38.682 INF API: test ended suite=0 test=6 pass=false
Sep 21 22:09:38.683 INF API: test started suite=0 test=7 name="interop/destroy-trace-55 (go-ethereum_trace)"
Sep 21 22:09:38.686 INF API: test ended suite=0 test=7 pass=false
Sep 21 22:09:38.687 INF API: test started suite=0 test=8 name="interop/destroy-trace-56 (go-ethereum_trace)"
Sep 21 22:09:38.691 INF API: test ended suite=0 test=8 pass=false
Sep 21 22:09:38.692 INF API: test started suite=0 test=9 name="interop/system-beacon-55-560 (go-ethereum_trace)"
Sep 21 22:09:38.694 INF API: test ended suite=0 test=9 pass=false
Sep 21 22:09:38.695 INF API: test started suite=0 test=10 name="interop/system-beacon-55-8751 (go-ethereum_trace)"
Sep 21 22:09:38.697 INF API: test ended suite=0 test=10 pass=false
Sep 21 22:09:38.698 INF API: test started suite=0 test=11 name="interop/system-beacon-56-560 (go-ethereum_trace)"
Sep 21 22:09:38.699 INF API: test ended suite=0 test=11 pass=false
Sep 21 22:09:38.700 INF API: test started suite=0 test=12 name="interop/system-beacon-56-8751 (go-ethereum_trace)"
Sep 21 22:09:38.703 INF API: test ended suite=0 test=12 pass=false
Sep 21 22:09:38.704 INF API: test started suite=0 test=13 name="interop/withdrawal-balance-51 (go-ethereum_trace)"
Sep 21 22:09:38.707 INF API: test ended suite=0 test=13 pass=false
Sep 21 22:09:38.708 INF API: test started suite=0 test=14 name="interop/withdrawal-balance-52 (go-ethereum_trace)"
Sep 21 22:09:38.711 INF API: test ended suite=0 test=14 pass=false
Sep 21 22:09:38.711 INF API: test started suite=0 test=15 name="interop/withdrawal-balance-53 (go-ethereum_trace)"
Sep 21 22:09:38.714 INF API: test ended suite=0 test=15 pass=false
Sep 21 22:09:38.714 INF API: test started suite=0 test=16 name="interop/withdrawal-block-51 (go-ethereum_trace)"
Sep 21 22:09:38.719 INF API: test ended suite=0 test=16 pass=false
Sep 21 22:09:38.719 INF API: test started suite=0 test=17 name="interop/withdrawal-block-52 (go-ethereum_trace)"
Sep 21 22:09:38.723 INF API: test ended suite=0 test=17 pass=false
Sep 21 22:09:38.724 INF API: test started suite=0 test=18 name="interop/withdrawal-block-53 (go-ethereum_trace)"
Sep 21 22:09:38.729 INF API: test ended suite=0 test=18 pass=false
Sep 21 22:09:38.729 INF API: test started suite=0 test=19 name="interop/withdrawal-filter-51 (go-ethereum_trace)"
Sep 21 22:09:38.733 INF API: test ended suite=0 test=19 pass=false
Sep 21 22:09:38.734 INF API: test started suite=0 test=20 name="interop/withdrawal-filter-52 (go-ethereum_trace)"
Sep 21 22:09:38.738 INF API: test ended suite=0 test=20 pass=false
Sep 21 22:09:38.738 INF API: test started suite=0 test=21 name="interop/withdrawal-filter-53 (go-ethereum_trace)"
Sep 21 22:09:38.741 INF API: test ended suite=0 test=21 pass=false
Sep 21 22:09:38.874 INF API: test ended suite=0 test=1 pass=true
Sep 21 22:09:38.883 INF API: suite ended suite=0
Sep 21 22:09:39.138 INF simulation ethereum/rpc-compat finished suites=1 tests=21 failed=20
20 tests failed
