Sep 24 01:24:20.232 INF building image image=hive/hiveproxy nocache=false pull=false
Sep 24 01:24:20.257 INF building 9 clients...
Sep 24 01:24:20.257 INF building image image=hive/clients/besu_development:latest dir=clients/besu nocache=false pull=false baseimage=trace-interop/besu tag=a85249905183f65c98c9e8c282955e40487c4ff8af8db8b8e306d58292231744
Sep 24 01:24:20.287 INF building image image=hive/clients/besu_release:latest dir=clients/besu nocache=false pull=false baseimage=trace-interop/besu tag=f3713c713ca4f9e89c09e1478d2a85116ba9ce8343129d709420ba2af009598b
Sep 24 01:24:20.319 INF building image image=hive/clients/erigon_development:latest dir=clients/erigon nocache=false pull=false baseimage=trace-interop/erigon tag=8269576669f1b4a55572ee7d1a7e4489244cd57bb545293391d1ebd5e0fac002
Sep 24 01:24:20.346 INF building image image=hive/clients/erigon_release:latest dir=clients/erigon nocache=false pull=false baseimage=trace-interop/erigon tag=8668d9c5adc01ad1d12aa25380e384079080bdde7e0ce93f11bed422d82ca0ac
Sep 24 01:24:20.382 INF building image image=hive/clients/go-ethereum_trace:latest dir=clients/go-ethereum nocache=false pull=false baseimage=trace-interop/go-ethereum tag=351f4131517b32d6a34d884f30dd5d6db83e1c008297f920e87b02b269f9874e
Sep 24 01:24:20.414 INF building image image=hive/clients/nethermind_development:latest dir=clients/nethermind nocache=false pull=false baseimage=trace-interop/nethermind tag=e68f6cd253c312443b306b7e1e61381a38fd174dd16fe7e9bc55487245718182
Sep 24 01:24:20.449 INF building image image=hive/clients/nethermind_release:latest dir=clients/nethermind nocache=false pull=false baseimage=trace-interop/nethermind tag=a5098d75bfa8d4da1992ba8404b357fde6d53241315396e26b88e16e5f67bb59
Sep 24 01:24:20.483 INF building image image=hive/clients/reth_development:latest dir=clients/reth nocache=false pull=false baseimage=trace-interop/reth tag=1d6a97ef686d7c6099c5426c77334ca5891ce5d362fe5f3049ac2ea0df76de86
Sep 24 01:24:20.510 INF building image image=hive/clients/reth_release:latest dir=clients/reth nocache=false pull=false baseimage=trace-interop/reth tag=e939dc4a471d9d27224e430f607a954d692ca5037a1350ee2036397d14532ca7
Sep 24 01:24:20.538 INF building 1 simulators...
Sep 24 01:24:20.538 INF building image image=hive/simulators/ethereum/rpc-compat:latest dir=simulators/ethereum/rpc-compat nocache=false pull=false
Sep 24 01:24:20.641 INF creating output directory folder=/home/banteg/dev/trace-coverage-20260924/evidence/2026-09-24/coverage-matrix/coverage/hive
Sep 24 01:24:20.649 INF running simulation: ethereum/rpc-compat
Sep 24 01:24:20.794 INF hiveproxy started container=2c914405ea3a addr=172.17.0.2:8081
Sep 24 01:24:21.136 INF API: suite started suite=0 name=rpc-compat
Sep 24 01:24:21.142 INF API: test started suite=0 test=1 name="client launch (besu_development)"
Sep 24 01:24:29.134 INF API: client besu_development started suite=0 test=1 container=8655c955
Sep 24 01:24:29.383 INF API: test started suite=0 test=2 name="interop/_control/head (besu_development)"
Sep 24 01:24:29.391 INF API: test ended suite=0 test=2 pass=false
Sep 24 01:24:29.392 INF API: test started suite=0 test=3 name="interop/_control/latest (besu_development)"
Sep 24 01:24:29.399 INF API: test ended suite=0 test=3 pass=false
Sep 24 01:24:29.400 INF API: test started suite=0 test=4 name="interop/_control/miner-balance (besu_development)"
Sep 24 01:24:29.412 INF API: test ended suite=0 test=4 pass=false
Sep 24 01:24:29.413 INF API: test started suite=0 test=5 name="interop/_control/miner-code (besu_development)"
Sep 24 01:24:29.419 INF API: test ended suite=0 test=5 pass=false
Sep 24 01:24:29.420 INF API: test started suite=0 test=6 name="interop/_control/miner-nonce (besu_development)"
Sep 24 01:24:29.425 INF API: test ended suite=0 test=6 pass=false
Sep 24 01:24:29.426 INF API: test started suite=0 test=7 name="interop/_control/sender-balance (besu_development)"
Sep 24 01:24:29.431 INF API: test ended suite=0 test=7 pass=false
Sep 24 01:24:29.432 INF API: test started suite=0 test=8 name="interop/_control/sender-code (besu_development)"
Sep 24 01:24:29.436 INF API: test ended suite=0 test=8 pass=false
Sep 24 01:24:29.437 INF API: test started suite=0 test=9 name="interop/_control/sender-nonce (besu_development)"
Sep 24 01:24:29.442 INF API: test ended suite=0 test=9 pass=false
Sep 24 01:24:29.442 INF API: test started suite=0 test=10 name="interop/_control/target-balance (besu_development)"
Sep 24 01:24:29.448 INF API: test ended suite=0 test=10 pass=false
Sep 24 01:24:29.449 INF API: test started suite=0 test=11 name="interop/_control/target-code (besu_development)"
Sep 24 01:24:29.454 INF API: test ended suite=0 test=11 pass=false
Sep 24 01:24:29.455 INF API: test started suite=0 test=12 name="interop/_control/target-nonce (besu_development)"
Sep 24 01:24:29.461 INF API: test ended suite=0 test=12 pass=false
Sep 24 01:24:29.462 INF API: test started suite=0 test=13 name="interop/_control/version (besu_development)"
Sep 24 01:24:29.467 INF API: test ended suite=0 test=13 pass=false
Sep 24 01:24:29.468 INF API: test started suite=0 test=14 name="interop/model-empty-runtime (besu_development)"
Sep 24 01:24:29.549 INF API: test ended suite=0 test=14 pass=false
Sep 24 01:24:29.550 INF API: test started suite=0 test=15 name="interop/model-environment-free (besu_development)"
Sep 24 01:24:29.568 INF API: test ended suite=0 test=15 pass=false
Sep 24 01:24:29.570 INF API: test started suite=0 test=16 name="interop/model-environment (besu_development)"
Sep 24 01:24:29.583 INF API: test ended suite=0 test=16 pass=false
Sep 24 01:24:29.584 INF API: test started suite=0 test=17 name="interop/model-many-transfers (besu_development)"
Sep 24 01:24:29.605 INF API: test ended suite=0 test=17 pass=false
Sep 24 01:24:29.606 INF API: test started suite=0 test=18 name="interop/model-mcopy-overlap (besu_development)"
Sep 24 01:24:29.617 INF API: test ended suite=0 test=18 pass=false
Sep 24 01:24:29.618 INF API: test started suite=0 test=19 name="interop/model-mcopy-zero (besu_development)"
Sep 24 01:24:29.627 INF API: test ended suite=0 test=19 pass=false
Sep 24 01:24:29.628 INF API: test started suite=0 test=20 name="interop/model-mcopy (besu_development)"
Sep 24 01:24:29.639 INF API: test ended suite=0 test=20 pass=false
Sep 24 01:24:29.640 INF API: test started suite=0 test=21 name="interop/model-mload-existing (besu_development)"
Sep 24 01:24:29.649 INF API: test ended suite=0 test=21 pass=false
Sep 24 01:24:29.650 INF API: test started suite=0 test=22 name="interop/model-mload-expansion (besu_development)"
Sep 24 01:24:29.658 INF API: test ended suite=0 test=22 pass=false
Sep 24 01:24:29.659 INF API: test started suite=0 test=23 name="interop/model-return42 (besu_development)"
Sep 24 01:24:29.669 INF API: test ended suite=0 test=23 pass=false
Sep 24 01:24:29.670 INF API: test started suite=0 test=24 name="interop/model-revert (besu_development)"
Sep 24 01:24:29.682 INF API: test ended suite=0 test=24 pass=false
Sep 24 01:24:29.683 INF API: test started suite=0 test=25 name="interop/model-transfer (besu_development)"
Sep 24 01:24:29.690 INF API: test ended suite=0 test=25 pass=false
Sep 24 01:24:29.872 INF API: test ended suite=0 test=1 pass=true
Sep 24 01:24:29.874 INF API: test started suite=0 test=26 name="client launch (besu_release)"
Sep 24 01:24:38.020 INF API: client besu_release started suite=0 test=26 container=6968430e
Sep 24 01:24:38.272 INF API: test started suite=0 test=27 name="interop/_control/head (besu_release)"
Sep 24 01:24:38.279 INF API: test ended suite=0 test=27 pass=false
Sep 24 01:24:38.280 INF API: test started suite=0 test=28 name="interop/_control/latest (besu_release)"
Sep 24 01:24:38.289 INF API: test ended suite=0 test=28 pass=false
Sep 24 01:24:38.291 INF API: test started suite=0 test=29 name="interop/_control/miner-balance (besu_release)"
Sep 24 01:24:38.311 INF API: test ended suite=0 test=29 pass=false
Sep 24 01:24:38.312 INF API: test started suite=0 test=30 name="interop/_control/miner-code (besu_release)"
Sep 24 01:24:38.319 INF API: test ended suite=0 test=30 pass=false
Sep 24 01:24:38.320 INF API: test started suite=0 test=31 name="interop/_control/miner-nonce (besu_release)"
Sep 24 01:24:38.328 INF API: test ended suite=0 test=31 pass=false
Sep 24 01:24:38.329 INF API: test started suite=0 test=32 name="interop/_control/sender-balance (besu_release)"
Sep 24 01:24:38.335 INF API: test ended suite=0 test=32 pass=false
Sep 24 01:24:38.336 INF API: test started suite=0 test=33 name="interop/_control/sender-code (besu_release)"
Sep 24 01:24:38.342 INF API: test ended suite=0 test=33 pass=false
Sep 24 01:24:38.343 INF API: test started suite=0 test=34 name="interop/_control/sender-nonce (besu_release)"
Sep 24 01:24:38.349 INF API: test ended suite=0 test=34 pass=false
Sep 24 01:24:38.350 INF API: test started suite=0 test=35 name="interop/_control/target-balance (besu_release)"
Sep 24 01:24:38.356 INF API: test ended suite=0 test=35 pass=false
Sep 24 01:24:38.357 INF API: test started suite=0 test=36 name="interop/_control/target-code (besu_release)"
Sep 24 01:24:38.363 INF API: test ended suite=0 test=36 pass=false
Sep 24 01:24:38.364 INF API: test started suite=0 test=37 name="interop/_control/target-nonce (besu_release)"
Sep 24 01:24:38.370 INF API: test ended suite=0 test=37 pass=false
Sep 24 01:24:38.371 INF API: test started suite=0 test=38 name="interop/_control/version (besu_release)"
Sep 24 01:24:38.376 INF API: test ended suite=0 test=38 pass=false
Sep 24 01:24:38.377 INF API: test started suite=0 test=39 name="interop/model-empty-runtime (besu_release)"
Sep 24 01:24:38.473 INF API: test ended suite=0 test=39 pass=false
Sep 24 01:24:38.474 INF API: test started suite=0 test=40 name="interop/model-environment-free (besu_release)"
Sep 24 01:24:38.490 INF API: test ended suite=0 test=40 pass=false
Sep 24 01:24:38.491 INF API: test started suite=0 test=41 name="interop/model-environment (besu_release)"
Sep 24 01:24:38.504 INF API: test ended suite=0 test=41 pass=false
Sep 24 01:24:38.506 INF API: test started suite=0 test=42 name="interop/model-many-transfers (besu_release)"
Sep 24 01:24:38.530 INF API: test ended suite=0 test=42 pass=false
Sep 24 01:24:38.531 INF API: test started suite=0 test=43 name="interop/model-mcopy-overlap (besu_release)"
Sep 24 01:24:38.541 INF API: test ended suite=0 test=43 pass=false
Sep 24 01:24:38.542 INF API: test started suite=0 test=44 name="interop/model-mcopy-zero (besu_release)"
Sep 24 01:24:38.551 INF API: test ended suite=0 test=44 pass=false
Sep 24 01:24:38.552 INF API: test started suite=0 test=45 name="interop/model-mcopy (besu_release)"
Sep 24 01:24:38.559 INF API: test ended suite=0 test=45 pass=false
Sep 24 01:24:38.560 INF API: test started suite=0 test=46 name="interop/model-mload-existing (besu_release)"
Sep 24 01:24:38.568 INF API: test ended suite=0 test=46 pass=false
Sep 24 01:24:38.569 INF API: test started suite=0 test=47 name="interop/model-mload-expansion (besu_release)"
Sep 24 01:24:38.576 INF API: test ended suite=0 test=47 pass=false
Sep 24 01:24:38.577 INF API: test started suite=0 test=48 name="interop/model-return42 (besu_release)"
Sep 24 01:24:38.586 INF API: test ended suite=0 test=48 pass=false
Sep 24 01:24:38.587 INF API: test started suite=0 test=49 name="interop/model-revert (besu_release)"
Sep 24 01:24:38.600 INF API: test ended suite=0 test=49 pass=false
Sep 24 01:24:38.601 INF API: test started suite=0 test=50 name="interop/model-transfer (besu_release)"
Sep 24 01:24:38.608 INF API: test ended suite=0 test=50 pass=false
Sep 24 01:24:38.776 INF API: test ended suite=0 test=26 pass=true
Sep 24 01:24:38.778 INF API: test started suite=0 test=51 name="client launch (erigon_development)"
Sep 24 01:24:39.530 INF API: client erigon_development started suite=0 test=51 container=4579711b
Sep 24 01:24:39.536 INF API: test started suite=0 test=52 name="interop/_control/head (erigon_development)"
Sep 24 01:24:39.538 INF API: test ended suite=0 test=52 pass=false
Sep 24 01:24:39.539 INF API: test started suite=0 test=53 name="interop/_control/latest (erigon_development)"
Sep 24 01:24:39.542 INF API: test ended suite=0 test=53 pass=false
Sep 24 01:24:39.543 INF API: test started suite=0 test=54 name="interop/_control/miner-balance (erigon_development)"
Sep 24 01:24:39.545 INF API: test ended suite=0 test=54 pass=false
Sep 24 01:24:39.546 INF API: test started suite=0 test=55 name="interop/_control/miner-code (erigon_development)"
Sep 24 01:24:39.548 INF API: test ended suite=0 test=55 pass=false
Sep 24 01:24:39.548 INF API: test started suite=0 test=56 name="interop/_control/miner-nonce (erigon_development)"
Sep 24 01:24:39.553 INF API: test ended suite=0 test=56 pass=false
Sep 24 01:24:39.553 INF API: test started suite=0 test=57 name="interop/_control/sender-balance (erigon_development)"
Sep 24 01:24:39.556 INF API: test ended suite=0 test=57 pass=false
Sep 24 01:24:39.557 INF API: test started suite=0 test=58 name="interop/_control/sender-code (erigon_development)"
Sep 24 01:24:39.558 INF API: test ended suite=0 test=58 pass=false
Sep 24 01:24:39.559 INF API: test started suite=0 test=59 name="interop/_control/sender-nonce (erigon_development)"
Sep 24 01:24:39.561 INF API: test ended suite=0 test=59 pass=false
Sep 24 01:24:39.562 INF API: test started suite=0 test=60 name="interop/_control/target-balance (erigon_development)"
Sep 24 01:24:39.565 INF API: test ended suite=0 test=60 pass=false
Sep 24 01:24:39.566 INF API: test started suite=0 test=61 name="interop/_control/target-code (erigon_development)"
Sep 24 01:24:39.568 INF API: test ended suite=0 test=61 pass=false
Sep 24 01:24:39.569 INF API: test started suite=0 test=62 name="interop/_control/target-nonce (erigon_development)"
Sep 24 01:24:39.571 INF API: test ended suite=0 test=62 pass=false
Sep 24 01:24:39.572 INF API: test started suite=0 test=63 name="interop/_control/version (erigon_development)"
Sep 24 01:24:39.574 INF API: test ended suite=0 test=63 pass=false
Sep 24 01:24:39.575 INF API: test started suite=0 test=64 name="interop/model-empty-runtime (erigon_development)"
Sep 24 01:24:39.578 INF API: test ended suite=0 test=64 pass=false
Sep 24 01:24:39.578 INF API: test started suite=0 test=65 name="interop/model-environment-free (erigon_development)"
Sep 24 01:24:39.581 INF API: test ended suite=0 test=65 pass=false
Sep 24 01:24:39.582 INF API: test started suite=0 test=66 name="interop/model-environment (erigon_development)"
Sep 24 01:24:39.584 INF API: test ended suite=0 test=66 pass=false
Sep 24 01:24:39.585 INF API: test started suite=0 test=67 name="interop/model-many-transfers (erigon_development)"
Sep 24 01:24:39.588 INF API: test ended suite=0 test=67 pass=false
Sep 24 01:24:39.589 INF API: test started suite=0 test=68 name="interop/model-mcopy-overlap (erigon_development)"
Sep 24 01:24:39.591 INF API: test ended suite=0 test=68 pass=false
Sep 24 01:24:39.592 INF API: test started suite=0 test=69 name="interop/model-mcopy-zero (erigon_development)"
Sep 24 01:24:39.595 INF API: test ended suite=0 test=69 pass=false
Sep 24 01:24:39.596 INF API: test started suite=0 test=70 name="interop/model-mcopy (erigon_development)"
Sep 24 01:24:39.598 INF API: test ended suite=0 test=70 pass=false
Sep 24 01:24:39.599 INF API: test started suite=0 test=71 name="interop/model-mload-existing (erigon_development)"
Sep 24 01:24:39.602 INF API: test ended suite=0 test=71 pass=false
Sep 24 01:24:39.603 INF API: test started suite=0 test=72 name="interop/model-mload-expansion (erigon_development)"
Sep 24 01:24:39.605 INF API: test ended suite=0 test=72 pass=false
Sep 24 01:24:39.606 INF API: test started suite=0 test=73 name="interop/model-return42 (erigon_development)"
Sep 24 01:24:39.609 INF API: test ended suite=0 test=73 pass=false
Sep 24 01:24:39.609 INF API: test started suite=0 test=74 name="interop/model-revert (erigon_development)"
Sep 24 01:24:39.612 INF API: test ended suite=0 test=74 pass=false
Sep 24 01:24:39.613 INF API: test started suite=0 test=75 name="interop/model-transfer (erigon_development)"
Sep 24 01:24:39.615 INF API: test ended suite=0 test=75 pass=false
Sep 24 01:24:39.773 INF API: test ended suite=0 test=51 pass=true
Sep 24 01:24:39.774 INF API: test started suite=0 test=76 name="client launch (erigon_release)"
Sep 24 01:24:40.522 INF API: client erigon_release started suite=0 test=76 container=eecaa814
Sep 24 01:24:40.527 INF API: test started suite=0 test=77 name="interop/_control/head (erigon_release)"
Sep 24 01:24:40.530 INF API: test ended suite=0 test=77 pass=false
Sep 24 01:24:40.531 INF API: test started suite=0 test=78 name="interop/_control/latest (erigon_release)"
Sep 24 01:24:40.533 INF API: test ended suite=0 test=78 pass=false
Sep 24 01:24:40.534 INF API: test started suite=0 test=79 name="interop/_control/miner-balance (erigon_release)"
Sep 24 01:24:40.536 INF API: test ended suite=0 test=79 pass=false
Sep 24 01:24:40.536 INF API: test started suite=0 test=80 name="interop/_control/miner-code (erigon_release)"
Sep 24 01:24:40.538 INF API: test ended suite=0 test=80 pass=false
Sep 24 01:24:40.539 INF API: test started suite=0 test=81 name="interop/_control/miner-nonce (erigon_release)"
Sep 24 01:24:40.541 INF API: test ended suite=0 test=81 pass=false
Sep 24 01:24:40.542 INF API: test started suite=0 test=82 name="interop/_control/sender-balance (erigon_release)"
Sep 24 01:24:40.544 INF API: test ended suite=0 test=82 pass=false
Sep 24 01:24:40.545 INF API: test started suite=0 test=83 name="interop/_control/sender-code (erigon_release)"
Sep 24 01:24:40.547 INF API: test ended suite=0 test=83 pass=false
Sep 24 01:24:40.548 INF API: test started suite=0 test=84 name="interop/_control/sender-nonce (erigon_release)"
Sep 24 01:24:40.550 INF API: test ended suite=0 test=84 pass=false
Sep 24 01:24:40.551 INF API: test started suite=0 test=85 name="interop/_control/target-balance (erigon_release)"
Sep 24 01:24:40.554 INF API: test ended suite=0 test=85 pass=false
Sep 24 01:24:40.554 INF API: test started suite=0 test=86 name="interop/_control/target-code (erigon_release)"
Sep 24 01:24:40.557 INF API: test ended suite=0 test=86 pass=false
Sep 24 01:24:40.558 INF API: test started suite=0 test=87 name="interop/_control/target-nonce (erigon_release)"
Sep 24 01:24:40.560 INF API: test ended suite=0 test=87 pass=false
Sep 24 01:24:40.560 INF API: test started suite=0 test=88 name="interop/_control/version (erigon_release)"
Sep 24 01:24:40.562 INF API: test ended suite=0 test=88 pass=false
Sep 24 01:24:40.563 INF API: test started suite=0 test=89 name="interop/model-empty-runtime (erigon_release)"
Sep 24 01:24:40.566 INF API: test ended suite=0 test=89 pass=false
Sep 24 01:24:40.567 INF API: test started suite=0 test=90 name="interop/model-environment-free (erigon_release)"
Sep 24 01:24:40.568 INF API: test ended suite=0 test=90 pass=false
Sep 24 01:24:40.569 INF API: test started suite=0 test=91 name="interop/model-environment (erigon_release)"
Sep 24 01:24:40.573 INF API: test ended suite=0 test=91 pass=false
Sep 24 01:24:40.574 INF API: test started suite=0 test=92 name="interop/model-many-transfers (erigon_release)"
Sep 24 01:24:40.576 INF API: test ended suite=0 test=92 pass=false
Sep 24 01:24:40.577 INF API: test started suite=0 test=93 name="interop/model-mcopy-overlap (erigon_release)"
Sep 24 01:24:40.580 INF API: test ended suite=0 test=93 pass=false
Sep 24 01:24:40.581 INF API: test started suite=0 test=94 name="interop/model-mcopy-zero (erigon_release)"
Sep 24 01:24:40.583 INF API: test ended suite=0 test=94 pass=false
Sep 24 01:24:40.584 INF API: test started suite=0 test=95 name="interop/model-mcopy (erigon_release)"
Sep 24 01:24:40.587 INF API: test ended suite=0 test=95 pass=false
Sep 24 01:24:40.588 INF API: test started suite=0 test=96 name="interop/model-mload-existing (erigon_release)"
Sep 24 01:24:40.590 INF API: test ended suite=0 test=96 pass=false
Sep 24 01:24:40.591 INF API: test started suite=0 test=97 name="interop/model-mload-expansion (erigon_release)"
Sep 24 01:24:40.593 INF API: test ended suite=0 test=97 pass=false
Sep 24 01:24:40.594 INF API: test started suite=0 test=98 name="interop/model-return42 (erigon_release)"
Sep 24 01:24:40.597 INF API: test ended suite=0 test=98 pass=false
Sep 24 01:24:40.598 INF API: test started suite=0 test=99 name="interop/model-revert (erigon_release)"
Sep 24 01:24:40.600 INF API: test ended suite=0 test=99 pass=false
Sep 24 01:24:40.601 INF API: test started suite=0 test=100 name="interop/model-transfer (erigon_release)"
Sep 24 01:24:40.603 INF API: test ended suite=0 test=100 pass=false
Sep 24 01:24:40.731 INF API: test ended suite=0 test=76 pass=true
Sep 24 01:24:40.732 INF API: test started suite=0 test=101 name="client launch (go-ethereum_trace)"
Sep 24 01:24:41.276 INF API: client go-ethereum_trace started suite=0 test=101 container=a6cde89d
Sep 24 01:24:41.281 INF API: test started suite=0 test=102 name="interop/_control/head (go-ethereum_trace)"
Sep 24 01:24:41.284 INF API: test ended suite=0 test=102 pass=false
Sep 24 01:24:41.285 INF API: test started suite=0 test=103 name="interop/_control/latest (go-ethereum_trace)"
Sep 24 01:24:41.290 INF API: test ended suite=0 test=103 pass=false
Sep 24 01:24:41.290 INF API: test started suite=0 test=104 name="interop/_control/miner-balance (go-ethereum_trace)"
Sep 24 01:24:41.293 INF API: test ended suite=0 test=104 pass=false
Sep 24 01:24:41.294 INF API: test started suite=0 test=105 name="interop/_control/miner-code (go-ethereum_trace)"
Sep 24 01:24:41.296 INF API: test ended suite=0 test=105 pass=false
Sep 24 01:24:41.297 INF API: test started suite=0 test=106 name="interop/_control/miner-nonce (go-ethereum_trace)"
Sep 24 01:24:41.299 INF API: test ended suite=0 test=106 pass=false
Sep 24 01:24:41.300 INF API: test started suite=0 test=107 name="interop/_control/sender-balance (go-ethereum_trace)"
Sep 24 01:24:41.303 INF API: test ended suite=0 test=107 pass=false
Sep 24 01:24:41.303 INF API: test started suite=0 test=108 name="interop/_control/sender-code (go-ethereum_trace)"
Sep 24 01:24:41.305 INF API: test ended suite=0 test=108 pass=false
Sep 24 01:24:41.306 INF API: test started suite=0 test=109 name="interop/_control/sender-nonce (go-ethereum_trace)"
Sep 24 01:24:41.308 INF API: test ended suite=0 test=109 pass=false
Sep 24 01:24:41.309 INF API: test started suite=0 test=110 name="interop/_control/target-balance (go-ethereum_trace)"
Sep 24 01:24:41.311 INF API: test ended suite=0 test=110 pass=false
Sep 24 01:24:41.312 INF API: test started suite=0 test=111 name="interop/_control/target-code (go-ethereum_trace)"
Sep 24 01:24:41.315 INF API: test ended suite=0 test=111 pass=false
Sep 24 01:24:41.316 INF API: test started suite=0 test=112 name="interop/_control/target-nonce (go-ethereum_trace)"
Sep 24 01:24:41.318 INF API: test ended suite=0 test=112 pass=false
Sep 24 01:24:41.319 INF API: test started suite=0 test=113 name="interop/_control/version (go-ethereum_trace)"
Sep 24 01:24:41.321 INF API: test ended suite=0 test=113 pass=false
Sep 24 01:24:41.322 INF API: test started suite=0 test=114 name="interop/model-empty-runtime (go-ethereum_trace)"
Sep 24 01:24:41.325 INF API: test ended suite=0 test=114 pass=false
Sep 24 01:24:41.326 INF API: test started suite=0 test=115 name="interop/model-environment-free (go-ethereum_trace)"
Sep 24 01:24:41.329 INF API: test ended suite=0 test=115 pass=false
Sep 24 01:24:41.330 INF API: test started suite=0 test=116 name="interop/model-environment (go-ethereum_trace)"
Sep 24 01:24:41.334 INF API: test ended suite=0 test=116 pass=false
Sep 24 01:24:41.335 INF API: test started suite=0 test=117 name="interop/model-many-transfers (go-ethereum_trace)"
Sep 24 01:24:41.338 INF API: test ended suite=0 test=117 pass=false
Sep 24 01:24:41.339 INF API: test started suite=0 test=118 name="interop/model-mcopy-overlap (go-ethereum_trace)"
Sep 24 01:24:41.341 INF API: test ended suite=0 test=118 pass=false
Sep 24 01:24:41.342 INF API: test started suite=0 test=119 name="interop/model-mcopy-zero (go-ethereum_trace)"
Sep 24 01:24:41.345 INF API: test ended suite=0 test=119 pass=false
Sep 24 01:24:41.346 INF API: test started suite=0 test=120 name="interop/model-mcopy (go-ethereum_trace)"
Sep 24 01:24:41.350 INF API: test ended suite=0 test=120 pass=false
Sep 24 01:24:41.351 INF API: test started suite=0 test=121 name="interop/model-mload-existing (go-ethereum_trace)"
Sep 24 01:24:41.353 INF API: test ended suite=0 test=121 pass=false
Sep 24 01:24:41.354 INF API: test started suite=0 test=122 name="interop/model-mload-expansion (go-ethereum_trace)"
Sep 24 01:24:41.358 INF API: test ended suite=0 test=122 pass=false
Sep 24 01:24:41.358 INF API: test started suite=0 test=123 name="interop/model-return42 (go-ethereum_trace)"
Sep 24 01:24:41.361 INF API: test ended suite=0 test=123 pass=false
Sep 24 01:24:41.362 INF API: test started suite=0 test=124 name="interop/model-revert (go-ethereum_trace)"
Sep 24 01:24:41.365 INF API: test ended suite=0 test=124 pass=false
Sep 24 01:24:41.366 INF API: test started suite=0 test=125 name="interop/model-transfer (go-ethereum_trace)"
Sep 24 01:24:41.369 INF API: test ended suite=0 test=125 pass=false
Sep 24 01:24:41.476 INF API: test ended suite=0 test=101 pass=true
Sep 24 01:24:41.478 INF API: test started suite=0 test=126 name="client launch (nethermind_development)"
Sep 24 01:24:48.623 INF API: client nethermind_development started suite=0 test=126 container=75bab882
Sep 24 01:24:48.777 INF API: test started suite=0 test=127 name="interop/_control/head (nethermind_development)"
Sep 24 01:24:48.782 INF API: test ended suite=0 test=127 pass=false
Sep 24 01:24:48.783 INF API: test started suite=0 test=128 name="interop/_control/latest (nethermind_development)"
Sep 24 01:24:48.786 INF API: test ended suite=0 test=128 pass=false
Sep 24 01:24:48.787 INF API: test started suite=0 test=129 name="interop/_control/miner-balance (nethermind_development)"
Sep 24 01:24:48.793 INF API: test ended suite=0 test=129 pass=false
Sep 24 01:24:48.794 INF API: test started suite=0 test=130 name="interop/_control/miner-code (nethermind_development)"
Sep 24 01:24:48.797 INF API: test ended suite=0 test=130 pass=false
Sep 24 01:24:48.797 INF API: test started suite=0 test=131 name="interop/_control/miner-nonce (nethermind_development)"
Sep 24 01:24:48.802 INF API: test ended suite=0 test=131 pass=false
Sep 24 01:24:48.803 INF API: test started suite=0 test=132 name="interop/_control/sender-balance (nethermind_development)"
Sep 24 01:24:48.806 INF API: test ended suite=0 test=132 pass=false
Sep 24 01:24:48.806 INF API: test started suite=0 test=133 name="interop/_control/sender-code (nethermind_development)"
Sep 24 01:24:48.809 INF API: test ended suite=0 test=133 pass=false
Sep 24 01:24:48.810 INF API: test started suite=0 test=134 name="interop/_control/sender-nonce (nethermind_development)"
Sep 24 01:24:48.812 INF API: test ended suite=0 test=134 pass=false
Sep 24 01:24:48.813 INF API: test started suite=0 test=135 name="interop/_control/target-balance (nethermind_development)"
Sep 24 01:24:48.815 INF API: test ended suite=0 test=135 pass=false
Sep 24 01:24:48.816 INF API: test started suite=0 test=136 name="interop/_control/target-code (nethermind_development)"
Sep 24 01:24:48.818 INF API: test ended suite=0 test=136 pass=false
Sep 24 01:24:48.819 INF API: test started suite=0 test=137 name="interop/_control/target-nonce (nethermind_development)"
Sep 24 01:24:48.821 INF API: test ended suite=0 test=137 pass=false
Sep 24 01:24:48.822 INF API: test started suite=0 test=138 name="interop/_control/version (nethermind_development)"
Sep 24 01:24:48.826 INF API: test ended suite=0 test=138 pass=false
Sep 24 01:24:48.827 INF API: test started suite=0 test=139 name="interop/model-empty-runtime (nethermind_development)"
Sep 24 01:24:49.026 INF API: test ended suite=0 test=139 pass=false
Sep 24 01:24:49.027 INF API: test started suite=0 test=140 name="interop/model-environment-free (nethermind_development)"
Sep 24 01:24:49.054 INF API: test ended suite=0 test=140 pass=false
Sep 24 01:24:49.055 INF API: test started suite=0 test=141 name="interop/model-environment (nethermind_development)"
Sep 24 01:24:49.060 INF API: test ended suite=0 test=141 pass=false
Sep 24 01:24:49.061 INF API: test started suite=0 test=142 name="interop/model-many-transfers (nethermind_development)"
Sep 24 01:24:49.086 INF API: test ended suite=0 test=142 pass=false
Sep 24 01:24:49.087 INF API: test started suite=0 test=143 name="interop/model-mcopy-overlap (nethermind_development)"
Sep 24 01:24:49.101 INF API: test ended suite=0 test=143 pass=false
Sep 24 01:24:49.102 INF API: test started suite=0 test=144 name="interop/model-mcopy-zero (nethermind_development)"
Sep 24 01:24:49.106 INF API: test ended suite=0 test=144 pass=false
Sep 24 01:24:49.107 INF API: test started suite=0 test=145 name="interop/model-mcopy (nethermind_development)"
Sep 24 01:24:49.111 INF API: test ended suite=0 test=145 pass=false
Sep 24 01:24:49.112 INF API: test started suite=0 test=146 name="interop/model-mload-existing (nethermind_development)"
Sep 24 01:24:49.122 INF API: test ended suite=0 test=146 pass=false
Sep 24 01:24:49.123 INF API: test started suite=0 test=147 name="interop/model-mload-expansion (nethermind_development)"
Sep 24 01:24:49.128 INF API: test ended suite=0 test=147 pass=false
Sep 24 01:24:49.128 INF API: test started suite=0 test=148 name="interop/model-return42 (nethermind_development)"
Sep 24 01:24:49.132 INF API: test ended suite=0 test=148 pass=false
Sep 24 01:24:49.133 INF API: test started suite=0 test=149 name="interop/model-revert (nethermind_development)"
Sep 24 01:24:49.147 INF API: test ended suite=0 test=149 pass=false
Sep 24 01:24:49.148 INF API: test started suite=0 test=150 name="interop/model-transfer (nethermind_development)"
Sep 24 01:24:49.151 INF API: test ended suite=0 test=150 pass=false
Sep 24 01:24:49.310 INF API: test ended suite=0 test=126 pass=true
Sep 24 01:24:49.312 INF API: test started suite=0 test=151 name="client launch (nethermind_release)"
Sep 24 01:24:56.571 INF API: client nethermind_release started suite=0 test=151 container=074dd96b
Sep 24 01:24:56.726 INF API: test started suite=0 test=152 name="interop/_control/head (nethermind_release)"
Sep 24 01:24:56.742 INF API: test ended suite=0 test=152 pass=false
Sep 24 01:24:56.744 INF API: test started suite=0 test=153 name="interop/_control/latest (nethermind_release)"
Sep 24 01:24:56.745 INF API: test ended suite=0 test=153 pass=false
Sep 24 01:24:56.746 INF API: test started suite=0 test=154 name="interop/_control/miner-balance (nethermind_release)"
Sep 24 01:24:56.752 INF API: test ended suite=0 test=154 pass=false
Sep 24 01:24:56.752 INF API: test started suite=0 test=155 name="interop/_control/miner-code (nethermind_release)"
Sep 24 01:24:56.754 INF API: test ended suite=0 test=155 pass=false
Sep 24 01:24:56.755 INF API: test started suite=0 test=156 name="interop/_control/miner-nonce (nethermind_release)"
Sep 24 01:24:56.759 INF API: test ended suite=0 test=156 pass=false
Sep 24 01:24:56.760 INF API: test started suite=0 test=157 name="interop/_control/sender-balance (nethermind_release)"
Sep 24 01:24:56.762 INF API: test ended suite=0 test=157 pass=false
Sep 24 01:24:56.763 INF API: test started suite=0 test=158 name="interop/_control/sender-code (nethermind_release)"
Sep 24 01:24:56.764 INF API: test ended suite=0 test=158 pass=false
Sep 24 01:24:56.765 INF API: test started suite=0 test=159 name="interop/_control/sender-nonce (nethermind_release)"
Sep 24 01:24:56.766 INF API: test ended suite=0 test=159 pass=false
Sep 24 01:24:56.767 INF API: test started suite=0 test=160 name="interop/_control/target-balance (nethermind_release)"
Sep 24 01:24:56.770 INF API: test ended suite=0 test=160 pass=false
Sep 24 01:24:56.770 INF API: test started suite=0 test=161 name="interop/_control/target-code (nethermind_release)"
Sep 24 01:24:56.771 INF API: test ended suite=0 test=161 pass=false
Sep 24 01:24:56.772 INF API: test started suite=0 test=162 name="interop/_control/target-nonce (nethermind_release)"
Sep 24 01:24:56.773 INF API: test ended suite=0 test=162 pass=false
Sep 24 01:24:56.774 INF API: test started suite=0 test=163 name="interop/_control/version (nethermind_release)"
Sep 24 01:24:56.778 INF API: test ended suite=0 test=163 pass=false
Sep 24 01:24:56.779 INF API: test started suite=0 test=164 name="interop/model-empty-runtime (nethermind_release)"
Sep 24 01:24:56.888 INF API: test ended suite=0 test=164 pass=false
Sep 24 01:24:56.890 INF API: test started suite=0 test=165 name="interop/model-environment-free (nethermind_release)"
Sep 24 01:24:56.895 INF API: test ended suite=0 test=165 pass=false
Sep 24 01:24:56.895 INF API: test started suite=0 test=166 name="interop/model-environment (nethermind_release)"
Sep 24 01:24:56.902 INF API: test ended suite=0 test=166 pass=false
Sep 24 01:24:56.903 INF API: test started suite=0 test=167 name="interop/model-many-transfers (nethermind_release)"
Sep 24 01:24:56.915 INF API: test ended suite=0 test=167 pass=false
Sep 24 01:24:56.916 INF API: test started suite=0 test=168 name="interop/model-mcopy-overlap (nethermind_release)"
Sep 24 01:24:56.921 INF API: test ended suite=0 test=168 pass=false
Sep 24 01:24:56.922 INF API: test started suite=0 test=169 name="interop/model-mcopy-zero (nethermind_release)"
Sep 24 01:24:56.924 INF API: test ended suite=0 test=169 pass=false
Sep 24 01:24:56.925 INF API: test started suite=0 test=170 name="interop/model-mcopy (nethermind_release)"
Sep 24 01:24:56.927 INF API: test ended suite=0 test=170 pass=false
Sep 24 01:24:56.928 INF API: test started suite=0 test=171 name="interop/model-mload-existing (nethermind_release)"
Sep 24 01:24:56.930 INF API: test ended suite=0 test=171 pass=false
Sep 24 01:24:56.931 INF API: test started suite=0 test=172 name="interop/model-mload-expansion (nethermind_release)"
Sep 24 01:24:56.933 INF API: test ended suite=0 test=172 pass=false
Sep 24 01:24:56.934 INF API: test started suite=0 test=173 name="interop/model-return42 (nethermind_release)"
Sep 24 01:24:56.937 INF API: test ended suite=0 test=173 pass=false
Sep 24 01:24:56.937 INF API: test started suite=0 test=174 name="interop/model-revert (nethermind_release)"
Sep 24 01:24:56.949 INF API: test ended suite=0 test=174 pass=false
Sep 24 01:24:56.950 INF API: test started suite=0 test=175 name="interop/model-transfer (nethermind_release)"
Sep 24 01:24:56.952 INF API: test ended suite=0 test=175 pass=false
Sep 24 01:24:57.240 INF API: test ended suite=0 test=151 pass=true
Sep 24 01:24:57.241 INF API: test started suite=0 test=176 name="client launch (reth_development)"
Sep 24 01:24:59.726 INF API: client reth_development started suite=0 test=176 container=54952a8e
Sep 24 01:24:59.737 INF API: test started suite=0 test=177 name="interop/_control/head (reth_development)"
Sep 24 01:24:59.739 INF API: test ended suite=0 test=177 pass=false
Sep 24 01:24:59.741 INF API: test started suite=0 test=178 name="interop/_control/latest (reth_development)"
Sep 24 01:24:59.742 INF API: test ended suite=0 test=178 pass=false
Sep 24 01:24:59.743 INF API: test started suite=0 test=179 name="interop/_control/miner-balance (reth_development)"
Sep 24 01:24:59.744 INF API: test ended suite=0 test=179 pass=false
Sep 24 01:24:59.745 INF API: test started suite=0 test=180 name="interop/_control/miner-code (reth_development)"
Sep 24 01:24:59.746 INF API: test ended suite=0 test=180 pass=false
Sep 24 01:24:59.747 INF API: test started suite=0 test=181 name="interop/_control/miner-nonce (reth_development)"
Sep 24 01:24:59.750 INF API: test ended suite=0 test=181 pass=false
Sep 24 01:24:59.750 INF API: test started suite=0 test=182 name="interop/_control/sender-balance (reth_development)"
Sep 24 01:24:59.752 INF API: test ended suite=0 test=182 pass=false
Sep 24 01:24:59.752 INF API: test started suite=0 test=183 name="interop/_control/sender-code (reth_development)"
Sep 24 01:24:59.754 INF API: test ended suite=0 test=183 pass=false
Sep 24 01:24:59.754 INF API: test started suite=0 test=184 name="interop/_control/sender-nonce (reth_development)"
Sep 24 01:24:59.755 INF API: test ended suite=0 test=184 pass=false
Sep 24 01:24:59.756 INF API: test started suite=0 test=185 name="interop/_control/target-balance (reth_development)"
Sep 24 01:24:59.759 INF API: test ended suite=0 test=185 pass=false
Sep 24 01:24:59.760 INF API: test started suite=0 test=186 name="interop/_control/target-code (reth_development)"
Sep 24 01:24:59.761 INF API: test ended suite=0 test=186 pass=false
Sep 24 01:24:59.761 INF API: test started suite=0 test=187 name="interop/_control/target-nonce (reth_development)"
Sep 24 01:24:59.763 INF API: test ended suite=0 test=187 pass=false
Sep 24 01:24:59.763 INF API: test started suite=0 test=188 name="interop/_control/version (reth_development)"
Sep 24 01:24:59.764 INF API: test ended suite=0 test=188 pass=false
Sep 24 01:24:59.765 INF API: test started suite=0 test=189 name="interop/model-empty-runtime (reth_development)"
Sep 24 01:24:59.769 INF API: test ended suite=0 test=189 pass=false
Sep 24 01:24:59.769 INF API: test started suite=0 test=190 name="interop/model-environment-free (reth_development)"
Sep 24 01:24:59.773 INF API: test ended suite=0 test=190 pass=false
Sep 24 01:24:59.773 INF API: test started suite=0 test=191 name="interop/model-environment (reth_development)"
Sep 24 01:24:59.776 INF API: test ended suite=0 test=191 pass=false
Sep 24 01:24:59.777 INF API: test started suite=0 test=192 name="interop/model-many-transfers (reth_development)"
Sep 24 01:24:59.780 INF API: test ended suite=0 test=192 pass=false
Sep 24 01:24:59.780 INF API: test started suite=0 test=193 name="interop/model-mcopy-overlap (reth_development)"
Sep 24 01:24:59.782 INF API: test ended suite=0 test=193 pass=false
Sep 24 01:24:59.783 INF API: test started suite=0 test=194 name="interop/model-mcopy-zero (reth_development)"
Sep 24 01:24:59.784 INF API: test ended suite=0 test=194 pass=false
Sep 24 01:24:59.785 INF API: test started suite=0 test=195 name="interop/model-mcopy (reth_development)"
Sep 24 01:24:59.788 INF API: test ended suite=0 test=195 pass=false
Sep 24 01:24:59.789 INF API: test started suite=0 test=196 name="interop/model-mload-existing (reth_development)"
Sep 24 01:24:59.790 INF API: test ended suite=0 test=196 pass=false
Sep 24 01:24:59.791 INF API: test started suite=0 test=197 name="interop/model-mload-expansion (reth_development)"
Sep 24 01:24:59.793 INF API: test ended suite=0 test=197 pass=false
Sep 24 01:24:59.794 INF API: test started suite=0 test=198 name="interop/model-return42 (reth_development)"
Sep 24 01:24:59.797 INF API: test ended suite=0 test=198 pass=false
Sep 24 01:24:59.798 INF API: test started suite=0 test=199 name="interop/model-revert (reth_development)"
Sep 24 01:24:59.800 INF API: test ended suite=0 test=199 pass=false
Sep 24 01:24:59.800 INF API: test started suite=0 test=200 name="interop/model-transfer (reth_development)"
Sep 24 01:24:59.802 INF API: test ended suite=0 test=200 pass=false
Sep 24 01:25:00.044 INF API: test ended suite=0 test=176 pass=true
Sep 24 01:25:00.045 INF API: test started suite=0 test=201 name="client launch (reth_release)"
Sep 24 01:25:02.452 INF API: client reth_release started suite=0 test=201 container=4b27dac5
Sep 24 01:25:02.467 INF API: test started suite=0 test=202 name="interop/_control/head (reth_release)"
Sep 24 01:25:02.470 INF API: test ended suite=0 test=202 pass=false
Sep 24 01:25:02.471 INF API: test started suite=0 test=203 name="interop/_control/latest (reth_release)"
Sep 24 01:25:02.472 INF API: test ended suite=0 test=203 pass=false
Sep 24 01:25:02.473 INF API: test started suite=0 test=204 name="interop/_control/miner-balance (reth_release)"
Sep 24 01:25:02.476 INF API: test ended suite=0 test=204 pass=false
Sep 24 01:25:02.477 INF API: test started suite=0 test=205 name="interop/_control/miner-code (reth_release)"
Sep 24 01:25:02.479 INF API: test ended suite=0 test=205 pass=false
Sep 24 01:25:02.480 INF API: test started suite=0 test=206 name="interop/_control/miner-nonce (reth_release)"
Sep 24 01:25:02.481 INF API: test ended suite=0 test=206 pass=false
Sep 24 01:25:02.482 INF API: test started suite=0 test=207 name="interop/_control/sender-balance (reth_release)"
Sep 24 01:25:02.483 INF API: test ended suite=0 test=207 pass=false
Sep 24 01:25:02.484 INF API: test started suite=0 test=208 name="interop/_control/sender-code (reth_release)"
Sep 24 01:25:02.487 INF API: test ended suite=0 test=208 pass=false
Sep 24 01:25:02.488 INF API: test started suite=0 test=209 name="interop/_control/sender-nonce (reth_release)"
Sep 24 01:25:02.489 INF API: test ended suite=0 test=209 pass=false
Sep 24 01:25:02.490 INF API: test started suite=0 test=210 name="interop/_control/target-balance (reth_release)"
Sep 24 01:25:02.493 INF API: test ended suite=0 test=210 pass=false
Sep 24 01:25:02.494 INF API: test started suite=0 test=211 name="interop/_control/target-code (reth_release)"
Sep 24 01:25:02.495 INF API: test ended suite=0 test=211 pass=false
Sep 24 01:25:02.496 INF API: test started suite=0 test=212 name="interop/_control/target-nonce (reth_release)"
Sep 24 01:25:02.497 INF API: test ended suite=0 test=212 pass=false
Sep 24 01:25:02.498 INF API: test started suite=0 test=213 name="interop/_control/version (reth_release)"
Sep 24 01:25:02.499 INF API: test ended suite=0 test=213 pass=false
Sep 24 01:25:02.500 INF API: test started suite=0 test=214 name="interop/model-empty-runtime (reth_release)"
Sep 24 01:25:02.503 INF API: test ended suite=0 test=214 pass=false
Sep 24 01:25:02.504 INF API: test started suite=0 test=215 name="interop/model-environment-free (reth_release)"
Sep 24 01:25:02.506 INF API: test ended suite=0 test=215 pass=false
Sep 24 01:25:02.507 INF API: test started suite=0 test=216 name="interop/model-environment (reth_release)"
Sep 24 01:25:02.510 INF API: test ended suite=0 test=216 pass=false
Sep 24 01:25:02.511 INF API: test started suite=0 test=217 name="interop/model-many-transfers (reth_release)"
Sep 24 01:25:02.512 INF API: test ended suite=0 test=217 pass=false
Sep 24 01:25:02.513 INF API: test started suite=0 test=218 name="interop/model-mcopy-overlap (reth_release)"
Sep 24 01:25:02.515 INF API: test ended suite=0 test=218 pass=false
Sep 24 01:25:02.516 INF API: test started suite=0 test=219 name="interop/model-mcopy-zero (reth_release)"
Sep 24 01:25:02.518 INF API: test ended suite=0 test=219 pass=false
Sep 24 01:25:02.519 INF API: test started suite=0 test=220 name="interop/model-mcopy (reth_release)"
Sep 24 01:25:02.522 INF API: test ended suite=0 test=220 pass=false
Sep 24 01:25:02.522 INF API: test started suite=0 test=221 name="interop/model-mload-existing (reth_release)"
Sep 24 01:25:02.524 INF API: test ended suite=0 test=221 pass=false
Sep 24 01:25:02.525 INF API: test started suite=0 test=222 name="interop/model-mload-expansion (reth_release)"
Sep 24 01:25:02.526 INF API: test ended suite=0 test=222 pass=false
Sep 24 01:25:02.527 INF API: test started suite=0 test=223 name="interop/model-return42 (reth_release)"
Sep 24 01:25:02.531 INF API: test ended suite=0 test=223 pass=false
Sep 24 01:25:02.532 INF API: test started suite=0 test=224 name="interop/model-revert (reth_release)"
Sep 24 01:25:02.534 INF API: test ended suite=0 test=224 pass=false
Sep 24 01:25:02.535 INF API: test started suite=0 test=225 name="interop/model-transfer (reth_release)"
Sep 24 01:25:02.536 INF API: test ended suite=0 test=225 pass=false
Sep 24 01:25:02.800 INF API: test ended suite=0 test=201 pass=true
Sep 24 01:25:02.810 INF API: suite ended suite=0
Sep 24 01:25:03.397 INF simulation ethereum/rpc-compat finished suites=1 tests=225 failed=216
216 tests failed
