Sep 23 01:27:05.069 INF building image image=hive/hiveproxy nocache=false pull=false
Sep 23 01:27:05.125 INF building 1 clients...
Sep 23 01:27:05.125 INF building image image=hive/clients/go-ethereum_trace:latest dir=clients/go-ethereum nocache=false pull=false baseimage=trace-interop/go-ethereum tag=0f2c4e64ecec547a21e80058275d6c7072918c37947fdf36fe1893ba47abec2e
Sep 23 01:27:05.277 INF building 1 simulators...
Sep 23 01:27:05.277 INF building image image=hive/simulators/ethereum/rpc-compat:latest dir=simulators/ethereum/rpc-compat nocache=false pull=false
Sep 23 01:27:05.336 INF creating output directory folder=/home/banteg/h03runs/h03-modes-geth-initial/hive
Sep 23 01:27:05.346 INF running simulation: ethereum/rpc-compat
Sep 23 01:27:05.704 INF hiveproxy started container=5f2377664a27 addr=172.17.0.2:8081
Sep 23 01:27:06.012 INF API: suite started suite=0 name=rpc-compat
Sep 23 01:27:06.014 INF API: test started suite=0 test=1 name="client launch (go-ethereum_trace)"
Sep 23 01:27:07.989 INF API: client go-ethereum_trace started suite=0 test=1 container=d78327e6
Sep 23 01:27:08.016 INF API: test started suite=0 test=2 name="interop/_control/head (go-ethereum_trace)"
Sep 23 01:27:08.031 INF API: test ended suite=0 test=2 pass=false
Sep 23 01:27:08.032 INF API: test started suite=0 test=3 name="interop/_control/version (go-ethereum_trace)"
Sep 23 01:27:08.034 INF API: test ended suite=0 test=3 pass=false
Sep 23 01:27:08.035 INF API: test started suite=0 test=4 name="interop/block-transfer (go-ethereum_trace)"
Sep 23 01:27:08.038 INF API: test ended suite=0 test=4 pass=false
Sep 23 01:27:08.039 INF API: test started suite=0 test=5 name="interop/block-tree (go-ethereum_trace)"
Sep 23 01:27:08.045 INF API: test ended suite=0 test=5 pass=false
Sep 23 01:27:08.046 INF API: test started suite=0 test=6 name="interop/filter-both (go-ethereum_trace)"
Sep 23 01:27:08.048 INF API: test ended suite=0 test=6 pass=false
Sep 23 01:27:08.049 INF API: test started suite=0 test=7 name="interop/filter-from (go-ethereum_trace)"
Sep 23 01:27:08.052 INF API: test ended suite=0 test=7 pass=false
Sep 23 01:27:08.053 INF API: test started suite=0 test=8 name="interop/filter-intersection (go-ethereum_trace)"
Sep 23 01:27:08.064 INF API: test ended suite=0 test=8 pass=false
Sep 23 01:27:08.065 INF API: test started suite=0 test=9 name="interop/filter-to (go-ethereum_trace)"
Sep 23 01:27:08.068 INF API: test ended suite=0 test=9 pass=false
Sep 23 01:27:08.069 INF API: test started suite=0 test=10 name="interop/filter-union (go-ethereum_trace)"
Sep 23 01:27:08.079 INF API: test ended suite=0 test=10 pass=false
Sep 23 01:27:08.080 INF API: test started suite=0 test=11 name="interop/transaction-tree (go-ethereum_trace)"
Sep 23 01:27:08.083 INF API: test ended suite=0 test=11 pass=false
Sep 23 01:27:08.338 INF API: test ended suite=0 test=1 pass=true
Sep 23 01:27:08.345 INF API: suite ended suite=0
Sep 23 01:27:08.760 INF simulation ethereum/rpc-compat finished suites=1 tests=11 failed=10
10 tests failed
