2026-09-21T17:11:00.310038Z  INFO Initialized tracing, debug log directory: /root/.cache/reth/logs/3503995874084926
2026-09-21T17:11:00.312304Z  INFO reth init starting
2026-09-21T17:11:00.312884Z  INFO Opening storage db_path="/reth-hive-datadir/db" sf_path="/reth-hive-datadir/static_files"
2026-09-21T17:11:00.624874Z  INFO check_consistency{read_only=false}: Verifying storage consistency.
2026-09-21T17:11:01.393789Z  INFO Genesis block written hash=0x3870d74fb940a1a64619292ab344fa0d5dad6d8617c9079356d6949ffc80d582
+ FLAGS=' -vvv --datadir /reth-hive-datadir --chain /genesis.json'
+ set +ex
Loading initial blockchain...
2026-09-21T17:11:01.551733Z  INFO Initialized tracing, debug log directory: /root/.cache/reth/logs/3503995874084926
2026-09-21T17:11:01.554297Z  INFO reth 2.5.2 (03cb186) starting
2026-09-21T17:11:01.554669Z  INFO Opening storage db_path="/reth-hive-datadir/db" sf_path="/reth-hive-datadir/static_files"
2026-09-21T17:11:01.711192Z  INFO check_consistency{read_only=false}: Verifying storage consistency.
2026-09-21T17:11:02.146634Z  INFO Starting import of 1 file(s)
2026-09-21T17:11:02.146656Z  INFO Importing file 1 of 1: /chain.rlp
2026-09-21T17:11:02.146691Z  INFO Consensus engine initialized
2026-09-21T17:11:02.148274Z  INFO Importing chain file chunk
2026-09-21T17:11:02.148385Z  INFO Chain file chunk read
2026-09-21T17:11:02.148499Z  INFO Downloading bodies count=48 range=1..=48
2026-09-21T17:11:02.148665Z  INFO Starting sync pipeline
2026-09-21T17:11:02.148722Z  INFO Preparing stage pipeline_stages=1/13 stage=Headers checkpoint=0 target=48
2026-09-21T17:11:02.150643Z  INFO Received headers total=48 from_block=48 to_block=1
2026-09-21T17:11:02.150729Z  INFO Writing headers total=48
2026-09-21T17:11:02.150737Z  INFO Executing stage pipeline_stages=1/13 stage=Headers checkpoint=0 target=48
2026-09-21T17:11:02.153426Z  INFO Writing headers hash index total=48
2026-09-21T17:11:02.293125Z  INFO Finished stage pipeline_stages=1/13 stage=Headers checkpoint=48 target=48 stage_progress=100.00%
2026-09-21T17:11:02.293182Z  INFO Preparing stage pipeline_stages=2/13 stage=Bodies checkpoint=0 target=48
2026-09-21T17:11:02.293890Z  INFO Executing stage pipeline_stages=2/13 stage=Bodies checkpoint=0 target=48
2026-09-21T17:11:02.425672Z  INFO Recovering senders tx_range=0..133
2026-09-21T17:11:02.425684Z  INFO Finished stage pipeline_stages=2/13 stage=Bodies checkpoint=48 target=48 stage_progress=100.00%
2026-09-21T17:11:02.425698Z  INFO Preparing stage pipeline_stages=3/13 stage=SenderRecovery checkpoint=0 target=48
2026-09-21T17:11:02.425702Z  INFO Executing stage pipeline_stages=3/13 stage=SenderRecovery checkpoint=0 target=48
2026-09-21T17:11:02.533357Z  INFO Finished stage pipeline_stages=3/13 stage=SenderRecovery checkpoint=48 target=48 stage_progress=0.00%
2026-09-21T17:11:02.533381Z  INFO Preparing stage pipeline_stages=4/13 stage=Execution checkpoint=0 target=48
2026-09-21T17:11:02.533387Z  INFO Executing stage pipeline_stages=4/13 stage=Execution checkpoint=0 target=48
2026-09-21T17:11:02.851326Z  INFO Stage is always skipped
2026-09-21T17:11:02.851395Z  INFO Finished stage pipeline_stages=4/13 stage=Execution checkpoint=48 target=48 stage_progress=100.00%
2026-09-21T17:11:02.851419Z  INFO Preparing stage pipeline_stages=5/13 stage=MerkleUnwind checkpoint=0 target=48
2026-09-21T17:11:02.851425Z  INFO Executing stage pipeline_stages=5/13 stage=MerkleUnwind checkpoint=0 target=48
2026-09-21T17:11:02.870052Z  INFO Finished stage pipeline_stages=5/13 stage=MerkleUnwind checkpoint=48 target=48
2026-09-21T17:11:02.870071Z  INFO Preparing stage pipeline_stages=6/13 stage=AccountHashing checkpoint=0 target=48
2026-09-21T17:11:02.870076Z  INFO Executing stage pipeline_stages=6/13 stage=AccountHashing checkpoint=0 target=48
2026-09-21T17:11:02.899757Z  INFO Finished stage pipeline_stages=6/13 stage=AccountHashing checkpoint=48 target=48
2026-09-21T17:11:02.899774Z  INFO Preparing stage pipeline_stages=7/13 stage=StorageHashing checkpoint=0 target=48
2026-09-21T17:11:02.899779Z  INFO Executing stage pipeline_stages=7/13 stage=StorageHashing checkpoint=0 target=48
2026-09-21T17:11:02.923346Z  INFO Finished stage pipeline_stages=7/13 stage=StorageHashing checkpoint=48 target=48
2026-09-21T17:11:02.923365Z  INFO Preparing stage pipeline_stages=8/13 stage=MerkleExecute checkpoint=0 target=48
2026-09-21T17:11:02.923370Z  INFO Executing stage pipeline_stages=8/13 stage=MerkleExecute checkpoint=0 target=48
2026-09-21T17:11:02.949941Z  INFO Updating transaction lookup tx_range=0..=48
2026-09-21T17:11:02.949965Z  INFO Calculating transaction hashes tx_range=0..133
2026-09-21T17:11:02.950029Z  INFO Finished stage pipeline_stages=8/13 stage=MerkleExecute checkpoint=48 target=48 stage_progress=100.00%
2026-09-21T17:11:02.950052Z  INFO Preparing stage pipeline_stages=9/13 stage=TransactionLookup checkpoint=0 target=48
2026-09-21T17:11:02.950057Z  INFO Executing stage pipeline_stages=9/13 stage=TransactionLookup checkpoint=0 target=48
2026-09-21T17:11:02.950608Z  INFO Inserting hashes append_only=true progress=9.77%
2026-09-21T17:11:02.950628Z  INFO Inserting hashes append_only=true progress=19.55%
2026-09-21T17:11:02.950634Z  INFO Inserting hashes append_only=true progress=29.32%
2026-09-21T17:11:02.950639Z  INFO Inserting hashes append_only=true progress=39.10%
2026-09-21T17:11:02.950643Z  INFO Inserting hashes append_only=true progress=48.87%
2026-09-21T17:11:02.950649Z  INFO Inserting hashes append_only=true progress=58.65%
2026-09-21T17:11:02.950654Z  INFO Inserting hashes append_only=true progress=68.42%
2026-09-21T17:11:02.950659Z  INFO Inserting hashes append_only=true progress=78.20%
2026-09-21T17:11:02.950664Z  INFO Inserting hashes append_only=true progress=87.97%
2026-09-21T17:11:02.950668Z  INFO Inserting hashes append_only=true progress=97.74%
2026-09-21T17:11:03.103218Z  INFO Finished stage pipeline_stages=9/13 stage=TransactionLookup checkpoint=48 target=48 stage_progress=0.00%
2026-09-21T17:11:03.103259Z  INFO Preparing stage pipeline_stages=10/13 stage=IndexStorageHistory checkpoint=0 target=48
2026-09-21T17:11:03.103263Z  INFO Executing stage pipeline_stages=10/13 stage=IndexStorageHistory checkpoint=0 target=48
2026-09-21T17:11:03.103293Z  INFO Collecting indices first_sync=true use_rocksdb=true
2026-09-21T17:11:03.103485Z  INFO Loading indices into database
2026-09-21T17:11:03.103682Z  INFO Writing indices progress=9.57%
2026-09-21T17:11:03.103700Z  INFO Writing indices progress=19.14%
2026-09-21T17:11:03.103715Z  INFO Writing indices progress=28.71%
2026-09-21T17:11:03.103728Z  INFO Writing indices progress=38.28%
2026-09-21T17:11:03.103740Z  INFO Writing indices progress=47.85%
2026-09-21T17:11:03.103780Z  INFO Writing indices progress=57.42%
2026-09-21T17:11:03.103793Z  INFO Writing indices progress=66.99%
2026-09-21T17:11:03.103811Z  INFO Writing indices progress=76.56%
2026-09-21T17:11:03.103826Z  INFO Writing indices progress=86.12%
2026-09-21T17:11:03.103841Z  INFO Writing indices progress=95.69%
2026-09-21T17:11:03.233650Z  INFO Finished stage pipeline_stages=10/13 stage=IndexStorageHistory checkpoint=48 target=48
2026-09-21T17:11:03.233669Z  INFO Preparing stage pipeline_stages=11/13 stage=IndexAccountHistory checkpoint=0 target=48
2026-09-21T17:11:03.233672Z  INFO Executing stage pipeline_stages=11/13 stage=IndexAccountHistory checkpoint=0 target=48
2026-09-21T17:11:03.233741Z  INFO Collecting indices first_sync=true use_rocksdb=true
2026-09-21T17:11:03.233879Z  INFO Loading indices into database
2026-09-21T17:11:03.234045Z  INFO Writing indices progress=9.80%
2026-09-21T17:11:03.234055Z  INFO Writing indices progress=19.61%
2026-09-21T17:11:03.234060Z  INFO Writing indices progress=29.41%
2026-09-21T17:11:03.234064Z  INFO Writing indices progress=39.22%
2026-09-21T17:11:03.234071Z  INFO Writing indices progress=49.02%
2026-09-21T17:11:03.234077Z  INFO Writing indices progress=58.82%
2026-09-21T17:11:03.234081Z  INFO Writing indices progress=68.63%
2026-09-21T17:11:03.234090Z  INFO Writing indices progress=78.43%
2026-09-21T17:11:03.234095Z  INFO Writing indices progress=88.24%
2026-09-21T17:11:03.234099Z  INFO Writing indices progress=98.04%
2026-09-21T17:11:03.372217Z  INFO Finished stage pipeline_stages=11/13 stage=IndexAccountHistory checkpoint=48 target=48
2026-09-21T17:11:03.372236Z  INFO Preparing stage pipeline_stages=12/13 stage=Prune checkpoint=0 target=48
2026-09-21T17:11:03.372239Z  INFO Executing stage pipeline_stages=12/13 stage=Prune checkpoint=0 target=48
2026-09-21T17:11:03.384767Z  INFO Finished stage pipeline_stages=12/13 stage=Prune checkpoint=48 target=48
2026-09-21T17:11:03.384780Z  INFO Preparing stage pipeline_stages=13/13 stage=Finish checkpoint=0 target=48
2026-09-21T17:11:03.384784Z  INFO Executing stage pipeline_stages=13/13 stage=Finish checkpoint=0 target=48
2026-09-21T17:11:03.396800Z  INFO Finished stage pipeline_stages=13/13 stage=Finish checkpoint=48 target=48
2026-09-21T17:11:03.396991Z  INFO Chain was fully imported total_imported_blocks=48 total_imported_txns=133
2026-09-21T17:11:03.397029Z  INFO Successfully imported file /chain.rlp: 48 blocks, 133 transactions
2026-09-21T17:11:03.397036Z  INFO Import complete. Total: 48/48 blocks, 133/133 transactions
Loading remaining individual blocks...
Warning: No blocks found.
Running reth with flags:  -vvv --datadir /reth-hive-datadir --chain /genesis.json --network-id=3503995874084926 --builder.gaslimit 60000000 --http --http.addr=0.0.0.0 --http.api=admin,debug,trace,eth,net,txpool,web3,testing --ws --ws.addr=0.0.0.0 --ws.api=admin,debug,trace,eth,net,txpool,web3,testing --rpc.compute-state-root-for-eth-simulate --authrpc.addr=0.0.0.0 --authrpc.jwtsecret=/jwt.secret --nat none --block-interval 500000 --debug.startup-sync-state-idle
2026-09-21T17:11:03.442379Z  INFO reth::cli: Initialized tracing, debug log directory: /root/.cache/reth/logs/3503995874084926
2026-09-21T17:11:03.444637Z  INFO reth::cli: Starting Reth version="2.5.2 (03cb186)"
2026-09-21T17:11:03.444680Z  INFO reth::cli: Opening database path="/reth-hive-datadir/db"
2026-09-21T17:11:03.463048Z  INFO reth::cli: Launching node
2026-09-21T17:11:03.465515Z  INFO reth::cli: Saving prune config to toml file
2026-09-21T17:11:03.465638Z  INFO reth::cli: Configuration loaded path="/reth-hive-datadir/reth.toml"
2026-09-21T17:11:03.537638Z  INFO check_consistency: reth::cli: Healing static file inconsistencies.
2026-09-21T17:11:04.238215Z  INFO check_consistency:check_consistency{read_only=false}: reth::cli: Verifying storage consistency.
2026-09-21T17:11:04.238531Z  INFO reth::cli: Database opened
2026-09-21T17:11:04.238629Z  INFO reth::cli: 
Pre-merge hard forks (block based):
- Frontier                         @0
- Homestead                        @0
- Tangerine                        @0
- SpuriousDragon                   @0
- Byzantium                        @0
- Constantinople                   @0
- Petersburg                       @0
- Istanbul                         @0
- MuirGlacier                      @0
- Berlin                           @0
- London                           @0
- ArrowGlacier                     @0
- GrayGlacier                      @0
Merge hard forks:
- Paris                            @131072 (network is known to be merged)
Post-merge hard forks (timestamp based):
- Shanghai                         @0          blob: (target: 6, max: 9, fraction: 5007716)
- Cancun                           @0          blob: (target: 6, max: 9, fraction: 5007716)
- Prague                           @0          blob: (target: 6, max: 9, fraction: 5007716)
2026-09-21T17:11:04.238666Z  INFO reth::cli: Loaded storage settings settings=StorageSettings { storage_v2: true } pruning_mode="custom"
2026-09-21T17:11:04.239834Z  INFO reth::cli: Transaction pool initialized
2026-09-21T17:11:04.276743Z  INFO reth::cli: P2P networking initialized enode=enode://b59115c6f5c059102b2f1e7e98c6e96204b00d68c4cc6de46d6d6f77043d26e440984bc413e0a4deb318fedbeb41de5ff45d7c4e4397501108f0d84b1478e477@0.0.0.0:30303
2026-09-21T17:11:04.277027Z  INFO reth::cli: StaticFileProducer initialized
2026-09-21T17:11:04.277335Z  INFO reth::cli: Pruner initialized prune_config=PruneConfig { block_interval: 500000, segments: PruneModes { sender_recovery: None, transaction_lookup: None, receipts: None, account_history: None, storage_history: None, bodies_history: None, receipts_log_filter: ReceiptsLogPruneConfig({}) }, minimum_pruning_distance: 10064 }
2026-09-21T17:11:04.278190Z  INFO reth::cli: Consensus engine initialized
2026-09-21T17:11:04.278300Z  INFO reth::cli: Engine API handler initialized
2026-09-21T17:11:04.280500Z  INFO reth::cli: RPC auth server started url=0.0.0.0:8551
2026-09-21T17:11:04.281269Z  INFO reth::cli: RPC IPC server started path=/tmp/reth.ipc
2026-09-21T17:11:04.281278Z  INFO reth::cli: RPC HTTP server started url=0.0.0.0:8545
2026-09-21T17:11:04.281281Z  INFO reth::cli: RPC WS server started url=0.0.0.0:8546
2026-09-21T17:11:04.281363Z  INFO reth::cli: Starting consensus engine
2026-09-21T17:11:04.281741Z  INFO reth_node_events::node: Preparing stage pipeline_stages=1/13 stage=Headers checkpoint=48 target=None
2026-09-21T17:11:04.281747Z  INFO sync::stages::headers: Target block already reached checkpoint=48 target=Hash(0xf0b1510b2a9c8d4c4bd1ff2c578ddbffc04741aa06b3cc8680a343741ef15e84)
2026-09-21T17:11:04.281841Z  INFO reth_node_events::node: Executing stage pipeline_stages=1/13 stage=Headers checkpoint=48 target=None
2026-09-21T17:11:04.282012Z  INFO reth_node_events::node: Finished stage pipeline_stages=1/13 stage=Headers checkpoint=48 target=None stage_progress=100.00%
2026-09-21T17:11:04.282024Z  INFO reth_node_events::node: Preparing stage pipeline_stages=2/13 stage=Bodies checkpoint=48 target=48
2026-09-21T17:11:04.282030Z  INFO reth_node_events::node: Executing stage pipeline_stages=2/13 stage=Bodies checkpoint=48 target=48
2026-09-21T17:11:04.282102Z  INFO reth_node_events::node: Finished stage pipeline_stages=2/13 stage=Bodies checkpoint=48 target=48 stage_progress=100.00%
2026-09-21T17:11:04.282113Z  INFO reth_node_events::node: Preparing stage pipeline_stages=3/13 stage=SenderRecovery checkpoint=48 target=48
2026-09-21T17:11:04.282132Z  INFO reth_node_events::node: Executing stage pipeline_stages=3/13 stage=SenderRecovery checkpoint=48 target=48
2026-09-21T17:11:04.282174Z  INFO reth_node_events::node: Finished stage pipeline_stages=3/13 stage=SenderRecovery checkpoint=48 target=48 stage_progress=0.00%
2026-09-21T17:11:04.282183Z  INFO reth_node_events::node: Preparing stage pipeline_stages=4/13 stage=Execution checkpoint=48 target=48
2026-09-21T17:11:04.282191Z  INFO reth_node_events::node: Executing stage pipeline_stages=4/13 stage=Execution checkpoint=48 target=48
2026-09-21T17:11:04.282245Z  INFO reth_node_events::node: Finished stage pipeline_stages=4/13 stage=Execution checkpoint=48 target=48 stage_progress=100.00%
2026-09-21T17:11:04.282254Z  INFO reth_node_events::node: Preparing stage pipeline_stages=5/13 stage=MerkleUnwind checkpoint=48 target=48
2026-09-21T17:11:04.282262Z  INFO reth_node_events::node: Executing stage pipeline_stages=5/13 stage=MerkleUnwind checkpoint=48 target=48
2026-09-21T17:11:04.282265Z  INFO sync::stages::merkle::unwind: Stage is always skipped
2026-09-21T17:11:04.282333Z  INFO reth_node_events::node: Finished stage pipeline_stages=5/13 stage=MerkleUnwind checkpoint=48 target=48
2026-09-21T17:11:04.282344Z  INFO reth_node_events::node: Preparing stage pipeline_stages=6/13 stage=AccountHashing checkpoint=48 target=48
2026-09-21T17:11:04.282348Z  INFO reth_node_events::node: Executing stage pipeline_stages=6/13 stage=AccountHashing checkpoint=48 target=48
2026-09-21T17:11:04.282388Z  INFO reth_node_events::node: Finished stage pipeline_stages=6/13 stage=AccountHashing checkpoint=48 target=48
2026-09-21T17:11:04.282391Z  INFO reth_node_events::node: Preparing stage pipeline_stages=7/13 stage=StorageHashing checkpoint=48 target=48
2026-09-21T17:11:04.282407Z  INFO reth_node_events::node: Executing stage pipeline_stages=7/13 stage=StorageHashing checkpoint=48 target=48
2026-09-21T17:11:04.282456Z  INFO reth_node_events::node: Finished stage pipeline_stages=7/13 stage=StorageHashing checkpoint=48 target=48
2026-09-21T17:11:04.282469Z  INFO reth_node_events::node: Preparing stage pipeline_stages=8/13 stage=MerkleExecute checkpoint=48 target=48
2026-09-21T17:11:04.282473Z  INFO reth_node_events::node: Executing stage pipeline_stages=8/13 stage=MerkleExecute checkpoint=48 target=48
2026-09-21T17:11:04.282531Z  INFO reth_node_events::node: Finished stage pipeline_stages=8/13 stage=MerkleExecute checkpoint=48 target=48 stage_progress=100.00%
2026-09-21T17:11:04.282542Z  INFO reth_node_events::node: Preparing stage pipeline_stages=9/13 stage=TransactionLookup checkpoint=48 target=48
2026-09-21T17:11:04.282546Z  INFO reth_node_events::node: Executing stage pipeline_stages=9/13 stage=TransactionLookup checkpoint=48 target=48
2026-09-21T17:11:04.282594Z  INFO reth_node_events::node: Finished stage pipeline_stages=9/13 stage=TransactionLookup checkpoint=48 target=48 stage_progress=0.00%
2026-09-21T17:11:04.282601Z  INFO reth_node_events::node: Preparing stage pipeline_stages=10/13 stage=IndexStorageHistory checkpoint=48 target=48
2026-09-21T17:11:04.282614Z  INFO reth_node_events::node: Executing stage pipeline_stages=10/13 stage=IndexStorageHistory checkpoint=48 target=48
2026-09-21T17:11:04.282657Z  INFO reth_node_events::node: Finished stage pipeline_stages=10/13 stage=IndexStorageHistory checkpoint=48 target=48
2026-09-21T17:11:04.282665Z  INFO reth_node_events::node: Preparing stage pipeline_stages=11/13 stage=IndexAccountHistory checkpoint=48 target=48
2026-09-21T17:11:04.282678Z  INFO reth_node_events::node: Executing stage pipeline_stages=11/13 stage=IndexAccountHistory checkpoint=48 target=48
2026-09-21T17:11:04.282753Z  INFO reth_node_events::node: Finished stage pipeline_stages=11/13 stage=IndexAccountHistory checkpoint=48 target=48
2026-09-21T17:11:04.282766Z  INFO reth_node_events::node: Preparing stage pipeline_stages=12/13 stage=Prune checkpoint=48 target=48
2026-09-21T17:11:04.282774Z  INFO reth_node_events::node: Executing stage pipeline_stages=12/13 stage=Prune checkpoint=48 target=48
2026-09-21T17:11:04.282962Z  INFO reth_node_events::node: Finished stage pipeline_stages=12/13 stage=Prune checkpoint=48 target=48
2026-09-21T17:11:04.282970Z  INFO reth_node_events::node: Preparing stage pipeline_stages=13/13 stage=Finish checkpoint=48 target=48
2026-09-21T17:11:04.282979Z  INFO reth_node_events::node: Executing stage pipeline_stages=13/13 stage=Finish checkpoint=48 target=48
2026-09-21T17:11:04.283058Z  INFO reth_node_events::node: Finished stage pipeline_stages=13/13 stage=Finish checkpoint=48 target=48
2026-09-21T17:11:04.315687Z  INFO reth_node_events::node: Forkchoice updated head_block_hash=0xf0b1510b2a9c8d4c4bd1ff2c578ddbffc04741aa06b3cc8680a343741ef15e84 safe_block_hash=0x9901db3a31e7004c45911fca4480b7dce86a4baeab819eb4959d7316f687d54c finalized_block_hash=0x9901db3a31e7004c45911fca4480b7dce86a4baeab819eb4959d7316f687d54c
2026-09-21T17:11:04.352353Z  INFO reth_node_events::node: Received new payload from consensus engine number=40 hash=0x23a229f69acd6ffb1d98dbae859e4fde6bcb6db51786ec54d07085d74bf473d4
2026-09-21T17:11:04.358045Z  WARN trie::changeset_cache: Changeset cache MISS in range, falling back to aggregate DB-based computation start_block=40 end_block=48
2026-09-21T17:11:04.360079Z  INFO engine::tree::payload_validator: State root job finished strategy="sparse-trie" state_root=0xd649fad09f135bcb2eef401f78fad96082158ff5ea7fa1b1505dc134eb25d16e elapsed=642.893µs
2026-09-21T17:11:04.360423Z  INFO reth_node_events::node: Block added to fork chain number=40 hash=0x23a229f69acd6ffb1d98dbae859e4fde6bcb6db51786ec54d07085d74bf473d4 elapsed=7.965734ms
2026-09-21T17:11:04.361105Z  INFO reth_node_events::node: Received new payload from consensus engine number=41 hash=0xb643aaad7876814b2319a5ac15e3efd4c5a928f711683d4d3abee5b525fc349d
2026-09-21T17:11:04.362330Z  INFO engine::tree::payload_validator: State root job finished strategy="sparse-trie" state_root=0xe011af124d85417766fee0a3d206709bd70a12c5339bca921cdc1b1432a8fe50 elapsed=95.386µs
2026-09-21T17:11:04.362454Z  INFO reth_node_events::node: Block added to fork chain number=41 hash=0xb643aaad7876814b2319a5ac15e3efd4c5a928f711683d4d3abee5b525fc349d elapsed=1.301967ms
2026-09-21T17:11:04.362965Z  INFO reth_node_events::node: Received new payload from consensus engine number=42 hash=0x59c52ea8dd1dfdb037aec4a2f28907fb1cf4ca5401b48590182eaa5415e8e6f3
2026-09-21T17:11:04.363864Z  INFO engine::tree::payload_validator: State root job finished strategy="sparse-trie" state_root=0x5a73ea6c4a739d24664148d7d8f12a6655c671c387c7688a480ac13faa548a9d elapsed=262.299µs
2026-09-21T17:11:04.364150Z  INFO reth_node_events::node: Block added to fork chain number=42 hash=0x59c52ea8dd1dfdb037aec4a2f28907fb1cf4ca5401b48590182eaa5415e8e6f3 elapsed=1.061575ms
2026-09-21T17:11:04.364554Z  INFO reth_node_events::node: Received new payload from consensus engine number=43 hash=0x3ae39139cb5ef4492f48c7ed41f861621a0f7af2c15ee458b09914e7fc97dfe9
2026-09-21T17:11:04.365515Z  INFO engine::tree::payload_validator: State root job finished strategy="sparse-trie" state_root=0x3c08f810c3fc09f4a3bde2b4f3b408af571e9db453649dfe8357f5dd01e7b6dc elapsed=294.537µs
2026-09-21T17:11:04.365699Z  INFO reth_node_events::node: Block added to fork chain number=43 hash=0x3ae39139cb5ef4492f48c7ed41f861621a0f7af2c15ee458b09914e7fc97dfe9 elapsed=1.062575ms
2026-09-21T17:11:04.366063Z  INFO reth_node_events::node: Received new payload from consensus engine number=44 hash=0x008d1333b89a6507babffba8a8605f2426aa21a829ad0c20131d40dc72300628
2026-09-21T17:11:04.366823Z  INFO engine::tree::payload_validator: State root job finished strategy="sparse-trie" state_root=0x53371c75a414ccd911b76ff181e32b234330ebc90079984db5c5efbfdad4a53c elapsed=305.534µs
2026-09-21T17:11:04.366927Z  INFO reth_node_events::node: Block added to fork chain number=44 hash=0x008d1333b89a6507babffba8a8605f2426aa21a829ad0c20131d40dc72300628 elapsed=832.739µs
2026-09-21T17:11:04.367242Z  INFO reth_node_events::node: Received new payload from consensus engine number=45 hash=0xb75975dcf8dc29c9d8f63272511a20eb5c16c8466634e83f6b840d3baaa54110
2026-09-21T17:11:04.368043Z  INFO engine::tree::payload_validator: State root job finished strategy="sparse-trie" state_root=0xce8e61e8f09325155375cdbc7f999b07e24e49981f19760687cd69e36a69338b elapsed=109.17µs
2026-09-21T17:11:04.368173Z  INFO reth_node_events::node: Block added to fork chain number=45 hash=0xb75975dcf8dc29c9d8f63272511a20eb5c16c8466634e83f6b840d3baaa54110 elapsed=883.987µs
2026-09-21T17:11:04.368644Z  INFO reth_node_events::node: Received new payload from consensus engine number=46 hash=0xced04ae80b11fac8e3619bba83e9f8a3490159e045f1ac504955e69a783dbbcd
2026-09-21T17:11:04.369481Z  INFO engine::tree::payload_validator: State root job finished strategy="sparse-trie" state_root=0x6f5d90d1ec035884b319f491e917146aa362e44c23680dbfa7c0015489808920 elapsed=255.41µs
2026-09-21T17:11:04.369605Z  INFO reth_node_events::node: Block added to fork chain number=46 hash=0xced04ae80b11fac8e3619bba83e9f8a3490159e045f1ac504955e69a783dbbcd elapsed=915.253µs
2026-09-21T17:11:04.370028Z  INFO reth_node_events::node: Received new payload from consensus engine number=47 hash=0xa3b4b86837197906688c55979962fcf57fc43f7d1796cdacce350f2a4590ef8e
2026-09-21T17:11:04.370906Z  INFO engine::tree::payload_validator: State root job finished strategy="sparse-trie" state_root=0x99b818e033e40c8cf71bb3811d2efc4852c3332f7b4150e52dc739698e777ece elapsed=300.872µs
2026-09-21T17:11:04.371026Z  INFO reth_node_events::node: Block added to fork chain number=47 hash=0xa3b4b86837197906688c55979962fcf57fc43f7d1796cdacce350f2a4590ef8e elapsed=968.901µs
2026-09-21T17:11:04.371501Z  INFO reth_node_events::node: Received new payload from consensus engine number=48 hash=0x89760635a073492746414d5e8ea50ceaaaf035f603e37543a36328af11d6de32
2026-09-21T17:11:04.372214Z  INFO engine::tree::payload_validator: State root job finished strategy="sparse-trie" state_root=0xe679c81a19539811969c8d19a159ade831d70b65332e61695bf8ff5084c2a975 elapsed=150.721µs
2026-09-21T17:11:04.372423Z  INFO reth_node_events::node: Block added to fork chain number=48 hash=0x89760635a073492746414d5e8ea50ceaaaf035f603e37543a36328af11d6de32 elapsed=847.315µs
2026-09-21T17:11:04.372924Z  WARN trie::changeset_cache: Changeset cache MISS in range, falling back to aggregate DB-based computation start_block=48 end_block=48
2026-09-21T17:11:04.373845Z  WARN trie::changeset_cache: Changeset cache MISS in range, falling back to aggregate DB-based computation start_block=47 end_block=47
2026-09-21T17:11:04.374819Z  WARN trie::changeset_cache: Changeset cache MISS in range, falling back to aggregate DB-based computation start_block=46 end_block=46
2026-09-21T17:11:04.375729Z  WARN trie::changeset_cache: Changeset cache MISS in range, falling back to aggregate DB-based computation start_block=45 end_block=45
2026-09-21T17:11:04.376634Z  WARN trie::changeset_cache: Changeset cache MISS in range, falling back to aggregate DB-based computation start_block=44 end_block=44
2026-09-21T17:11:04.377526Z  WARN trie::changeset_cache: Changeset cache MISS in range, falling back to aggregate DB-based computation start_block=43 end_block=43
2026-09-21T17:11:04.378410Z  WARN trie::changeset_cache: Changeset cache MISS in range, falling back to aggregate DB-based computation start_block=42 end_block=42
2026-09-21T17:11:04.379296Z  WARN trie::changeset_cache: Changeset cache MISS in range, falling back to aggregate DB-based computation start_block=41 end_block=41
2026-09-21T17:11:04.380302Z  WARN trie::changeset_cache: Changeset cache MISS in range, falling back to aggregate DB-based computation start_block=40 end_block=40
2026-09-21T17:11:04.381480Z  INFO reth_node_events::node: Canonical chain committed number=48 hash=0x89760635a073492746414d5e8ea50ceaaaf035f603e37543a36328af11d6de32 elapsed=189.538µs
2026-09-21T17:11:07.278671Z  INFO reth::cli: Status connected_peers=0 latest_block=48
