Sep 21 20:55:32.051 INF building image image=hive/hiveproxy nocache=false pull=false
Sep 21 20:55:32.149 INF building 8 clients...
Sep 21 20:55:32.149 INF building image image=hive/clients/besu_development:latest dir=clients/besu nocache=false pull=false baseimage=trace-interop/besu tag=a85249905183f65c98c9e8c282955e40487c4ff8af8db8b8e306d58292231744
Sep 21 20:55:32.270 INF building image image=hive/clients/besu_release:latest dir=clients/besu nocache=false pull=false baseimage=trace-interop/besu tag=f3713c713ca4f9e89c09e1478d2a85116ba9ce8343129d709420ba2af009598b
Sep 21 20:55:32.397 INF building image image=hive/clients/erigon_development:latest dir=clients/erigon nocache=false pull=false baseimage=trace-interop/erigon tag=8269576669f1b4a55572ee7d1a7e4489244cd57bb545293391d1ebd5e0fac002
Sep 21 20:55:32.534 INF building image image=hive/clients/erigon_release:latest dir=clients/erigon nocache=false pull=false baseimage=trace-interop/erigon tag=8668d9c5adc01ad1d12aa25380e384079080bdde7e0ce93f11bed422d82ca0ac
Sep 21 20:56:29.895 INF building image image=hive/clients/nethermind_development:latest dir=clients/nethermind nocache=false pull=false baseimage=trace-interop/nethermind tag=e68f6cd253c312443b306b7e1e61381a38fd174dd16fe7e9bc55487245718182
Sep 21 20:56:30.037 INF building image image=hive/clients/nethermind_release:latest dir=clients/nethermind nocache=false pull=false baseimage=trace-interop/nethermind tag=a5098d75bfa8d4da1992ba8404b357fde6d53241315396e26b88e16e5f67bb59
Sep 21 20:56:30.176 INF building image image=hive/clients/reth_development:latest dir=clients/reth nocache=false pull=false baseimage=trace-interop/reth tag=1d6a97ef686d7c6099c5426c77334ca5891ce5d362fe5f3049ac2ea0df76de86
Sep 21 20:56:30.298 INF building image image=hive/clients/reth_release:latest dir=clients/reth nocache=false pull=false baseimage=trace-interop/reth tag=e939dc4a471d9d27224e430f607a954d692ca5037a1350ee2036397d14532ca7
Sep 21 20:56:30.412 INF building 1 simulators...
Sep 21 20:56:30.412 INF building image image=hive/simulators/ethereum/rpc-compat:latest dir=simulators/ethereum/rpc-compat nocache=false pull=false
Sep 21 20:56:30.476 INF creating output directory folder=/home/banteg/dev/trace-interop/runs/verified-repeat/hive
Sep 21 20:56:30.485 INF running simulation: ethereum/rpc-compat
Sep 21 20:56:30.769 INF hiveproxy started container=f3aa9d3e5e4c addr=172.17.0.2:8081
Sep 21 20:56:31.067 INF API: suite started suite=0 name=rpc-compat
Sep 21 20:56:31.069 INF API: test started suite=0 test=1 name="client launch (besu_development)"
Sep 21 20:56:39.709 INF API: client besu_development started suite=0 test=1 container=d70b54bd
Sep 21 20:56:40.084 INF API: test started suite=0 test=2 name="interop/_control/head (besu_development)"
Sep 21 20:56:40.185 INF API: test ended suite=0 test=2 pass=false
Sep 21 20:56:40.189 INF API: test started suite=0 test=3 name="interop/_control/version (besu_development)"
Sep 21 20:56:40.207 INF API: test ended suite=0 test=3 pass=false
Sep 21 20:56:40.209 INF API: test started suite=0 test=4 name="interop/auth-clear (besu_development)"
Sep 21 20:56:40.303 INF API: test ended suite=0 test=4 pass=false
Sep 21 20:56:40.306 INF API: test started suite=0 test=5 name="interop/auth-set-revert (besu_development)"
Sep 21 20:56:40.361 INF API: test ended suite=0 test=5 pass=false
Sep 21 20:56:40.364 INF API: test started suite=0 test=6 name="interop/call-gas7400 (besu_development)"
Sep 21 20:56:40.502 INF API: test ended suite=0 test=6 pass=false
Sep 21 20:56:40.504 INF API: test started suite=0 test=7 name="interop/call-mcopy (besu_development)"
Sep 21 20:56:40.542 INF API: test ended suite=0 test=7 pass=false
Sep 21 20:56:40.545 INF API: test started suite=0 test=8 name="interop/call-mixed-create (besu_development)"
Sep 21 20:56:40.598 INF API: test ended suite=0 test=8 pass=false
Sep 21 20:56:40.601 INF API: test started suite=0 test=9 name="interop/call-return42 (besu_development)"
Sep 21 20:56:40.631 INF API: test ended suite=0 test=9 pass=false
Sep 21 20:56:40.634 INF API: test started suite=0 test=10 name="interop/call-siblings-revert-ok (besu_development)"
Sep 21 20:56:40.668 INF API: test ended suite=0 test=10 pass=false
Sep 21 20:56:40.671 INF API: test started suite=0 test=11 name="interop/constructor (besu_development)"
Sep 21 20:56:40.698 INF API: test ended suite=0 test=11 pass=false
Sep 21 20:56:40.701 INF API: test started suite=0 test=12 name="interop/control-code-gas7400 (besu_development)"
Sep 21 20:56:40.743 INF API: test ended suite=0 test=12 pass=false
Sep 21 20:56:40.746 INF API: test started suite=0 test=13 name="interop/control-code-siblings-revert-ok (besu_development)"
Sep 21 20:56:40.765 INF API: test ended suite=0 test=13 pass=false
Sep 21 20:56:40.768 INF API: test started suite=0 test=14 name="interop/control-head (besu_development)"
Sep 21 20:56:40.787 INF API: test ended suite=0 test=14 pass=false
Sep 21 20:56:40.788 INF API: test started suite=0 test=15 name="interop/control-height (besu_development)"
Sep 21 20:56:40.802 INF API: test ended suite=0 test=15 pass=false
Sep 21 20:56:40.803 INF API: test started suite=0 test=16 name="interop/debug-gas7400-opcodes (besu_development)"
Sep 21 20:56:40.871 INF API: test ended suite=0 test=16 pass=false
Sep 21 20:56:40.872 INF API: test started suite=0 test=17 name="interop/debug-mixed-create (besu_development)"
Sep 21 20:56:40.909 INF API: test ended suite=0 test=17 pass=false
Sep 21 20:56:40.911 INF API: test started suite=0 test=18 name="interop/debug-siblings-revert-ok (besu_development)"
Sep 21 20:56:40.932 INF API: test ended suite=0 test=18 pass=false
Sep 21 20:56:40.934 INF API: test started suite=0 test=19 name="interop/many-storage-write-revert-read (besu_development)"
Sep 21 20:56:40.967 INF API: test ended suite=0 test=19 pass=false
Sep 21 20:56:40.969 INF API: test started suite=0 test=20 name="interop/raw-below-basefee-stateDiff (besu_development)"
Sep 21 20:56:40.989 INF API: test ended suite=0 test=20 pass=false
Sep 21 20:56:40.990 INF API: test started suite=0 test=21 name="interop/raw-below-basefee-trace (besu_development)"
Sep 21 20:56:41.002 INF API: test ended suite=0 test=21 pass=false
Sep 21 20:56:41.003 INF API: test started suite=0 test=22 name="interop/raw-below-basefee-vmTrace (besu_development)"
Sep 21 20:56:41.008 INF API: test ended suite=0 test=22 pass=false
Sep 21 20:56:41.009 INF API: test started suite=0 test=23 name="interop/raw-below-basefee (besu_development)"
Sep 21 20:56:41.014 INF API: test ended suite=0 test=23 pass=false
Sep 21 20:56:41.015 INF API: test started suite=0 test=24 name="interop/raw-insufficient-funds-stateDiff (besu_development)"
Sep 21 20:56:41.021 INF API: test ended suite=0 test=24 pass=false
Sep 21 20:56:41.022 INF API: test started suite=0 test=25 name="interop/raw-insufficient-funds-trace (besu_development)"
Sep 21 20:56:41.029 INF API: test ended suite=0 test=25 pass=false
Sep 21 20:56:41.030 INF API: test started suite=0 test=26 name="interop/raw-insufficient-funds-vmTrace (besu_development)"
Sep 21 20:56:41.035 INF API: test ended suite=0 test=26 pass=false
Sep 21 20:56:41.036 INF API: test started suite=0 test=27 name="interop/raw-insufficient-funds (besu_development)"
Sep 21 20:56:41.042 INF API: test ended suite=0 test=27 pass=false
Sep 21 20:56:41.043 INF API: test started suite=0 test=28 name="interop/raw-low-gas-stateDiff (besu_development)"
Sep 21 20:56:41.049 INF API: test ended suite=0 test=28 pass=false
Sep 21 20:56:41.049 INF API: test started suite=0 test=29 name="interop/raw-low-gas-trace (besu_development)"
Sep 21 20:56:41.054 INF API: test ended suite=0 test=29 pass=false
Sep 21 20:56:41.055 INF API: test started suite=0 test=30 name="interop/raw-low-gas-vmTrace (besu_development)"
Sep 21 20:56:41.060 INF API: test ended suite=0 test=30 pass=false
Sep 21 20:56:41.061 INF API: test started suite=0 test=31 name="interop/raw-low-gas (besu_development)"
Sep 21 20:56:41.066 INF API: test ended suite=0 test=31 pass=false
Sep 21 20:56:41.067 INF API: test started suite=0 test=32 name="interop/raw-nonce-high-stateDiff (besu_development)"
Sep 21 20:56:41.074 INF API: test ended suite=0 test=32 pass=false
Sep 21 20:56:41.075 INF API: test started suite=0 test=33 name="interop/raw-nonce-high-trace (besu_development)"
Sep 21 20:56:41.080 INF API: test ended suite=0 test=33 pass=false
Sep 21 20:56:41.081 INF API: test started suite=0 test=34 name="interop/raw-nonce-high-vmTrace (besu_development)"
Sep 21 20:56:41.086 INF API: test ended suite=0 test=34 pass=false
Sep 21 20:56:41.087 INF API: test started suite=0 test=35 name="interop/raw-nonce-high (besu_development)"
Sep 21 20:56:41.093 INF API: test ended suite=0 test=35 pass=false
Sep 21 20:56:41.094 INF API: test started suite=0 test=36 name="interop/raw-valid-stateDiff (besu_development)"
Sep 21 20:56:41.101 INF API: test ended suite=0 test=36 pass=false
Sep 21 20:56:41.102 INF API: test started suite=0 test=37 name="interop/raw-valid-trace (besu_development)"
Sep 21 20:56:41.107 INF API: test ended suite=0 test=37 pass=false
Sep 21 20:56:41.108 INF API: test started suite=0 test=38 name="interop/raw-valid-vmTrace (besu_development)"
Sep 21 20:56:41.113 INF API: test ended suite=0 test=38 pass=false
Sep 21 20:56:41.114 INF API: test started suite=0 test=39 name="interop/raw-valid (besu_development)"
Sep 21 20:56:41.119 INF API: test ended suite=0 test=39 pass=false
Sep 21 20:56:41.120 INF API: test started suite=0 test=40 name="interop/raw-wrong-chain-stateDiff (besu_development)"
Sep 21 20:56:41.125 INF API: test ended suite=0 test=40 pass=false
Sep 21 20:56:41.126 INF API: test started suite=0 test=41 name="interop/raw-wrong-chain-trace (besu_development)"
Sep 21 20:56:41.130 INF API: test ended suite=0 test=41 pass=false
Sep 21 20:56:41.131 INF API: test started suite=0 test=42 name="interop/raw-wrong-chain-vmTrace (besu_development)"
Sep 21 20:56:41.136 INF API: test ended suite=0 test=42 pass=false
Sep 21 20:56:41.137 INF API: test started suite=0 test=43 name="interop/raw-wrong-chain (besu_development)"
Sep 21 20:56:41.144 INF API: test ended suite=0 test=43 pass=false
Sep 21 20:56:41.145 INF API: test started suite=0 test=44 name="interop/state-only-nonempty-output (besu_development)"
Sep 21 20:56:41.151 INF API: test ended suite=0 test=44 pass=false
Sep 21 20:56:41.503 INF API: test ended suite=0 test=1 pass=true
Sep 21 20:56:41.504 INF API: test started suite=0 test=45 name="client launch (besu_release)"
Sep 21 20:56:50.425 INF API: client besu_release started suite=0 test=45 container=ac094e45
Sep 21 20:56:50.773 INF API: test started suite=0 test=46 name="interop/_control/head (besu_release)"
Sep 21 20:56:50.828 INF API: test ended suite=0 test=46 pass=false
Sep 21 20:56:50.829 INF API: test started suite=0 test=47 name="interop/_control/version (besu_release)"
Sep 21 20:56:50.841 INF API: test ended suite=0 test=47 pass=false
Sep 21 20:56:50.842 INF API: test started suite=0 test=48 name="interop/auth-clear (besu_release)"
Sep 21 20:56:50.923 INF API: test ended suite=0 test=48 pass=false
Sep 21 20:56:50.924 INF API: test started suite=0 test=49 name="interop/auth-set-revert (besu_release)"
Sep 21 20:56:50.950 INF API: test ended suite=0 test=49 pass=false
Sep 21 20:56:50.951 INF API: test started suite=0 test=50 name="interop/call-gas7400 (besu_release)"
Sep 21 20:56:51.010 INF API: test ended suite=0 test=50 pass=false
Sep 21 20:56:51.012 INF API: test started suite=0 test=51 name="interop/call-mcopy (besu_release)"
Sep 21 20:56:51.036 INF API: test ended suite=0 test=51 pass=false
Sep 21 20:56:51.037 INF API: test started suite=0 test=52 name="interop/call-mixed-create (besu_release)"
Sep 21 20:56:51.061 INF API: test ended suite=0 test=52 pass=false
Sep 21 20:56:51.062 INF API: test started suite=0 test=53 name="interop/call-return42 (besu_release)"
Sep 21 20:56:51.075 INF API: test ended suite=0 test=53 pass=false
Sep 21 20:56:51.076 INF API: test started suite=0 test=54 name="interop/call-siblings-revert-ok (besu_release)"
Sep 21 20:56:51.103 INF API: test ended suite=0 test=54 pass=false
Sep 21 20:56:51.104 INF API: test started suite=0 test=55 name="interop/constructor (besu_release)"
Sep 21 20:56:51.124 INF API: test ended suite=0 test=55 pass=false
Sep 21 20:56:51.125 INF API: test started suite=0 test=56 name="interop/control-code-gas7400 (besu_release)"
Sep 21 20:56:51.135 INF API: test ended suite=0 test=56 pass=false
Sep 21 20:56:51.136 INF API: test started suite=0 test=57 name="interop/control-code-siblings-revert-ok (besu_release)"
Sep 21 20:56:51.140 INF API: test ended suite=0 test=57 pass=false
Sep 21 20:56:51.141 INF API: test started suite=0 test=58 name="interop/control-head (besu_release)"
Sep 21 20:56:51.146 INF API: test ended suite=0 test=58 pass=false
Sep 21 20:56:51.147 INF API: test started suite=0 test=59 name="interop/control-height (besu_release)"
Sep 21 20:56:51.152 INF API: test ended suite=0 test=59 pass=false
Sep 21 20:56:51.153 INF API: test started suite=0 test=60 name="interop/debug-gas7400-opcodes (besu_release)"
Sep 21 20:56:51.187 INF API: test ended suite=0 test=60 pass=false
Sep 21 20:56:51.188 INF API: test started suite=0 test=61 name="interop/debug-mixed-create (besu_release)"
Sep 21 20:56:51.219 INF API: test ended suite=0 test=61 pass=false
Sep 21 20:56:51.220 INF API: test started suite=0 test=62 name="interop/debug-siblings-revert-ok (besu_release)"
Sep 21 20:56:51.229 INF API: test ended suite=0 test=62 pass=false
Sep 21 20:56:51.230 INF API: test started suite=0 test=63 name="interop/many-storage-write-revert-read (besu_release)"
Sep 21 20:56:51.279 INF API: test ended suite=0 test=63 pass=false
Sep 21 20:56:51.281 INF API: test started suite=0 test=64 name="interop/raw-below-basefee-stateDiff (besu_release)"
Sep 21 20:56:51.300 INF API: test ended suite=0 test=64 pass=false
Sep 21 20:56:51.301 INF API: test started suite=0 test=65 name="interop/raw-below-basefee-trace (besu_release)"
Sep 21 20:56:51.313 INF API: test ended suite=0 test=65 pass=false
Sep 21 20:56:51.314 INF API: test started suite=0 test=66 name="interop/raw-below-basefee-vmTrace (besu_release)"
Sep 21 20:56:51.329 INF API: test ended suite=0 test=66 pass=false
Sep 21 20:56:51.331 INF API: test started suite=0 test=67 name="interop/raw-below-basefee (besu_release)"
Sep 21 20:56:51.337 INF API: test ended suite=0 test=67 pass=false
Sep 21 20:56:51.338 INF API: test started suite=0 test=68 name="interop/raw-insufficient-funds-stateDiff (besu_release)"
Sep 21 20:56:51.344 INF API: test ended suite=0 test=68 pass=false
Sep 21 20:56:51.345 INF API: test started suite=0 test=69 name="interop/raw-insufficient-funds-trace (besu_release)"
Sep 21 20:56:51.350 INF API: test ended suite=0 test=69 pass=false
Sep 21 20:56:51.351 INF API: test started suite=0 test=70 name="interop/raw-insufficient-funds-vmTrace (besu_release)"
Sep 21 20:56:51.355 INF API: test ended suite=0 test=70 pass=false
Sep 21 20:56:51.356 INF API: test started suite=0 test=71 name="interop/raw-insufficient-funds (besu_release)"
Sep 21 20:56:51.360 INF API: test ended suite=0 test=71 pass=false
Sep 21 20:56:51.361 INF API: test started suite=0 test=72 name="interop/raw-low-gas-stateDiff (besu_release)"
Sep 21 20:56:51.366 INF API: test ended suite=0 test=72 pass=false
Sep 21 20:56:51.367 INF API: test started suite=0 test=73 name="interop/raw-low-gas-trace (besu_release)"
Sep 21 20:56:51.373 INF API: test ended suite=0 test=73 pass=false
Sep 21 20:56:51.373 INF API: test started suite=0 test=74 name="interop/raw-low-gas-vmTrace (besu_release)"
Sep 21 20:56:51.378 INF API: test ended suite=0 test=74 pass=false
Sep 21 20:56:51.379 INF API: test started suite=0 test=75 name="interop/raw-low-gas (besu_release)"
Sep 21 20:56:51.383 INF API: test ended suite=0 test=75 pass=false
Sep 21 20:56:51.384 INF API: test started suite=0 test=76 name="interop/raw-nonce-high-stateDiff (besu_release)"
Sep 21 20:56:51.389 INF API: test ended suite=0 test=76 pass=false
Sep 21 20:56:51.390 INF API: test started suite=0 test=77 name="interop/raw-nonce-high-trace (besu_release)"
Sep 21 20:56:51.395 INF API: test ended suite=0 test=77 pass=false
Sep 21 20:56:51.396 INF API: test started suite=0 test=78 name="interop/raw-nonce-high-vmTrace (besu_release)"
Sep 21 20:56:51.400 INF API: test ended suite=0 test=78 pass=false
Sep 21 20:56:51.401 INF API: test started suite=0 test=79 name="interop/raw-nonce-high (besu_release)"
Sep 21 20:56:51.406 INF API: test ended suite=0 test=79 pass=false
Sep 21 20:56:51.407 INF API: test started suite=0 test=80 name="interop/raw-valid-stateDiff (besu_release)"
Sep 21 20:56:51.414 INF API: test ended suite=0 test=80 pass=false
Sep 21 20:56:51.415 INF API: test started suite=0 test=81 name="interop/raw-valid-trace (besu_release)"
Sep 21 20:56:51.420 INF API: test ended suite=0 test=81 pass=false
Sep 21 20:56:51.421 INF API: test started suite=0 test=82 name="interop/raw-valid-vmTrace (besu_release)"
Sep 21 20:56:51.425 INF API: test ended suite=0 test=82 pass=false
Sep 21 20:56:51.426 INF API: test started suite=0 test=83 name="interop/raw-valid (besu_release)"
Sep 21 20:56:51.432 INF API: test ended suite=0 test=83 pass=false
Sep 21 20:56:51.433 INF API: test started suite=0 test=84 name="interop/raw-wrong-chain-stateDiff (besu_release)"
Sep 21 20:56:51.439 INF API: test ended suite=0 test=84 pass=false
Sep 21 20:56:51.440 INF API: test started suite=0 test=85 name="interop/raw-wrong-chain-trace (besu_release)"
Sep 21 20:56:51.444 INF API: test ended suite=0 test=85 pass=false
Sep 21 20:56:51.445 INF API: test started suite=0 test=86 name="interop/raw-wrong-chain-vmTrace (besu_release)"
Sep 21 20:56:51.452 INF API: test ended suite=0 test=86 pass=false
Sep 21 20:56:51.454 INF API: test started suite=0 test=87 name="interop/raw-wrong-chain (besu_release)"
Sep 21 20:56:51.461 INF API: test ended suite=0 test=87 pass=false
Sep 21 20:56:51.462 INF API: test started suite=0 test=88 name="interop/state-only-nonempty-output (besu_release)"
Sep 21 20:56:51.470 INF API: test ended suite=0 test=88 pass=false
Sep 21 20:56:51.808 INF API: test ended suite=0 test=45 pass=true
Sep 21 20:56:51.810 INF API: test started suite=0 test=89 name="client launch (erigon_development)"
Sep 21 20:56:53.248 INF API: client erigon_development started suite=0 test=89 container=fa997ddd
Sep 21 20:56:53.263 INF API: test started suite=0 test=90 name="interop/_control/head (erigon_development)"
Sep 21 20:56:53.265 INF API: test ended suite=0 test=90 pass=false
Sep 21 20:56:53.266 INF API: test started suite=0 test=91 name="interop/_control/version (erigon_development)"
Sep 21 20:56:53.267 INF API: test ended suite=0 test=91 pass=false
Sep 21 20:56:53.267 INF API: test started suite=0 test=92 name="interop/auth-clear (erigon_development)"
Sep 21 20:56:53.270 INF API: test ended suite=0 test=92 pass=false
Sep 21 20:56:53.271 INF API: test started suite=0 test=93 name="interop/auth-set-revert (erigon_development)"
Sep 21 20:56:53.272 INF API: test ended suite=0 test=93 pass=false
Sep 21 20:56:53.273 INF API: test started suite=0 test=94 name="interop/call-gas7400 (erigon_development)"
Sep 21 20:56:53.280 INF API: test ended suite=0 test=94 pass=false
Sep 21 20:56:53.281 INF API: test started suite=0 test=95 name="interop/call-mcopy (erigon_development)"
Sep 21 20:56:53.283 INF API: test ended suite=0 test=95 pass=false
Sep 21 20:56:53.284 INF API: test started suite=0 test=96 name="interop/call-mixed-create (erigon_development)"
Sep 21 20:56:53.287 INF API: test ended suite=0 test=96 pass=false
Sep 21 20:56:53.288 INF API: test started suite=0 test=97 name="interop/call-return42 (erigon_development)"
Sep 21 20:56:53.289 INF API: test ended suite=0 test=97 pass=false
Sep 21 20:56:53.290 INF API: test started suite=0 test=98 name="interop/call-siblings-revert-ok (erigon_development)"
Sep 21 20:56:53.293 INF API: test ended suite=0 test=98 pass=false
Sep 21 20:56:53.294 INF API: test started suite=0 test=99 name="interop/constructor (erigon_development)"
Sep 21 20:56:53.295 INF API: test ended suite=0 test=99 pass=false
Sep 21 20:56:53.296 INF API: test started suite=0 test=100 name="interop/control-code-gas7400 (erigon_development)"
Sep 21 20:56:53.297 INF API: test ended suite=0 test=100 pass=false
Sep 21 20:56:53.298 INF API: test started suite=0 test=101 name="interop/control-code-siblings-revert-ok (erigon_development)"
Sep 21 20:56:53.299 INF API: test ended suite=0 test=101 pass=false
Sep 21 20:56:53.300 INF API: test started suite=0 test=102 name="interop/control-head (erigon_development)"
Sep 21 20:56:53.301 INF API: test ended suite=0 test=102 pass=false
Sep 21 20:56:53.301 INF API: test started suite=0 test=103 name="interop/control-height (erigon_development)"
Sep 21 20:56:53.302 INF API: test ended suite=0 test=103 pass=false
Sep 21 20:56:53.303 INF API: test started suite=0 test=104 name="interop/debug-gas7400-opcodes (erigon_development)"
Sep 21 20:56:53.304 INF API: test ended suite=0 test=104 pass=false
Sep 21 20:56:53.304 INF API: test started suite=0 test=105 name="interop/debug-mixed-create (erigon_development)"
Sep 21 20:56:53.305 INF API: test ended suite=0 test=105 pass=false
Sep 21 20:56:53.306 INF API: test started suite=0 test=106 name="interop/debug-siblings-revert-ok (erigon_development)"
Sep 21 20:56:53.307 INF API: test ended suite=0 test=106 pass=false
Sep 21 20:56:53.307 INF API: test started suite=0 test=107 name="interop/many-storage-write-revert-read (erigon_development)"
Sep 21 20:56:53.309 INF API: test ended suite=0 test=107 pass=false
Sep 21 20:56:53.310 INF API: test started suite=0 test=108 name="interop/raw-below-basefee-stateDiff (erigon_development)"
Sep 21 20:56:53.311 INF API: test ended suite=0 test=108 pass=false
Sep 21 20:56:53.312 INF API: test started suite=0 test=109 name="interop/raw-below-basefee-trace (erigon_development)"
Sep 21 20:56:53.313 INF API: test ended suite=0 test=109 pass=false
Sep 21 20:56:53.313 INF API: test started suite=0 test=110 name="interop/raw-below-basefee-vmTrace (erigon_development)"
Sep 21 20:56:53.315 INF API: test ended suite=0 test=110 pass=false
Sep 21 20:56:53.316 INF API: test started suite=0 test=111 name="interop/raw-below-basefee (erigon_development)"
Sep 21 20:56:53.317 INF API: test ended suite=0 test=111 pass=false
Sep 21 20:56:53.318 INF API: test started suite=0 test=112 name="interop/raw-insufficient-funds-stateDiff (erigon_development)"
Sep 21 20:56:53.319 INF API: test ended suite=0 test=112 pass=false
Sep 21 20:56:53.320 INF API: test started suite=0 test=113 name="interop/raw-insufficient-funds-trace (erigon_development)"
Sep 21 20:56:53.321 INF API: test ended suite=0 test=113 pass=false
Sep 21 20:56:53.322 INF API: test started suite=0 test=114 name="interop/raw-insufficient-funds-vmTrace (erigon_development)"
Sep 21 20:56:53.324 INF API: test ended suite=0 test=114 pass=false
Sep 21 20:56:53.324 INF API: test started suite=0 test=115 name="interop/raw-insufficient-funds (erigon_development)"
Sep 21 20:56:53.326 INF API: test ended suite=0 test=115 pass=false
Sep 21 20:56:53.328 INF API: test started suite=0 test=116 name="interop/raw-low-gas-stateDiff (erigon_development)"
Sep 21 20:56:53.329 INF API: test ended suite=0 test=116 pass=false
Sep 21 20:56:53.330 INF API: test started suite=0 test=117 name="interop/raw-low-gas-trace (erigon_development)"
Sep 21 20:56:53.331 INF API: test ended suite=0 test=117 pass=false
Sep 21 20:56:53.331 INF API: test started suite=0 test=118 name="interop/raw-low-gas-vmTrace (erigon_development)"
Sep 21 20:56:53.333 INF API: test ended suite=0 test=118 pass=false
Sep 21 20:56:53.334 INF API: test started suite=0 test=119 name="interop/raw-low-gas (erigon_development)"
Sep 21 20:56:53.335 INF API: test ended suite=0 test=119 pass=false
Sep 21 20:56:53.336 INF API: test started suite=0 test=120 name="interop/raw-nonce-high-stateDiff (erigon_development)"
Sep 21 20:56:53.337 INF API: test ended suite=0 test=120 pass=false
Sep 21 20:56:53.338 INF API: test started suite=0 test=121 name="interop/raw-nonce-high-trace (erigon_development)"
Sep 21 20:56:53.339 INF API: test ended suite=0 test=121 pass=false
Sep 21 20:56:53.340 INF API: test started suite=0 test=122 name="interop/raw-nonce-high-vmTrace (erigon_development)"
Sep 21 20:56:53.341 INF API: test ended suite=0 test=122 pass=false
Sep 21 20:56:53.342 INF API: test started suite=0 test=123 name="interop/raw-nonce-high (erigon_development)"
Sep 21 20:56:53.343 INF API: test ended suite=0 test=123 pass=false
Sep 21 20:56:53.344 INF API: test started suite=0 test=124 name="interop/raw-valid-stateDiff (erigon_development)"
Sep 21 20:56:53.345 INF API: test ended suite=0 test=124 pass=false
Sep 21 20:56:53.346 INF API: test started suite=0 test=125 name="interop/raw-valid-trace (erigon_development)"
Sep 21 20:56:53.347 INF API: test ended suite=0 test=125 pass=false
Sep 21 20:56:53.348 INF API: test started suite=0 test=126 name="interop/raw-valid-vmTrace (erigon_development)"
Sep 21 20:56:53.349 INF API: test ended suite=0 test=126 pass=false
Sep 21 20:56:53.349 INF API: test started suite=0 test=127 name="interop/raw-valid (erigon_development)"
Sep 21 20:56:53.351 INF API: test ended suite=0 test=127 pass=false
Sep 21 20:56:53.351 INF API: test started suite=0 test=128 name="interop/raw-wrong-chain-stateDiff (erigon_development)"
Sep 21 20:56:53.353 INF API: test ended suite=0 test=128 pass=false
Sep 21 20:56:53.353 INF API: test started suite=0 test=129 name="interop/raw-wrong-chain-trace (erigon_development)"
Sep 21 20:56:53.355 INF API: test ended suite=0 test=129 pass=false
Sep 21 20:56:53.355 INF API: test started suite=0 test=130 name="interop/raw-wrong-chain-vmTrace (erigon_development)"
Sep 21 20:56:53.356 INF API: test ended suite=0 test=130 pass=false
Sep 21 20:56:53.357 INF API: test started suite=0 test=131 name="interop/raw-wrong-chain (erigon_development)"
Sep 21 20:56:53.358 INF API: test ended suite=0 test=131 pass=false
Sep 21 20:56:53.359 INF API: test started suite=0 test=132 name="interop/state-only-nonempty-output (erigon_development)"
Sep 21 20:56:53.360 INF API: test ended suite=0 test=132 pass=false
Sep 21 20:56:53.759 INF API: test ended suite=0 test=89 pass=true
Sep 21 20:56:53.761 INF API: test started suite=0 test=133 name="client launch (erigon_release)"
Sep 21 20:56:55.392 INF API: client erigon_release started suite=0 test=133 container=3ab6601e
Sep 21 20:56:55.412 INF API: test started suite=0 test=134 name="interop/_control/head (erigon_release)"
Sep 21 20:56:55.429 INF API: test ended suite=0 test=134 pass=false
Sep 21 20:56:55.432 INF API: test started suite=0 test=135 name="interop/_control/version (erigon_release)"
Sep 21 20:56:55.435 INF API: test ended suite=0 test=135 pass=false
Sep 21 20:56:55.437 INF API: test started suite=0 test=136 name="interop/auth-clear (erigon_release)"
Sep 21 20:56:55.441 INF API: test ended suite=0 test=136 pass=false
Sep 21 20:56:55.443 INF API: test started suite=0 test=137 name="interop/auth-set-revert (erigon_release)"
Sep 21 20:56:55.449 INF API: test ended suite=0 test=137 pass=false
Sep 21 20:56:55.452 INF API: test started suite=0 test=138 name="interop/call-gas7400 (erigon_release)"
Sep 21 20:56:55.472 INF API: test ended suite=0 test=138 pass=false
Sep 21 20:56:55.474 INF API: test started suite=0 test=139 name="interop/call-mcopy (erigon_release)"
Sep 21 20:56:55.481 INF API: test ended suite=0 test=139 pass=false
Sep 21 20:56:55.484 INF API: test started suite=0 test=140 name="interop/call-mixed-create (erigon_release)"
Sep 21 20:56:55.497 INF API: test ended suite=0 test=140 pass=false
Sep 21 20:56:55.499 INF API: test started suite=0 test=141 name="interop/call-return42 (erigon_release)"
Sep 21 20:56:55.503 INF API: test ended suite=0 test=141 pass=false
Sep 21 20:56:55.504 INF API: test started suite=0 test=142 name="interop/call-siblings-revert-ok (erigon_release)"
Sep 21 20:56:55.512 INF API: test ended suite=0 test=142 pass=false
Sep 21 20:56:55.515 INF API: test started suite=0 test=143 name="interop/constructor (erigon_release)"
Sep 21 20:56:55.519 INF API: test ended suite=0 test=143 pass=false
Sep 21 20:56:55.522 INF API: test started suite=0 test=144 name="interop/control-code-gas7400 (erigon_release)"
Sep 21 20:56:55.525 INF API: test ended suite=0 test=144 pass=false
Sep 21 20:56:55.527 INF API: test started suite=0 test=145 name="interop/control-code-siblings-revert-ok (erigon_release)"
Sep 21 20:56:55.530 INF API: test ended suite=0 test=145 pass=false
Sep 21 20:56:55.531 INF API: test started suite=0 test=146 name="interop/control-head (erigon_release)"
Sep 21 20:56:55.534 INF API: test ended suite=0 test=146 pass=false
Sep 21 20:56:55.536 INF API: test started suite=0 test=147 name="interop/control-height (erigon_release)"
Sep 21 20:56:55.538 INF API: test ended suite=0 test=147 pass=false
Sep 21 20:56:55.539 INF API: test started suite=0 test=148 name="interop/debug-gas7400-opcodes (erigon_release)"
Sep 21 20:56:55.542 INF API: test ended suite=0 test=148 pass=false
Sep 21 20:56:55.544 INF API: test started suite=0 test=149 name="interop/debug-mixed-create (erigon_release)"
Sep 21 20:56:55.547 INF API: test ended suite=0 test=149 pass=false
Sep 21 20:56:55.549 INF API: test started suite=0 test=150 name="interop/debug-siblings-revert-ok (erigon_release)"
Sep 21 20:56:55.552 INF API: test ended suite=0 test=150 pass=false
Sep 21 20:56:55.553 INF API: test started suite=0 test=151 name="interop/many-storage-write-revert-read (erigon_release)"
Sep 21 20:56:55.557 INF API: test ended suite=0 test=151 pass=false
Sep 21 20:56:55.559 INF API: test started suite=0 test=152 name="interop/raw-below-basefee-stateDiff (erigon_release)"
Sep 21 20:56:55.563 INF API: test ended suite=0 test=152 pass=false
Sep 21 20:56:55.564 INF API: test started suite=0 test=153 name="interop/raw-below-basefee-trace (erigon_release)"
Sep 21 20:56:55.567 INF API: test ended suite=0 test=153 pass=false
Sep 21 20:56:55.568 INF API: test started suite=0 test=154 name="interop/raw-below-basefee-vmTrace (erigon_release)"
Sep 21 20:56:55.571 INF API: test ended suite=0 test=154 pass=false
Sep 21 20:56:55.572 INF API: test started suite=0 test=155 name="interop/raw-below-basefee (erigon_release)"
Sep 21 20:56:55.575 INF API: test ended suite=0 test=155 pass=false
Sep 21 20:56:55.576 INF API: test started suite=0 test=156 name="interop/raw-insufficient-funds-stateDiff (erigon_release)"
Sep 21 20:56:55.579 INF API: test ended suite=0 test=156 pass=false
Sep 21 20:56:55.581 INF API: test started suite=0 test=157 name="interop/raw-insufficient-funds-trace (erigon_release)"
Sep 21 20:56:55.584 INF API: test ended suite=0 test=157 pass=false
Sep 21 20:56:55.585 INF API: test started suite=0 test=158 name="interop/raw-insufficient-funds-vmTrace (erigon_release)"
Sep 21 20:56:55.588 INF API: test ended suite=0 test=158 pass=false
Sep 21 20:56:55.589 INF API: test started suite=0 test=159 name="interop/raw-insufficient-funds (erigon_release)"
Sep 21 20:56:55.594 INF API: test ended suite=0 test=159 pass=false
Sep 21 20:56:55.597 INF API: test started suite=0 test=160 name="interop/raw-low-gas-stateDiff (erigon_release)"
Sep 21 20:56:55.601 INF API: test ended suite=0 test=160 pass=false
Sep 21 20:56:55.604 INF API: test started suite=0 test=161 name="interop/raw-low-gas-trace (erigon_release)"
Sep 21 20:56:55.610 INF API: test ended suite=0 test=161 pass=false
Sep 21 20:56:55.612 INF API: test started suite=0 test=162 name="interop/raw-low-gas-vmTrace (erigon_release)"
Sep 21 20:56:55.616 INF API: test ended suite=0 test=162 pass=false
Sep 21 20:56:55.622 INF API: test started suite=0 test=163 name="interop/raw-low-gas (erigon_release)"
Sep 21 20:56:55.626 INF API: test ended suite=0 test=163 pass=false
Sep 21 20:56:55.629 INF API: test started suite=0 test=164 name="interop/raw-nonce-high-stateDiff (erigon_release)"
Sep 21 20:56:55.633 INF API: test ended suite=0 test=164 pass=false
Sep 21 20:56:55.636 INF API: test started suite=0 test=165 name="interop/raw-nonce-high-trace (erigon_release)"
Sep 21 20:56:55.640 INF API: test ended suite=0 test=165 pass=false
Sep 21 20:56:55.642 INF API: test started suite=0 test=166 name="interop/raw-nonce-high-vmTrace (erigon_release)"
Sep 21 20:56:55.646 INF API: test ended suite=0 test=166 pass=false
Sep 21 20:56:55.648 INF API: test started suite=0 test=167 name="interop/raw-nonce-high (erigon_release)"
Sep 21 20:56:55.652 INF API: test ended suite=0 test=167 pass=false
Sep 21 20:56:55.655 INF API: test started suite=0 test=168 name="interop/raw-valid-stateDiff (erigon_release)"
Sep 21 20:56:55.661 INF API: test ended suite=0 test=168 pass=false
Sep 21 20:56:55.663 INF API: test started suite=0 test=169 name="interop/raw-valid-trace (erigon_release)"
Sep 21 20:56:55.668 INF API: test ended suite=0 test=169 pass=false
Sep 21 20:56:55.670 INF API: test started suite=0 test=170 name="interop/raw-valid-vmTrace (erigon_release)"
Sep 21 20:56:55.674 INF API: test ended suite=0 test=170 pass=false
Sep 21 20:56:55.677 INF API: test started suite=0 test=171 name="interop/raw-valid (erigon_release)"
Sep 21 20:56:55.681 INF API: test ended suite=0 test=171 pass=false
Sep 21 20:56:55.684 INF API: test started suite=0 test=172 name="interop/raw-wrong-chain-stateDiff (erigon_release)"
Sep 21 20:56:55.695 INF API: test ended suite=0 test=172 pass=false
Sep 21 20:56:55.698 INF API: test started suite=0 test=173 name="interop/raw-wrong-chain-trace (erigon_release)"
Sep 21 20:56:55.701 INF API: test ended suite=0 test=173 pass=false
Sep 21 20:56:55.704 INF API: test started suite=0 test=174 name="interop/raw-wrong-chain-vmTrace (erigon_release)"
Sep 21 20:56:55.707 INF API: test ended suite=0 test=174 pass=false
Sep 21 20:56:55.709 INF API: test started suite=0 test=175 name="interop/raw-wrong-chain (erigon_release)"
Sep 21 20:56:55.712 INF API: test ended suite=0 test=175 pass=false
Sep 21 20:56:55.715 INF API: test started suite=0 test=176 name="interop/state-only-nonempty-output (erigon_release)"
Sep 21 20:56:55.719 INF API: test ended suite=0 test=176 pass=false
Sep 21 20:56:56.028 INF API: test ended suite=0 test=133 pass=true
Sep 21 20:56:56.030 INF API: test started suite=0 test=177 name="client launch (nethermind_development)"
Sep 21 20:57:03.941 INF API: client nethermind_development started suite=0 test=177 container=57b7af9e
Sep 21 20:57:04.042 INF API: test started suite=0 test=178 name="interop/_control/head (nethermind_development)"
Sep 21 20:57:04.125 INF API: test ended suite=0 test=178 pass=false
Sep 21 20:57:04.126 INF API: test started suite=0 test=179 name="interop/_control/version (nethermind_development)"
Sep 21 20:57:04.131 INF API: test ended suite=0 test=179 pass=false
Sep 21 20:57:04.132 INF API: test started suite=0 test=180 name="interop/auth-clear (nethermind_development)"
Sep 21 20:57:04.285 INF API: test ended suite=0 test=180 pass=false
Sep 21 20:57:04.286 INF API: test started suite=0 test=181 name="interop/auth-set-revert (nethermind_development)"
Sep 21 20:57:04.313 INF API: test ended suite=0 test=181 pass=false
Sep 21 20:57:04.314 INF API: test started suite=0 test=182 name="interop/call-gas7400 (nethermind_development)"
Sep 21 20:57:04.369 INF API: test ended suite=0 test=182 pass=false
Sep 21 20:57:04.370 INF API: test started suite=0 test=183 name="interop/call-mcopy (nethermind_development)"
Sep 21 20:57:04.396 INF API: test ended suite=0 test=183 pass=false
Sep 21 20:57:04.398 INF API: test started suite=0 test=184 name="interop/call-mixed-create (nethermind_development)"
Sep 21 20:57:04.429 INF API: test ended suite=0 test=184 pass=false
Sep 21 20:57:04.430 INF API: test started suite=0 test=185 name="interop/call-return42 (nethermind_development)"
Sep 21 20:57:04.442 INF API: test ended suite=0 test=185 pass=false
Sep 21 20:57:04.443 INF API: test started suite=0 test=186 name="interop/call-siblings-revert-ok (nethermind_development)"
Sep 21 20:57:04.471 INF API: test ended suite=0 test=186 pass=false
Sep 21 20:57:04.472 INF API: test started suite=0 test=187 name="interop/constructor (nethermind_development)"
Sep 21 20:57:04.484 INF API: test ended suite=0 test=187 pass=false
Sep 21 20:57:04.485 INF API: test started suite=0 test=188 name="interop/control-code-gas7400 (nethermind_development)"
Sep 21 20:57:04.488 INF API: test ended suite=0 test=188 pass=false
Sep 21 20:57:04.489 INF API: test started suite=0 test=189 name="interop/control-code-siblings-revert-ok (nethermind_development)"
Sep 21 20:57:04.490 INF API: test ended suite=0 test=189 pass=false
Sep 21 20:57:04.491 INF API: test started suite=0 test=190 name="interop/control-head (nethermind_development)"
Sep 21 20:57:04.493 INF API: test ended suite=0 test=190 pass=false
Sep 21 20:57:04.494 INF API: test started suite=0 test=191 name="interop/control-height (nethermind_development)"
Sep 21 20:57:04.498 INF API: test ended suite=0 test=191 pass=false
Sep 21 20:57:04.499 INF API: test started suite=0 test=192 name="interop/debug-gas7400-opcodes (nethermind_development)"
Sep 21 20:57:04.634 INF API: test ended suite=0 test=192 pass=false
Sep 21 20:57:04.635 INF API: test started suite=0 test=193 name="interop/debug-mixed-create (nethermind_development)"
Sep 21 20:57:04.663 INF API: test ended suite=0 test=193 pass=false
Sep 21 20:57:04.664 INF API: test started suite=0 test=194 name="interop/debug-siblings-revert-ok (nethermind_development)"
Sep 21 20:57:04.677 INF API: test ended suite=0 test=194 pass=false
Sep 21 20:57:04.678 INF API: test started suite=0 test=195 name="interop/many-storage-write-revert-read (nethermind_development)"
Sep 21 20:57:04.715 INF API: test ended suite=0 test=195 pass=false
Sep 21 20:57:04.716 INF API: test started suite=0 test=196 name="interop/raw-below-basefee-stateDiff (nethermind_development)"
Sep 21 20:57:04.728 INF API: test ended suite=0 test=196 pass=false
Sep 21 20:57:04.729 INF API: test started suite=0 test=197 name="interop/raw-below-basefee-trace (nethermind_development)"
Sep 21 20:57:04.741 INF API: test ended suite=0 test=197 pass=false
Sep 21 20:57:04.742 INF API: test started suite=0 test=198 name="interop/raw-below-basefee-vmTrace (nethermind_development)"
Sep 21 20:57:04.755 INF API: test ended suite=0 test=198 pass=false
Sep 21 20:57:04.756 INF API: test started suite=0 test=199 name="interop/raw-below-basefee (nethermind_development)"
Sep 21 20:57:04.758 INF API: test ended suite=0 test=199 pass=false
Sep 21 20:57:04.758 INF API: test started suite=0 test=200 name="interop/raw-insufficient-funds-stateDiff (nethermind_development)"
Sep 21 20:57:04.761 INF API: test ended suite=0 test=200 pass=false
Sep 21 20:57:04.761 INF API: test started suite=0 test=201 name="interop/raw-insufficient-funds-trace (nethermind_development)"
Sep 21 20:57:04.764 INF API: test ended suite=0 test=201 pass=false
Sep 21 20:57:04.764 INF API: test started suite=0 test=202 name="interop/raw-insufficient-funds-vmTrace (nethermind_development)"
Sep 21 20:57:04.766 INF API: test ended suite=0 test=202 pass=false
Sep 21 20:57:04.767 INF API: test started suite=0 test=203 name="interop/raw-insufficient-funds (nethermind_development)"
Sep 21 20:57:04.769 INF API: test ended suite=0 test=203 pass=false
Sep 21 20:57:04.770 INF API: test started suite=0 test=204 name="interop/raw-low-gas-stateDiff (nethermind_development)"
Sep 21 20:57:04.771 INF API: test ended suite=0 test=204 pass=false
Sep 21 20:57:04.772 INF API: test started suite=0 test=205 name="interop/raw-low-gas-trace (nethermind_development)"
Sep 21 20:57:04.774 INF API: test ended suite=0 test=205 pass=false
Sep 21 20:57:04.774 INF API: test started suite=0 test=206 name="interop/raw-low-gas-vmTrace (nethermind_development)"
Sep 21 20:57:04.776 INF API: test ended suite=0 test=206 pass=false
Sep 21 20:57:04.776 INF API: test started suite=0 test=207 name="interop/raw-low-gas (nethermind_development)"
Sep 21 20:57:04.778 INF API: test ended suite=0 test=207 pass=false
Sep 21 20:57:04.779 INF API: test started suite=0 test=208 name="interop/raw-nonce-high-stateDiff (nethermind_development)"
Sep 21 20:57:04.781 INF API: test ended suite=0 test=208 pass=false
Sep 21 20:57:04.782 INF API: test started suite=0 test=209 name="interop/raw-nonce-high-trace (nethermind_development)"
Sep 21 20:57:04.784 INF API: test ended suite=0 test=209 pass=false
Sep 21 20:57:04.785 INF API: test started suite=0 test=210 name="interop/raw-nonce-high-vmTrace (nethermind_development)"
Sep 21 20:57:04.787 INF API: test ended suite=0 test=210 pass=false
Sep 21 20:57:04.788 INF API: test started suite=0 test=211 name="interop/raw-nonce-high (nethermind_development)"
Sep 21 20:57:04.790 INF API: test ended suite=0 test=211 pass=false
Sep 21 20:57:04.791 INF API: test started suite=0 test=212 name="interop/raw-valid-stateDiff (nethermind_development)"
Sep 21 20:57:04.793 INF API: test ended suite=0 test=212 pass=false
Sep 21 20:57:04.793 INF API: test started suite=0 test=213 name="interop/raw-valid-trace (nethermind_development)"
Sep 21 20:57:04.795 INF API: test ended suite=0 test=213 pass=false
Sep 21 20:57:04.796 INF API: test started suite=0 test=214 name="interop/raw-valid-vmTrace (nethermind_development)"
Sep 21 20:57:04.798 INF API: test ended suite=0 test=214 pass=false
Sep 21 20:57:04.798 INF API: test started suite=0 test=215 name="interop/raw-valid (nethermind_development)"
Sep 21 20:57:04.800 INF API: test ended suite=0 test=215 pass=false
Sep 21 20:57:04.801 INF API: test started suite=0 test=216 name="interop/raw-wrong-chain-stateDiff (nethermind_development)"
Sep 21 20:57:04.803 INF API: test ended suite=0 test=216 pass=false
Sep 21 20:57:04.804 INF API: test started suite=0 test=217 name="interop/raw-wrong-chain-trace (nethermind_development)"
Sep 21 20:57:04.806 INF API: test ended suite=0 test=217 pass=false
Sep 21 20:57:04.807 INF API: test started suite=0 test=218 name="interop/raw-wrong-chain-vmTrace (nethermind_development)"
Sep 21 20:57:04.809 INF API: test ended suite=0 test=218 pass=false
Sep 21 20:57:04.810 INF API: test started suite=0 test=219 name="interop/raw-wrong-chain (nethermind_development)"
Sep 21 20:57:04.811 INF API: test ended suite=0 test=219 pass=false
Sep 21 20:57:04.812 INF API: test started suite=0 test=220 name="interop/state-only-nonempty-output (nethermind_development)"
Sep 21 20:57:04.814 INF API: test ended suite=0 test=220 pass=false
Sep 21 20:57:05.178 INF API: test ended suite=0 test=177 pass=true
Sep 21 20:57:05.179 INF API: test started suite=0 test=221 name="client launch (nethermind_release)"
Sep 21 20:57:12.667 INF API: client nethermind_release started suite=0 test=221 container=ca7d5a4c
Sep 21 20:57:12.752 INF API: test started suite=0 test=222 name="interop/_control/head (nethermind_release)"
Sep 21 20:57:12.846 INF API: test ended suite=0 test=222 pass=false
Sep 21 20:57:12.847 INF API: test started suite=0 test=223 name="interop/_control/version (nethermind_release)"
Sep 21 20:57:12.851 INF API: test ended suite=0 test=223 pass=false
Sep 21 20:57:12.852 INF API: test started suite=0 test=224 name="interop/auth-clear (nethermind_release)"
Sep 21 20:57:12.945 INF API: test ended suite=0 test=224 pass=false
Sep 21 20:57:12.946 INF API: test started suite=0 test=225 name="interop/auth-set-revert (nethermind_release)"
Sep 21 20:57:12.956 INF API: test ended suite=0 test=225 pass=false
Sep 21 20:57:12.957 INF API: test started suite=0 test=226 name="interop/call-gas7400 (nethermind_release)"
Sep 21 20:57:12.982 INF API: test ended suite=0 test=226 pass=false
Sep 21 20:57:12.983 INF API: test started suite=0 test=227 name="interop/call-mcopy (nethermind_release)"
Sep 21 20:57:12.986 INF API: test ended suite=0 test=227 pass=false
Sep 21 20:57:12.987 INF API: test started suite=0 test=228 name="interop/call-mixed-create (nethermind_release)"
Sep 21 20:57:12.994 INF API: test ended suite=0 test=228 pass=false
Sep 21 20:57:12.994 INF API: test started suite=0 test=229 name="interop/call-return42 (nethermind_release)"
Sep 21 20:57:12.997 INF API: test ended suite=0 test=229 pass=false
Sep 21 20:57:12.998 INF API: test started suite=0 test=230 name="interop/call-siblings-revert-ok (nethermind_release)"
Sep 21 20:57:13.002 INF API: test ended suite=0 test=230 pass=false
Sep 21 20:57:13.003 INF API: test started suite=0 test=231 name="interop/constructor (nethermind_release)"
Sep 21 20:57:13.006 INF API: test ended suite=0 test=231 pass=false
Sep 21 20:57:13.007 INF API: test started suite=0 test=232 name="interop/control-code-gas7400 (nethermind_release)"
Sep 21 20:57:13.009 INF API: test ended suite=0 test=232 pass=false
Sep 21 20:57:13.010 INF API: test started suite=0 test=233 name="interop/control-code-siblings-revert-ok (nethermind_release)"
Sep 21 20:57:13.011 INF API: test ended suite=0 test=233 pass=false
Sep 21 20:57:13.012 INF API: test started suite=0 test=234 name="interop/control-head (nethermind_release)"
Sep 21 20:57:13.014 INF API: test ended suite=0 test=234 pass=false
Sep 21 20:57:13.014 INF API: test started suite=0 test=235 name="interop/control-height (nethermind_release)"
Sep 21 20:57:13.018 INF API: test ended suite=0 test=235 pass=false
Sep 21 20:57:13.019 INF API: test started suite=0 test=236 name="interop/debug-gas7400-opcodes (nethermind_release)"
Sep 21 20:57:13.102 INF API: test ended suite=0 test=236 pass=false
Sep 21 20:57:13.103 INF API: test started suite=0 test=237 name="interop/debug-mixed-create (nethermind_release)"
Sep 21 20:57:13.119 INF API: test ended suite=0 test=237 pass=false
Sep 21 20:57:13.120 INF API: test started suite=0 test=238 name="interop/debug-siblings-revert-ok (nethermind_release)"
Sep 21 20:57:13.124 INF API: test ended suite=0 test=238 pass=false
Sep 21 20:57:13.125 INF API: test started suite=0 test=239 name="interop/many-storage-write-revert-read (nethermind_release)"
Sep 21 20:57:13.147 INF API: test ended suite=0 test=239 pass=false
Sep 21 20:57:13.148 INF API: test started suite=0 test=240 name="interop/raw-below-basefee-stateDiff (nethermind_release)"
Sep 21 20:57:13.153 INF API: test ended suite=0 test=240 pass=false
Sep 21 20:57:13.154 INF API: test started suite=0 test=241 name="interop/raw-below-basefee-trace (nethermind_release)"
Sep 21 20:57:13.185 INF API: test ended suite=0 test=241 pass=false
Sep 21 20:57:13.200 INF API: test started suite=0 test=242 name="interop/raw-below-basefee-vmTrace (nethermind_release)"
Sep 21 20:57:13.203 INF API: test ended suite=0 test=242 pass=false
Sep 21 20:57:13.203 INF API: test started suite=0 test=243 name="interop/raw-below-basefee (nethermind_release)"
Sep 21 20:57:13.215 INF API: test ended suite=0 test=243 pass=false
Sep 21 20:57:13.216 INF API: test started suite=0 test=244 name="interop/raw-insufficient-funds-stateDiff (nethermind_release)"
Sep 21 20:57:13.219 INF API: test ended suite=0 test=244 pass=false
Sep 21 20:57:13.219 INF API: test started suite=0 test=245 name="interop/raw-insufficient-funds-trace (nethermind_release)"
Sep 21 20:57:13.221 INF API: test ended suite=0 test=245 pass=false
Sep 21 20:57:13.222 INF API: test started suite=0 test=246 name="interop/raw-insufficient-funds-vmTrace (nethermind_release)"
Sep 21 20:57:13.224 INF API: test ended suite=0 test=246 pass=false
Sep 21 20:57:13.225 INF API: test started suite=0 test=247 name="interop/raw-insufficient-funds (nethermind_release)"
Sep 21 20:57:13.226 INF API: test ended suite=0 test=247 pass=false
Sep 21 20:57:13.227 INF API: test started suite=0 test=248 name="interop/raw-low-gas-stateDiff (nethermind_release)"
Sep 21 20:57:13.228 INF API: test ended suite=0 test=248 pass=false
Sep 21 20:57:13.229 INF API: test started suite=0 test=249 name="interop/raw-low-gas-trace (nethermind_release)"
Sep 21 20:57:13.231 INF API: test ended suite=0 test=249 pass=false
Sep 21 20:57:13.232 INF API: test started suite=0 test=250 name="interop/raw-low-gas-vmTrace (nethermind_release)"
Sep 21 20:57:13.235 INF API: test ended suite=0 test=250 pass=false
Sep 21 20:57:13.236 INF API: test started suite=0 test=251 name="interop/raw-low-gas (nethermind_release)"
Sep 21 20:57:13.237 INF API: test ended suite=0 test=251 pass=false
Sep 21 20:57:13.238 INF API: test started suite=0 test=252 name="interop/raw-nonce-high-stateDiff (nethermind_release)"
Sep 21 20:57:13.241 INF API: test ended suite=0 test=252 pass=false
Sep 21 20:57:13.242 INF API: test started suite=0 test=253 name="interop/raw-nonce-high-trace (nethermind_release)"
Sep 21 20:57:13.244 INF API: test ended suite=0 test=253 pass=false
Sep 21 20:57:13.245 INF API: test started suite=0 test=254 name="interop/raw-nonce-high-vmTrace (nethermind_release)"
Sep 21 20:57:13.246 INF API: test ended suite=0 test=254 pass=false
Sep 21 20:57:13.247 INF API: test started suite=0 test=255 name="interop/raw-nonce-high (nethermind_release)"
Sep 21 20:57:13.249 INF API: test ended suite=0 test=255 pass=false
Sep 21 20:57:13.250 INF API: test started suite=0 test=256 name="interop/raw-valid-stateDiff (nethermind_release)"
Sep 21 20:57:13.252 INF API: test ended suite=0 test=256 pass=false
Sep 21 20:57:13.252 INF API: test started suite=0 test=257 name="interop/raw-valid-trace (nethermind_release)"
Sep 21 20:57:13.254 INF API: test ended suite=0 test=257 pass=false
Sep 21 20:57:13.255 INF API: test started suite=0 test=258 name="interop/raw-valid-vmTrace (nethermind_release)"
Sep 21 20:57:13.257 INF API: test ended suite=0 test=258 pass=false
Sep 21 20:57:13.258 INF API: test started suite=0 test=259 name="interop/raw-valid (nethermind_release)"
Sep 21 20:57:13.260 INF API: test ended suite=0 test=259 pass=false
Sep 21 20:57:13.260 INF API: test started suite=0 test=260 name="interop/raw-wrong-chain-stateDiff (nethermind_release)"
Sep 21 20:57:13.262 INF API: test ended suite=0 test=260 pass=false
Sep 21 20:57:13.264 INF API: test started suite=0 test=261 name="interop/raw-wrong-chain-trace (nethermind_release)"
Sep 21 20:57:13.265 INF API: test ended suite=0 test=261 pass=false
Sep 21 20:57:13.266 INF API: test started suite=0 test=262 name="interop/raw-wrong-chain-vmTrace (nethermind_release)"
Sep 21 20:57:13.268 INF API: test ended suite=0 test=262 pass=false
Sep 21 20:57:13.269 INF API: test started suite=0 test=263 name="interop/raw-wrong-chain (nethermind_release)"
Sep 21 20:57:13.270 INF API: test ended suite=0 test=263 pass=false
Sep 21 20:57:13.271 INF API: test started suite=0 test=264 name="interop/state-only-nonempty-output (nethermind_release)"
Sep 21 20:57:13.273 INF API: test ended suite=0 test=264 pass=false
Sep 21 20:57:13.639 INF API: test ended suite=0 test=221 pass=true
Sep 21 20:57:13.640 INF API: test started suite=0 test=265 name="client launch (reth_development)"
Sep 21 20:57:15.727 INF API: client reth_development started suite=0 test=265 container=af75737f
Sep 21 20:57:15.742 INF API: test started suite=0 test=266 name="interop/_control/head (reth_development)"
Sep 21 20:57:15.744 INF API: test ended suite=0 test=266 pass=false
Sep 21 20:57:15.745 INF API: test started suite=0 test=267 name="interop/_control/version (reth_development)"
Sep 21 20:57:15.746 INF API: test ended suite=0 test=267 pass=false
Sep 21 20:57:15.747 INF API: test started suite=0 test=268 name="interop/auth-clear (reth_development)"
Sep 21 20:57:15.749 INF API: test ended suite=0 test=268 pass=false
Sep 21 20:57:15.749 INF API: test started suite=0 test=269 name="interop/auth-set-revert (reth_development)"
Sep 21 20:57:15.751 INF API: test ended suite=0 test=269 pass=false
Sep 21 20:57:15.752 INF API: test started suite=0 test=270 name="interop/call-gas7400 (reth_development)"
Sep 21 20:57:15.758 INF API: test ended suite=0 test=270 pass=false
Sep 21 20:57:15.759 INF API: test started suite=0 test=271 name="interop/call-mcopy (reth_development)"
Sep 21 20:57:15.761 INF API: test ended suite=0 test=271 pass=false
Sep 21 20:57:15.762 INF API: test started suite=0 test=272 name="interop/call-mixed-create (reth_development)"
Sep 21 20:57:15.765 INF API: test ended suite=0 test=272 pass=false
Sep 21 20:57:15.765 INF API: test started suite=0 test=273 name="interop/call-return42 (reth_development)"
Sep 21 20:57:15.767 INF API: test ended suite=0 test=273 pass=false
Sep 21 20:57:15.768 INF API: test started suite=0 test=274 name="interop/call-siblings-revert-ok (reth_development)"
Sep 21 20:57:15.770 INF API: test ended suite=0 test=274 pass=false
Sep 21 20:57:15.771 INF API: test started suite=0 test=275 name="interop/constructor (reth_development)"
Sep 21 20:57:15.773 INF API: test ended suite=0 test=275 pass=false
Sep 21 20:57:15.773 INF API: test started suite=0 test=276 name="interop/control-code-gas7400 (reth_development)"
Sep 21 20:57:15.775 INF API: test ended suite=0 test=276 pass=false
Sep 21 20:57:15.775 INF API: test started suite=0 test=277 name="interop/control-code-siblings-revert-ok (reth_development)"
Sep 21 20:57:15.777 INF API: test ended suite=0 test=277 pass=false
Sep 21 20:57:15.778 INF API: test started suite=0 test=278 name="interop/control-head (reth_development)"
Sep 21 20:57:15.779 INF API: test ended suite=0 test=278 pass=false
Sep 21 20:57:15.780 INF API: test started suite=0 test=279 name="interop/control-height (reth_development)"
Sep 21 20:57:15.781 INF API: test ended suite=0 test=279 pass=false
Sep 21 20:57:15.782 INF API: test started suite=0 test=280 name="interop/debug-gas7400-opcodes (reth_development)"
Sep 21 20:57:15.784 INF API: test ended suite=0 test=280 pass=false
Sep 21 20:57:15.784 INF API: test started suite=0 test=281 name="interop/debug-mixed-create (reth_development)"
Sep 21 20:57:15.786 INF API: test ended suite=0 test=281 pass=false
Sep 21 20:57:15.787 INF API: test started suite=0 test=282 name="interop/debug-siblings-revert-ok (reth_development)"
Sep 21 20:57:15.788 INF API: test ended suite=0 test=282 pass=false
Sep 21 20:57:15.789 INF API: test started suite=0 test=283 name="interop/many-storage-write-revert-read (reth_development)"
Sep 21 20:57:15.791 INF API: test ended suite=0 test=283 pass=false
Sep 21 20:57:15.792 INF API: test started suite=0 test=284 name="interop/raw-below-basefee-stateDiff (reth_development)"
Sep 21 20:57:15.793 INF API: test ended suite=0 test=284 pass=false
Sep 21 20:57:15.794 INF API: test started suite=0 test=285 name="interop/raw-below-basefee-trace (reth_development)"
Sep 21 20:57:15.795 INF API: test ended suite=0 test=285 pass=false
Sep 21 20:57:15.796 INF API: test started suite=0 test=286 name="interop/raw-below-basefee-vmTrace (reth_development)"
Sep 21 20:57:15.798 INF API: test ended suite=0 test=286 pass=false
Sep 21 20:57:15.798 INF API: test started suite=0 test=287 name="interop/raw-below-basefee (reth_development)"
Sep 21 20:57:15.800 INF API: test ended suite=0 test=287 pass=false
Sep 21 20:57:15.801 INF API: test started suite=0 test=288 name="interop/raw-insufficient-funds-stateDiff (reth_development)"
Sep 21 20:57:15.802 INF API: test ended suite=0 test=288 pass=false
Sep 21 20:57:15.803 INF API: test started suite=0 test=289 name="interop/raw-insufficient-funds-trace (reth_development)"
Sep 21 20:57:15.805 INF API: test ended suite=0 test=289 pass=false
Sep 21 20:57:15.805 INF API: test started suite=0 test=290 name="interop/raw-insufficient-funds-vmTrace (reth_development)"
Sep 21 20:57:15.807 INF API: test ended suite=0 test=290 pass=false
Sep 21 20:57:15.807 INF API: test started suite=0 test=291 name="interop/raw-insufficient-funds (reth_development)"
Sep 21 20:57:15.809 INF API: test ended suite=0 test=291 pass=false
Sep 21 20:57:15.810 INF API: test started suite=0 test=292 name="interop/raw-low-gas-stateDiff (reth_development)"
Sep 21 20:57:15.811 INF API: test ended suite=0 test=292 pass=false
Sep 21 20:57:15.812 INF API: test started suite=0 test=293 name="interop/raw-low-gas-trace (reth_development)"
Sep 21 20:57:15.814 INF API: test ended suite=0 test=293 pass=false
Sep 21 20:57:15.815 INF API: test started suite=0 test=294 name="interop/raw-low-gas-vmTrace (reth_development)"
Sep 21 20:57:15.816 INF API: test ended suite=0 test=294 pass=false
Sep 21 20:57:15.817 INF API: test started suite=0 test=295 name="interop/raw-low-gas (reth_development)"
Sep 21 20:57:15.818 INF API: test ended suite=0 test=295 pass=false
Sep 21 20:57:15.819 INF API: test started suite=0 test=296 name="interop/raw-nonce-high-stateDiff (reth_development)"
Sep 21 20:57:15.821 INF API: test ended suite=0 test=296 pass=false
Sep 21 20:57:15.821 INF API: test started suite=0 test=297 name="interop/raw-nonce-high-trace (reth_development)"
Sep 21 20:57:15.822 INF API: test ended suite=0 test=297 pass=false
Sep 21 20:57:15.823 INF API: test started suite=0 test=298 name="interop/raw-nonce-high-vmTrace (reth_development)"
Sep 21 20:57:15.825 INF API: test ended suite=0 test=298 pass=false
Sep 21 20:57:15.825 INF API: test started suite=0 test=299 name="interop/raw-nonce-high (reth_development)"
Sep 21 20:57:15.827 INF API: test ended suite=0 test=299 pass=false
Sep 21 20:57:15.828 INF API: test started suite=0 test=300 name="interop/raw-valid-stateDiff (reth_development)"
Sep 21 20:57:15.829 INF API: test ended suite=0 test=300 pass=false
Sep 21 20:57:15.831 INF API: test started suite=0 test=301 name="interop/raw-valid-trace (reth_development)"
Sep 21 20:57:15.832 INF API: test ended suite=0 test=301 pass=false
Sep 21 20:57:15.833 INF API: test started suite=0 test=302 name="interop/raw-valid-vmTrace (reth_development)"
Sep 21 20:57:15.834 INF API: test ended suite=0 test=302 pass=false
Sep 21 20:57:15.835 INF API: test started suite=0 test=303 name="interop/raw-valid (reth_development)"
Sep 21 20:57:15.836 INF API: test ended suite=0 test=303 pass=false
Sep 21 20:57:15.837 INF API: test started suite=0 test=304 name="interop/raw-wrong-chain-stateDiff (reth_development)"
Sep 21 20:57:15.839 INF API: test ended suite=0 test=304 pass=false
Sep 21 20:57:15.840 INF API: test started suite=0 test=305 name="interop/raw-wrong-chain-trace (reth_development)"
Sep 21 20:57:15.841 INF API: test ended suite=0 test=305 pass=false
Sep 21 20:57:15.842 INF API: test started suite=0 test=306 name="interop/raw-wrong-chain-vmTrace (reth_development)"
Sep 21 20:57:15.844 INF API: test ended suite=0 test=306 pass=false
Sep 21 20:57:15.845 INF API: test started suite=0 test=307 name="interop/raw-wrong-chain (reth_development)"
Sep 21 20:57:15.846 INF API: test ended suite=0 test=307 pass=false
Sep 21 20:57:15.847 INF API: test started suite=0 test=308 name="interop/state-only-nonempty-output (reth_development)"
Sep 21 20:57:15.848 INF API: test ended suite=0 test=308 pass=false
Sep 21 20:57:16.111 INF API: test ended suite=0 test=265 pass=true
Sep 21 20:57:16.113 INF API: test started suite=0 test=309 name="client launch (reth_release)"
Sep 21 20:57:18.243 INF API: client reth_release started suite=0 test=309 container=ad033c4e
Sep 21 20:57:18.258 INF API: test started suite=0 test=310 name="interop/_control/head (reth_release)"
Sep 21 20:57:18.261 INF API: test ended suite=0 test=310 pass=false
Sep 21 20:57:18.262 INF API: test started suite=0 test=311 name="interop/_control/version (reth_release)"
Sep 21 20:57:18.264 INF API: test ended suite=0 test=311 pass=false
Sep 21 20:57:18.264 INF API: test started suite=0 test=312 name="interop/auth-clear (reth_release)"
Sep 21 20:57:18.267 INF API: test ended suite=0 test=312 pass=false
Sep 21 20:57:18.268 INF API: test started suite=0 test=313 name="interop/auth-set-revert (reth_release)"
Sep 21 20:57:18.270 INF API: test ended suite=0 test=313 pass=false
Sep 21 20:57:18.271 INF API: test started suite=0 test=314 name="interop/call-gas7400 (reth_release)"
Sep 21 20:57:18.277 INF API: test ended suite=0 test=314 pass=false
Sep 21 20:57:18.279 INF API: test started suite=0 test=315 name="interop/call-mcopy (reth_release)"
Sep 21 20:57:18.281 INF API: test ended suite=0 test=315 pass=false
Sep 21 20:57:18.281 INF API: test started suite=0 test=316 name="interop/call-mixed-create (reth_release)"
Sep 21 20:57:18.284 INF API: test ended suite=0 test=316 pass=false
Sep 21 20:57:18.285 INF API: test started suite=0 test=317 name="interop/call-return42 (reth_release)"
Sep 21 20:57:18.288 INF API: test ended suite=0 test=317 pass=false
Sep 21 20:57:18.288 INF API: test started suite=0 test=318 name="interop/call-siblings-revert-ok (reth_release)"
Sep 21 20:57:18.291 INF API: test ended suite=0 test=318 pass=false
Sep 21 20:57:18.292 INF API: test started suite=0 test=319 name="interop/constructor (reth_release)"
Sep 21 20:57:18.294 INF API: test ended suite=0 test=319 pass=false
Sep 21 20:57:18.295 INF API: test started suite=0 test=320 name="interop/control-code-gas7400 (reth_release)"
Sep 21 20:57:18.296 INF API: test ended suite=0 test=320 pass=false
Sep 21 20:57:18.297 INF API: test started suite=0 test=321 name="interop/control-code-siblings-revert-ok (reth_release)"
Sep 21 20:57:18.298 INF API: test ended suite=0 test=321 pass=false
Sep 21 20:57:18.299 INF API: test started suite=0 test=322 name="interop/control-head (reth_release)"
Sep 21 20:57:18.301 INF API: test ended suite=0 test=322 pass=false
Sep 21 20:57:18.302 INF API: test started suite=0 test=323 name="interop/control-height (reth_release)"
Sep 21 20:57:18.303 INF API: test ended suite=0 test=323 pass=false
Sep 21 20:57:18.303 INF API: test started suite=0 test=324 name="interop/debug-gas7400-opcodes (reth_release)"
Sep 21 20:57:18.305 INF API: test ended suite=0 test=324 pass=false
Sep 21 20:57:18.306 INF API: test started suite=0 test=325 name="interop/debug-mixed-create (reth_release)"
Sep 21 20:57:18.307 INF API: test ended suite=0 test=325 pass=false
Sep 21 20:57:18.308 INF API: test started suite=0 test=326 name="interop/debug-siblings-revert-ok (reth_release)"
Sep 21 20:57:18.309 INF API: test ended suite=0 test=326 pass=false
Sep 21 20:57:18.310 INF API: test started suite=0 test=327 name="interop/many-storage-write-revert-read (reth_release)"
Sep 21 20:57:18.312 INF API: test ended suite=0 test=327 pass=false
Sep 21 20:57:18.313 INF API: test started suite=0 test=328 name="interop/raw-below-basefee-stateDiff (reth_release)"
Sep 21 20:57:18.314 INF API: test ended suite=0 test=328 pass=false
Sep 21 20:57:18.315 INF API: test started suite=0 test=329 name="interop/raw-below-basefee-trace (reth_release)"
Sep 21 20:57:18.316 INF API: test ended suite=0 test=329 pass=false
Sep 21 20:57:18.317 INF API: test started suite=0 test=330 name="interop/raw-below-basefee-vmTrace (reth_release)"
Sep 21 20:57:18.318 INF API: test ended suite=0 test=330 pass=false
Sep 21 20:57:18.319 INF API: test started suite=0 test=331 name="interop/raw-below-basefee (reth_release)"
Sep 21 20:57:18.320 INF API: test ended suite=0 test=331 pass=false
Sep 21 20:57:18.320 INF API: test started suite=0 test=332 name="interop/raw-insufficient-funds-stateDiff (reth_release)"
Sep 21 20:57:18.321 INF API: test ended suite=0 test=332 pass=false
Sep 21 20:57:18.322 INF API: test started suite=0 test=333 name="interop/raw-insufficient-funds-trace (reth_release)"
Sep 21 20:57:18.323 INF API: test ended suite=0 test=333 pass=false
Sep 21 20:57:18.324 INF API: test started suite=0 test=334 name="interop/raw-insufficient-funds-vmTrace (reth_release)"
Sep 21 20:57:18.326 INF API: test ended suite=0 test=334 pass=false
Sep 21 20:57:18.327 INF API: test started suite=0 test=335 name="interop/raw-insufficient-funds (reth_release)"
Sep 21 20:57:18.329 INF API: test ended suite=0 test=335 pass=false
Sep 21 20:57:18.329 INF API: test started suite=0 test=336 name="interop/raw-low-gas-stateDiff (reth_release)"
Sep 21 20:57:18.331 INF API: test ended suite=0 test=336 pass=false
Sep 21 20:57:18.331 INF API: test started suite=0 test=337 name="interop/raw-low-gas-trace (reth_release)"
Sep 21 20:57:18.333 INF API: test ended suite=0 test=337 pass=false
Sep 21 20:57:18.333 INF API: test started suite=0 test=338 name="interop/raw-low-gas-vmTrace (reth_release)"
Sep 21 20:57:18.335 INF API: test ended suite=0 test=338 pass=false
Sep 21 20:57:18.336 INF API: test started suite=0 test=339 name="interop/raw-low-gas (reth_release)"
Sep 21 20:57:18.337 INF API: test ended suite=0 test=339 pass=false
Sep 21 20:57:18.338 INF API: test started suite=0 test=340 name="interop/raw-nonce-high-stateDiff (reth_release)"
Sep 21 20:57:18.340 INF API: test ended suite=0 test=340 pass=false
Sep 21 20:57:18.340 INF API: test started suite=0 test=341 name="interop/raw-nonce-high-trace (reth_release)"
Sep 21 20:57:18.342 INF API: test ended suite=0 test=341 pass=false
Sep 21 20:57:18.342 INF API: test started suite=0 test=342 name="interop/raw-nonce-high-vmTrace (reth_release)"
Sep 21 20:57:18.344 INF API: test ended suite=0 test=342 pass=false
Sep 21 20:57:18.345 INF API: test started suite=0 test=343 name="interop/raw-nonce-high (reth_release)"
Sep 21 20:57:18.346 INF API: test ended suite=0 test=343 pass=false
Sep 21 20:57:18.347 INF API: test started suite=0 test=344 name="interop/raw-valid-stateDiff (reth_release)"
Sep 21 20:57:18.349 INF API: test ended suite=0 test=344 pass=false
Sep 21 20:57:18.350 INF API: test started suite=0 test=345 name="interop/raw-valid-trace (reth_release)"
Sep 21 20:57:18.351 INF API: test ended suite=0 test=345 pass=false
Sep 21 20:57:18.352 INF API: test started suite=0 test=346 name="interop/raw-valid-vmTrace (reth_release)"
Sep 21 20:57:18.353 INF API: test ended suite=0 test=346 pass=false
Sep 21 20:57:18.354 INF API: test started suite=0 test=347 name="interop/raw-valid (reth_release)"
Sep 21 20:57:18.355 INF API: test ended suite=0 test=347 pass=false
Sep 21 20:57:18.356 INF API: test started suite=0 test=348 name="interop/raw-wrong-chain-stateDiff (reth_release)"
Sep 21 20:57:18.357 INF API: test ended suite=0 test=348 pass=false
Sep 21 20:57:18.358 INF API: test started suite=0 test=349 name="interop/raw-wrong-chain-trace (reth_release)"
Sep 21 20:57:18.359 INF API: test ended suite=0 test=349 pass=false
Sep 21 20:57:18.360 INF API: test started suite=0 test=350 name="interop/raw-wrong-chain-vmTrace (reth_release)"
Sep 21 20:57:18.361 INF API: test ended suite=0 test=350 pass=false
Sep 21 20:57:18.362 INF API: test started suite=0 test=351 name="interop/raw-wrong-chain (reth_release)"
Sep 21 20:57:18.363 INF API: test ended suite=0 test=351 pass=false
Sep 21 20:57:18.364 INF API: test started suite=0 test=352 name="interop/state-only-nonempty-output (reth_release)"
Sep 21 20:57:18.366 INF API: test ended suite=0 test=352 pass=false
Sep 21 20:57:18.607 INF API: test ended suite=0 test=309 pass=true
Sep 21 20:57:18.617 INF API: suite ended suite=0
Sep 21 20:57:18.996 INF simulation ethereum/rpc-compat finished suites=1 tests=352 failed=344
344 tests failed
