Sep 23 14:46:25.633 INF building image image=hive/hiveproxy nocache=false pull=false
Sep 23 14:46:25.713 INF building 4 clients...
Sep 23 14:46:25.713 INF building image image=hive/clients/besu_release:latest dir=clients/besu nocache=false pull=false baseimage=trace-interop/besu tag=f3713c713ca4f9e89c09e1478d2a85116ba9ce8343129d709420ba2af009598b
Sep 23 14:46:25.860 INF building image image=hive/clients/erigon_release:latest dir=clients/erigon nocache=false pull=false baseimage=trace-interop/erigon tag=8668d9c5adc01ad1d12aa25380e384079080bdde7e0ce93f11bed422d82ca0ac
Sep 23 14:46:26.020 INF building image image=hive/clients/nethermind_release:latest dir=clients/nethermind nocache=false pull=false baseimage=trace-interop/nethermind tag=a5098d75bfa8d4da1992ba8404b357fde6d53241315396e26b88e16e5f67bb59
Sep 23 14:46:26.201 INF building image image=hive/clients/reth_release:latest dir=clients/reth nocache=false pull=false baseimage=trace-interop/reth tag=e939dc4a471d9d27224e430f607a954d692ca5037a1350ee2036397d14532ca7
Sep 23 14:46:26.355 INF building 1 simulators...
Sep 23 14:46:26.355 INF building image image=hive/simulators/ethereum/rpc-compat:latest dir=simulators/ethereum/rpc-compat nocache=false pull=false
Sep 23 14:46:26.415 INF creating output directory folder=/home/banteg/dev/trace-h30-capture/evidence/h30-release-controlled-20260923/hive
Sep 23 14:46:26.422 INF running simulation: ethereum/rpc-compat
Sep 23 14:46:26.770 INF hiveproxy started container=8495444b6078 addr=172.17.0.2:8081
Sep 23 14:46:27.134 INF API: suite started suite=0 name=rpc-compat
Sep 23 14:46:27.137 INF API: test started suite=0 test=1 name="client launch (besu_release)"
Sep 23 14:46:36.221 INF API: client besu_release started suite=0 test=1 container=5941a7de
Sep 23 14:46:36.459 INF API: test started suite=0 test=2 name="interop/_control/head (besu_release)"
Sep 23 14:46:36.515 INF API: test ended suite=0 test=2 pass=false
Sep 23 14:46:36.516 INF API: test started suite=0 test=3 name="interop/_control/latest (besu_release)"
Sep 23 14:46:36.523 INF API: test ended suite=0 test=3 pass=false
Sep 23 14:46:36.524 INF API: test started suite=0 test=4 name="interop/_control/version (besu_release)"
Sep 23 14:46:36.528 INF API: test ended suite=0 test=4 pass=false
Sep 23 14:46:36.529 INF API: test started suite=0 test=5 name="interop/call-number-default (besu_release)"
Sep 23 14:46:36.602 INF API: test ended suite=0 test=5 pass=false
Sep 23 14:46:36.604 INF API: test started suite=0 test=6 name="interop/call-number-latest (besu_release)"
Sep 23 14:46:36.613 INF API: test ended suite=0 test=6 pass=false
Sep 23 14:46:36.614 INF API: test started suite=0 test=7 name="interop/call-number-pending (besu_release)"
Sep 23 14:46:36.622 INF API: test ended suite=0 test=7 pass=false
Sep 23 14:46:36.623 INF API: test started suite=0 test=8 name="interop/filter-0-to-2 (besu_release)"
Sep 23 14:46:37.723 INF API: test ended suite=0 test=8 pass=false
Sep 23 14:46:37.724 INF API: test started suite=0 test=9 name="interop/filter-earliest (besu_release)"
Sep 23 14:46:37.738 INF API: test ended suite=0 test=9 pass=false
Sep 23 14:46:37.739 INF API: test started suite=0 test=10 name="interop/filter-head-only (besu_release)"
Sep 23 14:46:37.747 INF API: test ended suite=0 test=10 pass=false
Sep 23 14:46:37.748 INF API: test started suite=0 test=11 name="interop/filter-no-bounds (besu_release)"
Sep 23 14:46:37.755 INF API: test ended suite=0 test=11 pass=false
Sep 23 14:46:37.756 INF API: test started suite=0 test=12 name="interop/filter-pending (besu_release)"
Sep 23 14:46:37.777 INF API: test ended suite=0 test=12 pass=false
Sep 23 14:46:37.778 INF API: test started suite=0 test=13 name="interop/filter-safe (besu_release)"
Sep 23 14:46:37.793 INF API: test ended suite=0 test=13 pass=false
Sep 23 14:46:37.794 INF API: test started suite=0 test=14 name="interop/filter-to-2-implicit-from (besu_release)"
Sep 23 14:46:37.805 INF API: test ended suite=0 test=14 pass=false
Sep 23 14:46:37.806 INF API: test started suite=0 test=15 name="interop/many-number-default (besu_release)"
Sep 23 14:46:37.812 INF API: test ended suite=0 test=15 pass=false
Sep 23 14:46:37.813 INF API: test started suite=0 test=16 name="interop/many-number-latest (besu_release)"
Sep 23 14:46:37.835 INF API: test ended suite=0 test=16 pass=false
Sep 23 14:46:37.836 INF API: test started suite=0 test=17 name="interop/many-number-pending (besu_release)"
Sep 23 14:46:37.843 INF API: test ended suite=0 test=17 pass=false
Sep 23 14:46:38.120 INF API: test ended suite=0 test=1 pass=true
Sep 23 14:46:38.122 INF API: test started suite=0 test=18 name="client launch (erigon_release)"
Sep 23 14:46:39.877 INF API: client erigon_release started suite=0 test=18 container=1a9e2964
Sep 23 14:46:39.893 INF API: test started suite=0 test=19 name="interop/_control/head (erigon_release)"
Sep 23 14:46:39.897 INF API: test ended suite=0 test=19 pass=false
Sep 23 14:46:39.898 INF API: test started suite=0 test=20 name="interop/_control/latest (erigon_release)"
Sep 23 14:46:39.900 INF API: test ended suite=0 test=20 pass=false
Sep 23 14:46:39.901 INF API: test started suite=0 test=21 name="interop/_control/version (erigon_release)"
Sep 23 14:46:39.904 INF API: test ended suite=0 test=21 pass=false
Sep 23 14:46:39.905 INF API: test started suite=0 test=22 name="interop/call-number-default (erigon_release)"
Sep 23 14:46:39.907 INF API: test ended suite=0 test=22 pass=false
Sep 23 14:46:39.908 INF API: test started suite=0 test=23 name="interop/call-number-latest (erigon_release)"
Sep 23 14:46:39.909 INF API: test ended suite=0 test=23 pass=false
Sep 23 14:46:39.910 INF API: test started suite=0 test=24 name="interop/call-number-pending (erigon_release)"
Sep 23 14:46:39.911 INF API: test ended suite=0 test=24 pass=false
Sep 23 14:46:39.912 INF API: test started suite=0 test=25 name="interop/filter-0-to-2 (erigon_release)"
Sep 23 14:46:39.918 INF API: test ended suite=0 test=25 pass=false
Sep 23 14:46:39.919 INF API: test started suite=0 test=26 name="interop/filter-earliest (erigon_release)"
Sep 23 14:46:39.924 INF API: test ended suite=0 test=26 pass=false
Sep 23 14:46:39.925 INF API: test started suite=0 test=27 name="interop/filter-head-only (erigon_release)"
Sep 23 14:46:39.928 INF API: test ended suite=0 test=27 pass=false
Sep 23 14:46:39.929 INF API: test started suite=0 test=28 name="interop/filter-no-bounds (erigon_release)"
Sep 23 14:46:39.955 INF API: test ended suite=0 test=28 pass=false
Sep 23 14:46:39.956 INF API: test started suite=0 test=29 name="interop/filter-pending (erigon_release)"
Sep 23 14:46:39.958 INF API: test ended suite=0 test=29 pass=false
Sep 23 14:46:39.959 INF API: test started suite=0 test=30 name="interop/filter-safe (erigon_release)"
Sep 23 14:46:39.963 INF API: test ended suite=0 test=30 pass=false
Sep 23 14:46:39.963 INF API: test started suite=0 test=31 name="interop/filter-to-2-implicit-from (erigon_release)"
Sep 23 14:46:39.967 INF API: test ended suite=0 test=31 pass=false
Sep 23 14:46:39.968 INF API: test started suite=0 test=32 name="interop/many-number-default (erigon_release)"
Sep 23 14:46:39.970 INF API: test ended suite=0 test=32 pass=false
Sep 23 14:46:39.971 INF API: test started suite=0 test=33 name="interop/many-number-latest (erigon_release)"
Sep 23 14:46:39.972 INF API: test ended suite=0 test=33 pass=false
Sep 23 14:46:39.973 INF API: test started suite=0 test=34 name="interop/many-number-pending (erigon_release)"
Sep 23 14:46:39.974 INF API: test ended suite=0 test=34 pass=false
Sep 23 14:46:40.481 INF API: test ended suite=0 test=18 pass=true
Sep 23 14:46:40.482 INF API: test started suite=0 test=35 name="client launch (nethermind_release)"
Sep 23 14:46:47.797 INF API: client nethermind_release started suite=0 test=35 container=7a6688c6
Sep 23 14:46:47.882 INF API: test started suite=0 test=36 name="interop/_control/head (nethermind_release)"
Sep 23 14:46:47.984 INF API: test ended suite=0 test=36 pass=false
Sep 23 14:46:47.985 INF API: test started suite=0 test=37 name="interop/_control/latest (nethermind_release)"
Sep 23 14:46:47.992 INF API: test ended suite=0 test=37 pass=false
Sep 23 14:46:47.993 INF API: test started suite=0 test=38 name="interop/_control/version (nethermind_release)"
Sep 23 14:46:47.995 INF API: test ended suite=0 test=38 pass=false
Sep 23 14:46:47.996 INF API: test started suite=0 test=39 name="interop/call-number-default (nethermind_release)"
Sep 23 14:46:48.102 INF API: test ended suite=0 test=39 pass=false
Sep 23 14:46:48.104 INF API: test started suite=0 test=40 name="interop/call-number-latest (nethermind_release)"
Sep 23 14:46:48.109 INF API: test ended suite=0 test=40 pass=false
Sep 23 14:46:48.110 INF API: test started suite=0 test=41 name="interop/call-number-pending (nethermind_release)"
Sep 23 14:46:48.112 INF API: test ended suite=0 test=41 pass=false
Sep 23 14:46:48.113 INF API: test started suite=0 test=42 name="interop/filter-0-to-2 (nethermind_release)"
Sep 23 14:46:48.123 INF API: test ended suite=0 test=42 pass=false
Sep 23 14:46:48.124 INF API: test started suite=0 test=43 name="interop/filter-earliest (nethermind_release)"
Sep 23 14:46:48.126 INF API: test ended suite=0 test=43 pass=false
Sep 23 14:46:48.126 INF API: test started suite=0 test=44 name="interop/filter-head-only (nethermind_release)"
Sep 23 14:46:48.145 INF API: test ended suite=0 test=44 pass=false
Sep 23 14:46:48.146 INF API: test started suite=0 test=45 name="interop/filter-no-bounds (nethermind_release)"
Sep 23 14:46:48.148 INF API: test ended suite=0 test=45 pass=false
Sep 23 14:46:48.149 INF API: test started suite=0 test=46 name="interop/filter-pending (nethermind_release)"
Sep 23 14:46:48.151 INF API: test ended suite=0 test=46 pass=false
Sep 23 14:46:48.152 INF API: test started suite=0 test=47 name="interop/filter-safe (nethermind_release)"
Sep 23 14:46:48.155 INF API: test ended suite=0 test=47 pass=false
Sep 23 14:46:48.155 INF API: test started suite=0 test=48 name="interop/filter-to-2-implicit-from (nethermind_release)"
Sep 23 14:46:48.159 INF API: test ended suite=0 test=48 pass=false
Sep 23 14:46:48.160 INF API: test started suite=0 test=49 name="interop/many-number-default (nethermind_release)"
Sep 23 14:46:48.171 INF API: test ended suite=0 test=49 pass=false
Sep 23 14:46:48.173 INF API: test started suite=0 test=50 name="interop/many-number-latest (nethermind_release)"
Sep 23 14:46:48.175 INF API: test ended suite=0 test=50 pass=false
Sep 23 14:46:48.176 INF API: test started suite=0 test=51 name="interop/many-number-pending (nethermind_release)"
Sep 23 14:46:48.179 INF API: test ended suite=0 test=51 pass=false
Sep 23 14:46:48.508 INF API: test ended suite=0 test=35 pass=true
Sep 23 14:46:48.510 INF API: test started suite=0 test=52 name="client launch (reth_release)"
Sep 23 14:46:52.688 INF API: client reth_release started suite=0 test=52 container=8f11b47d
Sep 23 14:46:52.701 INF API: test started suite=0 test=53 name="interop/_control/head (reth_release)"
Sep 23 14:46:52.715 INF API: test ended suite=0 test=53 pass=false
Sep 23 14:46:52.716 INF API: test started suite=0 test=54 name="interop/_control/latest (reth_release)"
Sep 23 14:46:52.718 INF API: test ended suite=0 test=54 pass=false
Sep 23 14:46:52.719 INF API: test started suite=0 test=55 name="interop/_control/version (reth_release)"
Sep 23 14:46:52.720 INF API: test ended suite=0 test=55 pass=false
Sep 23 14:46:52.721 INF API: test started suite=0 test=56 name="interop/call-number-default (reth_release)"
Sep 23 14:46:52.723 INF API: test ended suite=0 test=56 pass=false
Sep 23 14:46:52.724 INF API: test started suite=0 test=57 name="interop/call-number-latest (reth_release)"
Sep 23 14:46:52.725 INF API: test ended suite=0 test=57 pass=false
Sep 23 14:46:52.726 INF API: test started suite=0 test=58 name="interop/call-number-pending (reth_release)"
Sep 23 14:46:52.728 INF API: test ended suite=0 test=58 pass=false
Sep 23 14:46:52.729 INF API: test started suite=0 test=59 name="interop/filter-0-to-2 (reth_release)"
Sep 23 14:46:52.732 INF API: test ended suite=0 test=59 pass=false
Sep 23 14:46:52.732 INF API: test started suite=0 test=60 name="interop/filter-earliest (reth_release)"
Sep 23 14:46:52.733 INF API: test ended suite=0 test=60 pass=false
Sep 23 14:46:52.734 INF API: test started suite=0 test=61 name="interop/filter-head-only (reth_release)"
Sep 23 14:46:52.736 INF API: test ended suite=0 test=61 pass=false
Sep 23 14:46:52.737 INF API: test started suite=0 test=62 name="interop/filter-no-bounds (reth_release)"
Sep 23 14:46:52.740 INF API: test ended suite=0 test=62 pass=false
Sep 23 14:46:52.741 INF API: test started suite=0 test=63 name="interop/filter-pending (reth_release)"
Sep 23 14:46:52.742 INF API: test ended suite=0 test=63 pass=false
Sep 23 14:46:52.744 INF API: test started suite=0 test=64 name="interop/filter-safe (reth_release)"
Sep 23 14:46:52.746 INF API: test ended suite=0 test=64 pass=false
Sep 23 14:46:52.747 INF API: test started suite=0 test=65 name="interop/filter-to-2-implicit-from (reth_release)"
Sep 23 14:46:52.750 INF API: test ended suite=0 test=65 pass=false
Sep 23 14:46:52.751 INF API: test started suite=0 test=66 name="interop/many-number-default (reth_release)"
Sep 23 14:46:52.752 INF API: test ended suite=0 test=66 pass=false
Sep 23 14:46:52.753 INF API: test started suite=0 test=67 name="interop/many-number-latest (reth_release)"
Sep 23 14:46:52.755 INF API: test ended suite=0 test=67 pass=false
Sep 23 14:46:52.756 INF API: test started suite=0 test=68 name="interop/many-number-pending (reth_release)"
Sep 23 14:46:52.757 INF API: test ended suite=0 test=68 pass=false
Sep 23 14:46:52.990 INF API: test ended suite=0 test=52 pass=true
Sep 23 14:46:52.997 INF API: suite ended suite=0
Sep 23 14:46:53.249 INF simulation ethereum/rpc-compat finished suites=1 tests=68 failed=64
64 tests failed
