Sep 24 17:08:58.440 INF building image image=hive/hiveproxy nocache=false pull=false
Sep 24 17:08:58.460 INF building 9 clients...
Sep 24 17:08:58.460 INF building image image=hive/clients/besu_development:latest dir=clients/besu nocache=false pull=false baseimage=trace-interop/besu tag=0bdabe53b1597932edebfa970aae1223b1e814a7897bfa776337f3f5f2d8f30d
Sep 24 17:08:58.489 INF building image image=hive/clients/besu_release:latest dir=clients/besu nocache=false pull=false baseimage=trace-interop/besu tag=f3713c713ca4f9e89c09e1478d2a85116ba9ce8343129d709420ba2af009598b
Sep 24 17:08:58.519 INF building image image=hive/clients/erigon_development:latest dir=clients/erigon nocache=false pull=false baseimage=trace-interop/erigon tag=96ed3bf9e6103fa7348e8223f07becfaf1d19b43fb66524f295bdb83e12dbee5
Sep 24 17:08:58.546 INF building image image=hive/clients/erigon_release:latest dir=clients/erigon nocache=false pull=false baseimage=trace-interop/erigon tag=8668d9c5adc01ad1d12aa25380e384079080bdde7e0ce93f11bed422d82ca0ac
Sep 24 17:08:58.571 INF building image image=hive/clients/go-ethereum_trace:latest dir=clients/go-ethereum nocache=false pull=false baseimage=trace-interop/go-ethereum tag=2a6e1bfcf91337fd9081f28b1a77efcf20c054ea99b30a316fa8a581c819fa74
Sep 24 17:08:58.601 INF building image image=hive/clients/nethermind_development:latest dir=clients/nethermind nocache=false pull=false baseimage=trace-interop/nethermind tag=891ce9bfe055df031239b4817239cde925175c0e172d74ddac9877cc37503eaf
Sep 24 17:08:58.630 INF building image image=hive/clients/nethermind_release:latest dir=clients/nethermind nocache=false pull=false baseimage=trace-interop/nethermind tag=d6b98371fce49848629f4841a9ef2cfc416c90ee187bc82291e97ca77cb108e4
Sep 24 17:08:58.661 INF building image image=hive/clients/reth_development:latest dir=clients/reth nocache=false pull=false baseimage=trace-interop/reth tag=935f179789c1d4fc921c181a4fa21f3262e5d0509061ddbad4398b37db3f33bf
Sep 24 17:08:58.685 INF building image image=hive/clients/reth_release:latest dir=clients/reth nocache=false pull=false baseimage=trace-interop/reth tag=e939dc4a471d9d27224e430f607a954d692ca5037a1350ee2036397d14532ca7
Sep 24 17:08:58.711 INF building 1 simulators...
Sep 24 17:08:58.711 INF building image image=hive/simulators/ethereum/rpc-compat:latest dir=simulators/ethereum/rpc-compat nocache=false pull=false
Sep 24 17:08:58.734 INF creating output directory folder=/home/banteg/dev/trace-h15-compat-20260924/evidence/2026-09-24/h15-call-compat/reorg-safe/hive
Sep 24 17:08:58.743 INF running simulation: ethereum/rpc-compat
Sep 24 17:08:58.885 INF hiveproxy started container=17ba58113385 addr=172.17.0.2:8081
Sep 24 17:08:59.037 INF API: suite started suite=0 name=rpc-compat
Sep 24 17:08:59.039 INF API: test started suite=0 test=1 name="client launch (besu_development)"
Sep 24 17:09:07.391 INF API: client besu_development started suite=0 test=1 container=33f8455d
Sep 24 17:09:07.628 INF API: test started suite=0 test=2 name="interop/_control/head (besu_development)"
Sep 24 17:09:07.702 INF API: test ended suite=0 test=2 pass=false
Sep 24 17:09:07.703 INF API: test started suite=0 test=3 name="interop/_control/latest (besu_development)"
Sep 24 17:09:07.712 INF API: test ended suite=0 test=3 pass=false
Sep 24 17:09:07.714 INF API: test started suite=0 test=4 name="interop/_control/version (besu_development)"
Sep 24 17:09:07.719 INF API: test ended suite=0 test=4 pass=false
Sep 24 17:09:07.720 INF API: test started suite=0 test=5 name="interop/before/block-tail (besu_development)"
Sep 24 17:09:07.779 INF API: test ended suite=0 test=5 pass=false
Sep 24 17:09:07.781 INF API: test started suite=0 test=6 name="interop/before/filter-tail (besu_development)"
Sep 24 17:09:07.902 INF API: test ended suite=0 test=6 pass=false
Sep 24 17:09:07.903 INF API: test started suite=0 test=7 name="interop/before/head (besu_development)"
Sep 24 17:09:07.911 INF API: test ended suite=0 test=7 pass=false
Sep 24 17:09:07.912 INF API: test started suite=0 test=8 name="interop/before/height (besu_development)"
Sep 24 17:09:07.918 INF API: test ended suite=0 test=8 pass=false
Sep 24 17:09:07.919 INF API: test started suite=0 test=9 name="interop/before/tail-receipt (besu_development)"
Sep 24 17:09:07.933 INF API: test ended suite=0 test=9 pass=false
Sep 24 17:09:08.062 INF API: test started suite=0 test=10 name="interop/after/block-tail (besu_development)"
Sep 24 17:09:11.084 INF API: test ended suite=0 test=10 pass=false
Sep 24 17:09:11.085 INF API: test started suite=0 test=11 name="interop/after/filter-tail (besu_development)"
Sep 24 17:09:11.093 INF API: test ended suite=0 test=11 pass=false
Sep 24 17:09:11.094 INF API: test started suite=0 test=12 name="interop/after/head (besu_development)"
Sep 24 17:09:11.101 INF API: test ended suite=0 test=12 pass=false
Sep 24 17:09:11.102 INF API: test started suite=0 test=13 name="interop/after/height (besu_development)"
Sep 24 17:09:11.106 INF API: test ended suite=0 test=13 pass=false
Sep 24 17:09:11.107 INF API: test started suite=0 test=14 name="interop/after/tail-receipt (besu_development)"
Sep 24 17:09:11.110 INF API: test ended suite=0 test=14 pass=false
Sep 24 17:09:11.131 INF API: test started suite=0 test=15 name="interop/restored/block-tail (besu_development)"
Sep 24 17:09:11.136 INF API: test ended suite=0 test=15 pass=false
Sep 24 17:09:11.137 INF API: test started suite=0 test=16 name="interop/restored/filter-tail (besu_development)"
Sep 24 17:09:11.155 INF API: test ended suite=0 test=16 pass=false
Sep 24 17:09:11.157 INF API: test started suite=0 test=17 name="interop/restored/head (besu_development)"
Sep 24 17:09:11.163 INF API: test ended suite=0 test=17 pass=false
Sep 24 17:09:11.164 INF API: test started suite=0 test=18 name="interop/restored/height (besu_development)"
Sep 24 17:09:11.168 INF API: test ended suite=0 test=18 pass=false
Sep 24 17:09:11.169 INF API: test started suite=0 test=19 name="interop/restored/tail-receipt (besu_development)"
Sep 24 17:09:11.174 INF API: test ended suite=0 test=19 pass=false
Sep 24 17:09:11.662 INF API: test ended suite=0 test=1 pass=true
Sep 24 17:09:11.664 INF API: test started suite=0 test=20 name="client launch (besu_release)"
Sep 24 17:09:20.999 INF API: client besu_release started suite=0 test=20 container=69c757eb
Sep 24 17:09:21.217 INF API: test started suite=0 test=21 name="interop/_control/head (besu_release)"
Sep 24 17:09:21.255 INF API: test ended suite=0 test=21 pass=false
Sep 24 17:09:21.256 INF API: test started suite=0 test=22 name="interop/_control/latest (besu_release)"
Sep 24 17:09:21.264 INF API: test ended suite=0 test=22 pass=false
Sep 24 17:09:21.265 INF API: test started suite=0 test=23 name="interop/_control/version (besu_release)"
Sep 24 17:09:21.271 INF API: test ended suite=0 test=23 pass=false
Sep 24 17:09:21.272 INF API: test started suite=0 test=24 name="interop/before/block-tail (besu_release)"
Sep 24 17:09:21.327 INF API: test ended suite=0 test=24 pass=false
Sep 24 17:09:21.328 INF API: test started suite=0 test=25 name="interop/before/filter-tail (besu_release)"
Sep 24 17:09:21.392 INF API: test ended suite=0 test=25 pass=false
Sep 24 17:09:21.393 INF API: test started suite=0 test=26 name="interop/before/head (besu_release)"
Sep 24 17:09:21.400 INF API: test ended suite=0 test=26 pass=false
Sep 24 17:09:21.401 INF API: test started suite=0 test=27 name="interop/before/height (besu_release)"
Sep 24 17:09:21.407 INF API: test ended suite=0 test=27 pass=false
Sep 24 17:09:21.407 INF API: test started suite=0 test=28 name="interop/before/tail-receipt (besu_release)"
Sep 24 17:09:21.423 INF API: test ended suite=0 test=28 pass=false
Sep 24 17:09:21.590 INF API: test started suite=0 test=29 name="interop/after/block-tail (besu_release)"
Sep 24 17:09:23.612 INF API: test ended suite=0 test=29 pass=false
Sep 24 17:09:23.613 INF API: test started suite=0 test=30 name="interop/after/filter-tail (besu_release)"
Sep 24 17:09:24.635 INF API: test ended suite=0 test=30 pass=false
Sep 24 17:09:24.637 INF API: test started suite=0 test=31 name="interop/after/head (besu_release)"
Sep 24 17:09:24.647 INF API: test ended suite=0 test=31 pass=false
Sep 24 17:09:24.648 INF API: test started suite=0 test=32 name="interop/after/height (besu_release)"
Sep 24 17:09:24.654 INF API: test ended suite=0 test=32 pass=false
Sep 24 17:09:24.655 INF API: test started suite=0 test=33 name="interop/after/tail-receipt (besu_release)"
Sep 24 17:09:24.659 INF API: test ended suite=0 test=33 pass=false
Sep 24 17:09:24.681 INF API: test started suite=0 test=34 name="interop/restored/block-tail (besu_release)"
Sep 24 17:09:24.688 INF API: test ended suite=0 test=34 pass=false
Sep 24 17:09:24.689 INF API: test started suite=0 test=35 name="interop/restored/filter-tail (besu_release)"
Sep 24 17:09:24.713 INF API: test ended suite=0 test=35 pass=false
Sep 24 17:09:24.714 INF API: test started suite=0 test=36 name="interop/restored/head (besu_release)"
Sep 24 17:09:24.719 INF API: test ended suite=0 test=36 pass=false
Sep 24 17:09:24.720 INF API: test started suite=0 test=37 name="interop/restored/height (besu_release)"
Sep 24 17:09:24.723 INF API: test ended suite=0 test=37 pass=false
Sep 24 17:09:24.724 INF API: test started suite=0 test=38 name="interop/restored/tail-receipt (besu_release)"
Sep 24 17:09:24.728 INF API: test ended suite=0 test=38 pass=false
Sep 24 17:09:24.980 INF API: test ended suite=0 test=20 pass=true
Sep 24 17:09:24.982 INF API: test started suite=0 test=39 name="client launch (erigon_development)"
Sep 24 17:09:26.144 INF API: client erigon_development started suite=0 test=39 container=1f83976d
Sep 24 17:09:26.152 INF API: test started suite=0 test=40 name="interop/_control/head (erigon_development)"
Sep 24 17:09:26.156 INF API: test ended suite=0 test=40 pass=false
Sep 24 17:09:26.157 INF API: test started suite=0 test=41 name="interop/_control/latest (erigon_development)"
Sep 24 17:09:26.159 INF API: test ended suite=0 test=41 pass=false
Sep 24 17:09:26.161 INF API: test started suite=0 test=42 name="interop/_control/version (erigon_development)"
Sep 24 17:09:26.163 INF API: test ended suite=0 test=42 pass=false
Sep 24 17:09:26.165 INF API: test started suite=0 test=43 name="interop/before/block-tail (erigon_development)"
Sep 24 17:09:26.169 INF API: test ended suite=0 test=43 pass=false
Sep 24 17:09:26.170 INF API: test started suite=0 test=44 name="interop/before/filter-tail (erigon_development)"
Sep 24 17:09:26.175 INF API: test ended suite=0 test=44 pass=false
Sep 24 17:09:26.176 INF API: test started suite=0 test=45 name="interop/before/head (erigon_development)"
Sep 24 17:09:26.179 INF API: test ended suite=0 test=45 pass=false
Sep 24 17:09:26.180 INF API: test started suite=0 test=46 name="interop/before/height (erigon_development)"
Sep 24 17:09:26.183 INF API: test ended suite=0 test=46 pass=false
Sep 24 17:09:26.184 INF API: test started suite=0 test=47 name="interop/before/tail-receipt (erigon_development)"
Sep 24 17:09:26.188 INF API: test ended suite=0 test=47 pass=false
Sep 24 17:09:26.443 INF API: test ended suite=0 test=39 pass=false
Sep 24 17:09:26.444 INF API: test started suite=0 test=48 name="client launch (erigon_release)"
Sep 24 17:09:27.311 INF API: client erigon_release started suite=0 test=48 container=670a32d4
Sep 24 17:09:27.315 INF API: test started suite=0 test=49 name="interop/_control/head (erigon_release)"
Sep 24 17:09:27.318 INF API: test ended suite=0 test=49 pass=false
Sep 24 17:09:27.319 INF API: test started suite=0 test=50 name="interop/_control/latest (erigon_release)"
Sep 24 17:09:27.321 INF API: test ended suite=0 test=50 pass=false
Sep 24 17:09:27.322 INF API: test started suite=0 test=51 name="interop/_control/version (erigon_release)"
Sep 24 17:09:27.324 INF API: test ended suite=0 test=51 pass=false
Sep 24 17:09:27.325 INF API: test started suite=0 test=52 name="interop/before/block-tail (erigon_release)"
Sep 24 17:09:27.327 INF API: test ended suite=0 test=52 pass=false
Sep 24 17:09:27.328 INF API: test started suite=0 test=53 name="interop/before/filter-tail (erigon_release)"
Sep 24 17:09:27.338 INF API: test ended suite=0 test=53 pass=false
Sep 24 17:09:27.339 INF API: test started suite=0 test=54 name="interop/before/head (erigon_release)"
Sep 24 17:09:27.342 INF API: test ended suite=0 test=54 pass=false
Sep 24 17:09:27.342 INF API: test started suite=0 test=55 name="interop/before/height (erigon_release)"
Sep 24 17:09:27.345 INF API: test ended suite=0 test=55 pass=false
Sep 24 17:09:27.346 INF API: test started suite=0 test=56 name="interop/before/tail-receipt (erigon_release)"
Sep 24 17:09:27.349 INF API: test ended suite=0 test=56 pass=false
Sep 24 17:09:27.476 INF API: test started suite=0 test=57 name="interop/after/block-tail (erigon_release)"
Sep 24 17:09:27.477 INF API: test ended suite=0 test=57 pass=false
Sep 24 17:09:27.478 INF API: test started suite=0 test=58 name="interop/after/filter-tail (erigon_release)"
Sep 24 17:09:27.481 INF API: test ended suite=0 test=58 pass=false
Sep 24 17:09:27.482 INF API: test started suite=0 test=59 name="interop/after/head (erigon_release)"
Sep 24 17:09:27.485 INF API: test ended suite=0 test=59 pass=false
Sep 24 17:09:27.485 INF API: test started suite=0 test=60 name="interop/after/height (erigon_release)"
Sep 24 17:09:27.487 INF API: test ended suite=0 test=60 pass=false
Sep 24 17:09:27.488 INF API: test started suite=0 test=61 name="interop/after/tail-receipt (erigon_release)"
Sep 24 17:09:27.490 INF API: test ended suite=0 test=61 pass=false
Sep 24 17:09:27.511 INF API: test started suite=0 test=62 name="interop/restored/block-tail (erigon_release)"
Sep 24 17:09:27.514 INF API: test ended suite=0 test=62 pass=false
Sep 24 17:09:27.515 INF API: test started suite=0 test=63 name="interop/restored/filter-tail (erigon_release)"
Sep 24 17:09:27.522 INF API: test ended suite=0 test=63 pass=false
Sep 24 17:09:27.523 INF API: test started suite=0 test=64 name="interop/restored/head (erigon_release)"
Sep 24 17:09:27.526 INF API: test ended suite=0 test=64 pass=false
Sep 24 17:09:27.527 INF API: test started suite=0 test=65 name="interop/restored/height (erigon_release)"
Sep 24 17:09:27.529 INF API: test ended suite=0 test=65 pass=false
Sep 24 17:09:27.530 INF API: test started suite=0 test=66 name="interop/restored/tail-receipt (erigon_release)"
Sep 24 17:09:27.532 INF API: test ended suite=0 test=66 pass=false
Sep 24 17:09:27.666 INF API: test ended suite=0 test=48 pass=true
Sep 24 17:09:27.667 INF API: test started suite=0 test=67 name="client launch (go-ethereum_trace)"
Sep 24 17:09:28.328 INF API: client go-ethereum_trace started suite=0 test=67 container=a960491b
Sep 24 17:09:28.331 INF API: test started suite=0 test=68 name="interop/_control/head (go-ethereum_trace)"
Sep 24 17:09:28.334 INF API: test ended suite=0 test=68 pass=false
Sep 24 17:09:28.335 INF API: test started suite=0 test=69 name="interop/_control/latest (go-ethereum_trace)"
Sep 24 17:09:28.338 INF API: test ended suite=0 test=69 pass=false
Sep 24 17:09:28.339 INF API: test started suite=0 test=70 name="interop/_control/version (go-ethereum_trace)"
Sep 24 17:09:28.341 INF API: test ended suite=0 test=70 pass=false
Sep 24 17:09:28.342 INF API: test started suite=0 test=71 name="interop/before/block-tail (go-ethereum_trace)"
Sep 24 17:09:28.346 INF API: test ended suite=0 test=71 pass=false
Sep 24 17:09:28.347 INF API: test started suite=0 test=72 name="interop/before/filter-tail (go-ethereum_trace)"
Sep 24 17:09:28.364 INF API: test ended suite=0 test=72 pass=false
Sep 24 17:09:28.365 INF API: test started suite=0 test=73 name="interop/before/head (go-ethereum_trace)"
Sep 24 17:09:28.367 INF API: test ended suite=0 test=73 pass=false
Sep 24 17:09:28.368 INF API: test started suite=0 test=74 name="interop/before/height (go-ethereum_trace)"
Sep 24 17:09:28.370 INF API: test ended suite=0 test=74 pass=false
Sep 24 17:09:28.370 INF API: test started suite=0 test=75 name="interop/before/tail-receipt (go-ethereum_trace)"
Sep 24 17:09:28.373 INF API: test ended suite=0 test=75 pass=false
Sep 24 17:09:28.390 INF API: test started suite=0 test=76 name="interop/after/block-tail (go-ethereum_trace)"
Sep 24 17:09:28.391 INF API: test ended suite=0 test=76 pass=false
Sep 24 17:09:28.392 INF API: test started suite=0 test=77 name="interop/after/filter-tail (go-ethereum_trace)"
Sep 24 17:09:28.393 INF API: test ended suite=0 test=77 pass=false
Sep 24 17:09:28.395 INF API: test started suite=0 test=78 name="interop/after/head (go-ethereum_trace)"
Sep 24 17:09:28.398 INF API: test ended suite=0 test=78 pass=false
Sep 24 17:09:28.399 INF API: test started suite=0 test=79 name="interop/after/height (go-ethereum_trace)"
Sep 24 17:09:28.400 INF API: test ended suite=0 test=79 pass=false
Sep 24 17:09:28.402 INF API: test started suite=0 test=80 name="interop/after/tail-receipt (go-ethereum_trace)"
Sep 24 17:09:28.404 INF API: test ended suite=0 test=80 pass=false
Sep 24 17:09:28.408 INF API: test started suite=0 test=81 name="interop/restored/block-tail (go-ethereum_trace)"
Sep 24 17:09:28.410 INF API: test ended suite=0 test=81 pass=false
Sep 24 17:09:28.411 INF API: test started suite=0 test=82 name="interop/restored/filter-tail (go-ethereum_trace)"
Sep 24 17:09:28.417 INF API: test ended suite=0 test=82 pass=false
Sep 24 17:09:28.417 INF API: test started suite=0 test=83 name="interop/restored/head (go-ethereum_trace)"
Sep 24 17:09:28.420 INF API: test ended suite=0 test=83 pass=false
Sep 24 17:09:28.421 INF API: test started suite=0 test=84 name="interop/restored/height (go-ethereum_trace)"
Sep 24 17:09:28.423 INF API: test ended suite=0 test=84 pass=false
Sep 24 17:09:28.423 INF API: test started suite=0 test=85 name="interop/restored/tail-receipt (go-ethereum_trace)"
Sep 24 17:09:28.428 INF API: test ended suite=0 test=85 pass=false
Sep 24 17:09:28.557 INF API: test ended suite=0 test=67 pass=true
Sep 24 17:09:28.558 INF API: test started suite=0 test=86 name="client launch (nethermind_development)"
Sep 24 17:09:36.115 INF API: client nethermind_development started suite=0 test=86 container=c50e55bd
Sep 24 17:09:36.201 INF API: test started suite=0 test=87 name="interop/_control/head (nethermind_development)"
Sep 24 17:09:36.264 INF API: test ended suite=0 test=87 pass=false
Sep 24 17:09:36.265 INF API: test started suite=0 test=88 name="interop/_control/latest (nethermind_development)"
Sep 24 17:09:36.269 INF API: test ended suite=0 test=88 pass=false
Sep 24 17:09:36.269 INF API: test started suite=0 test=89 name="interop/_control/version (nethermind_development)"
Sep 24 17:09:36.275 INF API: test ended suite=0 test=89 pass=false
Sep 24 17:09:36.277 INF API: test started suite=0 test=90 name="interop/before/block-tail (nethermind_development)"
Sep 24 17:09:36.367 INF API: test ended suite=0 test=90 pass=false
Sep 24 17:09:36.368 INF API: test started suite=0 test=91 name="interop/before/filter-tail (nethermind_development)"
Sep 24 17:09:36.394 INF API: test ended suite=0 test=91 pass=false
Sep 24 17:09:36.395 INF API: test started suite=0 test=92 name="interop/before/head (nethermind_development)"
Sep 24 17:09:36.398 INF API: test ended suite=0 test=92 pass=false
Sep 24 17:09:36.399 INF API: test started suite=0 test=93 name="interop/before/height (nethermind_development)"
Sep 24 17:09:36.407 INF API: test ended suite=0 test=93 pass=false
Sep 24 17:09:36.408 INF API: test started suite=0 test=94 name="interop/before/tail-receipt (nethermind_development)"
Sep 24 17:09:36.428 INF API: test ended suite=0 test=94 pass=false
Sep 24 17:09:36.493 INF API: test started suite=0 test=95 name="interop/after/block-tail (nethermind_development)"
Sep 24 17:09:36.496 INF API: test ended suite=0 test=95 pass=false
Sep 24 17:09:36.497 INF API: test started suite=0 test=96 name="interop/after/filter-tail (nethermind_development)"
Sep 24 17:09:36.506 INF API: test ended suite=0 test=96 pass=false
Sep 24 17:09:36.507 INF API: test started suite=0 test=97 name="interop/after/head (nethermind_development)"
Sep 24 17:09:36.509 INF API: test ended suite=0 test=97 pass=false
Sep 24 17:09:36.510 INF API: test started suite=0 test=98 name="interop/after/height (nethermind_development)"
Sep 24 17:09:36.512 INF API: test ended suite=0 test=98 pass=false
Sep 24 17:09:36.513 INF API: test started suite=0 test=99 name="interop/after/tail-receipt (nethermind_development)"
Sep 24 17:09:36.515 INF API: test ended suite=0 test=99 pass=false
Sep 24 17:09:36.518 INF API: test started suite=0 test=100 name="interop/restored/block-tail (nethermind_development)"
Sep 24 17:09:36.523 INF API: test ended suite=0 test=100 pass=false
Sep 24 17:09:36.524 INF API: test started suite=0 test=101 name="interop/restored/filter-tail (nethermind_development)"
Sep 24 17:09:36.539 INF API: test ended suite=0 test=101 pass=false
Sep 24 17:09:36.540 INF API: test started suite=0 test=102 name="interop/restored/head (nethermind_development)"
Sep 24 17:09:36.543 INF API: test ended suite=0 test=102 pass=false
Sep 24 17:09:36.544 INF API: test started suite=0 test=103 name="interop/restored/height (nethermind_development)"
Sep 24 17:09:36.546 INF API: test ended suite=0 test=103 pass=false
Sep 24 17:09:36.547 INF API: test started suite=0 test=104 name="interop/restored/tail-receipt (nethermind_development)"
Sep 24 17:09:36.549 INF API: test ended suite=0 test=104 pass=false
Sep 24 17:09:36.704 INF API: test ended suite=0 test=86 pass=true
Sep 24 17:09:36.706 INF API: test started suite=0 test=105 name="client launch (nethermind_release)"
Sep 24 17:09:44.472 INF API: client nethermind_release started suite=0 test=105 container=11030b76
Sep 24 17:09:44.566 INF API: test started suite=0 test=106 name="interop/_control/head (nethermind_release)"
Sep 24 17:09:44.613 INF API: test ended suite=0 test=106 pass=false
Sep 24 17:09:44.615 INF API: test started suite=0 test=107 name="interop/_control/latest (nethermind_release)"
Sep 24 17:09:44.620 INF API: test ended suite=0 test=107 pass=false
Sep 24 17:09:44.622 INF API: test started suite=0 test=108 name="interop/_control/version (nethermind_release)"
Sep 24 17:09:44.625 INF API: test ended suite=0 test=108 pass=false
Sep 24 17:09:44.626 INF API: test started suite=0 test=109 name="interop/before/block-tail (nethermind_release)"
Sep 24 17:09:44.694 INF API: test ended suite=0 test=109 pass=false
Sep 24 17:09:44.695 INF API: test started suite=0 test=110 name="interop/before/filter-tail (nethermind_release)"
Sep 24 17:09:44.719 INF API: test ended suite=0 test=110 pass=false
Sep 24 17:09:44.720 INF API: test started suite=0 test=111 name="interop/before/head (nethermind_release)"
Sep 24 17:09:44.722 INF API: test ended suite=0 test=111 pass=false
Sep 24 17:09:44.723 INF API: test started suite=0 test=112 name="interop/before/height (nethermind_release)"
Sep 24 17:09:44.727 INF API: test ended suite=0 test=112 pass=false
Sep 24 17:09:44.727 INF API: test started suite=0 test=113 name="interop/before/tail-receipt (nethermind_release)"
Sep 24 17:09:44.747 INF API: test ended suite=0 test=113 pass=false
Sep 24 17:09:44.805 INF API: test started suite=0 test=114 name="interop/after/block-tail (nethermind_release)"
Sep 24 17:09:44.809 INF API: test ended suite=0 test=114 pass=false
Sep 24 17:09:44.810 INF API: test started suite=0 test=115 name="interop/after/filter-tail (nethermind_release)"
Sep 24 17:09:44.820 INF API: test ended suite=0 test=115 pass=false
Sep 24 17:09:44.821 INF API: test started suite=0 test=116 name="interop/after/head (nethermind_release)"
Sep 24 17:09:44.824 INF API: test ended suite=0 test=116 pass=false
Sep 24 17:09:44.825 INF API: test started suite=0 test=117 name="interop/after/height (nethermind_release)"
Sep 24 17:09:44.826 INF API: test ended suite=0 test=117 pass=false
Sep 24 17:09:44.827 INF API: test started suite=0 test=118 name="interop/after/tail-receipt (nethermind_release)"
Sep 24 17:09:44.828 INF API: test ended suite=0 test=118 pass=false
Sep 24 17:09:44.833 INF API: test started suite=0 test=119 name="interop/restored/block-tail (nethermind_release)"
Sep 24 17:09:44.837 INF API: test ended suite=0 test=119 pass=false
Sep 24 17:09:44.838 INF API: test started suite=0 test=120 name="interop/restored/filter-tail (nethermind_release)"
Sep 24 17:09:44.853 INF API: test ended suite=0 test=120 pass=false
Sep 24 17:09:44.854 INF API: test started suite=0 test=121 name="interop/restored/head (nethermind_release)"
Sep 24 17:09:44.856 INF API: test ended suite=0 test=121 pass=false
Sep 24 17:09:44.857 INF API: test started suite=0 test=122 name="interop/restored/height (nethermind_release)"
Sep 24 17:09:44.859 INF API: test ended suite=0 test=122 pass=false
Sep 24 17:09:44.859 INF API: test started suite=0 test=123 name="interop/restored/tail-receipt (nethermind_release)"
Sep 24 17:09:44.860 INF API: test ended suite=0 test=123 pass=false
Sep 24 17:09:45.218 INF API: test ended suite=0 test=105 pass=true
Sep 24 17:09:45.219 INF API: test started suite=0 test=124 name="client launch (reth_development)"
Sep 24 17:09:48.015 INF API: client reth_development started suite=0 test=124 container=c1b99907
Sep 24 17:09:48.027 INF API: test started suite=0 test=125 name="interop/_control/head (reth_development)"
Sep 24 17:09:48.031 INF API: test ended suite=0 test=125 pass=false
Sep 24 17:09:48.032 INF API: test started suite=0 test=126 name="interop/_control/latest (reth_development)"
Sep 24 17:09:48.035 INF API: test ended suite=0 test=126 pass=false
Sep 24 17:09:48.036 INF API: test started suite=0 test=127 name="interop/_control/version (reth_development)"
Sep 24 17:09:48.038 INF API: test ended suite=0 test=127 pass=false
Sep 24 17:09:48.039 INF API: test started suite=0 test=128 name="interop/before/block-tail (reth_development)"
Sep 24 17:09:48.041 INF API: test ended suite=0 test=128 pass=false
Sep 24 17:09:48.042 INF API: test started suite=0 test=129 name="interop/before/filter-tail (reth_development)"
Sep 24 17:09:48.046 INF API: test ended suite=0 test=129 pass=false
Sep 24 17:09:48.047 INF API: test started suite=0 test=130 name="interop/before/head (reth_development)"
Sep 24 17:09:48.048 INF API: test ended suite=0 test=130 pass=false
Sep 24 17:09:48.049 INF API: test started suite=0 test=131 name="interop/before/height (reth_development)"
Sep 24 17:09:48.050 INF API: test ended suite=0 test=131 pass=false
Sep 24 17:09:48.051 INF API: test started suite=0 test=132 name="interop/before/tail-receipt (reth_development)"
Sep 24 17:09:48.053 INF API: test ended suite=0 test=132 pass=false
Sep 24 17:09:48.085 INF API: test started suite=0 test=133 name="interop/after/block-tail (reth_development)"
Sep 24 17:09:48.086 INF API: test ended suite=0 test=133 pass=false
Sep 24 17:09:48.087 INF API: test started suite=0 test=134 name="interop/after/filter-tail (reth_development)"
Sep 24 17:09:48.091 INF API: test ended suite=0 test=134 pass=false
Sep 24 17:09:48.092 INF API: test started suite=0 test=135 name="interop/after/head (reth_development)"
Sep 24 17:09:48.095 INF API: test ended suite=0 test=135 pass=false
Sep 24 17:09:48.095 INF API: test started suite=0 test=136 name="interop/after/height (reth_development)"
Sep 24 17:09:48.096 INF API: test ended suite=0 test=136 pass=false
Sep 24 17:09:48.097 INF API: test started suite=0 test=137 name="interop/after/tail-receipt (reth_development)"
Sep 24 17:09:48.099 INF API: test ended suite=0 test=137 pass=false
Sep 24 17:10:18.278 INF API: test ended suite=0 test=124 pass=false
Sep 24 17:10:18.279 INF API: test started suite=0 test=138 name="client launch (reth_release)"
Sep 24 17:10:18.931 INF API: client reth_release started suite=0 test=138 container=c3fd8120
Sep 24 17:10:18.935 INF API: test started suite=0 test=139 name="interop/_control/head (reth_release)"
Sep 24 17:10:18.938 INF API: test ended suite=0 test=139 pass=false
Sep 24 17:10:18.938 INF API: test started suite=0 test=140 name="interop/_control/latest (reth_release)"
Sep 24 17:10:18.941 INF API: test ended suite=0 test=140 pass=false
Sep 24 17:10:18.941 INF API: test started suite=0 test=141 name="interop/_control/version (reth_release)"
Sep 24 17:10:18.944 INF API: test ended suite=0 test=141 pass=false
Sep 24 17:10:18.945 INF API: test started suite=0 test=142 name="interop/before/block-tail (reth_release)"
Sep 24 17:10:18.950 INF API: test ended suite=0 test=142 pass=false
Sep 24 17:10:18.951 INF API: test started suite=0 test=143 name="interop/before/filter-tail (reth_release)"
Sep 24 17:10:18.958 INF API: test ended suite=0 test=143 pass=false
Sep 24 17:10:18.959 INF API: test started suite=0 test=144 name="interop/before/head (reth_release)"
Sep 24 17:10:18.962 INF API: test ended suite=0 test=144 pass=false
Sep 24 17:10:18.963 INF API: test started suite=0 test=145 name="interop/before/height (reth_release)"
Sep 24 17:10:18.965 INF API: test ended suite=0 test=145 pass=false
Sep 24 17:10:18.966 INF API: test started suite=0 test=146 name="interop/before/tail-receipt (reth_release)"
Sep 24 17:10:18.968 INF API: test ended suite=0 test=146 pass=false
Sep 24 17:10:19.005 INF API: test started suite=0 test=147 name="interop/after/block-tail (reth_release)"
Sep 24 17:10:19.008 INF API: test ended suite=0 test=147 pass=false
Sep 24 17:10:19.009 INF API: test started suite=0 test=148 name="interop/after/filter-tail (reth_release)"
Sep 24 17:10:19.012 INF API: test ended suite=0 test=148 pass=false
Sep 24 17:10:19.013 INF API: test started suite=0 test=149 name="interop/after/head (reth_release)"
Sep 24 17:10:19.017 INF API: test ended suite=0 test=149 pass=false
Sep 24 17:10:19.017 INF API: test started suite=0 test=150 name="interop/after/height (reth_release)"
Sep 24 17:10:19.020 INF API: test ended suite=0 test=150 pass=false
Sep 24 17:10:19.021 INF API: test started suite=0 test=151 name="interop/after/tail-receipt (reth_release)"
Sep 24 17:10:19.023 INF API: test ended suite=0 test=151 pass=false
Sep 24 17:10:19.026 INF API: test started suite=0 test=152 name="interop/restored/block-tail (reth_release)"
Sep 24 17:10:19.030 INF API: test ended suite=0 test=152 pass=false
Sep 24 17:10:19.031 INF API: test started suite=0 test=153 name="interop/restored/filter-tail (reth_release)"
Sep 24 17:10:19.035 INF API: test ended suite=0 test=153 pass=false
Sep 24 17:10:19.036 INF API: test started suite=0 test=154 name="interop/restored/head (reth_release)"
Sep 24 17:10:19.040 INF API: test ended suite=0 test=154 pass=false
Sep 24 17:10:19.041 INF API: test started suite=0 test=155 name="interop/restored/height (reth_release)"
Sep 24 17:10:19.043 INF API: test ended suite=0 test=155 pass=false
Sep 24 17:10:19.043 INF API: test started suite=0 test=156 name="interop/restored/tail-receipt (reth_release)"
Sep 24 17:10:19.047 INF API: test ended suite=0 test=156 pass=false
Sep 24 17:10:19.176 INF API: test ended suite=0 test=138 pass=true
Sep 24 17:10:19.183 INF API: suite ended suite=0
Sep 24 17:10:19.415 INF simulation ethereum/rpc-compat finished suites=1 tests=156 failed=149
149 tests failed
