To honour the JVM settings for this build a single-use Daemon process will be forked. For more on this, please refer to https://docs.gradle.org/9.3.1/userguide/gradle_daemon.html#sec:disabling_the_daemon in the Gradle documentation.
Daemon will be stopped at the end of the build 

> Configure project :
Generating project version as supplied is version not semver: unspecified

> Task :spotlessInternalRegisterDependencies UP-TO-DATE
> Task :platform:spotlessGroovyGradle UP-TO-DATE
> Task :acceptance-tests:spotlessGroovyGradle UP-TO-DATE
> Task :consensus:spotlessGroovyGradle UP-TO-DATE
> Task :crypto:spotlessGroovyGradle UP-TO-DATE
> Task :ethereum:spotlessGroovyGradle UP-TO-DATE
> Task :acceptance-tests:tests:spotlessGroovyGradle UP-TO-DATE
> Task :services:spotlessGroovyGradle UP-TO-DATE
> Task :plugin-api:spotlessGroovyGradle UP-TO-DATE
> Task :consensus:clique:spotlessGroovyGradle UP-TO-DATE
> Task :spotlessGroovyGradle UP-TO-DATE
> Task :plugins:spotlessGroovyGradle UP-TO-DATE
> Task :evm:spotlessGroovyGradle UP-TO-DATE
> Task :app:spotlessGroovyGradle UP-TO-DATE
> Task :config:spotlessGroovyGradle UP-TO-DATE
> Task :metrics:spotlessGroovyGradle UP-TO-DATE
> Task :testutil:spotlessGroovyGradle UP-TO-DATE
> Task :acceptance-tests:catalogless-test-plugins:spotlessGroovyGradle UP-TO-DATE
> Task :testfuzz:spotlessGroovyGradle UP-TO-DATE
> Task :util:spotlessGroovyGradle UP-TO-DATE
> Task :nat:spotlessGroovyGradle UP-TO-DATE
> Task :datatypes:spotlessGroovyGradle UP-TO-DATE
> Task :acceptance-tests:dsl:spotlessGroovyGradle UP-TO-DATE
> Task :spotlessGroovyGradleCheck UP-TO-DATE
> Task :platform:spotlessGroovyGradleCheck UP-TO-DATE
> Task :app:spotlessGroovyGradleCheck UP-TO-DATE
> Task :consensus:clique:spotlessGroovyGradleCheck UP-TO-DATE
> Task :ethereum:spotlessGroovyGradleCheck UP-TO-DATE
> Task :nat:spotlessGroovyGradleCheck UP-TO-DATE
> Task :datatypes:spotlessGroovyGradleCheck UP-TO-DATE
> Task :acceptance-tests:catalogless-test-plugins:spotlessGroovyGradleCheck UP-TO-DATE
> Task :crypto:spotlessGroovyGradleCheck UP-TO-DATE
> Task :evm:spotlessGroovyGradleCheck UP-TO-DATE
> Task :config:spotlessGroovyGradleCheck UP-TO-DATE
> Task :acceptance-tests:dsl:spotlessGroovyGradleCheck UP-TO-DATE
> Task :util:spotlessGroovyGradleCheck UP-TO-DATE
> Task :consensus:spotlessGroovyGradleCheck UP-TO-DATE
> Task :testfuzz:spotlessGroovyGradleCheck UP-TO-DATE
> Task :acceptance-tests:spotlessGroovyGradleCheck UP-TO-DATE
> Task :plugins:spotlessGroovyGradleCheck UP-TO-DATE
> Task :acceptance-tests:tests:spotlessGroovyGradleCheck UP-TO-DATE
> Task :services:spotlessGroovyGradleCheck UP-TO-DATE
> Task :testutil:spotlessGroovyGradleCheck UP-TO-DATE
> Task :plugin-api:spotlessGroovyGradleCheck UP-TO-DATE
> Task :metrics:spotlessGroovyGradleCheck UP-TO-DATE
> Task :platform:spotlessCheck UP-TO-DATE
> Task :acceptance-tests:catalogless-test-plugins:spotlessJava UP-TO-DATE
> Task :acceptance-tests:catalogless-test-plugins:spotlessJavaCheck UP-TO-DATE
> Task :acceptance-tests:catalogless-test-plugins:spotlessShellScripts UP-TO-DATE
> Task :acceptance-tests:catalogless-test-plugins:spotlessShellScriptsCheck UP-TO-DATE
> Task :plugins:spotlessJava UP-TO-DATE
> Task :plugins:spotlessJavaCheck UP-TO-DATE
> Task :metrics:spotlessJava UP-TO-DATE
> Task :acceptance-tests:catalogless-test-plugins:spotlessSolidity UP-TO-DATE
> Task :services:spotlessJava UP-TO-DATE
> Task :nat:spotlessJava UP-TO-DATE
> Task :testutil:spotlessJava UP-TO-DATE
> Task :metrics:spotlessJavaCheck UP-TO-DATE
> Task :testutil:spotlessJavaCheck UP-TO-DATE
> Task :services:spotlessJavaCheck UP-TO-DATE
> Task :acceptance-tests:catalogless-test-plugins:spotlessSolidityCheck UP-TO-DATE
> Task :acceptance-tests:catalogless-test-plugins:spotlessCheck UP-TO-DATE
> Task :nat:spotlessJavaCheck UP-TO-DATE
> Task :crypto:spotlessJava UP-TO-DATE
> Task :crypto:spotlessJavaCheck UP-TO-DATE
> Task :plugin-api:spotlessJava UP-TO-DATE
> Task :plugin-api:spotlessJavaCheck UP-TO-DATE
> Task :consensus:common:spotlessGroovyGradle UP-TO-DATE
> Task :consensus:common:spotlessGroovyGradleCheck UP-TO-DATE
> Task :testfuzz:spotlessJava UP-TO-DATE
> Task :testfuzz:spotlessJavaCheck UP-TO-DATE
> Task :testutil:spotlessShellScripts UP-TO-DATE
> Task :testutil:spotlessShellScriptsCheck UP-TO-DATE
> Task :nat:spotlessShellScripts UP-TO-DATE
> Task :nat:spotlessShellScriptsCheck UP-TO-DATE
> Task :plugins:spotlessShellScripts UP-TO-DATE
> Task :plugins:spotlessShellScriptsCheck UP-TO-DATE
> Task :config:spotlessJava UP-TO-DATE
> Task :datatypes:spotlessJava UP-TO-DATE
> Task :config:spotlessJavaCheck UP-TO-DATE
> Task :consensus:clique:spotlessJava UP-TO-DATE
> Task :plugin-api:spotlessShellScripts UP-TO-DATE
> Task :consensus:clique:spotlessJavaCheck UP-TO-DATE
> Task :plugin-api:spotlessShellScriptsCheck UP-TO-DATE
> Task :datatypes:spotlessJavaCheck UP-TO-DATE
> Task :metrics:spotlessShellScripts UP-TO-DATE
> Task :services:spotlessShellScripts UP-TO-DATE
> Task :testfuzz:spotlessShellScripts UP-TO-DATE
> Task :nat:spotlessSolidity UP-TO-DATE
> Task :metrics:spotlessShellScriptsCheck UP-TO-DATE
> Task :services:spotlessShellScriptsCheck UP-TO-DATE
> Task :util:spotlessJava UP-TO-DATE
> Task :testutil:spotlessSolidity UP-TO-DATE
> Task :acceptance-tests:spotlessJava UP-TO-DATE
> Task :config:spotlessShellScripts UP-TO-DATE
> Task :nat:spotlessSolidityCheck UP-TO-DATE
> Task :testfuzz:spotlessShellScriptsCheck UP-TO-DATE
> Task :nat:spotlessCheck UP-TO-DATE
> Task :util:spotlessJavaCheck UP-TO-DATE
> Task :testutil:spotlessSolidityCheck UP-TO-DATE
> Task :acceptance-tests:spotlessJavaCheck UP-TO-DATE
> Task :testutil:spotlessCheck UP-TO-DATE
> Task :crypto:spotlessShellScripts UP-TO-DATE
> Task :config:spotlessShellScriptsCheck UP-TO-DATE
> Task :crypto:spotlessShellScriptsCheck UP-TO-DATE
> Task :datatypes:spotlessShellScripts UP-TO-DATE
> Task :datatypes:spotlessShellScriptsCheck UP-TO-DATE
> Task :plugins:spotlessSolidity UP-TO-DATE
> Task :plugin-api:spotlessSolidity UP-TO-DATE
> Task :plugin-api:spotlessSolidityCheck UP-TO-DATE
> Task :plugin-api:spotlessCheck UP-TO-DATE
> Task :plugins:spotlessSolidityCheck UP-TO-DATE
> Task :plugins:spotlessCheck UP-TO-DATE
> Task :util:spotlessShellScripts UP-TO-DATE
> Task :util:spotlessShellScriptsCheck UP-TO-DATE
> Task :datatypes:spotlessSolidity UP-TO-DATE
> Task :datatypes:spotlessSolidityCheck UP-TO-DATE
> Task :datatypes:spotlessCheck UP-TO-DATE
> Task :acceptance-tests:tests:spotlessJava UP-TO-DATE
> Task :acceptance-tests:tests:spotlessJavaCheck UP-TO-DATE
> Task :consensus:clique:spotlessShellScripts UP-TO-DATE
> Task :config:spotlessSolidity UP-TO-DATE
> Task :acceptance-tests:dsl:spotlessJava UP-TO-DATE
> Task :consensus:clique:spotlessShellScriptsCheck UP-TO-DATE
> Task :config:spotlessSolidityCheck UP-TO-DATE
> Task :config:spotlessCheck UP-TO-DATE
> Task :acceptance-tests:dsl:spotlessJavaCheck UP-TO-DATE
> Task :util:spotlessSolidity UP-TO-DATE
> Task :util:spotlessSolidityCheck UP-TO-DATE
> Task :util:spotlessCheck UP-TO-DATE
> Task :testfuzz:spotlessSolidity UP-TO-DATE
> Task :services:spotlessSolidity UP-TO-DATE
> Task :consensus:ibft:spotlessGroovyGradle UP-TO-DATE
> Task :metrics:spotlessSolidity UP-TO-DATE
> Task :testfuzz:spotlessSolidityCheck UP-TO-DATE
> Task :acceptance-tests:tests:spotlessShellScripts UP-TO-DATE
> Task :testfuzz:spotlessCheck UP-TO-DATE
> Task :services:spotlessSolidityCheck UP-TO-DATE
> Task :consensus:ibft:spotlessGroovyGradleCheck UP-TO-DATE
> Task :services:spotlessCheck UP-TO-DATE
> Task :metrics:spotlessSolidityCheck UP-TO-DATE
> Task :acceptance-tests:tests:spotlessShellScriptsCheck UP-TO-DATE
> Task :metrics:spotlessCheck UP-TO-DATE
> Task :consensus:common:spotlessJava UP-TO-DATE
> Task :consensus:common:spotlessJavaCheck UP-TO-DATE
> Task :crypto:spotlessSolidity UP-TO-DATE
> Task :acceptance-tests:spotlessShellScripts UP-TO-DATE
> Task :acceptance-tests:spotlessShellScriptsCheck UP-TO-DATE
> Task :crypto:spotlessSolidityCheck UP-TO-DATE
> Task :crypto:spotlessCheck UP-TO-DATE
> Task :consensus:clique:spotlessSolidity UP-TO-DATE
> Task :consensus:clique:spotlessSolidityCheck UP-TO-DATE
> Task :consensus:clique:spotlessCheck UP-TO-DATE
> Task :acceptance-tests:dsl:spotlessShellScripts UP-TO-DATE
> Task :acceptance-tests:dsl:spotlessShellScriptsCheck UP-TO-DATE
> Task :app:spotlessJava UP-TO-DATE
> Task :app:spotlessJavaCheck UP-TO-DATE
> Task :evm:spotlessJava UP-TO-DATE
> Task :evm:spotlessJavaCheck UP-TO-DATE
> Task :consensus:ibft:spotlessJava UP-TO-DATE
> Task :consensus:common:spotlessShellScripts UP-TO-DATE
> Task :consensus:ibft:spotlessJavaCheck UP-TO-DATE
> Task :consensus:common:spotlessShellScriptsCheck UP-TO-DATE
> Task :consensus:merge:spotlessGroovyGradle UP-TO-DATE
> Task :consensus:merge:spotlessGroovyGradleCheck UP-TO-DATE
> Task :consensus:ibftlegacy:spotlessGroovyGradle UP-TO-DATE
> Task :consensus:ibftlegacy:spotlessGroovyGradleCheck UP-TO-DATE
> Task :consensus:spotlessJava UP-TO-DATE
> Task :consensus:spotlessJavaCheck UP-TO-DATE
> Task :acceptance-tests:dsl:spotlessSolidity UP-TO-DATE
> Task :acceptance-tests:dsl:spotlessSolidityCheck UP-TO-DATE
> Task :acceptance-tests:dsl:spotlessCheck UP-TO-DATE
> Task :consensus:ibft:spotlessShellScripts UP-TO-DATE
> Task :consensus:ibft:spotlessShellScriptsCheck UP-TO-DATE
> Task :consensus:common:spotlessSolidity UP-TO-DATE
> Task :consensus:common:spotlessSolidityCheck UP-TO-DATE
> Task :consensus:common:spotlessCheck UP-TO-DATE
> Task :consensus:qbft:spotlessGroovyGradle UP-TO-DATE
> Task :consensus:ibftlegacy:spotlessJava UP-TO-DATE
> Task :consensus:ibftlegacy:spotlessJavaCheck UP-TO-DATE
> Task :consensus:qbft:spotlessGroovyGradleCheck UP-TO-DATE
> Task :acceptance-tests:tests:spotlessSolidity UP-TO-DATE
> Task :evm:spotlessShellScripts UP-TO-DATE
> Task :evm:spotlessShellScriptsCheck UP-TO-DATE
> Task :acceptance-tests:tests:spotlessSolidityCheck UP-TO-DATE
> Task :app:spotlessShellScripts UP-TO-DATE
> Task :acceptance-tests:tests:spotlessCheck UP-TO-DATE
> Task :app:spotlessShellScriptsCheck UP-TO-DATE
> Task :acceptance-tests:spotlessSolidity UP-TO-DATE
> Task :acceptance-tests:spotlessSolidityCheck UP-TO-DATE
> Task :acceptance-tests:spotlessCheck UP-TO-DATE
> Task :consensus:ibftlegacy:spotlessShellScripts UP-TO-DATE
> Task :consensus:merge:spotlessJava UP-TO-DATE
> Task :consensus:ibftlegacy:spotlessShellScriptsCheck UP-TO-DATE
> Task :consensus:merge:spotlessJavaCheck UP-TO-DATE
> Task :consensus:ibft:spotlessSolidity UP-TO-DATE
> Task :consensus:ibft:spotlessSolidityCheck UP-TO-DATE
> Task :consensus:ibft:spotlessCheck UP-TO-DATE
> Task :consensus:ibftlegacy:spotlessSolidity UP-TO-DATE
> Task :consensus:ibftlegacy:spotlessSolidityCheck UP-TO-DATE
> Task :consensus:ibftlegacy:spotlessCheck UP-TO-DATE
> Task :crypto:services:spotlessGroovyGradle UP-TO-DATE
> Task :crypto:services:spotlessGroovyGradleCheck UP-TO-DATE
> Task :consensus:merge:spotlessShellScripts UP-TO-DATE
> Task :consensus:merge:spotlessShellScriptsCheck UP-TO-DATE
> Task :consensus:qbft:spotlessJava UP-TO-DATE
> Task :consensus:qbft:spotlessJavaCheck UP-TO-DATE
> Task :consensus:merge:spotlessSolidity UP-TO-DATE
> Task :consensus:merge:spotlessSolidityCheck UP-TO-DATE
> Task :consensus:merge:spotlessCheck UP-TO-DATE
> Task :crypto:plugin-api:spotlessGroovyGradle UP-TO-DATE
> Task :crypto:plugin-api:spotlessGroovyGradleCheck UP-TO-DATE
> Task :crypto:services:spotlessJava UP-TO-DATE
> Task :crypto:services:spotlessJavaCheck UP-TO-DATE
> Task :consensus:qbft-core:spotlessGroovyGradle UP-TO-DATE
> Task :consensus:qbft-core:spotlessGroovyGradleCheck UP-TO-DATE
> Task :evm:spotlessSolidity UP-TO-DATE
> Task :evm:spotlessSolidityCheck UP-TO-DATE
> Task :evm:spotlessCheck UP-TO-DATE
> Task :consensus:qbft:spotlessShellScripts UP-TO-DATE
> Task :consensus:qbft:spotlessShellScriptsCheck UP-TO-DATE
> Task :app:spotlessSolidity UP-TO-DATE
> Task :crypto:services:spotlessShellScripts UP-TO-DATE
> Task :app:spotlessSolidityCheck UP-TO-DATE
> Task :crypto:plugin-api:spotlessJava UP-TO-DATE
> Task :app:spotlessCheck UP-TO-DATE
> Task :crypto:services:spotlessShellScriptsCheck UP-TO-DATE
> Task :crypto:plugin-api:spotlessJavaCheck UP-TO-DATE
> Task :crypto:algorithms:spotlessGroovyGradle UP-TO-DATE
> Task :crypto:algorithms:spotlessGroovyGradleCheck UP-TO-DATE
> Task :crypto:plugin-api:spotlessShellScripts UP-TO-DATE
> Task :consensus:qbft:spotlessSolidity UP-TO-DATE
> Task :crypto:plugin-api:spotlessShellScriptsCheck UP-TO-DATE
> Task :consensus:qbft:spotlessSolidityCheck UP-TO-DATE
> Task :consensus:qbft:spotlessCheck UP-TO-DATE
> Task :crypto:services:spotlessSolidity UP-TO-DATE
> Task :ethereum:ethstats:spotlessGroovyGradle UP-TO-DATE
> Task :ethereum:ethstats:spotlessGroovyGradleCheck UP-TO-DATE
> Task :crypto:services:spotlessSolidityCheck UP-TO-DATE
> Task :crypto:services:spotlessCheck UP-TO-DATE
> Task :crypto:plugin-api:spotlessSolidity UP-TO-DATE
> Task :crypto:plugin-api:spotlessSolidityCheck UP-TO-DATE
> Task :crypto:plugin-api:spotlessCheck UP-TO-DATE
> Task :ethereum:eth:spotlessGroovyGradle UP-TO-DATE
> Task :ethereum:eth:spotlessGroovyGradleCheck UP-TO-DATE
> Task :consensus:spotlessShellScripts UP-TO-DATE
> Task :consensus:spotlessShellScriptsCheck UP-TO-DATE
> Task :crypto:algorithms:spotlessJava UP-TO-DATE
> Task :crypto:algorithms:spotlessJavaCheck UP-TO-DATE
> Task :consensus:qbft-core:spotlessJava UP-TO-DATE
> Task :ethereum:blockcreation:spotlessGroovyGradle UP-TO-DATE
> Task :crypto:algorithms:spotlessShellScripts UP-TO-DATE
> Task :consensus:qbft-core:spotlessJavaCheck UP-TO-DATE
> Task :crypto:algorithms:spotlessShellScriptsCheck UP-TO-DATE
> Task :ethereum:blockcreation:spotlessGroovyGradleCheck UP-TO-DATE
> Task :ethereum:ethstats:spotlessJava UP-TO-DATE
> Task :ethereum:ethstats:spotlessJavaCheck UP-TO-DATE
> Task :crypto:algorithms:spotlessSolidity UP-TO-DATE
> Task :crypto:algorithms:spotlessSolidityCheck UP-TO-DATE
> Task :crypto:algorithms:spotlessCheck UP-TO-DATE
> Task :ethereum:core:spotlessGroovyGradle UP-TO-DATE
> Task :ethereum:core:spotlessGroovyGradleCheck UP-TO-DATE
> Task :ethereum:ethstats:spotlessShellScripts UP-TO-DATE
> Task :ethereum:ethstats:spotlessShellScriptsCheck UP-TO-DATE
> Task :consensus:qbft-core:spotlessShellScripts UP-TO-DATE
> Task :consensus:qbft-core:spotlessShellScriptsCheck UP-TO-DATE
> Task :ethereum:p2p:spotlessGroovyGradle UP-TO-DATE
> Task :ethereum:p2p:spotlessGroovyGradleCheck UP-TO-DATE
> Task :ethereum:ethstats:spotlessSolidity UP-TO-DATE
> Task :ethereum:ethstats:spotlessSolidityCheck UP-TO-DATE
> Task :ethereum:ethstats:spotlessCheck UP-TO-DATE
> Task :ethereum:blockcreation:spotlessJava UP-TO-DATE
> Task :ethereum:evmtool:spotlessGroovyGradle UP-TO-DATE
> Task :consensus:qbft-core:spotlessSolidity UP-TO-DATE
> Task :consensus:qbft-core:spotlessSolidityCheck UP-TO-DATE
> Task :consensus:qbft-core:spotlessCheck UP-TO-DATE
> Task :ethereum:evmtool:spotlessGroovyGradleCheck UP-TO-DATE
> Task :ethereum:blockcreation:spotlessJavaCheck UP-TO-DATE
> Task :ethereum:api:spotlessGroovyGradle UP-TO-DATE
> Task :ethereum:api:spotlessGroovyGradleCheck UP-TO-DATE
> Task :ethereum:referencetests:spotlessGroovyGradle UP-TO-DATE
> Task :ethereum:referencetests:spotlessGroovyGradleCheck UP-TO-DATE
> Task :ethereum:rlp:spotlessGroovyGradle UP-TO-DATE
> Task :ethereum:rlp:spotlessGroovyGradleCheck UP-TO-DATE
> Task :ethereum:permissioning:spotlessGroovyGradle UP-TO-DATE
> Task :ethereum:permissioning:spotlessGroovyGradleCheck UP-TO-DATE
> Task :ethereum:blockcreation:spotlessShellScripts UP-TO-DATE
> Task :ethereum:blockcreation:spotlessShellScriptsCheck UP-TO-DATE
> Task :metrics:core:spotlessGroovyGradle UP-TO-DATE
> Task :metrics:core:spotlessGroovyGradleCheck UP-TO-DATE
> Task :ethereum:mock-p2p:spotlessGroovyGradle UP-TO-DATE
> Task :ethereum:mock-p2p:spotlessGroovyGradleCheck UP-TO-DATE
> Task :ethereum:trie:spotlessGroovyGradle UP-TO-DATE
> Task :ethereum:trie:spotlessGroovyGradleCheck UP-TO-DATE
> Task :ethereum:mock-p2p:spotlessJava UP-TO-DATE
> Task :plugins:health:spotlessGroovyGradle UP-TO-DATE
> Task :ethereum:mock-p2p:spotlessJavaCheck UP-TO-DATE
> Task :plugins:health:spotlessGroovyGradleCheck UP-TO-DATE
> Task :metrics:rocksdb:spotlessGroovyGradle UP-TO-DATE
> Task :metrics:plugin-api:spotlessGroovyGradle UP-TO-DATE
> Task :metrics:rocksdb:spotlessGroovyGradleCheck UP-TO-DATE
> Task :metrics:plugin-api:spotlessGroovyGradleCheck UP-TO-DATE
> Task :ethereum:blockcreation:spotlessSolidity UP-TO-DATE
> Task :ethereum:rlp:spotlessJava UP-TO-DATE
> Task :ethereum:blockcreation:spotlessSolidityCheck UP-TO-DATE
> Task :ethereum:rlp:spotlessJavaCheck UP-TO-DATE
> Task :ethereum:blockcreation:spotlessCheck UP-TO-DATE
> Task :ethereum:referencetests:spotlessJava UP-TO-DATE
> Task :ethereum:mock-p2p:spotlessShellScripts UP-TO-DATE
> Task :ethereum:mock-p2p:spotlessShellScriptsCheck UP-TO-DATE
> Task :ethereum:referencetests:spotlessJavaCheck UP-TO-DATE
> Task :plugin-api:core:spotlessGroovyGradle UP-TO-DATE
> Task :plugin-api:core:spotlessGroovyGradleCheck UP-TO-DATE
> Task :metrics:rocksdb:spotlessJava UP-TO-DATE
> Task :metrics:rocksdb:spotlessJavaCheck UP-TO-DATE
> Task :ethereum:mock-p2p:spotlessSolidity UP-TO-DATE
> Task :ethereum:mock-p2p:spotlessSolidityCheck UP-TO-DATE
> Task :ethereum:mock-p2p:spotlessCheck UP-TO-DATE
> Task :ethereum:rlp:spotlessShellScripts UP-TO-DATE
> Task :consensus:spotlessSolidity UP-TO-DATE
> Task :ethereum:rlp:spotlessShellScriptsCheck UP-TO-DATE
> Task :plugins:health:spotlessJava UP-TO-DATE
> Task :consensus:spotlessSolidityCheck UP-TO-DATE
> Task :ethereum:evmtool:spotlessJava UP-TO-DATE
> Task :consensus:spotlessCheck UP-TO-DATE
> Task :metrics:rocksdb:spotlessShellScripts UP-TO-DATE
> Task :plugins:health:spotlessJavaCheck UP-TO-DATE
> Task :ethereum:evmtool:spotlessJavaCheck UP-TO-DATE
> Task :metrics:rocksdb:spotlessShellScriptsCheck UP-TO-DATE
> Task :metrics:plugin-api:spotlessJava UP-TO-DATE
> Task :ethereum:referencetests:spotlessShellScripts UP-TO-DATE
> Task :metrics:plugin-api:spotlessJavaCheck UP-TO-DATE
> Task :ethereum:referencetests:spotlessShellScriptsCheck UP-TO-DATE
> Task :ethereum:permissioning:spotlessJava UP-TO-DATE
> Task :ethereum:permissioning:spotlessJavaCheck UP-TO-DATE
> Task :plugins:health:spotlessShellScripts UP-TO-DATE
> Task :plugins:health:spotlessShellScriptsCheck UP-TO-DATE
> Task :ethereum:rlp:spotlessSolidity UP-TO-DATE
> Task :ethereum:rlp:spotlessSolidityCheck UP-TO-DATE
> Task :ethereum:rlp:spotlessCheck UP-TO-DATE
> Task :plugin-api:core:spotlessJava UP-TO-DATE
> Task :plugin-api:core:spotlessJavaCheck UP-TO-DATE
> Task :ethereum:trie:spotlessJava UP-TO-DATE
> Task :services:kvstore:spotlessGroovyGradle UP-TO-DATE
> Task :services:kvstore:spotlessGroovyGradleCheck UP-TO-DATE
> Task :plugins:health:spotlessSolidity UP-TO-DATE
> Task :metrics:rocksdb:spotlessSolidity UP-TO-DATE
> Task :ethereum:trie:spotlessJavaCheck UP-TO-DATE
> Task :metrics:core:spotlessJava UP-TO-DATE
> Task :metrics:rocksdb:spotlessSolidityCheck UP-TO-DATE
> Task :plugins:health:spotlessSolidityCheck UP-TO-DATE
> Task :metrics:rocksdb:spotlessCheck UP-TO-DATE
> Task :plugins:health:spotlessCheck UP-TO-DATE
> Task :metrics:core:spotlessJavaCheck UP-TO-DATE
> Task :metrics:plugin-api:spotlessShellScripts UP-TO-DATE
> Task :services:pipeline:spotlessGroovyGradle UP-TO-DATE
> Task :metrics:plugin-api:spotlessShellScriptsCheck UP-TO-DATE
> Task :services:pipeline:spotlessGroovyGradleCheck UP-TO-DATE
> Task :plugin-api:core:spotlessShellScripts UP-TO-DATE
> Task :plugins:rocksdb:spotlessGroovyGradle UP-TO-DATE
> Task :plugin-api:core:spotlessShellScriptsCheck UP-TO-DATE
> Task :plugins:rocksdb:spotlessGroovyGradleCheck UP-TO-DATE
> Task :ethereum:permissioning:spotlessShellScripts UP-TO-DATE
> Task :ethereum:permissioning:spotlessShellScriptsCheck UP-TO-DATE
> Task :ethereum:referencetests:spotlessSolidity UP-TO-DATE
> Task :ethereum:referencetests:spotlessSolidityCheck UP-TO-DATE
> Task :ethereum:referencetests:spotlessCheck UP-TO-DATE
> Task :ethereum:evmtool:spotlessShellScripts UP-TO-DATE
> Task :ethereum:evmtool:spotlessShellScriptsCheck UP-TO-DATE
> Task :ethereum:trie:spotlessShellScripts UP-TO-DATE
> Task :ethereum:trie:spotlessShellScriptsCheck UP-TO-DATE
> Task :plugin-api:core:spotlessSolidity UP-TO-DATE
> Task :plugin-api:core:spotlessSolidityCheck UP-TO-DATE
> Task :plugin-api:core:spotlessCheck UP-TO-DATE
> Task :metrics:core:spotlessShellScripts UP-TO-DATE
> Task :metrics:core:spotlessShellScriptsCheck UP-TO-DATE
> Task :services:pipeline:spotlessJava UP-TO-DATE
> Task :services:pipeline:spotlessJavaCheck UP-TO-DATE
> Task :metrics:plugin-api:spotlessSolidity UP-TO-DATE
> Task :metrics:plugin-api:spotlessSolidityCheck UP-TO-DATE
> Task :metrics:plugin-api:spotlessCheck UP-TO-DATE
> Task :ethereum:trie:spotlessSolidity UP-TO-DATE
> Task :ethereum:permissioning:spotlessSolidity UP-TO-DATE
> Task :ethereum:trie:spotlessSolidityCheck UP-TO-DATE
> Task :ethereum:trie:spotlessCheck UP-TO-DATE
> Task :ethereum:p2p:spotlessJava UP-TO-DATE
> Task :ethereum:permissioning:spotlessSolidityCheck UP-TO-DATE
> Task :ethereum:permissioning:spotlessCheck UP-TO-DATE
> Task :services:kvstore:spotlessJava UP-TO-DATE
> Task :services:kvstore:spotlessJavaCheck UP-TO-DATE
> Task :ethereum:p2p:spotlessJavaCheck UP-TO-DATE
> Task :services:pipeline:spotlessShellScripts UP-TO-DATE
> Task :services:pipeline:spotlessShellScriptsCheck UP-TO-DATE
> Task :ethereum:evmtool:spotlessSolidity UP-TO-DATE
> Task :ethereum:evmtool:spotlessSolidityCheck UP-TO-DATE
> Task :ethereum:evmtool:spotlessCheck UP-TO-DATE
> Task :plugins:rocksdb:spotlessJava UP-TO-DATE
> Task :plugins:rocksdb:spotlessJavaCheck UP-TO-DATE
> Task :services:pipeline:spotlessSolidity UP-TO-DATE
> Task :services:pipeline:spotlessSolidityCheck UP-TO-DATE
> Task :services:pipeline:spotlessCheck UP-TO-DATE
> Task :metrics:core:spotlessSolidity UP-TO-DATE
> Task :metrics:core:spotlessSolidityCheck UP-TO-DATE
> Task :metrics:core:spotlessCheck UP-TO-DATE
> Task :ethereum:eth:spotlessJava UP-TO-DATE
> Task :ethereum:eth:spotlessJavaCheck UP-TO-DATE
> Task :services:kvstore:spotlessShellScripts UP-TO-DATE
> Task :services:kvstore:spotlessShellScriptsCheck UP-TO-DATE
> Task :plugins:rocksdb:spotlessShellScripts UP-TO-DATE
> Task :plugins:rocksdb:spotlessShellScriptsCheck UP-TO-DATE
> Task :acceptance-tests:tests:shanghai:spotlessGroovyGradle UP-TO-DATE
> Task :acceptance-tests:tests:shanghai:spotlessGroovyGradleCheck UP-TO-DATE
> Task :acceptance-tests:tests:shanghai:spotlessJava UP-TO-DATE
> Task :services:tasks:spotlessGroovyGradle UP-TO-DATE
> Task :acceptance-tests:tests:shanghai:spotlessJavaCheck UP-TO-DATE
> Task :services:tasks:spotlessGroovyGradleCheck UP-TO-DATE
> Task :acceptance-tests:tests:shanghai:spotlessShellScripts UP-TO-DATE
> Task :acceptance-tests:tests:shanghai:spotlessShellScriptsCheck UP-TO-DATE
> Task :plugins:rocksdb:spotlessSolidity UP-TO-DATE
> Task :plugins:rocksdb:spotlessSolidityCheck UP-TO-DATE
> Task :plugins:rocksdb:spotlessCheck UP-TO-DATE
> Task :services:kvstore:spotlessSolidity UP-TO-DATE
> Task :services:kvstore:spotlessSolidityCheck UP-TO-DATE
> Task :services:kvstore:spotlessCheck UP-TO-DATE
> Task :acceptance-tests:tests:shanghai:spotlessSolidity UP-TO-DATE
> Task :acceptance-tests:tests:shanghai:spotlessSolidityCheck UP-TO-DATE
> Task :acceptance-tests:tests:shanghai:spotlessCheck UP-TO-DATE
> Task :ethereum:api:plugin-api:spotlessGroovyGradle UP-TO-DATE
> Task :ethereum:api:plugin-api:spotlessGroovyGradleCheck UP-TO-DATE
> Task :services:tasks:spotlessJava UP-TO-DATE
> Task :services:tasks:spotlessJavaCheck UP-TO-DATE
> Task :ethereum:api:plugin-api:spotlessJava UP-TO-DATE
> Task :ethereum:api:plugin-api:spotlessJavaCheck UP-TO-DATE
> Task :ethereum:p2p:spotlessShellScripts UP-TO-DATE
> Task :ethereum:p2p:spotlessShellScriptsCheck UP-TO-DATE
> Task :ethereum:core:plugin-api-chain:spotlessGroovyGradle UP-TO-DATE
> Task :acceptance-tests:tests:osaka:spotlessGroovyGradle UP-TO-DATE
> Task :services:tasks:spotlessShellScripts UP-TO-DATE
> Task :ethereum:core:plugin-api-chain:spotlessGroovyGradleCheck UP-TO-DATE
> Task :services:tasks:spotlessShellScriptsCheck UP-TO-DATE
> Task :ethereum:api:plugin-api:spotlessShellScripts UP-TO-DATE
> Task :ethereum:api:plugin-api:spotlessShellScriptsCheck UP-TO-DATE
> Task :acceptance-tests:tests:osaka:spotlessGroovyGradleCheck UP-TO-DATE
> Task :ethereum:core:plugin-api-execution:spotlessGroovyGradle UP-TO-DATE
> Task :ethereum:core:plugin-api-execution:spotlessGroovyGradleCheck UP-TO-DATE
> Task :acceptance-tests:tests:osaka:spotlessJava UP-TO-DATE
> Task :acceptance-tests:tests:osaka:spotlessJavaCheck UP-TO-DATE
> Task :services:tasks:spotlessSolidity UP-TO-DATE
> Task :services:tasks:spotlessSolidityCheck UP-TO-DATE
> Task :services:tasks:spotlessCheck UP-TO-DATE
> Task :acceptance-tests:tests:osaka:spotlessShellScripts UP-TO-DATE
> Task :acceptance-tests:tests:osaka:spotlessShellScriptsCheck UP-TO-DATE
> Task :ethereum:core:plugin-api-execution:spotlessJava UP-TO-DATE
> Task :ethereum:core:plugin-api-execution:spotlessJavaCheck UP-TO-DATE
> Task :ethereum:blockcreation:plugin-api:spotlessGroovyGradle UP-TO-DATE
> Task :ethereum:api:plugin-api:spotlessSolidity UP-TO-DATE
> Task :ethereum:blockcreation:plugin-api:spotlessGroovyGradleCheck UP-TO-DATE
> Task :ethereum:api:plugin-api:spotlessSolidityCheck UP-TO-DATE
> Task :ethereum:api:plugin-api:spotlessCheck UP-TO-DATE
> Task :acceptance-tests:tests:osaka:spotlessSolidity UP-TO-DATE
> Task :ethereum:core:plugin-api-chain:spotlessJava UP-TO-DATE
> Task :acceptance-tests:tests:osaka:spotlessSolidityCheck UP-TO-DATE
> Task :ethereum:core:plugin-api-chain:spotlessJavaCheck UP-TO-DATE
> Task :acceptance-tests:tests:osaka:spotlessCheck UP-TO-DATE
> Task :ethereum:core:plugin-api-execution:spotlessShellScripts UP-TO-DATE
> Task :ethereum:core:plugin-api-chain:spotlessShellScripts UP-TO-DATE
> Task :ethereum:core:plugin-api-execution:spotlessShellScriptsCheck UP-TO-DATE
> Task :ethereum:core:plugin-api-chain:spotlessShellScriptsCheck UP-TO-DATE
> Task :ethereum:core:plugin-api-worldstate-backend:spotlessGroovyGradle UP-TO-DATE
> Task :ethereum:core:plugin-api-worldstate-backend:spotlessGroovyGradleCheck UP-TO-DATE
> Task :ethereum:core:plugin-api-execution:spotlessSolidity UP-TO-DATE
> Task :ethereum:core:plugin-api-chain:spotlessSolidity UP-TO-DATE
> Task :ethereum:eth:plugin-api-txpool:spotlessGroovyGradle UP-TO-DATE
> Task :ethereum:core:plugin-api-validation:spotlessGroovyGradle UP-TO-DATE
> Task :ethereum:core:plugin-api-execution:spotlessSolidityCheck UP-TO-DATE
> Task :ethereum:core:plugin-api-chain:spotlessSolidityCheck UP-TO-DATE
> Task :ethereum:eth:plugin-api-txpool:spotlessGroovyGradleCheck UP-TO-DATE
> Task :ethereum:core:plugin-api-chain:spotlessCheck UP-TO-DATE
> Task :ethereum:core:plugin-api-validation:spotlessGroovyGradleCheck UP-TO-DATE
> Task :ethereum:core:plugin-api-execution:spotlessCheck UP-TO-DATE
> Task :ethereum:core:plugin-api-worldstate:spotlessGroovyGradle UP-TO-DATE
> Task :ethereum:blockcreation:plugin-api:spotlessJava UP-TO-DATE
> Task :ethereum:core:plugin-api-worldstate:spotlessGroovyGradleCheck UP-TO-DATE
> Task :ethereum:blockcreation:plugin-api:spotlessJavaCheck UP-TO-DATE
> Task :ethereum:eth:plugin-api-sync:spotlessGroovyGradle UP-TO-DATE
> Task :ethereum:eth:plugin-api-sync:spotlessGroovyGradleCheck UP-TO-DATE
> Task :ethereum:core:plugin-api-worldstate-backend:spotlessJava UP-TO-DATE
> Task :ethereum:core:plugin-api-worldstate-backend:spotlessJavaCheck UP-TO-DATE
> Task :ethereum:blockcreation:plugin-api:spotlessShellScripts UP-TO-DATE
> Task :ethereum:eth:plugin-api-sync:spotlessJava UP-TO-DATE
> Task :ethereum:blockcreation:plugin-api:spotlessShellScriptsCheck UP-TO-DATE
> Task :ethereum:eth:plugin-api-sync:spotlessJavaCheck UP-TO-DATE
> Task :ethereum:permissioning:plugin-api:spotlessGroovyGradle UP-TO-DATE
> Task :services:kvstore:plugin-api:spotlessGroovyGradle UP-TO-DATE
> Task :ethereum:eth:plugin-api-txpool:spotlessJava UP-TO-DATE
> Task :ethereum:p2p:plugin-api:spotlessGroovyGradle UP-TO-DATE
> Task :ethereum:permissioning:plugin-api:spotlessGroovyGradleCheck UP-TO-DATE
> Task :ethereum:p2p:plugin-api:spotlessGroovyGradleCheck UP-TO-DATE
> Task :services:kvstore:plugin-api:spotlessGroovyGradleCheck UP-TO-DATE
> Task :ethereum:core:plugin-api-worldstate:spotlessJava UP-TO-DATE
> Task :ethereum:eth:plugin-api-txpool:spotlessJavaCheck UP-TO-DATE
> Task :ethereum:core:plugin-api-worldstate:spotlessJavaCheck UP-TO-DATE
> Task :ethereum:core:plugin-api-validation:spotlessJava UP-TO-DATE
> Task :ethereum:core:plugin-api-validation:spotlessJavaCheck UP-TO-DATE
> Task :ethereum:core:plugin-api-worldstate-backend:spotlessShellScripts UP-TO-DATE
> Task :ethereum:core:plugin-api-worldstate-backend:spotlessShellScriptsCheck UP-TO-DATE
> Task :ethereum:blockcreation:plugin-api:spotlessSolidity UP-TO-DATE
> Task :ethereum:blockcreation:plugin-api:spotlessSolidityCheck UP-TO-DATE
> Task :ethereum:blockcreation:plugin-api:spotlessCheck UP-TO-DATE
> Task :ethereum:eth:spotlessShellScripts UP-TO-DATE
> Task :ethereum:eth:spotlessShellScriptsCheck UP-TO-DATE
> Task :ethereum:p2p:spotlessSolidity UP-TO-DATE
> Task :ethereum:p2p:spotlessSolidityCheck UP-TO-DATE
> Task :ethereum:p2p:spotlessCheck UP-TO-DATE
> Task :ethereum:permissioning:plugin-api:spotlessJava UP-TO-DATE
> Task :ethereum:permissioning:plugin-api:spotlessJavaCheck UP-TO-DATE
> Task :ethereum:core:plugin-api-validation:spotlessShellScripts UP-TO-DATE
> Task :ethereum:core:plugin-api-validation:spotlessShellScriptsCheck UP-TO-DATE
> Task :ethereum:eth:plugin-api-sync:spotlessShellScripts UP-TO-DATE
> Task :ethereum:p2p:plugin-api:spotlessJava UP-TO-DATE
> Task :ethereum:p2p:plugin-api:spotlessJavaCheck UP-TO-DATE
> Task :ethereum:eth:plugin-api-sync:spotlessShellScriptsCheck UP-TO-DATE
> Task :ethereum:core:plugin-api-worldstate:spotlessShellScripts UP-TO-DATE
> Task :ethereum:core:plugin-api-worldstate:spotlessShellScriptsCheck UP-TO-DATE
> Task :ethereum:core:plugin-api-worldstate-backend:spotlessSolidity UP-TO-DATE
> Task :ethereum:eth:plugin-api-txpool:spotlessShellScripts UP-TO-DATE
> Task :services:kvstore:plugin-api:spotlessJava UP-TO-DATE
> Task :ethereum:core:plugin-api-worldstate-backend:spotlessSolidityCheck UP-TO-DATE
> Task :ethereum:core:plugin-api-worldstate-backend:spotlessCheck UP-TO-DATE
> Task :ethereum:permissioning:plugin-api:spotlessShellScripts UP-TO-DATE
> Task :services:kvstore:plugin-api:spotlessJavaCheck UP-TO-DATE
> Task :ethereum:permissioning:plugin-api:spotlessShellScriptsCheck UP-TO-DATE
> Task :ethereum:eth:plugin-api-txpool:spotlessShellScriptsCheck UP-TO-DATE
> Task :ethereum:eth:plugin-api-sync:spotlessSolidity UP-TO-DATE
> Task :ethereum:p2p:plugin-api:spotlessShellScripts UP-TO-DATE
> Task :ethereum:core:plugin-api-validation:spotlessSolidity UP-TO-DATE
> Task :ethereum:core:plugin-api-worldstate:spotlessSolidity UP-TO-DATE
> Task :ethereum:p2p:plugin-api:spotlessShellScriptsCheck UP-TO-DATE
> Task :ethereum:core:plugin-api-validation:spotlessSolidityCheck UP-TO-DATE
> Task :ethereum:core:plugin-api-worldstate:spotlessSolidityCheck UP-TO-DATE
> Task :ethereum:core:plugin-api-validation:spotlessCheck UP-TO-DATE
> Task :ethereum:eth:plugin-api-sync:spotlessSolidityCheck UP-TO-DATE
> Task :ethereum:eth:plugin-api-sync:spotlessCheck UP-TO-DATE
> Task :ethereum:core:plugin-api-worldstate:spotlessCheck UP-TO-DATE
> Task :ethereum:permissioning:plugin-api:spotlessSolidity UP-TO-DATE
> Task :ethereum:permissioning:plugin-api:spotlessSolidityCheck UP-TO-DATE
> Task :ethereum:permissioning:plugin-api:spotlessCheck UP-TO-DATE
> Task :services:kvstore:plugin-api:spotlessShellScripts UP-TO-DATE
> Task :services:kvstore:plugin-api:spotlessShellScriptsCheck UP-TO-DATE
> Task :ethereum:p2p:plugin-api:spotlessSolidity UP-TO-DATE
> Task :ethereum:eth:plugin-api-txpool:spotlessSolidity UP-TO-DATE
> Task :ethereum:p2p:plugin-api:spotlessSolidityCheck UP-TO-DATE
> Task :ethereum:p2p:plugin-api:spotlessCheck UP-TO-DATE
> Task :ethereum:eth:plugin-api-txpool:spotlessSolidityCheck UP-TO-DATE
> Task :ethereum:eth:plugin-api-txpool:spotlessCheck UP-TO-DATE
> Task :services:kvstore:plugin-api:spotlessSolidity UP-TO-DATE
> Task :services:kvstore:plugin-api:spotlessSolidityCheck UP-TO-DATE
> Task :services:kvstore:plugin-api:spotlessCheck UP-TO-DATE
> Task :ethereum:eth:spotlessSolidity UP-TO-DATE
> Task :ethereum:eth:spotlessSolidityCheck UP-TO-DATE
> Task :ethereum:eth:spotlessCheck UP-TO-DATE
> Task :ethereum:spotlessJava UP-TO-DATE
> Task :ethereum:spotlessJavaCheck UP-TO-DATE
> Task :ethereum:api:spotlessJava UP-TO-DATE
> Task :ethereum:api:spotlessJavaCheck UP-TO-DATE
> Task :ethereum:core:spotlessJava
> Task :ethereum:core:spotlessJavaCheck
> Task :spotlessJava UP-TO-DATE
> Task :spotlessJavaCheck UP-TO-DATE
> Task :ethereum:api:spotlessShellScripts UP-TO-DATE
> Task :ethereum:api:spotlessShellScriptsCheck UP-TO-DATE
> Task :ethereum:core:spotlessShellScripts UP-TO-DATE
> Task :ethereum:core:spotlessShellScriptsCheck UP-TO-DATE
> Task :ethereum:core:spotlessSolidity UP-TO-DATE
> Task :ethereum:core:spotlessSolidityCheck UP-TO-DATE
> Task :ethereum:core:spotlessCheck
> Task :ethereum:spotlessShellScripts UP-TO-DATE
> Task :ethereum:spotlessShellScriptsCheck UP-TO-DATE
> Task :ethereum:api:spotlessSolidity UP-TO-DATE
> Task :ethereum:api:spotlessSolidityCheck UP-TO-DATE
> Task :ethereum:api:spotlessCheck UP-TO-DATE
> Task :ethereum:spotlessSolidity UP-TO-DATE
> Task :ethereum:spotlessSolidityCheck UP-TO-DATE
> Task :ethereum:spotlessCheck UP-TO-DATE
> Task :spotlessShellScripts UP-TO-DATE
> Task :spotlessShellScriptsCheck UP-TO-DATE
> Task :spotlessSolidity UP-TO-DATE
> Task :spotlessSolidityCheck UP-TO-DATE
> Task :spotlessCheck UP-TO-DATE

[Incubating] Problems report is available at: file:///home/banteg/dev/trace-adjacent.hVSt4eWi/besu/build/reports/problems/problems-report.html

Deprecated Gradle features were used in this build, making it incompatible with Gradle 10.

You can use '--warning-mode all' to show the individual deprecation warnings and determine if they come from your own scripts or plugins.

For more on this, please refer to https://docs.gradle.org/9.3.1/userguide/command_line_interface.html#sec:command_line_warnings in the Gradle documentation.

BUILD SUCCESSFUL in 23s
523 actionable tasks: 2 executed, 521 up-to-date
Consider enabling configuration cache to speed up this build: https://docs.gradle.org/9.3.1/userguide/configuration_cache_enabling.html
