Resolved 20 packages in 7ms
Checked 20 packages in 6ms
Verified 72 frozen inputs and 33 decisions against the report inventory.
test_caption_scores_every_charted_client (test_announce.AnnounceTests.test_caption_scores_every_charted_client) ... ok
test_scores_show_gains_and_losses (test_announce.AnnounceTests.test_scores_show_gains_and_losses) ... ok
test_blob_fee_is_debited_and_burned (test_coverage_models.AccountingTests.test_blob_fee_is_debited_and_burned) ... ok
test_root_gas_fallback_allows_the_refund_bound (test_coverage_models.AccountingTests.test_root_gas_fallback_allows_the_refund_bound) ... ok
test_declared_h20_assesses_both_gas7400_twins_alike (test_coverage_models.CallGasTwinTests.test_declared_h20_assesses_both_gas7400_twins_alike) ... ok
test_authorization_replay_cannot_omit_or_change_delegation (test_coverage_models.ChainModelTests.test_authorization_replay_cannot_omit_or_change_delegation) ... ok
test_authorizations_fold_per_authority_and_skip_invalid_tuples (test_coverage_models.ChainModelTests.test_authorizations_fold_per_authority_and_skip_invalid_tuples) ... ok
test_complete_replay_inventory_and_recovered_authorization (test_coverage_models.ChainModelTests.test_complete_replay_inventory_and_recovered_authorization) ... ok
test_empty_or_truncated_block_replay_cannot_pass (test_coverage_models.ChainModelTests.test_empty_or_truncated_block_replay_cannot_pass) ... ok
test_empty_reference_needs_decoded_empty_pos_block (test_coverage_models.ChainModelTests.test_empty_reference_needs_decoded_empty_pos_block) ... ok
test_known_empty_execution_requires_empty_vm_object (test_coverage_models.ChainModelTests.test_known_empty_execution_requires_empty_vm_object) ... ok
test_missing_transaction_is_not_an_empty_inventory_failure (test_coverage_models.ChainModelTests.test_missing_transaction_is_not_an_empty_inventory_failure) ... ok
test_balance_delta_rejects_malformed_numbers (test_coverage_models.DispositionTests.test_balance_delta_rejects_malformed_numbers) ... ok
test_broken_wire_blocks_semantics_but_keeps_actual_failure (test_coverage_models.DispositionTests.test_broken_wire_blocks_semantics_but_keeps_actual_failure) ... ok
test_control_and_blocked_are_never_agreement (test_coverage_models.DispositionTests.test_control_and_blocked_are_never_agreement) ... ok
test_earlier_bundle_items_create_accounts (test_coverage_models.DispositionTests.test_earlier_bundle_items_create_accounts) ... ok
test_existing_account_cannot_be_reported_as_new (test_coverage_models.DispositionTests.test_existing_account_cannot_be_reported_as_new) ... ok
test_missing_state_assertions_have_stable_topic_order (test_coverage_models.DispositionTests.test_missing_state_assertions_have_stable_topic_order) ... ok
test_trace_only_many_does_not_require_state_diff (test_coverage_models.DispositionTests.test_trace_only_many_does_not_require_state_diff) ... ok
test_capture_cleanup_only_removes_its_own_artifacts (test_coverage_models.ReviewRegressionTests.test_capture_cleanup_only_removes_its_own_artifacts) ... ok
test_create_returning_runtime_pays_an_unmodelled_code_deposit (test_coverage_models.ReviewRegressionTests.test_create_returning_runtime_pays_an_unmodelled_code_deposit) ... ok
test_failed_callmany_creation_leaves_its_address_absent (test_coverage_models.ReviewRegressionTests.test_failed_callmany_creation_leaves_its_address_absent) ... ok
test_refund_bound_does_not_prove_exact_accounting (test_coverage_models.ReviewRegressionTests.test_refund_bound_does_not_prove_exact_accounting) ... ok
test_failed_engine_step_is_reported_as_the_setup_cause (test_coverage_models.ScenarioSetupTests.test_failed_engine_step_is_reported_as_the_setup_cause) ... ok
test_fee_nonce_and_existence_mutations (test_coverage_models.TransferModelTests.test_fee_nonce_and_existence_mutations) ... ok
test_invalid_control_cannot_establish_accounting (test_coverage_models.TransferModelTests.test_invalid_control_cannot_establish_accounting) ... ok
test_zero_fee_call_models_base_fee_zero (test_coverage_models.UnsignedFeeEnvironmentTests.test_zero_fee_call_models_base_fee_zero) ... ok
test_call_gas_returns_child_leftover_and_mem_is_the_output_window_or_copied_bytes (test_coverage_models.VMModelTests.test_call_gas_returns_child_leftover_and_mem_is_the_output_window_or_copied_bytes) ... ok
test_call_mem_follows_the_bytes_the_child_returned (test_coverage_models.VMModelTests.test_call_mem_follows_the_bytes_the_child_returned) ... ok
test_difficulty_mnemonic_alias_is_not_a_semantic_mismatch (test_coverage_models.VMModelTests.test_difficulty_mnemonic_alias_is_not_a_semantic_mismatch) ... ok
test_dup_reports_affected_stack_and_no_synthetic_stop (test_coverage_models.VMModelTests.test_dup_reports_affected_stack_and_no_synthetic_stop) ... ok
test_frameless_call_cost_includes_forwarded_gas (test_coverage_models.VMModelTests.test_frameless_call_cost_includes_forwarded_gas) ... ok
test_frameless_create_cost_includes_forwarded_gas (test_coverage_models.VMModelTests.test_frameless_create_cost_includes_forwarded_gas) ... ok
test_halted_operation_cost_is_not_asserted (test_coverage_models.VMModelTests.test_halted_operation_cost_is_not_asserted) ... ok
test_memory_reads_report_the_loaded_range (test_coverage_models.VMModelTests.test_memory_reads_report_the_loaded_range) ... ok
test_mutations_of_all_step_properties_are_detected (test_coverage_models.VMModelTests.test_mutations_of_all_step_properties_are_detected) ... ok
test_nested_trace_mutation_is_detected (test_coverage_models.VMModelTests.test_nested_trace_mutation_is_detected) ... ok
test_overlap_and_zero_length_copy (test_coverage_models.VMModelTests.test_overlap_and_zero_length_copy) ... ok
test_prague_intrinsic_is_not_the_calldata_floor (test_coverage_models.VMModelTests.test_prague_intrinsic_is_not_the_calldata_floor) ... ok
test_precompile_return_length_is_not_reconstructable (test_coverage_models.VMModelTests.test_precompile_return_length_is_not_reconstructable) ... ok
test_reject_unsupported_instead_of_using_response_as_oracle (test_coverage_models.VMModelTests.test_reject_unsupported_instead_of_using_response_as_oracle) ... ok
test_return42_hand_calculated_steps (test_coverage_models.VMModelTests.test_return42_hand_calculated_steps) ... ok
test_subtraces_only_on_calls_and_creations (test_coverage_models.VMModelTests.test_subtraces_only_on_calls_and_creations) ... ok
test_born_account_needs_creation_markers (test_endpoint_existence.EndpointExistenceTests.test_born_account_needs_creation_markers) ... ok
test_correct_born_markers_match_and_omission_differs (test_endpoint_existence.EndpointExistenceTests.test_correct_born_markers_match_and_omission_differs) ... ok
test_false_death_of_a_temporary_account_is_an_h26_difference (test_endpoint_existence.EndpointExistenceTests.test_false_death_of_a_temporary_account_is_an_h26_difference) ... ok
test_omitted_temporary_account_matches (test_endpoint_existence.EndpointExistenceTests.test_omitted_temporary_account_matches) ... ok
test_temporary_account_is_derived_from_the_chain (test_endpoint_existence.EndpointExistenceTests.test_temporary_account_is_derived_from_the_chain) ... ok
test_empty_manifest_cannot_make_green_run (test_evidence.CaptureTests.test_empty_manifest_cannot_make_green_run) ... ok
test_empty_selection_fails (test_evidence.CaptureTests.test_empty_selection_fails) ... ok
test_error_categories (test_evidence.CaptureTests.test_error_categories) ... ok
test_json_null_is_an_invalid_envelope_not_malformed_json (test_evidence.CaptureTests.test_json_null_is_an_invalid_envelope_not_malformed_json) ... ok
test_keeps_truncated_json (test_evidence.CaptureTests.test_keeps_truncated_json) ... ok
test_missing_client_cannot_make_green_run (test_evidence.CaptureTests.test_missing_client_cannot_make_green_run) ... ok
test_null_error_and_boolean_numbers_are_invalid (test_evidence.CaptureTests.test_null_error_and_boolean_numbers_are_invalid) ... ok
test_null_result_is_not_missing (test_evidence.CaptureTests.test_null_result_is_not_missing) ... ok
test_wrong_id_or_ambiguous_envelope_is_invalid (test_evidence.CaptureTests.test_wrong_id_or_ambiguous_envelope_is_invalid) ... ok
test_malformed_response_keeps_only_its_wire_string (test_evidence.CompactObservationTests.test_malformed_response_keeps_only_its_wire_string) ... ok
test_new_capture_checksums_its_compact_observations (test_evidence.CompactObservationTests.test_new_capture_checksums_its_compact_observations) ... ok
test_only_a_response_the_decoder_derives_is_omitted (test_evidence.CompactObservationTests.test_only_a_response_the_decoder_derives_is_omitted) ... ok
test_real_run_reconstructs_the_checksummed_original (test_evidence.CompactObservationTests.test_real_run_reconstructs_the_checksummed_original) ... ok
test_converted_log_verifies_against_its_original_digest (test_evidence.CompressedLogTests.test_converted_log_verifies_against_its_original_digest) ... ok
test_new_capture_stores_compressed_logs (test_evidence.CompressedLogTests.test_new_capture_stores_compressed_logs) ... ok
test_filter_composition_does_not_reuse_other_client_as_oracle (test_evidence.ProposalTests.test_filter_composition_does_not_reuse_other_client_as_oracle) ... ok
test_get_path_uses_same_transaction_tree_with_precompile_siblings (test_evidence.ProposalTests.test_get_path_uses_same_transaction_tree_with_precompile_siblings) ... ok
test_raw_block_extension_is_an_observation_for_acceptance_and_rejection (test_evidence.ProposalTests.test_raw_block_extension_is_an_observation_for_acceptance_and_rejection) ... ok
test_stack_encoding_checked_inside_child (test_evidence.ProposalTests.test_stack_encoding_checked_inside_child) ... ok
test_tree_path_rejects_flat_root_selection (test_evidence.ProposalTests.test_tree_path_rejects_flat_root_selection) ... ok
test_unsupported_is_not_empty_success (test_evidence.ProposalTests.test_unsupported_is_not_empty_success) ... ok
test_pruning_eligibility_does_not_depend_on_trace_results (test_evidence.ScenarioTests.test_pruning_eligibility_does_not_depend_on_trace_results) ... ok
test_pruning_requires_independent_state_failure_and_live_control (test_evidence.ScenarioTests.test_pruning_requires_independent_state_failure_and_live_control) ... ok
test_reorg_requires_restored_head_not_just_accepted_switch (test_evidence.ScenarioTests.test_reorg_requires_restored_head_not_just_accepted_switch) ... ok
test_equivalent_null_and_hash_selectors_keep_the_selected_block_fee_model (test_execution_anchor_regressions.AuditRegressions.test_equivalent_null_and_hash_selectors_keep_the_selected_block_fee_model) ... ok
test_finalized_selector_uses_frozen_forkchoice_instead_of_head (test_execution_anchor_regressions.AuditRegressions.test_finalized_selector_uses_frozen_forkchoice_instead_of_head) ... ok
test_hash_selected_replay_still_requires_every_transaction_envelope (test_execution_anchor_regressions.AuditRegressions.test_hash_selected_replay_still_requires_every_transaction_envelope) ... ok
test_invalid_result_shape_is_reported_without_aborting_the_report (test_execution_anchor_regressions.AuditRegressions.test_invalid_result_shape_is_reported_without_aborting_the_report) ... ok
test_joint_phantom_transaction_cannot_pass_filter_selection (test_execution_anchor_regressions.AuditRegressions.test_joint_phantom_transaction_cannot_pass_filter_selection) ... ok
test_mined_creation_finalization_controls_later_existence (test_execution_anchor_regressions.AuditRegressions.test_mined_creation_finalization_controls_later_existence) ... ok
test_reverted_mined_creation_stays_absent_from_later_prestate (test_execution_anchor_regressions.AuditRegressions.test_reverted_mined_creation_stays_absent_from_later_prestate) ... ok
test_unresolved_selectors_do_not_invent_a_zero_base_fee (test_execution_anchor_regressions.AuditRegressions.test_unresolved_selectors_do_not_invent_a_zero_base_fee) ... ok
test_agreement_cannot_mask_a_shared_wrong_environment (test_fee_compat.FeeCompatibilityTests.test_agreement_cannot_mask_a_shared_wrong_environment) ... ok
test_default_families_compare_with_eth_call (test_fee_compat.FeeCompatibilityTests.test_default_families_compare_with_eth_call) ... ok
test_eth_reference_codes_do_not_impose_trace_error_codes (test_fee_compat.FeeCompatibilityTests.test_eth_reference_codes_do_not_impose_trace_error_codes) ... ok
test_frozen_pairs_have_identical_arguments_and_all_selections (test_fee_compat.FeeCompatibilityTests.test_frozen_pairs_have_identical_arguments_and_all_selections) ... ok
test_mixed_calls_reset_fee_environment_per_item (test_fee_compat.FeeCompatibilityTests.test_mixed_calls_reset_fee_environment_per_item) ... ok
test_only_identifiable_rejections_establish_consistency (test_fee_compat.FeeCompatibilityTests.test_only_identifiable_rejections_establish_consistency) ... ok
test_pair_checks_balance_words_even_without_state_diff (test_fee_compat.FeeCompatibilityTests.test_pair_checks_balance_words_even_without_state_diff) ... ok
test_report_retains_blocked_pair_check_for_malformed_response (test_fee_compat.FeeCompatibilityTests.test_report_retains_blocked_pair_check_for_malformed_response) ... ok
test_zero_fee_environment_and_priced_upfront_balance_are_independent (test_fee_compat.FeeCompatibilityTests.test_zero_fee_environment_and_priced_upfront_balance_are_independent) ... ok
test_admission_labels_have_exact_independent_fee_and_funding_boundaries (test_fee_policy.FeePolicyTests.test_admission_labels_have_exact_independent_fee_and_funding_boundaries) ... ok
test_captured_defaults_receive_verdicts (test_fee_policy.FeePolicyTests.test_captured_defaults_receive_verdicts) ... ok
test_crashes_and_rejection_for_wrong_reason_never_prove_validation (test_fee_policy.FeePolicyTests.test_crashes_and_rejection_for_wrong_reason_never_prove_validation) ... ok
test_free_funding_rejection_does_not_get_generic_acceptance_rule (test_fee_policy.FeePolicyTests.test_free_funding_rejection_does_not_get_generic_acceptance_rule) ... ok
test_generated_corpus_is_current_and_covers_every_selection (test_fee_policy.FeePolicyTests.test_generated_corpus_is_current_and_covers_every_selection) ... ok
test_hand_calculated_gas_constants (test_fee_policy.FeePolicyTests.test_hand_calculated_gas_constants) ... ok
test_omitted_fees_default_to_zero (test_fee_policy.FeePolicyTests.test_omitted_fees_default_to_zero) ... ok
test_opcode_witness_catches_environment_and_accounting_without_state_diff (test_fee_policy.FeePolicyTests.test_opcode_witness_catches_environment_and_accounting_without_state_diff) ... ok
test_refund_revert_and_oog_settlement_reaches_next_call (test_fee_policy.FeePolicyTests.test_refund_revert_and_oog_settlement_reaches_next_call) ... ok
test_rejected_batches_are_not_misclassified_as_missing_execution_envelopes (test_fee_policy.FeePolicyTests.test_rejected_batches_are_not_misclassified_as_missing_execution_envelopes) ... ok
test_stateless_defect_takes_precedence_over_the_base_fee (test_fee_policy.FeePolicyTests.test_stateless_defect_takes_precedence_over_the_base_fee) ... ok
test_typed_price_is_minimum_and_zero_tip_still_pays_base_fee (test_fee_policy.FeePolicyTests.test_typed_price_is_minimum_and_zero_tip_still_pays_base_fee) ... ok
test_upfront_and_final_accounting_have_different_gas_basis (test_fee_policy.FeePolicyTests.test_upfront_and_final_accounting_have_different_gas_basis) ... ok
test_catalog_matches_ledger_and_client_families (test_fixes.FixCatalogTests.test_catalog_matches_ledger_and_client_families) ... ok
test_edges_must_be_acyclic_and_conflicts_symmetric (test_fixes.FixCatalogTests.test_edges_must_be_acyclic_and_conflicts_symmetric) ... ok
test_invalid_entries_are_rejected (test_fixes.FixCatalogTests.test_invalid_entries_are_rejected) ... ok
test_libraries_name_known_repositories (test_fixes.FixCatalogTests.test_libraries_name_known_repositories) ... ok
test_merged_pr_without_facts_for_a_measured_build_fails (test_fixes.FixStageTests.test_merged_pr_without_facts_for_a_measured_build_fails) ... ok
test_multi_hop_library_pr_follows_its_consumers (test_fixes.FixStageTests.test_multi_hop_library_pr_follows_its_consumers) ... ok
test_native_pr_reaches_the_builds_its_merge_commit_is_in (test_fixes.FixStageTests.test_native_pr_reaches_the_builds_its_merge_commit_is_in) ... ok
test_single_hop_library_pr_is_released_then_taken_up (test_fixes.FixStageTests.test_single_hop_library_pr_is_released_then_taken_up) ... ok
test_unreleased_and_unadopted_library_prs_stop_short_of_the_client (test_fixes.FixStageTests.test_unreleased_and_unadopted_library_prs_stop_short_of_the_client) ... ok
test_library_fix_marks_builds_until_their_lockfile_takes_it (test_fixes.FixSubmittedTests.test_library_fix_marks_builds_until_their_lockfile_takes_it) ... ok
test_merged_pr_marks_a_build_until_it_is_in_the_build (test_fixes.FixSubmittedTests.test_merged_pr_marks_a_build_until_it_is_in_the_build) ... ok
test_open_pr_marks_a_difference_and_links_it (test_fixes.FixSubmittedTests.test_open_pr_marks_a_difference_and_links_it) ... ok
test_other_outcomes_clients_decisions_and_closed_prs_are_unchanged (test_fixes.FixSubmittedTests.test_other_outcomes_clients_decisions_and_closed_prs_are_unchanged) ... ok
test_partial_fixes_are_linked_without_hiding_the_difference (test_fixes.FixSubmittedTests.test_partial_fixes_are_linked_without_hiding_the_difference) ... ok
test_complete_fix_is_verified_where_its_decisions_agree (test_fixes.FixVerifiedTests.test_complete_fix_is_verified_where_its_decisions_agree) ... ok
test_partial_fix_needs_verified_cases (test_fixes.FixVerifiedTests.test_partial_fix_needs_verified_cases) ... ok
test_landed_chains_leave_no_diagram (test_fixes.FixesPageTests.test_landed_chains_leave_no_diagram) ... ok
test_page_has_a_section_per_client_with_stages_and_order (test_fixes.FixesPageTests.test_page_has_a_section_per_client_with_stages_and_order) ... ok
test_published_page_is_generated_from_the_catalog (test_fixes.FixesPageTests.test_published_page_is_generated_from_the_catalog) ... ok
test_stale_pin_and_old_catalog_warn (test_fixes.FreshnessTests.test_stale_pin_and_old_catalog_warn) ... ok
test_caret_requirements (test_fixes.RefreshFixesTests.test_caret_requirements) ... ok
test_first_pinning_commit_is_found_by_bisection (test_fixes.RefreshFixesTests.test_first_pinning_commit_is_found_by_bisection) ... ok
test_refresh_records_states_and_uptake_and_keeps_editorial_fields (test_fixes.RefreshFixesTests.test_refresh_records_states_and_uptake_and_keeps_editorial_fields) ... ok
test_revert_branch_bytes_and_gas (test_fixture_oracles.FixtureOracles.test_revert_branch_bytes_and_gas) ... ok
test_tree_child_program_and_sibling_revert_fixture (test_fixture_oracles.FixtureOracles.test_tree_child_program_and_sibling_revert_fixture) ... ok
test_environment_errors_do_not_become_creation_marker_errors (test_h17.H17CapturedRegressionTests.test_environment_errors_do_not_become_creation_marker_errors) ... ok
test_marker_and_runtime_inconsistency_mutations_still_fail (test_h17.H17CapturedRegressionTests.test_marker_and_runtime_inconsistency_mutations_still_fail) ... ok
test_missing_diff_is_blocked_instead_of_a_marker_failure (test_h17.H17CapturedRegressionTests.test_missing_diff_is_blocked_instead_of_a_marker_failure) ... ok
test_nethermind_fix_preserves_birth_and_subsequent_update_markers (test_h17.H17CapturedRegressionTests.test_nethermind_fix_preserves_birth_and_subsequent_update_markers) ... ok
test_new_transfer_account_and_empty_contract_have_independent_prestate (test_h17.H17CapturedRegressionTests.test_new_transfer_account_and_empty_contract_have_independent_prestate) ... ok
test_prefunded_account_is_existing_on_every_build (test_h17.H17CapturedRegressionTests.test_prefunded_account_is_existing_on_every_build) ... ok
test_reported_environment_does_not_mask_envelope_or_step_defects (test_h17.H17CapturedRegressionTests.test_reported_environment_does_not_mask_envelope_or_step_defects) ... ok
test_address_filtered_or_unrelated_results_are_not_evidence (test_harness_regressions.MinedPrecompileFrames.test_address_filtered_or_unrelated_results_are_not_evidence) ... ok
test_mined_traces_follow_the_simulation_frame_policy (test_harness_regressions.MinedPrecompileFrames.test_mined_traces_follow_the_simulation_frame_policy) ... ok
test_contradicted_reference_action_fails_naming_the_field (test_harness_regressions.SemanticRegressions.test_contradicted_reference_action_fails_naming_the_field) ... ok
test_failed_create_has_no_filter_recipient (test_harness_regressions.SemanticRegressions.test_failed_create_has_no_filter_recipient) ... ok
test_generic_checks_name_the_first_offending_value (test_harness_regressions.SemanticRegressions.test_generic_checks_name_the_first_offending_value) ... ok
test_joint_filter_and_reference_omission (test_harness_regressions.SemanticRegressions.test_joint_filter_and_reference_omission) ... ok
test_joint_range_and_blocks_omission (test_harness_regressions.SemanticRegressions.test_joint_range_and_blocks_omission) ... ok
test_joint_tree_child_and_get_omission (test_harness_regressions.SemanticRegressions.test_joint_tree_child_and_get_omission) ... ok
test_marker_storage_and_vm_ops_cannot_be_empty (test_harness_regressions.SemanticRegressions.test_marker_storage_and_vm_ops_cannot_be_empty) ... ok
test_original_positive_controls_still_match (test_harness_regressions.SemanticRegressions.test_original_positive_controls_still_match) ... ok
test_out_of_gas_cannot_fabricate_marker_storage (test_harness_regressions.SemanticRegressions.test_out_of_gas_cannot_fabricate_marker_storage) ... ok
test_precompile_child_identity_is_checked (test_harness_regressions.SemanticRegressions.test_precompile_child_identity_is_checked) ... ok
test_requested_raw_products_cannot_disappear (test_harness_regressions.SemanticRegressions.test_requested_raw_products_cannot_disappear) ... ok
test_revert_payload_and_gas_are_measured (test_harness_regressions.SemanticRegressions.test_revert_payload_and_gas_are_measured) ... ok
test_case_selector_keeps_setup_controls (test_harness_regressions.SetupRegressions.test_case_selector_keeps_setup_controls) ... ok
test_collector_requires_canonical_head_and_valid_controls (test_harness_regressions.SetupRegressions.test_collector_requires_canonical_head_and_valid_controls) ... ok
test_invalid_envelopes_cannot_establish_state (test_harness_regressions.SetupRegressions.test_invalid_envelopes_cannot_establish_state) ... ok
test_non_json_numbers_are_malformed_and_preserved (test_harness_regressions.SetupRegressions.test_non_json_numbers_are_malformed_and_preserved) ... ok
test_non_object_control_envelopes_block_setup_without_crashing (test_harness_regressions.SetupRegressions.test_non_object_control_envelopes_block_setup_without_crashing) ... ok
test_one_decision_per_defect (test_isolation.LeakGuard.test_one_decision_per_defect) ... ok
test_missing_transaction_lookup_is_h06 (test_isolation.LeakTests.test_missing_transaction_lookup_is_h06) ... ok
test_paging_depends_on_reward_matching (test_isolation.LeakTests.test_paging_depends_on_reward_matching) ... ok
test_result_checks_are_blocked_on_owned_errors (test_isolation.LeakTests.test_result_checks_are_blocked_on_owned_errors) ... ok
test_schema_rejection_yields_to_the_owning_decision (test_isolation.LeakTests.test_schema_rejection_yields_to_the_owning_decision) ... ok
test_unsigned_accounting_is_judged_under_h15 (test_isolation.LeakTests.test_unsigned_accounting_is_judged_under_h15) ... ok
test_vmtrace_content_is_not_validation (test_isolation.LeakTests.test_vmtrace_content_is_not_validation) ... ok
test_bundle_item_is_a_call (test_laws.Laws.test_bundle_item_is_a_call) ... ok
test_equivalent_spellings (test_laws.Laws.test_equivalent_spellings) ... ok
test_error_leaves_pair_unevaluated (test_laws.Laws.test_error_leaves_pair_unevaluated) ... ok
test_filter_selects_block_records (test_laws.Laws.test_filter_selects_block_records) ... ok
test_paging_slices_the_filter (test_laws.Laws.test_paging_slices_the_filter) ... ok
test_selection_is_a_projection (test_laws.Laws.test_selection_is_a_projection) ... ok
test_stale_note_fails (test_laws.Laws.test_stale_note_fails) ... ok
test_stored_and_replayed_frames (test_laws.Laws.test_stored_and_replayed_frames) ... ok
test_tree_shape (test_laws.Laws.test_tree_shape) ... ok
test_vmtrace_idx_is_not_compared (test_laws.Laws.test_vmtrace_idx_is_not_compared) ... ok
test_filter_addresses_compare_bytes (test_measurement.CoverageTests.test_filter_addresses_compare_bytes) ... ok
test_filter_mode_composes_populated_lists (test_measurement.CoverageTests.test_filter_mode_composes_populated_lists) ... ok
test_inventory_rejects_stale_references_and_unevidenced_conclusions (test_measurement.CoverageTests.test_inventory_rejects_stale_references_and_unevidenced_conclusions) ... ok
test_missing_reference_and_unchecked_topic_are_partial (test_measurement.CoverageTests.test_missing_reference_and_unchecked_topic_are_partial) ... ok
test_pending_needs_a_real_pending_environment (test_measurement.CoverageTests.test_pending_needs_a_real_pending_environment) ... ok
test_review_cases_carry_their_expectations (test_measurement.CoverageTests.test_review_cases_carry_their_expectations) ... ok
test_special_action_misses_are_attributed_to_h23 (test_measurement.CoverageTests.test_special_action_misses_are_attributed_to_h23) ... ok
test_validation_cases_use_the_pinned_request_schemas (test_measurement.CoverageTests.test_validation_cases_use_the_pinned_request_schemas) ... ok
test_zero_fee_many_errors_and_cardinality (test_measurement.CoverageTests.test_zero_fee_many_errors_and_cardinality) ... ok
test_block_selector_decisions_use_controlled_live_capture (test_measurement.HistoricalAssessmentTests.test_block_selector_decisions_use_controlled_live_capture) ... ok
test_frozen_counterexamples_are_present_in_reports (test_measurement.HistoricalAssessmentTests.test_frozen_counterexamples_are_present_in_reports) ... ok
test_new_value_capture_has_independent_setup_and_success_proof (test_measurement.HistoricalAssessmentTests.test_new_value_capture_has_independent_setup_and_success_proof) ... ok
test_nonce_policy_requires_rejection_in_frozen_evidence (test_measurement.HistoricalAssessmentTests.test_nonce_policy_requires_rejection_in_frozen_evidence) ... ok
test_child_value_not_outer_value_controls_inclusion (test_measurement.PrecompileValueTests.test_child_value_not_outer_value_controls_inclusion) ... ok
test_fixture_setup_uses_independent_state_controls (test_measurement.PrecompileValueTests.test_fixture_setup_uses_independent_state_controls) ... ok
test_zero_outer_value_fixture_funds_before_creation (test_measurement.PrecompileValueTests.test_zero_outer_value_fixture_funds_before_creation) ... ok
test_current_reports_retain_full_controlled_coverage (test_measurement.PublishedAssessmentTests.test_current_reports_retain_full_controlled_coverage) ... ok
test_report_provenance_matches_current_assessment_sources (test_measurement.PublishedAssessmentTests.test_report_provenance_matches_current_assessment_sources) ... ok
test_beyond_head_range_and_unknown_block_require_an_error_with_a_recommended_code (test_measurement.RuleSafetyTests.test_beyond_head_range_and_unknown_block_require_an_error_with_a_recommended_code) ... ok
test_failed_frame_null_and_non_string_error (test_measurement.RuleSafetyTests.test_failed_frame_null_and_non_string_error) ... ok
test_frozen_requests_tolerate_malformed_response_shapes (test_measurement.RuleSafetyTests.test_frozen_requests_tolerate_malformed_response_shapes) ... ok
test_malformed_response_does_not_prove_validation_was_skipped (test_measurement.RuleSafetyTests.test_malformed_response_does_not_prove_validation_was_skipped) ... ok
test_malformed_signed_input_remains_invalid_params (test_measurement.RuleSafetyTests.test_malformed_signed_input_remains_invalid_params) ... ok
test_malformed_trace_is_a_failure (test_measurement.RuleSafetyTests.test_malformed_trace_is_a_failure) ... ok
test_missing_transaction_has_one_h06_check (test_measurement.RuleSafetyTests.test_missing_transaction_has_one_h06_check) ... ok
test_nested_and_partial_results_are_not_validation_rejection (test_measurement.RuleSafetyTests.test_nested_and_partial_results_are_not_validation_rejection) ... ok
test_nested_error_is_never_a_success (test_measurement.RuleSafetyTests.test_nested_error_is_never_a_success) ... ok
test_revert_bytes_do_not_depend_on_error_wording (test_measurement.RuleSafetyTests.test_revert_bytes_do_not_depend_on_error_wording) ... ok
test_revert_frame_is_only_required_when_trace_is_selected (test_measurement.RuleSafetyTests.test_revert_frame_is_only_required_when_trace_is_selected) ... ok
test_revert_frames_keep_gas_and_output_without_creation_fields (test_measurement.RuleSafetyTests.test_revert_frames_keep_gas_and_output_without_creation_fields) ... ok
test_signed_invalid_cases_require_rejection_under_each_selection (test_measurement.RuleSafetyTests.test_signed_invalid_cases_require_rejection_under_each_selection) ... ok
test_signed_rejection_must_name_its_own_violation (test_measurement.RuleSafetyTests.test_signed_rejection_must_name_its_own_violation) ... ok
test_unknown_block_lookup_allows_parity_null_but_no_successful_collection (test_measurement.RuleSafetyTests.test_unknown_block_lookup_allows_parity_null_but_no_successful_collection) ... ok
test_chain_and_corpus_are_reproducible (test_mined_probes.MinedProbeTests.test_chain_and_corpus_are_reproducible) ... ok
test_derived_receipt_gas_matches_consensus_block_gas (test_mined_probes.MinedProbeTests.test_derived_receipt_gas_matches_consensus_block_gas) ... ok
test_destroyed_wei_is_burned_not_lost (test_mined_probes.MinedProbeTests.test_destroyed_wei_is_burned_not_lost) ... ok
test_every_expectation_matches_its_ideal_response (test_mined_probes.MinedProbeTests.test_every_expectation_matches_its_ideal_response) ... ok
test_failed_create_is_not_a_recipient (test_mined_probes.MinedProbeTests.test_failed_create_is_not_a_recipient) ... ok
test_failed_create_shape_is_exact (test_mined_probes.MinedProbeTests.test_failed_create_shape_is_exact) ... ok
test_folded_authorizations (test_mined_probes.MinedProbeTests.test_folded_authorizations) ... ok
test_ledger_registers_exactly_the_declared_topics (test_mined_probes.MinedProbeTests.test_ledger_registers_exactly_the_declared_topics) ... ok
test_malformed_responses_do_not_crash (test_mined_probes.MinedProbeTests.test_malformed_responses_do_not_crash) ... ok
test_receipt_controls_gate_eligibility (test_mined_probes.MinedProbeTests.test_receipt_controls_gate_eligibility) ... ok
test_refund_accounting_is_exact (test_mined_probes.MinedProbeTests.test_refund_accounting_is_exact) ... ok
test_selfdestruct_after_cancun (test_mined_probes.MinedProbeTests.test_selfdestruct_after_cancun) ... ok
test_sstore_model_follows_eip_3529 (test_mined_probes.MinedProbeTests.test_sstore_model_follows_eip_3529) ... ok
test_stale_system_state_is_detected (test_mined_probes.MinedProbeTests.test_stale_system_state_is_detected) ... ok
test_store_values_are_numeric_and_presence_is_h20 (test_mined_probes.MinedProbeTests.test_store_values_are_numeric_and_presence_is_h20) ... ok
test_conflicts_unknown_and_malformed_hashes_are_errors (test_probes.BlockHashTests.test_conflicts_unknown_and_malformed_hashes_are_errors) ... ok
test_empty_selections_match_but_do_not_discriminate (test_probes.BlockHashTests.test_empty_selections_match_but_do_not_discriminate) ... ok
test_reorg_phases_select_the_canonical_branch_only (test_probes.BlockHashTests.test_reorg_phases_select_the_canonical_branch_only) ... ok
test_selection_equals_the_numeric_equivalent (test_probes.BlockHashTests.test_selection_equals_the_numeric_equivalent) ... ok
test_the_proposed_member_is_judged_by_h33_not_the_schema (test_probes.BlockHashTests.test_the_proposed_member_is_judged_by_h33_not_the_schema) ... ok
test_expected_gas_is_hand_derived (test_probes.CallManyProbeTests.test_expected_gas_is_hand_derived) ... ok
test_item_isolation (test_probes.CallManyProbeTests.test_item_isolation) ... ok
test_selfdestruct_of_earlier_item_is_not_a_deletion (test_probes.CallManyProbeTests.test_selfdestruct_of_earlier_item_is_not_a_deletion) ... ok
test_attempts_beyond_the_limit (test_probes.DepthProbeTests.test_attempts_beyond_the_limit) ... ok
test_authorization_tuple_recovers_key_one (test_probes.FieldProbeTests.test_authorization_tuple_recovers_key_one) ... ok
test_blob_base_fee_is_zero_only_for_a_zero_or_defaulted_cap (test_probes.FieldProbeTests.test_blob_base_fee_is_zero_only_for_a_zero_or_defaulted_cap) ... ok
test_fallback_codes_are_recommended (test_probes.FieldProbeTests.test_fallback_codes_are_recommended) ... ok
test_fields_take_effect_or_reject (test_probes.FieldProbeTests.test_fields_take_effect_or_reject) ... ok
test_gas_cap_probe_requires_a_complete_word (test_probes.FieldProbeTests.test_gas_cap_probe_requires_a_complete_word) ... ok
test_omitted_gas_follows_eth_call_default (test_probes.FieldProbeTests.test_omitted_gas_follows_eth_call_default) ... ok
test_priced_gas_defaults_allow_smaller_budgets_but_never_raise_the_cap (test_probes.FieldProbeTests.test_priced_gas_defaults_allow_smaller_budgets_but_never_raise_the_cap) ... ok
test_supplied_nonce_is_ignored (test_probes.FieldProbeTests.test_supplied_nonce_is_ignored) ... ok
test_beacon_call_many_twin (test_probes.ForksProbeTests.test_beacon_call_many_twin) ... ok
test_block_55_reads_are_h28_probes_not_setup (test_probes.ForksProbeTests.test_block_55_reads_are_h28_probes_not_setup) ... ok
test_deleted_storage_allows_accurate_optional_old_values (test_probes.ForksProbeTests.test_deleted_storage_allows_accurate_optional_old_values) ... ok
test_genesis_has_no_records (test_probes.ForksProbeTests.test_genesis_has_no_records) ... ok
test_pagination_filters_before_skipping (test_probes.ForksProbeTests.test_pagination_filters_before_skipping) ... ok
test_reversed_range_is_rejected (test_probes.ForksProbeTests.test_reversed_range_is_rejected) ... ok
test_reward_matching_and_modes (test_probes.ForksProbeTests.test_reward_matching_and_modes) ... ok
test_rewards_intersection_mode_dependency (test_probes.ForksProbeTests.test_rewards_intersection_mode_dependency) ... ok
test_setup_controls_follow_the_assessed_definitions (test_probes.ForksProbeTests.test_setup_controls_follow_the_assessed_definitions) ... ok
test_collision_frame_label_and_continuation (test_probes.FrameProbeTests.test_collision_frame_label_and_continuation) ... ok
test_precheck_failures_keep_a_failed_frame_without_sub (test_probes.FrameProbeTests.test_precheck_failures_keep_a_failed_frame_without_sub) ... ok
test_reverted_create_has_gas_and_output_only (test_probes.FrameProbeTests.test_reverted_create_has_gas_and_output_only) ... ok
test_undeployable_code_labels (test_probes.FrameProbeTests.test_undeployable_code_labels) ... ok
test_null_bound_matches_its_omitted_twin (test_probes.NullMemberTests.test_null_bound_matches_its_omitted_twin) ... ok
test_null_input_does_not_conflict_with_data (test_probes.NullMemberTests.test_null_input_does_not_conflict_with_data) ... ok
test_explicit_selectors_are_classified_extension_observations (test_probes.RawSelectorTests.test_explicit_selectors_are_classified_extension_observations) ... ok
test_extension_evidence_does_not_hold_a_settled_verdict_open (test_probes.RawSelectorTests.test_extension_evidence_does_not_hold_a_settled_verdict_open) ... ok
test_initial_signed_cases_read_the_state_from_the_sender_nonce (test_probes.RawSelectorTests.test_initial_signed_cases_read_the_state_from_the_sender_nonce) ... ok
test_probed_selector_replaces_the_generic_observation (test_probes.RawSelectorTests.test_probed_selector_replaces_the_generic_observation) ... ok
test_two_arguments_run_against_the_latest_state_and_head_environment (test_probes.RawSelectorTests.test_two_arguments_run_against_the_latest_state_and_head_environment) ... ok
test_model_supplement_executes_fresh_creation_storage (test_probes.VMProbeTests.test_model_supplement_executes_fresh_creation_storage) ... ok
test_no_synthetic_stop_past_the_code_end (test_probes.VMProbeTests.test_no_synthetic_stop_past_the_code_end) ... ok
test_push_window_arity_and_order (test_probes.VMProbeTests.test_push_window_arity_and_order) ... ok
test_store_exactly_on_completed_sstore (test_probes.VMProbeTests.test_store_exactly_on_completed_sstore) ... ok
test_create_uses_state_nonce_in_executed_code (test_raw_validation.RawValidationEvidence.test_create_uses_state_nonce_in_executed_code) ... ok
test_empty_and_malformed_results_are_not_execution_evidence (test_raw_validation.RawValidationEvidence.test_empty_and_malformed_results_are_not_execution_evidence) ... ok
test_execution_claims_require_output_storage_and_vm_evidence (test_raw_validation.RawValidationEvidence.test_execution_claims_require_output_storage_and_vm_evidence) ... ok
test_all_probes_have_all_and_individual_trace_selections (test_raw_validation.RawValidationFixtures.test_all_probes_have_all_and_individual_trace_selections) ... ok
test_only_intended_signed_field_changes (test_raw_validation.RawValidationFixtures.test_only_intended_signed_field_changes) ... ok
test_setup_checks_every_independent_control (test_raw_validation.RawValidationFixtures.test_setup_checks_every_independent_control) ... ok
test_blob_transactions_regain_a_verified_sidecar (test_replica.BlockComparison.test_blob_transactions_regain_a_verified_sidecar) ... ok
test_expected_header_uses_the_fixture_transactions_and_fields (test_replica.BlockComparison.test_expected_header_uses_the_fixture_transactions_and_fields) ... ok
test_replay_mines_each_block_and_credits_withdrawals_after_it (test_replica.BlockComparison.test_replay_mines_each_block_and_credits_withdrawals_after_it) ... ok
test_translation_covers_prefixed_and_embedded_hashes (test_replica.BlockComparison.test_translation_covers_prefixed_and_embedded_hashes) ... ok
test_only_chains_running_one_fork_from_genesis_replay (test_replica.Replayability.test_only_chains_running_one_fork_from_genesis_replay) ... ok
test_replica_builds_skip_hive_scenarios_and_multi_fork_chains (test_replica.Replayability.test_replica_builds_skip_hive_scenarios_and_multi_fork_chains) ... ok
test_a_differing_block_or_head_root_makes_the_replica_ineligible (test_replica.ReplicaCollection.test_a_differing_block_or_head_root_makes_the_replica_ineligible) ... ok
test_a_request_the_manifest_did_not_select_is_a_harness_error (test_replica.ReplicaCollection.test_a_request_the_manifest_did_not_select_is_a_harness_error) ... ok
test_responses_map_back_to_fixture_hashes_and_keep_wire_bytes (test_replica.ReplicaCollection.test_responses_map_back_to_fixture_hashes_and_keep_wire_bytes) ... ok
test_case_pages_follow_active_inventory (test_reporting_regressions.ReportingRegressions.test_case_pages_follow_active_inventory) ... ok
test_current_corpus_expectations_apply_only_to_identical_requests (test_reporting_regressions.ReportingRegressions.test_current_corpus_expectations_apply_only_to_identical_requests) ... ok
test_missing_and_ineligible_observations_are_accounted (test_reporting_regressions.ReportingRegressions.test_missing_and_ineligible_observations_are_accounted) ... ok
test_mixed_builds_do_not_harmonize_and_new_complete_build_supersedes_old (test_reporting_regressions.ReportingRegressions.test_mixed_builds_do_not_harmonize_and_new_complete_build_supersedes_old) ... ok
test_report_rechecks_control_status_instead_of_trusting_capture_eligibility (test_reporting_regressions.ReportingRegressions.test_report_rechecks_control_status_instead_of_trusting_capture_eligibility) ... ok
test_flips_and_build_changes_are_grouped_by_client (test_reports.ChangesPageTests.test_flips_and_build_changes_are_grouped_by_client) ... ok
test_published_changes_page_is_linked (test_reports.ChangesPageTests.test_published_changes_page_is_linked) ... ok
test_buckets_separate_unfixed_differences_by_policy (test_reports.ProgressTests.test_buckets_separate_unfixed_differences_by_policy) ... ok
test_chart_is_deterministic_and_names_every_count (test_reports.ProgressTests.test_chart_is_deterministic_and_names_every_count) ... ok
test_published_progress_matches_the_checks (test_reports.ProgressTests.test_published_progress_matches_the_checks) ... ok
test_build_versions_omit_platform_and_duplicate_commit (test_reports.ReportVerdictTests.test_build_versions_omit_platform_and_duplicate_commit) ... ok
test_commit_dates_match_exact_version_not_image_or_channel (test_reports.ReportVerdictTests.test_commit_dates_match_exact_version_not_image_or_channel) ... ok
test_each_decision_page_opens_with_its_question (test_reports.ReportVerdictTests.test_each_decision_page_opens_with_its_question) ... ok
test_examples_link_to_the_reason_for_an_open_or_partial_verdict (test_reports.ReportVerdictTests.test_examples_link_to_the_reason_for_an_open_or_partial_verdict) ... ok
test_examples_prioritize_counterexample_over_success (test_reports.ReportVerdictTests.test_examples_prioritize_counterexample_over_success) ... ok
test_expected_rpc_error_is_not_a_failed_check (test_reports.ReportVerdictTests.test_expected_rpc_error_is_not_a_failed_check) ... ok
test_extension_observation_is_neither_pass_nor_failure (test_reports.ReportVerdictTests.test_extension_observation_is_neither_pass_nor_failure) ... ok
test_generated_reports_have_no_broken_local_file_links (test_reports.ReportVerdictTests.test_generated_reports_have_no_broken_local_file_links) ... ok
test_missing_object_is_distinct_from_empty_collection (test_reports.ReportVerdictTests.test_missing_object_is_distinct_from_empty_collection) ... ok
test_one_difference_cannot_be_hidden_by_matching_cases (test_reports.ReportVerdictTests.test_one_difference_cannot_be_hidden_by_matching_cases) ... ok
test_open_policy_is_distinct_from_blocked_or_uncovered_cases (test_reports.ReportVerdictTests.test_open_policy_is_distinct_from_blocked_or_uncovered_cases) ... ok
test_setup_failure_cannot_be_reported_as_observed_behavior (test_reports.ReportVerdictTests.test_setup_failure_cannot_be_reported_as_observed_behavior) ... ok
test_source_catalog_uses_immutable_revisions_and_line_anchors (test_reports.ReportVerdictTests.test_source_catalog_uses_immutable_revisions_and_line_anchors) ... ok
test_precrawled_validator_matches_plain_validation_of_recursive_vm_traces (test_reports.ResultValidatorTests.test_precrawled_validator_matches_plain_validation_of_recursive_vm_traces) ... ok
test_capture_plan_is_required_for_eligibility (test_second_audit.IsolationScenario.test_capture_plan_is_required_for_eligibility) ... ok
test_captured_requests_follow_the_declared_phase_order (test_second_audit.IsolationScenario.test_captured_requests_follow_the_declared_phase_order) ... ok
test_case_selection_keeps_every_ordered_phase (test_second_audit.IsolationScenario.test_case_selection_keeps_every_ordered_phase) ... ok
test_isolation_requires_order_and_execution_and_checks_after_value (test_second_audit.IsolationScenario.test_isolation_requires_order_and_execution_and_checks_after_value) ... ok
test_ordered_adapter_uses_phase_plan_instead_of_global_lexical_order (test_second_audit.IsolationScenario.test_ordered_adapter_uses_phase_plan_instead_of_global_lexical_order) ... ok
test_malformed_reference_does_not_abort_report (test_second_audit.ReferenceErrors.test_malformed_reference_does_not_abort_report) ... ok
test_callmany_diffs_are_individual_transitions (test_second_audit.SemanticChecks.test_callmany_diffs_are_individual_transitions) ... ok
test_deleted_balance_and_optional_storage_markers (test_second_audit.SemanticChecks.test_deleted_balance_and_optional_storage_markers) ... ok
test_deletion_oracle_matches_genesis (test_second_audit.SemanticChecks.test_deletion_oracle_matches_genesis) ... ok
test_deletion_values_match_frozen_prestate (test_second_audit.SemanticChecks.test_deletion_values_match_frozen_prestate) ... ok
test_empty_selection_preserves_fixture_output (test_second_audit.SemanticChecks.test_empty_selection_preserves_fixture_output) ... ok
test_existing_account_slots_use_change_markers (test_second_audit.SemanticChecks.test_existing_account_slots_use_change_markers) ... ok
test_merged_complete_fixes_imply_agreement (test_status.ClientPositionTests.test_merged_complete_fixes_imply_agreement) ... ok
test_positions_need_known_clients_decisions_and_provenance (test_status.ClientPositionTests.test_positions_need_known_clients_decisions_and_provenance) ... ok
test_published_positions (test_status.ClientPositionTests.test_published_positions) ... ok
test_recorded_positions_win_and_keep_fix_sources (test_status.ClientPositionTests.test_recorded_positions_win_and_keep_fix_sources) ... ok
test_build_provenance_is_required (test_status.DecisionStatusTests.test_build_provenance_is_required) ... ok
test_extension_observations_do_not_block_assessed_cases (test_status.DecisionStatusTests.test_extension_observations_do_not_block_assessed_cases) ... ok
test_geth_fork_cannot_replace_native_client (test_status.DecisionStatusTests.test_geth_fork_cannot_replace_native_client) ... ok
test_incomplete_or_failing_evidence_blocks_harmonization (test_status.DecisionStatusTests.test_incomplete_or_failing_evidence_blocks_harmonization) ... ok
test_milestones_require_policy_and_both_channels (test_status.DecisionStatusTests.test_milestones_require_policy_and_both_channels) ... ok
test_missing_declared_case_and_empty_scope_block_harmonization (test_status.DecisionStatusTests.test_missing_declared_case_and_empty_scope_block_harmonization) ... ok
test_policy_conclusions_require_provenance (test_status.DecisionStatusTests.test_policy_conclusions_require_provenance) ... ok
test_published_status_is_consistent_across_views (test_status.DecisionStatusTests.test_published_status_is_consistent_across_views) ... ok
test_address_filtering_is_decided_everywhere (test_tables.Tables.test_address_filtering_is_decided_everywhere) ... ok
test_block_selection_gaps (test_tables.Tables.test_block_selection_gaps) ... ok
test_ordinary_frame_emission_is_unstated (test_tables.Tables.test_ordinary_frame_emission_is_unstated) ... ok
test_quotes_occur_in_the_pinned_draft (test_tables.Tables.test_quotes_occur_in_the_pinned_draft) ... ok
test_schema_forms (test_tables.Tables.test_schema_forms) ... ok
test_zero_value_precompile_at_the_depth_limit_conflicts (test_tables.Tables.test_zero_value_precompile_at_the_depth_limit_conflicts) ... ok
test_current_reports_cannot_mix_builds_drop_failed_runs_or_claim_historical_freshness (test_versions.MatrixInventoryTests.test_current_reports_cannot_mix_builds_drop_failed_runs_or_claim_historical_freshness) ... ok
test_suite_stops_before_corpus_on_failed_preflight (test_versions.MatrixInventoryTests.test_suite_stops_before_corpus_on_failed_preflight) ... ok
test_discovers_stable_tags_and_moving_development_references (test_versions.VersionTests.test_discovers_stable_tags_and_moving_development_references) ... ok
test_discovery_fails_closed (test_versions.VersionTests.test_discovery_fails_closed) ... ok
test_flags_development_builds_older_than_their_release_build (test_versions.VersionTests.test_flags_development_builds_older_than_their_release_build) ... ok
test_matrix_refreshes_by_default_and_reproduction_is_explicit (test_versions.VersionTests.test_matrix_refreshes_by_default_and_reproduction_is_explicit) ... ok
test_preflight_contacts_registry_and_records_identity (test_versions.VersionTests.test_preflight_contacts_registry_and_records_identity) ... ok
test_preflight_records_lagging_development_builds_without_failing (test_versions.VersionTests.test_preflight_records_lagging_development_builds_without_failing) ... ok
test_rejects_old_release_retagged_image_moved_or_dirty_geth (test_versions.VersionTests.test_rejects_old_release_retagged_image_moved_or_dirty_geth) ... ok

----------------------------------------------------------------------
Ran 337 tests in 14.670s

OK
Validated nine method schemas, positive examples and recursive negative vectors.
Generated 19460 observation assessments and 33 decision pages in /Users/banteg/dev/banteg/trace-interop/reports
