Sep 23 01:38:36.030 INF building image image=hive/hiveproxy nocache=false pull=false
Sep 23 01:38:36.056 INF building 1 clients...
Sep 23 01:38:36.056 INF building image image=hive/clients/go-ethereum_trace:latest dir=clients/go-ethereum nocache=false pull=false baseimage=trace-interop/go-ethereum tag=da6869fd3865980fef80bfa418746c825c6854d3dca32b9fa2ec92738be4e849
Sep 23 01:38:36.096 INF building 1 simulators...
Sep 23 01:38:36.096 INF building image image=hive/simulators/ethereum/rpc-compat:latest dir=simulators/ethereum/rpc-compat nocache=false pull=false
Sep 23 01:38:36.235 INF creating output directory folder=/home/banteg/geth40/geth-40eecf3-a/hive
Sep 23 01:38:36.244 INF running simulation: ethereum/rpc-compat
Sep 23 01:38:36.406 INF hiveproxy started container=eee74e26acfa addr=172.17.0.2:8081
Sep 23 01:38:36.632 INF API: suite started suite=0 name=rpc-compat
Sep 23 01:38:36.634 INF API: test started suite=0 test=1 name="client launch (go-ethereum_trace)"
Sep 23 01:38:37.297 INF API: client go-ethereum_trace started suite=0 test=1 container=b9d015f3
Sep 23 01:38:37.307 INF API: test started suite=0 test=2 name="interop/_control/head (go-ethereum_trace)"
Sep 23 01:38:37.311 INF API: test ended suite=0 test=2 pass=false
Sep 23 01:38:37.312 INF API: test started suite=0 test=3 name="interop/_control/version (go-ethereum_trace)"
Sep 23 01:38:37.314 INF API: test ended suite=0 test=3 pass=false
Sep 23 01:38:37.315 INF API: test started suite=0 test=4 name="interop/auth-clear (go-ethereum_trace)"
Sep 23 01:38:37.320 INF API: test ended suite=0 test=4 pass=false
Sep 23 01:38:37.321 INF API: test started suite=0 test=5 name="interop/auth-replace (go-ethereum_trace)"
Sep 23 01:38:37.326 INF API: test ended suite=0 test=5 pass=false
Sep 23 01:38:37.327 INF API: test started suite=0 test=6 name="interop/auth-set-revert (go-ethereum_trace)"
Sep 23 01:38:37.332 INF API: test ended suite=0 test=6 pass=false
Sep 23 01:38:37.334 INF API: test started suite=0 test=7 name="interop/auth-set (go-ethereum_trace)"
Sep 23 01:38:37.338 INF API: test ended suite=0 test=7 pass=false
Sep 23 01:38:37.339 INF API: test started suite=0 test=8 name="interop/block-2 (go-ethereum_trace)"
Sep 23 01:38:37.345 INF API: test ended suite=0 test=8 pass=false
Sep 23 01:38:37.346 INF API: test started suite=0 test=9 name="interop/block-3 (go-ethereum_trace)"
Sep 23 01:38:37.351 INF API: test ended suite=0 test=9 pass=false
Sep 23 01:38:37.352 INF API: test started suite=0 test=10 name="interop/call-destroy (go-ethereum_trace)"
Sep 23 01:38:37.355 INF API: test ended suite=0 test=10 pass=false
Sep 23 01:38:37.357 INF API: test started suite=0 test=11 name="interop/call-gas7400 (go-ethereum_trace)"
Sep 23 01:38:37.365 INF API: test ended suite=0 test=11 pass=false
Sep 23 01:38:37.366 INF API: test started suite=0 test=12 name="interop/call-mcopy (go-ethereum_trace)"
Sep 23 01:38:37.370 INF API: test ended suite=0 test=12 pass=false
Sep 23 01:38:37.371 INF API: test started suite=0 test=13 name="interop/call-mixed-create (go-ethereum_trace)"
Sep 23 01:38:37.374 INF API: test ended suite=0 test=13 pass=false
Sep 23 01:38:37.375 INF API: test started suite=0 test=14 name="interop/call-null-mode (go-ethereum_trace)"
Sep 23 01:38:37.377 INF API: test ended suite=0 test=14 pass=false
Sep 23 01:38:37.378 INF API: test started suite=0 test=15 name="interop/call-return42 (go-ethereum_trace)"
Sep 23 01:38:37.381 INF API: test ended suite=0 test=15 pass=false
Sep 23 01:38:37.382 INF API: test started suite=0 test=16 name="interop/call-scalar-mode (go-ethereum_trace)"
Sep 23 01:38:37.384 INF API: test ended suite=0 test=16 pass=false
Sep 23 01:38:37.385 INF API: test started suite=0 test=17 name="interop/call-siblings-ok-revert (go-ethereum_trace)"
Sep 23 01:38:37.389 INF API: test ended suite=0 test=17 pass=false
Sep 23 01:38:37.390 INF API: test started suite=0 test=18 name="interop/call-siblings-revert-ok (go-ethereum_trace)"
Sep 23 01:38:37.396 INF API: test ended suite=0 test=18 pass=false
Sep 23 01:38:37.397 INF API: test started suite=0 test=19 name="interop/call-unknown-field (go-ethereum_trace)"
Sep 23 01:38:37.404 INF API: test ended suite=0 test=19 pass=false
Sep 23 01:38:37.409 INF API: test started suite=0 test=20 name="interop/call-unknown-mode (go-ethereum_trace)"
Sep 23 01:38:37.415 INF API: test ended suite=0 test=20 pass=false
Sep 23 01:38:37.416 INF API: test started suite=0 test=21 name="interop/call-wrong-type (go-ethereum_trace)"
Sep 23 01:38:37.421 INF API: test ended suite=0 test=21 pass=false
Sep 23 01:38:37.422 INF API: test started suite=0 test=22 name="interop/control-chain (go-ethereum_trace)"
Sep 23 01:38:37.426 INF API: test ended suite=0 test=22 pass=false
Sep 23 01:38:37.428 INF API: test started suite=0 test=23 name="interop/control-code-delegated (go-ethereum_trace)"
Sep 23 01:38:37.432 INF API: test ended suite=0 test=23 pass=false
Sep 23 01:38:37.434 INF API: test started suite=0 test=24 name="interop/control-code-destroy (go-ethereum_trace)"
Sep 23 01:38:37.437 INF API: test ended suite=0 test=24 pass=false
Sep 23 01:38:37.439 INF API: test started suite=0 test=25 name="interop/control-code-gas7400 (go-ethereum_trace)"
Sep 23 01:38:37.442 INF API: test ended suite=0 test=25 pass=false
Sep 23 01:38:37.443 INF API: test started suite=0 test=26 name="interop/control-code-mcopy (go-ethereum_trace)"
Sep 23 01:38:37.445 INF API: test ended suite=0 test=26 pass=false
Sep 23 01:38:37.446 INF API: test started suite=0 test=27 name="interop/control-code-mixed-create (go-ethereum_trace)"
Sep 23 01:38:37.449 INF API: test ended suite=0 test=27 pass=false
Sep 23 01:38:37.450 INF API: test started suite=0 test=28 name="interop/control-code-prefunded-empty (go-ethereum_trace)"
Sep 23 01:38:37.452 INF API: test ended suite=0 test=28 pass=false
Sep 23 01:38:37.453 INF API: test started suite=0 test=29 name="interop/control-code-return42 (go-ethereum_trace)"
Sep 23 01:38:37.454 INF API: test ended suite=0 test=29 pass=false
Sep 23 01:38:37.455 INF API: test started suite=0 test=30 name="interop/control-code-revert (go-ethereum_trace)"
Sep 23 01:38:37.458 INF API: test ended suite=0 test=30 pass=false
Sep 23 01:38:37.458 INF API: test started suite=0 test=31 name="interop/control-code-siblings-ok-revert (go-ethereum_trace)"
Sep 23 01:38:37.460 INF API: test ended suite=0 test=31 pass=false
Sep 23 01:38:37.461 INF API: test started suite=0 test=32 name="interop/control-code-siblings-revert-ok (go-ethereum_trace)"
Sep 23 01:38:37.463 INF API: test ended suite=0 test=32 pass=false
Sep 23 01:38:37.464 INF API: test started suite=0 test=33 name="interop/control-code-storage (go-ethereum_trace)"
Sep 23 01:38:37.467 INF API: test ended suite=0 test=33 pass=false
Sep 23 01:38:37.469 INF API: test started suite=0 test=34 name="interop/control-code-undelegated (go-ethereum_trace)"
Sep 23 01:38:37.471 INF API: test ended suite=0 test=34 pass=false
Sep 23 01:38:37.472 INF API: test started suite=0 test=35 name="interop/control-head (go-ethereum_trace)"
Sep 23 01:38:37.475 INF API: test ended suite=0 test=35 pass=false
Sep 23 01:38:37.476 INF API: test started suite=0 test=36 name="interop/control-height (go-ethereum_trace)"
Sep 23 01:38:37.478 INF API: test ended suite=0 test=36 pass=false
Sep 23 01:38:37.479 INF API: test started suite=0 test=37 name="interop/control-nonce (go-ethereum_trace)"
Sep 23 01:38:37.481 INF API: test ended suite=0 test=37 pass=false
Sep 23 01:38:37.482 INF API: test started suite=0 test=38 name="interop/control-storage-after-many (go-ethereum_trace)"
Sep 23 01:38:37.485 INF API: test ended suite=0 test=38 pass=false
Sep 23 01:38:37.485 INF API: test started suite=0 test=39 name="interop/control-version (go-ethereum_trace)"
Sep 23 01:38:37.488 INF API: test ended suite=0 test=39 pass=false
Sep 23 01:38:37.488 INF API: test started suite=0 test=40 name="interop/debug-destroy (go-ethereum_trace)"
Sep 23 01:38:37.491 INF API: test ended suite=0 test=40 pass=false
Sep 23 01:38:37.492 INF API: test started suite=0 test=41 name="interop/debug-gas7400-opcodes (go-ethereum_trace)"
Sep 23 01:38:37.494 INF API: test ended suite=0 test=41 pass=false
Sep 23 01:38:37.495 INF API: test started suite=0 test=42 name="interop/debug-gas7400 (go-ethereum_trace)"
Sep 23 01:38:37.498 INF API: test ended suite=0 test=42 pass=false
Sep 23 01:38:37.499 INF API: test started suite=0 test=43 name="interop/debug-mcopy (go-ethereum_trace)"
Sep 23 01:38:37.501 INF API: test ended suite=0 test=43 pass=false
Sep 23 01:38:37.502 INF API: test started suite=0 test=44 name="interop/debug-mixed-create (go-ethereum_trace)"
Sep 23 01:38:37.505 INF API: test ended suite=0 test=44 pass=false
Sep 23 01:38:37.506 INF API: test started suite=0 test=45 name="interop/debug-return42 (go-ethereum_trace)"
Sep 23 01:38:37.509 INF API: test ended suite=0 test=45 pass=false
Sep 23 01:38:37.510 INF API: test started suite=0 test=46 name="interop/debug-siblings-ok-revert (go-ethereum_trace)"
Sep 23 01:38:37.512 INF API: test ended suite=0 test=46 pass=false
Sep 23 01:38:37.513 INF API: test started suite=0 test=47 name="interop/debug-siblings-revert-ok (go-ethereum_trace)"
Sep 23 01:38:37.517 INF API: test ended suite=0 test=47 pass=false
Sep 23 01:38:37.517 INF API: test started suite=0 test=48 name="interop/empty-types (go-ethereum_trace)"
Sep 23 01:38:37.520 INF API: test ended suite=0 test=48 pass=false
Sep 23 01:38:37.521 INF API: test started suite=0 test=49 name="interop/filter-all (go-ethereum_trace)"
Sep 23 01:38:37.525 INF API: test ended suite=0 test=49 pass=false
Sep 23 01:38:37.526 INF API: test started suite=0 test=50 name="interop/filter-both-null (go-ethereum_trace)"
Sep 23 01:38:37.530 INF API: test ended suite=0 test=50 pass=false
Sep 23 01:38:37.531 INF API: test started suite=0 test=51 name="interop/filter-both-unknown-mode (go-ethereum_trace)"
Sep 23 01:38:37.533 INF API: test ended suite=0 test=51 pass=false
Sep 23 01:38:37.534 INF API: test started suite=0 test=52 name="interop/filter-created-to (go-ethereum_trace)"
Sep 23 01:38:37.538 INF API: test ended suite=0 test=52 pass=false
Sep 23 01:38:37.539 INF API: test started suite=0 test=53 name="interop/filter-creator-from (go-ethereum_trace)"
Sep 23 01:38:37.543 INF API: test ended suite=0 test=53 pass=false
Sep 23 01:38:37.544 INF API: test started suite=0 test=54 name="interop/filter-from-empty-to-set (go-ethereum_trace)"
Sep 23 01:38:37.547 INF API: test ended suite=0 test=54 pass=false
Sep 23 01:38:37.548 INF API: test started suite=0 test=55 name="interop/filter-from-null (go-ethereum_trace)"
Sep 23 01:38:37.553 INF API: test ended suite=0 test=55 pass=false
Sep 23 01:38:37.554 INF API: test started suite=0 test=56 name="interop/filter-from-only-intersection (go-ethereum_trace)"
Sep 23 01:38:37.557 INF API: test ended suite=0 test=56 pass=false
Sep 23 01:38:37.557 INF API: test started suite=0 test=57 name="interop/filter-from-only-union (go-ethereum_trace)"
Sep 23 01:38:37.560 INF API: test ended suite=0 test=57 pass=false
Sep 23 01:38:37.561 INF API: test started suite=0 test=58 name="interop/filter-negative-count (go-ethereum_trace)"
Sep 23 01:38:37.563 INF API: test ended suite=0 test=58 pass=false
Sep 23 01:38:37.564 INF API: test started suite=0 test=59 name="interop/filter-page-0 (go-ethereum_trace)"
Sep 23 01:38:37.567 INF API: test ended suite=0 test=59 pass=false
Sep 23 01:38:37.568 INF API: test started suite=0 test=60 name="interop/filter-page-1 (go-ethereum_trace)"
Sep 23 01:38:37.571 INF API: test ended suite=0 test=60 pass=false
Sep 23 01:38:37.572 INF API: test started suite=0 test=61 name="interop/filter-page-2 (go-ethereum_trace)"
Sep 23 01:38:37.575 INF API: test ended suite=0 test=61 pass=false
Sep 23 01:38:37.576 INF API: test started suite=0 test=62 name="interop/filter-past-end-page (go-ethereum_trace)"
Sep 23 01:38:37.578 INF API: test ended suite=0 test=62 pass=false
Sep 23 01:38:37.579 INF API: test started suite=0 test=63 name="interop/filter-snapshot (go-ethereum_trace)"
Sep 23 01:38:37.583 INF API: test ended suite=0 test=63 pass=false
Sep 23 01:38:37.584 INF API: test started suite=0 test=64 name="interop/filter-suicide-beneficiary (go-ethereum_trace)"
Sep 23 01:38:37.587 INF API: test ended suite=0 test=64 pass=false
Sep 23 01:38:37.588 INF API: test started suite=0 test=65 name="interop/filter-suicide-from (go-ethereum_trace)"
Sep 23 01:38:37.592 INF API: test ended suite=0 test=65 pass=false
Sep 23 01:38:37.592 INF API: test started suite=0 test=66 name="interop/filter-to-empty-from-set (go-ethereum_trace)"
Sep 23 01:38:37.596 INF API: test ended suite=0 test=66 pass=false
Sep 23 01:38:37.596 INF API: test started suite=0 test=67 name="interop/filter-to-null (go-ethereum_trace)"
Sep 23 01:38:37.600 INF API: test ended suite=0 test=67 pass=false
Sep 23 01:38:37.601 INF API: test started suite=0 test=68 name="interop/filter-to-only-intersection (go-ethereum_trace)"
Sep 23 01:38:37.605 INF API: test ended suite=0 test=68 pass=false
Sep 23 01:38:37.606 INF API: test started suite=0 test=69 name="interop/filter-to-only-union (go-ethereum_trace)"
Sep 23 01:38:37.609 INF API: test ended suite=0 test=69 pass=false
Sep 23 01:38:37.611 INF API: test started suite=0 test=70 name="interop/filter-two-blocks (go-ethereum_trace)"
Sep 23 01:38:37.616 INF API: test ended suite=0 test=70 pass=false
Sep 23 01:38:37.617 INF API: test started suite=0 test=71 name="interop/filter-unknown-field (go-ethereum_trace)"
Sep 23 01:38:37.620 INF API: test ended suite=0 test=71 pass=false
Sep 23 01:38:37.621 INF API: test started suite=0 test=72 name="interop/filter-wrong-address-type (go-ethereum_trace)"
Sep 23 01:38:37.623 INF API: test ended suite=0 test=72 pass=false
Sep 23 01:38:37.624 INF API: test started suite=0 test=73 name="interop/get-integer-path (go-ethereum_trace)"
Sep 23 01:38:37.627 INF API: test ended suite=0 test=73 pass=false
Sep 23 01:38:37.627 INF API: test started suite=0 test=74 name="interop/get-nested-parent (go-ethereum_trace)"
Sep 23 01:38:37.631 INF API: test ended suite=0 test=74 pass=false
Sep 23 01:38:37.632 INF API: test started suite=0 test=75 name="interop/get-nested-positive (go-ethereum_trace)"
Sep 23 01:38:37.636 INF API: test ended suite=0 test=75 pass=false
Sep 23 01:38:37.638 INF API: test started suite=0 test=76 name="interop/get-path-wrong-type (go-ethereum_trace)"
Sep 23 01:38:37.642 INF API: test ended suite=0 test=76 pass=false
Sep 23 01:38:37.643 INF API: test started suite=0 test=77 name="interop/many-storage-write-read (go-ethereum_trace)"
Sep 23 01:38:37.647 INF API: test ended suite=0 test=77 pass=false
Sep 23 01:38:37.648 INF API: test started suite=0 test=78 name="interop/many-storage-write-revert-read (go-ethereum_trace)"
Sep 23 01:38:37.651 INF API: test ended suite=0 test=78 pass=false
Sep 23 01:38:37.652 INF API: test started suite=0 test=79 name="interop/missing-block-block (go-ethereum_trace)"
Sep 23 01:38:37.654 INF API: test ended suite=0 test=79 pass=false
Sep 23 01:38:37.655 INF API: test started suite=0 test=80 name="interop/missing-block-call (go-ethereum_trace)"
Sep 23 01:38:37.657 INF API: test ended suite=0 test=80 pass=false
Sep 23 01:38:37.658 INF API: test started suite=0 test=81 name="interop/missing-block-filter (go-ethereum_trace)"
Sep 23 01:38:37.659 INF API: test ended suite=0 test=81 pass=false
Sep 23 01:38:37.660 INF API: test started suite=0 test=82 name="interop/prefunded-empty (go-ethereum_trace)"
Sep 23 01:38:37.663 INF API: test ended suite=0 test=82 pass=false
Sep 23 01:38:37.664 INF API: test started suite=0 test=83 name="interop/raw-below-basefee (go-ethereum_trace)"
Sep 23 01:38:37.666 INF API: test ended suite=0 test=83 pass=false
Sep 23 01:38:37.667 INF API: test started suite=0 test=84 name="interop/raw-insufficient-funds (go-ethereum_trace)"
Sep 23 01:38:37.669 INF API: test ended suite=0 test=84 pass=false
Sep 23 01:38:37.670 INF API: test started suite=0 test=85 name="interop/raw-low-gas (go-ethereum_trace)"
Sep 23 01:38:37.672 INF API: test ended suite=0 test=85 pass=false
Sep 23 01:38:37.672 INF API: test started suite=0 test=86 name="interop/raw-nonce-high (go-ethereum_trace)"
Sep 23 01:38:37.674 INF API: test ended suite=0 test=86 pass=false
Sep 23 01:38:37.675 INF API: test started suite=0 test=87 name="interop/raw-valid (go-ethereum_trace)"
Sep 23 01:38:37.678 INF API: test ended suite=0 test=87 pass=false
Sep 23 01:38:37.679 INF API: test started suite=0 test=88 name="interop/raw-wrong-chain (go-ethereum_trace)"
Sep 23 01:38:37.681 INF API: test ended suite=0 test=88 pass=false
Sep 23 01:38:37.681 INF API: test started suite=0 test=89 name="interop/state-only-nonempty-output (go-ethereum_trace)"
Sep 23 01:38:37.684 INF API: test ended suite=0 test=89 pass=false
Sep 23 01:38:37.685 INF API: test started suite=0 test=90 name="interop/transaction-tree (go-ethereum_trace)"
Sep 23 01:38:37.688 INF API: test ended suite=0 test=90 pass=false
Sep 23 01:38:37.689 INF API: test started suite=0 test=91 name="interop/vm-only-nonempty-output (go-ethereum_trace)"
Sep 23 01:38:37.692 INF API: test ended suite=0 test=91 pass=false
Sep 23 01:38:37.843 INF API: test ended suite=0 test=1 pass=true
Sep 23 01:38:37.851 INF API: suite ended suite=0
Sep 23 01:38:38.101 INF simulation ethereum/rpc-compat finished suites=1 tests=91 failed=90
90 tests failed
