Sep 24 17:10:21.770 INF building image image=hive/hiveproxy nocache=false pull=false
Sep 24 17:10:21.812 INF building 2 clients...
Sep 24 17:10:21.812 INF building image image=hive/clients/reth_release:latest dir=clients/reth nocache=false pull=false baseimage=trace-interop/reth tag=e939dc4a471d9d27224e430f607a954d692ca5037a1350ee2036397d14532ca7
Sep 24 17:10:21.839 INF building image image=hive/clients/reth_development:latest dir=clients/reth nocache=false pull=false baseimage=trace-interop/reth tag=935f179789c1d4fc921c181a4fa21f3262e5d0509061ddbad4398b37db3f33bf
Sep 24 17:10:21.865 INF building 1 simulators...
Sep 24 17:10:21.865 INF building image image=hive/simulators/ethereum/rpc-compat:latest dir=simulators/ethereum/rpc-compat nocache=false pull=false
Sep 24 17:10:21.886 INF creating output directory folder=/home/banteg/dev/trace-h15-compat-20260924/evidence/2026-09-24/h15-call-compat/pruned/hive
Sep 24 17:10:21.893 INF running simulation: ethereum/rpc-compat
Sep 24 17:10:22.052 INF hiveproxy started container=6947a2435158 addr=172.17.0.2:8081
Sep 24 17:10:22.212 INF API: suite started suite=0 name=rpc-compat
Sep 24 17:10:22.214 INF API: test started suite=0 test=1 name="client launch (reth_release)"
Sep 24 17:10:22.968 INF API: client reth_release started suite=0 test=1 container=bc23ce00
Sep 24 17:10:22.974 INF API: test started suite=0 test=2 name="interop/_control/head (reth_release)"
Sep 24 17:10:22.977 INF API: test ended suite=0 test=2 pass=false
Sep 24 17:10:22.977 INF API: test started suite=0 test=3 name="interop/_control/latest (reth_release)"
Sep 24 17:10:22.980 INF API: test ended suite=0 test=3 pass=false
Sep 24 17:10:22.981 INF API: test started suite=0 test=4 name="interop/_control/receipt/0x55d219e322321525fb6d15c388d730e0f6d0ae119e68163ffcea6d3ee50fa738 (reth_release)"
Sep 24 17:10:22.984 INF API: test ended suite=0 test=4 pass=false
Sep 24 17:10:22.985 INF API: test started suite=0 test=5 name="interop/_control/version (reth_release)"
Sep 24 17:10:22.987 INF API: test ended suite=0 test=5 pass=false
Sep 24 17:10:22.988 INF API: test started suite=0 test=6 name="interop/_reference/block/0x3 (reth_release)"
Sep 24 17:10:22.991 INF API: test ended suite=0 test=6 pass=false
Sep 24 17:10:22.992 INF API: test started suite=0 test=7 name="interop/control-head (reth_release)"
Sep 24 17:10:22.994 INF API: test ended suite=0 test=7 pass=false
Sep 24 17:10:22.995 INF API: test started suite=0 test=8 name="interop/latest-call (reth_release)"
Sep 24 17:10:22.997 INF API: test ended suite=0 test=8 pass=false
Sep 24 17:10:22.998 INF API: test started suite=0 test=9 name="interop/latest-nonce (reth_release)"
Sep 24 17:10:23.000 INF API: test ended suite=0 test=9 pass=false
Sep 24 17:10:23.001 INF API: test started suite=0 test=10 name="interop/old-block (reth_release)"
Sep 24 17:10:23.002 INF API: test ended suite=0 test=10 pass=false
Sep 24 17:10:23.003 INF API: test started suite=0 test=11 name="interop/old-filter (reth_release)"
Sep 24 17:10:23.006 INF API: test ended suite=0 test=11 pass=false
Sep 24 17:10:23.007 INF API: test started suite=0 test=12 name="interop/old-header (reth_release)"
Sep 24 17:10:23.009 INF API: test ended suite=0 test=12 pass=false
Sep 24 17:10:23.010 INF API: test started suite=0 test=13 name="interop/old-nonce (reth_release)"
Sep 24 17:10:23.012 INF API: test ended suite=0 test=13 pass=false
Sep 24 17:10:23.013 INF API: test started suite=0 test=14 name="interop/old-receipt (reth_release)"
Sep 24 17:10:23.016 INF API: test ended suite=0 test=14 pass=false
Sep 24 17:10:23.016 INF API: test started suite=0 test=15 name="interop/old-replay (reth_release)"
Sep 24 17:10:23.019 INF API: test ended suite=0 test=15 pass=false
Sep 24 17:10:23.019 INF API: test started suite=0 test=16 name="interop/old-transaction (reth_release)"
Sep 24 17:10:23.021 INF API: test ended suite=0 test=16 pass=false
Sep 24 17:10:23.160 INF API: test ended suite=0 test=1 pass=true
Sep 24 17:10:23.161 INF API: test started suite=0 test=17 name="client launch (reth_development)"
Sep 24 17:10:23.914 INF API: client reth_development started suite=0 test=17 container=637b065f
Sep 24 17:10:23.919 INF API: test started suite=0 test=18 name="interop/_control/head (reth_development)"
Sep 24 17:10:23.923 INF API: test ended suite=0 test=18 pass=false
Sep 24 17:10:23.924 INF API: test started suite=0 test=19 name="interop/_control/latest (reth_development)"
Sep 24 17:10:23.926 INF API: test ended suite=0 test=19 pass=false
Sep 24 17:10:23.927 INF API: test started suite=0 test=20 name="interop/_control/receipt/0x55d219e322321525fb6d15c388d730e0f6d0ae119e68163ffcea6d3ee50fa738 (reth_development)"
Sep 24 17:10:23.931 INF API: test ended suite=0 test=20 pass=false
Sep 24 17:10:23.932 INF API: test started suite=0 test=21 name="interop/_control/version (reth_development)"
Sep 24 17:10:23.934 INF API: test ended suite=0 test=21 pass=false
Sep 24 17:10:23.935 INF API: test started suite=0 test=22 name="interop/_reference/block/0x3 (reth_development)"
Sep 24 17:10:23.937 INF API: test ended suite=0 test=22 pass=false
Sep 24 17:10:23.938 INF API: test started suite=0 test=23 name="interop/control-head (reth_development)"
Sep 24 17:10:23.941 INF API: test ended suite=0 test=23 pass=false
Sep 24 17:10:23.941 INF API: test started suite=0 test=24 name="interop/latest-call (reth_development)"
Sep 24 17:10:23.944 INF API: test ended suite=0 test=24 pass=false
Sep 24 17:10:23.945 INF API: test started suite=0 test=25 name="interop/latest-nonce (reth_development)"
Sep 24 17:10:23.948 INF API: test ended suite=0 test=25 pass=false
Sep 24 17:10:23.949 INF API: test started suite=0 test=26 name="interop/old-block (reth_development)"
Sep 24 17:10:23.951 INF API: test ended suite=0 test=26 pass=false
Sep 24 17:10:23.952 INF API: test started suite=0 test=27 name="interop/old-filter (reth_development)"
Sep 24 17:10:23.954 INF API: test ended suite=0 test=27 pass=false
Sep 24 17:10:23.955 INF API: test started suite=0 test=28 name="interop/old-header (reth_development)"
Sep 24 17:10:23.958 INF API: test ended suite=0 test=28 pass=false
Sep 24 17:10:23.958 INF API: test started suite=0 test=29 name="interop/old-nonce (reth_development)"
Sep 24 17:10:23.961 INF API: test ended suite=0 test=29 pass=false
Sep 24 17:10:23.961 INF API: test started suite=0 test=30 name="interop/old-receipt (reth_development)"
Sep 24 17:10:23.964 INF API: test ended suite=0 test=30 pass=false
Sep 24 17:10:23.965 INF API: test started suite=0 test=31 name="interop/old-replay (reth_development)"
Sep 24 17:10:23.967 INF API: test ended suite=0 test=31 pass=false
Sep 24 17:10:23.968 INF API: test started suite=0 test=32 name="interop/old-transaction (reth_development)"
Sep 24 17:10:23.971 INF API: test ended suite=0 test=32 pass=false
Sep 24 17:10:24.104 INF API: test ended suite=0 test=17 pass=true
Sep 24 17:10:24.111 INF API: suite ended suite=0
Sep 24 17:10:24.346 INF simulation ethereum/rpc-compat finished suites=1 tests=32 failed=30
30 tests failed
