Sep 23 17:17:06.540 INF building image image=hive/hiveproxy nocache=false pull=false
Sep 23 17:17:06.594 INF building 1 clients...
Sep 23 17:17:06.594 INF building image image=hive/clients/go-ethereum_trace:latest dir=clients/go-ethereum nocache=false pull=false baseimage=trace-interop/go-ethereum tag=351f4131517b32d6a34d884f30dd5d6db83e1c008297f920e87b02b269f9874e
Sep 23 17:17:06.743 INF building 1 simulators...
Sep 23 17:17:06.743 INF building image image=hive/simulators/ethereum/rpc-compat:latest dir=simulators/ethereum/rpc-compat nocache=false pull=false
Sep 23 17:17:06.832 INF creating output directory folder=/home/banteg/dev/trace-geth-contract-evidence/geth-contract-forks/hive
Sep 23 17:17:06.840 INF running simulation: ethereum/rpc-compat
Sep 23 17:17:07.115 INF hiveproxy started container=214652fe0f58 addr=172.17.0.2:8081
Sep 23 17:17:07.455 INF API: suite started suite=0 name=rpc-compat
Sep 23 17:17:07.456 INF API: test started suite=0 test=1 name="client launch (go-ethereum_trace)"
Sep 23 17:17:09.275 INF API: client go-ethereum_trace started suite=0 test=1 container=e8a684b7
Sep 23 17:17:09.302 INF API: test started suite=0 test=2 name="interop/_control/head (go-ethereum_trace)"
Sep 23 17:17:09.317 INF API: test ended suite=0 test=2 pass=false
Sep 23 17:17:09.319 INF API: test started suite=0 test=3 name="interop/_control/latest (go-ethereum_trace)"
Sep 23 17:17:09.321 INF API: test ended suite=0 test=3 pass=false
Sep 23 17:17:09.322 INF API: test started suite=0 test=4 name="interop/_control/version (go-ethereum_trace)"
Sep 23 17:17:09.323 INF API: test ended suite=0 test=4 pass=false
Sep 23 17:17:09.324 INF API: test started suite=0 test=5 name="interop/block-35 (go-ethereum_trace)"
Sep 23 17:17:09.327 INF API: test ended suite=0 test=5 pass=false
Sep 23 17:17:09.327 INF API: test started suite=0 test=6 name="interop/block-36 (go-ethereum_trace)"
Sep 23 17:17:09.332 INF API: test ended suite=0 test=6 pass=false
Sep 23 17:17:09.332 INF API: test started suite=0 test=7 name="interop/block-47 (go-ethereum_trace)"
Sep 23 17:17:09.335 INF API: test ended suite=0 test=7 pass=false
Sep 23 17:17:09.336 INF API: test started suite=0 test=8 name="interop/block-48 (go-ethereum_trace)"
Sep 23 17:17:09.340 INF API: test ended suite=0 test=8 pass=false
Sep 23 17:17:09.341 INF API: test started suite=0 test=9 name="interop/block-51 (go-ethereum_trace)"
Sep 23 17:17:09.345 INF API: test ended suite=0 test=9 pass=false
Sep 23 17:17:09.346 INF API: test started suite=0 test=10 name="interop/block-52 (go-ethereum_trace)"
Sep 23 17:17:09.349 INF API: test ended suite=0 test=10 pass=false
Sep 23 17:17:09.350 INF API: test started suite=0 test=11 name="interop/block-55 (go-ethereum_trace)"
Sep 23 17:17:09.353 INF API: test ended suite=0 test=11 pass=false
Sep 23 17:17:09.354 INF API: test started suite=0 test=12 name="interop/block-56 (go-ethereum_trace)"
Sep 23 17:17:09.357 INF API: test ended suite=0 test=12 pass=false
Sep 23 17:17:09.358 INF API: test started suite=0 test=13 name="interop/block-59 (go-ethereum_trace)"
Sep 23 17:17:09.361 INF API: test ended suite=0 test=13 pass=false
Sep 23 17:17:09.362 INF API: test started suite=0 test=14 name="interop/block-60 (go-ethereum_trace)"
Sep 23 17:17:09.366 INF API: test ended suite=0 test=14 pass=false
Sep 23 17:17:09.367 INF API: test started suite=0 test=15 name="interop/control-head (go-ethereum_trace)"
Sep 23 17:17:09.368 INF API: test ended suite=0 test=15 pass=false
Sep 23 17:17:09.369 INF API: test started suite=0 test=16 name="interop/control-height (go-ethereum_trace)"
Sep 23 17:17:09.370 INF API: test ended suite=0 test=16 pass=false
Sep 23 17:17:09.371 INF API: test started suite=0 test=17 name="interop/control-version (go-ethereum_trace)"
Sep 23 17:17:09.373 INF API: test ended suite=0 test=17 pass=false
Sep 23 17:17:09.373 INF API: test started suite=0 test=18 name="interop/destroy-prestate-55 (go-ethereum_trace)"
Sep 23 17:17:09.376 INF API: test ended suite=0 test=18 pass=false
Sep 23 17:17:09.377 INF API: test started suite=0 test=19 name="interop/destroy-prestate-56 (go-ethereum_trace)"
Sep 23 17:17:09.379 INF API: test ended suite=0 test=19 pass=false
Sep 23 17:17:09.380 INF API: test started suite=0 test=20 name="interop/destroy-trace-55 (go-ethereum_trace)"
Sep 23 17:17:09.382 INF API: test ended suite=0 test=20 pass=false
Sep 23 17:17:09.383 INF API: test started suite=0 test=21 name="interop/destroy-trace-56 (go-ethereum_trace)"
Sep 23 17:17:09.385 INF API: test ended suite=0 test=21 pass=false
Sep 23 17:17:09.386 INF API: test started suite=0 test=22 name="interop/filter-35 (go-ethereum_trace)"
Sep 23 17:17:09.388 INF API: test ended suite=0 test=22 pass=false
Sep 23 17:17:09.389 INF API: test started suite=0 test=23 name="interop/filter-36 (go-ethereum_trace)"
Sep 23 17:17:09.391 INF API: test ended suite=0 test=23 pass=false
Sep 23 17:17:09.392 INF API: test started suite=0 test=24 name="interop/filter-47 (go-ethereum_trace)"
Sep 23 17:17:09.394 INF API: test ended suite=0 test=24 pass=false
Sep 23 17:17:09.394 INF API: test started suite=0 test=25 name="interop/filter-48 (go-ethereum_trace)"
Sep 23 17:17:09.396 INF API: test ended suite=0 test=25 pass=false
Sep 23 17:17:09.397 INF API: test started suite=0 test=26 name="interop/filter-51 (go-ethereum_trace)"
Sep 23 17:17:09.399 INF API: test ended suite=0 test=26 pass=false
Sep 23 17:17:09.400 INF API: test started suite=0 test=27 name="interop/filter-52 (go-ethereum_trace)"
Sep 23 17:17:09.402 INF API: test ended suite=0 test=27 pass=false
Sep 23 17:17:09.403 INF API: test started suite=0 test=28 name="interop/filter-55 (go-ethereum_trace)"
Sep 23 17:17:09.404 INF API: test ended suite=0 test=28 pass=false
Sep 23 17:17:09.405 INF API: test started suite=0 test=29 name="interop/filter-56 (go-ethereum_trace)"
Sep 23 17:17:09.407 INF API: test ended suite=0 test=29 pass=false
Sep 23 17:17:09.408 INF API: test started suite=0 test=30 name="interop/filter-59 (go-ethereum_trace)"
Sep 23 17:17:09.410 INF API: test ended suite=0 test=30 pass=false
Sep 23 17:17:09.412 INF API: test started suite=0 test=31 name="interop/filter-60 (go-ethereum_trace)"
Sep 23 17:17:09.416 INF API: test ended suite=0 test=31 pass=false
Sep 23 17:17:09.418 INF API: test started suite=0 test=32 name="interop/filter-across-36 (go-ethereum_trace)"
Sep 23 17:17:09.422 INF API: test ended suite=0 test=32 pass=false
Sep 23 17:17:09.423 INF API: test started suite=0 test=33 name="interop/filter-across-48 (go-ethereum_trace)"
Sep 23 17:17:09.428 INF API: test ended suite=0 test=33 pass=false
Sep 23 17:17:09.429 INF API: test started suite=0 test=34 name="interop/filter-across-52 (go-ethereum_trace)"
Sep 23 17:17:09.432 INF API: test ended suite=0 test=34 pass=false
Sep 23 17:17:09.433 INF API: test started suite=0 test=35 name="interop/filter-across-56 (go-ethereum_trace)"
Sep 23 17:17:09.435 INF API: test ended suite=0 test=35 pass=false
Sep 23 17:17:09.436 INF API: test started suite=0 test=36 name="interop/filter-across-60 (go-ethereum_trace)"
Sep 23 17:17:09.439 INF API: test ended suite=0 test=36 pass=false
Sep 23 17:17:09.440 INF API: test started suite=0 test=37 name="interop/header-35 (go-ethereum_trace)"
Sep 23 17:17:09.442 INF API: test ended suite=0 test=37 pass=false
Sep 23 17:17:09.443 INF API: test started suite=0 test=38 name="interop/header-36 (go-ethereum_trace)"
Sep 23 17:17:09.444 INF API: test ended suite=0 test=38 pass=false
Sep 23 17:17:09.445 INF API: test started suite=0 test=39 name="interop/header-47 (go-ethereum_trace)"
Sep 23 17:17:09.446 INF API: test ended suite=0 test=39 pass=false
Sep 23 17:17:09.447 INF API: test started suite=0 test=40 name="interop/header-48 (go-ethereum_trace)"
Sep 23 17:17:09.449 INF API: test ended suite=0 test=40 pass=false
Sep 23 17:17:09.450 INF API: test started suite=0 test=41 name="interop/header-51 (go-ethereum_trace)"
Sep 23 17:17:09.451 INF API: test ended suite=0 test=41 pass=false
Sep 23 17:17:09.452 INF API: test started suite=0 test=42 name="interop/header-52 (go-ethereum_trace)"
Sep 23 17:17:09.454 INF API: test ended suite=0 test=42 pass=false
Sep 23 17:17:09.455 INF API: test started suite=0 test=43 name="interop/header-55 (go-ethereum_trace)"
Sep 23 17:17:09.457 INF API: test ended suite=0 test=43 pass=false
Sep 23 17:17:09.458 INF API: test started suite=0 test=44 name="interop/header-56 (go-ethereum_trace)"
Sep 23 17:17:09.459 INF API: test ended suite=0 test=44 pass=false
Sep 23 17:17:09.460 INF API: test started suite=0 test=45 name="interop/header-59 (go-ethereum_trace)"
Sep 23 17:17:09.462 INF API: test ended suite=0 test=45 pass=false
Sep 23 17:17:09.462 INF API: test started suite=0 test=46 name="interop/header-60 (go-ethereum_trace)"
Sep 23 17:17:09.464 INF API: test ended suite=0 test=46 pass=false
Sep 23 17:17:09.465 INF API: test started suite=0 test=47 name="interop/mcopy-prestate-55 (go-ethereum_trace)"
Sep 23 17:17:09.467 INF API: test ended suite=0 test=47 pass=false
Sep 23 17:17:09.468 INF API: test started suite=0 test=48 name="interop/mcopy-prestate-56 (go-ethereum_trace)"
Sep 23 17:17:09.469 INF API: test ended suite=0 test=48 pass=false
Sep 23 17:17:09.470 INF API: test started suite=0 test=49 name="interop/mcopy-trace-55 (go-ethereum_trace)"
Sep 23 17:17:09.472 INF API: test ended suite=0 test=49 pass=false
Sep 23 17:17:09.473 INF API: test started suite=0 test=50 name="interop/mcopy-trace-56 (go-ethereum_trace)"
Sep 23 17:17:09.475 INF API: test ended suite=0 test=50 pass=false
Sep 23 17:17:09.476 INF API: test started suite=0 test=51 name="interop/replay-35 (go-ethereum_trace)"
Sep 23 17:17:09.477 INF API: test ended suite=0 test=51 pass=false
Sep 23 17:17:09.478 INF API: test started suite=0 test=52 name="interop/replay-36 (go-ethereum_trace)"
Sep 23 17:17:09.480 INF API: test ended suite=0 test=52 pass=false
Sep 23 17:17:09.480 INF API: test started suite=0 test=53 name="interop/replay-47 (go-ethereum_trace)"
Sep 23 17:17:09.482 INF API: test ended suite=0 test=53 pass=false
Sep 23 17:17:09.483 INF API: test started suite=0 test=54 name="interop/replay-48 (go-ethereum_trace)"
Sep 23 17:17:09.486 INF API: test ended suite=0 test=54 pass=false
Sep 23 17:17:09.488 INF API: test started suite=0 test=55 name="interop/replay-51 (go-ethereum_trace)"
Sep 23 17:17:09.490 INF API: test ended suite=0 test=55 pass=false
Sep 23 17:17:09.491 INF API: test started suite=0 test=56 name="interop/replay-52 (go-ethereum_trace)"
Sep 23 17:17:09.493 INF API: test ended suite=0 test=56 pass=false
Sep 23 17:17:09.494 INF API: test started suite=0 test=57 name="interop/replay-55 (go-ethereum_trace)"
Sep 23 17:17:09.496 INF API: test ended suite=0 test=57 pass=false
Sep 23 17:17:09.496 INF API: test started suite=0 test=58 name="interop/replay-56 (go-ethereum_trace)"
Sep 23 17:17:09.498 INF API: test ended suite=0 test=58 pass=false
Sep 23 17:17:09.499 INF API: test started suite=0 test=59 name="interop/replay-59 (go-ethereum_trace)"
Sep 23 17:17:09.501 INF API: test ended suite=0 test=59 pass=false
Sep 23 17:17:09.502 INF API: test started suite=0 test=60 name="interop/replay-60 (go-ethereum_trace)"
Sep 23 17:17:09.506 INF API: test ended suite=0 test=60 pass=false
Sep 23 17:17:09.507 INF API: test started suite=0 test=61 name="interop/system-beacon-55-560 (go-ethereum_trace)"
Sep 23 17:17:09.508 INF API: test ended suite=0 test=61 pass=false
Sep 23 17:17:09.509 INF API: test started suite=0 test=62 name="interop/system-beacon-55-8751 (go-ethereum_trace)"
Sep 23 17:17:09.510 INF API: test ended suite=0 test=62 pass=false
Sep 23 17:17:09.511 INF API: test started suite=0 test=63 name="interop/system-beacon-56-560 (go-ethereum_trace)"
Sep 23 17:17:09.513 INF API: test ended suite=0 test=63 pass=false
Sep 23 17:17:09.514 INF API: test started suite=0 test=64 name="interop/system-beacon-56-8751 (go-ethereum_trace)"
Sep 23 17:17:09.516 INF API: test ended suite=0 test=64 pass=false
Sep 23 17:17:09.516 INF API: test started suite=0 test=65 name="interop/system-beacon-57-560 (go-ethereum_trace)"
Sep 23 17:17:09.518 INF API: test ended suite=0 test=65 pass=false
Sep 23 17:17:09.519 INF API: test started suite=0 test=66 name="interop/system-beacon-57-8751 (go-ethereum_trace)"
Sep 23 17:17:09.520 INF API: test ended suite=0 test=66 pass=false
Sep 23 17:17:09.783 INF API: test ended suite=0 test=1 pass=true
Sep 23 17:17:09.792 INF API: suite ended suite=0
Sep 23 17:17:10.544 INF simulation ethereum/rpc-compat finished suites=1 tests=66 failed=65
65 tests failed
