Sep 21 20:57:23.543 INF building image image=hive/hiveproxy nocache=false pull=false
Sep 21 20:57:23.607 INF building 8 clients...
Sep 21 20:57:23.607 INF building image image=hive/clients/besu_development:latest dir=clients/besu nocache=false pull=false baseimage=trace-interop/besu tag=a85249905183f65c98c9e8c282955e40487c4ff8af8db8b8e306d58292231744
Sep 21 20:57:23.733 INF building image image=hive/clients/besu_release:latest dir=clients/besu nocache=false pull=false baseimage=trace-interop/besu tag=f3713c713ca4f9e89c09e1478d2a85116ba9ce8343129d709420ba2af009598b
Sep 21 20:57:23.861 INF building image image=hive/clients/erigon_development:latest dir=clients/erigon nocache=false pull=false baseimage=trace-interop/erigon tag=8269576669f1b4a55572ee7d1a7e4489244cd57bb545293391d1ebd5e0fac002
Sep 21 20:57:23.987 INF building image image=hive/clients/erigon_release:latest dir=clients/erigon nocache=false pull=false baseimage=trace-interop/erigon tag=8668d9c5adc01ad1d12aa25380e384079080bdde7e0ce93f11bed422d82ca0ac
Sep 21 20:58:25.313 INF building image image=hive/clients/nethermind_development:latest dir=clients/nethermind nocache=false pull=false baseimage=trace-interop/nethermind tag=e68f6cd253c312443b306b7e1e61381a38fd174dd16fe7e9bc55487245718182
Sep 21 20:58:25.350 INF building image image=hive/clients/nethermind_release:latest dir=clients/nethermind nocache=false pull=false baseimage=trace-interop/nethermind tag=a5098d75bfa8d4da1992ba8404b357fde6d53241315396e26b88e16e5f67bb59
Sep 21 20:58:25.388 INF building image image=hive/clients/reth_development:latest dir=clients/reth nocache=false pull=false baseimage=trace-interop/reth tag=1d6a97ef686d7c6099c5426c77334ca5891ce5d362fe5f3049ac2ea0df76de86
Sep 21 20:58:25.417 INF building image image=hive/clients/reth_release:latest dir=clients/reth nocache=false pull=false baseimage=trace-interop/reth tag=e939dc4a471d9d27224e430f607a954d692ca5037a1350ee2036397d14532ca7
Sep 21 20:58:25.445 INF building 1 simulators...
Sep 21 20:58:25.445 INF building image image=hive/simulators/ethereum/rpc-compat:latest dir=simulators/ethereum/rpc-compat nocache=false pull=false
Sep 21 20:58:25.476 INF creating output directory folder=/home/banteg/dev/trace-interop/runs/verified-forks/hive
Sep 21 20:58:25.485 INF running simulation: ethereum/rpc-compat
Sep 21 20:58:25.631 INF hiveproxy started container=a0cb2f66c551 addr=172.17.0.2:8081
Sep 21 20:58:25.801 INF API: suite started suite=0 name=rpc-compat
Sep 21 20:58:25.803 INF API: test started suite=0 test=1 name="client launch (besu_development)"
Sep 21 20:58:34.581 INF API: client besu_development started suite=0 test=1 container=2f273fdb
Sep 21 20:58:34.810 INF API: test started suite=0 test=2 name="interop/_control/head (besu_development)"
Sep 21 20:58:34.852 INF API: test ended suite=0 test=2 pass=false
Sep 21 20:58:34.853 INF API: test started suite=0 test=3 name="interop/_control/version (besu_development)"
Sep 21 20:58:34.861 INF API: test ended suite=0 test=3 pass=false
Sep 21 20:58:34.862 INF API: test started suite=0 test=4 name="interop/block-35 (besu_development)"
Sep 21 20:58:34.915 INF API: test ended suite=0 test=4 pass=false
Sep 21 20:58:34.916 INF API: test started suite=0 test=5 name="interop/block-36 (besu_development)"
Sep 21 20:58:34.940 INF API: test ended suite=0 test=5 pass=false
Sep 21 20:58:34.941 INF API: test started suite=0 test=6 name="interop/block-47 (besu_development)"
Sep 21 20:58:34.954 INF API: test ended suite=0 test=6 pass=false
Sep 21 20:58:34.955 INF API: test started suite=0 test=7 name="interop/block-48 (besu_development)"
Sep 21 20:58:34.965 INF API: test ended suite=0 test=7 pass=false
Sep 21 20:58:34.966 INF API: test started suite=0 test=8 name="interop/block-51 (besu_development)"
Sep 21 20:58:34.979 INF API: test ended suite=0 test=8 pass=false
Sep 21 20:58:34.980 INF API: test started suite=0 test=9 name="interop/block-52 (besu_development)"
Sep 21 20:58:34.988 INF API: test ended suite=0 test=9 pass=false
Sep 21 20:58:34.989 INF API: test started suite=0 test=10 name="interop/block-55 (besu_development)"
Sep 21 20:58:34.998 INF API: test ended suite=0 test=10 pass=false
Sep 21 20:58:34.999 INF API: test started suite=0 test=11 name="interop/block-56 (besu_development)"
Sep 21 20:58:35.010 INF API: test ended suite=0 test=11 pass=false
Sep 21 20:58:35.011 INF API: test started suite=0 test=12 name="interop/block-59 (besu_development)"
Sep 21 20:58:35.024 INF API: test ended suite=0 test=12 pass=false
Sep 21 20:58:35.025 INF API: test started suite=0 test=13 name="interop/block-60 (besu_development)"
Sep 21 20:58:35.042 INF API: test ended suite=0 test=13 pass=false
Sep 21 20:58:35.043 INF API: test started suite=0 test=14 name="interop/control-head (besu_development)"
Sep 21 20:58:35.052 INF API: test ended suite=0 test=14 pass=false
Sep 21 20:58:35.053 INF API: test started suite=0 test=15 name="interop/control-height (besu_development)"
Sep 21 20:58:35.060 INF API: test ended suite=0 test=15 pass=false
Sep 21 20:58:35.061 INF API: test started suite=0 test=16 name="interop/control-version (besu_development)"
Sep 21 20:58:35.067 INF API: test ended suite=0 test=16 pass=false
Sep 21 20:58:35.068 INF API: test started suite=0 test=17 name="interop/destroy-prestate-55 (besu_development)"
Sep 21 20:58:35.160 INF API: test ended suite=0 test=17 pass=false
Sep 21 20:58:35.162 INF API: test started suite=0 test=18 name="interop/destroy-prestate-56 (besu_development)"
Sep 21 20:58:35.173 INF API: test ended suite=0 test=18 pass=false
Sep 21 20:58:35.174 INF API: test started suite=0 test=19 name="interop/destroy-trace-55 (besu_development)"
Sep 21 20:58:35.209 INF API: test ended suite=0 test=19 pass=false
Sep 21 20:58:35.210 INF API: test started suite=0 test=20 name="interop/destroy-trace-56 (besu_development)"
Sep 21 20:58:35.221 INF API: test ended suite=0 test=20 pass=false
Sep 21 20:58:35.223 INF API: test started suite=0 test=21 name="interop/filter-35 (besu_development)"
Sep 21 20:58:35.244 INF API: test ended suite=0 test=21 pass=false
Sep 21 20:58:35.245 INF API: test started suite=0 test=22 name="interop/filter-36 (besu_development)"
Sep 21 20:58:36.258 INF API: test ended suite=0 test=22 pass=false
Sep 21 20:58:36.259 INF API: test started suite=0 test=23 name="interop/filter-47 (besu_development)"
Sep 21 20:58:36.268 INF API: test ended suite=0 test=23 pass=false
Sep 21 20:58:36.269 INF API: test started suite=0 test=24 name="interop/filter-48 (besu_development)"
Sep 21 20:58:36.277 INF API: test ended suite=0 test=24 pass=false
Sep 21 20:58:36.278 INF API: test started suite=0 test=25 name="interop/filter-51 (besu_development)"
Sep 21 20:58:36.290 INF API: test ended suite=0 test=25 pass=false
Sep 21 20:58:36.291 INF API: test started suite=0 test=26 name="interop/filter-52 (besu_development)"
Sep 21 20:58:36.297 INF API: test ended suite=0 test=26 pass=false
Sep 21 20:58:36.298 INF API: test started suite=0 test=27 name="interop/filter-55 (besu_development)"
Sep 21 20:58:37.305 INF API: test ended suite=0 test=27 pass=false
Sep 21 20:58:37.306 INF API: test started suite=0 test=28 name="interop/filter-56 (besu_development)"
Sep 21 20:58:37.315 INF API: test ended suite=0 test=28 pass=false
Sep 21 20:58:37.316 INF API: test started suite=0 test=29 name="interop/filter-59 (besu_development)"
Sep 21 20:58:37.323 INF API: test ended suite=0 test=29 pass=false
Sep 21 20:58:37.324 INF API: test started suite=0 test=30 name="interop/filter-60 (besu_development)"
Sep 21 20:58:37.334 INF API: test ended suite=0 test=30 pass=false
Sep 21 20:58:37.335 INF API: test started suite=0 test=31 name="interop/filter-across-36 (besu_development)"
Sep 21 20:58:37.343 INF API: test ended suite=0 test=31 pass=false
Sep 21 20:58:37.344 INF API: test started suite=0 test=32 name="interop/filter-across-48 (besu_development)"
Sep 21 20:58:37.358 INF API: test ended suite=0 test=32 pass=false
Sep 21 20:58:37.359 INF API: test started suite=0 test=33 name="interop/filter-across-52 (besu_development)"
Sep 21 20:58:37.372 INF API: test ended suite=0 test=33 pass=false
Sep 21 20:58:37.373 INF API: test started suite=0 test=34 name="interop/filter-across-56 (besu_development)"
Sep 21 20:58:38.383 INF API: test ended suite=0 test=34 pass=false
Sep 21 20:58:38.384 INF API: test started suite=0 test=35 name="interop/filter-across-60 (besu_development)"
Sep 21 20:58:38.395 INF API: test ended suite=0 test=35 pass=false
Sep 21 20:58:38.396 INF API: test started suite=0 test=36 name="interop/header-35 (besu_development)"
Sep 21 20:58:38.412 INF API: test ended suite=0 test=36 pass=false
Sep 21 20:58:38.413 INF API: test started suite=0 test=37 name="interop/header-36 (besu_development)"
Sep 21 20:58:38.420 INF API: test ended suite=0 test=37 pass=false
Sep 21 20:58:38.421 INF API: test started suite=0 test=38 name="interop/header-47 (besu_development)"
Sep 21 20:58:38.427 INF API: test ended suite=0 test=38 pass=false
Sep 21 20:58:38.428 INF API: test started suite=0 test=39 name="interop/header-48 (besu_development)"
Sep 21 20:58:38.433 INF API: test ended suite=0 test=39 pass=false
Sep 21 20:58:38.434 INF API: test started suite=0 test=40 name="interop/header-51 (besu_development)"
Sep 21 20:58:38.439 INF API: test ended suite=0 test=40 pass=false
Sep 21 20:58:38.440 INF API: test started suite=0 test=41 name="interop/header-52 (besu_development)"
Sep 21 20:58:38.445 INF API: test ended suite=0 test=41 pass=false
Sep 21 20:58:38.446 INF API: test started suite=0 test=42 name="interop/header-55 (besu_development)"
Sep 21 20:58:38.451 INF API: test ended suite=0 test=42 pass=false
Sep 21 20:58:38.452 INF API: test started suite=0 test=43 name="interop/header-56 (besu_development)"
Sep 21 20:58:38.457 INF API: test ended suite=0 test=43 pass=false
Sep 21 20:58:38.458 INF API: test started suite=0 test=44 name="interop/header-59 (besu_development)"
Sep 21 20:58:38.463 INF API: test ended suite=0 test=44 pass=false
Sep 21 20:58:38.464 INF API: test started suite=0 test=45 name="interop/header-60 (besu_development)"
Sep 21 20:58:38.468 INF API: test ended suite=0 test=45 pass=false
Sep 21 20:58:38.469 INF API: test started suite=0 test=46 name="interop/mcopy-prestate-55 (besu_development)"
Sep 21 20:58:38.478 INF API: test ended suite=0 test=46 pass=false
Sep 21 20:58:38.479 INF API: test started suite=0 test=47 name="interop/mcopy-prestate-56 (besu_development)"
Sep 21 20:58:38.487 INF API: test ended suite=0 test=47 pass=false
Sep 21 20:58:38.487 INF API: test started suite=0 test=48 name="interop/mcopy-trace-55 (besu_development)"
Sep 21 20:58:38.497 INF API: test ended suite=0 test=48 pass=false
Sep 21 20:58:38.497 INF API: test started suite=0 test=49 name="interop/mcopy-trace-56 (besu_development)"
Sep 21 20:58:38.505 INF API: test ended suite=0 test=49 pass=false
Sep 21 20:58:38.506 INF API: test started suite=0 test=50 name="interop/replay-35 (besu_development)"
Sep 21 20:58:38.524 INF API: test ended suite=0 test=50 pass=false
Sep 21 20:58:38.525 INF API: test started suite=0 test=51 name="interop/replay-36 (besu_development)"
Sep 21 20:58:38.540 INF API: test ended suite=0 test=51 pass=false
Sep 21 20:58:38.541 INF API: test started suite=0 test=52 name="interop/replay-47 (besu_development)"
Sep 21 20:58:39.552 INF API: test ended suite=0 test=52 pass=false
Sep 21 20:58:39.553 INF API: test started suite=0 test=53 name="interop/replay-48 (besu_development)"
Sep 21 20:58:39.563 INF API: test ended suite=0 test=53 pass=false
Sep 21 20:58:39.564 INF API: test started suite=0 test=54 name="interop/replay-51 (besu_development)"
Sep 21 20:58:39.578 INF API: test ended suite=0 test=54 pass=false
Sep 21 20:58:39.579 INF API: test started suite=0 test=55 name="interop/replay-52 (besu_development)"
Sep 21 20:58:39.588 INF API: test ended suite=0 test=55 pass=false
Sep 21 20:58:39.589 INF API: test started suite=0 test=56 name="interop/replay-55 (besu_development)"
Sep 21 20:58:39.599 INF API: test ended suite=0 test=56 pass=false
Sep 21 20:58:39.600 INF API: test started suite=0 test=57 name="interop/replay-56 (besu_development)"
Sep 21 20:58:40.615 INF API: test ended suite=0 test=57 pass=false
Sep 21 20:58:40.616 INF API: test started suite=0 test=58 name="interop/replay-59 (besu_development)"
Sep 21 20:58:40.625 INF API: test ended suite=0 test=58 pass=false
Sep 21 20:58:40.626 INF API: test started suite=0 test=59 name="interop/replay-60 (besu_development)"
Sep 21 20:58:41.649 INF API: test ended suite=0 test=59 pass=false
Sep 21 20:58:41.651 INF API: test started suite=0 test=60 name="interop/system-beacon-55-560 (besu_development)"
Sep 21 20:58:41.675 INF API: test ended suite=0 test=60 pass=false
Sep 21 20:58:41.677 INF API: test started suite=0 test=61 name="interop/system-beacon-55-8751 (besu_development)"
Sep 21 20:58:41.683 INF API: test ended suite=0 test=61 pass=false
Sep 21 20:58:41.686 INF API: test started suite=0 test=62 name="interop/system-beacon-56-560 (besu_development)"
Sep 21 20:58:41.692 INF API: test ended suite=0 test=62 pass=false
Sep 21 20:58:41.693 INF API: test started suite=0 test=63 name="interop/system-beacon-56-8751 (besu_development)"
Sep 21 20:58:41.698 INF API: test ended suite=0 test=63 pass=false
Sep 21 20:58:41.701 INF API: test started suite=0 test=64 name="interop/system-beacon-57-560 (besu_development)"
Sep 21 20:58:41.710 INF API: test ended suite=0 test=64 pass=false
Sep 21 20:58:41.712 INF API: test started suite=0 test=65 name="interop/system-beacon-57-8751 (besu_development)"
Sep 21 20:58:41.723 INF API: test ended suite=0 test=65 pass=false
Sep 21 20:58:41.966 INF API: test ended suite=0 test=1 pass=true
Sep 21 20:58:41.968 INF API: test started suite=0 test=66 name="client launch (besu_release)"
Sep 21 20:58:50.946 INF API: client besu_release started suite=0 test=66 container=125be7cb
Sep 21 20:58:51.166 INF API: test started suite=0 test=67 name="interop/_control/head (besu_release)"
Sep 21 20:58:51.204 INF API: test ended suite=0 test=67 pass=false
Sep 21 20:58:51.205 INF API: test started suite=0 test=68 name="interop/_control/version (besu_release)"
Sep 21 20:58:51.211 INF API: test ended suite=0 test=68 pass=false
Sep 21 20:58:51.212 INF API: test started suite=0 test=69 name="interop/block-35 (besu_release)"
Sep 21 20:58:51.267 INF API: test ended suite=0 test=69 pass=false
Sep 21 20:58:51.269 INF API: test started suite=0 test=70 name="interop/block-36 (besu_release)"
Sep 21 20:58:51.297 INF API: test ended suite=0 test=70 pass=false
Sep 21 20:58:51.298 INF API: test started suite=0 test=71 name="interop/block-47 (besu_release)"
Sep 21 20:58:51.313 INF API: test ended suite=0 test=71 pass=false
Sep 21 20:58:51.314 INF API: test started suite=0 test=72 name="interop/block-48 (besu_release)"
Sep 21 20:58:51.326 INF API: test ended suite=0 test=72 pass=false
Sep 21 20:58:51.327 INF API: test started suite=0 test=73 name="interop/block-51 (besu_release)"
Sep 21 20:58:51.343 INF API: test ended suite=0 test=73 pass=false
Sep 21 20:58:51.344 INF API: test started suite=0 test=74 name="interop/block-52 (besu_release)"
Sep 21 20:58:51.354 INF API: test ended suite=0 test=74 pass=false
Sep 21 20:58:51.355 INF API: test started suite=0 test=75 name="interop/block-55 (besu_release)"
Sep 21 20:58:51.365 INF API: test ended suite=0 test=75 pass=false
Sep 21 20:58:51.366 INF API: test started suite=0 test=76 name="interop/block-56 (besu_release)"
Sep 21 20:58:51.377 INF API: test ended suite=0 test=76 pass=false
Sep 21 20:58:51.378 INF API: test started suite=0 test=77 name="interop/block-59 (besu_release)"
Sep 21 20:58:51.390 INF API: test ended suite=0 test=77 pass=false
Sep 21 20:58:51.391 INF API: test started suite=0 test=78 name="interop/block-60 (besu_release)"
Sep 21 20:58:51.405 INF API: test ended suite=0 test=78 pass=false
Sep 21 20:58:51.406 INF API: test started suite=0 test=79 name="interop/control-head (besu_release)"
Sep 21 20:58:51.413 INF API: test ended suite=0 test=79 pass=false
Sep 21 20:58:51.414 INF API: test started suite=0 test=80 name="interop/control-height (besu_release)"
Sep 21 20:58:51.420 INF API: test ended suite=0 test=80 pass=false
Sep 21 20:58:51.421 INF API: test started suite=0 test=81 name="interop/control-version (besu_release)"
Sep 21 20:58:51.426 INF API: test ended suite=0 test=81 pass=false
Sep 21 20:58:51.427 INF API: test started suite=0 test=82 name="interop/destroy-prestate-55 (besu_release)"
Sep 21 20:58:51.487 INF API: test ended suite=0 test=82 pass=false
Sep 21 20:58:51.488 INF API: test started suite=0 test=83 name="interop/destroy-prestate-56 (besu_release)"
Sep 21 20:58:51.499 INF API: test ended suite=0 test=83 pass=false
Sep 21 20:58:51.500 INF API: test started suite=0 test=84 name="interop/destroy-trace-55 (besu_release)"
Sep 21 20:58:51.531 INF API: test ended suite=0 test=84 pass=false
Sep 21 20:58:51.532 INF API: test started suite=0 test=85 name="interop/destroy-trace-56 (besu_release)"
Sep 21 20:58:51.541 INF API: test ended suite=0 test=85 pass=false
Sep 21 20:58:51.542 INF API: test started suite=0 test=86 name="interop/filter-35 (besu_release)"
Sep 21 20:58:51.560 INF API: test ended suite=0 test=86 pass=false
Sep 21 20:58:51.561 INF API: test started suite=0 test=87 name="interop/filter-36 (besu_release)"
Sep 21 20:58:51.573 INF API: test ended suite=0 test=87 pass=false
Sep 21 20:58:51.573 INF API: test started suite=0 test=88 name="interop/filter-47 (besu_release)"
Sep 21 20:58:51.581 INF API: test ended suite=0 test=88 pass=false
Sep 21 20:58:51.581 INF API: test started suite=0 test=89 name="interop/filter-48 (besu_release)"
Sep 21 20:58:51.589 INF API: test ended suite=0 test=89 pass=false
Sep 21 20:58:51.589 INF API: test started suite=0 test=90 name="interop/filter-51 (besu_release)"
Sep 21 20:58:51.601 INF API: test ended suite=0 test=90 pass=false
Sep 21 20:58:51.602 INF API: test started suite=0 test=91 name="interop/filter-52 (besu_release)"
Sep 21 20:58:51.609 INF API: test ended suite=0 test=91 pass=false
Sep 21 20:58:51.610 INF API: test started suite=0 test=92 name="interop/filter-55 (besu_release)"
Sep 21 20:58:51.616 INF API: test ended suite=0 test=92 pass=false
Sep 21 20:58:51.617 INF API: test started suite=0 test=93 name="interop/filter-56 (besu_release)"
Sep 21 20:58:51.625 INF API: test ended suite=0 test=93 pass=false
Sep 21 20:58:51.626 INF API: test started suite=0 test=94 name="interop/filter-59 (besu_release)"
Sep 21 20:58:51.632 INF API: test ended suite=0 test=94 pass=false
Sep 21 20:58:51.633 INF API: test started suite=0 test=95 name="interop/filter-60 (besu_release)"
Sep 21 20:58:51.645 INF API: test ended suite=0 test=95 pass=false
Sep 21 20:58:51.646 INF API: test started suite=0 test=96 name="interop/filter-across-36 (besu_release)"
Sep 21 20:58:51.653 INF API: test ended suite=0 test=96 pass=false
Sep 21 20:58:51.654 INF API: test started suite=0 test=97 name="interop/filter-across-48 (besu_release)"
Sep 21 20:58:51.666 INF API: test ended suite=0 test=97 pass=false
Sep 21 20:58:51.667 INF API: test started suite=0 test=98 name="interop/filter-across-52 (besu_release)"
Sep 21 20:58:51.680 INF API: test ended suite=0 test=98 pass=false
Sep 21 20:58:51.681 INF API: test started suite=0 test=99 name="interop/filter-across-56 (besu_release)"
Sep 21 20:58:51.689 INF API: test ended suite=0 test=99 pass=false
Sep 21 20:58:51.690 INF API: test started suite=0 test=100 name="interop/filter-across-60 (besu_release)"
Sep 21 20:58:51.697 INF API: test ended suite=0 test=100 pass=false
Sep 21 20:58:51.698 INF API: test started suite=0 test=101 name="interop/header-35 (besu_release)"
Sep 21 20:58:51.703 INF API: test ended suite=0 test=101 pass=false
Sep 21 20:58:51.704 INF API: test started suite=0 test=102 name="interop/header-36 (besu_release)"
Sep 21 20:58:51.710 INF API: test ended suite=0 test=102 pass=false
Sep 21 20:58:51.710 INF API: test started suite=0 test=103 name="interop/header-47 (besu_release)"
Sep 21 20:58:51.715 INF API: test ended suite=0 test=103 pass=false
Sep 21 20:58:51.716 INF API: test started suite=0 test=104 name="interop/header-48 (besu_release)"
Sep 21 20:58:51.720 INF API: test ended suite=0 test=104 pass=false
Sep 21 20:58:51.720 INF API: test started suite=0 test=105 name="interop/header-51 (besu_release)"
Sep 21 20:58:51.725 INF API: test ended suite=0 test=105 pass=false
Sep 21 20:58:51.726 INF API: test started suite=0 test=106 name="interop/header-52 (besu_release)"
Sep 21 20:58:51.729 INF API: test ended suite=0 test=106 pass=false
Sep 21 20:58:51.730 INF API: test started suite=0 test=107 name="interop/header-55 (besu_release)"
Sep 21 20:58:51.735 INF API: test ended suite=0 test=107 pass=false
Sep 21 20:58:51.736 INF API: test started suite=0 test=108 name="interop/header-56 (besu_release)"
Sep 21 20:58:51.740 INF API: test ended suite=0 test=108 pass=false
Sep 21 20:58:51.741 INF API: test started suite=0 test=109 name="interop/header-59 (besu_release)"
Sep 21 20:58:51.746 INF API: test ended suite=0 test=109 pass=false
Sep 21 20:58:51.746 INF API: test started suite=0 test=110 name="interop/header-60 (besu_release)"
Sep 21 20:58:51.751 INF API: test ended suite=0 test=110 pass=false
Sep 21 20:58:51.752 INF API: test started suite=0 test=111 name="interop/mcopy-prestate-55 (besu_release)"
Sep 21 20:58:51.760 INF API: test ended suite=0 test=111 pass=false
Sep 21 20:58:51.761 INF API: test started suite=0 test=112 name="interop/mcopy-prestate-56 (besu_release)"
Sep 21 20:58:51.766 INF API: test ended suite=0 test=112 pass=false
Sep 21 20:58:51.767 INF API: test started suite=0 test=113 name="interop/mcopy-trace-55 (besu_release)"
Sep 21 20:58:51.774 INF API: test ended suite=0 test=113 pass=false
Sep 21 20:58:51.775 INF API: test started suite=0 test=114 name="interop/mcopy-trace-56 (besu_release)"
Sep 21 20:58:51.781 INF API: test ended suite=0 test=114 pass=false
Sep 21 20:58:51.782 INF API: test started suite=0 test=115 name="interop/replay-35 (besu_release)"
Sep 21 20:58:51.804 INF API: test ended suite=0 test=115 pass=false
Sep 21 20:58:51.805 INF API: test started suite=0 test=116 name="interop/replay-36 (besu_release)"
Sep 21 20:58:51.822 INF API: test ended suite=0 test=116 pass=false
Sep 21 20:58:51.823 INF API: test started suite=0 test=117 name="interop/replay-47 (besu_release)"
Sep 21 20:58:51.835 INF API: test ended suite=0 test=117 pass=false
Sep 21 20:58:51.837 INF API: test started suite=0 test=118 name="interop/replay-48 (besu_release)"
Sep 21 20:58:51.849 INF API: test ended suite=0 test=118 pass=false
Sep 21 20:58:51.850 INF API: test started suite=0 test=119 name="interop/replay-51 (besu_release)"
Sep 21 20:58:51.864 INF API: test ended suite=0 test=119 pass=false
Sep 21 20:58:51.865 INF API: test started suite=0 test=120 name="interop/replay-52 (besu_release)"
Sep 21 20:58:51.875 INF API: test ended suite=0 test=120 pass=false
Sep 21 20:58:51.877 INF API: test started suite=0 test=121 name="interop/replay-55 (besu_release)"
Sep 21 20:58:51.888 INF API: test ended suite=0 test=121 pass=false
Sep 21 20:58:51.889 INF API: test started suite=0 test=122 name="interop/replay-56 (besu_release)"
Sep 21 20:58:51.903 INF API: test ended suite=0 test=122 pass=false
Sep 21 20:58:51.904 INF API: test started suite=0 test=123 name="interop/replay-59 (besu_release)"
Sep 21 20:58:51.913 INF API: test ended suite=0 test=123 pass=false
Sep 21 20:58:51.914 INF API: test started suite=0 test=124 name="interop/replay-60 (besu_release)"
Sep 21 20:58:51.930 INF API: test ended suite=0 test=124 pass=false
Sep 21 20:58:51.932 INF API: test started suite=0 test=125 name="interop/system-beacon-55-560 (besu_release)"
Sep 21 20:58:51.943 INF API: test ended suite=0 test=125 pass=false
Sep 21 20:58:51.944 INF API: test started suite=0 test=126 name="interop/system-beacon-55-8751 (besu_release)"
Sep 21 20:58:51.949 INF API: test ended suite=0 test=126 pass=false
Sep 21 20:58:51.950 INF API: test started suite=0 test=127 name="interop/system-beacon-56-560 (besu_release)"
Sep 21 20:58:51.954 INF API: test ended suite=0 test=127 pass=false
Sep 21 20:58:51.955 INF API: test started suite=0 test=128 name="interop/system-beacon-56-8751 (besu_release)"
Sep 21 20:58:51.960 INF API: test ended suite=0 test=128 pass=false
Sep 21 20:58:51.960 INF API: test started suite=0 test=129 name="interop/system-beacon-57-560 (besu_release)"
Sep 21 20:58:51.966 INF API: test ended suite=0 test=129 pass=false
Sep 21 20:58:51.968 INF API: test started suite=0 test=130 name="interop/system-beacon-57-8751 (besu_release)"
Sep 21 20:58:51.972 INF API: test ended suite=0 test=130 pass=false
Sep 21 20:58:52.167 INF API: test ended suite=0 test=66 pass=true
Sep 21 20:58:52.168 INF API: test started suite=0 test=131 name="client launch (erigon_development)"
Sep 21 20:58:52.934 INF API: client erigon_development started suite=0 test=131 container=0476b2ad
Sep 21 20:58:52.944 INF API: test started suite=0 test=132 name="interop/_control/head (erigon_development)"
Sep 21 20:58:52.947 INF API: test ended suite=0 test=132 pass=false
Sep 21 20:58:52.948 INF API: test started suite=0 test=133 name="interop/_control/version (erigon_development)"
Sep 21 20:58:52.950 INF API: test ended suite=0 test=133 pass=false
Sep 21 20:58:52.951 INF API: test started suite=0 test=134 name="interop/block-35 (erigon_development)"
Sep 21 20:58:52.955 INF API: test ended suite=0 test=134 pass=false
Sep 21 20:58:52.956 INF API: test started suite=0 test=135 name="interop/block-36 (erigon_development)"
Sep 21 20:58:52.959 INF API: test ended suite=0 test=135 pass=false
Sep 21 20:58:52.960 INF API: test started suite=0 test=136 name="interop/block-47 (erigon_development)"
Sep 21 20:58:52.962 INF API: test ended suite=0 test=136 pass=false
Sep 21 20:58:52.963 INF API: test started suite=0 test=137 name="interop/block-48 (erigon_development)"
Sep 21 20:58:52.966 INF API: test ended suite=0 test=137 pass=false
Sep 21 20:58:52.967 INF API: test started suite=0 test=138 name="interop/block-51 (erigon_development)"
Sep 21 20:58:52.970 INF API: test ended suite=0 test=138 pass=false
Sep 21 20:58:52.971 INF API: test started suite=0 test=139 name="interop/block-52 (erigon_development)"
Sep 21 20:58:52.973 INF API: test ended suite=0 test=139 pass=false
Sep 21 20:58:52.974 INF API: test started suite=0 test=140 name="interop/block-55 (erigon_development)"
Sep 21 20:58:52.977 INF API: test ended suite=0 test=140 pass=false
Sep 21 20:58:52.977 INF API: test started suite=0 test=141 name="interop/block-56 (erigon_development)"
Sep 21 20:58:52.980 INF API: test ended suite=0 test=141 pass=false
Sep 21 20:58:52.981 INF API: test started suite=0 test=142 name="interop/block-59 (erigon_development)"
Sep 21 20:58:52.983 INF API: test ended suite=0 test=142 pass=false
Sep 21 20:58:52.984 INF API: test started suite=0 test=143 name="interop/block-60 (erigon_development)"
Sep 21 20:58:52.987 INF API: test ended suite=0 test=143 pass=false
Sep 21 20:58:52.987 INF API: test started suite=0 test=144 name="interop/control-head (erigon_development)"
Sep 21 20:58:52.990 INF API: test ended suite=0 test=144 pass=false
Sep 21 20:58:52.991 INF API: test started suite=0 test=145 name="interop/control-height (erigon_development)"
Sep 21 20:58:52.993 INF API: test ended suite=0 test=145 pass=false
Sep 21 20:58:52.994 INF API: test started suite=0 test=146 name="interop/control-version (erigon_development)"
Sep 21 20:58:52.996 INF API: test ended suite=0 test=146 pass=false
Sep 21 20:58:52.996 INF API: test started suite=0 test=147 name="interop/destroy-prestate-55 (erigon_development)"
Sep 21 20:58:52.999 INF API: test ended suite=0 test=147 pass=false
Sep 21 20:58:52.999 INF API: test started suite=0 test=148 name="interop/destroy-prestate-56 (erigon_development)"
Sep 21 20:58:53.001 INF API: test ended suite=0 test=148 pass=false
Sep 21 20:58:53.002 INF API: test started suite=0 test=149 name="interop/destroy-trace-55 (erigon_development)"
Sep 21 20:58:53.004 INF API: test ended suite=0 test=149 pass=false
Sep 21 20:58:53.005 INF API: test started suite=0 test=150 name="interop/destroy-trace-56 (erigon_development)"
Sep 21 20:58:53.007 INF API: test ended suite=0 test=150 pass=false
Sep 21 20:58:53.008 INF API: test started suite=0 test=151 name="interop/filter-35 (erigon_development)"
Sep 21 20:58:53.012 INF API: test ended suite=0 test=151 pass=false
Sep 21 20:58:53.012 INF API: test started suite=0 test=152 name="interop/filter-36 (erigon_development)"
Sep 21 20:58:53.016 INF API: test ended suite=0 test=152 pass=false
Sep 21 20:58:53.016 INF API: test started suite=0 test=153 name="interop/filter-47 (erigon_development)"
Sep 21 20:58:53.019 INF API: test ended suite=0 test=153 pass=false
Sep 21 20:58:53.020 INF API: test started suite=0 test=154 name="interop/filter-48 (erigon_development)"
Sep 21 20:58:53.023 INF API: test ended suite=0 test=154 pass=false
Sep 21 20:58:53.024 INF API: test started suite=0 test=155 name="interop/filter-51 (erigon_development)"
Sep 21 20:58:53.027 INF API: test ended suite=0 test=155 pass=false
Sep 21 20:58:53.028 INF API: test started suite=0 test=156 name="interop/filter-52 (erigon_development)"
Sep 21 20:58:53.030 INF API: test ended suite=0 test=156 pass=false
Sep 21 20:58:53.031 INF API: test started suite=0 test=157 name="interop/filter-55 (erigon_development)"
Sep 21 20:58:53.034 INF API: test ended suite=0 test=157 pass=false
Sep 21 20:58:53.035 INF API: test started suite=0 test=158 name="interop/filter-56 (erigon_development)"
Sep 21 20:58:53.038 INF API: test ended suite=0 test=158 pass=false
Sep 21 20:58:53.039 INF API: test started suite=0 test=159 name="interop/filter-59 (erigon_development)"
Sep 21 20:58:53.041 INF API: test ended suite=0 test=159 pass=false
Sep 21 20:58:53.042 INF API: test started suite=0 test=160 name="interop/filter-60 (erigon_development)"
Sep 21 20:58:53.045 INF API: test ended suite=0 test=160 pass=false
Sep 21 20:58:53.045 INF API: test started suite=0 test=161 name="interop/filter-across-36 (erigon_development)"
Sep 21 20:58:53.049 INF API: test ended suite=0 test=161 pass=false
Sep 21 20:58:53.049 INF API: test started suite=0 test=162 name="interop/filter-across-48 (erigon_development)"
Sep 21 20:58:53.052 INF API: test ended suite=0 test=162 pass=false
Sep 21 20:58:53.053 INF API: test started suite=0 test=163 name="interop/filter-across-52 (erigon_development)"
Sep 21 20:58:53.056 INF API: test ended suite=0 test=163 pass=false
Sep 21 20:58:53.057 INF API: test started suite=0 test=164 name="interop/filter-across-56 (erigon_development)"
Sep 21 20:58:53.060 INF API: test ended suite=0 test=164 pass=false
Sep 21 20:58:53.060 INF API: test started suite=0 test=165 name="interop/filter-across-60 (erigon_development)"
Sep 21 20:58:53.063 INF API: test ended suite=0 test=165 pass=false
Sep 21 20:58:53.064 INF API: test started suite=0 test=166 name="interop/header-35 (erigon_development)"
Sep 21 20:58:53.066 INF API: test ended suite=0 test=166 pass=false
Sep 21 20:58:53.067 INF API: test started suite=0 test=167 name="interop/header-36 (erigon_development)"
Sep 21 20:58:53.069 INF API: test ended suite=0 test=167 pass=false
Sep 21 20:58:53.070 INF API: test started suite=0 test=168 name="interop/header-47 (erigon_development)"
Sep 21 20:58:53.072 INF API: test ended suite=0 test=168 pass=false
Sep 21 20:58:53.073 INF API: test started suite=0 test=169 name="interop/header-48 (erigon_development)"
Sep 21 20:58:53.076 INF API: test ended suite=0 test=169 pass=false
Sep 21 20:58:53.076 INF API: test started suite=0 test=170 name="interop/header-51 (erigon_development)"
Sep 21 20:58:53.079 INF API: test ended suite=0 test=170 pass=false
Sep 21 20:58:53.080 INF API: test started suite=0 test=171 name="interop/header-52 (erigon_development)"
Sep 21 20:58:53.082 INF API: test ended suite=0 test=171 pass=false
Sep 21 20:58:53.083 INF API: test started suite=0 test=172 name="interop/header-55 (erigon_development)"
Sep 21 20:58:53.085 INF API: test ended suite=0 test=172 pass=false
Sep 21 20:58:53.086 INF API: test started suite=0 test=173 name="interop/header-56 (erigon_development)"
Sep 21 20:58:53.088 INF API: test ended suite=0 test=173 pass=false
Sep 21 20:58:53.089 INF API: test started suite=0 test=174 name="interop/header-59 (erigon_development)"
Sep 21 20:58:53.091 INF API: test ended suite=0 test=174 pass=false
Sep 21 20:58:53.092 INF API: test started suite=0 test=175 name="interop/header-60 (erigon_development)"
Sep 21 20:58:53.094 INF API: test ended suite=0 test=175 pass=false
Sep 21 20:58:53.095 INF API: test started suite=0 test=176 name="interop/mcopy-prestate-55 (erigon_development)"
Sep 21 20:58:53.098 INF API: test ended suite=0 test=176 pass=false
Sep 21 20:58:53.098 INF API: test started suite=0 test=177 name="interop/mcopy-prestate-56 (erigon_development)"
Sep 21 20:58:53.101 INF API: test ended suite=0 test=177 pass=false
Sep 21 20:58:53.102 INF API: test started suite=0 test=178 name="interop/mcopy-trace-55 (erigon_development)"
Sep 21 20:58:53.104 INF API: test ended suite=0 test=178 pass=false
Sep 21 20:58:53.105 INF API: test started suite=0 test=179 name="interop/mcopy-trace-56 (erigon_development)"
Sep 21 20:58:53.107 INF API: test ended suite=0 test=179 pass=false
Sep 21 20:58:53.108 INF API: test started suite=0 test=180 name="interop/replay-35 (erigon_development)"
Sep 21 20:58:53.111 INF API: test ended suite=0 test=180 pass=false
Sep 21 20:58:53.111 INF API: test started suite=0 test=181 name="interop/replay-36 (erigon_development)"
Sep 21 20:58:53.115 INF API: test ended suite=0 test=181 pass=false
Sep 21 20:58:53.116 INF API: test started suite=0 test=182 name="interop/replay-47 (erigon_development)"
Sep 21 20:58:53.118 INF API: test ended suite=0 test=182 pass=false
Sep 21 20:58:53.119 INF API: test started suite=0 test=183 name="interop/replay-48 (erigon_development)"
Sep 21 20:58:53.121 INF API: test ended suite=0 test=183 pass=false
Sep 21 20:58:53.122 INF API: test started suite=0 test=184 name="interop/replay-51 (erigon_development)"
Sep 21 20:58:53.125 INF API: test ended suite=0 test=184 pass=false
Sep 21 20:58:53.126 INF API: test started suite=0 test=185 name="interop/replay-52 (erigon_development)"
Sep 21 20:58:53.129 INF API: test ended suite=0 test=185 pass=false
Sep 21 20:58:53.129 INF API: test started suite=0 test=186 name="interop/replay-55 (erigon_development)"
Sep 21 20:58:53.132 INF API: test ended suite=0 test=186 pass=false
Sep 21 20:58:53.133 INF API: test started suite=0 test=187 name="interop/replay-56 (erigon_development)"
Sep 21 20:58:53.136 INF API: test ended suite=0 test=187 pass=false
Sep 21 20:58:53.137 INF API: test started suite=0 test=188 name="interop/replay-59 (erigon_development)"
Sep 21 20:58:53.140 INF API: test ended suite=0 test=188 pass=false
Sep 21 20:58:53.140 INF API: test started suite=0 test=189 name="interop/replay-60 (erigon_development)"
Sep 21 20:58:53.144 INF API: test ended suite=0 test=189 pass=false
Sep 21 20:58:53.145 INF API: test started suite=0 test=190 name="interop/system-beacon-55-560 (erigon_development)"
Sep 21 20:58:53.147 INF API: test ended suite=0 test=190 pass=false
Sep 21 20:58:53.149 INF API: test started suite=0 test=191 name="interop/system-beacon-55-8751 (erigon_development)"
Sep 21 20:58:53.151 INF API: test ended suite=0 test=191 pass=false
Sep 21 20:58:53.152 INF API: test started suite=0 test=192 name="interop/system-beacon-56-560 (erigon_development)"
Sep 21 20:58:53.154 INF API: test ended suite=0 test=192 pass=false
Sep 21 20:58:53.155 INF API: test started suite=0 test=193 name="interop/system-beacon-56-8751 (erigon_development)"
Sep 21 20:58:53.157 INF API: test ended suite=0 test=193 pass=false
Sep 21 20:58:53.158 INF API: test started suite=0 test=194 name="interop/system-beacon-57-560 (erigon_development)"
Sep 21 20:58:53.160 INF API: test ended suite=0 test=194 pass=false
Sep 21 20:58:53.161 INF API: test started suite=0 test=195 name="interop/system-beacon-57-8751 (erigon_development)"
Sep 21 20:58:53.162 INF API: test ended suite=0 test=195 pass=false
Sep 21 20:58:53.304 INF API: test ended suite=0 test=131 pass=true
Sep 21 20:58:53.305 INF API: test started suite=0 test=196 name="client launch (erigon_release)"
Sep 21 20:58:54.165 INF API: client erigon_release started suite=0 test=196 container=7d964cb5
Sep 21 20:58:54.169 INF API: test started suite=0 test=197 name="interop/_control/head (erigon_release)"
Sep 21 20:58:54.173 INF API: test ended suite=0 test=197 pass=false
Sep 21 20:58:54.173 INF API: test started suite=0 test=198 name="interop/_control/version (erigon_release)"
Sep 21 20:58:54.176 INF API: test ended suite=0 test=198 pass=false
Sep 21 20:58:54.177 INF API: test started suite=0 test=199 name="interop/block-35 (erigon_release)"
Sep 21 20:58:54.179 INF API: test ended suite=0 test=199 pass=false
Sep 21 20:58:54.180 INF API: test started suite=0 test=200 name="interop/block-36 (erigon_release)"
Sep 21 20:58:54.183 INF API: test ended suite=0 test=200 pass=false
Sep 21 20:58:54.184 INF API: test started suite=0 test=201 name="interop/block-47 (erigon_release)"
Sep 21 20:58:54.186 INF API: test ended suite=0 test=201 pass=false
Sep 21 20:58:54.187 INF API: test started suite=0 test=202 name="interop/block-48 (erigon_release)"
Sep 21 20:58:54.190 INF API: test ended suite=0 test=202 pass=false
Sep 21 20:58:54.191 INF API: test started suite=0 test=203 name="interop/block-51 (erigon_release)"
Sep 21 20:58:54.194 INF API: test ended suite=0 test=203 pass=false
Sep 21 20:58:54.195 INF API: test started suite=0 test=204 name="interop/block-52 (erigon_release)"
Sep 21 20:58:54.197 INF API: test ended suite=0 test=204 pass=false
Sep 21 20:58:54.198 INF API: test started suite=0 test=205 name="interop/block-55 (erigon_release)"
Sep 21 20:58:54.201 INF API: test ended suite=0 test=205 pass=false
Sep 21 20:58:54.201 INF API: test started suite=0 test=206 name="interop/block-56 (erigon_release)"
Sep 21 20:58:54.204 INF API: test ended suite=0 test=206 pass=false
Sep 21 20:58:54.205 INF API: test started suite=0 test=207 name="interop/block-59 (erigon_release)"
Sep 21 20:58:54.208 INF API: test ended suite=0 test=207 pass=false
Sep 21 20:58:54.209 INF API: test started suite=0 test=208 name="interop/block-60 (erigon_release)"
Sep 21 20:58:54.212 INF API: test ended suite=0 test=208 pass=false
Sep 21 20:58:54.213 INF API: test started suite=0 test=209 name="interop/control-head (erigon_release)"
Sep 21 20:58:54.215 INF API: test ended suite=0 test=209 pass=false
Sep 21 20:58:54.216 INF API: test started suite=0 test=210 name="interop/control-height (erigon_release)"
Sep 21 20:58:54.219 INF API: test ended suite=0 test=210 pass=false
Sep 21 20:58:54.219 INF API: test started suite=0 test=211 name="interop/control-version (erigon_release)"
Sep 21 20:58:54.222 INF API: test ended suite=0 test=211 pass=false
Sep 21 20:58:54.222 INF API: test started suite=0 test=212 name="interop/destroy-prestate-55 (erigon_release)"
Sep 21 20:58:54.225 INF API: test ended suite=0 test=212 pass=false
Sep 21 20:58:54.226 INF API: test started suite=0 test=213 name="interop/destroy-prestate-56 (erigon_release)"
Sep 21 20:58:54.229 INF API: test ended suite=0 test=213 pass=false
Sep 21 20:58:54.229 INF API: test started suite=0 test=214 name="interop/destroy-trace-55 (erigon_release)"
Sep 21 20:58:54.232 INF API: test ended suite=0 test=214 pass=false
Sep 21 20:58:54.233 INF API: test started suite=0 test=215 name="interop/destroy-trace-56 (erigon_release)"
Sep 21 20:58:54.236 INF API: test ended suite=0 test=215 pass=false
Sep 21 20:58:54.236 INF API: test started suite=0 test=216 name="interop/filter-35 (erigon_release)"
Sep 21 20:58:54.240 INF API: test ended suite=0 test=216 pass=false
Sep 21 20:58:54.241 INF API: test started suite=0 test=217 name="interop/filter-36 (erigon_release)"
Sep 21 20:58:54.245 INF API: test ended suite=0 test=217 pass=false
Sep 21 20:58:54.246 INF API: test started suite=0 test=218 name="interop/filter-47 (erigon_release)"
Sep 21 20:58:54.249 INF API: test ended suite=0 test=218 pass=false
Sep 21 20:58:54.249 INF API: test started suite=0 test=219 name="interop/filter-48 (erigon_release)"
Sep 21 20:58:54.252 INF API: test ended suite=0 test=219 pass=false
Sep 21 20:58:54.253 INF API: test started suite=0 test=220 name="interop/filter-51 (erigon_release)"
Sep 21 20:58:54.256 INF API: test ended suite=0 test=220 pass=false
Sep 21 20:58:54.257 INF API: test started suite=0 test=221 name="interop/filter-52 (erigon_release)"
Sep 21 20:58:54.260 INF API: test ended suite=0 test=221 pass=false
Sep 21 20:58:54.261 INF API: test started suite=0 test=222 name="interop/filter-55 (erigon_release)"
Sep 21 20:58:54.264 INF API: test ended suite=0 test=222 pass=false
Sep 21 20:58:54.265 INF API: test started suite=0 test=223 name="interop/filter-56 (erigon_release)"
Sep 21 20:58:54.268 INF API: test ended suite=0 test=223 pass=false
Sep 21 20:58:54.268 INF API: test started suite=0 test=224 name="interop/filter-59 (erigon_release)"
Sep 21 20:58:54.271 INF API: test ended suite=0 test=224 pass=false
Sep 21 20:58:54.272 INF API: test started suite=0 test=225 name="interop/filter-60 (erigon_release)"
Sep 21 20:58:54.277 INF API: test ended suite=0 test=225 pass=false
Sep 21 20:58:54.277 INF API: test started suite=0 test=226 name="interop/filter-across-36 (erigon_release)"
Sep 21 20:58:54.282 INF API: test ended suite=0 test=226 pass=false
Sep 21 20:58:54.283 INF API: test started suite=0 test=227 name="interop/filter-across-48 (erigon_release)"
Sep 21 20:58:54.287 INF API: test ended suite=0 test=227 pass=false
Sep 21 20:58:54.288 INF API: test started suite=0 test=228 name="interop/filter-across-52 (erigon_release)"
Sep 21 20:58:54.292 INF API: test ended suite=0 test=228 pass=false
Sep 21 20:58:54.293 INF API: test started suite=0 test=229 name="interop/filter-across-56 (erigon_release)"
Sep 21 20:58:54.298 INF API: test ended suite=0 test=229 pass=false
Sep 21 20:58:54.299 INF API: test started suite=0 test=230 name="interop/filter-across-60 (erigon_release)"
Sep 21 20:58:54.303 INF API: test ended suite=0 test=230 pass=false
Sep 21 20:58:54.304 INF API: test started suite=0 test=231 name="interop/header-35 (erigon_release)"
Sep 21 20:58:54.309 INF API: test ended suite=0 test=231 pass=false
Sep 21 20:58:54.309 INF API: test started suite=0 test=232 name="interop/header-36 (erigon_release)"
Sep 21 20:58:54.312 INF API: test ended suite=0 test=232 pass=false
Sep 21 20:58:54.313 INF API: test started suite=0 test=233 name="interop/header-47 (erigon_release)"
Sep 21 20:58:54.315 INF API: test ended suite=0 test=233 pass=false
Sep 21 20:58:54.316 INF API: test started suite=0 test=234 name="interop/header-48 (erigon_release)"
Sep 21 20:58:54.318 INF API: test ended suite=0 test=234 pass=false
Sep 21 20:58:54.319 INF API: test started suite=0 test=235 name="interop/header-51 (erigon_release)"
Sep 21 20:58:54.321 INF API: test ended suite=0 test=235 pass=false
Sep 21 20:58:54.322 INF API: test started suite=0 test=236 name="interop/header-52 (erigon_release)"
Sep 21 20:58:54.325 INF API: test ended suite=0 test=236 pass=false
Sep 21 20:58:54.325 INF API: test started suite=0 test=237 name="interop/header-55 (erigon_release)"
Sep 21 20:58:54.328 INF API: test ended suite=0 test=237 pass=false
Sep 21 20:58:54.328 INF API: test started suite=0 test=238 name="interop/header-56 (erigon_release)"
Sep 21 20:58:54.331 INF API: test ended suite=0 test=238 pass=false
Sep 21 20:58:54.331 INF API: test started suite=0 test=239 name="interop/header-59 (erigon_release)"
Sep 21 20:58:54.333 INF API: test ended suite=0 test=239 pass=false
Sep 21 20:58:54.334 INF API: test started suite=0 test=240 name="interop/header-60 (erigon_release)"
Sep 21 20:58:54.337 INF API: test ended suite=0 test=240 pass=false
Sep 21 20:58:54.337 INF API: test started suite=0 test=241 name="interop/mcopy-prestate-55 (erigon_release)"
Sep 21 20:58:54.340 INF API: test ended suite=0 test=241 pass=false
Sep 21 20:58:54.340 INF API: test started suite=0 test=242 name="interop/mcopy-prestate-56 (erigon_release)"
Sep 21 20:58:54.342 INF API: test ended suite=0 test=242 pass=false
Sep 21 20:58:54.343 INF API: test started suite=0 test=243 name="interop/mcopy-trace-55 (erigon_release)"
Sep 21 20:58:54.345 INF API: test ended suite=0 test=243 pass=false
Sep 21 20:58:54.346 INF API: test started suite=0 test=244 name="interop/mcopy-trace-56 (erigon_release)"
Sep 21 20:58:54.348 INF API: test ended suite=0 test=244 pass=false
Sep 21 20:58:54.349 INF API: test started suite=0 test=245 name="interop/replay-35 (erigon_release)"
Sep 21 20:58:54.352 INF API: test ended suite=0 test=245 pass=false
Sep 21 20:58:54.353 INF API: test started suite=0 test=246 name="interop/replay-36 (erigon_release)"
Sep 21 20:58:54.355 INF API: test ended suite=0 test=246 pass=false
Sep 21 20:58:54.356 INF API: test started suite=0 test=247 name="interop/replay-47 (erigon_release)"
Sep 21 20:58:54.359 INF API: test ended suite=0 test=247 pass=false
Sep 21 20:58:54.359 INF API: test started suite=0 test=248 name="interop/replay-48 (erigon_release)"
Sep 21 20:58:54.361 INF API: test ended suite=0 test=248 pass=false
Sep 21 20:58:54.362 INF API: test started suite=0 test=249 name="interop/replay-51 (erigon_release)"
Sep 21 20:58:54.365 INF API: test ended suite=0 test=249 pass=false
Sep 21 20:58:54.366 INF API: test started suite=0 test=250 name="interop/replay-52 (erigon_release)"
Sep 21 20:58:54.368 INF API: test ended suite=0 test=250 pass=false
Sep 21 20:58:54.369 INF API: test started suite=0 test=251 name="interop/replay-55 (erigon_release)"
Sep 21 20:58:54.371 INF API: test ended suite=0 test=251 pass=false
Sep 21 20:58:54.372 INF API: test started suite=0 test=252 name="interop/replay-56 (erigon_release)"
Sep 21 20:58:54.375 INF API: test ended suite=0 test=252 pass=false
Sep 21 20:58:54.375 INF API: test started suite=0 test=253 name="interop/replay-59 (erigon_release)"
Sep 21 20:58:54.378 INF API: test ended suite=0 test=253 pass=false
Sep 21 20:58:54.378 INF API: test started suite=0 test=254 name="interop/replay-60 (erigon_release)"
Sep 21 20:58:54.382 INF API: test ended suite=0 test=254 pass=false
Sep 21 20:58:54.384 INF API: test started suite=0 test=255 name="interop/system-beacon-55-560 (erigon_release)"
Sep 21 20:58:54.386 INF API: test ended suite=0 test=255 pass=false
Sep 21 20:58:54.387 INF API: test started suite=0 test=256 name="interop/system-beacon-55-8751 (erigon_release)"
Sep 21 20:58:54.389 INF API: test ended suite=0 test=256 pass=false
Sep 21 20:58:54.390 INF API: test started suite=0 test=257 name="interop/system-beacon-56-560 (erigon_release)"
Sep 21 20:58:54.392 INF API: test ended suite=0 test=257 pass=false
Sep 21 20:58:54.393 INF API: test started suite=0 test=258 name="interop/system-beacon-56-8751 (erigon_release)"
Sep 21 20:58:54.395 INF API: test ended suite=0 test=258 pass=false
Sep 21 20:58:54.396 INF API: test started suite=0 test=259 name="interop/system-beacon-57-560 (erigon_release)"
Sep 21 20:58:54.398 INF API: test ended suite=0 test=259 pass=false
Sep 21 20:58:54.399 INF API: test started suite=0 test=260 name="interop/system-beacon-57-8751 (erigon_release)"
Sep 21 20:58:54.401 INF API: test ended suite=0 test=260 pass=false
Sep 21 20:58:54.528 INF API: test ended suite=0 test=196 pass=true
Sep 21 20:58:54.530 INF API: test started suite=0 test=261 name="client launch (nethermind_development)"
Sep 21 20:59:02.575 INF API: client nethermind_development started suite=0 test=261 container=88b6e3cb
Sep 21 20:59:02.659 INF API: test started suite=0 test=262 name="interop/_control/head (nethermind_development)"
Sep 21 20:59:02.721 INF API: test ended suite=0 test=262 pass=false
Sep 21 20:59:02.722 INF API: test started suite=0 test=263 name="interop/_control/version (nethermind_development)"
Sep 21 20:59:02.726 INF API: test ended suite=0 test=263 pass=false
Sep 21 20:59:02.727 INF API: test started suite=0 test=264 name="interop/block-35 (nethermind_development)"
Sep 21 20:59:02.822 INF API: test ended suite=0 test=264 pass=false
Sep 21 20:59:02.824 INF API: test started suite=0 test=265 name="interop/block-36 (nethermind_development)"
Sep 21 20:59:02.832 INF API: test ended suite=0 test=265 pass=false
Sep 21 20:59:02.833 INF API: test started suite=0 test=266 name="interop/block-47 (nethermind_development)"
Sep 21 20:59:02.837 INF API: test ended suite=0 test=266 pass=false
Sep 21 20:59:02.838 INF API: test started suite=0 test=267 name="interop/block-48 (nethermind_development)"
Sep 21 20:59:02.842 INF API: test ended suite=0 test=267 pass=false
Sep 21 20:59:02.842 INF API: test started suite=0 test=268 name="interop/block-51 (nethermind_development)"
Sep 21 20:59:02.846 INF API: test ended suite=0 test=268 pass=false
Sep 21 20:59:02.847 INF API: test started suite=0 test=269 name="interop/block-52 (nethermind_development)"
Sep 21 20:59:02.851 INF API: test ended suite=0 test=269 pass=false
Sep 21 20:59:02.851 INF API: test started suite=0 test=270 name="interop/block-55 (nethermind_development)"
Sep 21 20:59:02.856 INF API: test ended suite=0 test=270 pass=false
Sep 21 20:59:02.856 INF API: test started suite=0 test=271 name="interop/block-56 (nethermind_development)"
Sep 21 20:59:02.860 INF API: test ended suite=0 test=271 pass=false
Sep 21 20:59:02.861 INF API: test started suite=0 test=272 name="interop/block-59 (nethermind_development)"
Sep 21 20:59:02.865 INF API: test ended suite=0 test=272 pass=false
Sep 21 20:59:02.865 INF API: test started suite=0 test=273 name="interop/block-60 (nethermind_development)"
Sep 21 20:59:02.870 INF API: test ended suite=0 test=273 pass=false
Sep 21 20:59:02.871 INF API: test started suite=0 test=274 name="interop/control-head (nethermind_development)"
Sep 21 20:59:02.873 INF API: test ended suite=0 test=274 pass=false
Sep 21 20:59:02.874 INF API: test started suite=0 test=275 name="interop/control-height (nethermind_development)"
Sep 21 20:59:02.880 INF API: test ended suite=0 test=275 pass=false
Sep 21 20:59:02.881 INF API: test started suite=0 test=276 name="interop/control-version (nethermind_development)"
Sep 21 20:59:02.883 INF API: test ended suite=0 test=276 pass=false
Sep 21 20:59:02.884 INF API: test started suite=0 test=277 name="interop/destroy-prestate-55 (nethermind_development)"
Sep 21 20:59:03.071 INF API: test ended suite=0 test=277 pass=false
Sep 21 20:59:03.072 INF API: test started suite=0 test=278 name="interop/destroy-prestate-56 (nethermind_development)"
Sep 21 20:59:03.078 INF API: test ended suite=0 test=278 pass=false
Sep 21 20:59:03.079 INF API: test started suite=0 test=279 name="interop/destroy-trace-55 (nethermind_development)"
Sep 21 20:59:03.122 INF API: test ended suite=0 test=279 pass=false
Sep 21 20:59:03.123 INF API: test started suite=0 test=280 name="interop/destroy-trace-56 (nethermind_development)"
Sep 21 20:59:03.127 INF API: test ended suite=0 test=280 pass=false
Sep 21 20:59:03.128 INF API: test started suite=0 test=281 name="interop/filter-35 (nethermind_development)"
Sep 21 20:59:03.136 INF API: test ended suite=0 test=281 pass=false
Sep 21 20:59:03.137 INF API: test started suite=0 test=282 name="interop/filter-36 (nethermind_development)"
Sep 21 20:59:03.142 INF API: test ended suite=0 test=282 pass=false
Sep 21 20:59:03.142 INF API: test started suite=0 test=283 name="interop/filter-47 (nethermind_development)"
Sep 21 20:59:03.146 INF API: test ended suite=0 test=283 pass=false
Sep 21 20:59:03.147 INF API: test started suite=0 test=284 name="interop/filter-48 (nethermind_development)"
Sep 21 20:59:03.150 INF API: test ended suite=0 test=284 pass=false
Sep 21 20:59:03.150 INF API: test started suite=0 test=285 name="interop/filter-51 (nethermind_development)"
Sep 21 20:59:03.154 INF API: test ended suite=0 test=285 pass=false
Sep 21 20:59:03.154 INF API: test started suite=0 test=286 name="interop/filter-52 (nethermind_development)"
Sep 21 20:59:03.157 INF API: test ended suite=0 test=286 pass=false
Sep 21 20:59:03.158 INF API: test started suite=0 test=287 name="interop/filter-55 (nethermind_development)"
Sep 21 20:59:03.162 INF API: test ended suite=0 test=287 pass=false
Sep 21 20:59:03.162 INF API: test started suite=0 test=288 name="interop/filter-56 (nethermind_development)"
Sep 21 20:59:03.166 INF API: test ended suite=0 test=288 pass=false
Sep 21 20:59:03.166 INF API: test started suite=0 test=289 name="interop/filter-59 (nethermind_development)"
Sep 21 20:59:03.170 INF API: test ended suite=0 test=289 pass=false
Sep 21 20:59:03.170 INF API: test started suite=0 test=290 name="interop/filter-60 (nethermind_development)"
Sep 21 20:59:03.174 INF API: test ended suite=0 test=290 pass=false
Sep 21 20:59:03.175 INF API: test started suite=0 test=291 name="interop/filter-across-36 (nethermind_development)"
Sep 21 20:59:03.181 INF API: test ended suite=0 test=291 pass=false
Sep 21 20:59:03.182 INF API: test started suite=0 test=292 name="interop/filter-across-48 (nethermind_development)"
Sep 21 20:59:03.186 INF API: test ended suite=0 test=292 pass=false
Sep 21 20:59:03.187 INF API: test started suite=0 test=293 name="interop/filter-across-52 (nethermind_development)"
Sep 21 20:59:03.192 INF API: test ended suite=0 test=293 pass=false
Sep 21 20:59:03.193 INF API: test started suite=0 test=294 name="interop/filter-across-56 (nethermind_development)"
Sep 21 20:59:03.198 INF API: test ended suite=0 test=294 pass=false
Sep 21 20:59:03.198 INF API: test started suite=0 test=295 name="interop/filter-across-60 (nethermind_development)"
Sep 21 20:59:03.204 INF API: test ended suite=0 test=295 pass=false
Sep 21 20:59:03.204 INF API: test started suite=0 test=296 name="interop/header-35 (nethermind_development)"
Sep 21 20:59:03.207 INF API: test ended suite=0 test=296 pass=false
Sep 21 20:59:03.207 INF API: test started suite=0 test=297 name="interop/header-36 (nethermind_development)"
Sep 21 20:59:03.210 INF API: test ended suite=0 test=297 pass=false
Sep 21 20:59:03.211 INF API: test started suite=0 test=298 name="interop/header-47 (nethermind_development)"
Sep 21 20:59:03.214 INF API: test ended suite=0 test=298 pass=false
Sep 21 20:59:03.214 INF API: test started suite=0 test=299 name="interop/header-48 (nethermind_development)"
Sep 21 20:59:03.217 INF API: test ended suite=0 test=299 pass=false
Sep 21 20:59:03.218 INF API: test started suite=0 test=300 name="interop/header-51 (nethermind_development)"
Sep 21 20:59:03.221 INF API: test ended suite=0 test=300 pass=false
Sep 21 20:59:03.221 INF API: test started suite=0 test=301 name="interop/header-52 (nethermind_development)"
Sep 21 20:59:03.224 INF API: test ended suite=0 test=301 pass=false
Sep 21 20:59:03.225 INF API: test started suite=0 test=302 name="interop/header-55 (nethermind_development)"
Sep 21 20:59:03.227 INF API: test ended suite=0 test=302 pass=false
Sep 21 20:59:03.228 INF API: test started suite=0 test=303 name="interop/header-56 (nethermind_development)"
Sep 21 20:59:03.230 INF API: test ended suite=0 test=303 pass=false
Sep 21 20:59:03.231 INF API: test started suite=0 test=304 name="interop/header-59 (nethermind_development)"
Sep 21 20:59:03.234 INF API: test ended suite=0 test=304 pass=false
Sep 21 20:59:03.235 INF API: test started suite=0 test=305 name="interop/header-60 (nethermind_development)"
Sep 21 20:59:03.237 INF API: test ended suite=0 test=305 pass=false
Sep 21 20:59:03.238 INF API: test started suite=0 test=306 name="interop/mcopy-prestate-55 (nethermind_development)"
Sep 21 20:59:03.251 INF API: test ended suite=0 test=306 pass=false
Sep 21 20:59:03.253 INF API: test started suite=0 test=307 name="interop/mcopy-prestate-56 (nethermind_development)"
Sep 21 20:59:03.264 INF API: test ended suite=0 test=307 pass=false
Sep 21 20:59:03.265 INF API: test started suite=0 test=308 name="interop/mcopy-trace-55 (nethermind_development)"
Sep 21 20:59:03.276 INF API: test ended suite=0 test=308 pass=false
Sep 21 20:59:03.277 INF API: test started suite=0 test=309 name="interop/mcopy-trace-56 (nethermind_development)"
Sep 21 20:59:03.289 INF API: test ended suite=0 test=309 pass=false
Sep 21 20:59:03.290 INF API: test started suite=0 test=310 name="interop/replay-35 (nethermind_development)"
Sep 21 20:59:03.310 INF API: test ended suite=0 test=310 pass=false
Sep 21 20:59:03.311 INF API: test started suite=0 test=311 name="interop/replay-36 (nethermind_development)"
Sep 21 20:59:03.318 INF API: test ended suite=0 test=311 pass=false
Sep 21 20:59:03.319 INF API: test started suite=0 test=312 name="interop/replay-47 (nethermind_development)"
Sep 21 20:59:03.323 INF API: test ended suite=0 test=312 pass=false
Sep 21 20:59:03.323 INF API: test started suite=0 test=313 name="interop/replay-48 (nethermind_development)"
Sep 21 20:59:03.327 INF API: test ended suite=0 test=313 pass=false
Sep 21 20:59:03.328 INF API: test started suite=0 test=314 name="interop/replay-51 (nethermind_development)"
Sep 21 20:59:03.332 INF API: test ended suite=0 test=314 pass=false
Sep 21 20:59:03.333 INF API: test started suite=0 test=315 name="interop/replay-52 (nethermind_development)"
Sep 21 20:59:03.336 INF API: test ended suite=0 test=315 pass=false
Sep 21 20:59:03.337 INF API: test started suite=0 test=316 name="interop/replay-55 (nethermind_development)"
Sep 21 20:59:03.340 INF API: test ended suite=0 test=316 pass=false
Sep 21 20:59:03.341 INF API: test started suite=0 test=317 name="interop/replay-56 (nethermind_development)"
Sep 21 20:59:03.345 INF API: test ended suite=0 test=317 pass=false
Sep 21 20:59:03.346 INF API: test started suite=0 test=318 name="interop/replay-59 (nethermind_development)"
Sep 21 20:59:03.349 INF API: test ended suite=0 test=318 pass=false
Sep 21 20:59:03.350 INF API: test started suite=0 test=319 name="interop/replay-60 (nethermind_development)"
Sep 21 20:59:03.358 INF API: test ended suite=0 test=319 pass=false
Sep 21 20:59:03.359 INF API: test started suite=0 test=320 name="interop/system-beacon-55-560 (nethermind_development)"
Sep 21 20:59:03.369 INF API: test ended suite=0 test=320 pass=false
Sep 21 20:59:03.370 INF API: test started suite=0 test=321 name="interop/system-beacon-55-8751 (nethermind_development)"
Sep 21 20:59:03.373 INF API: test ended suite=0 test=321 pass=false
Sep 21 20:59:03.374 INF API: test started suite=0 test=322 name="interop/system-beacon-56-560 (nethermind_development)"
Sep 21 20:59:03.377 INF API: test ended suite=0 test=322 pass=false
Sep 21 20:59:03.377 INF API: test started suite=0 test=323 name="interop/system-beacon-56-8751 (nethermind_development)"
Sep 21 20:59:03.380 INF API: test ended suite=0 test=323 pass=false
Sep 21 20:59:03.381 INF API: test started suite=0 test=324 name="interop/system-beacon-57-560 (nethermind_development)"
Sep 21 20:59:03.383 INF API: test ended suite=0 test=324 pass=false
Sep 21 20:59:03.384 INF API: test started suite=0 test=325 name="interop/system-beacon-57-8751 (nethermind_development)"
Sep 21 20:59:03.387 INF API: test ended suite=0 test=325 pass=false
Sep 21 20:59:03.550 INF API: test ended suite=0 test=261 pass=true
Sep 21 20:59:03.551 INF API: test started suite=0 test=326 name="client launch (nethermind_release)"
Sep 21 20:59:10.618 INF API: client nethermind_release started suite=0 test=326 container=4134e2e7
Sep 21 20:59:10.701 INF API: test started suite=0 test=327 name="interop/_control/head (nethermind_release)"
Sep 21 20:59:10.779 INF API: test ended suite=0 test=327 pass=false
Sep 21 20:59:10.781 INF API: test started suite=0 test=328 name="interop/_control/version (nethermind_release)"
Sep 21 20:59:10.787 INF API: test ended suite=0 test=328 pass=false
Sep 21 20:59:10.788 INF API: test started suite=0 test=329 name="interop/block-35 (nethermind_release)"
Sep 21 20:59:10.850 INF API: test ended suite=0 test=329 pass=false
Sep 21 20:59:10.852 INF API: test started suite=0 test=330 name="interop/block-36 (nethermind_release)"
Sep 21 20:59:10.859 INF API: test ended suite=0 test=330 pass=false
Sep 21 20:59:10.860 INF API: test started suite=0 test=331 name="interop/block-47 (nethermind_release)"
Sep 21 20:59:10.863 INF API: test ended suite=0 test=331 pass=false
Sep 21 20:59:10.864 INF API: test started suite=0 test=332 name="interop/block-48 (nethermind_release)"
Sep 21 20:59:10.867 INF API: test ended suite=0 test=332 pass=false
Sep 21 20:59:10.868 INF API: test started suite=0 test=333 name="interop/block-51 (nethermind_release)"
Sep 21 20:59:10.871 INF API: test ended suite=0 test=333 pass=false
Sep 21 20:59:10.872 INF API: test started suite=0 test=334 name="interop/block-52 (nethermind_release)"
Sep 21 20:59:10.875 INF API: test ended suite=0 test=334 pass=false
Sep 21 20:59:10.875 INF API: test started suite=0 test=335 name="interop/block-55 (nethermind_release)"
Sep 21 20:59:10.878 INF API: test ended suite=0 test=335 pass=false
Sep 21 20:59:10.879 INF API: test started suite=0 test=336 name="interop/block-56 (nethermind_release)"
Sep 21 20:59:10.883 INF API: test ended suite=0 test=336 pass=false
Sep 21 20:59:10.884 INF API: test started suite=0 test=337 name="interop/block-59 (nethermind_release)"
Sep 21 20:59:10.887 INF API: test ended suite=0 test=337 pass=false
Sep 21 20:59:10.888 INF API: test started suite=0 test=338 name="interop/block-60 (nethermind_release)"
Sep 21 20:59:10.893 INF API: test ended suite=0 test=338 pass=false
Sep 21 20:59:10.893 INF API: test started suite=0 test=339 name="interop/control-head (nethermind_release)"
Sep 21 20:59:10.896 INF API: test ended suite=0 test=339 pass=false
Sep 21 20:59:10.897 INF API: test started suite=0 test=340 name="interop/control-height (nethermind_release)"
Sep 21 20:59:10.901 INF API: test ended suite=0 test=340 pass=false
Sep 21 20:59:10.902 INF API: test started suite=0 test=341 name="interop/control-version (nethermind_release)"
Sep 21 20:59:10.905 INF API: test ended suite=0 test=341 pass=false
Sep 21 20:59:10.906 INF API: test started suite=0 test=342 name="interop/destroy-prestate-55 (nethermind_release)"
Sep 21 20:59:11.002 INF API: test ended suite=0 test=342 pass=false
Sep 21 20:59:11.003 INF API: test started suite=0 test=343 name="interop/destroy-prestate-56 (nethermind_release)"
Sep 21 20:59:11.008 INF API: test ended suite=0 test=343 pass=false
Sep 21 20:59:11.009 INF API: test started suite=0 test=344 name="interop/destroy-trace-55 (nethermind_release)"
Sep 21 20:59:11.048 INF API: test ended suite=0 test=344 pass=false
Sep 21 20:59:11.049 INF API: test started suite=0 test=345 name="interop/destroy-trace-56 (nethermind_release)"
Sep 21 20:59:11.053 INF API: test ended suite=0 test=345 pass=false
Sep 21 20:59:11.054 INF API: test started suite=0 test=346 name="interop/filter-35 (nethermind_release)"
Sep 21 20:59:11.069 INF API: test ended suite=0 test=346 pass=false
Sep 21 20:59:11.070 INF API: test started suite=0 test=347 name="interop/filter-36 (nethermind_release)"
Sep 21 20:59:11.075 INF API: test ended suite=0 test=347 pass=false
Sep 21 20:59:11.076 INF API: test started suite=0 test=348 name="interop/filter-47 (nethermind_release)"
Sep 21 20:59:11.082 INF API: test ended suite=0 test=348 pass=false
Sep 21 20:59:11.083 INF API: test started suite=0 test=349 name="interop/filter-48 (nethermind_release)"
Sep 21 20:59:11.089 INF API: test ended suite=0 test=349 pass=false
Sep 21 20:59:11.090 INF API: test started suite=0 test=350 name="interop/filter-51 (nethermind_release)"
Sep 21 20:59:11.097 INF API: test ended suite=0 test=350 pass=false
Sep 21 20:59:11.098 INF API: test started suite=0 test=351 name="interop/filter-52 (nethermind_release)"
Sep 21 20:59:11.101 INF API: test ended suite=0 test=351 pass=false
Sep 21 20:59:11.102 INF API: test started suite=0 test=352 name="interop/filter-55 (nethermind_release)"
Sep 21 20:59:11.105 INF API: test ended suite=0 test=352 pass=false
Sep 21 20:59:11.106 INF API: test started suite=0 test=353 name="interop/filter-56 (nethermind_release)"
Sep 21 20:59:11.109 INF API: test ended suite=0 test=353 pass=false
Sep 21 20:59:11.110 INF API: test started suite=0 test=354 name="interop/filter-59 (nethermind_release)"
Sep 21 20:59:11.113 INF API: test ended suite=0 test=354 pass=false
Sep 21 20:59:11.114 INF API: test started suite=0 test=355 name="interop/filter-60 (nethermind_release)"
Sep 21 20:59:11.118 INF API: test ended suite=0 test=355 pass=false
Sep 21 20:59:11.118 INF API: test started suite=0 test=356 name="interop/filter-across-36 (nethermind_release)"
Sep 21 20:59:11.123 INF API: test ended suite=0 test=356 pass=false
Sep 21 20:59:11.123 INF API: test started suite=0 test=357 name="interop/filter-across-48 (nethermind_release)"
Sep 21 20:59:11.127 INF API: test ended suite=0 test=357 pass=false
Sep 21 20:59:11.128 INF API: test started suite=0 test=358 name="interop/filter-across-52 (nethermind_release)"
Sep 21 20:59:11.132 INF API: test ended suite=0 test=358 pass=false
Sep 21 20:59:11.133 INF API: test started suite=0 test=359 name="interop/filter-across-56 (nethermind_release)"
Sep 21 20:59:11.136 INF API: test ended suite=0 test=359 pass=false
Sep 21 20:59:11.138 INF API: test started suite=0 test=360 name="interop/filter-across-60 (nethermind_release)"
Sep 21 20:59:11.142 INF API: test ended suite=0 test=360 pass=false
Sep 21 20:59:11.143 INF API: test started suite=0 test=361 name="interop/header-35 (nethermind_release)"
Sep 21 20:59:11.145 INF API: test ended suite=0 test=361 pass=false
Sep 21 20:59:11.145 INF API: test started suite=0 test=362 name="interop/header-36 (nethermind_release)"
Sep 21 20:59:11.147 INF API: test ended suite=0 test=362 pass=false
Sep 21 20:59:11.148 INF API: test started suite=0 test=363 name="interop/header-47 (nethermind_release)"
Sep 21 20:59:11.150 INF API: test ended suite=0 test=363 pass=false
Sep 21 20:59:11.151 INF API: test started suite=0 test=364 name="interop/header-48 (nethermind_release)"
Sep 21 20:59:11.153 INF API: test ended suite=0 test=364 pass=false
Sep 21 20:59:11.153 INF API: test started suite=0 test=365 name="interop/header-51 (nethermind_release)"
Sep 21 20:59:11.156 INF API: test ended suite=0 test=365 pass=false
Sep 21 20:59:11.156 INF API: test started suite=0 test=366 name="interop/header-52 (nethermind_release)"
Sep 21 20:59:11.158 INF API: test ended suite=0 test=366 pass=false
Sep 21 20:59:11.159 INF API: test started suite=0 test=367 name="interop/header-55 (nethermind_release)"
Sep 21 20:59:11.162 INF API: test ended suite=0 test=367 pass=false
Sep 21 20:59:11.162 INF API: test started suite=0 test=368 name="interop/header-56 (nethermind_release)"
Sep 21 20:59:11.165 INF API: test ended suite=0 test=368 pass=false
Sep 21 20:59:11.165 INF API: test started suite=0 test=369 name="interop/header-59 (nethermind_release)"
Sep 21 20:59:11.168 INF API: test ended suite=0 test=369 pass=false
Sep 21 20:59:11.168 INF API: test started suite=0 test=370 name="interop/header-60 (nethermind_release)"
Sep 21 20:59:11.171 INF API: test ended suite=0 test=370 pass=false
Sep 21 20:59:11.172 INF API: test started suite=0 test=371 name="interop/mcopy-prestate-55 (nethermind_release)"
Sep 21 20:59:11.176 INF API: test ended suite=0 test=371 pass=false
Sep 21 20:59:11.177 INF API: test started suite=0 test=372 name="interop/mcopy-prestate-56 (nethermind_release)"
Sep 21 20:59:11.180 INF API: test ended suite=0 test=372 pass=false
Sep 21 20:59:11.180 INF API: test started suite=0 test=373 name="interop/mcopy-trace-55 (nethermind_release)"
Sep 21 20:59:11.183 INF API: test ended suite=0 test=373 pass=false
Sep 21 20:59:11.184 INF API: test started suite=0 test=374 name="interop/mcopy-trace-56 (nethermind_release)"
Sep 21 20:59:11.187 INF API: test ended suite=0 test=374 pass=false
Sep 21 20:59:11.188 INF API: test started suite=0 test=375 name="interop/replay-35 (nethermind_release)"
Sep 21 20:59:11.200 INF API: test ended suite=0 test=375 pass=false
Sep 21 20:59:11.201 INF API: test started suite=0 test=376 name="interop/replay-36 (nethermind_release)"
Sep 21 20:59:11.205 INF API: test ended suite=0 test=376 pass=false
Sep 21 20:59:11.206 INF API: test started suite=0 test=377 name="interop/replay-47 (nethermind_release)"
Sep 21 20:59:11.210 INF API: test ended suite=0 test=377 pass=false
Sep 21 20:59:11.210 INF API: test started suite=0 test=378 name="interop/replay-48 (nethermind_release)"
Sep 21 20:59:11.214 INF API: test ended suite=0 test=378 pass=false
Sep 21 20:59:11.215 INF API: test started suite=0 test=379 name="interop/replay-51 (nethermind_release)"
Sep 21 20:59:11.218 INF API: test ended suite=0 test=379 pass=false
Sep 21 20:59:11.219 INF API: test started suite=0 test=380 name="interop/replay-52 (nethermind_release)"
Sep 21 20:59:11.222 INF API: test ended suite=0 test=380 pass=false
Sep 21 20:59:11.222 INF API: test started suite=0 test=381 name="interop/replay-55 (nethermind_release)"
Sep 21 20:59:11.225 INF API: test ended suite=0 test=381 pass=false
Sep 21 20:59:11.226 INF API: test started suite=0 test=382 name="interop/replay-56 (nethermind_release)"
Sep 21 20:59:11.229 INF API: test ended suite=0 test=382 pass=false
Sep 21 20:59:11.230 INF API: test started suite=0 test=383 name="interop/replay-59 (nethermind_release)"
Sep 21 20:59:11.233 INF API: test ended suite=0 test=383 pass=false
Sep 21 20:59:11.234 INF API: test started suite=0 test=384 name="interop/replay-60 (nethermind_release)"
Sep 21 20:59:11.239 INF API: test ended suite=0 test=384 pass=false
Sep 21 20:59:11.240 INF API: test started suite=0 test=385 name="interop/system-beacon-55-560 (nethermind_release)"
Sep 21 20:59:11.244 INF API: test ended suite=0 test=385 pass=false
Sep 21 20:59:11.245 INF API: test started suite=0 test=386 name="interop/system-beacon-55-8751 (nethermind_release)"
Sep 21 20:59:11.247 INF API: test ended suite=0 test=386 pass=false
Sep 21 20:59:11.248 INF API: test started suite=0 test=387 name="interop/system-beacon-56-560 (nethermind_release)"
Sep 21 20:59:11.252 INF API: test ended suite=0 test=387 pass=false
Sep 21 20:59:11.252 INF API: test started suite=0 test=388 name="interop/system-beacon-56-8751 (nethermind_release)"
Sep 21 20:59:11.255 INF API: test ended suite=0 test=388 pass=false
Sep 21 20:59:11.255 INF API: test started suite=0 test=389 name="interop/system-beacon-57-560 (nethermind_release)"
Sep 21 20:59:11.257 INF API: test ended suite=0 test=389 pass=false
Sep 21 20:59:11.258 INF API: test started suite=0 test=390 name="interop/system-beacon-57-8751 (nethermind_release)"
Sep 21 20:59:11.260 INF API: test ended suite=0 test=390 pass=false
Sep 21 20:59:11.436 INF API: test ended suite=0 test=326 pass=true
Sep 21 20:59:11.438 INF API: test started suite=0 test=391 name="client launch (reth_development)"
Sep 21 20:59:14.039 INF API: client reth_development started suite=0 test=391 container=9e3c6d77
Sep 21 20:59:14.045 INF API: test started suite=0 test=392 name="interop/_control/head (reth_development)"
Sep 21 20:59:14.049 INF API: test ended suite=0 test=392 pass=false
Sep 21 20:59:14.050 INF API: test started suite=0 test=393 name="interop/_control/version (reth_development)"
Sep 21 20:59:14.052 INF API: test ended suite=0 test=393 pass=false
Sep 21 20:59:14.053 INF API: test started suite=0 test=394 name="interop/block-35 (reth_development)"
Sep 21 20:59:14.057 INF API: test ended suite=0 test=394 pass=false
Sep 21 20:59:14.058 INF API: test started suite=0 test=395 name="interop/block-36 (reth_development)"
Sep 21 20:59:14.063 INF API: test ended suite=0 test=395 pass=false
Sep 21 20:59:14.064 INF API: test started suite=0 test=396 name="interop/block-47 (reth_development)"
Sep 21 20:59:14.067 INF API: test ended suite=0 test=396 pass=false
Sep 21 20:59:14.068 INF API: test started suite=0 test=397 name="interop/block-48 (reth_development)"
Sep 21 20:59:14.071 INF API: test ended suite=0 test=397 pass=false
Sep 21 20:59:14.072 INF API: test started suite=0 test=398 name="interop/block-51 (reth_development)"
Sep 21 20:59:14.076 INF API: test ended suite=0 test=398 pass=false
Sep 21 20:59:14.078 INF API: test started suite=0 test=399 name="interop/block-52 (reth_development)"
Sep 21 20:59:14.081 INF API: test ended suite=0 test=399 pass=false
Sep 21 20:59:14.083 INF API: test started suite=0 test=400 name="interop/block-55 (reth_development)"
Sep 21 20:59:14.086 INF API: test ended suite=0 test=400 pass=false
Sep 21 20:59:14.087 INF API: test started suite=0 test=401 name="interop/block-56 (reth_development)"
Sep 21 20:59:14.089 INF API: test ended suite=0 test=401 pass=false
Sep 21 20:59:14.090 INF API: test started suite=0 test=402 name="interop/block-59 (reth_development)"
Sep 21 20:59:14.093 INF API: test ended suite=0 test=402 pass=false
Sep 21 20:59:14.094 INF API: test started suite=0 test=403 name="interop/block-60 (reth_development)"
Sep 21 20:59:14.097 INF API: test ended suite=0 test=403 pass=false
Sep 21 20:59:14.098 INF API: test started suite=0 test=404 name="interop/control-head (reth_development)"
Sep 21 20:59:14.101 INF API: test ended suite=0 test=404 pass=false
Sep 21 20:59:14.102 INF API: test started suite=0 test=405 name="interop/control-height (reth_development)"
Sep 21 20:59:14.104 INF API: test ended suite=0 test=405 pass=false
Sep 21 20:59:14.105 INF API: test started suite=0 test=406 name="interop/control-version (reth_development)"
Sep 21 20:59:14.107 INF API: test ended suite=0 test=406 pass=false
Sep 21 20:59:14.108 INF API: test started suite=0 test=407 name="interop/destroy-prestate-55 (reth_development)"
Sep 21 20:59:14.111 INF API: test ended suite=0 test=407 pass=false
Sep 21 20:59:14.112 INF API: test started suite=0 test=408 name="interop/destroy-prestate-56 (reth_development)"
Sep 21 20:59:14.114 INF API: test ended suite=0 test=408 pass=false
Sep 21 20:59:14.115 INF API: test started suite=0 test=409 name="interop/destroy-trace-55 (reth_development)"
Sep 21 20:59:14.118 INF API: test ended suite=0 test=409 pass=false
Sep 21 20:59:14.119 INF API: test started suite=0 test=410 name="interop/destroy-trace-56 (reth_development)"
Sep 21 20:59:14.121 INF API: test ended suite=0 test=410 pass=false
Sep 21 20:59:14.122 INF API: test started suite=0 test=411 name="interop/filter-35 (reth_development)"
Sep 21 20:59:14.125 INF API: test ended suite=0 test=411 pass=false
Sep 21 20:59:14.125 INF API: test started suite=0 test=412 name="interop/filter-36 (reth_development)"
Sep 21 20:59:14.128 INF API: test ended suite=0 test=412 pass=false
Sep 21 20:59:14.129 INF API: test started suite=0 test=413 name="interop/filter-47 (reth_development)"
Sep 21 20:59:14.132 INF API: test ended suite=0 test=413 pass=false
Sep 21 20:59:14.133 INF API: test started suite=0 test=414 name="interop/filter-48 (reth_development)"
Sep 21 20:59:14.135 INF API: test ended suite=0 test=414 pass=false
Sep 21 20:59:14.136 INF API: test started suite=0 test=415 name="interop/filter-51 (reth_development)"
Sep 21 20:59:14.139 INF API: test ended suite=0 test=415 pass=false
Sep 21 20:59:14.140 INF API: test started suite=0 test=416 name="interop/filter-52 (reth_development)"
Sep 21 20:59:14.143 INF API: test ended suite=0 test=416 pass=false
Sep 21 20:59:14.144 INF API: test started suite=0 test=417 name="interop/filter-55 (reth_development)"
Sep 21 20:59:14.146 INF API: test ended suite=0 test=417 pass=false
Sep 21 20:59:14.147 INF API: test started suite=0 test=418 name="interop/filter-56 (reth_development)"
Sep 21 20:59:14.150 INF API: test ended suite=0 test=418 pass=false
Sep 21 20:59:14.151 INF API: test started suite=0 test=419 name="interop/filter-59 (reth_development)"
Sep 21 20:59:14.154 INF API: test ended suite=0 test=419 pass=false
Sep 21 20:59:14.155 INF API: test started suite=0 test=420 name="interop/filter-60 (reth_development)"
Sep 21 20:59:14.158 INF API: test ended suite=0 test=420 pass=false
Sep 21 20:59:14.159 INF API: test started suite=0 test=421 name="interop/filter-across-36 (reth_development)"
Sep 21 20:59:14.162 INF API: test ended suite=0 test=421 pass=false
Sep 21 20:59:14.163 INF API: test started suite=0 test=422 name="interop/filter-across-48 (reth_development)"
Sep 21 20:59:14.167 INF API: test ended suite=0 test=422 pass=false
Sep 21 20:59:14.167 INF API: test started suite=0 test=423 name="interop/filter-across-52 (reth_development)"
Sep 21 20:59:14.171 INF API: test ended suite=0 test=423 pass=false
Sep 21 20:59:14.171 INF API: test started suite=0 test=424 name="interop/filter-across-56 (reth_development)"
Sep 21 20:59:14.174 INF API: test ended suite=0 test=424 pass=false
Sep 21 20:59:14.175 INF API: test started suite=0 test=425 name="interop/filter-across-60 (reth_development)"
Sep 21 20:59:14.178 INF API: test ended suite=0 test=425 pass=false
Sep 21 20:59:14.179 INF API: test started suite=0 test=426 name="interop/header-35 (reth_development)"
Sep 21 20:59:14.182 INF API: test ended suite=0 test=426 pass=false
Sep 21 20:59:14.182 INF API: test started suite=0 test=427 name="interop/header-36 (reth_development)"
Sep 21 20:59:14.185 INF API: test ended suite=0 test=427 pass=false
Sep 21 20:59:14.186 INF API: test started suite=0 test=428 name="interop/header-47 (reth_development)"
Sep 21 20:59:14.189 INF API: test ended suite=0 test=428 pass=false
Sep 21 20:59:14.190 INF API: test started suite=0 test=429 name="interop/header-48 (reth_development)"
Sep 21 20:59:14.192 INF API: test ended suite=0 test=429 pass=false
Sep 21 20:59:14.193 INF API: test started suite=0 test=430 name="interop/header-51 (reth_development)"
Sep 21 20:59:14.196 INF API: test ended suite=0 test=430 pass=false
Sep 21 20:59:14.196 INF API: test started suite=0 test=431 name="interop/header-52 (reth_development)"
Sep 21 20:59:14.199 INF API: test ended suite=0 test=431 pass=false
Sep 21 20:59:14.200 INF API: test started suite=0 test=432 name="interop/header-55 (reth_development)"
Sep 21 20:59:14.203 INF API: test ended suite=0 test=432 pass=false
Sep 21 20:59:14.203 INF API: test started suite=0 test=433 name="interop/header-56 (reth_development)"
Sep 21 20:59:14.205 INF API: test ended suite=0 test=433 pass=false
Sep 21 20:59:14.206 INF API: test started suite=0 test=434 name="interop/header-59 (reth_development)"
Sep 21 20:59:14.209 INF API: test ended suite=0 test=434 pass=false
Sep 21 20:59:14.210 INF API: test started suite=0 test=435 name="interop/header-60 (reth_development)"
Sep 21 20:59:14.213 INF API: test ended suite=0 test=435 pass=false
Sep 21 20:59:14.214 INF API: test started suite=0 test=436 name="interop/mcopy-prestate-55 (reth_development)"
Sep 21 20:59:14.217 INF API: test ended suite=0 test=436 pass=false
Sep 21 20:59:14.218 INF API: test started suite=0 test=437 name="interop/mcopy-prestate-56 (reth_development)"
Sep 21 20:59:14.220 INF API: test ended suite=0 test=437 pass=false
Sep 21 20:59:14.221 INF API: test started suite=0 test=438 name="interop/mcopy-trace-55 (reth_development)"
Sep 21 20:59:14.226 INF API: test ended suite=0 test=438 pass=false
Sep 21 20:59:14.227 INF API: test started suite=0 test=439 name="interop/mcopy-trace-56 (reth_development)"
Sep 21 20:59:14.231 INF API: test ended suite=0 test=439 pass=false
Sep 21 20:59:14.232 INF API: test started suite=0 test=440 name="interop/replay-35 (reth_development)"
Sep 21 20:59:14.235 INF API: test ended suite=0 test=440 pass=false
Sep 21 20:59:14.236 INF API: test started suite=0 test=441 name="interop/replay-36 (reth_development)"
Sep 21 20:59:14.240 INF API: test ended suite=0 test=441 pass=false
Sep 21 20:59:14.241 INF API: test started suite=0 test=442 name="interop/replay-47 (reth_development)"
Sep 21 20:59:14.244 INF API: test ended suite=0 test=442 pass=false
Sep 21 20:59:14.245 INF API: test started suite=0 test=443 name="interop/replay-48 (reth_development)"
Sep 21 20:59:14.248 INF API: test ended suite=0 test=443 pass=false
Sep 21 20:59:14.249 INF API: test started suite=0 test=444 name="interop/replay-51 (reth_development)"
Sep 21 20:59:14.253 INF API: test ended suite=0 test=444 pass=false
Sep 21 20:59:14.254 INF API: test started suite=0 test=445 name="interop/replay-52 (reth_development)"
Sep 21 20:59:14.257 INF API: test ended suite=0 test=445 pass=false
Sep 21 20:59:14.257 INF API: test started suite=0 test=446 name="interop/replay-55 (reth_development)"
Sep 21 20:59:14.260 INF API: test ended suite=0 test=446 pass=false
Sep 21 20:59:14.261 INF API: test started suite=0 test=447 name="interop/replay-56 (reth_development)"
Sep 21 20:59:14.264 INF API: test ended suite=0 test=447 pass=false
Sep 21 20:59:14.265 INF API: test started suite=0 test=448 name="interop/replay-59 (reth_development)"
Sep 21 20:59:14.267 INF API: test ended suite=0 test=448 pass=false
Sep 21 20:59:14.268 INF API: test started suite=0 test=449 name="interop/replay-60 (reth_development)"
Sep 21 20:59:14.285 INF API: test ended suite=0 test=449 pass=false
Sep 21 20:59:14.286 INF API: test started suite=0 test=450 name="interop/system-beacon-55-560 (reth_development)"
Sep 21 20:59:14.288 INF API: test ended suite=0 test=450 pass=false
Sep 21 20:59:14.288 INF API: test started suite=0 test=451 name="interop/system-beacon-55-8751 (reth_development)"
Sep 21 20:59:14.290 INF API: test ended suite=0 test=451 pass=false
Sep 21 20:59:14.291 INF API: test started suite=0 test=452 name="interop/system-beacon-56-560 (reth_development)"
Sep 21 20:59:14.292 INF API: test ended suite=0 test=452 pass=false
Sep 21 20:59:14.293 INF API: test started suite=0 test=453 name="interop/system-beacon-56-8751 (reth_development)"
Sep 21 20:59:14.294 INF API: test ended suite=0 test=453 pass=false
Sep 21 20:59:14.295 INF API: test started suite=0 test=454 name="interop/system-beacon-57-560 (reth_development)"
Sep 21 20:59:14.296 INF API: test ended suite=0 test=454 pass=false
Sep 21 20:59:14.297 INF API: test started suite=0 test=455 name="interop/system-beacon-57-8751 (reth_development)"
Sep 21 20:59:14.298 INF API: test ended suite=0 test=455 pass=false
Sep 21 20:59:14.546 INF API: test ended suite=0 test=391 pass=true
Sep 21 20:59:14.547 INF API: test started suite=0 test=456 name="client launch (reth_release)"
Sep 21 20:59:15.431 INF API: client reth_release started suite=0 test=456 container=efad0654
Sep 21 20:59:15.436 INF API: test started suite=0 test=457 name="interop/_control/head (reth_release)"
Sep 21 20:59:15.440 INF API: test ended suite=0 test=457 pass=false
Sep 21 20:59:15.441 INF API: test started suite=0 test=458 name="interop/_control/version (reth_release)"
Sep 21 20:59:15.444 INF API: test ended suite=0 test=458 pass=false
Sep 21 20:59:15.445 INF API: test started suite=0 test=459 name="interop/block-35 (reth_release)"
Sep 21 20:59:15.449 INF API: test ended suite=0 test=459 pass=false
Sep 21 20:59:15.450 INF API: test started suite=0 test=460 name="interop/block-36 (reth_release)"
Sep 21 20:59:15.455 INF API: test ended suite=0 test=460 pass=false
Sep 21 20:59:15.456 INF API: test started suite=0 test=461 name="interop/block-47 (reth_release)"
Sep 21 20:59:15.460 INF API: test ended suite=0 test=461 pass=false
Sep 21 20:59:15.460 INF API: test started suite=0 test=462 name="interop/block-48 (reth_release)"
Sep 21 20:59:15.463 INF API: test ended suite=0 test=462 pass=false
Sep 21 20:59:15.464 INF API: test started suite=0 test=463 name="interop/block-51 (reth_release)"
Sep 21 20:59:15.467 INF API: test ended suite=0 test=463 pass=false
Sep 21 20:59:15.468 INF API: test started suite=0 test=464 name="interop/block-52 (reth_release)"
Sep 21 20:59:15.471 INF API: test ended suite=0 test=464 pass=false
Sep 21 20:59:15.471 INF API: test started suite=0 test=465 name="interop/block-55 (reth_release)"
Sep 21 20:59:15.474 INF API: test ended suite=0 test=465 pass=false
Sep 21 20:59:15.475 INF API: test started suite=0 test=466 name="interop/block-56 (reth_release)"
Sep 21 20:59:15.480 INF API: test ended suite=0 test=466 pass=false
Sep 21 20:59:15.481 INF API: test started suite=0 test=467 name="interop/block-59 (reth_release)"
Sep 21 20:59:15.483 INF API: test ended suite=0 test=467 pass=false
Sep 21 20:59:15.484 INF API: test started suite=0 test=468 name="interop/block-60 (reth_release)"
Sep 21 20:59:15.488 INF API: test ended suite=0 test=468 pass=false
Sep 21 20:59:15.489 INF API: test started suite=0 test=469 name="interop/control-head (reth_release)"
Sep 21 20:59:15.491 INF API: test ended suite=0 test=469 pass=false
Sep 21 20:59:15.492 INF API: test started suite=0 test=470 name="interop/control-height (reth_release)"
Sep 21 20:59:15.494 INF API: test ended suite=0 test=470 pass=false
Sep 21 20:59:15.494 INF API: test started suite=0 test=471 name="interop/control-version (reth_release)"
Sep 21 20:59:15.497 INF API: test ended suite=0 test=471 pass=false
Sep 21 20:59:15.498 INF API: test started suite=0 test=472 name="interop/destroy-prestate-55 (reth_release)"
Sep 21 20:59:15.500 INF API: test ended suite=0 test=472 pass=false
Sep 21 20:59:15.501 INF API: test started suite=0 test=473 name="interop/destroy-prestate-56 (reth_release)"
Sep 21 20:59:15.504 INF API: test ended suite=0 test=473 pass=false
Sep 21 20:59:15.504 INF API: test started suite=0 test=474 name="interop/destroy-trace-55 (reth_release)"
Sep 21 20:59:15.507 INF API: test ended suite=0 test=474 pass=false
Sep 21 20:59:15.508 INF API: test started suite=0 test=475 name="interop/destroy-trace-56 (reth_release)"
Sep 21 20:59:15.511 INF API: test ended suite=0 test=475 pass=false
Sep 21 20:59:15.512 INF API: test started suite=0 test=476 name="interop/filter-35 (reth_release)"
Sep 21 20:59:15.514 INF API: test ended suite=0 test=476 pass=false
Sep 21 20:59:15.515 INF API: test started suite=0 test=477 name="interop/filter-36 (reth_release)"
Sep 21 20:59:15.518 INF API: test ended suite=0 test=477 pass=false
Sep 21 20:59:15.519 INF API: test started suite=0 test=478 name="interop/filter-47 (reth_release)"
Sep 21 20:59:15.521 INF API: test ended suite=0 test=478 pass=false
Sep 21 20:59:15.522 INF API: test started suite=0 test=479 name="interop/filter-48 (reth_release)"
Sep 21 20:59:15.525 INF API: test ended suite=0 test=479 pass=false
Sep 21 20:59:15.526 INF API: test started suite=0 test=480 name="interop/filter-51 (reth_release)"
Sep 21 20:59:15.529 INF API: test ended suite=0 test=480 pass=false
Sep 21 20:59:15.529 INF API: test started suite=0 test=481 name="interop/filter-52 (reth_release)"
Sep 21 20:59:15.532 INF API: test ended suite=0 test=481 pass=false
Sep 21 20:59:15.533 INF API: test started suite=0 test=482 name="interop/filter-55 (reth_release)"
Sep 21 20:59:15.536 INF API: test ended suite=0 test=482 pass=false
Sep 21 20:59:15.536 INF API: test started suite=0 test=483 name="interop/filter-56 (reth_release)"
Sep 21 20:59:15.539 INF API: test ended suite=0 test=483 pass=false
Sep 21 20:59:15.540 INF API: test started suite=0 test=484 name="interop/filter-59 (reth_release)"
Sep 21 20:59:15.543 INF API: test ended suite=0 test=484 pass=false
Sep 21 20:59:15.544 INF API: test started suite=0 test=485 name="interop/filter-60 (reth_release)"
Sep 21 20:59:15.546 INF API: test ended suite=0 test=485 pass=false
Sep 21 20:59:15.547 INF API: test started suite=0 test=486 name="interop/filter-across-36 (reth_release)"
Sep 21 20:59:15.550 INF API: test ended suite=0 test=486 pass=false
Sep 21 20:59:15.551 INF API: test started suite=0 test=487 name="interop/filter-across-48 (reth_release)"
Sep 21 20:59:15.554 INF API: test ended suite=0 test=487 pass=false
Sep 21 20:59:15.555 INF API: test started suite=0 test=488 name="interop/filter-across-52 (reth_release)"
Sep 21 20:59:15.558 INF API: test ended suite=0 test=488 pass=false
Sep 21 20:59:15.559 INF API: test started suite=0 test=489 name="interop/filter-across-56 (reth_release)"
Sep 21 20:59:15.561 INF API: test ended suite=0 test=489 pass=false
Sep 21 20:59:15.562 INF API: test started suite=0 test=490 name="interop/filter-across-60 (reth_release)"
Sep 21 20:59:15.565 INF API: test ended suite=0 test=490 pass=false
Sep 21 20:59:15.566 INF API: test started suite=0 test=491 name="interop/header-35 (reth_release)"
Sep 21 20:59:15.568 INF API: test ended suite=0 test=491 pass=false
Sep 21 20:59:15.569 INF API: test started suite=0 test=492 name="interop/header-36 (reth_release)"
Sep 21 20:59:15.571 INF API: test ended suite=0 test=492 pass=false
Sep 21 20:59:15.572 INF API: test started suite=0 test=493 name="interop/header-47 (reth_release)"
Sep 21 20:59:15.574 INF API: test ended suite=0 test=493 pass=false
Sep 21 20:59:15.575 INF API: test started suite=0 test=494 name="interop/header-48 (reth_release)"
Sep 21 20:59:15.578 INF API: test ended suite=0 test=494 pass=false
Sep 21 20:59:15.578 INF API: test started suite=0 test=495 name="interop/header-51 (reth_release)"
Sep 21 20:59:15.581 INF API: test ended suite=0 test=495 pass=false
Sep 21 20:59:15.582 INF API: test started suite=0 test=496 name="interop/header-52 (reth_release)"
Sep 21 20:59:15.584 INF API: test ended suite=0 test=496 pass=false
Sep 21 20:59:15.585 INF API: test started suite=0 test=497 name="interop/header-55 (reth_release)"
Sep 21 20:59:15.587 INF API: test ended suite=0 test=497 pass=false
Sep 21 20:59:15.588 INF API: test started suite=0 test=498 name="interop/header-56 (reth_release)"
Sep 21 20:59:15.590 INF API: test ended suite=0 test=498 pass=false
Sep 21 20:59:15.591 INF API: test started suite=0 test=499 name="interop/header-59 (reth_release)"
Sep 21 20:59:15.594 INF API: test ended suite=0 test=499 pass=false
Sep 21 20:59:15.595 INF API: test started suite=0 test=500 name="interop/header-60 (reth_release)"
Sep 21 20:59:15.597 INF API: test ended suite=0 test=500 pass=false
Sep 21 20:59:15.598 INF API: test started suite=0 test=501 name="interop/mcopy-prestate-55 (reth_release)"
Sep 21 20:59:15.601 INF API: test ended suite=0 test=501 pass=false
Sep 21 20:59:15.601 INF API: test started suite=0 test=502 name="interop/mcopy-prestate-56 (reth_release)"
Sep 21 20:59:15.604 INF API: test ended suite=0 test=502 pass=false
Sep 21 20:59:15.604 INF API: test started suite=0 test=503 name="interop/mcopy-trace-55 (reth_release)"
Sep 21 20:59:15.607 INF API: test ended suite=0 test=503 pass=false
Sep 21 20:59:15.608 INF API: test started suite=0 test=504 name="interop/mcopy-trace-56 (reth_release)"
Sep 21 20:59:15.611 INF API: test ended suite=0 test=504 pass=false
Sep 21 20:59:15.611 INF API: test started suite=0 test=505 name="interop/replay-35 (reth_release)"
Sep 21 20:59:15.614 INF API: test ended suite=0 test=505 pass=false
Sep 21 20:59:15.615 INF API: test started suite=0 test=506 name="interop/replay-36 (reth_release)"
Sep 21 20:59:15.618 INF API: test ended suite=0 test=506 pass=false
Sep 21 20:59:15.618 INF API: test started suite=0 test=507 name="interop/replay-47 (reth_release)"
Sep 21 20:59:15.621 INF API: test ended suite=0 test=507 pass=false
Sep 21 20:59:15.622 INF API: test started suite=0 test=508 name="interop/replay-48 (reth_release)"
Sep 21 20:59:15.625 INF API: test ended suite=0 test=508 pass=false
Sep 21 20:59:15.626 INF API: test started suite=0 test=509 name="interop/replay-51 (reth_release)"
Sep 21 20:59:15.629 INF API: test ended suite=0 test=509 pass=false
Sep 21 20:59:15.630 INF API: test started suite=0 test=510 name="interop/replay-52 (reth_release)"
Sep 21 20:59:15.633 INF API: test ended suite=0 test=510 pass=false
Sep 21 20:59:15.634 INF API: test started suite=0 test=511 name="interop/replay-55 (reth_release)"
Sep 21 20:59:15.636 INF API: test ended suite=0 test=511 pass=false
Sep 21 20:59:15.637 INF API: test started suite=0 test=512 name="interop/replay-56 (reth_release)"
Sep 21 20:59:15.640 INF API: test ended suite=0 test=512 pass=false
Sep 21 20:59:15.640 INF API: test started suite=0 test=513 name="interop/replay-59 (reth_release)"
Sep 21 20:59:15.643 INF API: test ended suite=0 test=513 pass=false
Sep 21 20:59:15.644 INF API: test started suite=0 test=514 name="interop/replay-60 (reth_release)"
Sep 21 20:59:15.647 INF API: test ended suite=0 test=514 pass=false
Sep 21 20:59:15.647 INF API: test started suite=0 test=515 name="interop/system-beacon-55-560 (reth_release)"
Sep 21 20:59:15.650 INF API: test ended suite=0 test=515 pass=false
Sep 21 20:59:15.651 INF API: test started suite=0 test=516 name="interop/system-beacon-55-8751 (reth_release)"
Sep 21 20:59:15.653 INF API: test ended suite=0 test=516 pass=false
Sep 21 20:59:15.654 INF API: test started suite=0 test=517 name="interop/system-beacon-56-560 (reth_release)"
Sep 21 20:59:15.657 INF API: test ended suite=0 test=517 pass=false
Sep 21 20:59:15.658 INF API: test started suite=0 test=518 name="interop/system-beacon-56-8751 (reth_release)"
Sep 21 20:59:15.660 INF API: test ended suite=0 test=518 pass=false
Sep 21 20:59:15.661 INF API: test started suite=0 test=519 name="interop/system-beacon-57-560 (reth_release)"
Sep 21 20:59:15.663 INF API: test ended suite=0 test=519 pass=false
Sep 21 20:59:15.664 INF API: test started suite=0 test=520 name="interop/system-beacon-57-8751 (reth_release)"
Sep 21 20:59:15.666 INF API: test ended suite=0 test=520 pass=false
Sep 21 20:59:15.813 INF API: test ended suite=0 test=456 pass=true
Sep 21 20:59:15.823 INF API: suite ended suite=0
Sep 21 20:59:16.094 INF simulation ethereum/rpc-compat finished suites=1 tests=520 failed=512
512 tests failed
