Sep 24 15:16:56.029 INF building image image=hive/hiveproxy nocache=false pull=false
Sep 24 15:16:56.096 INF building 9 clients...
Sep 24 15:16:56.096 INF building image image=hive/clients/besu_development:latest dir=clients/besu nocache=false pull=false baseimage=trace-interop/besu tag=0bdabe53b1597932edebfa970aae1223b1e814a7897bfa776337f3f5f2d8f30d
Sep 24 15:16:56.211 INF building image image=hive/clients/besu_release:latest dir=clients/besu nocache=false pull=false baseimage=trace-interop/besu tag=f3713c713ca4f9e89c09e1478d2a85116ba9ce8343129d709420ba2af009598b
Sep 24 15:16:56.331 INF building image image=hive/clients/erigon_development:latest dir=clients/erigon nocache=false pull=false baseimage=trace-interop/erigon tag=96ed3bf9e6103fa7348e8223f07becfaf1d19b43fb66524f295bdb83e12dbee5
Sep 24 15:16:56.459 INF building image image=hive/clients/erigon_release:latest dir=clients/erigon nocache=false pull=false baseimage=trace-interop/erigon tag=8668d9c5adc01ad1d12aa25380e384079080bdde7e0ce93f11bed422d82ca0ac
Sep 24 15:16:56.588 INF building image image=hive/clients/go-ethereum_trace:latest dir=clients/go-ethereum nocache=false pull=false baseimage=trace-interop/go-ethereum tag=2a6e1bfcf91337fd9081f28b1a77efcf20c054ea99b30a316fa8a581c819fa74
Sep 24 15:16:56.742 INF building image image=hive/clients/nethermind_development:latest dir=clients/nethermind nocache=false pull=false baseimage=trace-interop/nethermind tag=dfee1f35965a2e111727d4bb8614be3b17705e89970688620f37a3acabbf7db3
Sep 24 15:16:56.879 INF building image image=hive/clients/nethermind_release:latest dir=clients/nethermind nocache=false pull=false baseimage=trace-interop/nethermind tag=d6b98371fce49848629f4841a9ef2cfc416c90ee187bc82291e97ca77cb108e4
Sep 24 15:16:57.015 INF building image image=hive/clients/reth_development:latest dir=clients/reth nocache=false pull=false baseimage=trace-interop/reth tag=935f179789c1d4fc921c181a4fa21f3262e5d0509061ddbad4398b37db3f33bf
Sep 24 15:16:57.137 INF building image image=hive/clients/reth_release:latest dir=clients/reth nocache=false pull=false baseimage=trace-interop/reth tag=e939dc4a471d9d27224e430f607a954d692ca5037a1350ee2036397d14532ca7
Sep 24 15:16:57.273 INF building 1 simulators...
Sep 24 15:16:57.273 INF building image image=hive/simulators/ethereum/rpc-compat:latest dir=simulators/ethereum/rpc-compat nocache=false pull=false
Sep 24 15:16:57.781 INF creating output directory folder=/home/banteg/dev/trace-current-20260924/runs/current-matrix/precompiles/hive
Sep 24 15:16:57.789 INF running simulation: ethereum/rpc-compat
Sep 24 15:16:58.079 INF hiveproxy started container=1e6edb001b20 addr=172.17.0.2:8081
Sep 24 15:16:58.371 INF API: suite started suite=0 name=rpc-compat
Sep 24 15:16:58.373 INF API: test started suite=0 test=1 name="client launch (besu_development)"
Sep 24 15:17:06.921 INF API: client besu_development started suite=0 test=1 container=9d1a3878
Sep 24 15:17:07.187 INF API: test started suite=0 test=2 name="interop/_control/head (besu_development)"
Sep 24 15:17:07.198 INF API: test ended suite=0 test=2 pass=false
Sep 24 15:17:07.199 INF API: test started suite=0 test=3 name="interop/_control/latest (besu_development)"
Sep 24 15:17:07.205 INF API: test ended suite=0 test=3 pass=false
Sep 24 15:17:07.206 INF API: test started suite=0 test=4 name="interop/_control/version (besu_development)"
Sep 24 15:17:07.212 INF API: test ended suite=0 test=4 pass=false
Sep 24 15:17:07.213 INF API: test started suite=0 test=5 name="interop/nested-call-value0-failed (besu_development)"
Sep 24 15:17:07.325 INF API: test ended suite=0 test=5 pass=false
Sep 24 15:17:07.326 INF API: test started suite=0 test=6 name="interop/nested-call-value0-success (besu_development)"
Sep 24 15:17:07.353 INF API: test ended suite=0 test=6 pass=false
Sep 24 15:17:07.355 INF API: test started suite=0 test=7 name="interop/nested-call-value1-failed (besu_development)"
Sep 24 15:17:07.376 INF API: test ended suite=0 test=7 pass=false
Sep 24 15:17:07.378 INF API: test started suite=0 test=8 name="interop/nested-call-value1-success (besu_development)"
Sep 24 15:17:07.401 INF API: test ended suite=0 test=8 pass=false
Sep 24 15:17:07.402 INF API: test started suite=0 test=9 name="interop/nested-callcode-value0-failed (besu_development)"
Sep 24 15:17:07.424 INF API: test ended suite=0 test=9 pass=false
Sep 24 15:17:07.425 INF API: test started suite=0 test=10 name="interop/nested-callcode-value0-success (besu_development)"
Sep 24 15:17:07.450 INF API: test ended suite=0 test=10 pass=false
Sep 24 15:17:07.452 INF API: test started suite=0 test=11 name="interop/nested-callcode-value1-failed (besu_development)"
Sep 24 15:17:07.461 INF API: test ended suite=0 test=11 pass=false
Sep 24 15:17:07.462 INF API: test started suite=0 test=12 name="interop/nested-callcode-value1-success (besu_development)"
Sep 24 15:17:07.473 INF API: test ended suite=0 test=12 pass=false
Sep 24 15:17:07.474 INF API: test started suite=0 test=13 name="interop/nested-delegatecall-value0-failed (besu_development)"
Sep 24 15:17:07.488 INF API: test ended suite=0 test=13 pass=false
Sep 24 15:17:07.490 INF API: test started suite=0 test=14 name="interop/nested-delegatecall-value0-success (besu_development)"
Sep 24 15:17:07.503 INF API: test ended suite=0 test=14 pass=false
Sep 24 15:17:07.505 INF API: test started suite=0 test=15 name="interop/nested-delegatecall-value1-failed (besu_development)"
Sep 24 15:17:07.516 INF API: test ended suite=0 test=15 pass=false
Sep 24 15:17:07.517 INF API: test started suite=0 test=16 name="interop/nested-delegatecall-value1-success (besu_development)"
Sep 24 15:17:07.527 INF API: test ended suite=0 test=16 pass=false
Sep 24 15:17:07.528 INF API: test started suite=0 test=17 name="interop/nested-staticcall-value0-failed (besu_development)"
Sep 24 15:17:07.537 INF API: test ended suite=0 test=17 pass=false
Sep 24 15:17:07.538 INF API: test started suite=0 test=18 name="interop/nested-staticcall-value0-success (besu_development)"
Sep 24 15:17:07.547 INF API: test ended suite=0 test=18 pass=false
Sep 24 15:17:07.548 INF API: test started suite=0 test=19 name="interop/root-failed (besu_development)"
Sep 24 15:17:07.557 INF API: test ended suite=0 test=19 pass=false
Sep 24 15:17:07.559 INF API: test started suite=0 test=20 name="interop/root-success (besu_development)"
Sep 24 15:17:07.566 INF API: test ended suite=0 test=20 pass=false
Sep 24 15:17:07.884 INF API: test ended suite=0 test=1 pass=true
Sep 24 15:17:07.885 INF API: test started suite=0 test=21 name="client launch (besu_release)"
Sep 24 15:17:17.121 INF API: client besu_release started suite=0 test=21 container=5bfabda4
Sep 24 15:17:17.383 INF API: test started suite=0 test=22 name="interop/_control/head (besu_release)"
Sep 24 15:17:17.398 INF API: test ended suite=0 test=22 pass=false
Sep 24 15:17:17.400 INF API: test started suite=0 test=23 name="interop/_control/latest (besu_release)"
Sep 24 15:17:17.405 INF API: test ended suite=0 test=23 pass=false
Sep 24 15:17:17.406 INF API: test started suite=0 test=24 name="interop/_control/version (besu_release)"
Sep 24 15:17:17.412 INF API: test ended suite=0 test=24 pass=false
Sep 24 15:17:17.413 INF API: test started suite=0 test=25 name="interop/nested-call-value0-failed (besu_release)"
Sep 24 15:17:17.494 INF API: test ended suite=0 test=25 pass=false
Sep 24 15:17:17.495 INF API: test started suite=0 test=26 name="interop/nested-call-value0-success (besu_release)"
Sep 24 15:17:17.510 INF API: test ended suite=0 test=26 pass=false
Sep 24 15:17:17.511 INF API: test started suite=0 test=27 name="interop/nested-call-value1-failed (besu_release)"
Sep 24 15:17:17.522 INF API: test ended suite=0 test=27 pass=false
Sep 24 15:17:17.523 INF API: test started suite=0 test=28 name="interop/nested-call-value1-success (besu_release)"
Sep 24 15:17:17.533 INF API: test ended suite=0 test=28 pass=false
Sep 24 15:17:17.534 INF API: test started suite=0 test=29 name="interop/nested-callcode-value0-failed (besu_release)"
Sep 24 15:17:17.542 INF API: test ended suite=0 test=29 pass=false
Sep 24 15:17:17.543 INF API: test started suite=0 test=30 name="interop/nested-callcode-value0-success (besu_release)"
Sep 24 15:17:17.552 INF API: test ended suite=0 test=30 pass=false
Sep 24 15:17:17.553 INF API: test started suite=0 test=31 name="interop/nested-callcode-value1-failed (besu_release)"
Sep 24 15:17:17.561 INF API: test ended suite=0 test=31 pass=false
Sep 24 15:17:17.562 INF API: test started suite=0 test=32 name="interop/nested-callcode-value1-success (besu_release)"
Sep 24 15:17:17.570 INF API: test ended suite=0 test=32 pass=false
Sep 24 15:17:17.571 INF API: test started suite=0 test=33 name="interop/nested-delegatecall-value0-failed (besu_release)"
Sep 24 15:17:17.580 INF API: test ended suite=0 test=33 pass=false
Sep 24 15:17:17.581 INF API: test started suite=0 test=34 name="interop/nested-delegatecall-value0-success (besu_release)"
Sep 24 15:17:17.590 INF API: test ended suite=0 test=34 pass=false
Sep 24 15:17:17.591 INF API: test started suite=0 test=35 name="interop/nested-delegatecall-value1-failed (besu_release)"
Sep 24 15:17:17.604 INF API: test ended suite=0 test=35 pass=false
Sep 24 15:17:17.606 INF API: test started suite=0 test=36 name="interop/nested-delegatecall-value1-success (besu_release)"
Sep 24 15:17:17.615 INF API: test ended suite=0 test=36 pass=false
Sep 24 15:17:17.615 INF API: test started suite=0 test=37 name="interop/nested-staticcall-value0-failed (besu_release)"
Sep 24 15:17:17.623 INF API: test ended suite=0 test=37 pass=false
Sep 24 15:17:17.624 INF API: test started suite=0 test=38 name="interop/nested-staticcall-value0-success (besu_release)"
Sep 24 15:17:17.631 INF API: test ended suite=0 test=38 pass=false
Sep 24 15:17:17.632 INF API: test started suite=0 test=39 name="interop/root-failed (besu_release)"
Sep 24 15:17:17.640 INF API: test ended suite=0 test=39 pass=false
Sep 24 15:17:17.640 INF API: test started suite=0 test=40 name="interop/root-success (besu_release)"
Sep 24 15:17:17.646 INF API: test ended suite=0 test=40 pass=false
Sep 24 15:17:18.163 INF API: test ended suite=0 test=21 pass=true
Sep 24 15:17:18.164 INF API: test started suite=0 test=41 name="client launch (erigon_development)"
Sep 24 15:17:18.978 INF API: client erigon_development started suite=0 test=41 container=636ba51d
Sep 24 15:17:18.984 INF API: test started suite=0 test=42 name="interop/_control/head (erigon_development)"
Sep 24 15:17:18.987 INF API: test ended suite=0 test=42 pass=false
Sep 24 15:17:18.988 INF API: test started suite=0 test=43 name="interop/_control/latest (erigon_development)"
Sep 24 15:17:18.993 INF API: test ended suite=0 test=43 pass=false
Sep 24 15:17:18.993 INF API: test started suite=0 test=44 name="interop/_control/version (erigon_development)"
Sep 24 15:17:18.995 INF API: test ended suite=0 test=44 pass=false
Sep 24 15:17:18.996 INF API: test started suite=0 test=45 name="interop/nested-call-value0-failed (erigon_development)"
Sep 24 15:17:19.000 INF API: test ended suite=0 test=45 pass=false
Sep 24 15:17:19.000 INF API: test started suite=0 test=46 name="interop/nested-call-value0-success (erigon_development)"
Sep 24 15:17:19.003 INF API: test ended suite=0 test=46 pass=false
Sep 24 15:17:19.004 INF API: test started suite=0 test=47 name="interop/nested-call-value1-failed (erigon_development)"
Sep 24 15:17:19.007 INF API: test ended suite=0 test=47 pass=false
Sep 24 15:17:19.007 INF API: test started suite=0 test=48 name="interop/nested-call-value1-success (erigon_development)"
Sep 24 15:17:19.010 INF API: test ended suite=0 test=48 pass=false
Sep 24 15:17:19.011 INF API: test started suite=0 test=49 name="interop/nested-callcode-value0-failed (erigon_development)"
Sep 24 15:17:19.014 INF API: test ended suite=0 test=49 pass=false
Sep 24 15:17:19.014 INF API: test started suite=0 test=50 name="interop/nested-callcode-value0-success (erigon_development)"
Sep 24 15:17:19.017 INF API: test ended suite=0 test=50 pass=false
Sep 24 15:17:19.018 INF API: test started suite=0 test=51 name="interop/nested-callcode-value1-failed (erigon_development)"
Sep 24 15:17:19.021 INF API: test ended suite=0 test=51 pass=false
Sep 24 15:17:19.022 INF API: test started suite=0 test=52 name="interop/nested-callcode-value1-success (erigon_development)"
Sep 24 15:17:19.025 INF API: test ended suite=0 test=52 pass=false
Sep 24 15:17:19.026 INF API: test started suite=0 test=53 name="interop/nested-delegatecall-value0-failed (erigon_development)"
Sep 24 15:17:19.028 INF API: test ended suite=0 test=53 pass=false
Sep 24 15:17:19.029 INF API: test started suite=0 test=54 name="interop/nested-delegatecall-value0-success (erigon_development)"
Sep 24 15:17:19.032 INF API: test ended suite=0 test=54 pass=false
Sep 24 15:17:19.032 INF API: test started suite=0 test=55 name="interop/nested-delegatecall-value1-failed (erigon_development)"
Sep 24 15:17:19.035 INF API: test ended suite=0 test=55 pass=false
Sep 24 15:17:19.036 INF API: test started suite=0 test=56 name="interop/nested-delegatecall-value1-success (erigon_development)"
Sep 24 15:17:19.038 INF API: test ended suite=0 test=56 pass=false
Sep 24 15:17:19.039 INF API: test started suite=0 test=57 name="interop/nested-staticcall-value0-failed (erigon_development)"
Sep 24 15:17:19.042 INF API: test ended suite=0 test=57 pass=false
Sep 24 15:17:19.043 INF API: test started suite=0 test=58 name="interop/nested-staticcall-value0-success (erigon_development)"
Sep 24 15:17:19.045 INF API: test ended suite=0 test=58 pass=false
Sep 24 15:17:19.046 INF API: test started suite=0 test=59 name="interop/root-failed (erigon_development)"
Sep 24 15:17:19.049 INF API: test ended suite=0 test=59 pass=false
Sep 24 15:17:19.049 INF API: test started suite=0 test=60 name="interop/root-success (erigon_development)"
Sep 24 15:17:19.052 INF API: test ended suite=0 test=60 pass=false
Sep 24 15:17:19.183 INF API: test ended suite=0 test=41 pass=true
Sep 24 15:17:19.184 INF API: test started suite=0 test=61 name="client launch (erigon_release)"
Sep 24 15:17:20.036 INF API: client erigon_release started suite=0 test=61 container=6afe86bb
Sep 24 15:17:20.042 INF API: test started suite=0 test=62 name="interop/_control/head (erigon_release)"
Sep 24 15:17:20.047 INF API: test ended suite=0 test=62 pass=false
Sep 24 15:17:20.048 INF API: test started suite=0 test=63 name="interop/_control/latest (erigon_release)"
Sep 24 15:17:20.051 INF API: test ended suite=0 test=63 pass=false
Sep 24 15:17:20.052 INF API: test started suite=0 test=64 name="interop/_control/version (erigon_release)"
Sep 24 15:17:20.053 INF API: test ended suite=0 test=64 pass=false
Sep 24 15:17:20.054 INF API: test started suite=0 test=65 name="interop/nested-call-value0-failed (erigon_release)"
Sep 24 15:17:20.057 INF API: test ended suite=0 test=65 pass=false
Sep 24 15:17:20.058 INF API: test started suite=0 test=66 name="interop/nested-call-value0-success (erigon_release)"
Sep 24 15:17:20.061 INF API: test ended suite=0 test=66 pass=false
Sep 24 15:17:20.062 INF API: test started suite=0 test=67 name="interop/nested-call-value1-failed (erigon_release)"
Sep 24 15:17:20.064 INF API: test ended suite=0 test=67 pass=false
Sep 24 15:17:20.065 INF API: test started suite=0 test=68 name="interop/nested-call-value1-success (erigon_release)"
Sep 24 15:17:20.068 INF API: test ended suite=0 test=68 pass=false
Sep 24 15:17:20.069 INF API: test started suite=0 test=69 name="interop/nested-callcode-value0-failed (erigon_release)"
Sep 24 15:17:20.072 INF API: test ended suite=0 test=69 pass=false
Sep 24 15:17:20.072 INF API: test started suite=0 test=70 name="interop/nested-callcode-value0-success (erigon_release)"
Sep 24 15:17:20.075 INF API: test ended suite=0 test=70 pass=false
Sep 24 15:17:20.076 INF API: test started suite=0 test=71 name="interop/nested-callcode-value1-failed (erigon_release)"
Sep 24 15:17:20.079 INF API: test ended suite=0 test=71 pass=false
Sep 24 15:17:20.079 INF API: test started suite=0 test=72 name="interop/nested-callcode-value1-success (erigon_release)"
Sep 24 15:17:20.082 INF API: test ended suite=0 test=72 pass=false
Sep 24 15:17:20.083 INF API: test started suite=0 test=73 name="interop/nested-delegatecall-value0-failed (erigon_release)"
Sep 24 15:17:20.086 INF API: test ended suite=0 test=73 pass=false
Sep 24 15:17:20.086 INF API: test started suite=0 test=74 name="interop/nested-delegatecall-value0-success (erigon_release)"
Sep 24 15:17:20.089 INF API: test ended suite=0 test=74 pass=false
Sep 24 15:17:20.090 INF API: test started suite=0 test=75 name="interop/nested-delegatecall-value1-failed (erigon_release)"
Sep 24 15:17:20.093 INF API: test ended suite=0 test=75 pass=false
Sep 24 15:17:20.094 INF API: test started suite=0 test=76 name="interop/nested-delegatecall-value1-success (erigon_release)"
Sep 24 15:17:20.096 INF API: test ended suite=0 test=76 pass=false
Sep 24 15:17:20.097 INF API: test started suite=0 test=77 name="interop/nested-staticcall-value0-failed (erigon_release)"
Sep 24 15:17:20.100 INF API: test ended suite=0 test=77 pass=false
Sep 24 15:17:20.101 INF API: test started suite=0 test=78 name="interop/nested-staticcall-value0-success (erigon_release)"
Sep 24 15:17:20.103 INF API: test ended suite=0 test=78 pass=false
Sep 24 15:17:20.104 INF API: test started suite=0 test=79 name="interop/root-failed (erigon_release)"
Sep 24 15:17:20.106 INF API: test ended suite=0 test=79 pass=false
Sep 24 15:17:20.107 INF API: test started suite=0 test=80 name="interop/root-success (erigon_release)"
Sep 24 15:17:20.109 INF API: test ended suite=0 test=80 pass=false
Sep 24 15:17:20.240 INF API: test ended suite=0 test=61 pass=true
Sep 24 15:17:20.241 INF API: test started suite=0 test=81 name="client launch (go-ethereum_trace)"
Sep 24 15:17:20.891 INF API: client go-ethereum_trace started suite=0 test=81 container=10e5ce98
Sep 24 15:17:20.896 INF API: test started suite=0 test=82 name="interop/_control/head (go-ethereum_trace)"
Sep 24 15:17:20.900 INF API: test ended suite=0 test=82 pass=false
Sep 24 15:17:20.901 INF API: test started suite=0 test=83 name="interop/_control/latest (go-ethereum_trace)"
Sep 24 15:17:20.903 INF API: test ended suite=0 test=83 pass=false
Sep 24 15:17:20.904 INF API: test started suite=0 test=84 name="interop/_control/version (go-ethereum_trace)"
Sep 24 15:17:20.907 INF API: test ended suite=0 test=84 pass=false
Sep 24 15:17:20.907 INF API: test started suite=0 test=85 name="interop/nested-call-value0-failed (go-ethereum_trace)"
Sep 24 15:17:20.911 INF API: test ended suite=0 test=85 pass=false
Sep 24 15:17:20.911 INF API: test started suite=0 test=86 name="interop/nested-call-value0-success (go-ethereum_trace)"
Sep 24 15:17:20.914 INF API: test ended suite=0 test=86 pass=false
Sep 24 15:17:20.915 INF API: test started suite=0 test=87 name="interop/nested-call-value1-failed (go-ethereum_trace)"
Sep 24 15:17:20.918 INF API: test ended suite=0 test=87 pass=false
Sep 24 15:17:20.918 INF API: test started suite=0 test=88 name="interop/nested-call-value1-success (go-ethereum_trace)"
Sep 24 15:17:20.921 INF API: test ended suite=0 test=88 pass=false
Sep 24 15:17:20.922 INF API: test started suite=0 test=89 name="interop/nested-callcode-value0-failed (go-ethereum_trace)"
Sep 24 15:17:20.925 INF API: test ended suite=0 test=89 pass=false
Sep 24 15:17:20.926 INF API: test started suite=0 test=90 name="interop/nested-callcode-value0-success (go-ethereum_trace)"
Sep 24 15:17:20.929 INF API: test ended suite=0 test=90 pass=false
Sep 24 15:17:20.930 INF API: test started suite=0 test=91 name="interop/nested-callcode-value1-failed (go-ethereum_trace)"
Sep 24 15:17:20.934 INF API: test ended suite=0 test=91 pass=false
Sep 24 15:17:20.935 INF API: test started suite=0 test=92 name="interop/nested-callcode-value1-success (go-ethereum_trace)"
Sep 24 15:17:20.938 INF API: test ended suite=0 test=92 pass=false
Sep 24 15:17:20.939 INF API: test started suite=0 test=93 name="interop/nested-delegatecall-value0-failed (go-ethereum_trace)"
Sep 24 15:17:20.942 INF API: test ended suite=0 test=93 pass=false
Sep 24 15:17:20.943 INF API: test started suite=0 test=94 name="interop/nested-delegatecall-value0-success (go-ethereum_trace)"
Sep 24 15:17:20.946 INF API: test ended suite=0 test=94 pass=false
Sep 24 15:17:20.947 INF API: test started suite=0 test=95 name="interop/nested-delegatecall-value1-failed (go-ethereum_trace)"
Sep 24 15:17:20.952 INF API: test ended suite=0 test=95 pass=false
Sep 24 15:17:20.953 INF API: test started suite=0 test=96 name="interop/nested-delegatecall-value1-success (go-ethereum_trace)"
Sep 24 15:17:20.956 INF API: test ended suite=0 test=96 pass=false
Sep 24 15:17:20.957 INF API: test started suite=0 test=97 name="interop/nested-staticcall-value0-failed (go-ethereum_trace)"
Sep 24 15:17:20.960 INF API: test ended suite=0 test=97 pass=false
Sep 24 15:17:20.961 INF API: test started suite=0 test=98 name="interop/nested-staticcall-value0-success (go-ethereum_trace)"
Sep 24 15:17:20.963 INF API: test ended suite=0 test=98 pass=false
Sep 24 15:17:20.964 INF API: test started suite=0 test=99 name="interop/root-failed (go-ethereum_trace)"
Sep 24 15:17:20.967 INF API: test ended suite=0 test=99 pass=false
Sep 24 15:17:20.968 INF API: test started suite=0 test=100 name="interop/root-success (go-ethereum_trace)"
Sep 24 15:17:20.971 INF API: test ended suite=0 test=100 pass=false
Sep 24 15:17:21.092 INF API: test ended suite=0 test=81 pass=true
Sep 24 15:17:21.093 INF API: test started suite=0 test=101 name="client launch (nethermind_development)"
Sep 24 15:17:28.750 INF API: client nethermind_development started suite=0 test=101 container=060ec2cc
Sep 24 15:17:28.897 INF API: test started suite=0 test=102 name="interop/_control/head (nethermind_development)"
Sep 24 15:17:28.902 INF API: test ended suite=0 test=102 pass=false
Sep 24 15:17:28.904 INF API: test started suite=0 test=103 name="interop/_control/latest (nethermind_development)"
Sep 24 15:17:28.907 INF API: test ended suite=0 test=103 pass=false
Sep 24 15:17:28.908 INF API: test started suite=0 test=104 name="interop/_control/version (nethermind_development)"
Sep 24 15:17:28.911 INF API: test ended suite=0 test=104 pass=false
Sep 24 15:17:28.911 INF API: test started suite=0 test=105 name="interop/nested-call-value0-failed (nethermind_development)"
Sep 24 15:17:29.096 INF API: test ended suite=0 test=105 pass=false
Sep 24 15:17:29.097 INF API: test started suite=0 test=106 name="interop/nested-call-value0-success (nethermind_development)"
Sep 24 15:17:29.106 INF API: test ended suite=0 test=106 pass=false
Sep 24 15:17:29.107 INF API: test started suite=0 test=107 name="interop/nested-call-value1-failed (nethermind_development)"
Sep 24 15:17:29.112 INF API: test ended suite=0 test=107 pass=false
Sep 24 15:17:29.112 INF API: test started suite=0 test=108 name="interop/nested-call-value1-success (nethermind_development)"
Sep 24 15:17:29.117 INF API: test ended suite=0 test=108 pass=false
Sep 24 15:17:29.118 INF API: test started suite=0 test=109 name="interop/nested-callcode-value0-failed (nethermind_development)"
Sep 24 15:17:29.135 INF API: test ended suite=0 test=109 pass=false
Sep 24 15:17:29.136 INF API: test started suite=0 test=110 name="interop/nested-callcode-value0-success (nethermind_development)"
Sep 24 15:17:29.140 INF API: test ended suite=0 test=110 pass=false
Sep 24 15:17:29.141 INF API: test started suite=0 test=111 name="interop/nested-callcode-value1-failed (nethermind_development)"
Sep 24 15:17:29.145 INF API: test ended suite=0 test=111 pass=false
Sep 24 15:17:29.146 INF API: test started suite=0 test=112 name="interop/nested-callcode-value1-success (nethermind_development)"
Sep 24 15:17:29.150 INF API: test ended suite=0 test=112 pass=false
Sep 24 15:17:29.151 INF API: test started suite=0 test=113 name="interop/nested-delegatecall-value0-failed (nethermind_development)"
Sep 24 15:17:29.168 INF API: test ended suite=0 test=113 pass=false
Sep 24 15:17:29.169 INF API: test started suite=0 test=114 name="interop/nested-delegatecall-value0-success (nethermind_development)"
Sep 24 15:17:29.173 INF API: test ended suite=0 test=114 pass=false
Sep 24 15:17:29.174 INF API: test started suite=0 test=115 name="interop/nested-delegatecall-value1-failed (nethermind_development)"
Sep 24 15:17:29.178 INF API: test ended suite=0 test=115 pass=false
Sep 24 15:17:29.178 INF API: test started suite=0 test=116 name="interop/nested-delegatecall-value1-success (nethermind_development)"
Sep 24 15:17:29.183 INF API: test ended suite=0 test=116 pass=false
Sep 24 15:17:29.183 INF API: test started suite=0 test=117 name="interop/nested-staticcall-value0-failed (nethermind_development)"
Sep 24 15:17:29.201 INF API: test ended suite=0 test=117 pass=false
Sep 24 15:17:29.202 INF API: test started suite=0 test=118 name="interop/nested-staticcall-value0-success (nethermind_development)"
Sep 24 15:17:29.206 INF API: test ended suite=0 test=118 pass=false
Sep 24 15:17:29.207 INF API: test started suite=0 test=119 name="interop/root-failed (nethermind_development)"
Sep 24 15:17:29.211 INF API: test ended suite=0 test=119 pass=false
Sep 24 15:17:29.212 INF API: test started suite=0 test=120 name="interop/root-success (nethermind_development)"
Sep 24 15:17:29.215 INF API: test ended suite=0 test=120 pass=false
Sep 24 15:17:29.420 INF API: test ended suite=0 test=101 pass=true
Sep 24 15:17:29.421 INF API: test started suite=0 test=121 name="client launch (nethermind_release)"
Sep 24 15:17:37.097 INF API: client nethermind_release started suite=0 test=121 container=48c99df6
Sep 24 15:17:37.220 INF API: test started suite=0 test=122 name="interop/_control/head (nethermind_release)"
Sep 24 15:17:37.224 INF API: test ended suite=0 test=122 pass=false
Sep 24 15:17:37.225 INF API: test started suite=0 test=123 name="interop/_control/latest (nethermind_release)"
Sep 24 15:17:37.227 INF API: test ended suite=0 test=123 pass=false
Sep 24 15:17:37.228 INF API: test started suite=0 test=124 name="interop/_control/version (nethermind_release)"
Sep 24 15:17:37.230 INF API: test ended suite=0 test=124 pass=false
Sep 24 15:17:37.231 INF API: test started suite=0 test=125 name="interop/nested-call-value0-failed (nethermind_release)"
Sep 24 15:17:37.341 INF API: test ended suite=0 test=125 pass=false
Sep 24 15:17:37.342 INF API: test started suite=0 test=126 name="interop/nested-call-value0-success (nethermind_release)"
Sep 24 15:17:37.347 INF API: test ended suite=0 test=126 pass=false
Sep 24 15:17:37.348 INF API: test started suite=0 test=127 name="interop/nested-call-value1-failed (nethermind_release)"
Sep 24 15:17:37.352 INF API: test ended suite=0 test=127 pass=false
Sep 24 15:17:37.353 INF API: test started suite=0 test=128 name="interop/nested-call-value1-success (nethermind_release)"
Sep 24 15:17:37.357 INF API: test ended suite=0 test=128 pass=false
Sep 24 15:17:37.358 INF API: test started suite=0 test=129 name="interop/nested-callcode-value0-failed (nethermind_release)"
Sep 24 15:17:37.361 INF API: test ended suite=0 test=129 pass=false
Sep 24 15:17:37.362 INF API: test started suite=0 test=130 name="interop/nested-callcode-value0-success (nethermind_release)"
Sep 24 15:17:37.364 INF API: test ended suite=0 test=130 pass=false
Sep 24 15:17:37.365 INF API: test started suite=0 test=131 name="interop/nested-callcode-value1-failed (nethermind_release)"
Sep 24 15:17:37.367 INF API: test ended suite=0 test=131 pass=false
Sep 24 15:17:37.368 INF API: test started suite=0 test=132 name="interop/nested-callcode-value1-success (nethermind_release)"
Sep 24 15:17:37.371 INF API: test ended suite=0 test=132 pass=false
Sep 24 15:17:37.372 INF API: test started suite=0 test=133 name="interop/nested-delegatecall-value0-failed (nethermind_release)"
Sep 24 15:17:37.374 INF API: test ended suite=0 test=133 pass=false
Sep 24 15:17:37.375 INF API: test started suite=0 test=134 name="interop/nested-delegatecall-value0-success (nethermind_release)"
Sep 24 15:17:37.377 INF API: test ended suite=0 test=134 pass=false
Sep 24 15:17:37.378 INF API: test started suite=0 test=135 name="interop/nested-delegatecall-value1-failed (nethermind_release)"
Sep 24 15:17:37.381 INF API: test ended suite=0 test=135 pass=false
Sep 24 15:17:37.382 INF API: test started suite=0 test=136 name="interop/nested-delegatecall-value1-success (nethermind_release)"
Sep 24 15:17:37.385 INF API: test ended suite=0 test=136 pass=false
Sep 24 15:17:37.386 INF API: test started suite=0 test=137 name="interop/nested-staticcall-value0-failed (nethermind_release)"
Sep 24 15:17:37.388 INF API: test ended suite=0 test=137 pass=false
Sep 24 15:17:37.389 INF API: test started suite=0 test=138 name="interop/nested-staticcall-value0-success (nethermind_release)"
Sep 24 15:17:37.392 INF API: test ended suite=0 test=138 pass=false
Sep 24 15:17:37.393 INF API: test started suite=0 test=139 name="interop/root-failed (nethermind_release)"
Sep 24 15:17:37.397 INF API: test ended suite=0 test=139 pass=false
Sep 24 15:17:37.398 INF API: test started suite=0 test=140 name="interop/root-success (nethermind_release)"
Sep 24 15:17:37.400 INF API: test ended suite=0 test=140 pass=false
Sep 24 15:17:37.636 INF API: test ended suite=0 test=121 pass=true
Sep 24 15:17:37.637 INF API: test started suite=0 test=141 name="client launch (reth_development)"
Sep 24 15:17:38.304 INF API: client reth_development started suite=0 test=141 container=b6b53fa0
Sep 24 15:17:38.308 INF API: test started suite=0 test=142 name="interop/_control/head (reth_development)"
Sep 24 15:17:38.311 INF API: test ended suite=0 test=142 pass=false
Sep 24 15:17:38.312 INF API: test started suite=0 test=143 name="interop/_control/latest (reth_development)"
Sep 24 15:17:38.314 INF API: test ended suite=0 test=143 pass=false
Sep 24 15:17:38.315 INF API: test started suite=0 test=144 name="interop/_control/version (reth_development)"
Sep 24 15:17:38.318 INF API: test ended suite=0 test=144 pass=false
Sep 24 15:17:38.319 INF API: test started suite=0 test=145 name="interop/nested-call-value0-failed (reth_development)"
Sep 24 15:17:38.322 INF API: test ended suite=0 test=145 pass=false
Sep 24 15:17:38.323 INF API: test started suite=0 test=146 name="interop/nested-call-value0-success (reth_development)"
Sep 24 15:17:38.326 INF API: test ended suite=0 test=146 pass=false
Sep 24 15:17:38.326 INF API: test started suite=0 test=147 name="interop/nested-call-value1-failed (reth_development)"
Sep 24 15:17:38.329 INF API: test ended suite=0 test=147 pass=false
Sep 24 15:17:38.330 INF API: test started suite=0 test=148 name="interop/nested-call-value1-success (reth_development)"
Sep 24 15:17:38.333 INF API: test ended suite=0 test=148 pass=false
Sep 24 15:17:38.334 INF API: test started suite=0 test=149 name="interop/nested-callcode-value0-failed (reth_development)"
Sep 24 15:17:38.336 INF API: test ended suite=0 test=149 pass=false
Sep 24 15:17:38.337 INF API: test started suite=0 test=150 name="interop/nested-callcode-value0-success (reth_development)"
Sep 24 15:17:38.340 INF API: test ended suite=0 test=150 pass=false
Sep 24 15:17:38.341 INF API: test started suite=0 test=151 name="interop/nested-callcode-value1-failed (reth_development)"
Sep 24 15:17:38.344 INF API: test ended suite=0 test=151 pass=false
Sep 24 15:17:38.345 INF API: test started suite=0 test=152 name="interop/nested-callcode-value1-success (reth_development)"
Sep 24 15:17:38.348 INF API: test ended suite=0 test=152 pass=false
Sep 24 15:17:38.349 INF API: test started suite=0 test=153 name="interop/nested-delegatecall-value0-failed (reth_development)"
Sep 24 15:17:38.352 INF API: test ended suite=0 test=153 pass=false
Sep 24 15:17:38.352 INF API: test started suite=0 test=154 name="interop/nested-delegatecall-value0-success (reth_development)"
Sep 24 15:17:38.355 INF API: test ended suite=0 test=154 pass=false
Sep 24 15:17:38.356 INF API: test started suite=0 test=155 name="interop/nested-delegatecall-value1-failed (reth_development)"
Sep 24 15:17:38.359 INF API: test ended suite=0 test=155 pass=false
Sep 24 15:17:38.360 INF API: test started suite=0 test=156 name="interop/nested-delegatecall-value1-success (reth_development)"
Sep 24 15:17:38.363 INF API: test ended suite=0 test=156 pass=false
Sep 24 15:17:38.363 INF API: test started suite=0 test=157 name="interop/nested-staticcall-value0-failed (reth_development)"
Sep 24 15:17:38.366 INF API: test ended suite=0 test=157 pass=false
Sep 24 15:17:38.367 INF API: test started suite=0 test=158 name="interop/nested-staticcall-value0-success (reth_development)"
Sep 24 15:17:38.370 INF API: test ended suite=0 test=158 pass=false
Sep 24 15:17:38.371 INF API: test started suite=0 test=159 name="interop/root-failed (reth_development)"
Sep 24 15:17:38.373 INF API: test ended suite=0 test=159 pass=false
Sep 24 15:17:38.374 INF API: test started suite=0 test=160 name="interop/root-success (reth_development)"
Sep 24 15:17:38.376 INF API: test ended suite=0 test=160 pass=false
Sep 24 15:17:38.553 INF API: test ended suite=0 test=141 pass=true
Sep 24 15:17:38.554 INF API: test started suite=0 test=161 name="client launch (reth_release)"
Sep 24 15:17:39.222 INF API: client reth_release started suite=0 test=161 container=f1cd00a6
Sep 24 15:17:39.227 INF API: test started suite=0 test=162 name="interop/_control/head (reth_release)"
Sep 24 15:17:39.231 INF API: test ended suite=0 test=162 pass=false
Sep 24 15:17:39.233 INF API: test started suite=0 test=163 name="interop/_control/latest (reth_release)"
Sep 24 15:17:39.236 INF API: test ended suite=0 test=163 pass=false
Sep 24 15:17:39.236 INF API: test started suite=0 test=164 name="interop/_control/version (reth_release)"
Sep 24 15:17:39.239 INF API: test ended suite=0 test=164 pass=false
Sep 24 15:17:39.240 INF API: test started suite=0 test=165 name="interop/nested-call-value0-failed (reth_release)"
Sep 24 15:17:39.243 INF API: test ended suite=0 test=165 pass=false
Sep 24 15:17:39.244 INF API: test started suite=0 test=166 name="interop/nested-call-value0-success (reth_release)"
Sep 24 15:17:39.247 INF API: test ended suite=0 test=166 pass=false
Sep 24 15:17:39.249 INF API: test started suite=0 test=167 name="interop/nested-call-value1-failed (reth_release)"
Sep 24 15:17:39.252 INF API: test ended suite=0 test=167 pass=false
Sep 24 15:17:39.253 INF API: test started suite=0 test=168 name="interop/nested-call-value1-success (reth_release)"
Sep 24 15:17:39.256 INF API: test ended suite=0 test=168 pass=false
Sep 24 15:17:39.257 INF API: test started suite=0 test=169 name="interop/nested-callcode-value0-failed (reth_release)"
Sep 24 15:17:39.260 INF API: test ended suite=0 test=169 pass=false
Sep 24 15:17:39.261 INF API: test started suite=0 test=170 name="interop/nested-callcode-value0-success (reth_release)"
Sep 24 15:17:39.264 INF API: test ended suite=0 test=170 pass=false
Sep 24 15:17:39.265 INF API: test started suite=0 test=171 name="interop/nested-callcode-value1-failed (reth_release)"
Sep 24 15:17:39.268 INF API: test ended suite=0 test=171 pass=false
Sep 24 15:17:39.269 INF API: test started suite=0 test=172 name="interop/nested-callcode-value1-success (reth_release)"
Sep 24 15:17:39.272 INF API: test ended suite=0 test=172 pass=false
Sep 24 15:17:39.273 INF API: test started suite=0 test=173 name="interop/nested-delegatecall-value0-failed (reth_release)"
Sep 24 15:17:39.276 INF API: test ended suite=0 test=173 pass=false
Sep 24 15:17:39.277 INF API: test started suite=0 test=174 name="interop/nested-delegatecall-value0-success (reth_release)"
Sep 24 15:17:39.282 INF API: test ended suite=0 test=174 pass=false
Sep 24 15:17:39.284 INF API: test started suite=0 test=175 name="interop/nested-delegatecall-value1-failed (reth_release)"
Sep 24 15:17:39.286 INF API: test ended suite=0 test=175 pass=false
Sep 24 15:17:39.287 INF API: test started suite=0 test=176 name="interop/nested-delegatecall-value1-success (reth_release)"
Sep 24 15:17:39.291 INF API: test ended suite=0 test=176 pass=false
Sep 24 15:17:39.291 INF API: test started suite=0 test=177 name="interop/nested-staticcall-value0-failed (reth_release)"
Sep 24 15:17:39.295 INF API: test ended suite=0 test=177 pass=false
Sep 24 15:17:39.295 INF API: test started suite=0 test=178 name="interop/nested-staticcall-value0-success (reth_release)"
Sep 24 15:17:39.298 INF API: test ended suite=0 test=178 pass=false
Sep 24 15:17:39.299 INF API: test started suite=0 test=179 name="interop/root-failed (reth_release)"
Sep 24 15:17:39.302 INF API: test ended suite=0 test=179 pass=false
Sep 24 15:17:39.302 INF API: test started suite=0 test=180 name="interop/root-success (reth_release)"
Sep 24 15:17:39.305 INF API: test ended suite=0 test=180 pass=false
Sep 24 15:17:39.442 INF API: test ended suite=0 test=161 pass=true
Sep 24 15:17:39.450 INF API: suite ended suite=0
Sep 24 15:17:39.685 INF simulation ethereum/rpc-compat finished suites=1 tests=180 failed=171
171 tests failed
