Sep 23 03:15:30.953 INF building image image=hive/hiveproxy nocache=false pull=false
Sep 23 03:15:31.031 INF building 1 clients...
Sep 23 03:15:31.031 INF building image image=hive/clients/go-ethereum_trace:latest dir=clients/go-ethereum nocache=false pull=false baseimage=trace-interop/go-ethereum tag=da6869fd3865980fef80bfa418746c825c6854d3dca32b9fa2ec92738be4e849
Sep 23 03:15:31.202 INF building 1 simulators...
Sep 23 03:15:31.203 INF building image image=hive/simulators/ethereum/rpc-compat:latest dir=simulators/ethereum/rpc-compat nocache=false pull=false
Sep 23 03:15:31.277 INF creating output directory folder=/home/banteg/dev/trace-harness-audit/evidence/2026-09-23/harness-audit-geth-initial/hive
Sep 23 03:15:31.285 INF running simulation: ethereum/rpc-compat
Sep 23 03:15:31.619 INF hiveproxy started container=1d2fef123a25 addr=172.17.0.2:8081
Sep 23 03:15:31.928 INF API: suite started suite=0 name=rpc-compat
Sep 23 03:15:31.930 INF API: test started suite=0 test=1 name="client launch (go-ethereum_trace)"
Sep 23 03:15:33.772 INF API: client go-ethereum_trace started suite=0 test=1 container=d7fe2a7d
Sep 23 03:15:33.799 INF API: test started suite=0 test=2 name="interop/_control/head (go-ethereum_trace)"
Sep 23 03:15:33.815 INF API: test ended suite=0 test=2 pass=false
Sep 23 03:15:33.816 INF API: test started suite=0 test=3 name="interop/_control/latest (go-ethereum_trace)"
Sep 23 03:15:33.835 INF API: test ended suite=0 test=3 pass=false
Sep 23 03:15:33.836 INF API: test started suite=0 test=4 name="interop/_control/version (go-ethereum_trace)"
Sep 23 03:15:33.837 INF API: test ended suite=0 test=4 pass=false
Sep 23 03:15:33.838 INF API: test started suite=0 test=5 name="interop/block-transfer (go-ethereum_trace)"
Sep 23 03:15:33.841 INF API: test ended suite=0 test=5 pass=false
Sep 23 03:15:33.842 INF API: test started suite=0 test=6 name="interop/block-tree (go-ethereum_trace)"
Sep 23 03:15:33.847 INF API: test ended suite=0 test=6 pass=false
Sep 23 03:15:33.848 INF API: test started suite=0 test=7 name="interop/call-constructor-priced (go-ethereum_trace)"
Sep 23 03:15:33.854 INF API: test ended suite=0 test=7 pass=false
Sep 23 03:15:33.855 INF API: test started suite=0 test=8 name="interop/call-constructor (go-ethereum_trace)"
Sep 23 03:15:33.857 INF API: test ended suite=0 test=8 pass=false
Sep 23 03:15:33.857 INF API: test started suite=0 test=9 name="interop/call-empty-types-priced (go-ethereum_trace)"
Sep 23 03:15:33.859 INF API: test ended suite=0 test=9 pass=false
Sep 23 03:15:33.860 INF API: test started suite=0 test=10 name="interop/call-empty-types (go-ethereum_trace)"
Sep 23 03:15:33.861 INF API: test ended suite=0 test=10 pass=false
Sep 23 03:15:33.862 INF API: test started suite=0 test=11 name="interop/call-identity (go-ethereum_trace)"
Sep 23 03:15:33.863 INF API: test ended suite=0 test=11 pass=false
Sep 23 03:15:33.864 INF API: test started suite=0 test=12 name="interop/call-many-priced (go-ethereum_trace)"
Sep 23 03:15:33.866 INF API: test ended suite=0 test=12 pass=false
Sep 23 03:15:33.867 INF API: test started suite=0 test=13 name="interop/call-many-transfers (go-ethereum_trace)"
Sep 23 03:15:33.868 INF API: test ended suite=0 test=13 pass=false
Sep 23 03:15:33.869 INF API: test started suite=0 test=14 name="interop/call-many (go-ethereum_trace)"
Sep 23 03:15:33.871 INF API: test ended suite=0 test=14 pass=false
Sep 23 03:15:33.872 INF API: test started suite=0 test=15 name="interop/call-transfer-stateDiff (go-ethereum_trace)"
Sep 23 03:15:33.873 INF API: test ended suite=0 test=15 pass=false
Sep 23 03:15:33.874 INF API: test started suite=0 test=16 name="interop/call-transfer-trace (go-ethereum_trace)"
Sep 23 03:15:33.875 INF API: test ended suite=0 test=16 pass=false
Sep 23 03:15:33.876 INF API: test started suite=0 test=17 name="interop/call-transfer-vmTrace (go-ethereum_trace)"
Sep 23 03:15:33.878 INF API: test ended suite=0 test=17 pass=false
Sep 23 03:15:33.880 INF API: test started suite=0 test=18 name="interop/call-tree-stateDiff-priced (go-ethereum_trace)"
Sep 23 03:15:33.882 INF API: test ended suite=0 test=18 pass=false
Sep 23 03:15:33.883 INF API: test started suite=0 test=19 name="interop/call-tree-stateDiff (go-ethereum_trace)"
Sep 23 03:15:33.887 INF API: test ended suite=0 test=19 pass=false
Sep 23 03:15:33.888 INF API: test started suite=0 test=20 name="interop/call-tree-trace-priced (go-ethereum_trace)"
Sep 23 03:15:33.890 INF API: test ended suite=0 test=20 pass=false
Sep 23 03:15:33.891 INF API: test started suite=0 test=21 name="interop/call-tree-trace (go-ethereum_trace)"
Sep 23 03:15:33.893 INF API: test ended suite=0 test=21 pass=false
Sep 23 03:15:33.893 INF API: test started suite=0 test=22 name="interop/call-tree-vmTrace-priced (go-ethereum_trace)"
Sep 23 03:15:33.902 INF API: test ended suite=0 test=22 pass=false
Sep 23 03:15:33.903 INF API: test started suite=0 test=23 name="interop/call-tree-vmTrace (go-ethereum_trace)"
Sep 23 03:15:33.912 INF API: test ended suite=0 test=23 pass=false
Sep 23 03:15:33.913 INF API: test started suite=0 test=24 name="interop/control-chain-id (go-ethereum_trace)"
Sep 23 03:15:33.914 INF API: test ended suite=0 test=24 pass=false
Sep 23 03:15:33.915 INF API: test started suite=0 test=25 name="interop/control-head (go-ethereum_trace)"
Sep 23 03:15:33.916 INF API: test ended suite=0 test=25 pass=false
Sep 23 03:15:33.917 INF API: test started suite=0 test=26 name="interop/control-height (go-ethereum_trace)"
Sep 23 03:15:33.918 INF API: test ended suite=0 test=26 pass=false
Sep 23 03:15:33.919 INF API: test started suite=0 test=27 name="interop/control-sender-nonce (go-ethereum_trace)"
Sep 23 03:15:33.921 INF API: test ended suite=0 test=27 pass=false
Sep 23 03:15:33.922 INF API: test started suite=0 test=28 name="interop/control-tree-receipt (go-ethereum_trace)"
Sep 23 03:15:33.925 INF API: test ended suite=0 test=28 pass=false
Sep 23 03:15:33.925 INF API: test started suite=0 test=29 name="interop/control-version (go-ethereum_trace)"
Sep 23 03:15:33.926 INF API: test ended suite=0 test=29 pass=false
Sep 23 03:15:33.927 INF API: test started suite=0 test=30 name="interop/filter-all (go-ethereum_trace)"
Sep 23 03:15:33.931 INF API: test ended suite=0 test=30 pass=false
Sep 23 03:15:33.931 INF API: test started suite=0 test=31 name="interop/filter-both (go-ethereum_trace)"
Sep 23 03:15:33.933 INF API: test ended suite=0 test=31 pass=false
Sep 23 03:15:33.934 INF API: test started suite=0 test=32 name="interop/filter-empty (go-ethereum_trace)"
Sep 23 03:15:33.937 INF API: test ended suite=0 test=32 pass=false
Sep 23 03:15:33.938 INF API: test started suite=0 test=33 name="interop/filter-from (go-ethereum_trace)"
Sep 23 03:15:33.941 INF API: test ended suite=0 test=33 pass=false
Sep 23 03:15:33.942 INF API: test started suite=0 test=34 name="interop/filter-intersection (go-ethereum_trace)"
Sep 23 03:15:33.944 INF API: test ended suite=0 test=34 pass=false
Sep 23 03:15:33.945 INF API: test started suite=0 test=35 name="interop/filter-page (go-ethereum_trace)"
Sep 23 03:15:33.947 INF API: test ended suite=0 test=35 pass=false
Sep 23 03:15:33.948 INF API: test started suite=0 test=36 name="interop/filter-to (go-ethereum_trace)"
Sep 23 03:15:33.950 INF API: test ended suite=0 test=36 pass=false
Sep 23 03:15:33.950 INF API: test started suite=0 test=37 name="interop/filter-transfer (go-ethereum_trace)"
Sep 23 03:15:33.952 INF API: test ended suite=0 test=37 pass=false
Sep 23 03:15:33.952 INF API: test started suite=0 test=38 name="interop/filter-union (go-ethereum_trace)"
Sep 23 03:15:33.954 INF API: test ended suite=0 test=38 pass=false
Sep 23 03:15:33.955 INF API: test started suite=0 test=39 name="interop/filter-zero (go-ethereum_trace)"
Sep 23 03:15:33.956 INF API: test ended suite=0 test=39 pass=false
Sep 23 03:15:33.957 INF API: test started suite=0 test=40 name="interop/get-missing-tx (go-ethereum_trace)"
Sep 23 03:15:33.958 INF API: test ended suite=0 test=40 pass=false
Sep 23 03:15:33.959 INF API: test started suite=0 test=41 name="interop/get-missing (go-ethereum_trace)"
Sep 23 03:15:33.961 INF API: test ended suite=0 test=41 pass=false
Sep 23 03:15:33.962 INF API: test started suite=0 test=42 name="interop/get-nested (go-ethereum_trace)"
Sep 23 03:15:33.964 INF API: test ended suite=0 test=42 pass=false
Sep 23 03:15:33.964 INF API: test started suite=0 test=43 name="interop/get-one (go-ethereum_trace)"
Sep 23 03:15:33.966 INF API: test ended suite=0 test=43 pass=false
Sep 23 03:15:33.967 INF API: test started suite=0 test=44 name="interop/get-root (go-ethereum_trace)"
Sep 23 03:15:33.969 INF API: test ended suite=0 test=44 pass=false
Sep 23 03:15:33.970 INF API: test started suite=0 test=45 name="interop/get-transfer-root (go-ethereum_trace)"
Sep 23 03:15:33.971 INF API: test ended suite=0 test=45 pass=false
Sep 23 03:15:33.972 INF API: test started suite=0 test=46 name="interop/get-zero (go-ethereum_trace)"
Sep 23 03:15:33.974 INF API: test ended suite=0 test=46 pass=false
Sep 23 03:15:33.975 INF API: test started suite=0 test=47 name="interop/raw-invalid (go-ethereum_trace)"
Sep 23 03:15:33.983 INF API: test ended suite=0 test=47 pass=false
Sep 23 03:15:33.985 INF API: test started suite=0 test=48 name="interop/raw-valid-current-nonce (go-ethereum_trace)"
Sep 23 03:15:33.988 INF API: test ended suite=0 test=48 pass=false
Sep 23 03:15:33.989 INF API: test started suite=0 test=49 name="interop/raw-valid-default-block (go-ethereum_trace)"
Sep 23 03:15:34.000 INF API: test ended suite=0 test=49 pass=false
Sep 23 03:15:34.001 INF API: test started suite=0 test=50 name="interop/raw-valid (go-ethereum_trace)"
Sep 23 03:15:34.010 INF API: test ended suite=0 test=50 pass=false
Sep 23 03:15:34.011 INF API: test started suite=0 test=51 name="interop/replay-7702-stateDiff (go-ethereum_trace)"
Sep 23 03:15:34.014 INF API: test ended suite=0 test=51 pass=false
Sep 23 03:15:34.015 INF API: test started suite=0 test=52 name="interop/replay-7702-trace (go-ethereum_trace)"
Sep 23 03:15:34.018 INF API: test ended suite=0 test=52 pass=false
Sep 23 03:15:34.019 INF API: test started suite=0 test=53 name="interop/replay-7702-vmTrace (go-ethereum_trace)"
Sep 23 03:15:34.022 INF API: test ended suite=0 test=53 pass=false
Sep 23 03:15:34.022 INF API: test started suite=0 test=54 name="interop/replay-block-transfer (go-ethereum_trace)"
Sep 23 03:15:34.024 INF API: test ended suite=0 test=54 pass=false
Sep 23 03:15:34.025 INF API: test started suite=0 test=55 name="interop/replay-block-tree (go-ethereum_trace)"
Sep 23 03:15:34.032 INF API: test ended suite=0 test=55 pass=false
Sep 23 03:15:34.033 INF API: test started suite=0 test=56 name="interop/replay-missing (go-ethereum_trace)"
Sep 23 03:15:34.034 INF API: test ended suite=0 test=56 pass=false
Sep 23 03:15:34.034 INF API: test started suite=0 test=57 name="interop/replay-revert-stateDiff (go-ethereum_trace)"
Sep 23 03:15:34.036 INF API: test ended suite=0 test=57 pass=false
Sep 23 03:15:34.037 INF API: test started suite=0 test=58 name="interop/replay-revert-trace (go-ethereum_trace)"
Sep 23 03:15:34.039 INF API: test ended suite=0 test=58 pass=false
Sep 23 03:15:34.039 INF API: test started suite=0 test=59 name="interop/replay-revert-vmTrace (go-ethereum_trace)"
Sep 23 03:15:34.041 INF API: test ended suite=0 test=59 pass=false
Sep 23 03:15:34.042 INF API: test started suite=0 test=60 name="interop/replay-transfer-stateDiff (go-ethereum_trace)"
Sep 23 03:15:34.044 INF API: test ended suite=0 test=60 pass=false
Sep 23 03:15:34.045 INF API: test started suite=0 test=61 name="interop/replay-transfer-trace (go-ethereum_trace)"
Sep 23 03:15:34.047 INF API: test ended suite=0 test=61 pass=false
Sep 23 03:15:34.048 INF API: test started suite=0 test=62 name="interop/replay-transfer-vmTrace (go-ethereum_trace)"
Sep 23 03:15:34.049 INF API: test ended suite=0 test=62 pass=false
Sep 23 03:15:34.050 INF API: test started suite=0 test=63 name="interop/replay-tree-stateDiff (go-ethereum_trace)"
Sep 23 03:15:34.053 INF API: test ended suite=0 test=63 pass=false
Sep 23 03:15:34.054 INF API: test started suite=0 test=64 name="interop/replay-tree-trace (go-ethereum_trace)"
Sep 23 03:15:34.056 INF API: test ended suite=0 test=64 pass=false
Sep 23 03:15:34.057 INF API: test started suite=0 test=65 name="interop/replay-tree-vmTrace (go-ethereum_trace)"
Sep 23 03:15:34.065 INF API: test ended suite=0 test=65 pass=false
Sep 23 03:15:34.067 INF API: test started suite=0 test=66 name="interop/transaction-7702 (go-ethereum_trace)"
Sep 23 03:15:34.069 INF API: test ended suite=0 test=66 pass=false
Sep 23 03:15:34.069 INF API: test started suite=0 test=67 name="interop/transaction-missing (go-ethereum_trace)"
Sep 23 03:15:34.070 INF API: test ended suite=0 test=67 pass=false
Sep 23 03:15:34.071 INF API: test started suite=0 test=68 name="interop/transaction-revert (go-ethereum_trace)"
Sep 23 03:15:34.072 INF API: test ended suite=0 test=68 pass=false
Sep 23 03:15:34.073 INF API: test started suite=0 test=69 name="interop/transaction-transfer (go-ethereum_trace)"
Sep 23 03:15:34.074 INF API: test ended suite=0 test=69 pass=false
Sep 23 03:15:34.075 INF API: test started suite=0 test=70 name="interop/transaction-tree (go-ethereum_trace)"
Sep 23 03:15:34.077 INF API: test ended suite=0 test=70 pass=false
Sep 23 03:15:34.394 INF API: test ended suite=0 test=1 pass=true
Sep 23 03:15:34.402 INF API: suite ended suite=0
Sep 23 03:15:34.789 INF simulation ethereum/rpc-compat finished suites=1 tests=70 failed=69
69 tests failed
