Sep 23 03:15:45.168 INF building image image=hive/hiveproxy nocache=false pull=false
Sep 23 03:15:45.230 INF building 1 clients...
Sep 23 03:15:45.230 INF building image image=hive/clients/go-ethereum_trace:latest dir=clients/go-ethereum nocache=false pull=false baseimage=trace-interop/go-ethereum tag=da6869fd3865980fef80bfa418746c825c6854d3dca32b9fa2ec92738be4e849
Sep 23 03:15:45.402 INF building 1 simulators...
Sep 23 03:15:45.402 INF building image image=hive/simulators/ethereum/rpc-compat:latest dir=simulators/ethereum/rpc-compat nocache=false pull=false
Sep 23 03:15:45.476 INF creating output directory folder=/home/banteg/dev/trace-harness-audit/evidence/2026-09-23/harness-audit-geth-forks/hive
Sep 23 03:15:45.482 INF running simulation: ethereum/rpc-compat
Sep 23 03:15:45.788 INF hiveproxy started container=7db5d187bfa3 addr=172.17.0.2:8081
Sep 23 03:15:46.210 INF API: suite started suite=0 name=rpc-compat
Sep 23 03:15:46.212 INF API: test started suite=0 test=1 name="client launch (go-ethereum_trace)"
Sep 23 03:15:48.199 INF API: client go-ethereum_trace started suite=0 test=1 container=6ab11027
Sep 23 03:15:48.212 INF API: test started suite=0 test=2 name="interop/_control/head (go-ethereum_trace)"
Sep 23 03:15:48.225 INF API: test ended suite=0 test=2 pass=false
Sep 23 03:15:48.227 INF API: test started suite=0 test=3 name="interop/_control/latest (go-ethereum_trace)"
Sep 23 03:15:48.230 INF API: test ended suite=0 test=3 pass=false
Sep 23 03:15:48.231 INF API: test started suite=0 test=4 name="interop/_control/version (go-ethereum_trace)"
Sep 23 03:15:48.232 INF API: test ended suite=0 test=4 pass=false
Sep 23 03:15:48.233 INF API: test started suite=0 test=5 name="interop/block-35 (go-ethereum_trace)"
Sep 23 03:15:48.235 INF API: test ended suite=0 test=5 pass=false
Sep 23 03:15:48.236 INF API: test started suite=0 test=6 name="interop/block-36 (go-ethereum_trace)"
Sep 23 03:15:48.240 INF API: test ended suite=0 test=6 pass=false
Sep 23 03:15:48.241 INF API: test started suite=0 test=7 name="interop/block-47 (go-ethereum_trace)"
Sep 23 03:15:48.244 INF API: test ended suite=0 test=7 pass=false
Sep 23 03:15:48.245 INF API: test started suite=0 test=8 name="interop/block-48 (go-ethereum_trace)"
Sep 23 03:15:48.249 INF API: test ended suite=0 test=8 pass=false
Sep 23 03:15:48.250 INF API: test started suite=0 test=9 name="interop/block-51 (go-ethereum_trace)"
Sep 23 03:15:48.254 INF API: test ended suite=0 test=9 pass=false
Sep 23 03:15:48.254 INF API: test started suite=0 test=10 name="interop/block-52 (go-ethereum_trace)"
Sep 23 03:15:48.257 INF API: test ended suite=0 test=10 pass=false
Sep 23 03:15:48.259 INF API: test started suite=0 test=11 name="interop/block-55 (go-ethereum_trace)"
Sep 23 03:15:48.262 INF API: test ended suite=0 test=11 pass=false
Sep 23 03:15:48.263 INF API: test started suite=0 test=12 name="interop/block-56 (go-ethereum_trace)"
Sep 23 03:15:48.267 INF API: test ended suite=0 test=12 pass=false
Sep 23 03:15:48.268 INF API: test started suite=0 test=13 name="interop/block-59 (go-ethereum_trace)"
Sep 23 03:15:48.271 INF API: test ended suite=0 test=13 pass=false
Sep 23 03:15:48.272 INF API: test started suite=0 test=14 name="interop/block-60 (go-ethereum_trace)"
Sep 23 03:15:48.277 INF API: test ended suite=0 test=14 pass=false
Sep 23 03:15:48.278 INF API: test started suite=0 test=15 name="interop/control-head (go-ethereum_trace)"
Sep 23 03:15:48.279 INF API: test ended suite=0 test=15 pass=false
Sep 23 03:15:48.280 INF API: test started suite=0 test=16 name="interop/control-height (go-ethereum_trace)"
Sep 23 03:15:48.281 INF API: test ended suite=0 test=16 pass=false
Sep 23 03:15:48.282 INF API: test started suite=0 test=17 name="interop/control-version (go-ethereum_trace)"
Sep 23 03:15:48.283 INF API: test ended suite=0 test=17 pass=false
Sep 23 03:15:48.283 INF API: test started suite=0 test=18 name="interop/destroy-prestate-55 (go-ethereum_trace)"
Sep 23 03:15:48.286 INF API: test ended suite=0 test=18 pass=false
Sep 23 03:15:48.287 INF API: test started suite=0 test=19 name="interop/destroy-prestate-56 (go-ethereum_trace)"
Sep 23 03:15:48.289 INF API: test ended suite=0 test=19 pass=false
Sep 23 03:15:48.290 INF API: test started suite=0 test=20 name="interop/destroy-trace-55 (go-ethereum_trace)"
Sep 23 03:15:48.292 INF API: test ended suite=0 test=20 pass=false
Sep 23 03:15:48.293 INF API: test started suite=0 test=21 name="interop/destroy-trace-56 (go-ethereum_trace)"
Sep 23 03:15:48.298 INF API: test ended suite=0 test=21 pass=false
Sep 23 03:15:48.298 INF API: test started suite=0 test=22 name="interop/filter-35 (go-ethereum_trace)"
Sep 23 03:15:48.300 INF API: test ended suite=0 test=22 pass=false
Sep 23 03:15:48.301 INF API: test started suite=0 test=23 name="interop/filter-36 (go-ethereum_trace)"
Sep 23 03:15:48.303 INF API: test ended suite=0 test=23 pass=false
Sep 23 03:15:48.304 INF API: test started suite=0 test=24 name="interop/filter-47 (go-ethereum_trace)"
Sep 23 03:15:48.305 INF API: test ended suite=0 test=24 pass=false
Sep 23 03:15:48.306 INF API: test started suite=0 test=25 name="interop/filter-48 (go-ethereum_trace)"
Sep 23 03:15:48.308 INF API: test ended suite=0 test=25 pass=false
Sep 23 03:15:48.309 INF API: test started suite=0 test=26 name="interop/filter-51 (go-ethereum_trace)"
Sep 23 03:15:48.312 INF API: test ended suite=0 test=26 pass=false
Sep 23 03:15:48.312 INF API: test started suite=0 test=27 name="interop/filter-52 (go-ethereum_trace)"
Sep 23 03:15:48.314 INF API: test ended suite=0 test=27 pass=false
Sep 23 03:15:48.315 INF API: test started suite=0 test=28 name="interop/filter-55 (go-ethereum_trace)"
Sep 23 03:15:48.317 INF API: test ended suite=0 test=28 pass=false
Sep 23 03:15:48.317 INF API: test started suite=0 test=29 name="interop/filter-56 (go-ethereum_trace)"
Sep 23 03:15:48.319 INF API: test ended suite=0 test=29 pass=false
Sep 23 03:15:48.320 INF API: test started suite=0 test=30 name="interop/filter-59 (go-ethereum_trace)"
Sep 23 03:15:48.322 INF API: test ended suite=0 test=30 pass=false
Sep 23 03:15:48.322 INF API: test started suite=0 test=31 name="interop/filter-60 (go-ethereum_trace)"
Sep 23 03:15:48.325 INF API: test ended suite=0 test=31 pass=false
Sep 23 03:15:48.326 INF API: test started suite=0 test=32 name="interop/filter-across-36 (go-ethereum_trace)"
Sep 23 03:15:48.330 INF API: test ended suite=0 test=32 pass=false
Sep 23 03:15:48.331 INF API: test started suite=0 test=33 name="interop/filter-across-48 (go-ethereum_trace)"
Sep 23 03:15:48.333 INF API: test ended suite=0 test=33 pass=false
Sep 23 03:15:48.334 INF API: test started suite=0 test=34 name="interop/filter-across-52 (go-ethereum_trace)"
Sep 23 03:15:48.336 INF API: test ended suite=0 test=34 pass=false
Sep 23 03:15:48.337 INF API: test started suite=0 test=35 name="interop/filter-across-56 (go-ethereum_trace)"
Sep 23 03:15:48.339 INF API: test ended suite=0 test=35 pass=false
Sep 23 03:15:48.340 INF API: test started suite=0 test=36 name="interop/filter-across-60 (go-ethereum_trace)"
Sep 23 03:15:48.343 INF API: test ended suite=0 test=36 pass=false
Sep 23 03:15:48.344 INF API: test started suite=0 test=37 name="interop/header-35 (go-ethereum_trace)"
Sep 23 03:15:48.346 INF API: test ended suite=0 test=37 pass=false
Sep 23 03:15:48.346 INF API: test started suite=0 test=38 name="interop/header-36 (go-ethereum_trace)"
Sep 23 03:15:48.348 INF API: test ended suite=0 test=38 pass=false
Sep 23 03:15:48.349 INF API: test started suite=0 test=39 name="interop/header-47 (go-ethereum_trace)"
Sep 23 03:15:48.352 INF API: test ended suite=0 test=39 pass=false
Sep 23 03:15:48.352 INF API: test started suite=0 test=40 name="interop/header-48 (go-ethereum_trace)"
Sep 23 03:15:48.354 INF API: test ended suite=0 test=40 pass=false
Sep 23 03:15:48.355 INF API: test started suite=0 test=41 name="interop/header-51 (go-ethereum_trace)"
Sep 23 03:15:48.357 INF API: test ended suite=0 test=41 pass=false
Sep 23 03:15:48.357 INF API: test started suite=0 test=42 name="interop/header-52 (go-ethereum_trace)"
Sep 23 03:15:48.359 INF API: test ended suite=0 test=42 pass=false
Sep 23 03:15:48.360 INF API: test started suite=0 test=43 name="interop/header-55 (go-ethereum_trace)"
Sep 23 03:15:48.363 INF API: test ended suite=0 test=43 pass=false
Sep 23 03:15:48.364 INF API: test started suite=0 test=44 name="interop/header-56 (go-ethereum_trace)"
Sep 23 03:15:48.365 INF API: test ended suite=0 test=44 pass=false
Sep 23 03:15:48.366 INF API: test started suite=0 test=45 name="interop/header-59 (go-ethereum_trace)"
Sep 23 03:15:48.368 INF API: test ended suite=0 test=45 pass=false
Sep 23 03:15:48.368 INF API: test started suite=0 test=46 name="interop/header-60 (go-ethereum_trace)"
Sep 23 03:15:48.371 INF API: test ended suite=0 test=46 pass=false
Sep 23 03:15:48.371 INF API: test started suite=0 test=47 name="interop/mcopy-prestate-55 (go-ethereum_trace)"
Sep 23 03:15:48.373 INF API: test ended suite=0 test=47 pass=false
Sep 23 03:15:48.374 INF API: test started suite=0 test=48 name="interop/mcopy-prestate-56 (go-ethereum_trace)"
Sep 23 03:15:48.375 INF API: test ended suite=0 test=48 pass=false
Sep 23 03:15:48.376 INF API: test started suite=0 test=49 name="interop/mcopy-trace-55 (go-ethereum_trace)"
Sep 23 03:15:48.378 INF API: test ended suite=0 test=49 pass=false
Sep 23 03:15:48.379 INF API: test started suite=0 test=50 name="interop/mcopy-trace-56 (go-ethereum_trace)"
Sep 23 03:15:48.381 INF API: test ended suite=0 test=50 pass=false
Sep 23 03:15:48.382 INF API: test started suite=0 test=51 name="interop/replay-35 (go-ethereum_trace)"
Sep 23 03:15:48.385 INF API: test ended suite=0 test=51 pass=false
Sep 23 03:15:48.385 INF API: test started suite=0 test=52 name="interop/replay-36 (go-ethereum_trace)"
Sep 23 03:15:48.388 INF API: test ended suite=0 test=52 pass=false
Sep 23 03:15:48.389 INF API: test started suite=0 test=53 name="interop/replay-47 (go-ethereum_trace)"
Sep 23 03:15:48.391 INF API: test ended suite=0 test=53 pass=false
Sep 23 03:15:48.392 INF API: test started suite=0 test=54 name="interop/replay-48 (go-ethereum_trace)"
Sep 23 03:15:48.394 INF API: test ended suite=0 test=54 pass=false
Sep 23 03:15:48.395 INF API: test started suite=0 test=55 name="interop/replay-51 (go-ethereum_trace)"
Sep 23 03:15:48.398 INF API: test ended suite=0 test=55 pass=false
Sep 23 03:15:48.399 INF API: test started suite=0 test=56 name="interop/replay-52 (go-ethereum_trace)"
Sep 23 03:15:48.401 INF API: test ended suite=0 test=56 pass=false
Sep 23 03:15:48.402 INF API: test started suite=0 test=57 name="interop/replay-55 (go-ethereum_trace)"
Sep 23 03:15:48.407 INF API: test ended suite=0 test=57 pass=false
Sep 23 03:15:48.408 INF API: test started suite=0 test=58 name="interop/replay-56 (go-ethereum_trace)"
Sep 23 03:15:48.411 INF API: test ended suite=0 test=58 pass=false
Sep 23 03:15:48.412 INF API: test started suite=0 test=59 name="interop/replay-59 (go-ethereum_trace)"
Sep 23 03:15:48.415 INF API: test ended suite=0 test=59 pass=false
Sep 23 03:15:48.415 INF API: test started suite=0 test=60 name="interop/replay-60 (go-ethereum_trace)"
Sep 23 03:15:48.421 INF API: test ended suite=0 test=60 pass=false
Sep 23 03:15:48.423 INF API: test started suite=0 test=61 name="interop/system-beacon-55-560 (go-ethereum_trace)"
Sep 23 03:15:48.424 INF API: test ended suite=0 test=61 pass=false
Sep 23 03:15:48.425 INF API: test started suite=0 test=62 name="interop/system-beacon-55-8751 (go-ethereum_trace)"
Sep 23 03:15:48.427 INF API: test ended suite=0 test=62 pass=false
Sep 23 03:15:48.428 INF API: test started suite=0 test=63 name="interop/system-beacon-56-560 (go-ethereum_trace)"
Sep 23 03:15:48.429 INF API: test ended suite=0 test=63 pass=false
Sep 23 03:15:48.430 INF API: test started suite=0 test=64 name="interop/system-beacon-56-8751 (go-ethereum_trace)"
Sep 23 03:15:48.431 INF API: test ended suite=0 test=64 pass=false
Sep 23 03:15:48.432 INF API: test started suite=0 test=65 name="interop/system-beacon-57-560 (go-ethereum_trace)"
Sep 23 03:15:48.434 INF API: test ended suite=0 test=65 pass=false
Sep 23 03:15:48.434 INF API: test started suite=0 test=66 name="interop/system-beacon-57-8751 (go-ethereum_trace)"
Sep 23 03:15:48.436 INF API: test ended suite=0 test=66 pass=false
Sep 23 03:15:48.729 INF API: test ended suite=0 test=1 pass=true
Sep 23 03:15:48.737 INF API: suite ended suite=0
Sep 23 03:15:49.423 INF simulation ethereum/rpc-compat finished suites=1 tests=66 failed=65
65 tests failed
