Sep 21 22:19:19.614 INF building image image=hive/hiveproxy nocache=false pull=false
Sep 21 22:19:19.630 INF building 1 clients...
Sep 21 22:19:19.630 INF building image image=hive/clients/go-ethereum_trace:latest dir=clients/go-ethereum nocache=false pull=false baseimage=trace-interop/go-ethereum tag=0f2c4e64ecec547a21e80058275d6c7072918c37947fdf36fe1893ba47abec2e
Sep 21 22:19:19.660 INF building 1 simulators...
Sep 21 22:19:19.660 INF building image image=hive/simulators/ethereum/rpc-compat:latest dir=simulators/ethereum/rpc-compat nocache=false pull=false
Sep 21 22:19:19.679 INF creating output directory folder=/home/banteg/dev/trace-interop/runs/geth-e29edff-precompiles/hive
Sep 21 22:19:19.686 INF running simulation: ethereum/rpc-compat
Sep 21 22:19:19.842 INF hiveproxy started container=4f70f568b713 addr=172.17.0.2:8081
Sep 21 22:19:19.995 INF API: suite started suite=0 name=rpc-compat
Sep 21 22:19:19.996 INF API: test started suite=0 test=1 name="client launch (go-ethereum_trace)"
Sep 21 22:19:20.650 INF API: client go-ethereum_trace started suite=0 test=1 container=5177a6a1
Sep 21 22:19:20.655 INF API: test started suite=0 test=2 name="interop/_control/head (go-ethereum_trace)"
Sep 21 22:19:20.659 INF API: test ended suite=0 test=2 pass=false
Sep 21 22:19:20.660 INF API: test started suite=0 test=3 name="interop/_control/version (go-ethereum_trace)"
Sep 21 22:19:20.662 INF API: test ended suite=0 test=3 pass=false
Sep 21 22:19:20.664 INF API: test started suite=0 test=4 name="interop/nested-call-value0-failed (go-ethereum_trace)"
Sep 21 22:19:20.667 INF API: test ended suite=0 test=4 pass=false
Sep 21 22:19:20.668 INF API: test started suite=0 test=5 name="interop/nested-call-value0-success (go-ethereum_trace)"
Sep 21 22:19:20.671 INF API: test ended suite=0 test=5 pass=false
Sep 21 22:19:20.672 INF API: test started suite=0 test=6 name="interop/nested-call-value1-failed (go-ethereum_trace)"
Sep 21 22:19:20.677 INF API: test ended suite=0 test=6 pass=false
Sep 21 22:19:20.678 INF API: test started suite=0 test=7 name="interop/nested-call-value1-success (go-ethereum_trace)"
Sep 21 22:19:20.681 INF API: test ended suite=0 test=7 pass=false
Sep 21 22:19:20.682 INF API: test started suite=0 test=8 name="interop/nested-callcode-value0-failed (go-ethereum_trace)"
Sep 21 22:19:20.685 INF API: test ended suite=0 test=8 pass=false
Sep 21 22:19:20.686 INF API: test started suite=0 test=9 name="interop/nested-callcode-value0-success (go-ethereum_trace)"
Sep 21 22:19:20.689 INF API: test ended suite=0 test=9 pass=false
Sep 21 22:19:20.690 INF API: test started suite=0 test=10 name="interop/nested-callcode-value1-failed (go-ethereum_trace)"
Sep 21 22:19:20.694 INF API: test ended suite=0 test=10 pass=false
Sep 21 22:19:20.695 INF API: test started suite=0 test=11 name="interop/nested-callcode-value1-success (go-ethereum_trace)"
Sep 21 22:19:20.699 INF API: test ended suite=0 test=11 pass=false
Sep 21 22:19:20.699 INF API: test started suite=0 test=12 name="interop/nested-delegatecall-value0-failed (go-ethereum_trace)"
Sep 21 22:19:20.702 INF API: test ended suite=0 test=12 pass=false
Sep 21 22:19:20.703 INF API: test started suite=0 test=13 name="interop/nested-delegatecall-value0-success (go-ethereum_trace)"
Sep 21 22:19:20.706 INF API: test ended suite=0 test=13 pass=false
Sep 21 22:19:20.708 INF API: test started suite=0 test=14 name="interop/nested-delegatecall-value1-failed (go-ethereum_trace)"
Sep 21 22:19:20.712 INF API: test ended suite=0 test=14 pass=false
Sep 21 22:19:20.712 INF API: test started suite=0 test=15 name="interop/nested-delegatecall-value1-success (go-ethereum_trace)"
Sep 21 22:19:20.716 INF API: test ended suite=0 test=15 pass=false
Sep 21 22:19:20.717 INF API: test started suite=0 test=16 name="interop/nested-staticcall-value0-failed (go-ethereum_trace)"
Sep 21 22:19:20.720 INF API: test ended suite=0 test=16 pass=false
Sep 21 22:19:20.722 INF API: test started suite=0 test=17 name="interop/nested-staticcall-value0-success (go-ethereum_trace)"
Sep 21 22:19:20.726 INF API: test ended suite=0 test=17 pass=false
Sep 21 22:19:20.726 INF API: test started suite=0 test=18 name="interop/root-failed (go-ethereum_trace)"
Sep 21 22:19:20.730 INF API: test ended suite=0 test=18 pass=false
Sep 21 22:19:20.730 INF API: test started suite=0 test=19 name="interop/root-success (go-ethereum_trace)"
Sep 21 22:19:20.733 INF API: test ended suite=0 test=19 pass=false
Sep 21 22:19:20.854 INF API: test ended suite=0 test=1 pass=true
Sep 21 22:19:20.862 INF API: suite ended suite=0
Sep 21 22:19:21.139 INF simulation ethereum/rpc-compat finished suites=1 tests=19 failed=18
18 tests failed
