Sep 23 14:29:15.284 INF building image image=hive/hiveproxy nocache=false pull=false
Sep 23 14:29:15.310 INF building 4 clients...
Sep 23 14:29:15.310 INF building image image=hive/clients/besu_release:latest dir=clients/besu nocache=false pull=false baseimage=trace-interop/besu tag=f3713c713ca4f9e89c09e1478d2a85116ba9ce8343129d709420ba2af009598b
Sep 23 14:29:15.361 INF building image image=hive/clients/erigon_release:latest dir=clients/erigon nocache=false pull=false baseimage=trace-interop/erigon tag=8668d9c5adc01ad1d12aa25380e384079080bdde7e0ce93f11bed422d82ca0ac
Sep 23 14:29:15.428 INF building image image=hive/clients/nethermind_release:latest dir=clients/nethermind nocache=false pull=false baseimage=trace-interop/nethermind tag=a5098d75bfa8d4da1992ba8404b357fde6d53241315396e26b88e16e5f67bb59
Sep 23 14:29:15.479 INF building image image=hive/clients/reth_release:latest dir=clients/reth nocache=false pull=false baseimage=trace-interop/reth tag=e939dc4a471d9d27224e430f607a954d692ca5037a1350ee2036397d14532ca7
Sep 23 14:29:15.520 INF building 1 simulators...
Sep 23 14:29:15.520 INF building image image=hive/simulators/ethereum/rpc-compat:latest dir=simulators/ethereum/rpc-compat nocache=false pull=false
Sep 23 14:29:15.541 INF creating output directory folder=/home/banteg/dev/trace-h30-capture/evidence/h30-release-20260923/hive
Sep 23 14:29:15.548 INF running simulation: ethereum/rpc-compat
Sep 23 14:29:15.705 INF hiveproxy started container=297c4ddafa4e addr=172.17.0.2:8081
Sep 23 14:29:15.868 INF API: suite started suite=0 name=rpc-compat
Sep 23 14:29:15.870 INF API: test started suite=0 test=1 name="client launch (besu_release)"
Sep 23 14:29:24.630 INF API: client besu_release started suite=0 test=1 container=bb45b9a3
Sep 23 14:29:24.909 INF API: test started suite=0 test=2 name="interop/_control/head (besu_release)"
Sep 23 14:29:24.957 INF API: test ended suite=0 test=2 pass=false
Sep 23 14:29:24.958 INF API: test started suite=0 test=3 name="interop/_control/version (besu_release)"
Sep 23 14:29:24.964 INF API: test ended suite=0 test=3 pass=false
Sep 23 14:29:24.965 INF API: test started suite=0 test=4 name="interop/call-number-default (besu_release)"
Sep 23 14:29:25.034 INF API: test ended suite=0 test=4 pass=false
Sep 23 14:29:25.035 INF API: test started suite=0 test=5 name="interop/call-number-latest (besu_release)"
Sep 23 14:29:25.044 INF API: test ended suite=0 test=5 pass=false
Sep 23 14:29:25.045 INF API: test started suite=0 test=6 name="interop/call-number-pending (besu_release)"
Sep 23 14:29:25.053 INF API: test ended suite=0 test=6 pass=false
Sep 23 14:29:25.055 INF API: test started suite=0 test=7 name="interop/filter-0-to-2 (besu_release)"
Sep 23 14:29:26.182 INF API: test ended suite=0 test=7 pass=false
Sep 23 14:29:26.183 INF API: test started suite=0 test=8 name="interop/filter-earliest (besu_release)"
Sep 23 14:29:26.202 INF API: test ended suite=0 test=8 pass=false
Sep 23 14:29:26.203 INF API: test started suite=0 test=9 name="interop/filter-head-only (besu_release)"
Sep 23 14:29:26.214 INF API: test ended suite=0 test=9 pass=false
Sep 23 14:29:26.215 INF API: test started suite=0 test=10 name="interop/filter-no-bounds (besu_release)"
Sep 23 14:29:26.223 INF API: test ended suite=0 test=10 pass=false
Sep 23 14:29:26.224 INF API: test started suite=0 test=11 name="interop/filter-pending (besu_release)"
Sep 23 14:29:26.243 INF API: test ended suite=0 test=11 pass=false
Sep 23 14:29:26.244 INF API: test started suite=0 test=12 name="interop/filter-safe (besu_release)"
Sep 23 14:29:26.250 INF API: test ended suite=0 test=12 pass=false
Sep 23 14:29:26.251 INF API: test started suite=0 test=13 name="interop/filter-to-2-implicit-from (besu_release)"
Sep 23 14:29:26.279 INF API: test ended suite=0 test=13 pass=false
Sep 23 14:29:26.282 INF API: test started suite=0 test=14 name="interop/many-number-default (besu_release)"
Sep 23 14:29:26.297 INF API: test ended suite=0 test=14 pass=false
Sep 23 14:29:26.299 INF API: test started suite=0 test=15 name="interop/many-number-latest (besu_release)"
Sep 23 14:29:26.378 INF API: test ended suite=0 test=15 pass=false
Sep 23 14:29:26.381 INF API: test started suite=0 test=16 name="interop/many-number-pending (besu_release)"
Sep 23 14:29:26.409 INF API: test ended suite=0 test=16 pass=false
Sep 23 14:29:26.733 INF API: test ended suite=0 test=1 pass=true
Sep 23 14:29:26.736 INF API: test started suite=0 test=17 name="client launch (erigon_release)"
Sep 23 14:29:28.296 INF API: client erigon_release started suite=0 test=17 container=b3c53b12
Sep 23 14:29:28.303 INF API: test started suite=0 test=18 name="interop/_control/head (erigon_release)"
Sep 23 14:29:28.307 INF API: test ended suite=0 test=18 pass=false
Sep 23 14:29:28.307 INF API: test started suite=0 test=19 name="interop/_control/version (erigon_release)"
Sep 23 14:29:28.310 INF API: test ended suite=0 test=19 pass=false
Sep 23 14:29:28.311 INF API: test started suite=0 test=20 name="interop/call-number-default (erigon_release)"
Sep 23 14:29:28.315 INF API: test ended suite=0 test=20 pass=false
Sep 23 14:29:28.316 INF API: test started suite=0 test=21 name="interop/call-number-latest (erigon_release)"
Sep 23 14:29:28.318 INF API: test ended suite=0 test=21 pass=false
Sep 23 14:29:28.319 INF API: test started suite=0 test=22 name="interop/call-number-pending (erigon_release)"
Sep 23 14:29:28.321 INF API: test ended suite=0 test=22 pass=false
Sep 23 14:29:28.322 INF API: test started suite=0 test=23 name="interop/filter-0-to-2 (erigon_release)"
Sep 23 14:29:28.326 INF API: test ended suite=0 test=23 pass=false
Sep 23 14:29:28.327 INF API: test started suite=0 test=24 name="interop/filter-earliest (erigon_release)"
Sep 23 14:29:28.331 INF API: test ended suite=0 test=24 pass=false
Sep 23 14:29:28.332 INF API: test started suite=0 test=25 name="interop/filter-head-only (erigon_release)"
Sep 23 14:29:28.335 INF API: test ended suite=0 test=25 pass=false
Sep 23 14:29:28.336 INF API: test started suite=0 test=26 name="interop/filter-no-bounds (erigon_release)"
Sep 23 14:29:28.357 INF API: test ended suite=0 test=26 pass=false
Sep 23 14:29:28.358 INF API: test started suite=0 test=27 name="interop/filter-pending (erigon_release)"
Sep 23 14:29:28.361 INF API: test ended suite=0 test=27 pass=false
Sep 23 14:29:28.362 INF API: test started suite=0 test=28 name="interop/filter-safe (erigon_release)"
Sep 23 14:29:28.365 INF API: test ended suite=0 test=28 pass=false
Sep 23 14:29:28.366 INF API: test started suite=0 test=29 name="interop/filter-to-2-implicit-from (erigon_release)"
Sep 23 14:29:28.371 INF API: test ended suite=0 test=29 pass=false
Sep 23 14:29:28.372 INF API: test started suite=0 test=30 name="interop/many-number-default (erigon_release)"
Sep 23 14:29:28.375 INF API: test ended suite=0 test=30 pass=false
Sep 23 14:29:28.376 INF API: test started suite=0 test=31 name="interop/many-number-latest (erigon_release)"
Sep 23 14:29:28.378 INF API: test ended suite=0 test=31 pass=false
Sep 23 14:29:28.379 INF API: test started suite=0 test=32 name="interop/many-number-pending (erigon_release)"
Sep 23 14:29:28.381 INF API: test ended suite=0 test=32 pass=false
Sep 23 14:29:28.518 INF API: test ended suite=0 test=17 pass=true
Sep 23 14:29:28.520 INF API: test started suite=0 test=33 name="client launch (nethermind_release)"
Sep 23 14:29:36.076 INF API: client nethermind_release started suite=0 test=33 container=4c0cfdec
Sep 23 14:29:36.160 INF API: test started suite=0 test=34 name="interop/_control/head (nethermind_release)"
Sep 23 14:29:36.251 INF API: test ended suite=0 test=34 pass=false
Sep 23 14:29:36.252 INF API: test started suite=0 test=35 name="interop/_control/version (nethermind_release)"
Sep 23 14:29:36.256 INF API: test ended suite=0 test=35 pass=false
Sep 23 14:29:36.257 INF API: test started suite=0 test=36 name="interop/call-number-default (nethermind_release)"
Sep 23 14:29:36.349 INF API: test ended suite=0 test=36 pass=false
Sep 23 14:29:36.351 INF API: test started suite=0 test=37 name="interop/call-number-latest (nethermind_release)"
Sep 23 14:29:36.356 INF API: test ended suite=0 test=37 pass=false
Sep 23 14:29:36.357 INF API: test started suite=0 test=38 name="interop/call-number-pending (nethermind_release)"
Sep 23 14:29:36.362 INF API: test ended suite=0 test=38 pass=false
Sep 23 14:29:36.362 INF API: test started suite=0 test=39 name="interop/filter-0-to-2 (nethermind_release)"
Sep 23 14:29:36.372 INF API: test ended suite=0 test=39 pass=false
Sep 23 14:29:36.373 INF API: test started suite=0 test=40 name="interop/filter-earliest (nethermind_release)"
Sep 23 14:29:36.375 INF API: test ended suite=0 test=40 pass=false
Sep 23 14:29:36.376 INF API: test started suite=0 test=41 name="interop/filter-head-only (nethermind_release)"
Sep 23 14:29:36.396 INF API: test ended suite=0 test=41 pass=false
Sep 23 14:29:36.397 INF API: test started suite=0 test=42 name="interop/filter-no-bounds (nethermind_release)"
Sep 23 14:29:36.400 INF API: test ended suite=0 test=42 pass=false
Sep 23 14:29:36.401 INF API: test started suite=0 test=43 name="interop/filter-pending (nethermind_release)"
Sep 23 14:29:36.405 INF API: test ended suite=0 test=43 pass=false
Sep 23 14:29:36.406 INF API: test started suite=0 test=44 name="interop/filter-safe (nethermind_release)"
Sep 23 14:29:36.409 INF API: test ended suite=0 test=44 pass=false
Sep 23 14:29:36.410 INF API: test started suite=0 test=45 name="interop/filter-to-2-implicit-from (nethermind_release)"
Sep 23 14:29:36.413 INF API: test ended suite=0 test=45 pass=false
Sep 23 14:29:36.414 INF API: test started suite=0 test=46 name="interop/many-number-default (nethermind_release)"
Sep 23 14:29:36.426 INF API: test ended suite=0 test=46 pass=false
Sep 23 14:29:36.426 INF API: test started suite=0 test=47 name="interop/many-number-latest (nethermind_release)"
Sep 23 14:29:36.430 INF API: test ended suite=0 test=47 pass=false
Sep 23 14:29:36.431 INF API: test started suite=0 test=48 name="interop/many-number-pending (nethermind_release)"
Sep 23 14:29:36.434 INF API: test ended suite=0 test=48 pass=false
Sep 23 14:29:36.582 INF API: test ended suite=0 test=33 pass=true
Sep 23 14:29:36.584 INF API: test started suite=0 test=49 name="client launch (reth_release)"
Sep 23 14:29:37.526 INF API: client reth_release started suite=0 test=49 container=d573f441
Sep 23 14:29:37.537 INF API: test started suite=0 test=50 name="interop/_control/head (reth_release)"
Sep 23 14:29:37.542 INF API: test ended suite=0 test=50 pass=false
Sep 23 14:29:37.543 INF API: test started suite=0 test=51 name="interop/_control/version (reth_release)"
Sep 23 14:29:37.546 INF API: test ended suite=0 test=51 pass=false
Sep 23 14:29:37.547 INF API: test started suite=0 test=52 name="interop/call-number-default (reth_release)"
Sep 23 14:29:37.556 INF API: test ended suite=0 test=52 pass=false
Sep 23 14:29:37.556 INF API: test started suite=0 test=53 name="interop/call-number-latest (reth_release)"
Sep 23 14:29:37.559 INF API: test ended suite=0 test=53 pass=false
Sep 23 14:29:37.560 INF API: test started suite=0 test=54 name="interop/call-number-pending (reth_release)"
Sep 23 14:29:37.562 INF API: test ended suite=0 test=54 pass=false
Sep 23 14:29:37.563 INF API: test started suite=0 test=55 name="interop/filter-0-to-2 (reth_release)"
Sep 23 14:29:37.569 INF API: test ended suite=0 test=55 pass=false
Sep 23 14:29:37.570 INF API: test started suite=0 test=56 name="interop/filter-earliest (reth_release)"
Sep 23 14:29:37.574 INF API: test ended suite=0 test=56 pass=false
Sep 23 14:29:37.575 INF API: test started suite=0 test=57 name="interop/filter-head-only (reth_release)"
Sep 23 14:29:37.578 INF API: test ended suite=0 test=57 pass=false
Sep 23 14:29:37.579 INF API: test started suite=0 test=58 name="interop/filter-no-bounds (reth_release)"
Sep 23 14:29:37.582 INF API: test ended suite=0 test=58 pass=false
Sep 23 14:29:37.583 INF API: test started suite=0 test=59 name="interop/filter-pending (reth_release)"
Sep 23 14:29:37.586 INF API: test ended suite=0 test=59 pass=false
Sep 23 14:29:37.586 INF API: test started suite=0 test=60 name="interop/filter-safe (reth_release)"
Sep 23 14:29:37.588 INF API: test ended suite=0 test=60 pass=false
Sep 23 14:29:37.589 INF API: test started suite=0 test=61 name="interop/filter-to-2-implicit-from (reth_release)"
Sep 23 14:29:37.592 INF API: test ended suite=0 test=61 pass=false
Sep 23 14:29:37.593 INF API: test started suite=0 test=62 name="interop/many-number-default (reth_release)"
Sep 23 14:29:37.596 INF API: test ended suite=0 test=62 pass=false
Sep 23 14:29:37.597 INF API: test started suite=0 test=63 name="interop/many-number-latest (reth_release)"
Sep 23 14:29:37.600 INF API: test ended suite=0 test=63 pass=false
Sep 23 14:29:37.600 INF API: test started suite=0 test=64 name="interop/many-number-pending (reth_release)"
Sep 23 14:29:37.603 INF API: test ended suite=0 test=64 pass=false
Sep 23 14:29:37.731 INF API: test ended suite=0 test=49 pass=true
Sep 23 14:29:37.738 INF API: suite ended suite=0
Sep 23 14:29:37.959 INF simulation ethereum/rpc-compat finished suites=1 tests=64 failed=60
60 tests failed
