Sep 23 03:50:51.631 INF building image image=hive/hiveproxy nocache=false pull=false
Sep 23 03:50:51.663 INF building 1 clients...
Sep 23 03:50:51.663 INF building image image=hive/clients/go-ethereum_trace:latest dir=clients/go-ethereum nocache=false pull=false baseimage=trace-interop/go-ethereum tag=da6869fd3865980fef80bfa418746c825c6854d3dca32b9fa2ec92738be4e849
Sep 23 03:50:51.805 INF building 1 simulators...
Sep 23 03:50:51.805 INF building image image=hive/simulators/ethereum/rpc-compat:latest dir=simulators/ethereum/rpc-compat nocache=false pull=false
Sep 23 03:50:51.825 INF creating output directory folder=/home/banteg/dev/trace-harness-audit-2/evidence/2026-09-23/harness-audit-2-geth-isolation/hive
Sep 23 03:50:51.833 INF running simulation: ethereum/rpc-compat
Sep 23 03:50:51.980 INF hiveproxy started container=b16c9715eeae addr=172.17.0.2:8081
Sep 23 03:50:52.169 INF API: suite started suite=0 name=rpc-compat
Sep 23 03:50:52.172 INF API: test started suite=0 test=1 name="client launch (go-ethereum_trace)"
Sep 23 03:50:53.133 INF API: client go-ethereum_trace started suite=0 test=1 container=1eca4b13
Sep 23 03:50:53.139 INF API: test started suite=0 test=2 name="interop/_control/head (go-ethereum_trace)"
Sep 23 03:50:53.142 INF API: test ended suite=0 test=2 pass=false
Sep 23 03:50:53.143 INF API: test started suite=0 test=3 name="interop/_control/latest (go-ethereum_trace)"
Sep 23 03:50:53.147 INF API: test ended suite=0 test=3 pass=false
Sep 23 03:50:53.148 INF API: test started suite=0 test=4 name="interop/_control/version (go-ethereum_trace)"
Sep 23 03:50:53.151 INF API: test ended suite=0 test=4 pass=false
Sep 23 03:50:53.153 INF API: test started suite=0 test=5 name="interop/before/code (go-ethereum_trace)"
Sep 23 03:50:53.156 INF API: test ended suite=0 test=5 pass=false
Sep 23 03:50:53.157 INF API: test started suite=0 test=6 name="interop/before/control-nonce (go-ethereum_trace)"
Sep 23 03:50:53.159 INF API: test ended suite=0 test=6 pass=false
Sep 23 03:50:53.160 INF API: test started suite=0 test=7 name="interop/before/storage (go-ethereum_trace)"
Sep 23 03:50:53.163 INF API: test ended suite=0 test=7 pass=false
Sep 23 03:50:53.163 INF API: test started suite=0 test=8 name="interop/write-read/many-storage-write-read (go-ethereum_trace)"
Sep 23 03:50:53.167 INF API: test ended suite=0 test=8 pass=false
Sep 23 03:50:53.168 INF API: test started suite=0 test=9 name="interop/after-write-read/storage (go-ethereum_trace)"
Sep 23 03:50:53.170 INF API: test ended suite=0 test=9 pass=false
Sep 23 03:50:53.171 INF API: test started suite=0 test=10 name="interop/write-revert-read/many-storage-write-revert-read (go-ethereum_trace)"
Sep 23 03:50:53.175 INF API: test ended suite=0 test=10 pass=false
Sep 23 03:50:53.177 INF API: test started suite=0 test=11 name="interop/after-write-revert-read/storage (go-ethereum_trace)"
Sep 23 03:50:53.179 INF API: test ended suite=0 test=11 pass=false
Sep 23 03:50:53.352 INF API: test ended suite=0 test=1 pass=true
Sep 23 03:50:53.360 INF API: suite ended suite=0
Sep 23 03:50:53.633 INF simulation ethereum/rpc-compat finished suites=1 tests=11 failed=10
10 tests failed
