Sep 24 01:25:09.769 INF building image image=hive/hiveproxy nocache=false pull=false
Sep 24 01:25:09.824 INF building 9 clients...
Sep 24 01:25:09.824 INF building image image=hive/clients/besu_development:latest dir=clients/besu nocache=false pull=false baseimage=trace-interop/besu tag=a85249905183f65c98c9e8c282955e40487c4ff8af8db8b8e306d58292231744
Sep 24 01:25:10.240 INF building image image=hive/clients/besu_release:latest dir=clients/besu nocache=false pull=false baseimage=trace-interop/besu tag=f3713c713ca4f9e89c09e1478d2a85116ba9ce8343129d709420ba2af009598b
Sep 24 01:25:10.581 INF building image image=hive/clients/erigon_development:latest dir=clients/erigon nocache=false pull=false baseimage=trace-interop/erigon tag=8269576669f1b4a55572ee7d1a7e4489244cd57bb545293391d1ebd5e0fac002
Sep 24 01:25:10.900 INF building image image=hive/clients/erigon_release:latest dir=clients/erigon nocache=false pull=false baseimage=trace-interop/erigon tag=8668d9c5adc01ad1d12aa25380e384079080bdde7e0ce93f11bed422d82ca0ac
Sep 24 01:25:11.422 INF building image image=hive/clients/go-ethereum_trace:latest dir=clients/go-ethereum nocache=false pull=false baseimage=trace-interop/go-ethereum tag=351f4131517b32d6a34d884f30dd5d6db83e1c008297f920e87b02b269f9874e
Sep 24 01:25:11.814 INF building image image=hive/clients/nethermind_development:latest dir=clients/nethermind nocache=false pull=false baseimage=trace-interop/nethermind tag=e68f6cd253c312443b306b7e1e61381a38fd174dd16fe7e9bc55487245718182
Sep 24 01:25:12.049 INF building image image=hive/clients/nethermind_release:latest dir=clients/nethermind nocache=false pull=false baseimage=trace-interop/nethermind tag=a5098d75bfa8d4da1992ba8404b357fde6d53241315396e26b88e16e5f67bb59
Sep 24 01:25:12.121 INF building image image=hive/clients/reth_development:latest dir=clients/reth nocache=false pull=false baseimage=trace-interop/reth tag=1d6a97ef686d7c6099c5426c77334ca5891ce5d362fe5f3049ac2ea0df76de86
Sep 24 01:25:12.313 INF building image image=hive/clients/reth_release:latest dir=clients/reth nocache=false pull=false baseimage=trace-interop/reth tag=e939dc4a471d9d27224e430f607a954d692ca5037a1350ee2036397d14532ca7
Sep 24 01:25:12.344 INF building 1 simulators...
Sep 24 01:25:12.344 INF building image image=hive/simulators/ethereum/rpc-compat:latest dir=simulators/ethereum/rpc-compat nocache=false pull=false
Sep 24 01:25:12.366 INF creating output directory folder=/home/banteg/dev/trace-coverage-20260924/evidence/2026-09-24/coverage-matrix/callmany-isolation/hive
Sep 24 01:25:12.373 INF running simulation: ethereum/rpc-compat
Sep 24 01:25:12.516 INF hiveproxy started container=151b8148fc75 addr=172.17.0.2:8081
Sep 24 01:25:12.718 INF API: suite started suite=0 name=rpc-compat
Sep 24 01:25:12.720 INF API: test started suite=0 test=1 name="client launch (besu_development)"
Sep 24 01:25:20.987 INF API: client besu_development started suite=0 test=1 container=c11f49d8
Sep 24 01:25:21.245 INF API: test started suite=0 test=2 name="interop/_control/head (besu_development)"
Sep 24 01:25:21.253 INF API: test ended suite=0 test=2 pass=false
Sep 24 01:25:21.254 INF API: test started suite=0 test=3 name="interop/_control/latest (besu_development)"
Sep 24 01:25:21.262 INF API: test ended suite=0 test=3 pass=false
Sep 24 01:25:21.263 INF API: test started suite=0 test=4 name="interop/_control/version (besu_development)"
Sep 24 01:25:21.268 INF API: test ended suite=0 test=4 pass=false
Sep 24 01:25:21.269 INF API: test started suite=0 test=5 name="interop/before/code (besu_development)"
Sep 24 01:25:21.282 INF API: test ended suite=0 test=5 pass=false
Sep 24 01:25:21.283 INF API: test started suite=0 test=6 name="interop/before/control-nonce (besu_development)"
Sep 24 01:25:21.289 INF API: test ended suite=0 test=6 pass=false
Sep 24 01:25:21.290 INF API: test started suite=0 test=7 name="interop/before/storage (besu_development)"
Sep 24 01:25:21.301 INF API: test ended suite=0 test=7 pass=false
Sep 24 01:25:21.302 INF API: test started suite=0 test=8 name="interop/write-read/many-storage-write-read (besu_development)"
Sep 24 01:25:21.375 INF API: test ended suite=0 test=8 pass=false
Sep 24 01:25:21.377 INF API: test started suite=0 test=9 name="interop/after-write-read/storage (besu_development)"
Sep 24 01:25:21.383 INF API: test ended suite=0 test=9 pass=false
Sep 24 01:25:21.385 INF API: test started suite=0 test=10 name="interop/write-revert-read/many-storage-write-revert-read (besu_development)"
Sep 24 01:25:21.396 INF API: test ended suite=0 test=10 pass=false
Sep 24 01:25:21.398 INF API: test started suite=0 test=11 name="interop/after-write-revert-read/storage (besu_development)"
Sep 24 01:25:21.404 INF API: test ended suite=0 test=11 pass=false
Sep 24 01:25:21.702 INF API: test ended suite=0 test=1 pass=true
Sep 24 01:25:21.703 INF API: test started suite=0 test=12 name="client launch (besu_release)"
Sep 24 01:25:30.454 INF API: client besu_release started suite=0 test=12 container=c6034e95
Sep 24 01:25:30.709 INF API: test started suite=0 test=13 name="interop/_control/head (besu_release)"
Sep 24 01:25:30.716 INF API: test ended suite=0 test=13 pass=false
Sep 24 01:25:30.718 INF API: test started suite=0 test=14 name="interop/_control/latest (besu_release)"
Sep 24 01:25:30.725 INF API: test ended suite=0 test=14 pass=false
Sep 24 01:25:30.726 INF API: test started suite=0 test=15 name="interop/_control/version (besu_release)"
Sep 24 01:25:30.731 INF API: test ended suite=0 test=15 pass=false
Sep 24 01:25:30.733 INF API: test started suite=0 test=16 name="interop/before/code (besu_release)"
Sep 24 01:25:30.745 INF API: test ended suite=0 test=16 pass=false
Sep 24 01:25:30.746 INF API: test started suite=0 test=17 name="interop/before/control-nonce (besu_release)"
Sep 24 01:25:30.753 INF API: test ended suite=0 test=17 pass=false
Sep 24 01:25:30.753 INF API: test started suite=0 test=18 name="interop/before/storage (besu_release)"
Sep 24 01:25:30.763 INF API: test ended suite=0 test=18 pass=false
Sep 24 01:25:30.764 INF API: test started suite=0 test=19 name="interop/write-read/many-storage-write-read (besu_release)"
Sep 24 01:25:30.842 INF API: test ended suite=0 test=19 pass=false
Sep 24 01:25:30.843 INF API: test started suite=0 test=20 name="interop/after-write-read/storage (besu_release)"
Sep 24 01:25:30.849 INF API: test ended suite=0 test=20 pass=false
Sep 24 01:25:30.850 INF API: test started suite=0 test=21 name="interop/write-revert-read/many-storage-write-revert-read (besu_release)"
Sep 24 01:25:30.865 INF API: test ended suite=0 test=21 pass=false
Sep 24 01:25:30.866 INF API: test started suite=0 test=22 name="interop/after-write-revert-read/storage (besu_release)"
Sep 24 01:25:30.872 INF API: test ended suite=0 test=22 pass=false
Sep 24 01:25:31.056 INF API: test ended suite=0 test=12 pass=true
Sep 24 01:25:31.057 INF API: test started suite=0 test=23 name="client launch (erigon_development)"
Sep 24 01:25:31.815 INF API: client erigon_development started suite=0 test=23 container=a87318e1
Sep 24 01:25:31.822 INF API: test started suite=0 test=24 name="interop/_control/head (erigon_development)"
Sep 24 01:25:31.825 INF API: test ended suite=0 test=24 pass=false
Sep 24 01:25:31.825 INF API: test started suite=0 test=25 name="interop/_control/latest (erigon_development)"
Sep 24 01:25:31.828 INF API: test ended suite=0 test=25 pass=false
Sep 24 01:25:31.828 INF API: test started suite=0 test=26 name="interop/_control/version (erigon_development)"
Sep 24 01:25:31.831 INF API: test ended suite=0 test=26 pass=false
Sep 24 01:25:31.831 INF API: test started suite=0 test=27 name="interop/before/code (erigon_development)"
Sep 24 01:25:31.833 INF API: test ended suite=0 test=27 pass=false
Sep 24 01:25:31.834 INF API: test started suite=0 test=28 name="interop/before/control-nonce (erigon_development)"
Sep 24 01:25:31.839 INF API: test ended suite=0 test=28 pass=false
Sep 24 01:25:31.839 INF API: test started suite=0 test=29 name="interop/before/storage (erigon_development)"
Sep 24 01:25:31.841 INF API: test ended suite=0 test=29 pass=false
Sep 24 01:25:31.842 INF API: test started suite=0 test=30 name="interop/write-read/many-storage-write-read (erigon_development)"
Sep 24 01:25:31.845 INF API: test ended suite=0 test=30 pass=false
Sep 24 01:25:31.846 INF API: test started suite=0 test=31 name="interop/after-write-read/storage (erigon_development)"
Sep 24 01:25:31.848 INF API: test ended suite=0 test=31 pass=false
Sep 24 01:25:31.849 INF API: test started suite=0 test=32 name="interop/write-revert-read/many-storage-write-revert-read (erigon_development)"
Sep 24 01:25:31.852 INF API: test ended suite=0 test=32 pass=false
Sep 24 01:25:31.853 INF API: test started suite=0 test=33 name="interop/after-write-revert-read/storage (erigon_development)"
Sep 24 01:25:31.855 INF API: test ended suite=0 test=33 pass=false
Sep 24 01:25:31.995 INF API: test ended suite=0 test=23 pass=true
Sep 24 01:25:31.997 INF API: test started suite=0 test=34 name="client launch (erigon_release)"
Sep 24 01:25:32.843 INF API: client erigon_release started suite=0 test=34 container=1787c8ad
Sep 24 01:25:32.848 INF API: test started suite=0 test=35 name="interop/_control/head (erigon_release)"
Sep 24 01:25:32.850 INF API: test ended suite=0 test=35 pass=false
Sep 24 01:25:32.851 INF API: test started suite=0 test=36 name="interop/_control/latest (erigon_release)"
Sep 24 01:25:32.854 INF API: test ended suite=0 test=36 pass=false
Sep 24 01:25:32.855 INF API: test started suite=0 test=37 name="interop/_control/version (erigon_release)"
Sep 24 01:25:32.857 INF API: test ended suite=0 test=37 pass=false
Sep 24 01:25:32.859 INF API: test started suite=0 test=38 name="interop/before/code (erigon_release)"
Sep 24 01:25:32.861 INF API: test ended suite=0 test=38 pass=false
Sep 24 01:25:32.862 INF API: test started suite=0 test=39 name="interop/before/control-nonce (erigon_release)"
Sep 24 01:25:32.864 INF API: test ended suite=0 test=39 pass=false
Sep 24 01:25:32.865 INF API: test started suite=0 test=40 name="interop/before/storage (erigon_release)"
Sep 24 01:25:32.867 INF API: test ended suite=0 test=40 pass=false
Sep 24 01:25:32.868 INF API: test started suite=0 test=41 name="interop/write-read/many-storage-write-read (erigon_release)"
Sep 24 01:25:32.872 INF API: test ended suite=0 test=41 pass=false
Sep 24 01:25:32.872 INF API: test started suite=0 test=42 name="interop/after-write-read/storage (erigon_release)"
Sep 24 01:25:32.875 INF API: test ended suite=0 test=42 pass=false
Sep 24 01:25:32.875 INF API: test started suite=0 test=43 name="interop/write-revert-read/many-storage-write-revert-read (erigon_release)"
Sep 24 01:25:32.878 INF API: test ended suite=0 test=43 pass=false
Sep 24 01:25:32.879 INF API: test started suite=0 test=44 name="interop/after-write-revert-read/storage (erigon_release)"
Sep 24 01:25:32.881 INF API: test ended suite=0 test=44 pass=false
Sep 24 01:25:33.005 INF API: test ended suite=0 test=34 pass=true
Sep 24 01:25:33.007 INF API: test started suite=0 test=45 name="client launch (go-ethereum_trace)"
Sep 24 01:25:33.647 INF API: client go-ethereum_trace started suite=0 test=45 container=618f1ad8
Sep 24 01:25:33.652 INF API: test started suite=0 test=46 name="interop/_control/head (go-ethereum_trace)"
Sep 24 01:25:33.655 INF API: test ended suite=0 test=46 pass=false
Sep 24 01:25:33.656 INF API: test started suite=0 test=47 name="interop/_control/latest (go-ethereum_trace)"
Sep 24 01:25:33.659 INF API: test ended suite=0 test=47 pass=false
Sep 24 01:25:33.660 INF API: test started suite=0 test=48 name="interop/_control/version (go-ethereum_trace)"
Sep 24 01:25:33.663 INF API: test ended suite=0 test=48 pass=false
Sep 24 01:25:33.664 INF API: test started suite=0 test=49 name="interop/before/code (go-ethereum_trace)"
Sep 24 01:25:33.667 INF API: test ended suite=0 test=49 pass=false
Sep 24 01:25:33.668 INF API: test started suite=0 test=50 name="interop/before/control-nonce (go-ethereum_trace)"
Sep 24 01:25:33.670 INF API: test ended suite=0 test=50 pass=false
Sep 24 01:25:33.671 INF API: test started suite=0 test=51 name="interop/before/storage (go-ethereum_trace)"
Sep 24 01:25:33.674 INF API: test ended suite=0 test=51 pass=false
Sep 24 01:25:33.675 INF API: test started suite=0 test=52 name="interop/write-read/many-storage-write-read (go-ethereum_trace)"
Sep 24 01:25:33.678 INF API: test ended suite=0 test=52 pass=false
Sep 24 01:25:33.679 INF API: test started suite=0 test=53 name="interop/after-write-read/storage (go-ethereum_trace)"
Sep 24 01:25:33.682 INF API: test ended suite=0 test=53 pass=false
Sep 24 01:25:33.683 INF API: test started suite=0 test=54 name="interop/write-revert-read/many-storage-write-revert-read (go-ethereum_trace)"
Sep 24 01:25:33.686 INF API: test ended suite=0 test=54 pass=false
Sep 24 01:25:33.687 INF API: test started suite=0 test=55 name="interop/after-write-revert-read/storage (go-ethereum_trace)"
Sep 24 01:25:33.689 INF API: test ended suite=0 test=55 pass=false
Sep 24 01:25:33.807 INF API: test ended suite=0 test=45 pass=true
Sep 24 01:25:33.808 INF API: test started suite=0 test=56 name="client launch (nethermind_development)"
Sep 24 01:25:41.748 INF API: client nethermind_development started suite=0 test=56 container=137bdd5a
Sep 24 01:25:41.886 INF API: test started suite=0 test=57 name="interop/_control/head (nethermind_development)"
Sep 24 01:25:41.890 INF API: test ended suite=0 test=57 pass=false
Sep 24 01:25:41.891 INF API: test started suite=0 test=58 name="interop/_control/latest (nethermind_development)"
Sep 24 01:25:41.894 INF API: test ended suite=0 test=58 pass=false
Sep 24 01:25:41.895 INF API: test started suite=0 test=59 name="interop/_control/version (nethermind_development)"
Sep 24 01:25:41.899 INF API: test ended suite=0 test=59 pass=false
Sep 24 01:25:41.900 INF API: test started suite=0 test=60 name="interop/before/code (nethermind_development)"
Sep 24 01:25:41.904 INF API: test ended suite=0 test=60 pass=false
Sep 24 01:25:41.905 INF API: test started suite=0 test=61 name="interop/before/control-nonce (nethermind_development)"
Sep 24 01:25:41.910 INF API: test ended suite=0 test=61 pass=false
Sep 24 01:25:41.911 INF API: test started suite=0 test=62 name="interop/before/storage (nethermind_development)"
Sep 24 01:25:41.915 INF API: test ended suite=0 test=62 pass=false
Sep 24 01:25:41.916 INF API: test started suite=0 test=63 name="interop/write-read/many-storage-write-read (nethermind_development)"
Sep 24 01:25:42.049 INF API: test ended suite=0 test=63 pass=false
Sep 24 01:25:42.051 INF API: test started suite=0 test=64 name="interop/after-write-read/storage (nethermind_development)"
Sep 24 01:25:42.055 INF API: test ended suite=0 test=64 pass=false
Sep 24 01:25:42.056 INF API: test started suite=0 test=65 name="interop/write-revert-read/many-storage-write-revert-read (nethermind_development)"
Sep 24 01:25:42.064 INF API: test ended suite=0 test=65 pass=false
Sep 24 01:25:42.065 INF API: test started suite=0 test=66 name="interop/after-write-revert-read/storage (nethermind_development)"
Sep 24 01:25:42.067 INF API: test ended suite=0 test=66 pass=false
Sep 24 01:25:42.207 INF API: test ended suite=0 test=56 pass=true
Sep 24 01:25:42.209 INF API: test started suite=0 test=67 name="client launch (nethermind_release)"
Sep 24 01:25:49.150 INF API: client nethermind_release started suite=0 test=67 container=ea136d98
Sep 24 01:25:49.315 INF API: test started suite=0 test=68 name="interop/_control/head (nethermind_release)"
Sep 24 01:25:49.321 INF API: test ended suite=0 test=68 pass=false
Sep 24 01:25:49.323 INF API: test started suite=0 test=69 name="interop/_control/latest (nethermind_release)"
Sep 24 01:25:49.325 INF API: test ended suite=0 test=69 pass=false
Sep 24 01:25:49.326 INF API: test started suite=0 test=70 name="interop/_control/version (nethermind_release)"
Sep 24 01:25:49.331 INF API: test ended suite=0 test=70 pass=false
Sep 24 01:25:49.332 INF API: test started suite=0 test=71 name="interop/before/code (nethermind_release)"
Sep 24 01:25:49.335 INF API: test ended suite=0 test=71 pass=false
Sep 24 01:25:49.336 INF API: test started suite=0 test=72 name="interop/before/control-nonce (nethermind_release)"
Sep 24 01:25:49.341 INF API: test ended suite=0 test=72 pass=false
Sep 24 01:25:49.342 INF API: test started suite=0 test=73 name="interop/before/storage (nethermind_release)"
Sep 24 01:25:49.345 INF API: test ended suite=0 test=73 pass=false
Sep 24 01:25:49.346 INF API: test started suite=0 test=74 name="interop/write-read/many-storage-write-read (nethermind_release)"
Sep 24 01:25:49.459 INF API: test ended suite=0 test=74 pass=false
Sep 24 01:25:49.461 INF API: test started suite=0 test=75 name="interop/after-write-read/storage (nethermind_release)"
Sep 24 01:25:49.464 INF API: test ended suite=0 test=75 pass=false
Sep 24 01:25:49.465 INF API: test started suite=0 test=76 name="interop/write-revert-read/many-storage-write-revert-read (nethermind_release)"
Sep 24 01:25:49.471 INF API: test ended suite=0 test=76 pass=false
Sep 24 01:25:49.472 INF API: test started suite=0 test=77 name="interop/after-write-revert-read/storage (nethermind_release)"
Sep 24 01:25:49.474 INF API: test ended suite=0 test=77 pass=false
Sep 24 01:25:49.633 INF API: test ended suite=0 test=67 pass=true
Sep 24 01:25:49.635 INF API: test started suite=0 test=78 name="client launch (reth_development)"
Sep 24 01:25:50.284 INF API: client reth_development started suite=0 test=78 container=b88b376e
Sep 24 01:25:50.288 INF API: test started suite=0 test=79 name="interop/_control/head (reth_development)"
Sep 24 01:25:50.291 INF API: test ended suite=0 test=79 pass=false
Sep 24 01:25:50.292 INF API: test started suite=0 test=80 name="interop/_control/latest (reth_development)"
Sep 24 01:25:50.295 INF API: test ended suite=0 test=80 pass=false
Sep 24 01:25:50.296 INF API: test started suite=0 test=81 name="interop/_control/version (reth_development)"
Sep 24 01:25:50.298 INF API: test ended suite=0 test=81 pass=false
Sep 24 01:25:50.299 INF API: test started suite=0 test=82 name="interop/before/code (reth_development)"
Sep 24 01:25:50.302 INF API: test ended suite=0 test=82 pass=false
Sep 24 01:25:50.302 INF API: test started suite=0 test=83 name="interop/before/control-nonce (reth_development)"
Sep 24 01:25:50.304 INF API: test ended suite=0 test=83 pass=false
Sep 24 01:25:50.305 INF API: test started suite=0 test=84 name="interop/before/storage (reth_development)"
Sep 24 01:25:50.307 INF API: test ended suite=0 test=84 pass=false
Sep 24 01:25:50.308 INF API: test started suite=0 test=85 name="interop/write-read/many-storage-write-read (reth_development)"
Sep 24 01:25:50.311 INF API: test ended suite=0 test=85 pass=false
Sep 24 01:25:50.311 INF API: test started suite=0 test=86 name="interop/after-write-read/storage (reth_development)"
Sep 24 01:25:50.314 INF API: test ended suite=0 test=86 pass=false
Sep 24 01:25:50.314 INF API: test started suite=0 test=87 name="interop/write-revert-read/many-storage-write-revert-read (reth_development)"
Sep 24 01:25:50.317 INF API: test ended suite=0 test=87 pass=false
Sep 24 01:25:50.318 INF API: test started suite=0 test=88 name="interop/after-write-revert-read/storage (reth_development)"
Sep 24 01:25:50.320 INF API: test ended suite=0 test=88 pass=false
Sep 24 01:25:50.449 INF API: test ended suite=0 test=78 pass=true
Sep 24 01:25:50.450 INF API: test started suite=0 test=89 name="client launch (reth_release)"
Sep 24 01:25:51.095 INF API: client reth_release started suite=0 test=89 container=b8bd1f5d
Sep 24 01:25:51.100 INF API: test started suite=0 test=90 name="interop/_control/head (reth_release)"
Sep 24 01:25:51.103 INF API: test ended suite=0 test=90 pass=false
Sep 24 01:25:51.103 INF API: test started suite=0 test=91 name="interop/_control/latest (reth_release)"
Sep 24 01:25:51.106 INF API: test ended suite=0 test=91 pass=false
Sep 24 01:25:51.107 INF API: test started suite=0 test=92 name="interop/_control/version (reth_release)"
Sep 24 01:25:51.109 INF API: test ended suite=0 test=92 pass=false
Sep 24 01:25:51.110 INF API: test started suite=0 test=93 name="interop/before/code (reth_release)"
Sep 24 01:25:51.113 INF API: test ended suite=0 test=93 pass=false
Sep 24 01:25:51.113 INF API: test started suite=0 test=94 name="interop/before/control-nonce (reth_release)"
Sep 24 01:25:51.115 INF API: test ended suite=0 test=94 pass=false
Sep 24 01:25:51.116 INF API: test started suite=0 test=95 name="interop/before/storage (reth_release)"
Sep 24 01:25:51.119 INF API: test ended suite=0 test=95 pass=false
Sep 24 01:25:51.120 INF API: test started suite=0 test=96 name="interop/write-read/many-storage-write-read (reth_release)"
Sep 24 01:25:51.122 INF API: test ended suite=0 test=96 pass=false
Sep 24 01:25:51.123 INF API: test started suite=0 test=97 name="interop/after-write-read/storage (reth_release)"
Sep 24 01:25:51.126 INF API: test ended suite=0 test=97 pass=false
Sep 24 01:25:51.127 INF API: test started suite=0 test=98 name="interop/write-revert-read/many-storage-write-revert-read (reth_release)"
Sep 24 01:25:51.129 INF API: test ended suite=0 test=98 pass=false
Sep 24 01:25:51.130 INF API: test started suite=0 test=99 name="interop/after-write-revert-read/storage (reth_release)"
Sep 24 01:25:51.133 INF API: test ended suite=0 test=99 pass=false
Sep 24 01:25:51.269 INF API: test ended suite=0 test=89 pass=true
Sep 24 01:25:51.278 INF API: suite ended suite=0
Sep 24 01:25:51.491 INF simulation ethereum/rpc-compat finished suites=1 tests=99 failed=90
90 tests failed
