Sep 23 17:16:58.579 INF building image image=hive/hiveproxy nocache=false pull=false
Sep 23 17:16:58.611 INF building 1 clients...
Sep 23 17:16:58.611 INF building image image=hive/clients/go-ethereum_trace:latest dir=clients/go-ethereum nocache=false pull=false baseimage=trace-interop/go-ethereum tag=351f4131517b32d6a34d884f30dd5d6db83e1c008297f920e87b02b269f9874e
Sep 23 17:16:58.648 INF building 1 simulators...
Sep 23 17:16:58.648 INF building image image=hive/simulators/ethereum/rpc-compat:latest dir=simulators/ethereum/rpc-compat nocache=false pull=false
Sep 23 17:16:58.682 INF creating output directory folder=/home/banteg/dev/trace-geth-contract-evidence/geth-contract-a/hive
Sep 23 17:16:58.691 INF running simulation: ethereum/rpc-compat
Sep 23 17:16:58.832 INF hiveproxy started container=b0d9ae70187e addr=172.17.0.2:8081
Sep 23 17:16:59.003 INF API: suite started suite=0 name=rpc-compat
Sep 23 17:16:59.004 INF API: test started suite=0 test=1 name="client launch (go-ethereum_trace)"
Sep 23 17:16:59.663 INF API: client go-ethereum_trace started suite=0 test=1 container=c6a62c73
Sep 23 17:16:59.676 INF API: test started suite=0 test=2 name="interop/_control/head (go-ethereum_trace)"
Sep 23 17:16:59.679 INF API: test ended suite=0 test=2 pass=false
Sep 23 17:16:59.680 INF API: test started suite=0 test=3 name="interop/_control/latest (go-ethereum_trace)"
Sep 23 17:16:59.682 INF API: test ended suite=0 test=3 pass=false
Sep 23 17:16:59.684 INF API: test started suite=0 test=4 name="interop/_control/version (go-ethereum_trace)"
Sep 23 17:16:59.688 INF API: test ended suite=0 test=4 pass=false
Sep 23 17:16:59.689 INF API: test started suite=0 test=5 name="interop/auth-clear (go-ethereum_trace)"
Sep 23 17:16:59.692 INF API: test ended suite=0 test=5 pass=false
Sep 23 17:16:59.693 INF API: test started suite=0 test=6 name="interop/auth-replace (go-ethereum_trace)"
Sep 23 17:16:59.698 INF API: test ended suite=0 test=6 pass=false
Sep 23 17:16:59.699 INF API: test started suite=0 test=7 name="interop/auth-set-revert (go-ethereum_trace)"
Sep 23 17:16:59.702 INF API: test ended suite=0 test=7 pass=false
Sep 23 17:16:59.703 INF API: test started suite=0 test=8 name="interop/auth-set (go-ethereum_trace)"
Sep 23 17:16:59.707 INF API: test ended suite=0 test=8 pass=false
Sep 23 17:16:59.708 INF API: test started suite=0 test=9 name="interop/block-2 (go-ethereum_trace)"
Sep 23 17:16:59.713 INF API: test ended suite=0 test=9 pass=false
Sep 23 17:16:59.714 INF API: test started suite=0 test=10 name="interop/block-3 (go-ethereum_trace)"
Sep 23 17:16:59.718 INF API: test ended suite=0 test=10 pass=false
Sep 23 17:16:59.718 INF API: test started suite=0 test=11 name="interop/call-destroy (go-ethereum_trace)"
Sep 23 17:16:59.722 INF API: test ended suite=0 test=11 pass=false
Sep 23 17:16:59.723 INF API: test started suite=0 test=12 name="interop/call-gas7400 (go-ethereum_trace)"
Sep 23 17:16:59.731 INF API: test ended suite=0 test=12 pass=false
Sep 23 17:16:59.732 INF API: test started suite=0 test=13 name="interop/call-mcopy (go-ethereum_trace)"
Sep 23 17:16:59.735 INF API: test ended suite=0 test=13 pass=false
Sep 23 17:16:59.736 INF API: test started suite=0 test=14 name="interop/call-mixed-create (go-ethereum_trace)"
Sep 23 17:16:59.740 INF API: test ended suite=0 test=14 pass=false
Sep 23 17:16:59.741 INF API: test started suite=0 test=15 name="interop/call-null-mode (go-ethereum_trace)"
Sep 23 17:16:59.743 INF API: test ended suite=0 test=15 pass=false
Sep 23 17:16:59.744 INF API: test started suite=0 test=16 name="interop/call-return42 (go-ethereum_trace)"
Sep 23 17:16:59.747 INF API: test ended suite=0 test=16 pass=false
Sep 23 17:16:59.747 INF API: test started suite=0 test=17 name="interop/call-scalar-mode (go-ethereum_trace)"
Sep 23 17:16:59.750 INF API: test ended suite=0 test=17 pass=false
Sep 23 17:16:59.751 INF API: test started suite=0 test=18 name="interop/call-siblings-ok-revert (go-ethereum_trace)"
Sep 23 17:16:59.755 INF API: test ended suite=0 test=18 pass=false
Sep 23 17:16:59.756 INF API: test started suite=0 test=19 name="interop/call-siblings-revert-ok (go-ethereum_trace)"
Sep 23 17:16:59.761 INF API: test ended suite=0 test=19 pass=false
Sep 23 17:16:59.762 INF API: test started suite=0 test=20 name="interop/call-unknown-field (go-ethereum_trace)"
Sep 23 17:16:59.765 INF API: test ended suite=0 test=20 pass=false
Sep 23 17:16:59.765 INF API: test started suite=0 test=21 name="interop/call-unknown-mode (go-ethereum_trace)"
Sep 23 17:16:59.768 INF API: test ended suite=0 test=21 pass=false
Sep 23 17:16:59.769 INF API: test started suite=0 test=22 name="interop/call-wrong-type (go-ethereum_trace)"
Sep 23 17:16:59.771 INF API: test ended suite=0 test=22 pass=false
Sep 23 17:16:59.772 INF API: test started suite=0 test=23 name="interop/control-chain (go-ethereum_trace)"
Sep 23 17:16:59.775 INF API: test ended suite=0 test=23 pass=false
Sep 23 17:16:59.775 INF API: test started suite=0 test=24 name="interop/control-code-delegated (go-ethereum_trace)"
Sep 23 17:16:59.777 INF API: test ended suite=0 test=24 pass=false
Sep 23 17:16:59.778 INF API: test started suite=0 test=25 name="interop/control-code-destroy (go-ethereum_trace)"
Sep 23 17:16:59.780 INF API: test ended suite=0 test=25 pass=false
Sep 23 17:16:59.780 INF API: test started suite=0 test=26 name="interop/control-code-gas7400 (go-ethereum_trace)"
Sep 23 17:16:59.783 INF API: test ended suite=0 test=26 pass=false
Sep 23 17:16:59.784 INF API: test started suite=0 test=27 name="interop/control-code-mcopy (go-ethereum_trace)"
Sep 23 17:16:59.786 INF API: test ended suite=0 test=27 pass=false
Sep 23 17:16:59.787 INF API: test started suite=0 test=28 name="interop/control-code-mixed-create (go-ethereum_trace)"
Sep 23 17:16:59.789 INF API: test ended suite=0 test=28 pass=false
Sep 23 17:16:59.790 INF API: test started suite=0 test=29 name="interop/control-code-prefunded-empty (go-ethereum_trace)"
Sep 23 17:16:59.792 INF API: test ended suite=0 test=29 pass=false
Sep 23 17:16:59.793 INF API: test started suite=0 test=30 name="interop/control-code-return42 (go-ethereum_trace)"
Sep 23 17:16:59.796 INF API: test ended suite=0 test=30 pass=false
Sep 23 17:16:59.797 INF API: test started suite=0 test=31 name="interop/control-code-revert (go-ethereum_trace)"
Sep 23 17:16:59.799 INF API: test ended suite=0 test=31 pass=false
Sep 23 17:16:59.800 INF API: test started suite=0 test=32 name="interop/control-code-siblings-ok-revert (go-ethereum_trace)"
Sep 23 17:16:59.803 INF API: test ended suite=0 test=32 pass=false
Sep 23 17:16:59.803 INF API: test started suite=0 test=33 name="interop/control-code-siblings-revert-ok (go-ethereum_trace)"
Sep 23 17:16:59.806 INF API: test ended suite=0 test=33 pass=false
Sep 23 17:16:59.806 INF API: test started suite=0 test=34 name="interop/control-code-storage (go-ethereum_trace)"
Sep 23 17:16:59.808 INF API: test ended suite=0 test=34 pass=false
Sep 23 17:16:59.809 INF API: test started suite=0 test=35 name="interop/control-code-undelegated (go-ethereum_trace)"
Sep 23 17:16:59.811 INF API: test ended suite=0 test=35 pass=false
Sep 23 17:16:59.812 INF API: test started suite=0 test=36 name="interop/control-head (go-ethereum_trace)"
Sep 23 17:16:59.815 INF API: test ended suite=0 test=36 pass=false
Sep 23 17:16:59.816 INF API: test started suite=0 test=37 name="interop/control-height (go-ethereum_trace)"
Sep 23 17:16:59.820 INF API: test ended suite=0 test=37 pass=false
Sep 23 17:16:59.821 INF API: test started suite=0 test=38 name="interop/control-nonce (go-ethereum_trace)"
Sep 23 17:16:59.823 INF API: test ended suite=0 test=38 pass=false
Sep 23 17:16:59.824 INF API: test started suite=0 test=39 name="interop/control-storage-after-many (go-ethereum_trace)"
Sep 23 17:16:59.827 INF API: test ended suite=0 test=39 pass=false
Sep 23 17:16:59.828 INF API: test started suite=0 test=40 name="interop/control-version (go-ethereum_trace)"
Sep 23 17:16:59.830 INF API: test ended suite=0 test=40 pass=false
Sep 23 17:16:59.831 INF API: test started suite=0 test=41 name="interop/debug-destroy (go-ethereum_trace)"
Sep 23 17:16:59.834 INF API: test ended suite=0 test=41 pass=false
Sep 23 17:16:59.835 INF API: test started suite=0 test=42 name="interop/debug-gas7400-opcodes (go-ethereum_trace)"
Sep 23 17:16:59.837 INF API: test ended suite=0 test=42 pass=false
Sep 23 17:16:59.838 INF API: test started suite=0 test=43 name="interop/debug-gas7400 (go-ethereum_trace)"
Sep 23 17:16:59.840 INF API: test ended suite=0 test=43 pass=false
Sep 23 17:16:59.841 INF API: test started suite=0 test=44 name="interop/debug-mcopy (go-ethereum_trace)"
Sep 23 17:16:59.844 INF API: test ended suite=0 test=44 pass=false
Sep 23 17:16:59.845 INF API: test started suite=0 test=45 name="interop/debug-mixed-create (go-ethereum_trace)"
Sep 23 17:16:59.847 INF API: test ended suite=0 test=45 pass=false
Sep 23 17:16:59.848 INF API: test started suite=0 test=46 name="interop/debug-return42 (go-ethereum_trace)"
Sep 23 17:16:59.850 INF API: test ended suite=0 test=46 pass=false
Sep 23 17:16:59.851 INF API: test started suite=0 test=47 name="interop/debug-siblings-ok-revert (go-ethereum_trace)"
Sep 23 17:16:59.853 INF API: test ended suite=0 test=47 pass=false
Sep 23 17:16:59.854 INF API: test started suite=0 test=48 name="interop/debug-siblings-revert-ok (go-ethereum_trace)"
Sep 23 17:16:59.857 INF API: test ended suite=0 test=48 pass=false
Sep 23 17:16:59.857 INF API: test started suite=0 test=49 name="interop/empty-types (go-ethereum_trace)"
Sep 23 17:16:59.860 INF API: test ended suite=0 test=49 pass=false
Sep 23 17:16:59.860 INF API: test started suite=0 test=50 name="interop/filter-all (go-ethereum_trace)"
Sep 23 17:16:59.864 INF API: test ended suite=0 test=50 pass=false
Sep 23 17:16:59.865 INF API: test started suite=0 test=51 name="interop/filter-both-null (go-ethereum_trace)"
Sep 23 17:16:59.869 INF API: test ended suite=0 test=51 pass=false
Sep 23 17:16:59.870 INF API: test started suite=0 test=52 name="interop/filter-both-unknown-mode (go-ethereum_trace)"
Sep 23 17:16:59.872 INF API: test ended suite=0 test=52 pass=false
Sep 23 17:16:59.873 INF API: test started suite=0 test=53 name="interop/filter-created-to (go-ethereum_trace)"
Sep 23 17:16:59.876 INF API: test ended suite=0 test=53 pass=false
Sep 23 17:16:59.876 INF API: test started suite=0 test=54 name="interop/filter-creator-from (go-ethereum_trace)"
Sep 23 17:16:59.881 INF API: test ended suite=0 test=54 pass=false
Sep 23 17:16:59.882 INF API: test started suite=0 test=55 name="interop/filter-from-empty-to-set (go-ethereum_trace)"
Sep 23 17:16:59.885 INF API: test ended suite=0 test=55 pass=false
Sep 23 17:16:59.886 INF API: test started suite=0 test=56 name="interop/filter-from-null (go-ethereum_trace)"
Sep 23 17:16:59.890 INF API: test ended suite=0 test=56 pass=false
Sep 23 17:16:59.891 INF API: test started suite=0 test=57 name="interop/filter-from-only-intersection (go-ethereum_trace)"
Sep 23 17:16:59.894 INF API: test ended suite=0 test=57 pass=false
Sep 23 17:16:59.895 INF API: test started suite=0 test=58 name="interop/filter-from-only-union (go-ethereum_trace)"
Sep 23 17:16:59.899 INF API: test ended suite=0 test=58 pass=false
Sep 23 17:16:59.899 INF API: test started suite=0 test=59 name="interop/filter-negative-count (go-ethereum_trace)"
Sep 23 17:16:59.902 INF API: test ended suite=0 test=59 pass=false
Sep 23 17:16:59.902 INF API: test started suite=0 test=60 name="interop/filter-page-0 (go-ethereum_trace)"
Sep 23 17:16:59.905 INF API: test ended suite=0 test=60 pass=false
Sep 23 17:16:59.906 INF API: test started suite=0 test=61 name="interop/filter-page-1 (go-ethereum_trace)"
Sep 23 17:16:59.909 INF API: test ended suite=0 test=61 pass=false
Sep 23 17:16:59.909 INF API: test started suite=0 test=62 name="interop/filter-page-2 (go-ethereum_trace)"
Sep 23 17:16:59.912 INF API: test ended suite=0 test=62 pass=false
Sep 23 17:16:59.913 INF API: test started suite=0 test=63 name="interop/filter-past-end-page (go-ethereum_trace)"
Sep 23 17:16:59.917 INF API: test ended suite=0 test=63 pass=false
Sep 23 17:16:59.917 INF API: test started suite=0 test=64 name="interop/filter-snapshot (go-ethereum_trace)"
Sep 23 17:16:59.921 INF API: test ended suite=0 test=64 pass=false
Sep 23 17:16:59.921 INF API: test started suite=0 test=65 name="interop/filter-suicide-beneficiary (go-ethereum_trace)"
Sep 23 17:16:59.924 INF API: test ended suite=0 test=65 pass=false
Sep 23 17:16:59.925 INF API: test started suite=0 test=66 name="interop/filter-suicide-from (go-ethereum_trace)"
Sep 23 17:16:59.928 INF API: test ended suite=0 test=66 pass=false
Sep 23 17:16:59.929 INF API: test started suite=0 test=67 name="interop/filter-to-empty-from-set (go-ethereum_trace)"
Sep 23 17:16:59.932 INF API: test ended suite=0 test=67 pass=false
Sep 23 17:16:59.933 INF API: test started suite=0 test=68 name="interop/filter-to-null (go-ethereum_trace)"
Sep 23 17:16:59.937 INF API: test ended suite=0 test=68 pass=false
Sep 23 17:16:59.938 INF API: test started suite=0 test=69 name="interop/filter-to-only-intersection (go-ethereum_trace)"
Sep 23 17:16:59.941 INF API: test ended suite=0 test=69 pass=false
Sep 23 17:16:59.942 INF API: test started suite=0 test=70 name="interop/filter-to-only-union (go-ethereum_trace)"
Sep 23 17:16:59.946 INF API: test ended suite=0 test=70 pass=false
Sep 23 17:16:59.946 INF API: test started suite=0 test=71 name="interop/filter-two-blocks (go-ethereum_trace)"
Sep 23 17:16:59.951 INF API: test ended suite=0 test=71 pass=false
Sep 23 17:16:59.952 INF API: test started suite=0 test=72 name="interop/filter-unknown-field (go-ethereum_trace)"
Sep 23 17:16:59.954 INF API: test ended suite=0 test=72 pass=false
Sep 23 17:16:59.955 INF API: test started suite=0 test=73 name="interop/filter-wrong-address-type (go-ethereum_trace)"
Sep 23 17:16:59.957 INF API: test ended suite=0 test=73 pass=false
Sep 23 17:16:59.958 INF API: test started suite=0 test=74 name="interop/get-integer-path (go-ethereum_trace)"
Sep 23 17:16:59.960 INF API: test ended suite=0 test=74 pass=false
Sep 23 17:16:59.961 INF API: test started suite=0 test=75 name="interop/get-nested-parent (go-ethereum_trace)"
Sep 23 17:16:59.964 INF API: test ended suite=0 test=75 pass=false
Sep 23 17:16:59.965 INF API: test started suite=0 test=76 name="interop/get-nested-positive (go-ethereum_trace)"
Sep 23 17:16:59.968 INF API: test ended suite=0 test=76 pass=false
Sep 23 17:16:59.968 INF API: test started suite=0 test=77 name="interop/get-path-wrong-type (go-ethereum_trace)"
Sep 23 17:16:59.971 INF API: test ended suite=0 test=77 pass=false
Sep 23 17:16:59.971 INF API: test started suite=0 test=78 name="interop/many-storage-write-read (go-ethereum_trace)"
Sep 23 17:16:59.974 INF API: test ended suite=0 test=78 pass=false
Sep 23 17:16:59.975 INF API: test started suite=0 test=79 name="interop/many-storage-write-revert-read (go-ethereum_trace)"
Sep 23 17:16:59.978 INF API: test ended suite=0 test=79 pass=false
Sep 23 17:16:59.978 INF API: test started suite=0 test=80 name="interop/missing-block-block (go-ethereum_trace)"
Sep 23 17:16:59.981 INF API: test ended suite=0 test=80 pass=false
Sep 23 17:16:59.981 INF API: test started suite=0 test=81 name="interop/missing-block-call (go-ethereum_trace)"
Sep 23 17:16:59.984 INF API: test ended suite=0 test=81 pass=false
Sep 23 17:16:59.984 INF API: test started suite=0 test=82 name="interop/missing-block-filter (go-ethereum_trace)"
Sep 23 17:16:59.987 INF API: test ended suite=0 test=82 pass=false
Sep 23 17:16:59.987 INF API: test started suite=0 test=83 name="interop/prefunded-empty (go-ethereum_trace)"
Sep 23 17:16:59.990 INF API: test ended suite=0 test=83 pass=false
Sep 23 17:16:59.990 INF API: test started suite=0 test=84 name="interop/raw-below-basefee (go-ethereum_trace)"
Sep 23 17:16:59.992 INF API: test ended suite=0 test=84 pass=false
Sep 23 17:16:59.993 INF API: test started suite=0 test=85 name="interop/raw-insufficient-funds (go-ethereum_trace)"
Sep 23 17:16:59.995 INF API: test ended suite=0 test=85 pass=false
Sep 23 17:16:59.995 INF API: test started suite=0 test=86 name="interop/raw-low-gas (go-ethereum_trace)"
Sep 23 17:16:59.997 INF API: test ended suite=0 test=86 pass=false
Sep 23 17:16:59.998 INF API: test started suite=0 test=87 name="interop/raw-nonce-high (go-ethereum_trace)"
Sep 23 17:17:00.000 INF API: test ended suite=0 test=87 pass=false
Sep 23 17:17:00.000 INF API: test started suite=0 test=88 name="interop/raw-valid (go-ethereum_trace)"
Sep 23 17:17:00.002 INF API: test ended suite=0 test=88 pass=false
Sep 23 17:17:00.003 INF API: test started suite=0 test=89 name="interop/raw-wrong-chain (go-ethereum_trace)"
Sep 23 17:17:00.005 INF API: test ended suite=0 test=89 pass=false
Sep 23 17:17:00.006 INF API: test started suite=0 test=90 name="interop/state-only-nonempty-output (go-ethereum_trace)"
Sep 23 17:17:00.007 INF API: test ended suite=0 test=90 pass=false
Sep 23 17:17:00.008 INF API: test started suite=0 test=91 name="interop/transaction-tree (go-ethereum_trace)"
Sep 23 17:17:00.011 INF API: test ended suite=0 test=91 pass=false
Sep 23 17:17:00.012 INF API: test started suite=0 test=92 name="interop/vm-only-nonempty-output (go-ethereum_trace)"
Sep 23 17:17:00.014 INF API: test ended suite=0 test=92 pass=false
Sep 23 17:17:00.164 INF API: test ended suite=0 test=1 pass=true
Sep 23 17:17:00.171 INF API: suite ended suite=0
Sep 23 17:17:00.452 INF simulation ethereum/rpc-compat finished suites=1 tests=92 failed=91
91 tests failed
