Sep 23 00:11:33.252 INF building image image=hive/hiveproxy nocache=false pull=false
Sep 23 00:11:33.556 INF building 1 clients...
Sep 23 00:11:33.556 INF building image image=hive/clients/go-ethereum_trace:latest dir=clients/go-ethereum nocache=false pull=false baseimage=trace-interop/go-ethereum tag=0f2c4e64ecec547a21e80058275d6c7072918c37947fdf36fe1893ba47abec2e
Sep 23 00:11:33.752 INF building 1 simulators...
Sep 23 00:11:33.752 INF building image image=hive/simulators/ethereum/rpc-compat:latest dir=simulators/ethereum/rpc-compat nocache=false pull=false
Sep 23 00:11:33.815 INF creating output directory folder=/home/banteg/dev/trace-review-20260923/runs/precompile-values-geth/hive
Sep 23 00:11:33.824 INF running simulation: ethereum/rpc-compat
Sep 23 00:11:34.158 INF hiveproxy started container=a5dbe3b8a1e0 addr=172.17.0.2:8081
Sep 23 00:11:34.488 INF API: suite started suite=0 name=rpc-compat
Sep 23 00:11:34.490 INF API: test started suite=0 test=1 name="client launch (go-ethereum_trace)"
Sep 23 00:11:36.648 INF API: client go-ethereum_trace started suite=0 test=1 container=3f47d1d2
Sep 23 00:11:36.663 INF API: test started suite=0 test=2 name="interop/_control/create-nonce (go-ethereum_trace)"
Sep 23 00:11:36.670 INF API: test ended suite=0 test=2 pass=false
Sep 23 00:11:36.672 INF API: test started suite=0 test=3 name="interop/_control/head (go-ethereum_trace)"
Sep 23 00:11:36.676 INF API: test ended suite=0 test=3 pass=false
Sep 23 00:11:36.677 INF API: test started suite=0 test=4 name="interop/_control/target-balance (go-ethereum_trace)"
Sep 23 00:11:36.679 INF API: test ended suite=0 test=4 pass=false
Sep 23 00:11:36.680 INF API: test started suite=0 test=5 name="interop/_control/target-code (go-ethereum_trace)"
Sep 23 00:11:36.681 INF API: test ended suite=0 test=5 pass=false
Sep 23 00:11:36.682 INF API: test started suite=0 test=6 name="interop/_control/target-nonce (go-ethereum_trace)"
Sep 23 00:11:36.684 INF API: test ended suite=0 test=6 pass=false
Sep 23 00:11:36.685 INF API: test started suite=0 test=7 name="interop/_control/version (go-ethereum_trace)"
Sep 23 00:11:36.686 INF API: test ended suite=0 test=7 pass=false
Sep 23 00:11:36.687 INF API: test started suite=0 test=8 name="interop/nested-call-outer0-value1-failed (go-ethereum_trace)"
Sep 23 00:11:36.690 INF API: test ended suite=0 test=8 pass=false
Sep 23 00:11:36.690 INF API: test started suite=0 test=9 name="interop/nested-call-outer0-value1-success (go-ethereum_trace)"
Sep 23 00:11:36.693 INF API: test ended suite=0 test=9 pass=false
Sep 23 00:11:36.694 INF API: test started suite=0 test=10 name="interop/nested-call-outer1-value0-failed (go-ethereum_trace)"
Sep 23 00:11:36.697 INF API: test ended suite=0 test=10 pass=false
Sep 23 00:11:36.698 INF API: test started suite=0 test=11 name="interop/nested-call-outer1-value0-success (go-ethereum_trace)"
Sep 23 00:11:36.700 INF API: test ended suite=0 test=11 pass=false
Sep 23 00:11:36.701 INF API: test started suite=0 test=12 name="interop/nested-callcode-outer0-value1-failed (go-ethereum_trace)"
Sep 23 00:11:36.704 INF API: test ended suite=0 test=12 pass=false
Sep 23 00:11:36.705 INF API: test started suite=0 test=13 name="interop/nested-callcode-outer0-value1-success (go-ethereum_trace)"
Sep 23 00:11:36.707 INF API: test ended suite=0 test=13 pass=false
Sep 23 00:11:36.707 INF API: test started suite=0 test=14 name="interop/nested-callcode-outer1-value0-failed (go-ethereum_trace)"
Sep 23 00:11:36.709 INF API: test ended suite=0 test=14 pass=false
Sep 23 00:11:36.710 INF API: test started suite=0 test=15 name="interop/nested-callcode-outer1-value0-success (go-ethereum_trace)"
Sep 23 00:11:36.715 INF API: test ended suite=0 test=15 pass=false
Sep 23 00:11:37.381 INF API: test ended suite=0 test=1 pass=true
Sep 23 00:11:37.390 INF API: suite ended suite=0
Sep 23 00:11:38.337 INF simulation ethereum/rpc-compat finished suites=1 tests=15 failed=14
14 tests failed
