Sep 21 22:19:09.431 INF building image image=hive/hiveproxy nocache=false pull=false
Sep 21 22:19:09.459 INF building 1 clients...
Sep 21 22:19:09.459 INF building image image=hive/clients/go-ethereum_trace:latest dir=clients/go-ethereum nocache=false pull=false baseimage=trace-interop/go-ethereum tag=0f2c4e64ecec547a21e80058275d6c7072918c37947fdf36fe1893ba47abec2e
Sep 21 22:19:09.495 INF building 1 simulators...
Sep 21 22:19:09.495 INF building image image=hive/simulators/ethereum/rpc-compat:latest dir=simulators/ethereum/rpc-compat nocache=false pull=false
Sep 21 22:19:09.523 INF creating output directory folder=/home/banteg/dev/trace-interop/runs/geth-e29edff-a/hive
Sep 21 22:19:09.530 INF running simulation: ethereum/rpc-compat
Sep 21 22:19:09.690 INF hiveproxy started container=c58b72431968 addr=172.17.0.2:8081
Sep 21 22:19:09.870 INF API: suite started suite=0 name=rpc-compat
Sep 21 22:19:09.871 INF API: test started suite=0 test=1 name="client launch (go-ethereum_trace)"
Sep 21 22:19:10.556 INF API: client go-ethereum_trace started suite=0 test=1 container=b5d94664
Sep 21 22:19:10.565 INF API: test started suite=0 test=2 name="interop/_control/head (go-ethereum_trace)"
Sep 21 22:19:10.569 INF API: test ended suite=0 test=2 pass=false
Sep 21 22:19:10.569 INF API: test started suite=0 test=3 name="interop/_control/version (go-ethereum_trace)"
Sep 21 22:19:10.571 INF API: test ended suite=0 test=3 pass=false
Sep 21 22:19:10.572 INF API: test started suite=0 test=4 name="interop/auth-clear (go-ethereum_trace)"
Sep 21 22:19:10.576 INF API: test ended suite=0 test=4 pass=false
Sep 21 22:19:10.577 INF API: test started suite=0 test=5 name="interop/auth-replace (go-ethereum_trace)"
Sep 21 22:19:10.582 INF API: test ended suite=0 test=5 pass=false
Sep 21 22:19:10.583 INF API: test started suite=0 test=6 name="interop/auth-set-revert (go-ethereum_trace)"
Sep 21 22:19:10.587 INF API: test ended suite=0 test=6 pass=false
Sep 21 22:19:10.587 INF API: test started suite=0 test=7 name="interop/auth-set (go-ethereum_trace)"
Sep 21 22:19:10.590 INF API: test ended suite=0 test=7 pass=false
Sep 21 22:19:10.591 INF API: test started suite=0 test=8 name="interop/block-2 (go-ethereum_trace)"
Sep 21 22:19:10.597 INF API: test ended suite=0 test=8 pass=false
Sep 21 22:19:10.598 INF API: test started suite=0 test=9 name="interop/block-3 (go-ethereum_trace)"
Sep 21 22:19:10.604 INF API: test ended suite=0 test=9 pass=false
Sep 21 22:19:10.605 INF API: test started suite=0 test=10 name="interop/call-destroy (go-ethereum_trace)"
Sep 21 22:19:10.608 INF API: test ended suite=0 test=10 pass=false
Sep 21 22:19:10.609 INF API: test started suite=0 test=11 name="interop/call-gas7400 (go-ethereum_trace)"
Sep 21 22:19:10.618 INF API: test ended suite=0 test=11 pass=false
Sep 21 22:19:10.618 INF API: test started suite=0 test=12 name="interop/call-mcopy (go-ethereum_trace)"
Sep 21 22:19:10.622 INF API: test ended suite=0 test=12 pass=false
Sep 21 22:19:10.623 INF API: test started suite=0 test=13 name="interop/call-mixed-create (go-ethereum_trace)"
Sep 21 22:19:10.629 INF API: test ended suite=0 test=13 pass=false
Sep 21 22:19:10.630 INF API: test started suite=0 test=14 name="interop/call-null-mode (go-ethereum_trace)"
Sep 21 22:19:10.632 INF API: test ended suite=0 test=14 pass=false
Sep 21 22:19:10.633 INF API: test started suite=0 test=15 name="interop/call-return42 (go-ethereum_trace)"
Sep 21 22:19:10.635 INF API: test ended suite=0 test=15 pass=false
Sep 21 22:19:10.636 INF API: test started suite=0 test=16 name="interop/call-scalar-mode (go-ethereum_trace)"
Sep 21 22:19:10.638 INF API: test ended suite=0 test=16 pass=false
Sep 21 22:19:10.640 INF API: test started suite=0 test=17 name="interop/call-siblings-ok-revert (go-ethereum_trace)"
Sep 21 22:19:10.643 INF API: test ended suite=0 test=17 pass=false
Sep 21 22:19:10.644 INF API: test started suite=0 test=18 name="interop/call-siblings-revert-ok (go-ethereum_trace)"
Sep 21 22:19:10.648 INF API: test ended suite=0 test=18 pass=false
Sep 21 22:19:10.649 INF API: test started suite=0 test=19 name="interop/call-unknown-field (go-ethereum_trace)"
Sep 21 22:19:10.651 INF API: test ended suite=0 test=19 pass=false
Sep 21 22:19:10.651 INF API: test started suite=0 test=20 name="interop/call-unknown-mode (go-ethereum_trace)"
Sep 21 22:19:10.654 INF API: test ended suite=0 test=20 pass=false
Sep 21 22:19:10.654 INF API: test started suite=0 test=21 name="interop/call-wrong-type (go-ethereum_trace)"
Sep 21 22:19:10.656 INF API: test ended suite=0 test=21 pass=false
Sep 21 22:19:10.657 INF API: test started suite=0 test=22 name="interop/control-chain (go-ethereum_trace)"
Sep 21 22:19:10.659 INF API: test ended suite=0 test=22 pass=false
Sep 21 22:19:10.660 INF API: test started suite=0 test=23 name="interop/control-code-delegated (go-ethereum_trace)"
Sep 21 22:19:10.662 INF API: test ended suite=0 test=23 pass=false
Sep 21 22:19:10.663 INF API: test started suite=0 test=24 name="interop/control-code-destroy (go-ethereum_trace)"
Sep 21 22:19:10.665 INF API: test ended suite=0 test=24 pass=false
Sep 21 22:19:10.666 INF API: test started suite=0 test=25 name="interop/control-code-gas7400 (go-ethereum_trace)"
Sep 21 22:19:10.668 INF API: test ended suite=0 test=25 pass=false
Sep 21 22:19:10.669 INF API: test started suite=0 test=26 name="interop/control-code-mcopy (go-ethereum_trace)"
Sep 21 22:19:10.672 INF API: test ended suite=0 test=26 pass=false
Sep 21 22:19:10.672 INF API: test started suite=0 test=27 name="interop/control-code-mixed-create (go-ethereum_trace)"
Sep 21 22:19:10.675 INF API: test ended suite=0 test=27 pass=false
Sep 21 22:19:10.676 INF API: test started suite=0 test=28 name="interop/control-code-prefunded-empty (go-ethereum_trace)"
Sep 21 22:19:10.679 INF API: test ended suite=0 test=28 pass=false
Sep 21 22:19:10.680 INF API: test started suite=0 test=29 name="interop/control-code-return42 (go-ethereum_trace)"
Sep 21 22:19:10.682 INF API: test ended suite=0 test=29 pass=false
Sep 21 22:19:10.683 INF API: test started suite=0 test=30 name="interop/control-code-revert (go-ethereum_trace)"
Sep 21 22:19:10.685 INF API: test ended suite=0 test=30 pass=false
Sep 21 22:19:10.686 INF API: test started suite=0 test=31 name="interop/control-code-siblings-ok-revert (go-ethereum_trace)"
Sep 21 22:19:10.688 INF API: test ended suite=0 test=31 pass=false
Sep 21 22:19:10.688 INF API: test started suite=0 test=32 name="interop/control-code-siblings-revert-ok (go-ethereum_trace)"
Sep 21 22:19:10.691 INF API: test ended suite=0 test=32 pass=false
Sep 21 22:19:10.692 INF API: test started suite=0 test=33 name="interop/control-code-storage (go-ethereum_trace)"
Sep 21 22:19:10.695 INF API: test ended suite=0 test=33 pass=false
Sep 21 22:19:10.696 INF API: test started suite=0 test=34 name="interop/control-code-undelegated (go-ethereum_trace)"
Sep 21 22:19:10.698 INF API: test ended suite=0 test=34 pass=false
Sep 21 22:19:10.699 INF API: test started suite=0 test=35 name="interop/control-head (go-ethereum_trace)"
Sep 21 22:19:10.702 INF API: test ended suite=0 test=35 pass=false
Sep 21 22:19:10.703 INF API: test started suite=0 test=36 name="interop/control-height (go-ethereum_trace)"
Sep 21 22:19:10.705 INF API: test ended suite=0 test=36 pass=false
Sep 21 22:19:10.706 INF API: test started suite=0 test=37 name="interop/control-nonce (go-ethereum_trace)"
Sep 21 22:19:10.708 INF API: test ended suite=0 test=37 pass=false
Sep 21 22:19:10.709 INF API: test started suite=0 test=38 name="interop/control-storage-after-many (go-ethereum_trace)"
Sep 21 22:19:10.712 INF API: test ended suite=0 test=38 pass=false
Sep 21 22:19:10.712 INF API: test started suite=0 test=39 name="interop/control-version (go-ethereum_trace)"
Sep 21 22:19:10.714 INF API: test ended suite=0 test=39 pass=false
Sep 21 22:19:10.715 INF API: test started suite=0 test=40 name="interop/debug-destroy (go-ethereum_trace)"
Sep 21 22:19:10.718 INF API: test ended suite=0 test=40 pass=false
Sep 21 22:19:10.719 INF API: test started suite=0 test=41 name="interop/debug-gas7400-opcodes (go-ethereum_trace)"
Sep 21 22:19:10.724 INF API: test ended suite=0 test=41 pass=false
Sep 21 22:19:10.725 INF API: test started suite=0 test=42 name="interop/debug-gas7400 (go-ethereum_trace)"
Sep 21 22:19:10.728 INF API: test ended suite=0 test=42 pass=false
Sep 21 22:19:10.729 INF API: test started suite=0 test=43 name="interop/debug-mcopy (go-ethereum_trace)"
Sep 21 22:19:10.732 INF API: test ended suite=0 test=43 pass=false
Sep 21 22:19:10.733 INF API: test started suite=0 test=44 name="interop/debug-mixed-create (go-ethereum_trace)"
Sep 21 22:19:10.735 INF API: test ended suite=0 test=44 pass=false
Sep 21 22:19:10.736 INF API: test started suite=0 test=45 name="interop/debug-return42 (go-ethereum_trace)"
Sep 21 22:19:10.738 INF API: test ended suite=0 test=45 pass=false
Sep 21 22:19:10.739 INF API: test started suite=0 test=46 name="interop/debug-siblings-ok-revert (go-ethereum_trace)"
Sep 21 22:19:10.741 INF API: test ended suite=0 test=46 pass=false
Sep 21 22:19:10.742 INF API: test started suite=0 test=47 name="interop/debug-siblings-revert-ok (go-ethereum_trace)"
Sep 21 22:19:10.745 INF API: test ended suite=0 test=47 pass=false
Sep 21 22:19:10.745 INF API: test started suite=0 test=48 name="interop/empty-types (go-ethereum_trace)"
Sep 21 22:19:10.748 INF API: test ended suite=0 test=48 pass=false
Sep 21 22:19:10.749 INF API: test started suite=0 test=49 name="interop/filter-all (go-ethereum_trace)"
Sep 21 22:19:10.753 INF API: test ended suite=0 test=49 pass=false
Sep 21 22:19:10.754 INF API: test started suite=0 test=50 name="interop/filter-both-null (go-ethereum_trace)"
Sep 21 22:19:10.756 INF API: test ended suite=0 test=50 pass=false
Sep 21 22:19:10.757 INF API: test started suite=0 test=51 name="interop/filter-both-unknown-mode (go-ethereum_trace)"
Sep 21 22:19:10.759 INF API: test ended suite=0 test=51 pass=false
Sep 21 22:19:10.760 INF API: test started suite=0 test=52 name="interop/filter-created-to (go-ethereum_trace)"
Sep 21 22:19:10.764 INF API: test ended suite=0 test=52 pass=false
Sep 21 22:19:10.764 INF API: test started suite=0 test=53 name="interop/filter-creator-from (go-ethereum_trace)"
Sep 21 22:19:10.768 INF API: test ended suite=0 test=53 pass=false
Sep 21 22:19:10.768 INF API: test started suite=0 test=54 name="interop/filter-from-empty-to-set (go-ethereum_trace)"
Sep 21 22:19:10.771 INF API: test ended suite=0 test=54 pass=false
Sep 21 22:19:10.772 INF API: test started suite=0 test=55 name="interop/filter-from-null (go-ethereum_trace)"
Sep 21 22:19:10.775 INF API: test ended suite=0 test=55 pass=false
Sep 21 22:19:10.775 INF API: test started suite=0 test=56 name="interop/filter-from-only-intersection (go-ethereum_trace)"
Sep 21 22:19:10.778 INF API: test ended suite=0 test=56 pass=false
Sep 21 22:19:10.779 INF API: test started suite=0 test=57 name="interop/filter-negative-count (go-ethereum_trace)"
Sep 21 22:19:10.781 INF API: test ended suite=0 test=57 pass=false
Sep 21 22:19:10.781 INF API: test started suite=0 test=58 name="interop/filter-page-0 (go-ethereum_trace)"
Sep 21 22:19:10.785 INF API: test ended suite=0 test=58 pass=false
Sep 21 22:19:10.786 INF API: test started suite=0 test=59 name="interop/filter-page-1 (go-ethereum_trace)"
Sep 21 22:19:10.790 INF API: test ended suite=0 test=59 pass=false
Sep 21 22:19:10.791 INF API: test started suite=0 test=60 name="interop/filter-page-2 (go-ethereum_trace)"
Sep 21 22:19:10.795 INF API: test ended suite=0 test=60 pass=false
Sep 21 22:19:10.795 INF API: test started suite=0 test=61 name="interop/filter-past-end-page (go-ethereum_trace)"
Sep 21 22:19:10.798 INF API: test ended suite=0 test=61 pass=false
Sep 21 22:19:10.799 INF API: test started suite=0 test=62 name="interop/filter-snapshot (go-ethereum_trace)"
Sep 21 22:19:10.802 INF API: test ended suite=0 test=62 pass=false
Sep 21 22:19:10.803 INF API: test started suite=0 test=63 name="interop/filter-suicide-beneficiary (go-ethereum_trace)"
Sep 21 22:19:10.808 INF API: test ended suite=0 test=63 pass=false
Sep 21 22:19:10.809 INF API: test started suite=0 test=64 name="interop/filter-suicide-from (go-ethereum_trace)"
Sep 21 22:19:10.812 INF API: test ended suite=0 test=64 pass=false
Sep 21 22:19:10.813 INF API: test started suite=0 test=65 name="interop/filter-to-empty-from-set (go-ethereum_trace)"
Sep 21 22:19:10.816 INF API: test ended suite=0 test=65 pass=false
Sep 21 22:19:10.817 INF API: test started suite=0 test=66 name="interop/filter-to-null (go-ethereum_trace)"
Sep 21 22:19:10.820 INF API: test ended suite=0 test=66 pass=false
Sep 21 22:19:10.820 INF API: test started suite=0 test=67 name="interop/filter-to-only-intersection (go-ethereum_trace)"
Sep 21 22:19:10.823 INF API: test ended suite=0 test=67 pass=false
Sep 21 22:19:10.823 INF API: test started suite=0 test=68 name="interop/filter-two-blocks (go-ethereum_trace)"
Sep 21 22:19:10.827 INF API: test ended suite=0 test=68 pass=false
Sep 21 22:19:10.828 INF API: test started suite=0 test=69 name="interop/filter-unknown-field (go-ethereum_trace)"
Sep 21 22:19:10.830 INF API: test ended suite=0 test=69 pass=false
Sep 21 22:19:10.831 INF API: test started suite=0 test=70 name="interop/filter-wrong-address-type (go-ethereum_trace)"
Sep 21 22:19:10.833 INF API: test ended suite=0 test=70 pass=false
Sep 21 22:19:10.834 INF API: test started suite=0 test=71 name="interop/get-integer-path (go-ethereum_trace)"
Sep 21 22:19:10.836 INF API: test ended suite=0 test=71 pass=false
Sep 21 22:19:10.837 INF API: test started suite=0 test=72 name="interop/get-nested-parent (go-ethereum_trace)"
Sep 21 22:19:10.840 INF API: test ended suite=0 test=72 pass=false
Sep 21 22:19:10.841 INF API: test started suite=0 test=73 name="interop/get-nested-positive (go-ethereum_trace)"
Sep 21 22:19:10.844 INF API: test ended suite=0 test=73 pass=false
Sep 21 22:19:10.844 INF API: test started suite=0 test=74 name="interop/get-path-wrong-type (go-ethereum_trace)"
Sep 21 22:19:10.847 INF API: test ended suite=0 test=74 pass=false
Sep 21 22:19:10.847 INF API: test started suite=0 test=75 name="interop/many-storage-write-read (go-ethereum_trace)"
Sep 21 22:19:10.851 INF API: test ended suite=0 test=75 pass=false
Sep 21 22:19:10.852 INF API: test started suite=0 test=76 name="interop/many-storage-write-revert-read (go-ethereum_trace)"
Sep 21 22:19:10.855 INF API: test ended suite=0 test=76 pass=false
Sep 21 22:19:10.856 INF API: test started suite=0 test=77 name="interop/missing-block-block (go-ethereum_trace)"
Sep 21 22:19:10.858 INF API: test ended suite=0 test=77 pass=false
Sep 21 22:19:10.859 INF API: test started suite=0 test=78 name="interop/missing-block-call (go-ethereum_trace)"
Sep 21 22:19:10.860 INF API: test ended suite=0 test=78 pass=false
Sep 21 22:19:10.861 INF API: test started suite=0 test=79 name="interop/missing-block-filter (go-ethereum_trace)"
Sep 21 22:19:10.864 INF API: test ended suite=0 test=79 pass=false
Sep 21 22:19:10.864 INF API: test started suite=0 test=80 name="interop/prefunded-empty (go-ethereum_trace)"
Sep 21 22:19:10.867 INF API: test ended suite=0 test=80 pass=false
Sep 21 22:19:10.868 INF API: test started suite=0 test=81 name="interop/raw-below-basefee (go-ethereum_trace)"
Sep 21 22:19:10.870 INF API: test ended suite=0 test=81 pass=false
Sep 21 22:19:10.870 INF API: test started suite=0 test=82 name="interop/raw-insufficient-funds (go-ethereum_trace)"
Sep 21 22:19:10.872 INF API: test ended suite=0 test=82 pass=false
Sep 21 22:19:10.873 INF API: test started suite=0 test=83 name="interop/raw-low-gas (go-ethereum_trace)"
Sep 21 22:19:10.875 INF API: test ended suite=0 test=83 pass=false
Sep 21 22:19:10.876 INF API: test started suite=0 test=84 name="interop/raw-nonce-high (go-ethereum_trace)"
Sep 21 22:19:10.878 INF API: test ended suite=0 test=84 pass=false
Sep 21 22:19:10.878 INF API: test started suite=0 test=85 name="interop/raw-valid (go-ethereum_trace)"
Sep 21 22:19:10.881 INF API: test ended suite=0 test=85 pass=false
Sep 21 22:19:10.882 INF API: test started suite=0 test=86 name="interop/raw-wrong-chain (go-ethereum_trace)"
Sep 21 22:19:10.884 INF API: test ended suite=0 test=86 pass=false
Sep 21 22:19:10.885 INF API: test started suite=0 test=87 name="interop/state-only-nonempty-output (go-ethereum_trace)"
Sep 21 22:19:10.887 INF API: test ended suite=0 test=87 pass=false
Sep 21 22:19:10.888 INF API: test started suite=0 test=88 name="interop/transaction-tree (go-ethereum_trace)"
Sep 21 22:19:10.891 INF API: test ended suite=0 test=88 pass=false
Sep 21 22:19:10.892 INF API: test started suite=0 test=89 name="interop/vm-only-nonempty-output (go-ethereum_trace)"
Sep 21 22:19:10.895 INF API: test ended suite=0 test=89 pass=false
Sep 21 22:19:11.045 INF API: test ended suite=0 test=1 pass=true
Sep 21 22:19:11.054 INF API: suite ended suite=0
Sep 21 22:19:11.313 INF simulation ethereum/rpc-compat finished suites=1 tests=89 failed=88
88 tests failed
