Sep 21 22:19:13.939 INF building image image=hive/hiveproxy nocache=false pull=false
Sep 21 22:19:13.967 INF building 1 clients...
Sep 21 22:19:13.967 INF building image image=hive/clients/go-ethereum_trace:latest dir=clients/go-ethereum nocache=false pull=false baseimage=trace-interop/go-ethereum tag=0f2c4e64ecec547a21e80058275d6c7072918c37947fdf36fe1893ba47abec2e
Sep 21 22:19:14.002 INF building 1 simulators...
Sep 21 22:19:14.002 INF building image image=hive/simulators/ethereum/rpc-compat:latest dir=simulators/ethereum/rpc-compat nocache=false pull=false
Sep 21 22:19:14.031 INF creating output directory folder=/home/banteg/dev/trace-interop/runs/geth-e29edff-forks/hive
Sep 21 22:19:14.038 INF running simulation: ethereum/rpc-compat
Sep 21 22:19:14.193 INF hiveproxy started container=bd49790f4634 addr=172.17.0.2:8081
Sep 21 22:19:14.384 INF API: suite started suite=0 name=rpc-compat
Sep 21 22:19:14.386 INF API: test started suite=0 test=1 name="client launch (go-ethereum_trace)"
Sep 21 22:19:15.113 INF API: client go-ethereum_trace started suite=0 test=1 container=22e2d113
Sep 21 22:19:15.120 INF API: test started suite=0 test=2 name="interop/_control/head (go-ethereum_trace)"
Sep 21 22:19:15.125 INF API: test ended suite=0 test=2 pass=false
Sep 21 22:19:15.126 INF API: test started suite=0 test=3 name="interop/_control/version (go-ethereum_trace)"
Sep 21 22:19:15.128 INF API: test ended suite=0 test=3 pass=false
Sep 21 22:19:15.129 INF API: test started suite=0 test=4 name="interop/block-35 (go-ethereum_trace)"
Sep 21 22:19:15.136 INF API: test ended suite=0 test=4 pass=false
Sep 21 22:19:15.137 INF API: test started suite=0 test=5 name="interop/block-36 (go-ethereum_trace)"
Sep 21 22:19:15.144 INF API: test ended suite=0 test=5 pass=false
Sep 21 22:19:15.145 INF API: test started suite=0 test=6 name="interop/block-47 (go-ethereum_trace)"
Sep 21 22:19:15.150 INF API: test ended suite=0 test=6 pass=false
Sep 21 22:19:15.151 INF API: test started suite=0 test=7 name="interop/block-48 (go-ethereum_trace)"
Sep 21 22:19:15.156 INF API: test ended suite=0 test=7 pass=false
Sep 21 22:19:15.157 INF API: test started suite=0 test=8 name="interop/block-51 (go-ethereum_trace)"
Sep 21 22:19:15.163 INF API: test ended suite=0 test=8 pass=false
Sep 21 22:19:15.164 INF API: test started suite=0 test=9 name="interop/block-52 (go-ethereum_trace)"
Sep 21 22:19:15.170 INF API: test ended suite=0 test=9 pass=false
Sep 21 22:19:15.171 INF API: test started suite=0 test=10 name="interop/block-55 (go-ethereum_trace)"
Sep 21 22:19:15.177 INF API: test ended suite=0 test=10 pass=false
Sep 21 22:19:15.178 INF API: test started suite=0 test=11 name="interop/block-56 (go-ethereum_trace)"
Sep 21 22:19:15.182 INF API: test ended suite=0 test=11 pass=false
Sep 21 22:19:15.183 INF API: test started suite=0 test=12 name="interop/block-59 (go-ethereum_trace)"
Sep 21 22:19:15.187 INF API: test ended suite=0 test=12 pass=false
Sep 21 22:19:15.188 INF API: test started suite=0 test=13 name="interop/block-60 (go-ethereum_trace)"
Sep 21 22:19:15.195 INF API: test ended suite=0 test=13 pass=false
Sep 21 22:19:15.196 INF API: test started suite=0 test=14 name="interop/control-head (go-ethereum_trace)"
Sep 21 22:19:15.199 INF API: test ended suite=0 test=14 pass=false
Sep 21 22:19:15.200 INF API: test started suite=0 test=15 name="interop/control-height (go-ethereum_trace)"
Sep 21 22:19:15.202 INF API: test ended suite=0 test=15 pass=false
Sep 21 22:19:15.203 INF API: test started suite=0 test=16 name="interop/control-version (go-ethereum_trace)"
Sep 21 22:19:15.206 INF API: test ended suite=0 test=16 pass=false
Sep 21 22:19:15.207 INF API: test started suite=0 test=17 name="interop/destroy-prestate-55 (go-ethereum_trace)"
Sep 21 22:19:15.210 INF API: test ended suite=0 test=17 pass=false
Sep 21 22:19:15.211 INF API: test started suite=0 test=18 name="interop/destroy-prestate-56 (go-ethereum_trace)"
Sep 21 22:19:15.213 INF API: test ended suite=0 test=18 pass=false
Sep 21 22:19:15.215 INF API: test started suite=0 test=19 name="interop/destroy-trace-55 (go-ethereum_trace)"
Sep 21 22:19:15.219 INF API: test ended suite=0 test=19 pass=false
Sep 21 22:19:15.220 INF API: test started suite=0 test=20 name="interop/destroy-trace-56 (go-ethereum_trace)"
Sep 21 22:19:15.223 INF API: test ended suite=0 test=20 pass=false
Sep 21 22:19:15.224 INF API: test started suite=0 test=21 name="interop/filter-35 (go-ethereum_trace)"
Sep 21 22:19:15.227 INF API: test ended suite=0 test=21 pass=false
Sep 21 22:19:15.227 INF API: test started suite=0 test=22 name="interop/filter-36 (go-ethereum_trace)"
Sep 21 22:19:15.231 INF API: test ended suite=0 test=22 pass=false
Sep 21 22:19:15.232 INF API: test started suite=0 test=23 name="interop/filter-47 (go-ethereum_trace)"
Sep 21 22:19:15.236 INF API: test ended suite=0 test=23 pass=false
Sep 21 22:19:15.237 INF API: test started suite=0 test=24 name="interop/filter-48 (go-ethereum_trace)"
Sep 21 22:19:15.242 INF API: test ended suite=0 test=24 pass=false
Sep 21 22:19:15.243 INF API: test started suite=0 test=25 name="interop/filter-51 (go-ethereum_trace)"
Sep 21 22:19:15.247 INF API: test ended suite=0 test=25 pass=false
Sep 21 22:19:15.248 INF API: test started suite=0 test=26 name="interop/filter-52 (go-ethereum_trace)"
Sep 21 22:19:15.251 INF API: test ended suite=0 test=26 pass=false
Sep 21 22:19:15.252 INF API: test started suite=0 test=27 name="interop/filter-55 (go-ethereum_trace)"
Sep 21 22:19:15.255 INF API: test ended suite=0 test=27 pass=false
Sep 21 22:19:15.256 INF API: test started suite=0 test=28 name="interop/filter-56 (go-ethereum_trace)"
Sep 21 22:19:15.260 INF API: test ended suite=0 test=28 pass=false
Sep 21 22:19:15.261 INF API: test started suite=0 test=29 name="interop/filter-59 (go-ethereum_trace)"
Sep 21 22:19:15.263 INF API: test ended suite=0 test=29 pass=false
Sep 21 22:19:15.264 INF API: test started suite=0 test=30 name="interop/filter-60 (go-ethereum_trace)"
Sep 21 22:19:15.268 INF API: test ended suite=0 test=30 pass=false
Sep 21 22:19:15.269 INF API: test started suite=0 test=31 name="interop/filter-across-36 (go-ethereum_trace)"
Sep 21 22:19:15.273 INF API: test ended suite=0 test=31 pass=false
Sep 21 22:19:15.274 INF API: test started suite=0 test=32 name="interop/filter-across-48 (go-ethereum_trace)"
Sep 21 22:19:15.277 INF API: test ended suite=0 test=32 pass=false
Sep 21 22:19:15.277 INF API: test started suite=0 test=33 name="interop/filter-across-52 (go-ethereum_trace)"
Sep 21 22:19:15.281 INF API: test ended suite=0 test=33 pass=false
Sep 21 22:19:15.282 INF API: test started suite=0 test=34 name="interop/filter-across-56 (go-ethereum_trace)"
Sep 21 22:19:15.285 INF API: test ended suite=0 test=34 pass=false
Sep 21 22:19:15.286 INF API: test started suite=0 test=35 name="interop/filter-across-60 (go-ethereum_trace)"
Sep 21 22:19:15.289 INF API: test ended suite=0 test=35 pass=false
Sep 21 22:19:15.290 INF API: test started suite=0 test=36 name="interop/header-35 (go-ethereum_trace)"
Sep 21 22:19:15.293 INF API: test ended suite=0 test=36 pass=false
Sep 21 22:19:15.294 INF API: test started suite=0 test=37 name="interop/header-36 (go-ethereum_trace)"
Sep 21 22:19:15.297 INF API: test ended suite=0 test=37 pass=false
Sep 21 22:19:15.298 INF API: test started suite=0 test=38 name="interop/header-47 (go-ethereum_trace)"
Sep 21 22:19:15.300 INF API: test ended suite=0 test=38 pass=false
Sep 21 22:19:15.301 INF API: test started suite=0 test=39 name="interop/header-48 (go-ethereum_trace)"
Sep 21 22:19:15.304 INF API: test ended suite=0 test=39 pass=false
Sep 21 22:19:15.305 INF API: test started suite=0 test=40 name="interop/header-51 (go-ethereum_trace)"
Sep 21 22:19:15.308 INF API: test ended suite=0 test=40 pass=false
Sep 21 22:19:15.308 INF API: test started suite=0 test=41 name="interop/header-52 (go-ethereum_trace)"
Sep 21 22:19:15.312 INF API: test ended suite=0 test=41 pass=false
Sep 21 22:19:15.313 INF API: test started suite=0 test=42 name="interop/header-55 (go-ethereum_trace)"
Sep 21 22:19:15.316 INF API: test ended suite=0 test=42 pass=false
Sep 21 22:19:15.316 INF API: test started suite=0 test=43 name="interop/header-56 (go-ethereum_trace)"
Sep 21 22:19:15.319 INF API: test ended suite=0 test=43 pass=false
Sep 21 22:19:15.320 INF API: test started suite=0 test=44 name="interop/header-59 (go-ethereum_trace)"
Sep 21 22:19:15.325 INF API: test ended suite=0 test=44 pass=false
Sep 21 22:19:15.326 INF API: test started suite=0 test=45 name="interop/header-60 (go-ethereum_trace)"
Sep 21 22:19:15.328 INF API: test ended suite=0 test=45 pass=false
Sep 21 22:19:15.329 INF API: test started suite=0 test=46 name="interop/mcopy-prestate-55 (go-ethereum_trace)"
Sep 21 22:19:15.331 INF API: test ended suite=0 test=46 pass=false
Sep 21 22:19:15.332 INF API: test started suite=0 test=47 name="interop/mcopy-prestate-56 (go-ethereum_trace)"
Sep 21 22:19:15.335 INF API: test ended suite=0 test=47 pass=false
Sep 21 22:19:15.336 INF API: test started suite=0 test=48 name="interop/mcopy-trace-55 (go-ethereum_trace)"
Sep 21 22:19:15.338 INF API: test ended suite=0 test=48 pass=false
Sep 21 22:19:15.339 INF API: test started suite=0 test=49 name="interop/mcopy-trace-56 (go-ethereum_trace)"
Sep 21 22:19:15.343 INF API: test ended suite=0 test=49 pass=false
Sep 21 22:19:15.344 INF API: test started suite=0 test=50 name="interop/replay-35 (go-ethereum_trace)"
Sep 21 22:19:15.347 INF API: test ended suite=0 test=50 pass=false
Sep 21 22:19:15.348 INF API: test started suite=0 test=51 name="interop/replay-36 (go-ethereum_trace)"
Sep 21 22:19:15.351 INF API: test ended suite=0 test=51 pass=false
Sep 21 22:19:15.352 INF API: test started suite=0 test=52 name="interop/replay-47 (go-ethereum_trace)"
Sep 21 22:19:15.355 INF API: test ended suite=0 test=52 pass=false
Sep 21 22:19:15.356 INF API: test started suite=0 test=53 name="interop/replay-48 (go-ethereum_trace)"
Sep 21 22:19:15.360 INF API: test ended suite=0 test=53 pass=false
Sep 21 22:19:15.360 INF API: test started suite=0 test=54 name="interop/replay-51 (go-ethereum_trace)"
Sep 21 22:19:15.364 INF API: test ended suite=0 test=54 pass=false
Sep 21 22:19:15.365 INF API: test started suite=0 test=55 name="interop/replay-52 (go-ethereum_trace)"
Sep 21 22:19:15.368 INF API: test ended suite=0 test=55 pass=false
Sep 21 22:19:15.369 INF API: test started suite=0 test=56 name="interop/replay-55 (go-ethereum_trace)"
Sep 21 22:19:15.372 INF API: test ended suite=0 test=56 pass=false
Sep 21 22:19:15.373 INF API: test started suite=0 test=57 name="interop/replay-56 (go-ethereum_trace)"
Sep 21 22:19:15.376 INF API: test ended suite=0 test=57 pass=false
Sep 21 22:19:15.377 INF API: test started suite=0 test=58 name="interop/replay-59 (go-ethereum_trace)"
Sep 21 22:19:15.381 INF API: test ended suite=0 test=58 pass=false
Sep 21 22:19:15.382 INF API: test started suite=0 test=59 name="interop/replay-60 (go-ethereum_trace)"
Sep 21 22:19:15.386 INF API: test ended suite=0 test=59 pass=false
Sep 21 22:19:15.387 INF API: test started suite=0 test=60 name="interop/system-beacon-55-560 (go-ethereum_trace)"
Sep 21 22:19:15.389 INF API: test ended suite=0 test=60 pass=false
Sep 21 22:19:15.390 INF API: test started suite=0 test=61 name="interop/system-beacon-55-8751 (go-ethereum_trace)"
Sep 21 22:19:15.392 INF API: test ended suite=0 test=61 pass=false
Sep 21 22:19:15.393 INF API: test started suite=0 test=62 name="interop/system-beacon-56-560 (go-ethereum_trace)"
Sep 21 22:19:15.395 INF API: test ended suite=0 test=62 pass=false
Sep 21 22:19:15.396 INF API: test started suite=0 test=63 name="interop/system-beacon-56-8751 (go-ethereum_trace)"
Sep 21 22:19:15.399 INF API: test ended suite=0 test=63 pass=false
Sep 21 22:19:15.400 INF API: test started suite=0 test=64 name="interop/system-beacon-57-560 (go-ethereum_trace)"
Sep 21 22:19:15.402 INF API: test ended suite=0 test=64 pass=false
Sep 21 22:19:15.403 INF API: test started suite=0 test=65 name="interop/system-beacon-57-8751 (go-ethereum_trace)"
Sep 21 22:19:15.405 INF API: test ended suite=0 test=65 pass=false
Sep 21 22:19:15.556 INF API: test ended suite=0 test=1 pass=true
Sep 21 22:19:15.564 INF API: suite ended suite=0
Sep 21 22:19:15.811 INF simulation ethereum/rpc-compat finished suites=1 tests=65 failed=64
64 tests failed
