Sep 23 01:38:28.122 INF building image image=hive/hiveproxy nocache=false pull=false
Sep 23 01:38:28.255 INF building 1 clients...
Sep 23 01:38:28.255 INF building image image=hive/clients/go-ethereum_trace:latest dir=clients/go-ethereum nocache=false pull=false baseimage=trace-interop/go-ethereum tag=da6869fd3865980fef80bfa418746c825c6854d3dca32b9fa2ec92738be4e849
Sep 23 01:38:33.742 INF building 1 simulators...
Sep 23 01:38:33.743 INF building image image=hive/simulators/ethereum/rpc-compat:latest dir=simulators/ethereum/rpc-compat nocache=false pull=false
Sep 23 01:38:33.784 INF creating output directory folder=/home/banteg/geth40/geth-40eecf3-initial/hive
Sep 23 01:38:33.794 INF running simulation: ethereum/rpc-compat
Sep 23 01:38:33.971 INF hiveproxy started container=71f105790e16 addr=172.17.0.2:8081
Sep 23 01:38:34.184 INF API: suite started suite=0 name=rpc-compat
Sep 23 01:38:34.186 INF API: test started suite=0 test=1 name="client launch (go-ethereum_trace)"
Sep 23 01:38:34.864 INF API: client go-ethereum_trace started suite=0 test=1 container=f03f38fd
Sep 23 01:38:34.874 INF API: test started suite=0 test=2 name="interop/_control/head (go-ethereum_trace)"
Sep 23 01:38:34.878 INF API: test ended suite=0 test=2 pass=false
Sep 23 01:38:34.879 INF API: test started suite=0 test=3 name="interop/_control/version (go-ethereum_trace)"
Sep 23 01:38:34.881 INF API: test ended suite=0 test=3 pass=false
Sep 23 01:38:34.883 INF API: test started suite=0 test=4 name="interop/block-transfer (go-ethereum_trace)"
Sep 23 01:38:34.898 INF API: test ended suite=0 test=4 pass=false
Sep 23 01:38:34.899 INF API: test started suite=0 test=5 name="interop/block-tree (go-ethereum_trace)"
Sep 23 01:38:34.903 INF API: test ended suite=0 test=5 pass=false
Sep 23 01:38:34.904 INF API: test started suite=0 test=6 name="interop/call-constructor-priced (go-ethereum_trace)"
Sep 23 01:38:34.906 INF API: test ended suite=0 test=6 pass=false
Sep 23 01:38:34.907 INF API: test started suite=0 test=7 name="interop/call-constructor (go-ethereum_trace)"
Sep 23 01:38:34.908 INF API: test ended suite=0 test=7 pass=false
Sep 23 01:38:34.909 INF API: test started suite=0 test=8 name="interop/call-empty-types-priced (go-ethereum_trace)"
Sep 23 01:38:34.910 INF API: test ended suite=0 test=8 pass=false
Sep 23 01:38:34.911 INF API: test started suite=0 test=9 name="interop/call-empty-types (go-ethereum_trace)"
Sep 23 01:38:34.913 INF API: test ended suite=0 test=9 pass=false
Sep 23 01:38:34.914 INF API: test started suite=0 test=10 name="interop/call-identity (go-ethereum_trace)"
Sep 23 01:38:34.915 INF API: test ended suite=0 test=10 pass=false
Sep 23 01:38:34.916 INF API: test started suite=0 test=11 name="interop/call-many-priced (go-ethereum_trace)"
Sep 23 01:38:34.921 INF API: test ended suite=0 test=11 pass=false
Sep 23 01:38:34.922 INF API: test started suite=0 test=12 name="interop/call-many-transfers (go-ethereum_trace)"
Sep 23 01:38:34.925 INF API: test ended suite=0 test=12 pass=false
Sep 23 01:38:34.926 INF API: test started suite=0 test=13 name="interop/call-many (go-ethereum_trace)"
Sep 23 01:38:34.930 INF API: test ended suite=0 test=13 pass=false
Sep 23 01:38:34.931 INF API: test started suite=0 test=14 name="interop/call-transfer-stateDiff (go-ethereum_trace)"
Sep 23 01:38:34.935 INF API: test ended suite=0 test=14 pass=false
Sep 23 01:38:34.936 INF API: test started suite=0 test=15 name="interop/call-transfer-trace (go-ethereum_trace)"
Sep 23 01:38:34.939 INF API: test ended suite=0 test=15 pass=false
Sep 23 01:38:34.940 INF API: test started suite=0 test=16 name="interop/call-transfer-vmTrace (go-ethereum_trace)"
Sep 23 01:38:34.944 INF API: test ended suite=0 test=16 pass=false
Sep 23 01:38:34.945 INF API: test started suite=0 test=17 name="interop/call-tree-stateDiff-priced (go-ethereum_trace)"
Sep 23 01:38:34.949 INF API: test ended suite=0 test=17 pass=false
Sep 23 01:38:34.950 INF API: test started suite=0 test=18 name="interop/call-tree-stateDiff (go-ethereum_trace)"
Sep 23 01:38:34.954 INF API: test ended suite=0 test=18 pass=false
Sep 23 01:38:34.955 INF API: test started suite=0 test=19 name="interop/call-tree-trace-priced (go-ethereum_trace)"
Sep 23 01:38:34.958 INF API: test ended suite=0 test=19 pass=false
Sep 23 01:38:34.959 INF API: test started suite=0 test=20 name="interop/call-tree-trace (go-ethereum_trace)"
Sep 23 01:38:34.962 INF API: test ended suite=0 test=20 pass=false
Sep 23 01:38:34.963 INF API: test started suite=0 test=21 name="interop/call-tree-vmTrace-priced (go-ethereum_trace)"
Sep 23 01:38:34.973 INF API: test ended suite=0 test=21 pass=false
Sep 23 01:38:34.974 INF API: test started suite=0 test=22 name="interop/call-tree-vmTrace (go-ethereum_trace)"
Sep 23 01:38:34.984 INF API: test ended suite=0 test=22 pass=false
Sep 23 01:38:34.985 INF API: test started suite=0 test=23 name="interop/control-chain-id (go-ethereum_trace)"
Sep 23 01:38:34.988 INF API: test ended suite=0 test=23 pass=false
Sep 23 01:38:34.989 INF API: test started suite=0 test=24 name="interop/control-head (go-ethereum_trace)"
Sep 23 01:38:34.991 INF API: test ended suite=0 test=24 pass=false
Sep 23 01:38:34.992 INF API: test started suite=0 test=25 name="interop/control-height (go-ethereum_trace)"
Sep 23 01:38:34.994 INF API: test ended suite=0 test=25 pass=false
Sep 23 01:38:34.996 INF API: test started suite=0 test=26 name="interop/control-sender-nonce (go-ethereum_trace)"
Sep 23 01:38:34.998 INF API: test ended suite=0 test=26 pass=false
Sep 23 01:38:34.999 INF API: test started suite=0 test=27 name="interop/control-tree-receipt (go-ethereum_trace)"
Sep 23 01:38:35.002 INF API: test ended suite=0 test=27 pass=false
Sep 23 01:38:35.003 INF API: test started suite=0 test=28 name="interop/control-version (go-ethereum_trace)"
Sep 23 01:38:35.005 INF API: test ended suite=0 test=28 pass=false
Sep 23 01:38:35.006 INF API: test started suite=0 test=29 name="interop/filter-all (go-ethereum_trace)"
Sep 23 01:38:35.011 INF API: test ended suite=0 test=29 pass=false
Sep 23 01:38:35.011 INF API: test started suite=0 test=30 name="interop/filter-both (go-ethereum_trace)"
Sep 23 01:38:35.015 INF API: test ended suite=0 test=30 pass=false
Sep 23 01:38:35.016 INF API: test started suite=0 test=31 name="interop/filter-empty (go-ethereum_trace)"
Sep 23 01:38:35.021 INF API: test ended suite=0 test=31 pass=false
Sep 23 01:38:35.022 INF API: test started suite=0 test=32 name="interop/filter-from (go-ethereum_trace)"
Sep 23 01:38:35.025 INF API: test ended suite=0 test=32 pass=false
Sep 23 01:38:35.026 INF API: test started suite=0 test=33 name="interop/filter-intersection (go-ethereum_trace)"
Sep 23 01:38:35.028 INF API: test ended suite=0 test=33 pass=false
Sep 23 01:38:35.029 INF API: test started suite=0 test=34 name="interop/filter-page (go-ethereum_trace)"
Sep 23 01:38:35.033 INF API: test ended suite=0 test=34 pass=false
Sep 23 01:38:35.034 INF API: test started suite=0 test=35 name="interop/filter-to (go-ethereum_trace)"
Sep 23 01:38:35.038 INF API: test ended suite=0 test=35 pass=false
Sep 23 01:38:35.038 INF API: test started suite=0 test=36 name="interop/filter-transfer (go-ethereum_trace)"
Sep 23 01:38:35.041 INF API: test ended suite=0 test=36 pass=false
Sep 23 01:38:35.042 INF API: test started suite=0 test=37 name="interop/filter-union (go-ethereum_trace)"
Sep 23 01:38:35.046 INF API: test ended suite=0 test=37 pass=false
Sep 23 01:38:35.047 INF API: test started suite=0 test=38 name="interop/filter-zero (go-ethereum_trace)"
Sep 23 01:38:35.050 INF API: test ended suite=0 test=38 pass=false
Sep 23 01:38:35.050 INF API: test started suite=0 test=39 name="interop/get-missing-tx (go-ethereum_trace)"
Sep 23 01:38:35.052 INF API: test ended suite=0 test=39 pass=false
Sep 23 01:38:35.054 INF API: test started suite=0 test=40 name="interop/get-missing (go-ethereum_trace)"
Sep 23 01:38:35.056 INF API: test ended suite=0 test=40 pass=false
Sep 23 01:38:35.057 INF API: test started suite=0 test=41 name="interop/get-nested (go-ethereum_trace)"
Sep 23 01:38:35.059 INF API: test ended suite=0 test=41 pass=false
Sep 23 01:38:35.060 INF API: test started suite=0 test=42 name="interop/get-one (go-ethereum_trace)"
Sep 23 01:38:35.063 INF API: test ended suite=0 test=42 pass=false
Sep 23 01:38:35.063 INF API: test started suite=0 test=43 name="interop/get-root (go-ethereum_trace)"
Sep 23 01:38:35.067 INF API: test ended suite=0 test=43 pass=false
Sep 23 01:38:35.067 INF API: test started suite=0 test=44 name="interop/get-transfer-root (go-ethereum_trace)"
Sep 23 01:38:35.070 INF API: test ended suite=0 test=44 pass=false
Sep 23 01:38:35.071 INF API: test started suite=0 test=45 name="interop/get-zero (go-ethereum_trace)"
Sep 23 01:38:35.073 INF API: test ended suite=0 test=45 pass=false
Sep 23 01:38:35.074 INF API: test started suite=0 test=46 name="interop/raw-invalid (go-ethereum_trace)"
Sep 23 01:38:35.076 INF API: test ended suite=0 test=46 pass=false
Sep 23 01:38:35.077 INF API: test started suite=0 test=47 name="interop/raw-valid-current-nonce (go-ethereum_trace)"
Sep 23 01:38:35.080 INF API: test ended suite=0 test=47 pass=false
Sep 23 01:38:35.081 INF API: test started suite=0 test=48 name="interop/raw-valid-default-block (go-ethereum_trace)"
Sep 23 01:38:35.084 INF API: test ended suite=0 test=48 pass=false
Sep 23 01:38:35.084 INF API: test started suite=0 test=49 name="interop/raw-valid (go-ethereum_trace)"
Sep 23 01:38:35.086 INF API: test ended suite=0 test=49 pass=false
Sep 23 01:38:35.087 INF API: test started suite=0 test=50 name="interop/replay-7702-stateDiff (go-ethereum_trace)"
Sep 23 01:38:35.090 INF API: test ended suite=0 test=50 pass=false
Sep 23 01:38:35.091 INF API: test started suite=0 test=51 name="interop/replay-7702-trace (go-ethereum_trace)"
Sep 23 01:38:35.094 INF API: test ended suite=0 test=51 pass=false
Sep 23 01:38:35.095 INF API: test started suite=0 test=52 name="interop/replay-7702-vmTrace (go-ethereum_trace)"
Sep 23 01:38:35.098 INF API: test ended suite=0 test=52 pass=false
Sep 23 01:38:35.098 INF API: test started suite=0 test=53 name="interop/replay-block-transfer (go-ethereum_trace)"
Sep 23 01:38:35.101 INF API: test ended suite=0 test=53 pass=false
Sep 23 01:38:35.101 INF API: test started suite=0 test=54 name="interop/replay-block-tree (go-ethereum_trace)"
Sep 23 01:38:35.108 INF API: test ended suite=0 test=54 pass=false
Sep 23 01:38:35.109 INF API: test started suite=0 test=55 name="interop/replay-missing (go-ethereum_trace)"
Sep 23 01:38:35.111 INF API: test ended suite=0 test=55 pass=false
Sep 23 01:38:35.112 INF API: test started suite=0 test=56 name="interop/replay-revert-stateDiff (go-ethereum_trace)"
Sep 23 01:38:35.114 INF API: test ended suite=0 test=56 pass=false
Sep 23 01:38:35.115 INF API: test started suite=0 test=57 name="interop/replay-revert-trace (go-ethereum_trace)"
Sep 23 01:38:35.118 INF API: test ended suite=0 test=57 pass=false
Sep 23 01:38:35.119 INF API: test started suite=0 test=58 name="interop/replay-revert-vmTrace (go-ethereum_trace)"
Sep 23 01:38:35.122 INF API: test ended suite=0 test=58 pass=false
Sep 23 01:38:35.123 INF API: test started suite=0 test=59 name="interop/replay-transfer-stateDiff (go-ethereum_trace)"
Sep 23 01:38:35.125 INF API: test ended suite=0 test=59 pass=false
Sep 23 01:38:35.126 INF API: test started suite=0 test=60 name="interop/replay-transfer-trace (go-ethereum_trace)"
Sep 23 01:38:35.128 INF API: test ended suite=0 test=60 pass=false
Sep 23 01:38:35.129 INF API: test started suite=0 test=61 name="interop/replay-transfer-vmTrace (go-ethereum_trace)"
Sep 23 01:38:35.132 INF API: test ended suite=0 test=61 pass=false
Sep 23 01:38:35.133 INF API: test started suite=0 test=62 name="interop/replay-tree-stateDiff (go-ethereum_trace)"
Sep 23 01:38:35.136 INF API: test ended suite=0 test=62 pass=false
Sep 23 01:38:35.136 INF API: test started suite=0 test=63 name="interop/replay-tree-trace (go-ethereum_trace)"
Sep 23 01:38:35.140 INF API: test ended suite=0 test=63 pass=false
Sep 23 01:38:35.141 INF API: test started suite=0 test=64 name="interop/replay-tree-vmTrace (go-ethereum_trace)"
Sep 23 01:38:35.151 INF API: test ended suite=0 test=64 pass=false
Sep 23 01:38:35.152 INF API: test started suite=0 test=65 name="interop/transaction-7702 (go-ethereum_trace)"
Sep 23 01:38:35.156 INF API: test ended suite=0 test=65 pass=false
Sep 23 01:38:35.157 INF API: test started suite=0 test=66 name="interop/transaction-missing (go-ethereum_trace)"
Sep 23 01:38:35.159 INF API: test ended suite=0 test=66 pass=false
Sep 23 01:38:35.160 INF API: test started suite=0 test=67 name="interop/transaction-revert (go-ethereum_trace)"
Sep 23 01:38:35.174 INF API: test ended suite=0 test=67 pass=false
Sep 23 01:38:35.175 INF API: test started suite=0 test=68 name="interop/transaction-transfer (go-ethereum_trace)"
Sep 23 01:38:35.180 INF API: test ended suite=0 test=68 pass=false
Sep 23 01:38:35.180 INF API: test started suite=0 test=69 name="interop/transaction-tree (go-ethereum_trace)"
Sep 23 01:38:35.187 INF API: test ended suite=0 test=69 pass=false
Sep 23 01:38:35.355 INF API: test ended suite=0 test=1 pass=true
Sep 23 01:38:35.369 INF API: suite ended suite=0
Sep 23 01:38:35.763 INF simulation ethereum/rpc-compat finished suites=1 tests=69 failed=68
68 tests failed
