docker.io/hyperledger/besu@sha256:9b7425b320540625e78bbdfc1b4dd6e704b7f9dc84999310e5fd677205dd70df: Pulling from hyperledger/besu
Digest: sha256:9b7425b320540625e78bbdfc1b4dd6e704b7f9dc84999310e5fd677205dd70df
Status: Image is up to date for hyperledger/besu@sha256:9b7425b320540625e78bbdfc1b4dd6e704b7f9dc84999310e5fd677205dd70df
docker.io/hyperledger/besu@sha256:9b7425b320540625e78bbdfc1b4dd6e704b7f9dc84999310e5fd677205dd70df
docker.io/hyperledger/besu@sha256:6f3f21ce533383fcc8db3bce02252b59d5a9e776b72b5a1c8ecd2db011600042: Pulling from hyperledger/besu
Digest: sha256:6f3f21ce533383fcc8db3bce02252b59d5a9e776b72b5a1c8ecd2db011600042
Status: Image is up to date for hyperledger/besu@sha256:6f3f21ce533383fcc8db3bce02252b59d5a9e776b72b5a1c8ecd2db011600042
docker.io/hyperledger/besu@sha256:6f3f21ce533383fcc8db3bce02252b59d5a9e776b72b5a1c8ecd2db011600042
docker.io/erigontech/erigon@sha256:c08d80f58404697951fe6a2f26d3013c940d29abbefd4c1fb55a5704eaa97415: Pulling from erigontech/erigon
Digest: sha256:c08d80f58404697951fe6a2f26d3013c940d29abbefd4c1fb55a5704eaa97415
Status: Image is up to date for erigontech/erigon@sha256:c08d80f58404697951fe6a2f26d3013c940d29abbefd4c1fb55a5704eaa97415
docker.io/erigontech/erigon@sha256:c08d80f58404697951fe6a2f26d3013c940d29abbefd4c1fb55a5704eaa97415
docker.io/erigontech/erigon@sha256:8cd3fbcbb35d8b16768225ff7494a0672b7b06c9bf13d466850aabb920ac0de7: Pulling from erigontech/erigon
Digest: sha256:8cd3fbcbb35d8b16768225ff7494a0672b7b06c9bf13d466850aabb920ac0de7
Status: Image is up to date for erigontech/erigon@sha256:8cd3fbcbb35d8b16768225ff7494a0672b7b06c9bf13d466850aabb920ac0de7
docker.io/erigontech/erigon@sha256:8cd3fbcbb35d8b16768225ff7494a0672b7b06c9bf13d466850aabb920ac0de7
docker.io/nethermindeth/nethermind@sha256:fe5f2b1e77a7c39aff363d5e485bd1f0bc29e1c760c13a3da1f5d3077cc2fb5c: Pulling from nethermindeth/nethermind
Digest: sha256:fe5f2b1e77a7c39aff363d5e485bd1f0bc29e1c760c13a3da1f5d3077cc2fb5c
Status: Image is up to date for nethermindeth/nethermind@sha256:fe5f2b1e77a7c39aff363d5e485bd1f0bc29e1c760c13a3da1f5d3077cc2fb5c
docker.io/nethermindeth/nethermind@sha256:fe5f2b1e77a7c39aff363d5e485bd1f0bc29e1c760c13a3da1f5d3077cc2fb5c
docker.io/nethermind/nethermind@sha256:8156768beb584a1e62c3dcf0e0da7be61418dc08c89a80a4f9a3a48e5d247c12: Pulling from nethermind/nethermind
Digest: sha256:8156768beb584a1e62c3dcf0e0da7be61418dc08c89a80a4f9a3a48e5d247c12
Status: Image is up to date for nethermind/nethermind@sha256:8156768beb584a1e62c3dcf0e0da7be61418dc08c89a80a4f9a3a48e5d247c12
docker.io/nethermind/nethermind@sha256:8156768beb584a1e62c3dcf0e0da7be61418dc08c89a80a4f9a3a48e5d247c12
ghcr.io/paradigmxyz/reth@sha256:b15509fdadf5d2bc0adbb0039ea205c0aa35c72ac79d0fac56fdd47d8a67242e: Pulling from paradigmxyz/reth
Digest: sha256:b15509fdadf5d2bc0adbb0039ea205c0aa35c72ac79d0fac56fdd47d8a67242e
Status: Image is up to date for ghcr.io/paradigmxyz/reth@sha256:b15509fdadf5d2bc0adbb0039ea205c0aa35c72ac79d0fac56fdd47d8a67242e
ghcr.io/paradigmxyz/reth@sha256:b15509fdadf5d2bc0adbb0039ea205c0aa35c72ac79d0fac56fdd47d8a67242e
ghcr.io/paradigmxyz/reth@sha256:8ce703acf113b2a20705b6e76adebed20f74ba8591bc7c9407203b2968aca70d: Pulling from paradigmxyz/reth
Digest: sha256:8ce703acf113b2a20705b6e76adebed20f74ba8591bc7c9407203b2968aca70d
Status: Image is up to date for ghcr.io/paradigmxyz/reth@sha256:8ce703acf113b2a20705b6e76adebed20f74ba8591bc7c9407203b2968aca70d
ghcr.io/paradigmxyz/reth@sha256:8ce703acf113b2a20705b6e76adebed20f74ba8591bc7c9407203b2968aca70d
Verified 58 frozen inputs and 32 decisions against the report inventory.
Captured 6804 responses in /home/banteg/dev/trace-current-20260924/runs/current-matrix/fee-policy
