Sep 23 00:12:53.481 INF building image image=hive/hiveproxy nocache=false pull=false
Sep 23 00:12:53.692 INF building 2 clients...
Sep 23 00:12:53.692 INF building image image=hive/clients/reth_development:latest dir=clients/reth nocache=false pull=false baseimage=trace-interop/reth tag=1d6a97ef686d7c6099c5426c77334ca5891ce5d362fe5f3049ac2ea0df76de86
Sep 23 00:12:54.017 INF building image image=hive/clients/reth_release:latest dir=clients/reth nocache=false pull=false baseimage=trace-interop/reth tag=e939dc4a471d9d27224e430f607a954d692ca5037a1350ee2036397d14532ca7
Sep 23 00:12:54.339 INF building 1 simulators...
Sep 23 00:12:54.339 INF building image image=hive/simulators/ethereum/rpc-compat:latest dir=simulators/ethereum/rpc-compat nocache=false pull=false
Sep 23 00:12:54.471 INF creating output directory folder=/home/banteg/dev/trace-review-20260923/runs/pruned-review/hive
Sep 23 00:12:54.481 INF running simulation: ethereum/rpc-compat
Sep 23 00:12:55.015 INF hiveproxy started container=7285d59fd67e addr=172.17.0.2:8081
Sep 23 00:12:55.633 INF API: suite started suite=0 name=rpc-compat
Sep 23 00:12:55.635 INF API: test started suite=0 test=1 name="client launch (reth_development)"
Sep 23 00:13:00.934 INF API: client reth_development started suite=0 test=1 container=3d22e260
Sep 23 00:13:00.949 INF API: test started suite=0 test=2 name="interop/_control/head (reth_development)"
Sep 23 00:13:00.952 INF API: test ended suite=0 test=2 pass=false
Sep 23 00:13:00.954 INF API: test started suite=0 test=3 name="interop/_control/version (reth_development)"
Sep 23 00:13:00.955 INF API: test ended suite=0 test=3 pass=false
Sep 23 00:13:00.956 INF API: test started suite=0 test=4 name="interop/control-head (reth_development)"
Sep 23 00:13:00.957 INF API: test ended suite=0 test=4 pass=false
Sep 23 00:13:00.958 INF API: test started suite=0 test=5 name="interop/latest-call (reth_development)"
Sep 23 00:13:00.960 INF API: test ended suite=0 test=5 pass=false
Sep 23 00:13:00.960 INF API: test started suite=0 test=6 name="interop/latest-nonce (reth_development)"
Sep 23 00:13:00.961 INF API: test ended suite=0 test=6 pass=false
Sep 23 00:13:00.962 INF API: test started suite=0 test=7 name="interop/old-block (reth_development)"
Sep 23 00:13:00.965 INF API: test ended suite=0 test=7 pass=false
Sep 23 00:13:00.966 INF API: test started suite=0 test=8 name="interop/old-filter (reth_development)"
Sep 23 00:13:00.974 INF API: test ended suite=0 test=8 pass=false
Sep 23 00:13:00.975 INF API: test started suite=0 test=9 name="interop/old-header (reth_development)"
Sep 23 00:13:00.976 INF API: test ended suite=0 test=9 pass=false
Sep 23 00:13:00.977 INF API: test started suite=0 test=10 name="interop/old-nonce (reth_development)"
Sep 23 00:13:00.978 INF API: test ended suite=0 test=10 pass=false
Sep 23 00:13:00.979 INF API: test started suite=0 test=11 name="interop/old-receipt (reth_development)"
Sep 23 00:13:00.983 INF API: test ended suite=0 test=11 pass=false
Sep 23 00:13:00.984 INF API: test started suite=0 test=12 name="interop/old-replay (reth_development)"
Sep 23 00:13:00.987 INF API: test ended suite=0 test=12 pass=false
Sep 23 00:13:00.988 INF API: test started suite=0 test=13 name="interop/old-transaction (reth_development)"
Sep 23 00:13:00.992 INF API: test ended suite=0 test=13 pass=false
Sep 23 00:13:01.301 INF API: test ended suite=0 test=1 pass=true
Sep 23 00:13:01.302 INF API: test started suite=0 test=14 name="client launch (reth_release)"
Sep 23 00:13:03.819 INF API: client reth_release started suite=0 test=14 container=043955fc
Sep 23 00:13:03.835 INF API: test started suite=0 test=15 name="interop/_control/head (reth_release)"
Sep 23 00:13:03.838 INF API: test ended suite=0 test=15 pass=false
Sep 23 00:13:03.838 INF API: test started suite=0 test=16 name="interop/_control/version (reth_release)"
Sep 23 00:13:03.840 INF API: test ended suite=0 test=16 pass=false
Sep 23 00:13:03.841 INF API: test started suite=0 test=17 name="interop/control-head (reth_release)"
Sep 23 00:13:03.843 INF API: test ended suite=0 test=17 pass=false
Sep 23 00:13:03.844 INF API: test started suite=0 test=18 name="interop/latest-call (reth_release)"
Sep 23 00:13:03.845 INF API: test ended suite=0 test=18 pass=false
Sep 23 00:13:03.846 INF API: test started suite=0 test=19 name="interop/latest-nonce (reth_release)"
Sep 23 00:13:03.847 INF API: test ended suite=0 test=19 pass=false
Sep 23 00:13:03.848 INF API: test started suite=0 test=20 name="interop/old-block (reth_release)"
Sep 23 00:13:03.851 INF API: test ended suite=0 test=20 pass=false
Sep 23 00:13:03.852 INF API: test started suite=0 test=21 name="interop/old-filter (reth_release)"
Sep 23 00:13:03.854 INF API: test ended suite=0 test=21 pass=false
Sep 23 00:13:03.854 INF API: test started suite=0 test=22 name="interop/old-header (reth_release)"
Sep 23 00:13:03.856 INF API: test ended suite=0 test=22 pass=false
Sep 23 00:13:03.856 INF API: test started suite=0 test=23 name="interop/old-nonce (reth_release)"
Sep 23 00:13:03.858 INF API: test ended suite=0 test=23 pass=false
Sep 23 00:13:03.858 INF API: test started suite=0 test=24 name="interop/old-receipt (reth_release)"
Sep 23 00:13:03.864 INF API: test ended suite=0 test=24 pass=false
Sep 23 00:13:03.865 INF API: test started suite=0 test=25 name="interop/old-replay (reth_release)"
Sep 23 00:13:03.869 INF API: test ended suite=0 test=25 pass=false
Sep 23 00:13:03.870 INF API: test started suite=0 test=26 name="interop/old-transaction (reth_release)"
Sep 23 00:13:03.871 INF API: test ended suite=0 test=26 pass=false
Sep 23 00:13:04.157 INF API: test ended suite=0 test=14 pass=true
Sep 23 00:13:04.165 INF API: suite ended suite=0
Sep 23 00:13:04.572 INF simulation ethereum/rpc-compat finished suites=1 tests=26 failed=24
24 tests failed
