sending engine_forkchoiceUpdatedV3: [map[finalizedBlockHash:0x9901db3a31e7004c45911fca4480b7dce86a4baeab819eb4959d7316f687d54c headBlockHash:0xf0b1510b2a9c8d4c4bd1ff2c578ddbffc04741aa06b3cc8680a343741ef15e84 safeBlockHash:0xf0b1510b2a9c8d4c4bd1ff2c578ddbffc04741aa06b3cc8680a343741ef15e84] <nil>]
response: map[payloadId:<nil> payloadStatus:map[latestValidHash:<nil> status:SYNCING validationError:<nil>]]
>>  {"jsonrpc": "2.0", "id": 1, "method": "eth_getBlockByNumber", "params": ["0x30", false]}
<<  {"jsonrpc":"2.0","id":1,"result":{"hash":"0xf0b1510b2a9c8d4c4bd1ff2c578ddbffc04741aa06b3cc8680a343741ef15e84","parentHash":"0xaede89efdac80ce5f55b93ee934eddc67b5c8a4282b18a86ca635d69234301f3","sha3Uncles":"0x1dcc4de8dec75d7aab85b567b6ccd41ad312451b948a7413f0a142fd40d49347","miner":"0x0000000000000000000000000000000000000000","stateRoot":"0xbce840ac9806ecb3d791bf55bfcfa9460ff3275996aff265fc75e2a2f3efdb26","transactionsRoot":"0x3d96f46f0efae36059fcba93396d90ed19260e009e9dac0057a1d87e66dc17d0","receiptsRoot":"0x4b7fefa97a453e0ee0cea1d51ca4ab3729f3a2a6a8388a5a3b13765eec3720b7","logsBloom":"0x00000000000000000000000000000000000000000000000000000000000000000000000000000000000000000000000000000000000000000000000000000000000000000000000000000000000000000000000000000000000000000000000000000000000000000000000000000000000000000000000000000000000000000000000000000000000000000000000000000000000000000000000000000000000000000000000000000000000000000000000000000000000000000000000000000000000000000000000000000000000000000000000000000000000000000000000000000000000000000000000000000000000000000000000000000000","difficulty":"0x0","number":"0x30","gasLimit":"0x5f5e100","gasUsed":"0xf618","timestamp":"0x1e0","extraData":"0x","mixHash":"0x0000000000000000000000000000000000000000000000000000000000000000","nonce":"0x0000000000000000","baseFeePerGas":"0x199876","withdrawalsRoot":"0x56e81f171bcc55a6ff8345e692c0f86e5b48e01b996cadc001622fb5e363b421","blobGasUsed":"0x0","excessBlobGas":"0x0","parentBeaconBlockRoot":"0x5b5b49487967b3b60bd859ba2fb13290c6eaf67e97e9f9f9dda935c08564b5f6","requestsHash":"0xe3b0c44298fc1c149afbf4c8996fb92427ae41e4649b934ca495991b7852b855","size":"0x3b8","uncles":[],"transactions":["0x8e96b39ab5e268215283ab40d65139edc6f281f4d79444b6b0a87861c5f8a1d5","0x7045e365111563c3f68594c54d9c4d7e3445f0cfc9671f68e8a0122f849f3f18","0xbe7d79a54b361c1515802fdf8e3843694b3a93350a9097b84c5582686c77163c"],"withdrawals":[]}}
response differs from expected (-- client, ++ test):
{
  "id": 1,
  "jsonrpc": "2.0",
  "result": {
    -- "baseFeePerGas": "0x199876",
    -- "blobGasUsed": "0x0",
    ++ "capture_only": true,
    -- "difficulty": "0x0",
    -- "excessBlobGas": "0x0",
    -- "extraData": "0x",
    -- "gasLimit": "0x5f5e100",
    -- "gasUsed": "0xf618",
    -- "hash": "0xf0b1510b2a9c8d4c4bd1ff2c578ddbffc04741aa06b3cc8680a343741ef15e84",
    -- "logsBloom": "0x00000000000000000000000000000000000000000000000000000000000000000000000000000000000000000000000000000000000000000000000000000000000000000000000000000000000000000000000000000000000000000000000000000000000000000000000000000000000000000000000000000000000000000000000000000000000000000000000000000000000000000000000000000000000000000000000000000000000000000000000000000000000000000000000000000000000000000000000000000000000000000000000000000000000000000000000000000000000000000000000000000000000000000000000000000000",
    -- "miner": "0x0000000000000000000000000000000000000000",
    -- "mixHash": "0x0000000000000000000000000000000000000000000000000000000000000000",
    -- "nonce": "0x0000000000000000",
    -- "number": "0x30",
    -- "parentBeaconBlockRoot": "0x5b5b49487967b3b60bd859ba2fb13290c6eaf67e97e9f9f9dda935c08564b5f6",
    -- "parentHash": "0xaede89efdac80ce5f55b93ee934eddc67b5c8a4282b18a86ca635d69234301f3",
    -- "receiptsRoot": "0x4b7fefa97a453e0ee0cea1d51ca4ab3729f3a2a6a8388a5a3b13765eec3720b7",
    -- "requestsHash": "0xe3b0c44298fc1c149afbf4c8996fb92427ae41e4649b934ca495991b7852b855",
    -- "sha3Uncles": "0x1dcc4de8dec75d7aab85b567b6ccd41ad312451b948a7413f0a142fd40d49347",
    -- "size": "0x3b8",
    -- "stateRoot": "0xbce840ac9806ecb3d791bf55bfcfa9460ff3275996aff265fc75e2a2f3efdb26",
    -- "timestamp": "0x1e0",
    -- "transactions": [
      -- "0x8e96b39ab5e268215283ab40d65139edc6f281f4d79444b6b0a87861c5f8a1d5",
      -- "0x7045e365111563c3f68594c54d9c4d7e3445f0cfc9671f68e8a0122f849f3f18",
      -- "0xbe7d79a54b361c1515802fdf8e3843694b3a93350a9097b84c5582686c77163c"
    -- ],
    -- "transactionsRoot": "0x3d96f46f0efae36059fcba93396d90ed19260e009e9dac0057a1d87e66dc17d0",
    -- "uncles": [],
    -- "withdrawals": [],
    -- "withdrawalsRoot": "0x56e81f171bcc55a6ff8345e692c0f86e5b48e01b996cadc001622fb5e363b421"
  }
}
>>  {"jsonrpc": "2.0", "id": 1, "method": "web3_clientVersion", "params": []}
<<  {"jsonrpc":"2.0","id":1,"result":"reth/v2.5.2-534c60d/x86_64-unknown-linux-gnu"}
response differs from expected (-- client, ++ test):
{
  "id": 1,
  "jsonrpc": "2.0",
  "result": -- "reth/v2.5.2-534c60d/x86_64-unknown-linux-gnu" ++ {}
}
>>  {"jsonrpc": "2.0", "id": 1, "method": "eth_getBlockByNumber", "params": ["0x30", false]}
<<  {"jsonrpc":"2.0","id":1,"result":{"hash":"0xf0b1510b2a9c8d4c4bd1ff2c578ddbffc04741aa06b3cc8680a343741ef15e84","parentHash":"0xaede89efdac80ce5f55b93ee934eddc67b5c8a4282b18a86ca635d69234301f3","sha3Uncles":"0x1dcc4de8dec75d7aab85b567b6ccd41ad312451b948a7413f0a142fd40d49347","miner":"0x0000000000000000000000000000000000000000","stateRoot":"0xbce840ac9806ecb3d791bf55bfcfa9460ff3275996aff265fc75e2a2f3efdb26","transactionsRoot":"0x3d96f46f0efae36059fcba93396d90ed19260e009e9dac0057a1d87e66dc17d0","receiptsRoot":"0x4b7fefa97a453e0ee0cea1d51ca4ab3729f3a2a6a8388a5a3b13765eec3720b7","logsBloom":"0x00000000000000000000000000000000000000000000000000000000000000000000000000000000000000000000000000000000000000000000000000000000000000000000000000000000000000000000000000000000000000000000000000000000000000000000000000000000000000000000000000000000000000000000000000000000000000000000000000000000000000000000000000000000000000000000000000000000000000000000000000000000000000000000000000000000000000000000000000000000000000000000000000000000000000000000000000000000000000000000000000000000000000000000000000000000","difficulty":"0x0","number":"0x30","gasLimit":"0x5f5e100","gasUsed":"0xf618","timestamp":"0x1e0","extraData":"0x","mixHash":"0x0000000000000000000000000000000000000000000000000000000000000000","nonce":"0x0000000000000000","baseFeePerGas":"0x199876","withdrawalsRoot":"0x56e81f171bcc55a6ff8345e692c0f86e5b48e01b996cadc001622fb5e363b421","blobGasUsed":"0x0","excessBlobGas":"0x0","parentBeaconBlockRoot":"0x5b5b49487967b3b60bd859ba2fb13290c6eaf67e97e9f9f9dda935c08564b5f6","requestsHash":"0xe3b0c44298fc1c149afbf4c8996fb92427ae41e4649b934ca495991b7852b855","size":"0x3b8","uncles":[],"transactions":["0x8e96b39ab5e268215283ab40d65139edc6f281f4d79444b6b0a87861c5f8a1d5","0x7045e365111563c3f68594c54d9c4d7e3445f0cfc9671f68e8a0122f849f3f18","0xbe7d79a54b361c1515802fdf8e3843694b3a93350a9097b84c5582686c77163c"],"withdrawals":[]}}
response differs from expected (-- client, ++ test):
{
  "id": 1,
  "jsonrpc": "2.0",
  "result": {
    -- "baseFeePerGas": "0x199876",
    -- "blobGasUsed": "0x0",
    ++ "capture_only": true,
    -- "difficulty": "0x0",
    -- "excessBlobGas": "0x0",
    -- "extraData": "0x",
    -- "gasLimit": "0x5f5e100",
    -- "gasUsed": "0xf618",
    -- "hash": "0xf0b1510b2a9c8d4c4bd1ff2c578ddbffc04741aa06b3cc8680a343741ef15e84",
    -- "logsBloom": "0x00000000000000000000000000000000000000000000000000000000000000000000000000000000000000000000000000000000000000000000000000000000000000000000000000000000000000000000000000000000000000000000000000000000000000000000000000000000000000000000000000000000000000000000000000000000000000000000000000000000000000000000000000000000000000000000000000000000000000000000000000000000000000000000000000000000000000000000000000000000000000000000000000000000000000000000000000000000000000000000000000000000000000000000000000000000",
    -- "miner": "0x0000000000000000000000000000000000000000",
    -- "mixHash": "0x0000000000000000000000000000000000000000000000000000000000000000",
    -- "nonce": "0x0000000000000000",
    -- "number": "0x30",
    -- "parentBeaconBlockRoot": "0x5b5b49487967b3b60bd859ba2fb13290c6eaf67e97e9f9f9dda935c08564b5f6",
    -- "parentHash": "0xaede89efdac80ce5f55b93ee934eddc67b5c8a4282b18a86ca635d69234301f3",
    -- "receiptsRoot": "0x4b7fefa97a453e0ee0cea1d51ca4ab3729f3a2a6a8388a5a3b13765eec3720b7",
    -- "requestsHash": "0xe3b0c44298fc1c149afbf4c8996fb92427ae41e4649b934ca495991b7852b855",
    -- "sha3Uncles": "0x1dcc4de8dec75d7aab85b567b6ccd41ad312451b948a7413f0a142fd40d49347",
    -- "size": "0x3b8",
    -- "stateRoot": "0xbce840ac9806ecb3d791bf55bfcfa9460ff3275996aff265fc75e2a2f3efdb26",
    -- "timestamp": "0x1e0",
    -- "transactions": [
      -- "0x8e96b39ab5e268215283ab40d65139edc6f281f4d79444b6b0a87861c5f8a1d5",
      -- "0x7045e365111563c3f68594c54d9c4d7e3445f0cfc9671f68e8a0122f849f3f18",
      -- "0xbe7d79a54b361c1515802fdf8e3843694b3a93350a9097b84c5582686c77163c"
    -- ],
    -- "transactionsRoot": "0x3d96f46f0efae36059fcba93396d90ed19260e009e9dac0057a1d87e66dc17d0",
    -- "uncles": [],
    -- "withdrawals": [],
    -- "withdrawalsRoot": "0x56e81f171bcc55a6ff8345e692c0f86e5b48e01b996cadc001622fb5e363b421"
  }
}
>>  {"jsonrpc": "2.0", "id": 1, "method": "trace_call", "params": [{"from": "0x7435ed30a8b4aeb0877cef0c6e8cffe834eb865f", "to": "0x0000000000000000000000000000000000001002", "gas": "0x927c0"}, ["trace"], "0x30"]}
<<  {"jsonrpc":"2.0","id":1,"result":{"output":"0x000000000000000000000000000000000000000000000000000000000000002a","stateDiff":null,"trace":[{"type":"call","action":{"from":"0x7435ed30a8b4aeb0877cef0c6e8cffe834eb865f","callType":"call","gas":"0x8d5b8","input":"0x","to":"0x0000000000000000000000000000000000001002","value":"0x0"},"result":{"gasUsed":"0x12","output":"0x000000000000000000000000000000000000000000000000000000000000002a"},"subtraces":0,"traceAddress":[]}],"vmTrace":null}}
response differs from expected (-- client, ++ test):
{
  "id": 1,
  "jsonrpc": "2.0",
  "result": {
    ++ "capture_only": true,
    -- "output": "0x000000000000000000000000000000000000000000000000000000000000002a",
    -- "stateDiff": null,
    -- "trace": [
      -- {
        -- "action": {
          -- "callType": "call",
          -- "from": "0x7435ed30a8b4aeb0877cef0c6e8cffe834eb865f",
          -- "gas": "0x8d5b8",
          -- "input": "0x",
          -- "to": "0x0000000000000000000000000000000000001002",
          -- "value": "0x0"
        -- },
        -- "result": {
          -- "gasUsed": "0x12",
          -- "output": "0x000000000000000000000000000000000000000000000000000000000000002a"
        -- },
        -- "subtraces": 0,
        -- "traceAddress": [],
        -- "type": "call"
      -- }
    -- ],
    -- "vmTrace": null
  }
}
>>  {"jsonrpc": "2.0", "id": 1, "method": "eth_getTransactionCount", "params": ["0x7435ed30a8b4aeb0877cef0c6e8cffe834eb865f", "0x30"]}
<<  {"jsonrpc":"2.0","id":1,"result":"0x85"}
response differs from expected (-- client, ++ test):
{
  "id": 1,
  "jsonrpc": "2.0",
  "result": -- "0x85" ++ {}
}
>>  {"jsonrpc": "2.0", "id": 1, "method": "trace_block", "params": ["0x2"]}
<<  {"jsonrpc":"2.0","id":1,"error":{"code":-32603,"message":"failed to apply blockhash contract call: database error: Database error: insufficient changesets to revert to block #1. Available changeset range: 43..=48"}}
response differs from expected (-- client, ++ test):
{
  -- "error": {
    -- "code": -32603,
    -- "message": "failed to apply blockhash contract call: database error: Database error: insufficient changesets to revert to block #1. Available changeset range: 43..=48"
  -- },
  "id": 1,
  "jsonrpc": "2.0",
  ++ "result": {
    ++ "capture_only": true
  ++ }
}
>>  {"jsonrpc": "2.0", "id": 1, "method": "trace_filter", "params": [{"fromBlock": "0x2", "toBlock": "0x3"}]}
<<  {"jsonrpc":"2.0","id":1,"error":{"code":-32603,"message":"failed to apply blockhash contract call: database error: Database error: insufficient changesets to revert to block #1. Available changeset range: 43..=48"}}
response differs from expected (-- client, ++ test):
{
  -- "error": {
    -- "code": -32603,
    -- "message": "failed to apply blockhash contract call: database error: Database error: insufficient changesets to revert to block #1. Available changeset range: 43..=48"
  -- },
  "id": 1,
  "jsonrpc": "2.0",
  ++ "result": {
    ++ "capture_only": true
  ++ }
}
>>  {"jsonrpc": "2.0", "id": 1, "method": "eth_getBlockByNumber", "params": ["0x2", false]}
<<  {"jsonrpc":"2.0","id":1,"result":{"hash":"0xf5de2a84c954882baa45ac90c79baa2a966ddf7d8ea14d8a87e1e17c449d123e","parentHash":"0x7874f1f567f61646332fe6bd6807b5f36f27f526844ce7b6ddd291a27d33971d","sha3Uncles":"0x1dcc4de8dec75d7aab85b567b6ccd41ad312451b948a7413f0a142fd40d49347","miner":"0x0000000000000000000000000000000000000000","stateRoot":"0x62adeb61625aebc90faf84743148b159d7b3cb2f48570035d349befccd532b0c","transactionsRoot":"0x13ad9c32765870b6b0194c443a4778b3ce0e563215ea26798141d002f05f6dfc","receiptsRoot":"0xd356a104e9887b7cb5064d5834db5ae1824fcdf9928cfcd89c6ca0da21e9bf1c","logsBloom":"0x00000000000000000000000000000000000000000000000000000000000000000000000200000000000010000000000000000000000000000000000001000000000000000000000000004000002000000200004000400000000000000000002000000000400400000000000000000000000000000000000000000000000080000000000000000000000000000000000000000000000000010000000000000000000000000000000000000000000200000000020000000000000000000000000000000000000000400000000000000000000000000000000000000010000000000004000000000000000000000000000000000000000000000000000000000000","difficulty":"0x0","number":"0x2","gasLimit":"0x5f5e100","gasUsed":"0x4fc7d","timestamp":"0x14","extraData":"0x","mixHash":"0x0000000000000000000000000000000000000000000000000000000000000000","nonce":"0x0000000000000000","baseFeePerGas":"0x2da9cd6d","withdrawalsRoot":"0x56e81f171bcc55a6ff8345e692c0f86e5b48e01b996cadc001622fb5e363b421","blobGasUsed":"0x0","excessBlobGas":"0x0","parentBeaconBlockRoot":"0x2c809fbc7e3991c8ab560d1431fa8b6f25be4ab50977f0294dfeca9677866b6e","requestsHash":"0xe3b0c44298fc1c149afbf4c8996fb92427ae41e4649b934ca495991b7852b855","size":"0x516","uncles":[],"transactions":["0x827f578f78815feb24e5d992addb5d6d184958aad72d02c213271f4b4ac780ae","0x55d219e322321525fb6d15c388d730e0f6d0ae119e68163ffcea6d3ee50fa738","0x512b5deddff16d21ebba7b730d935b4287dbb839e77eb05b37b34ce5eb229933","0xb54bc1221b206db9ee0449a716ddde73c1e2d0f72d2e789fcb51230fe851cc8a","0x4e0240fe2995f7a21013fbe4af0ad9330daac8c29008e22b7d71b4672357f014"],"withdrawals":[]}}
response differs from expected (-- client, ++ test):
{
  "id": 1,
  "jsonrpc": "2.0",
  "result": {
    -- "baseFeePerGas": "0x2da9cd6d",
    -- "blobGasUsed": "0x0",
    ++ "capture_only": true,
    -- "difficulty": "0x0",
    -- "excessBlobGas": "0x0",
    -- "extraData": "0x",
    -- "gasLimit": "0x5f5e100",
    -- "gasUsed": "0x4fc7d",
    -- "hash": "0xf5de2a84c954882baa45ac90c79baa2a966ddf7d8ea14d8a87e1e17c449d123e",
    -- "logsBloom": "0x00000000000000000000000000000000000000000000000000000000000000000000000200000000000010000000000000000000000000000000000001000000000000000000000000004000002000000200004000400000000000000000002000000000400400000000000000000000000000000000000000000000000080000000000000000000000000000000000000000000000000010000000000000000000000000000000000000000000200000000020000000000000000000000000000000000000000400000000000000000000000000000000000000010000000000004000000000000000000000000000000000000000000000000000000000000",
    -- "miner": "0x0000000000000000000000000000000000000000",
    -- "mixHash": "0x0000000000000000000000000000000000000000000000000000000000000000",
    -- "nonce": "0x0000000000000000",
    -- "number": "0x2",
    -- "parentBeaconBlockRoot": "0x2c809fbc7e3991c8ab560d1431fa8b6f25be4ab50977f0294dfeca9677866b6e",
    -- "parentHash": "0x7874f1f567f61646332fe6bd6807b5f36f27f526844ce7b6ddd291a27d33971d",
    -- "receiptsRoot": "0xd356a104e9887b7cb5064d5834db5ae1824fcdf9928cfcd89c6ca0da21e9bf1c",
    -- "requestsHash": "0xe3b0c44298fc1c149afbf4c8996fb92427ae41e4649b934ca495991b7852b855",
    -- "sha3Uncles": "0x1dcc4de8dec75d7aab85b567b6ccd41ad312451b948a7413f0a142fd40d49347",
    -- "size": "0x516",
    -- "stateRoot": "0x62adeb61625aebc90faf84743148b159d7b3cb2f48570035d349befccd532b0c",
    -- "timestamp": "0x14",
    -- "transactions": [
      -- "0x827f578f78815feb24e5d992addb5d6d184958aad72d02c213271f4b4ac780ae",
      -- "0x55d219e322321525fb6d15c388d730e0f6d0ae119e68163ffcea6d3ee50fa738",
      -- "0x512b5deddff16d21ebba7b730d935b4287dbb839e77eb05b37b34ce5eb229933",
      -- "0xb54bc1221b206db9ee0449a716ddde73c1e2d0f72d2e789fcb51230fe851cc8a",
      -- "0x4e0240fe2995f7a21013fbe4af0ad9330daac8c29008e22b7d71b4672357f014"
    -- ],
    -- "transactionsRoot": "0x13ad9c32765870b6b0194c443a4778b3ce0e563215ea26798141d002f05f6dfc",
    -- "uncles": [],
    -- "withdrawals": [],
    -- "withdrawalsRoot": "0x56e81f171bcc55a6ff8345e692c0f86e5b48e01b996cadc001622fb5e363b421"
  }
}
>>  {"jsonrpc": "2.0", "id": 1, "method": "eth_getTransactionCount", "params": ["0x7435ed30a8b4aeb0877cef0c6e8cffe834eb865f", "0x2"]}
<<  {"jsonrpc":"2.0","id":1,"error":{"code":4444,"message":"pruned history unavailable: requested 2, earliest available 43"}}
response differs from expected (-- client, ++ test):
{
  -- "error": {
    -- "code": 4444,
    -- "message": "pruned history unavailable: requested 2, earliest available 43"
  -- },
  "id": 1,
  "jsonrpc": "2.0",
  ++ "result": {
    ++ "capture_only": true
  ++ }
}
>>  {"jsonrpc": "2.0", "id": 1, "method": "eth_getTransactionReceipt", "params": ["0x55d219e322321525fb6d15c388d730e0f6d0ae119e68163ffcea6d3ee50fa738"]}
<<  {"jsonrpc":"2.0","id":1,"result":{"type":"0x2","status":"0x1","cumulativeGasUsed":"0x2e0e8","logs":[{"address":"0x9dcd17433742f4c0ca53122ab541d0ba67fc27d0","topics":["0x00000000000000000000000000000000000000000000000000000000656d6974","0xe8e77626586f73b955364c7b4bbf0bb7f7685ebd40e852b164633a4acbd3244c"],"data":"0x0000000000000000000000000000000000000000000000000000000000000000","blockHash":"0xf5de2a84c954882baa45ac90c79baa2a966ddf7d8ea14d8a87e1e17c449d123e","blockNumber":"0x2","blockTimestamp":"0x14","transactionHash":"0x55d219e322321525fb6d15c388d730e0f6d0ae119e68163ffcea6d3ee50fa738","transactionIndex":"0x1","logIndex":"0x0","removed":false},{"address":"0x2d303c5b7911d87d594bf1b31fbb9aa187888893","topics":["0x0000000000000000000000000000000000000000000000000000006368696c64"],"data":"0x","blockHash":"0xf5de2a84c954882baa45ac90c79baa2a966ddf7d8ea14d8a87e1e17c449d123e","blockNumber":"0x2","blockTimestamp":"0x14","transactionHash":"0x55d219e322321525fb6d15c388d730e0f6d0ae119e68163ffcea6d3ee50fa738","transactionIndex":"0x1","logIndex":"0x1","removed":false},{"address":"0x9dcd17433742f4c0ca53122ab541d0ba67fc27d0","topics":["0x0000000000000000000000000000000000000000000000000000000074726565"],"data":"0x","blockHash":"0xf5de2a84c954882baa45ac90c79baa2a966ddf7d8ea14d8a87e1e17c449d123e","blockNumber":"0x2","blockTimestamp":"0x14","transactionHash":"0x55d219e322321525fb6d15c388d730e0f6d0ae119e68163ffcea6d3ee50fa738","transactionIndex":"0x1","logIndex":"0x2","removed":false}],"logsBloom":"0x00000000000000000000000000000000000000000000000000000000000000000000000200000000000010000000000000000000000000000000000001000000000000000000000000004000002000000200004000400000000000000000002000000000400400000000000000000000000000000000000000000000000080000000000000000000000000000000000000000000000000010000000000000000000000000000000000000000000200000000020000000000000000000000000000000000000000400000000000000000000000000000000000000010000000000004000000000000000000000000000000000000000000000000000000000000","transactionHash":"0x55d219e322321525fb6d15c388d730e0f6d0ae119e68163ffcea6d3ee50fa738","transactionIndex":"0x1","blockHash":"0xf5de2a84c954882baa45ac90c79baa2a966ddf7d8ea14d8a87e1e17c449d123e","blockNumber":"0x2","gasUsed":"0x28647","effectiveGasPrice":"0x2da9cd6e","from":"0x7435ed30a8b4aeb0877cef0c6e8cffe834eb865f","to":"0x9dcd17433742f4c0ca53122ab541d0ba67fc27d0","contractAddress":null}}
response differs from expected (-- client, ++ test):
{
  "id": 1,
  "jsonrpc": "2.0",
  "result": {
    -- "blockHash": "0xf5de2a84c954882baa45ac90c79baa2a966ddf7d8ea14d8a87e1e17c449d123e",
    -- "blockNumber": "0x2",
    ++ "capture_only": true,
    -- "contractAddress": null,
    -- "cumulativeGasUsed": "0x2e0e8",
    -- "effectiveGasPrice": "0x2da9cd6e",
    -- "from": "0x7435ed30a8b4aeb0877cef0c6e8cffe834eb865f",
    -- "gasUsed": "0x28647",
    -- "logs": [
      -- {
        -- "address": "0x9dcd17433742f4c0ca53122ab541d0ba67fc27d0",
        -- "blockHash": "0xf5de2a84c954882baa45ac90c79baa2a966ddf7d8ea14d8a87e1e17c449d123e",
        -- "blockNumber": "0x2",
        -- "blockTimestamp": "0x14",
        -- "data": "0x0000000000000000000000000000000000000000000000000000000000000000",
        -- "logIndex": "0x0",
        -- "removed": false,
        -- "topics": [
          -- "0x00000000000000000000000000000000000000000000000000000000656d6974",
          -- "0xe8e77626586f73b955364c7b4bbf0bb7f7685ebd40e852b164633a4acbd3244c"
        -- ],
        -- "transactionHash": "0x55d219e322321525fb6d15c388d730e0f6d0ae119e68163ffcea6d3ee50fa738",
        -- "transactionIndex": "0x1"
      -- },
      -- {
        -- "address": "0x2d303c5b7911d87d594bf1b31fbb9aa187888893",
        -- "blockHash": "0xf5de2a84c954882baa45ac90c79baa2a966ddf7d8ea14d8a87e1e17c449d123e",
        -- "blockNumber": "0x2",
        -- "blockTimestamp": "0x14",
        -- "data": "0x",
        -- "logIndex": "0x1",
        -- "removed": false,
        -- "topics": [
          -- "0x0000000000000000000000000000000000000000000000000000006368696c64"
        -- ],
        -- "transactionHash": "0x55d219e322321525fb6d15c388d730e0f6d0ae119e68163ffcea6d3ee50fa738",
        -- "transactionIndex": "0x1"
      -- },
      -- {
        -- "address": "0x9dcd17433742f4c0ca53122ab541d0ba67fc27d0",
        -- "blockHash": "0xf5de2a84c954882baa45ac90c79baa2a966ddf7d8ea14d8a87e1e17c449d123e",
        -- "blockNumber": "0x2",
        -- "blockTimestamp": "0x14",
        -- "data": "0x",
        -- "logIndex": "0x2",
        -- "removed": false,
        -- "topics": [
          -- "0x0000000000000000000000000000000000000000000000000000000074726565"
        -- ],
        -- "transactionHash": "0x55d219e322321525fb6d15c388d730e0f6d0ae119e68163ffcea6d3ee50fa738",
        -- "transactionIndex": "0x1"
      -- }
    -- ],
    -- "logsBloom": "0x00000000000000000000000000000000000000000000000000000000000000000000000200000000000010000000000000000000000000000000000001000000000000000000000000004000002000000200004000400000000000000000002000000000400400000000000000000000000000000000000000000000000080000000000000000000000000000000000000000000000000010000000000000000000000000000000000000000000200000000020000000000000000000000000000000000000000400000000000000000000000000000000000000010000000000004000000000000000000000000000000000000000000000000000000000000",
    -- "status": "0x1",
    -- "to": "0x9dcd17433742f4c0ca53122ab541d0ba67fc27d0",
    -- "transactionHash": "0x55d219e322321525fb6d15c388d730e0f6d0ae119e68163ffcea6d3ee50fa738",
    -- "transactionIndex": "0x1",
    -- "type": "0x2"
  }
}
>>  {"jsonrpc": "2.0", "id": 1, "method": "trace_replayTransaction", "params": ["0x55d219e322321525fb6d15c388d730e0f6d0ae119e68163ffcea6d3ee50fa738", ["trace", "stateDiff"]]}
<<  {"jsonrpc":"2.0","id":1,"error":{"code":-32603,"message":"failed to apply blockhash contract call: database error: Database error: insufficient changesets to revert to block #1. Available changeset range: 43..=48"}}
response differs from expected (-- client, ++ test):
{
  -- "error": {
    -- "code": -32603,
    -- "message": "failed to apply blockhash contract call: database error: Database error: insufficient changesets to revert to block #1. Available changeset range: 43..=48"
  -- },
  "id": 1,
  "jsonrpc": "2.0",
  ++ "result": {
    ++ "capture_only": true
  ++ }
}
>>  {"jsonrpc": "2.0", "id": 1, "method": "trace_transaction", "params": ["0x55d219e322321525fb6d15c388d730e0f6d0ae119e68163ffcea6d3ee50fa738"]}
<<  {"jsonrpc":"2.0","id":1,"error":{"code":-32603,"message":"failed to apply blockhash contract call: database error: Database error: insufficient changesets to revert to block #1. Available changeset range: 43..=48"}}
response differs from expected (-- client, ++ test):
{
  -- "error": {
    -- "code": -32603,
    -- "message": "failed to apply blockhash contract call: database error: Database error: insufficient changesets to revert to block #1. Available changeset range: 43..=48"
  -- },
  "id": 1,
  "jsonrpc": "2.0",
  ++ "result": {
    ++ "capture_only": true
  ++ }
}
