-- interop/_control/head (go-ethereum_trace)
>>  {"jsonrpc": "2.0", "id": 1, "method": "eth_getBlockByNumber", "params": ["0x30", false]}
<<  {"jsonrpc":"2.0","id":1,"result":{"baseFeePerGas":"0x199876","blobGasUsed":"0x0","difficulty":"0x0","excessBlobGas":"0x0","extraData":"0x","gasLimit":"0x5f5e100","gasUsed":"0xf618","hash":"0xf0b1510b2a9c8d4c4bd1ff2c578ddbffc04741aa06b3cc8680a343741ef15e84","logsBloom":"0x00000000000000000000000000000000000000000000000000000000000000000000000000000000000000000000000000000000000000000000000000000000000000000000000000000000000000000000000000000000000000000000000000000000000000000000000000000000000000000000000000000000000000000000000000000000000000000000000000000000000000000000000000000000000000000000000000000000000000000000000000000000000000000000000000000000000000000000000000000000000000000000000000000000000000000000000000000000000000000000000000000000000000000000000000000000","miner":"0x0000000000000000000000000000000000000000","mixHash":"0x0000000000000000000000000000000000000000000000000000000000000000","nonce":"0x0000000000000000","number":"0x30","parentBeaconBlockRoot":"0x5b5b49487967b3b60bd859ba2fb13290c6eaf67e97e9f9f9dda935c08564b5f6","parentHash":"0xaede89efdac80ce5f55b93ee934eddc67b5c8a4282b18a86ca635d69234301f3","receiptsRoot":"0x4b7fefa97a453e0ee0cea1d51ca4ab3729f3a2a6a8388a5a3b13765eec3720b7","requestsHash":"0xe3b0c44298fc1c149afbf4c8996fb92427ae41e4649b934ca495991b7852b855","sha3Uncles":"0x1dcc4de8dec75d7aab85b567b6ccd41ad312451b948a7413f0a142fd40d49347","size":"0x3b8","stateRoot":"0xbce840ac9806ecb3d791bf55bfcfa9460ff3275996aff265fc75e2a2f3efdb26","timestamp":"0x1e0","transactions":["0x8e96b39ab5e268215283ab40d65139edc6f281f4d79444b6b0a87861c5f8a1d5","0x7045e365111563c3f68594c54d9c4d7e3445f0cfc9671f68e8a0122f849f3f18","0xbe7d79a54b361c1515802fdf8e3843694b3a93350a9097b84c5582686c77163c"],"transactionsRoot":"0x3d96f46f0efae36059fcba93396d90ed19260e009e9dac0057a1d87e66dc17d0","uncles":[],"withdrawals":[],"withdrawalsRoot":"0x56e81f171bcc55a6ff8345e692c0f86e5b48e01b996cadc001622fb5e363b421"}}
response differs from expected (-- client, ++ test):
{
  "id": 1,
  "jsonrpc": "2.0",
  "result": {
    -- "baseFeePerGas": "0x199876",
    -- "blobGasUsed": "0x0",
    ++ "capture_only": true,
    -- "difficulty": "0x0",
    -- "excessBlobGas": "0x0",
    -- "extraData": "0x",
    -- "gasLimit": "0x5f5e100",
    -- "gasUsed": "0xf618",
    -- "hash": "0xf0b1510b2a9c8d4c4bd1ff2c578ddbffc04741aa06b3cc8680a343741ef15e84",
    -- "logsBloom": "0x00000000000000000000000000000000000000000000000000000000000000000000000000000000000000000000000000000000000000000000000000000000000000000000000000000000000000000000000000000000000000000000000000000000000000000000000000000000000000000000000000000000000000000000000000000000000000000000000000000000000000000000000000000000000000000000000000000000000000000000000000000000000000000000000000000000000000000000000000000000000000000000000000000000000000000000000000000000000000000000000000000000000000000000000000000000",
    -- "miner": "0x0000000000000000000000000000000000000000",
    -- "mixHash": "0x0000000000000000000000000000000000000000000000000000000000000000",
    -- "nonce": "0x0000000000000000",
    -- "number": "0x30",
    -- "parentBeaconBlockRoot": "0x5b5b49487967b3b60bd859ba2fb13290c6eaf67e97e9f9f9dda935c08564b5f6",
    -- "parentHash": "0xaede89efdac80ce5f55b93ee934eddc67b5c8a4282b18a86ca635d69234301f3",
    -- "receiptsRoot": "0x4b7fefa97a453e0ee0cea1d51ca4ab3729f3a2a6a8388a5a3b13765eec3720b7",
    -- "requestsHash": "0xe3b0c44298fc1c149afbf4c8996fb92427ae41e4649b934ca495991b7852b855",
    -- "sha3Uncles": "0x1dcc4de8dec75d7aab85b567b6ccd41ad312451b948a7413f0a142fd40d49347",
    -- "size": "0x3b8",
    -- "stateRoot": "0xbce840ac9806ecb3d791bf55bfcfa9460ff3275996aff265fc75e2a2f3efdb26",
    -- "timestamp": "0x1e0",
    -- "transactions": [
      -- "0x8e96b39ab5e268215283ab40d65139edc6f281f4d79444b6b0a87861c5f8a1d5",
      -- "0x7045e365111563c3f68594c54d9c4d7e3445f0cfc9671f68e8a0122f849f3f18",
      -- "0xbe7d79a54b361c1515802fdf8e3843694b3a93350a9097b84c5582686c77163c"
    -- ],
    -- "transactionsRoot": "0x3d96f46f0efae36059fcba93396d90ed19260e009e9dac0057a1d87e66dc17d0",
    -- "uncles": [],
    -- "withdrawals": [],
    -- "withdrawalsRoot": "0x56e81f171bcc55a6ff8345e692c0f86e5b48e01b996cadc001622fb5e363b421"
  }
}


-- interop/_control/latest (go-ethereum_trace)
>>  {"jsonrpc": "2.0", "id": 1, "method": "eth_getBlockByNumber", "params": ["latest", false]}
<<  {"jsonrpc":"2.0","id":1,"result":{"baseFeePerGas":"0x199876","blobGasUsed":"0x0","difficulty":"0x0","excessBlobGas":"0x0","extraData":"0x","gasLimit":"0x5f5e100","gasUsed":"0xf618","hash":"0xf0b1510b2a9c8d4c4bd1ff2c578ddbffc04741aa06b3cc8680a343741ef15e84","logsBloom":"0x00000000000000000000000000000000000000000000000000000000000000000000000000000000000000000000000000000000000000000000000000000000000000000000000000000000000000000000000000000000000000000000000000000000000000000000000000000000000000000000000000000000000000000000000000000000000000000000000000000000000000000000000000000000000000000000000000000000000000000000000000000000000000000000000000000000000000000000000000000000000000000000000000000000000000000000000000000000000000000000000000000000000000000000000000000000","miner":"0x0000000000000000000000000000000000000000","mixHash":"0x0000000000000000000000000000000000000000000000000000000000000000","nonce":"0x0000000000000000","number":"0x30","parentBeaconBlockRoot":"0x5b5b49487967b3b60bd859ba2fb13290c6eaf67e97e9f9f9dda935c08564b5f6","parentHash":"0xaede89efdac80ce5f55b93ee934eddc67b5c8a4282b18a86ca635d69234301f3","receiptsRoot":"0x4b7fefa97a453e0ee0cea1d51ca4ab3729f3a2a6a8388a5a3b13765eec3720b7","requestsHash":"0xe3b0c44298fc1c149afbf4c8996fb92427ae41e4649b934ca495991b7852b855","sha3Uncles":"0x1dcc4de8dec75d7aab85b567b6ccd41ad312451b948a7413f0a142fd40d49347","size":"0x3b8","stateRoot":"0xbce840ac9806ecb3d791bf55bfcfa9460ff3275996aff265fc75e2a2f3efdb26","timestamp":"0x1e0","transactions":["0x8e96b39ab5e268215283ab40d65139edc6f281f4d79444b6b0a87861c5f8a1d5","0x7045e365111563c3f68594c54d9c4d7e3445f0cfc9671f68e8a0122f849f3f18","0xbe7d79a54b361c1515802fdf8e3843694b3a93350a9097b84c5582686c77163c"],"transactionsRoot":"0x3d96f46f0efae36059fcba93396d90ed19260e009e9dac0057a1d87e66dc17d0","uncles":[],"withdrawals":[],"withdrawalsRoot":"0x56e81f171bcc55a6ff8345e692c0f86e5b48e01b996cadc001622fb5e363b421"}}
response differs from expected (-- client, ++ test):
{
  "id": 1,
  "jsonrpc": "2.0",
  "result": {
    -- "baseFeePerGas": "0x199876",
    -- "blobGasUsed": "0x0",
    ++ "capture_only": true,
    -- "difficulty": "0x0",
    -- "excessBlobGas": "0x0",
    -- "extraData": "0x",
    -- "gasLimit": "0x5f5e100",
    -- "gasUsed": "0xf618",
    -- "hash": "0xf0b1510b2a9c8d4c4bd1ff2c578ddbffc04741aa06b3cc8680a343741ef15e84",
    -- "logsBloom": "0x00000000000000000000000000000000000000000000000000000000000000000000000000000000000000000000000000000000000000000000000000000000000000000000000000000000000000000000000000000000000000000000000000000000000000000000000000000000000000000000000000000000000000000000000000000000000000000000000000000000000000000000000000000000000000000000000000000000000000000000000000000000000000000000000000000000000000000000000000000000000000000000000000000000000000000000000000000000000000000000000000000000000000000000000000000000",
    -- "miner": "0x0000000000000000000000000000000000000000",
    -- "mixHash": "0x0000000000000000000000000000000000000000000000000000000000000000",
    -- "nonce": "0x0000000000000000",
    -- "number": "0x30",
    -- "parentBeaconBlockRoot": "0x5b5b49487967b3b60bd859ba2fb13290c6eaf67e97e9f9f9dda935c08564b5f6",
    -- "parentHash": "0xaede89efdac80ce5f55b93ee934eddc67b5c8a4282b18a86ca635d69234301f3",
    -- "receiptsRoot": "0x4b7fefa97a453e0ee0cea1d51ca4ab3729f3a2a6a8388a5a3b13765eec3720b7",
    -- "requestsHash": "0xe3b0c44298fc1c149afbf4c8996fb92427ae41e4649b934ca495991b7852b855",
    -- "sha3Uncles": "0x1dcc4de8dec75d7aab85b567b6ccd41ad312451b948a7413f0a142fd40d49347",
    -- "size": "0x3b8",
    -- "stateRoot": "0xbce840ac9806ecb3d791bf55bfcfa9460ff3275996aff265fc75e2a2f3efdb26",
    -- "timestamp": "0x1e0",
    -- "transactions": [
      -- "0x8e96b39ab5e268215283ab40d65139edc6f281f4d79444b6b0a87861c5f8a1d5",
      -- "0x7045e365111563c3f68594c54d9c4d7e3445f0cfc9671f68e8a0122f849f3f18",
      -- "0xbe7d79a54b361c1515802fdf8e3843694b3a93350a9097b84c5582686c77163c"
    -- ],
    -- "transactionsRoot": "0x3d96f46f0efae36059fcba93396d90ed19260e009e9dac0057a1d87e66dc17d0",
    -- "uncles": [],
    -- "withdrawals": [],
    -- "withdrawalsRoot": "0x56e81f171bcc55a6ff8345e692c0f86e5b48e01b996cadc001622fb5e363b421"
  }
}


-- interop/_control/version (go-ethereum_trace)
>>  {"jsonrpc": "2.0", "id": 1, "method": "web3_clientVersion", "params": []}
<<  {"jsonrpc":"2.0","id":1,"result":"Geth/v1.17.6-unstable-c36ee43e-2026-09-23/linux-amd64/go1.26.1"}
response differs from expected (-- client, ++ test):
{
  "id": 1,
  "jsonrpc": "2.0",
  "result": -- "Geth/v1.17.6-unstable-c36ee43e-2026-09-23/linux-amd64/go1.26.1" ++ {}
}


-- interop/before/code (go-ethereum_trace)
>>  {"id": 1, "jsonrpc": "2.0", "method": "eth_getCode", "params": ["0x0000000000000000000000000000000000001001", "0x30"]}
<<  {"jsonrpc":"2.0","id":1,"result":"0x361561001957600035600055602035156100195760006000fd5b60005460005260206000f3"}
response differs from expected (-- client, ++ test):
{
  "id": 1,
  "jsonrpc": "2.0",
  "result": -- "0x361561001957600035600055602035156100195760006000fd5b60005460005260206000f3" ++ {}
}


-- interop/before/control-nonce (go-ethereum_trace)
>>  {"id": 1, "jsonrpc": "2.0", "method": "eth_getTransactionCount", "params": ["0x7435ed30a8b4aeb0877cef0c6e8cffe834eb865f", "0x30"]}
<<  {"jsonrpc":"2.0","id":1,"result":"0x85"}
response differs from expected (-- client, ++ test):
{
  "id": 1,
  "jsonrpc": "2.0",
  "result": -- "0x85" ++ {}
}


-- interop/before/storage (go-ethereum_trace)
>>  {"id": 1, "jsonrpc": "2.0", "method": "eth_getStorageAt", "params": ["0x0000000000000000000000000000000000001001", "0x0", "0x30"]}
<<  {"jsonrpc":"2.0","id":1,"result":"0x0000000000000000000000000000000000000000000000000000000000000000"}
response differs from expected (-- client, ++ test):
{
  "id": 1,
  "jsonrpc": "2.0",
  "result": -- "0x0000000000000000000000000000000000000000000000000000000000000000" ++ {}
}


-- interop/write-read/many-storage-write-read (go-ethereum_trace)
>>  {"id": 1, "jsonrpc": "2.0", "method": "trace_callMany", "params": [[[{"data": "0x000000000000000000000000000000000000000000000000000000000000002a0000000000000000000000000000000000000000000000000000000000000000", "from": "0x7435ed30a8b4aeb0877cef0c6e8cffe834eb865f", "gas": "0x927c0", "gasPrice": "0x77359400", "to": "0x0000000000000000000000000000000000001001"}, ["trace", "stateDiff"]], [{"data": "0x", "from": "0x7435ed30a8b4aeb0877cef0c6e8cffe834eb865f", "gas": "0x927c0", "gasPrice": "0x77359400", "to": "0x0000000000000000000000000000000000001001"}, ["trace", "stateDiff"]]], "0x30"]}
<<  {"jsonrpc":"2.0","id":1,"result":[{"output":"0x000000000000000000000000000000000000000000000000000000000000002a","trace":[{"action":{"callType":"call","from":"0x7435ed30a8b4aeb0877cef0c6e8cffe834eb865f","to":"0x0000000000000000000000000000000000001001","gas":"0x8d4ac","input":"0x000000000000000000000000000000000000000000000000000000000000002a0000000000000000000000000000000000000000000000000000000000000000","value":"0x0"},"result":{"gasUsed":"0x56fc","output":"0x000000000000000000000000000000000000000000000000000000000000002a"},"subtraces":0,"traceAddress":[],"type":"call"}],"stateDiff":{"0x0000000000000000000000000000000000000000":{"balance":{"*":{"from":"0x66863b","to":"0x4f20072fe2db"}},"nonce":"=","code":"=","storage":{}},"0x0000000000000000000000000000000000001001":{"balance":"=","nonce":"=","code":"=","storage":{"0x0000000000000000000000000000000000000000000000000000000000000000":{"+":"0x000000000000000000000000000000000000000000000000000000000000002a"}}},"0x7435ed30a8b4aeb0877cef0c6e8cffe834eb865f":{"balance":{"*":{"from":"0xc097ce7bc90715b34755ccb0391096","to":"0xc097ce7bc90715b347069ba897d096"}},"nonce":{"*":{"from":"0x85","to":"0x86"}},"code":"=","storage":{}}},"vmTrace":null},{"output":"0x000000000000000000000000000000000000000000000000000000000000002a","trace":[{"action":{"callType":"call","from":"0x7435ed30a8b4aeb0877cef0c6e8cffe834eb865f","to":"0x0000000000000000000000000000000000001001","gas":"0x8d5b8","input":"0x","value":"0x0"},"result":{"gasUsed":"0x859","output":"0x000000000000000000000000000000000000000000000000000000000000002a"},"subtraces":0,"traceAddress":[],"type":"call"}],"stateDiff":{"0x0000000000000000000000000000000000000000":{"balance":{"*":{"from":"0x4f20072fe2db","to":"0x792cff38b625"}},"nonce":"=","code":"=","storage":{}},"0x7435ed30a8b4aeb0877cef0c6e8cffe834eb865f":{"balance":{"*":{"from":"0xc097ce7bc90715b347069ba897d096","to":"0xc097ce7bc90715b346dc85a742bc96"}},"nonce":{"*":{"from":"0x86","to":"0x87"}},"code":"=","storage":{}}},"vmTrace":null}]}
response differs from expected (-- client, ++ test):
{
  "id": 1,
  "jsonrpc": "2.0",
  "result": -- [] ++ {}
}


-- interop/after-write-read/storage (go-ethereum_trace)
>>  {"id": 1, "jsonrpc": "2.0", "method": "eth_getStorageAt", "params": ["0x0000000000000000000000000000000000001001", "0x0", "0x30"]}
<<  {"jsonrpc":"2.0","id":1,"result":"0x0000000000000000000000000000000000000000000000000000000000000000"}
response differs from expected (-- client, ++ test):
{
  "id": 1,
  "jsonrpc": "2.0",
  "result": -- "0x0000000000000000000000000000000000000000000000000000000000000000" ++ {}
}


-- interop/write-revert-read/many-storage-write-revert-read (go-ethereum_trace)
>>  {"id": 1, "jsonrpc": "2.0", "method": "trace_callMany", "params": [[[{"data": "0x000000000000000000000000000000000000000000000000000000000000002a0000000000000000000000000000000000000000000000000000000000000000", "from": "0x7435ed30a8b4aeb0877cef0c6e8cffe834eb865f", "gas": "0x927c0", "gasPrice": "0x77359400", "to": "0x0000000000000000000000000000000000001001"}, ["trace", "stateDiff"]], [{"data": "0x000000000000000000000000000000000000000000000000000000000000002b0000000000000000000000000000000000000000000000000000000000000001", "from": "0x7435ed30a8b4aeb0877cef0c6e8cffe834eb865f", "gas": "0x927c0", "gasPrice": "0x77359400", "to": "0x0000000000000000000000000000000000001001"}, ["trace", "stateDiff"]], [{"data": "0x", "from": "0x7435ed30a8b4aeb0877cef0c6e8cffe834eb865f", "gas": "0x927c0", "gasPrice": "0x77359400", "to": "0x0000000000000000000000000000000000001001"}, ["trace", "stateDiff"]]], "0x30"]}
<<  {"jsonrpc":"2.0","id":1,"result":[{"output":"0x000000000000000000000000000000000000000000000000000000000000002a","trace":[{"action":{"callType":"call","from":"0x7435ed30a8b4aeb0877cef0c6e8cffe834eb865f","to":"0x0000000000000000000000000000000000001001","gas":"0x8d4ac","input":"0x000000000000000000000000000000000000000000000000000000000000002a0000000000000000000000000000000000000000000000000000000000000000","value":"0x0"},"result":{"gasUsed":"0x56fc","output":"0x000000000000000000000000000000000000000000000000000000000000002a"},"subtraces":0,"traceAddress":[],"type":"call"}],"stateDiff":{"0x0000000000000000000000000000000000000000":{"balance":{"*":{"from":"0x66863b","to":"0x4f20072fe2db"}},"nonce":"=","code":"=","storage":{}},"0x0000000000000000000000000000000000001001":{"balance":"=","nonce":"=","code":"=","storage":{"0x0000000000000000000000000000000000000000000000000000000000000000":{"+":"0x000000000000000000000000000000000000000000000000000000000000002a"}}},"0x7435ed30a8b4aeb0877cef0c6e8cffe834eb865f":{"balance":{"*":{"from":"0xc097ce7bc90715b34755ccb0391096","to":"0xc097ce7bc90715b347069ba897d096"}},"nonce":{"*":{"from":"0x85","to":"0x86"}},"code":"=","storage":{}}},"vmTrace":null},{"output":"0x","trace":[{"action":{"callType":"call","from":"0x7435ed30a8b4aeb0877cef0c6e8cffe834eb865f","to":"0x0000000000000000000000000000000000001001","gas":"0x8d4a0","input":"0x000000000000000000000000000000000000000000000000000000000000002b0000000000000000000000000000000000000000000000000000000000000001","value":"0x0"},"result":{"gasUsed":"0x13bf","output":"0x"},"error":"Reverted","subtraces":0,"traceAddress":[],"type":"call"}],"stateDiff":{"0x0000000000000000000000000000000000000000":{"balance":{"*":{"from":"0x4f20072fe2db","to":"0x7efceec8fc11"}},"nonce":"=","code":"=","storage":{}},"0x7435ed30a8b4aeb0877cef0c6e8cffe834eb865f":{"balance":{"*":{"from":"0xc097ce7bc90715b347069ba897d096","to":"0xc097ce7bc90715b346d6b477f3e496"}},"nonce":{"*":{"from":"0x86","to":"0x87"}},"code":"=","storage":{}}},"vmTrace":null},{"output":"0x000000000000000000000000000000000000000000000000000000000000002a","trace":[{"action":{"callType":"call","from":"0x7435ed30a8b4aeb0877cef0c6e8cffe834eb865f","to":"0x0000000000000000000000000000000000001001","gas":"0x8d5b8","input":"0x","value":"0x0"},"result":{"gasUsed":"0x859","output":"0x000000000000000000000000000000000000000000000000000000000000002a"},"subtraces":0,"traceAddress":[],"type":"call"}],"stateDiff":{"0x0000000000000000000000000000000000000000":{"balance":{"*":{"from":"0x7efceec8fc11","to":"0xa909e6d1cf5b"}},"nonce":"=","code":"=","storage":{}},"0x7435ed30a8b4aeb0877cef0c6e8cffe834eb865f":{"balance":{"*":{"from":"0xc097ce7bc90715b346d6b477f3e496","to":"0xc097ce7bc90715b346ac9e769ed096"}},"nonce":{"*":{"from":"0x87","to":"0x88"}},"code":"=","storage":{}}},"vmTrace":null}]}
response differs from expected (-- client, ++ test):
{
  "id": 1,
  "jsonrpc": "2.0",
  "result": -- [] ++ {}
}


-- interop/after-write-revert-read/storage (go-ethereum_trace)
>>  {"id": 1, "jsonrpc": "2.0", "method": "eth_getStorageAt", "params": ["0x0000000000000000000000000000000000001001", "0x0", "0x30"]}
<<  {"jsonrpc":"2.0","id":1,"result":"0x0000000000000000000000000000000000000000000000000000000000000000"}
response differs from expected (-- client, ++ test):
{
  "id": 1,
  "jsonrpc": "2.0",
  "result": -- "0x0000000000000000000000000000000000000000000000000000000000000000" ++ {}
}


-- client launch (go-ethereum_trace)
sending engine_forkchoiceUpdatedV3: [map[finalizedBlockHash:0x9901db3a31e7004c45911fca4480b7dce86a4baeab819eb4959d7316f687d54c headBlockHash:0xf0b1510b2a9c8d4c4bd1ff2c578ddbffc04741aa06b3cc8680a343741ef15e84 safeBlockHash:0xf0b1510b2a9c8d4c4bd1ff2c578ddbffc04741aa06b3cc8680a343741ef15e84] <nil>]
response: map[payloadId:<nil> payloadStatus:map[latestValidHash:0xf0b1510b2a9c8d4c4bd1ff2c578ddbffc04741aa06b3cc8680a343741ef15e84 status:VALID validationError:<nil>]]


