Sep 24 15:25:49.071 INF building image image=hive/hiveproxy nocache=false pull=false
Sep 24 15:25:49.198 INF building 2 clients...
Sep 24 15:25:49.198 INF building image image=hive/clients/reth_release:latest dir=clients/reth nocache=false pull=false baseimage=trace-interop/reth tag=e939dc4a471d9d27224e430f607a954d692ca5037a1350ee2036397d14532ca7
Sep 24 15:25:52.213 INF building image image=hive/clients/reth_development:latest dir=clients/reth nocache=false pull=false baseimage=trace-interop/reth tag=935f179789c1d4fc921c181a4fa21f3262e5d0509061ddbad4398b37db3f33bf
Sep 24 15:25:53.277 INF building 1 simulators...
Sep 24 15:25:53.277 INF building image image=hive/simulators/ethereum/rpc-compat:latest dir=simulators/ethereum/rpc-compat nocache=false pull=false
Sep 24 15:25:53.363 INF creating output directory folder=/home/banteg/dev/trace-current-20260924/runs/current-matrix/pruned/hive
Sep 24 15:25:53.373 INF running simulation: ethereum/rpc-compat
Sep 24 15:25:53.511 INF hiveproxy started container=578ca4bd12b2 addr=172.17.0.2:8081
Sep 24 15:25:53.651 INF API: suite started suite=0 name=rpc-compat
Sep 24 15:25:53.653 INF API: test started suite=0 test=1 name="client launch (reth_release)"
Sep 24 15:25:54.390 INF API: client reth_release started suite=0 test=1 container=e20cac6f
Sep 24 15:25:54.395 INF API: test started suite=0 test=2 name="interop/_control/head (reth_release)"
Sep 24 15:25:54.398 INF API: test ended suite=0 test=2 pass=false
Sep 24 15:25:54.399 INF API: test started suite=0 test=3 name="interop/_control/latest (reth_release)"
Sep 24 15:25:54.401 INF API: test ended suite=0 test=3 pass=false
Sep 24 15:25:54.402 INF API: test started suite=0 test=4 name="interop/_control/receipt/0x55d219e322321525fb6d15c388d730e0f6d0ae119e68163ffcea6d3ee50fa738 (reth_release)"
Sep 24 15:25:54.406 INF API: test ended suite=0 test=4 pass=false
Sep 24 15:25:54.407 INF API: test started suite=0 test=5 name="interop/_control/version (reth_release)"
Sep 24 15:25:54.409 INF API: test ended suite=0 test=5 pass=false
Sep 24 15:25:54.410 INF API: test started suite=0 test=6 name="interop/_reference/block/0x3 (reth_release)"
Sep 24 15:25:54.412 INF API: test ended suite=0 test=6 pass=false
Sep 24 15:25:54.413 INF API: test started suite=0 test=7 name="interop/control-head (reth_release)"
Sep 24 15:25:54.415 INF API: test ended suite=0 test=7 pass=false
Sep 24 15:25:54.416 INF API: test started suite=0 test=8 name="interop/latest-call (reth_release)"
Sep 24 15:25:54.419 INF API: test ended suite=0 test=8 pass=false
Sep 24 15:25:54.420 INF API: test started suite=0 test=9 name="interop/latest-nonce (reth_release)"
Sep 24 15:25:54.422 INF API: test ended suite=0 test=9 pass=false
Sep 24 15:25:54.423 INF API: test started suite=0 test=10 name="interop/old-block (reth_release)"
Sep 24 15:25:54.426 INF API: test ended suite=0 test=10 pass=false
Sep 24 15:25:54.426 INF API: test started suite=0 test=11 name="interop/old-filter (reth_release)"
Sep 24 15:25:54.429 INF API: test ended suite=0 test=11 pass=false
Sep 24 15:25:54.429 INF API: test started suite=0 test=12 name="interop/old-header (reth_release)"
Sep 24 15:25:54.432 INF API: test ended suite=0 test=12 pass=false
Sep 24 15:25:54.432 INF API: test started suite=0 test=13 name="interop/old-nonce (reth_release)"
Sep 24 15:25:54.434 INF API: test ended suite=0 test=13 pass=false
Sep 24 15:25:54.435 INF API: test started suite=0 test=14 name="interop/old-receipt (reth_release)"
Sep 24 15:25:54.438 INF API: test ended suite=0 test=14 pass=false
Sep 24 15:25:54.439 INF API: test started suite=0 test=15 name="interop/old-replay (reth_release)"
Sep 24 15:25:54.441 INF API: test ended suite=0 test=15 pass=false
Sep 24 15:25:54.442 INF API: test started suite=0 test=16 name="interop/old-transaction (reth_release)"
Sep 24 15:25:54.444 INF API: test ended suite=0 test=16 pass=false
Sep 24 15:25:54.577 INF API: test ended suite=0 test=1 pass=true
Sep 24 15:25:54.579 INF API: test started suite=0 test=17 name="client launch (reth_development)"
Sep 24 15:25:55.327 INF API: client reth_development started suite=0 test=17 container=6ec7678e
Sep 24 15:25:55.331 INF API: test started suite=0 test=18 name="interop/_control/head (reth_development)"
Sep 24 15:25:55.333 INF API: test ended suite=0 test=18 pass=false
Sep 24 15:25:55.334 INF API: test started suite=0 test=19 name="interop/_control/latest (reth_development)"
Sep 24 15:25:55.337 INF API: test ended suite=0 test=19 pass=false
Sep 24 15:25:55.338 INF API: test started suite=0 test=20 name="interop/_control/receipt/0x55d219e322321525fb6d15c388d730e0f6d0ae119e68163ffcea6d3ee50fa738 (reth_development)"
Sep 24 15:25:55.342 INF API: test ended suite=0 test=20 pass=false
Sep 24 15:25:55.342 INF API: test started suite=0 test=21 name="interop/_control/version (reth_development)"
Sep 24 15:25:55.345 INF API: test ended suite=0 test=21 pass=false
Sep 24 15:25:55.346 INF API: test started suite=0 test=22 name="interop/_reference/block/0x3 (reth_development)"
Sep 24 15:25:55.348 INF API: test ended suite=0 test=22 pass=false
Sep 24 15:25:55.349 INF API: test started suite=0 test=23 name="interop/control-head (reth_development)"
Sep 24 15:25:55.351 INF API: test ended suite=0 test=23 pass=false
Sep 24 15:25:55.352 INF API: test started suite=0 test=24 name="interop/latest-call (reth_development)"
Sep 24 15:25:55.355 INF API: test ended suite=0 test=24 pass=false
Sep 24 15:25:55.355 INF API: test started suite=0 test=25 name="interop/latest-nonce (reth_development)"
Sep 24 15:25:55.358 INF API: test ended suite=0 test=25 pass=false
Sep 24 15:25:55.358 INF API: test started suite=0 test=26 name="interop/old-block (reth_development)"
Sep 24 15:25:55.361 INF API: test ended suite=0 test=26 pass=false
Sep 24 15:25:55.362 INF API: test started suite=0 test=27 name="interop/old-filter (reth_development)"
Sep 24 15:25:55.365 INF API: test ended suite=0 test=27 pass=false
Sep 24 15:25:55.366 INF API: test started suite=0 test=28 name="interop/old-header (reth_development)"
Sep 24 15:25:55.368 INF API: test ended suite=0 test=28 pass=false
Sep 24 15:25:55.369 INF API: test started suite=0 test=29 name="interop/old-nonce (reth_development)"
Sep 24 15:25:55.371 INF API: test ended suite=0 test=29 pass=false
Sep 24 15:25:55.372 INF API: test started suite=0 test=30 name="interop/old-receipt (reth_development)"
Sep 24 15:25:55.375 INF API: test ended suite=0 test=30 pass=false
Sep 24 15:25:55.376 INF API: test started suite=0 test=31 name="interop/old-replay (reth_development)"
Sep 24 15:25:55.378 INF API: test ended suite=0 test=31 pass=false
Sep 24 15:25:55.379 INF API: test started suite=0 test=32 name="interop/old-transaction (reth_development)"
Sep 24 15:25:55.381 INF API: test ended suite=0 test=32 pass=false
Sep 24 15:25:55.501 INF API: test ended suite=0 test=17 pass=true
Sep 24 15:25:55.508 INF API: suite ended suite=0
Sep 24 15:25:55.733 INF simulation ethereum/rpc-compat finished suites=1 tests=32 failed=30
30 tests failed
