From https://github.com/ethereum/hive
 * branch            43ea47bef5761351e3da7b726050ea80ab362c52 -> FETCH_HEAD
HEAD is now at 43ea47b simulators/ethereum/engine: apply withdrawals CL mock config (#1604)
docker.io/hyperledger/besu@sha256:78e33b87633e4bea790051eba43159f46f946a6006ab6b2cfc58398e4e6b65e1: Pulling from hyperledger/besu
Digest: sha256:78e33b87633e4bea790051eba43159f46f946a6006ab6b2cfc58398e4e6b65e1
Status: Image is up to date for hyperledger/besu@sha256:78e33b87633e4bea790051eba43159f46f946a6006ab6b2cfc58398e4e6b65e1
docker.io/hyperledger/besu@sha256:78e33b87633e4bea790051eba43159f46f946a6006ab6b2cfc58398e4e6b65e1
docker.io/hyperledger/besu@sha256:fc1813d67d630d7660eea6ee555c01e73bfecda3e54d24f9484c1c4a52c6fcb0: Pulling from hyperledger/besu
Digest: sha256:fc1813d67d630d7660eea6ee555c01e73bfecda3e54d24f9484c1c4a52c6fcb0
Status: Image is up to date for hyperledger/besu@sha256:fc1813d67d630d7660eea6ee555c01e73bfecda3e54d24f9484c1c4a52c6fcb0
docker.io/hyperledger/besu@sha256:fc1813d67d630d7660eea6ee555c01e73bfecda3e54d24f9484c1c4a52c6fcb0
docker.io/erigontech/erigon@sha256:0bacdb75336cd94f31a419583986a5c091cecfa7aa0404104c1fb41f7ae0340d: Pulling from erigontech/erigon
Digest: sha256:0bacdb75336cd94f31a419583986a5c091cecfa7aa0404104c1fb41f7ae0340d
Status: Image is up to date for erigontech/erigon@sha256:0bacdb75336cd94f31a419583986a5c091cecfa7aa0404104c1fb41f7ae0340d
docker.io/erigontech/erigon@sha256:0bacdb75336cd94f31a419583986a5c091cecfa7aa0404104c1fb41f7ae0340d
docker.io/erigontech/erigon@sha256:fa136bbbcdd740d33535b4a8e8690c345ae37485985a84a361dcd57430c1638d: Pulling from erigontech/erigon
Digest: sha256:fa136bbbcdd740d33535b4a8e8690c345ae37485985a84a361dcd57430c1638d
Status: Image is up to date for erigontech/erigon@sha256:fa136bbbcdd740d33535b4a8e8690c345ae37485985a84a361dcd57430c1638d
docker.io/erigontech/erigon@sha256:fa136bbbcdd740d33535b4a8e8690c345ae37485985a84a361dcd57430c1638d
docker.io/nethermindeth/nethermind@sha256:2408b6cd37ad40f20f4c8b8718e6fb5093684cc34334d579034a2bef10c60072: Pulling from nethermindeth/nethermind
Digest: sha256:2408b6cd37ad40f20f4c8b8718e6fb5093684cc34334d579034a2bef10c60072
Status: Image is up to date for nethermindeth/nethermind@sha256:2408b6cd37ad40f20f4c8b8718e6fb5093684cc34334d579034a2bef10c60072
docker.io/nethermindeth/nethermind@sha256:2408b6cd37ad40f20f4c8b8718e6fb5093684cc34334d579034a2bef10c60072
docker.io/nethermind/nethermind@sha256:8156768beb584a1e62c3dcf0e0da7be61418dc08c89a80a4f9a3a48e5d247c12: Pulling from nethermind/nethermind
Digest: sha256:8156768beb584a1e62c3dcf0e0da7be61418dc08c89a80a4f9a3a48e5d247c12
Status: Image is up to date for nethermind/nethermind@sha256:8156768beb584a1e62c3dcf0e0da7be61418dc08c89a80a4f9a3a48e5d247c12
docker.io/nethermind/nethermind@sha256:8156768beb584a1e62c3dcf0e0da7be61418dc08c89a80a4f9a3a48e5d247c12
ghcr.io/paradigmxyz/reth@sha256:2c66ecfaf42f38471339b2f9e260a5d9844d07a01b47790b19312f19e72457ed: Pulling from paradigmxyz/reth
Digest: sha256:2c66ecfaf42f38471339b2f9e260a5d9844d07a01b47790b19312f19e72457ed
Status: Image is up to date for ghcr.io/paradigmxyz/reth@sha256:2c66ecfaf42f38471339b2f9e260a5d9844d07a01b47790b19312f19e72457ed
ghcr.io/paradigmxyz/reth@sha256:2c66ecfaf42f38471339b2f9e260a5d9844d07a01b47790b19312f19e72457ed
ghcr.io/paradigmxyz/reth@sha256:a7f059d470878a5a59f3c575f3fc81b536d0d2d56d7a1cbed73e717a4f766336: Pulling from paradigmxyz/reth
Digest: sha256:a7f059d470878a5a59f3c575f3fc81b536d0d2d56d7a1cbed73e717a4f766336
Status: Image is up to date for ghcr.io/paradigmxyz/reth@sha256:a7f059d470878a5a59f3c575f3fc81b536d0d2d56d7a1cbed73e717a4f766336
ghcr.io/paradigmxyz/reth@sha256:a7f059d470878a5a59f3c575f3fc81b536d0d2d56d7a1cbed73e717a4f766336
ghcr.io/foundry-rs/foundry@sha256:689b9784d7f7c30506af898238f2c92175089a41c5dfaadfc94a5061f18fbc11: Pulling from foundry-rs/foundry
Digest: sha256:689b9784d7f7c30506af898238f2c92175089a41c5dfaadfc94a5061f18fbc11
Status: Image is up to date for ghcr.io/foundry-rs/foundry@sha256:689b9784d7f7c30506af898238f2c92175089a41c5dfaadfc94a5061f18fbc11
ghcr.io/foundry-rs/foundry@sha256:689b9784d7f7c30506af898238f2c92175089a41c5dfaadfc94a5061f18fbc11
ghcr.io/foundry-rs/foundry@sha256:2e4287278639262de76db72477301d5d3212fa1b1cce710d7d148750a46ce9e7: Pulling from foundry-rs/foundry
Digest: sha256:2e4287278639262de76db72477301d5d3212fa1b1cce710d7d148750a46ce9e7
Status: Image is up to date for ghcr.io/foundry-rs/foundry@sha256:2e4287278639262de76db72477301d5d3212fa1b1cce710d7d148750a46ce9e7
ghcr.io/foundry-rs/foundry@sha256:2e4287278639262de76db72477301d5d3212fa1b1cce710d7d148750a46ce9e7
Captured 836 responses in /home/banteg/dev/trace-gas-zero-2026-10-01/evidence/2026-10-01/gas-zero/probes-prague
