Sep 21 21:03:08.936 INF building image image=hive/hiveproxy nocache=false pull=false
Sep 21 21:03:08.957 INF building 2 clients...
Sep 21 21:03:08.957 INF building image image=hive/clients/reth_release:latest dir=clients/reth nocache=false pull=false baseimage=trace-interop/reth tag=e939dc4a471d9d27224e430f607a954d692ca5037a1350ee2036397d14532ca7
Sep 21 21:03:09.951 INF building image image=hive/clients/reth_development:latest dir=clients/reth nocache=false pull=false baseimage=trace-interop/reth tag=1d6a97ef686d7c6099c5426c77334ca5891ce5d362fe5f3049ac2ea0df76de86
Sep 21 21:03:10.948 INF building 1 simulators...
Sep 21 21:03:10.948 INF building image image=hive/simulators/ethereum/rpc-compat:latest dir=simulators/ethereum/rpc-compat nocache=false pull=false
Sep 21 21:03:11.037 INF creating output directory folder=/home/banteg/dev/trace-interop/runs/verified-pruned/hive
Sep 21 21:03:11.045 INF running simulation: ethereum/rpc-compat
Sep 21 21:03:11.205 INF hiveproxy started container=b1cc4365a365 addr=172.17.0.2:8081
Sep 21 21:03:11.374 INF API: suite started suite=0 name=rpc-compat
Sep 21 21:03:11.376 INF API: test started suite=0 test=1 name="client launch (reth_release)"
Sep 21 21:03:12.136 INF API: client reth_release started suite=0 test=1 container=d52ad5ea
Sep 21 21:03:12.141 INF API: test started suite=0 test=2 name="interop/_control/head (reth_release)"
Sep 21 21:03:12.144 INF API: test ended suite=0 test=2 pass=false
Sep 21 21:03:12.145 INF API: test started suite=0 test=3 name="interop/_control/version (reth_release)"
Sep 21 21:03:12.147 INF API: test ended suite=0 test=3 pass=false
Sep 21 21:03:12.148 INF API: test started suite=0 test=4 name="interop/control-head (reth_release)"
Sep 21 21:03:12.151 INF API: test ended suite=0 test=4 pass=false
Sep 21 21:03:12.151 INF API: test started suite=0 test=5 name="interop/latest-call (reth_release)"
Sep 21 21:03:12.154 INF API: test ended suite=0 test=5 pass=false
Sep 21 21:03:12.155 INF API: test started suite=0 test=6 name="interop/latest-nonce (reth_release)"
Sep 21 21:03:12.157 INF API: test ended suite=0 test=6 pass=false
Sep 21 21:03:12.157 INF API: test started suite=0 test=7 name="interop/old-block (reth_release)"
Sep 21 21:03:12.160 INF API: test ended suite=0 test=7 pass=false
Sep 21 21:03:12.161 INF API: test started suite=0 test=8 name="interop/old-filter (reth_release)"
Sep 21 21:03:12.163 INF API: test ended suite=0 test=8 pass=false
Sep 21 21:03:12.164 INF API: test started suite=0 test=9 name="interop/old-header (reth_release)"
Sep 21 21:03:12.167 INF API: test ended suite=0 test=9 pass=false
Sep 21 21:03:12.168 INF API: test started suite=0 test=10 name="interop/old-nonce (reth_release)"
Sep 21 21:03:12.170 INF API: test ended suite=0 test=10 pass=false
Sep 21 21:03:12.171 INF API: test started suite=0 test=11 name="interop/old-receipt (reth_release)"
Sep 21 21:03:12.175 INF API: test ended suite=0 test=11 pass=false
Sep 21 21:03:12.176 INF API: test started suite=0 test=12 name="interop/old-replay (reth_release)"
Sep 21 21:03:12.179 INF API: test ended suite=0 test=12 pass=false
Sep 21 21:03:12.180 INF API: test started suite=0 test=13 name="interop/old-transaction (reth_release)"
Sep 21 21:03:12.182 INF API: test ended suite=0 test=13 pass=false
Sep 21 21:03:12.323 INF API: test ended suite=0 test=1 pass=true
Sep 21 21:03:12.325 INF API: test started suite=0 test=14 name="client launch (reth_development)"
Sep 21 21:03:13.100 INF API: client reth_development started suite=0 test=14 container=31b521a8
Sep 21 21:03:13.104 INF API: test started suite=0 test=15 name="interop/_control/head (reth_development)"
Sep 21 21:03:13.108 INF API: test ended suite=0 test=15 pass=false
Sep 21 21:03:13.109 INF API: test started suite=0 test=16 name="interop/_control/version (reth_development)"
Sep 21 21:03:13.112 INF API: test ended suite=0 test=16 pass=false
Sep 21 21:03:13.112 INF API: test started suite=0 test=17 name="interop/control-head (reth_development)"
Sep 21 21:03:13.115 INF API: test ended suite=0 test=17 pass=false
Sep 21 21:03:13.117 INF API: test started suite=0 test=18 name="interop/latest-call (reth_development)"
Sep 21 21:03:13.120 INF API: test ended suite=0 test=18 pass=false
Sep 21 21:03:13.120 INF API: test started suite=0 test=19 name="interop/latest-nonce (reth_development)"
Sep 21 21:03:13.123 INF API: test ended suite=0 test=19 pass=false
Sep 21 21:03:13.124 INF API: test started suite=0 test=20 name="interop/old-block (reth_development)"
Sep 21 21:03:13.126 INF API: test ended suite=0 test=20 pass=false
Sep 21 21:03:13.127 INF API: test started suite=0 test=21 name="interop/old-filter (reth_development)"
Sep 21 21:03:13.130 INF API: test ended suite=0 test=21 pass=false
Sep 21 21:03:13.131 INF API: test started suite=0 test=22 name="interop/old-header (reth_development)"
Sep 21 21:03:13.133 INF API: test ended suite=0 test=22 pass=false
Sep 21 21:03:13.134 INF API: test started suite=0 test=23 name="interop/old-nonce (reth_development)"
Sep 21 21:03:13.136 INF API: test ended suite=0 test=23 pass=false
Sep 21 21:03:13.137 INF API: test started suite=0 test=24 name="interop/old-receipt (reth_development)"
Sep 21 21:03:13.142 INF API: test ended suite=0 test=24 pass=false
Sep 21 21:03:13.142 INF API: test started suite=0 test=25 name="interop/old-replay (reth_development)"
Sep 21 21:03:13.145 INF API: test ended suite=0 test=25 pass=false
Sep 21 21:03:13.146 INF API: test started suite=0 test=26 name="interop/old-transaction (reth_development)"
Sep 21 21:03:13.149 INF API: test ended suite=0 test=26 pass=false
Sep 21 21:03:13.288 INF API: test ended suite=0 test=14 pass=true
Sep 21 21:03:13.297 INF API: suite ended suite=0
Sep 21 21:03:13.551 INF simulation ethereum/rpc-compat finished suites=1 tests=26 failed=24
24 tests failed
