Sep 21 22:09:14.639 INF building image image=hive/hiveproxy nocache=false pull=false
Sep 21 22:09:14.752 INF building 1 clients...
Sep 21 22:09:14.752 INF building image image=hive/clients/go-ethereum_trace:latest dir=clients/go-ethereum nocache=false pull=false baseimage=trace-interop/go-ethereum tag=31bf99402b9e84afafaea75566c16f6a186de688899ad518588cbe867e3d0b72
Sep 21 22:09:23.345 INF building 1 simulators...
Sep 21 22:09:23.345 INF building image image=hive/simulators/ethereum/rpc-compat:latest dir=simulators/ethereum/rpc-compat nocache=false pull=false
Sep 21 22:09:23.441 INF creating output directory folder=/home/banteg/dev/trace-interop/runs/geth-final-initial/hive
Sep 21 22:09:23.449 INF running simulation: ethereum/rpc-compat
Sep 21 22:09:23.845 INF hiveproxy started container=c78546fcde08 addr=172.17.0.2:8081
Sep 21 22:09:24.276 INF API: suite started suite=0 name=rpc-compat
Sep 21 22:09:24.278 INF API: test started suite=0 test=1 name="client launch (go-ethereum_trace)"
Sep 21 22:09:26.102 INF API: client go-ethereum_trace started suite=0 test=1 container=a40184c7
Sep 21 22:09:26.111 INF API: test started suite=0 test=2 name="interop/_control/head (go-ethereum_trace)"
Sep 21 22:09:26.116 INF API: test ended suite=0 test=2 pass=false
Sep 21 22:09:26.118 INF API: test started suite=0 test=3 name="interop/_control/version (go-ethereum_trace)"
Sep 21 22:09:26.119 INF API: test ended suite=0 test=3 pass=false
Sep 21 22:09:26.122 INF API: test started suite=0 test=4 name="interop/block-transfer (go-ethereum_trace)"
Sep 21 22:09:26.127 INF API: test ended suite=0 test=4 pass=false
Sep 21 22:09:26.128 INF API: test started suite=0 test=5 name="interop/block-tree (go-ethereum_trace)"
Sep 21 22:09:26.136 INF API: test ended suite=0 test=5 pass=false
Sep 21 22:09:26.137 INF API: test started suite=0 test=6 name="interop/call-constructor-priced (go-ethereum_trace)"
Sep 21 22:09:26.140 INF API: test ended suite=0 test=6 pass=false
Sep 21 22:09:26.141 INF API: test started suite=0 test=7 name="interop/call-constructor (go-ethereum_trace)"
Sep 21 22:09:26.144 INF API: test ended suite=0 test=7 pass=false
Sep 21 22:09:26.144 INF API: test started suite=0 test=8 name="interop/call-empty-types-priced (go-ethereum_trace)"
Sep 21 22:09:26.146 INF API: test ended suite=0 test=8 pass=false
Sep 21 22:09:26.147 INF API: test started suite=0 test=9 name="interop/call-empty-types (go-ethereum_trace)"
Sep 21 22:09:26.149 INF API: test ended suite=0 test=9 pass=false
Sep 21 22:09:26.149 INF API: test started suite=0 test=10 name="interop/call-identity (go-ethereum_trace)"
Sep 21 22:09:26.152 INF API: test ended suite=0 test=10 pass=false
Sep 21 22:09:26.152 INF API: test started suite=0 test=11 name="interop/call-many-priced (go-ethereum_trace)"
Sep 21 22:09:26.155 INF API: test ended suite=0 test=11 pass=false
Sep 21 22:09:26.156 INF API: test started suite=0 test=12 name="interop/call-many-transfers (go-ethereum_trace)"
Sep 21 22:09:26.158 INF API: test ended suite=0 test=12 pass=false
Sep 21 22:09:26.159 INF API: test started suite=0 test=13 name="interop/call-many (go-ethereum_trace)"
Sep 21 22:09:26.161 INF API: test ended suite=0 test=13 pass=false
Sep 21 22:09:26.162 INF API: test started suite=0 test=14 name="interop/call-transfer-stateDiff (go-ethereum_trace)"
Sep 21 22:09:26.164 INF API: test ended suite=0 test=14 pass=false
Sep 21 22:09:26.165 INF API: test started suite=0 test=15 name="interop/call-transfer-trace (go-ethereum_trace)"
Sep 21 22:09:26.166 INF API: test ended suite=0 test=15 pass=false
Sep 21 22:09:26.167 INF API: test started suite=0 test=16 name="interop/call-transfer-vmTrace (go-ethereum_trace)"
Sep 21 22:09:26.168 INF API: test ended suite=0 test=16 pass=false
Sep 21 22:09:26.169 INF API: test started suite=0 test=17 name="interop/call-tree-stateDiff-priced (go-ethereum_trace)"
Sep 21 22:09:26.172 INF API: test ended suite=0 test=17 pass=false
Sep 21 22:09:26.173 INF API: test started suite=0 test=18 name="interop/call-tree-stateDiff (go-ethereum_trace)"
Sep 21 22:09:26.175 INF API: test ended suite=0 test=18 pass=false
Sep 21 22:09:26.176 INF API: test started suite=0 test=19 name="interop/call-tree-trace-priced (go-ethereum_trace)"
Sep 21 22:09:26.178 INF API: test ended suite=0 test=19 pass=false
Sep 21 22:09:26.179 INF API: test started suite=0 test=20 name="interop/call-tree-trace (go-ethereum_trace)"
Sep 21 22:09:26.182 INF API: test ended suite=0 test=20 pass=false
Sep 21 22:09:26.183 INF API: test started suite=0 test=21 name="interop/call-tree-vmTrace-priced (go-ethereum_trace)"
Sep 21 22:09:26.194 INF API: test ended suite=0 test=21 pass=false
Sep 21 22:09:26.195 INF API: test started suite=0 test=22 name="interop/call-tree-vmTrace (go-ethereum_trace)"
Sep 21 22:09:26.207 INF API: test ended suite=0 test=22 pass=false
Sep 21 22:09:26.208 INF API: test started suite=0 test=23 name="interop/control-chain-id (go-ethereum_trace)"
Sep 21 22:09:26.210 INF API: test ended suite=0 test=23 pass=false
Sep 21 22:09:26.211 INF API: test started suite=0 test=24 name="interop/control-head (go-ethereum_trace)"
Sep 21 22:09:26.215 INF API: test ended suite=0 test=24 pass=false
Sep 21 22:09:26.216 INF API: test started suite=0 test=25 name="interop/control-height (go-ethereum_trace)"
Sep 21 22:09:26.217 INF API: test ended suite=0 test=25 pass=false
Sep 21 22:09:26.218 INF API: test started suite=0 test=26 name="interop/control-sender-nonce (go-ethereum_trace)"
Sep 21 22:09:26.219 INF API: test ended suite=0 test=26 pass=false
Sep 21 22:09:26.220 INF API: test started suite=0 test=27 name="interop/control-tree-receipt (go-ethereum_trace)"
Sep 21 22:09:26.222 INF API: test ended suite=0 test=27 pass=false
Sep 21 22:09:26.224 INF API: test started suite=0 test=28 name="interop/control-version (go-ethereum_trace)"
Sep 21 22:09:26.225 INF API: test ended suite=0 test=28 pass=false
Sep 21 22:09:26.226 INF API: test started suite=0 test=29 name="interop/filter-all (go-ethereum_trace)"
Sep 21 22:09:26.230 INF API: test ended suite=0 test=29 pass=false
Sep 21 22:09:26.231 INF API: test started suite=0 test=30 name="interop/filter-both (go-ethereum_trace)"
Sep 21 22:09:26.233 INF API: test ended suite=0 test=30 pass=false
Sep 21 22:09:26.234 INF API: test started suite=0 test=31 name="interop/filter-empty (go-ethereum_trace)"
Sep 21 22:09:26.239 INF API: test ended suite=0 test=31 pass=false
Sep 21 22:09:26.240 INF API: test started suite=0 test=32 name="interop/filter-from (go-ethereum_trace)"
Sep 21 22:09:26.243 INF API: test ended suite=0 test=32 pass=false
Sep 21 22:09:26.244 INF API: test started suite=0 test=33 name="interop/filter-intersection (go-ethereum_trace)"
Sep 21 22:09:26.254 INF API: test ended suite=0 test=33 pass=false
Sep 21 22:09:26.256 INF API: test started suite=0 test=34 name="interop/filter-page (go-ethereum_trace)"
Sep 21 22:09:26.258 INF API: test ended suite=0 test=34 pass=false
Sep 21 22:09:26.259 INF API: test started suite=0 test=35 name="interop/filter-to (go-ethereum_trace)"
Sep 21 22:09:26.262 INF API: test ended suite=0 test=35 pass=false
Sep 21 22:09:26.262 INF API: test started suite=0 test=36 name="interop/filter-transfer (go-ethereum_trace)"
Sep 21 22:09:26.264 INF API: test ended suite=0 test=36 pass=false
Sep 21 22:09:26.265 INF API: test started suite=0 test=37 name="interop/filter-union (go-ethereum_trace)"
Sep 21 22:09:26.271 INF API: test ended suite=0 test=37 pass=false
Sep 21 22:09:26.272 INF API: test started suite=0 test=38 name="interop/filter-zero (go-ethereum_trace)"
Sep 21 22:09:26.274 INF API: test ended suite=0 test=38 pass=false
Sep 21 22:09:26.274 INF API: test started suite=0 test=39 name="interop/get-missing-tx (go-ethereum_trace)"
Sep 21 22:09:26.276 INF API: test ended suite=0 test=39 pass=false
Sep 21 22:09:26.277 INF API: test started suite=0 test=40 name="interop/get-missing (go-ethereum_trace)"
Sep 21 22:09:26.280 INF API: test ended suite=0 test=40 pass=false
Sep 21 22:09:26.281 INF API: test started suite=0 test=41 name="interop/get-nested (go-ethereum_trace)"
Sep 21 22:09:26.282 INF API: test ended suite=0 test=41 pass=false
Sep 21 22:09:26.283 INF API: test started suite=0 test=42 name="interop/get-one (go-ethereum_trace)"
Sep 21 22:09:26.286 INF API: test ended suite=0 test=42 pass=false
Sep 21 22:09:26.287 INF API: test started suite=0 test=43 name="interop/get-root (go-ethereum_trace)"
Sep 21 22:09:26.289 INF API: test ended suite=0 test=43 pass=false
Sep 21 22:09:26.290 INF API: test started suite=0 test=44 name="interop/get-transfer-root (go-ethereum_trace)"
Sep 21 22:09:26.291 INF API: test ended suite=0 test=44 pass=false
Sep 21 22:09:26.292 INF API: test started suite=0 test=45 name="interop/get-zero (go-ethereum_trace)"
Sep 21 22:09:26.294 INF API: test ended suite=0 test=45 pass=false
Sep 21 22:09:26.295 INF API: test started suite=0 test=46 name="interop/raw-invalid (go-ethereum_trace)"
Sep 21 22:09:26.303 INF API: test ended suite=0 test=46 pass=false
Sep 21 22:09:26.304 INF API: test started suite=0 test=47 name="interop/raw-valid-current-nonce (go-ethereum_trace)"
Sep 21 22:09:26.306 INF API: test ended suite=0 test=47 pass=false
Sep 21 22:09:26.307 INF API: test started suite=0 test=48 name="interop/raw-valid-default-block (go-ethereum_trace)"
Sep 21 22:09:26.319 INF API: test ended suite=0 test=48 pass=false
Sep 21 22:09:26.320 INF API: test started suite=0 test=49 name="interop/raw-valid (go-ethereum_trace)"
Sep 21 22:09:26.332 INF API: test ended suite=0 test=49 pass=false
Sep 21 22:09:26.333 INF API: test started suite=0 test=50 name="interop/replay-7702-stateDiff (go-ethereum_trace)"
Sep 21 22:09:26.336 INF API: test ended suite=0 test=50 pass=false
Sep 21 22:09:26.337 INF API: test started suite=0 test=51 name="interop/replay-7702-trace (go-ethereum_trace)"
Sep 21 22:09:26.340 INF API: test ended suite=0 test=51 pass=false
Sep 21 22:09:26.341 INF API: test started suite=0 test=52 name="interop/replay-7702-vmTrace (go-ethereum_trace)"
Sep 21 22:09:26.343 INF API: test ended suite=0 test=52 pass=false
Sep 21 22:09:26.344 INF API: test started suite=0 test=53 name="interop/replay-block-transfer (go-ethereum_trace)"
Sep 21 22:09:26.347 INF API: test ended suite=0 test=53 pass=false
Sep 21 22:09:26.348 INF API: test started suite=0 test=54 name="interop/replay-block-tree (go-ethereum_trace)"
Sep 21 22:09:26.358 INF API: test ended suite=0 test=54 pass=false
Sep 21 22:09:26.359 INF API: test started suite=0 test=55 name="interop/replay-missing (go-ethereum_trace)"
Sep 21 22:09:26.361 INF API: test ended suite=0 test=55 pass=false
Sep 21 22:09:26.361 INF API: test started suite=0 test=56 name="interop/replay-revert-stateDiff (go-ethereum_trace)"
Sep 21 22:09:26.363 INF API: test ended suite=0 test=56 pass=false
Sep 21 22:09:26.364 INF API: test started suite=0 test=57 name="interop/replay-revert-trace (go-ethereum_trace)"
Sep 21 22:09:26.366 INF API: test ended suite=0 test=57 pass=false
Sep 21 22:09:26.366 INF API: test started suite=0 test=58 name="interop/replay-revert-vmTrace (go-ethereum_trace)"
Sep 21 22:09:26.369 INF API: test ended suite=0 test=58 pass=false
Sep 21 22:09:26.369 INF API: test started suite=0 test=59 name="interop/replay-transfer-stateDiff (go-ethereum_trace)"
Sep 21 22:09:26.372 INF API: test ended suite=0 test=59 pass=false
Sep 21 22:09:26.372 INF API: test started suite=0 test=60 name="interop/replay-transfer-trace (go-ethereum_trace)"
Sep 21 22:09:26.374 INF API: test ended suite=0 test=60 pass=false
Sep 21 22:09:26.375 INF API: test started suite=0 test=61 name="interop/replay-transfer-vmTrace (go-ethereum_trace)"
Sep 21 22:09:26.376 INF API: test ended suite=0 test=61 pass=false
Sep 21 22:09:26.377 INF API: test started suite=0 test=62 name="interop/replay-tree-stateDiff (go-ethereum_trace)"
Sep 21 22:09:26.379 INF API: test ended suite=0 test=62 pass=false
Sep 21 22:09:26.380 INF API: test started suite=0 test=63 name="interop/replay-tree-trace (go-ethereum_trace)"
Sep 21 22:09:26.382 INF API: test ended suite=0 test=63 pass=false
Sep 21 22:09:26.383 INF API: test started suite=0 test=64 name="interop/replay-tree-vmTrace (go-ethereum_trace)"
Sep 21 22:09:26.394 INF API: test ended suite=0 test=64 pass=false
Sep 21 22:09:26.396 INF API: test started suite=0 test=65 name="interop/transaction-7702 (go-ethereum_trace)"
Sep 21 22:09:26.398 INF API: test ended suite=0 test=65 pass=false
Sep 21 22:09:26.399 INF API: test started suite=0 test=66 name="interop/transaction-missing (go-ethereum_trace)"
Sep 21 22:09:26.400 INF API: test ended suite=0 test=66 pass=false
Sep 21 22:09:26.401 INF API: test started suite=0 test=67 name="interop/transaction-revert (go-ethereum_trace)"
Sep 21 22:09:26.403 INF API: test ended suite=0 test=67 pass=false
Sep 21 22:09:26.404 INF API: test started suite=0 test=68 name="interop/transaction-transfer (go-ethereum_trace)"
Sep 21 22:09:26.406 INF API: test ended suite=0 test=68 pass=false
Sep 21 22:09:26.406 INF API: test started suite=0 test=69 name="interop/transaction-tree (go-ethereum_trace)"
Sep 21 22:09:26.409 INF API: test ended suite=0 test=69 pass=false
Sep 21 22:09:26.664 INF API: test ended suite=0 test=1 pass=true
Sep 21 22:09:26.671 INF API: suite ended suite=0
Sep 21 22:09:27.039 INF simulation ethereum/rpc-compat finished suites=1 tests=69 failed=68
68 tests failed
