Sep 24 01:19:07.541 INF building image image=hive/hiveproxy nocache=false pull=false
Sep 24 01:19:07.578 INF building 9 clients...
Sep 24 01:19:07.578 INF building image image=hive/clients/besu_development:latest dir=clients/besu nocache=false pull=false baseimage=trace-interop/besu tag=a85249905183f65c98c9e8c282955e40487c4ff8af8db8b8e306d58292231744
Sep 24 01:19:07.611 INF building image image=hive/clients/besu_release:latest dir=clients/besu nocache=false pull=false baseimage=trace-interop/besu tag=f3713c713ca4f9e89c09e1478d2a85116ba9ce8343129d709420ba2af009598b
Sep 24 01:19:07.643 INF building image image=hive/clients/erigon_development:latest dir=clients/erigon nocache=false pull=false baseimage=trace-interop/erigon tag=8269576669f1b4a55572ee7d1a7e4489244cd57bb545293391d1ebd5e0fac002
Sep 24 01:19:07.671 INF building image image=hive/clients/erigon_release:latest dir=clients/erigon nocache=false pull=false baseimage=trace-interop/erigon tag=8668d9c5adc01ad1d12aa25380e384079080bdde7e0ce93f11bed422d82ca0ac
Sep 24 01:19:07.713 INF building image image=hive/clients/go-ethereum_trace:latest dir=clients/go-ethereum nocache=false pull=false baseimage=trace-interop/go-ethereum tag=351f4131517b32d6a34d884f30dd5d6db83e1c008297f920e87b02b269f9874e
Sep 24 01:19:07.743 INF building image image=hive/clients/nethermind_development:latest dir=clients/nethermind nocache=false pull=false baseimage=trace-interop/nethermind tag=e68f6cd253c312443b306b7e1e61381a38fd174dd16fe7e9bc55487245718182
Sep 24 01:19:07.774 INF building image image=hive/clients/nethermind_release:latest dir=clients/nethermind nocache=false pull=false baseimage=trace-interop/nethermind tag=a5098d75bfa8d4da1992ba8404b357fde6d53241315396e26b88e16e5f67bb59
Sep 24 01:19:07.805 INF building image image=hive/clients/reth_development:latest dir=clients/reth nocache=false pull=false baseimage=trace-interop/reth tag=1d6a97ef686d7c6099c5426c77334ca5891ce5d362fe5f3049ac2ea0df76de86
Sep 24 01:19:07.835 INF building image image=hive/clients/reth_release:latest dir=clients/reth nocache=false pull=false baseimage=trace-interop/reth tag=e939dc4a471d9d27224e430f607a954d692ca5037a1350ee2036397d14532ca7
Sep 24 01:19:07.860 INF building 1 simulators...
Sep 24 01:19:07.860 INF building image image=hive/simulators/ethereum/rpc-compat:latest dir=simulators/ethereum/rpc-compat nocache=false pull=false
Sep 24 01:19:07.888 INF creating output directory folder=/home/banteg/dev/trace-coverage-20260924/evidence/2026-09-24/coverage-matrix/repeat/hive
Sep 24 01:19:07.895 INF running simulation: ethereum/rpc-compat
Sep 24 01:19:08.031 INF hiveproxy started container=0caeb4886f55 addr=172.17.0.2:8081
Sep 24 01:19:08.197 INF API: suite started suite=0 name=rpc-compat
Sep 24 01:19:08.198 INF API: test started suite=0 test=1 name="client launch (besu_development)"
Sep 24 01:19:17.056 INF API: client besu_development started suite=0 test=1 container=56dce6e3
Sep 24 01:19:17.302 INF API: test started suite=0 test=2 name="interop/_control/head (besu_development)"
Sep 24 01:19:17.311 INF API: test ended suite=0 test=2 pass=false
Sep 24 01:19:17.312 INF API: test started suite=0 test=3 name="interop/_control/latest (besu_development)"
Sep 24 01:19:17.321 INF API: test ended suite=0 test=3 pass=false
Sep 24 01:19:17.322 INF API: test started suite=0 test=4 name="interop/_control/version (besu_development)"
Sep 24 01:19:17.330 INF API: test ended suite=0 test=4 pass=false
Sep 24 01:19:17.331 INF API: test started suite=0 test=5 name="interop/auth-clear (besu_development)"
Sep 24 01:19:17.382 INF API: test ended suite=0 test=5 pass=false
Sep 24 01:19:17.384 INF API: test started suite=0 test=6 name="interop/auth-set-revert (besu_development)"
Sep 24 01:19:17.401 INF API: test ended suite=0 test=6 pass=false
Sep 24 01:19:17.402 INF API: test started suite=0 test=7 name="interop/call-gas7400 (besu_development)"
Sep 24 01:19:17.445 INF API: test ended suite=0 test=7 pass=false
Sep 24 01:19:17.446 INF API: test started suite=0 test=8 name="interop/call-mcopy (besu_development)"
Sep 24 01:19:17.458 INF API: test ended suite=0 test=8 pass=false
Sep 24 01:19:17.459 INF API: test started suite=0 test=9 name="interop/call-mixed-create (besu_development)"
Sep 24 01:19:17.474 INF API: test ended suite=0 test=9 pass=false
Sep 24 01:19:17.475 INF API: test started suite=0 test=10 name="interop/call-return42 (besu_development)"
Sep 24 01:19:17.483 INF API: test ended suite=0 test=10 pass=false
Sep 24 01:19:17.484 INF API: test started suite=0 test=11 name="interop/call-siblings-revert-ok (besu_development)"
Sep 24 01:19:17.497 INF API: test ended suite=0 test=11 pass=false
Sep 24 01:19:17.498 INF API: test started suite=0 test=12 name="interop/constructor (besu_development)"
Sep 24 01:19:17.508 INF API: test ended suite=0 test=12 pass=false
Sep 24 01:19:17.509 INF API: test started suite=0 test=13 name="interop/control-code-gas7400 (besu_development)"
Sep 24 01:19:17.520 INF API: test ended suite=0 test=13 pass=false
Sep 24 01:19:17.521 INF API: test started suite=0 test=14 name="interop/control-code-siblings-revert-ok (besu_development)"
Sep 24 01:19:17.526 INF API: test ended suite=0 test=14 pass=false
Sep 24 01:19:17.527 INF API: test started suite=0 test=15 name="interop/control-head (besu_development)"
Sep 24 01:19:17.533 INF API: test ended suite=0 test=15 pass=false
Sep 24 01:19:17.534 INF API: test started suite=0 test=16 name="interop/control-height (besu_development)"
Sep 24 01:19:17.539 INF API: test ended suite=0 test=16 pass=false
Sep 24 01:19:17.540 INF API: test started suite=0 test=17 name="interop/debug-gas7400-opcodes (besu_development)"
Sep 24 01:19:17.568 INF API: test ended suite=0 test=17 pass=false
Sep 24 01:19:17.569 INF API: test started suite=0 test=18 name="interop/debug-mixed-create (besu_development)"
Sep 24 01:19:17.593 INF API: test ended suite=0 test=18 pass=false
Sep 24 01:19:17.594 INF API: test started suite=0 test=19 name="interop/debug-siblings-revert-ok (besu_development)"
Sep 24 01:19:17.602 INF API: test ended suite=0 test=19 pass=false
Sep 24 01:19:17.603 INF API: test started suite=0 test=20 name="interop/many-storage-write-revert-read (besu_development)"
Sep 24 01:19:17.628 INF API: test ended suite=0 test=20 pass=false
Sep 24 01:19:17.629 INF API: test started suite=0 test=21 name="interop/raw-below-basefee-stateDiff (besu_development)"
Sep 24 01:19:17.635 INF API: test ended suite=0 test=21 pass=false
Sep 24 01:19:17.636 INF API: test started suite=0 test=22 name="interop/raw-below-basefee-trace (besu_development)"
Sep 24 01:19:17.641 INF API: test ended suite=0 test=22 pass=false
Sep 24 01:19:17.642 INF API: test started suite=0 test=23 name="interop/raw-below-basefee-vmTrace (besu_development)"
Sep 24 01:19:17.647 INF API: test ended suite=0 test=23 pass=false
Sep 24 01:19:17.647 INF API: test started suite=0 test=24 name="interop/raw-below-basefee (besu_development)"
Sep 24 01:19:17.652 INF API: test ended suite=0 test=24 pass=false
Sep 24 01:19:17.653 INF API: test started suite=0 test=25 name="interop/raw-insufficient-funds-stateDiff (besu_development)"
Sep 24 01:19:17.659 INF API: test ended suite=0 test=25 pass=false
Sep 24 01:19:17.660 INF API: test started suite=0 test=26 name="interop/raw-insufficient-funds-trace (besu_development)"
Sep 24 01:19:17.665 INF API: test ended suite=0 test=26 pass=false
Sep 24 01:19:17.666 INF API: test started suite=0 test=27 name="interop/raw-insufficient-funds-vmTrace (besu_development)"
Sep 24 01:19:17.671 INF API: test ended suite=0 test=27 pass=false
Sep 24 01:19:17.672 INF API: test started suite=0 test=28 name="interop/raw-insufficient-funds (besu_development)"
Sep 24 01:19:17.677 INF API: test ended suite=0 test=28 pass=false
Sep 24 01:19:17.677 INF API: test started suite=0 test=29 name="interop/raw-low-gas-stateDiff (besu_development)"
Sep 24 01:19:17.683 INF API: test ended suite=0 test=29 pass=false
Sep 24 01:19:17.683 INF API: test started suite=0 test=30 name="interop/raw-low-gas-trace (besu_development)"
Sep 24 01:19:17.688 INF API: test ended suite=0 test=30 pass=false
Sep 24 01:19:17.689 INF API: test started suite=0 test=31 name="interop/raw-low-gas-vmTrace (besu_development)"
Sep 24 01:19:17.694 INF API: test ended suite=0 test=31 pass=false
Sep 24 01:19:17.695 INF API: test started suite=0 test=32 name="interop/raw-low-gas (besu_development)"
Sep 24 01:19:17.701 INF API: test ended suite=0 test=32 pass=false
Sep 24 01:19:17.702 INF API: test started suite=0 test=33 name="interop/raw-nonce-high-stateDiff (besu_development)"
Sep 24 01:19:17.709 INF API: test ended suite=0 test=33 pass=false
Sep 24 01:19:17.709 INF API: test started suite=0 test=34 name="interop/raw-nonce-high-trace (besu_development)"
Sep 24 01:19:17.716 INF API: test ended suite=0 test=34 pass=false
Sep 24 01:19:17.717 INF API: test started suite=0 test=35 name="interop/raw-nonce-high-vmTrace (besu_development)"
Sep 24 01:19:17.722 INF API: test ended suite=0 test=35 pass=false
Sep 24 01:19:17.723 INF API: test started suite=0 test=36 name="interop/raw-nonce-high (besu_development)"
Sep 24 01:19:17.728 INF API: test ended suite=0 test=36 pass=false
Sep 24 01:19:17.729 INF API: test started suite=0 test=37 name="interop/raw-valid-stateDiff (besu_development)"
Sep 24 01:19:17.734 INF API: test ended suite=0 test=37 pass=false
Sep 24 01:19:17.735 INF API: test started suite=0 test=38 name="interop/raw-valid-trace (besu_development)"
Sep 24 01:19:17.740 INF API: test ended suite=0 test=38 pass=false
Sep 24 01:19:17.741 INF API: test started suite=0 test=39 name="interop/raw-valid-vmTrace (besu_development)"
Sep 24 01:19:17.746 INF API: test ended suite=0 test=39 pass=false
Sep 24 01:19:17.747 INF API: test started suite=0 test=40 name="interop/raw-valid (besu_development)"
Sep 24 01:19:17.752 INF API: test ended suite=0 test=40 pass=false
Sep 24 01:19:17.753 INF API: test started suite=0 test=41 name="interop/raw-wrong-chain-stateDiff (besu_development)"
Sep 24 01:19:17.758 INF API: test ended suite=0 test=41 pass=false
Sep 24 01:19:17.759 INF API: test started suite=0 test=42 name="interop/raw-wrong-chain-trace (besu_development)"
Sep 24 01:19:17.765 INF API: test ended suite=0 test=42 pass=false
Sep 24 01:19:17.766 INF API: test started suite=0 test=43 name="interop/raw-wrong-chain-vmTrace (besu_development)"
Sep 24 01:19:17.771 INF API: test ended suite=0 test=43 pass=false
Sep 24 01:19:17.772 INF API: test started suite=0 test=44 name="interop/raw-wrong-chain (besu_development)"
Sep 24 01:19:17.778 INF API: test ended suite=0 test=44 pass=false
Sep 24 01:19:17.779 INF API: test started suite=0 test=45 name="interop/state-only-nonempty-output (besu_development)"
Sep 24 01:19:17.784 INF API: test ended suite=0 test=45 pass=false
Sep 24 01:19:17.979 INF API: test ended suite=0 test=1 pass=true
Sep 24 01:19:17.981 INF API: test started suite=0 test=46 name="client launch (besu_release)"
Sep 24 01:19:26.230 INF API: client besu_release started suite=0 test=46 container=1e60561f
Sep 24 01:19:26.494 INF API: test started suite=0 test=47 name="interop/_control/head (besu_release)"
Sep 24 01:19:26.502 INF API: test ended suite=0 test=47 pass=false
Sep 24 01:19:26.503 INF API: test started suite=0 test=48 name="interop/_control/latest (besu_release)"
Sep 24 01:19:26.510 INF API: test ended suite=0 test=48 pass=false
Sep 24 01:19:26.511 INF API: test started suite=0 test=49 name="interop/_control/version (besu_release)"
Sep 24 01:19:26.516 INF API: test ended suite=0 test=49 pass=false
Sep 24 01:19:26.517 INF API: test started suite=0 test=50 name="interop/auth-clear (besu_release)"
Sep 24 01:19:26.576 INF API: test ended suite=0 test=50 pass=false
Sep 24 01:19:26.577 INF API: test started suite=0 test=51 name="interop/auth-set-revert (besu_release)"
Sep 24 01:19:26.597 INF API: test ended suite=0 test=51 pass=false
Sep 24 01:19:26.598 INF API: test started suite=0 test=52 name="interop/call-gas7400 (besu_release)"
Sep 24 01:19:26.642 INF API: test ended suite=0 test=52 pass=false
Sep 24 01:19:26.643 INF API: test started suite=0 test=53 name="interop/call-mcopy (besu_release)"
Sep 24 01:19:26.656 INF API: test ended suite=0 test=53 pass=false
Sep 24 01:19:26.657 INF API: test started suite=0 test=54 name="interop/call-mixed-create (besu_release)"
Sep 24 01:19:26.674 INF API: test ended suite=0 test=54 pass=false
Sep 24 01:19:26.676 INF API: test started suite=0 test=55 name="interop/call-return42 (besu_release)"
Sep 24 01:19:26.686 INF API: test ended suite=0 test=55 pass=false
Sep 24 01:19:26.687 INF API: test started suite=0 test=56 name="interop/call-siblings-revert-ok (besu_release)"
Sep 24 01:19:26.702 INF API: test ended suite=0 test=56 pass=false
Sep 24 01:19:26.704 INF API: test started suite=0 test=57 name="interop/constructor (besu_release)"
Sep 24 01:19:26.712 INF API: test ended suite=0 test=57 pass=false
Sep 24 01:19:26.713 INF API: test started suite=0 test=58 name="interop/control-code-gas7400 (besu_release)"
Sep 24 01:19:26.723 INF API: test ended suite=0 test=58 pass=false
Sep 24 01:19:26.724 INF API: test started suite=0 test=59 name="interop/control-code-siblings-revert-ok (besu_release)"
Sep 24 01:19:26.730 INF API: test ended suite=0 test=59 pass=false
Sep 24 01:19:26.730 INF API: test started suite=0 test=60 name="interop/control-head (besu_release)"
Sep 24 01:19:26.736 INF API: test ended suite=0 test=60 pass=false
Sep 24 01:19:26.737 INF API: test started suite=0 test=61 name="interop/control-height (besu_release)"
Sep 24 01:19:26.742 INF API: test ended suite=0 test=61 pass=false
Sep 24 01:19:26.743 INF API: test started suite=0 test=62 name="interop/debug-gas7400-opcodes (besu_release)"
Sep 24 01:19:26.790 INF API: test ended suite=0 test=62 pass=false
Sep 24 01:19:26.791 INF API: test started suite=0 test=63 name="interop/debug-mixed-create (besu_release)"
Sep 24 01:19:26.825 INF API: test ended suite=0 test=63 pass=false
Sep 24 01:19:26.826 INF API: test started suite=0 test=64 name="interop/debug-siblings-revert-ok (besu_release)"
Sep 24 01:19:26.839 INF API: test ended suite=0 test=64 pass=false
Sep 24 01:19:26.840 INF API: test started suite=0 test=65 name="interop/many-storage-write-revert-read (besu_release)"
Sep 24 01:19:26.869 INF API: test ended suite=0 test=65 pass=false
Sep 24 01:19:26.870 INF API: test started suite=0 test=66 name="interop/raw-below-basefee-stateDiff (besu_release)"
Sep 24 01:19:26.877 INF API: test ended suite=0 test=66 pass=false
Sep 24 01:19:26.878 INF API: test started suite=0 test=67 name="interop/raw-below-basefee-trace (besu_release)"
Sep 24 01:19:26.884 INF API: test ended suite=0 test=67 pass=false
Sep 24 01:19:26.885 INF API: test started suite=0 test=68 name="interop/raw-below-basefee-vmTrace (besu_release)"
Sep 24 01:19:26.891 INF API: test ended suite=0 test=68 pass=false
Sep 24 01:19:26.891 INF API: test started suite=0 test=69 name="interop/raw-below-basefee (besu_release)"
Sep 24 01:19:26.898 INF API: test ended suite=0 test=69 pass=false
Sep 24 01:19:26.898 INF API: test started suite=0 test=70 name="interop/raw-insufficient-funds-stateDiff (besu_release)"
Sep 24 01:19:26.904 INF API: test ended suite=0 test=70 pass=false
Sep 24 01:19:26.905 INF API: test started suite=0 test=71 name="interop/raw-insufficient-funds-trace (besu_release)"
Sep 24 01:19:26.910 INF API: test ended suite=0 test=71 pass=false
Sep 24 01:19:26.911 INF API: test started suite=0 test=72 name="interop/raw-insufficient-funds-vmTrace (besu_release)"
Sep 24 01:19:26.916 INF API: test ended suite=0 test=72 pass=false
Sep 24 01:19:26.917 INF API: test started suite=0 test=73 name="interop/raw-insufficient-funds (besu_release)"
Sep 24 01:19:26.924 INF API: test ended suite=0 test=73 pass=false
Sep 24 01:19:26.925 INF API: test started suite=0 test=74 name="interop/raw-low-gas-stateDiff (besu_release)"
Sep 24 01:19:26.930 INF API: test ended suite=0 test=74 pass=false
Sep 24 01:19:26.931 INF API: test started suite=0 test=75 name="interop/raw-low-gas-trace (besu_release)"
Sep 24 01:19:26.937 INF API: test ended suite=0 test=75 pass=false
Sep 24 01:19:26.938 INF API: test started suite=0 test=76 name="interop/raw-low-gas-vmTrace (besu_release)"
Sep 24 01:19:26.942 INF API: test ended suite=0 test=76 pass=false
Sep 24 01:19:26.943 INF API: test started suite=0 test=77 name="interop/raw-low-gas (besu_release)"
Sep 24 01:19:26.948 INF API: test ended suite=0 test=77 pass=false
Sep 24 01:19:26.949 INF API: test started suite=0 test=78 name="interop/raw-nonce-high-stateDiff (besu_release)"
Sep 24 01:19:26.954 INF API: test ended suite=0 test=78 pass=false
Sep 24 01:19:26.955 INF API: test started suite=0 test=79 name="interop/raw-nonce-high-trace (besu_release)"
Sep 24 01:19:26.960 INF API: test ended suite=0 test=79 pass=false
Sep 24 01:19:26.961 INF API: test started suite=0 test=80 name="interop/raw-nonce-high-vmTrace (besu_release)"
Sep 24 01:19:26.967 INF API: test ended suite=0 test=80 pass=false
Sep 24 01:19:26.968 INF API: test started suite=0 test=81 name="interop/raw-nonce-high (besu_release)"
Sep 24 01:19:26.975 INF API: test ended suite=0 test=81 pass=false
Sep 24 01:19:26.976 INF API: test started suite=0 test=82 name="interop/raw-valid-stateDiff (besu_release)"
Sep 24 01:19:26.982 INF API: test ended suite=0 test=82 pass=false
Sep 24 01:19:26.983 INF API: test started suite=0 test=83 name="interop/raw-valid-trace (besu_release)"
Sep 24 01:19:26.989 INF API: test ended suite=0 test=83 pass=false
Sep 24 01:19:26.989 INF API: test started suite=0 test=84 name="interop/raw-valid-vmTrace (besu_release)"
Sep 24 01:19:26.994 INF API: test ended suite=0 test=84 pass=false
Sep 24 01:19:26.995 INF API: test started suite=0 test=85 name="interop/raw-valid (besu_release)"
Sep 24 01:19:27.001 INF API: test ended suite=0 test=85 pass=false
Sep 24 01:19:27.001 INF API: test started suite=0 test=86 name="interop/raw-wrong-chain-stateDiff (besu_release)"
Sep 24 01:19:27.007 INF API: test ended suite=0 test=86 pass=false
Sep 24 01:19:27.008 INF API: test started suite=0 test=87 name="interop/raw-wrong-chain-trace (besu_release)"
Sep 24 01:19:27.016 INF API: test ended suite=0 test=87 pass=false
Sep 24 01:19:27.017 INF API: test started suite=0 test=88 name="interop/raw-wrong-chain-vmTrace (besu_release)"
Sep 24 01:19:27.024 INF API: test ended suite=0 test=88 pass=false
Sep 24 01:19:27.025 INF API: test started suite=0 test=89 name="interop/raw-wrong-chain (besu_release)"
Sep 24 01:19:27.031 INF API: test ended suite=0 test=89 pass=false
Sep 24 01:19:27.032 INF API: test started suite=0 test=90 name="interop/state-only-nonempty-output (besu_release)"
Sep 24 01:19:27.037 INF API: test ended suite=0 test=90 pass=false
Sep 24 01:19:27.216 INF API: test ended suite=0 test=46 pass=true
Sep 24 01:19:27.217 INF API: test started suite=0 test=91 name="client launch (erigon_development)"
Sep 24 01:19:27.977 INF API: client erigon_development started suite=0 test=91 container=b4559cfa
Sep 24 01:19:27.986 INF API: test started suite=0 test=92 name="interop/_control/head (erigon_development)"
Sep 24 01:19:27.989 INF API: test ended suite=0 test=92 pass=false
Sep 24 01:19:27.989 INF API: test started suite=0 test=93 name="interop/_control/latest (erigon_development)"
Sep 24 01:19:27.992 INF API: test ended suite=0 test=93 pass=false
Sep 24 01:19:27.993 INF API: test started suite=0 test=94 name="interop/_control/version (erigon_development)"
Sep 24 01:19:27.995 INF API: test ended suite=0 test=94 pass=false
Sep 24 01:19:27.996 INF API: test started suite=0 test=95 name="interop/auth-clear (erigon_development)"
Sep 24 01:19:27.999 INF API: test ended suite=0 test=95 pass=false
Sep 24 01:19:28.000 INF API: test started suite=0 test=96 name="interop/auth-set-revert (erigon_development)"
Sep 24 01:19:28.003 INF API: test ended suite=0 test=96 pass=false
Sep 24 01:19:28.004 INF API: test started suite=0 test=97 name="interop/call-gas7400 (erigon_development)"
Sep 24 01:19:28.010 INF API: test ended suite=0 test=97 pass=false
Sep 24 01:19:28.011 INF API: test started suite=0 test=98 name="interop/call-mcopy (erigon_development)"
Sep 24 01:19:28.013 INF API: test ended suite=0 test=98 pass=false
Sep 24 01:19:28.014 INF API: test started suite=0 test=99 name="interop/call-mixed-create (erigon_development)"
Sep 24 01:19:28.017 INF API: test ended suite=0 test=99 pass=false
Sep 24 01:19:28.018 INF API: test started suite=0 test=100 name="interop/call-return42 (erigon_development)"
Sep 24 01:19:28.021 INF API: test ended suite=0 test=100 pass=false
Sep 24 01:19:28.022 INF API: test started suite=0 test=101 name="interop/call-siblings-revert-ok (erigon_development)"
Sep 24 01:19:28.025 INF API: test ended suite=0 test=101 pass=false
Sep 24 01:19:28.025 INF API: test started suite=0 test=102 name="interop/constructor (erigon_development)"
Sep 24 01:19:28.028 INF API: test ended suite=0 test=102 pass=false
Sep 24 01:19:28.029 INF API: test started suite=0 test=103 name="interop/control-code-gas7400 (erigon_development)"
Sep 24 01:19:28.031 INF API: test ended suite=0 test=103 pass=false
Sep 24 01:19:28.032 INF API: test started suite=0 test=104 name="interop/control-code-siblings-revert-ok (erigon_development)"
Sep 24 01:19:28.034 INF API: test ended suite=0 test=104 pass=false
Sep 24 01:19:28.035 INF API: test started suite=0 test=105 name="interop/control-head (erigon_development)"
Sep 24 01:19:28.037 INF API: test ended suite=0 test=105 pass=false
Sep 24 01:19:28.038 INF API: test started suite=0 test=106 name="interop/control-height (erigon_development)"
Sep 24 01:19:28.040 INF API: test ended suite=0 test=106 pass=false
Sep 24 01:19:28.041 INF API: test started suite=0 test=107 name="interop/debug-gas7400-opcodes (erigon_development)"
Sep 24 01:19:28.043 INF API: test ended suite=0 test=107 pass=false
Sep 24 01:19:28.044 INF API: test started suite=0 test=108 name="interop/debug-mixed-create (erigon_development)"
Sep 24 01:19:28.047 INF API: test ended suite=0 test=108 pass=false
Sep 24 01:19:28.048 INF API: test started suite=0 test=109 name="interop/debug-siblings-revert-ok (erigon_development)"
Sep 24 01:19:28.050 INF API: test ended suite=0 test=109 pass=false
Sep 24 01:19:28.051 INF API: test started suite=0 test=110 name="interop/many-storage-write-revert-read (erigon_development)"
Sep 24 01:19:28.053 INF API: test ended suite=0 test=110 pass=false
Sep 24 01:19:28.054 INF API: test started suite=0 test=111 name="interop/raw-below-basefee-stateDiff (erigon_development)"
Sep 24 01:19:28.056 INF API: test ended suite=0 test=111 pass=false
Sep 24 01:19:28.057 INF API: test started suite=0 test=112 name="interop/raw-below-basefee-trace (erigon_development)"
Sep 24 01:19:28.059 INF API: test ended suite=0 test=112 pass=false
Sep 24 01:19:28.060 INF API: test started suite=0 test=113 name="interop/raw-below-basefee-vmTrace (erigon_development)"
Sep 24 01:19:28.061 INF API: test ended suite=0 test=113 pass=false
Sep 24 01:19:28.062 INF API: test started suite=0 test=114 name="interop/raw-below-basefee (erigon_development)"
Sep 24 01:19:28.065 INF API: test ended suite=0 test=114 pass=false
Sep 24 01:19:28.066 INF API: test started suite=0 test=115 name="interop/raw-insufficient-funds-stateDiff (erigon_development)"
Sep 24 01:19:28.068 INF API: test ended suite=0 test=115 pass=false
Sep 24 01:19:28.069 INF API: test started suite=0 test=116 name="interop/raw-insufficient-funds-trace (erigon_development)"
Sep 24 01:19:28.072 INF API: test ended suite=0 test=116 pass=false
Sep 24 01:19:28.072 INF API: test started suite=0 test=117 name="interop/raw-insufficient-funds-vmTrace (erigon_development)"
Sep 24 01:19:28.075 INF API: test ended suite=0 test=117 pass=false
Sep 24 01:19:28.076 INF API: test started suite=0 test=118 name="interop/raw-insufficient-funds (erigon_development)"
Sep 24 01:19:28.078 INF API: test ended suite=0 test=118 pass=false
Sep 24 01:19:28.078 INF API: test started suite=0 test=119 name="interop/raw-low-gas-stateDiff (erigon_development)"
Sep 24 01:19:28.081 INF API: test ended suite=0 test=119 pass=false
Sep 24 01:19:28.081 INF API: test started suite=0 test=120 name="interop/raw-low-gas-trace (erigon_development)"
Sep 24 01:19:28.083 INF API: test ended suite=0 test=120 pass=false
Sep 24 01:19:28.084 INF API: test started suite=0 test=121 name="interop/raw-low-gas-vmTrace (erigon_development)"
Sep 24 01:19:28.085 INF API: test ended suite=0 test=121 pass=false
Sep 24 01:19:28.086 INF API: test started suite=0 test=122 name="interop/raw-low-gas (erigon_development)"
Sep 24 01:19:28.088 INF API: test ended suite=0 test=122 pass=false
Sep 24 01:19:28.089 INF API: test started suite=0 test=123 name="interop/raw-nonce-high-stateDiff (erigon_development)"
Sep 24 01:19:28.092 INF API: test ended suite=0 test=123 pass=false
Sep 24 01:19:28.092 INF API: test started suite=0 test=124 name="interop/raw-nonce-high-trace (erigon_development)"
Sep 24 01:19:28.095 INF API: test ended suite=0 test=124 pass=false
Sep 24 01:19:28.095 INF API: test started suite=0 test=125 name="interop/raw-nonce-high-vmTrace (erigon_development)"
Sep 24 01:19:28.098 INF API: test ended suite=0 test=125 pass=false
Sep 24 01:19:28.098 INF API: test started suite=0 test=126 name="interop/raw-nonce-high (erigon_development)"
Sep 24 01:19:28.101 INF API: test ended suite=0 test=126 pass=false
Sep 24 01:19:28.101 INF API: test started suite=0 test=127 name="interop/raw-valid-stateDiff (erigon_development)"
Sep 24 01:19:28.104 INF API: test ended suite=0 test=127 pass=false
Sep 24 01:19:28.104 INF API: test started suite=0 test=128 name="interop/raw-valid-trace (erigon_development)"
Sep 24 01:19:28.107 INF API: test ended suite=0 test=128 pass=false
Sep 24 01:19:28.107 INF API: test started suite=0 test=129 name="interop/raw-valid-vmTrace (erigon_development)"
Sep 24 01:19:28.109 INF API: test ended suite=0 test=129 pass=false
Sep 24 01:19:28.110 INF API: test started suite=0 test=130 name="interop/raw-valid (erigon_development)"
Sep 24 01:19:28.112 INF API: test ended suite=0 test=130 pass=false
Sep 24 01:19:28.113 INF API: test started suite=0 test=131 name="interop/raw-wrong-chain-stateDiff (erigon_development)"
Sep 24 01:19:28.115 INF API: test ended suite=0 test=131 pass=false
Sep 24 01:19:28.116 INF API: test started suite=0 test=132 name="interop/raw-wrong-chain-trace (erigon_development)"
Sep 24 01:19:28.118 INF API: test ended suite=0 test=132 pass=false
Sep 24 01:19:28.119 INF API: test started suite=0 test=133 name="interop/raw-wrong-chain-vmTrace (erigon_development)"
Sep 24 01:19:28.121 INF API: test ended suite=0 test=133 pass=false
Sep 24 01:19:28.122 INF API: test started suite=0 test=134 name="interop/raw-wrong-chain (erigon_development)"
Sep 24 01:19:28.124 INF API: test ended suite=0 test=134 pass=false
Sep 24 01:19:28.125 INF API: test started suite=0 test=135 name="interop/state-only-nonempty-output (erigon_development)"
Sep 24 01:19:28.127 INF API: test ended suite=0 test=135 pass=false
Sep 24 01:19:28.243 INF API: test ended suite=0 test=91 pass=true
Sep 24 01:19:28.244 INF API: test started suite=0 test=136 name="client launch (erigon_release)"
Sep 24 01:19:29.090 INF API: client erigon_release started suite=0 test=136 container=42c32800
Sep 24 01:19:29.096 INF API: test started suite=0 test=137 name="interop/_control/head (erigon_release)"
Sep 24 01:19:29.098 INF API: test ended suite=0 test=137 pass=false
Sep 24 01:19:29.099 INF API: test started suite=0 test=138 name="interop/_control/latest (erigon_release)"
Sep 24 01:19:29.102 INF API: test ended suite=0 test=138 pass=false
Sep 24 01:19:29.102 INF API: test started suite=0 test=139 name="interop/_control/version (erigon_release)"
Sep 24 01:19:29.104 INF API: test ended suite=0 test=139 pass=false
Sep 24 01:19:29.104 INF API: test started suite=0 test=140 name="interop/auth-clear (erigon_release)"
Sep 24 01:19:29.107 INF API: test ended suite=0 test=140 pass=false
Sep 24 01:19:29.108 INF API: test started suite=0 test=141 name="interop/auth-set-revert (erigon_release)"
Sep 24 01:19:29.111 INF API: test ended suite=0 test=141 pass=false
Sep 24 01:19:29.112 INF API: test started suite=0 test=142 name="interop/call-gas7400 (erigon_release)"
Sep 24 01:19:29.120 INF API: test ended suite=0 test=142 pass=false
Sep 24 01:19:29.121 INF API: test started suite=0 test=143 name="interop/call-mcopy (erigon_release)"
Sep 24 01:19:29.124 INF API: test ended suite=0 test=143 pass=false
Sep 24 01:19:29.125 INF API: test started suite=0 test=144 name="interop/call-mixed-create (erigon_release)"
Sep 24 01:19:29.128 INF API: test ended suite=0 test=144 pass=false
Sep 24 01:19:29.129 INF API: test started suite=0 test=145 name="interop/call-return42 (erigon_release)"
Sep 24 01:19:29.132 INF API: test ended suite=0 test=145 pass=false
Sep 24 01:19:29.132 INF API: test started suite=0 test=146 name="interop/call-siblings-revert-ok (erigon_release)"
Sep 24 01:19:29.137 INF API: test ended suite=0 test=146 pass=false
Sep 24 01:19:29.137 INF API: test started suite=0 test=147 name="interop/constructor (erigon_release)"
Sep 24 01:19:29.140 INF API: test ended suite=0 test=147 pass=false
Sep 24 01:19:29.141 INF API: test started suite=0 test=148 name="interop/control-code-gas7400 (erigon_release)"
Sep 24 01:19:29.143 INF API: test ended suite=0 test=148 pass=false
Sep 24 01:19:29.144 INF API: test started suite=0 test=149 name="interop/control-code-siblings-revert-ok (erigon_release)"
Sep 24 01:19:29.146 INF API: test ended suite=0 test=149 pass=false
Sep 24 01:19:29.147 INF API: test started suite=0 test=150 name="interop/control-head (erigon_release)"
Sep 24 01:19:29.149 INF API: test ended suite=0 test=150 pass=false
Sep 24 01:19:29.150 INF API: test started suite=0 test=151 name="interop/control-height (erigon_release)"
Sep 24 01:19:29.152 INF API: test ended suite=0 test=151 pass=false
Sep 24 01:19:29.153 INF API: test started suite=0 test=152 name="interop/debug-gas7400-opcodes (erigon_release)"
Sep 24 01:19:29.156 INF API: test ended suite=0 test=152 pass=false
Sep 24 01:19:29.156 INF API: test started suite=0 test=153 name="interop/debug-mixed-create (erigon_release)"
Sep 24 01:19:29.159 INF API: test ended suite=0 test=153 pass=false
Sep 24 01:19:29.160 INF API: test started suite=0 test=154 name="interop/debug-siblings-revert-ok (erigon_release)"
Sep 24 01:19:29.162 INF API: test ended suite=0 test=154 pass=false
Sep 24 01:19:29.163 INF API: test started suite=0 test=155 name="interop/many-storage-write-revert-read (erigon_release)"
Sep 24 01:19:29.166 INF API: test ended suite=0 test=155 pass=false
Sep 24 01:19:29.167 INF API: test started suite=0 test=156 name="interop/raw-below-basefee-stateDiff (erigon_release)"
Sep 24 01:19:29.169 INF API: test ended suite=0 test=156 pass=false
Sep 24 01:19:29.170 INF API: test started suite=0 test=157 name="interop/raw-below-basefee-trace (erigon_release)"
Sep 24 01:19:29.172 INF API: test ended suite=0 test=157 pass=false
Sep 24 01:19:29.173 INF API: test started suite=0 test=158 name="interop/raw-below-basefee-vmTrace (erigon_release)"
Sep 24 01:19:29.175 INF API: test ended suite=0 test=158 pass=false
Sep 24 01:19:29.176 INF API: test started suite=0 test=159 name="interop/raw-below-basefee (erigon_release)"
Sep 24 01:19:29.178 INF API: test ended suite=0 test=159 pass=false
Sep 24 01:19:29.179 INF API: test started suite=0 test=160 name="interop/raw-insufficient-funds-stateDiff (erigon_release)"
Sep 24 01:19:29.181 INF API: test ended suite=0 test=160 pass=false
Sep 24 01:19:29.182 INF API: test started suite=0 test=161 name="interop/raw-insufficient-funds-trace (erigon_release)"
Sep 24 01:19:29.184 INF API: test ended suite=0 test=161 pass=false
Sep 24 01:19:29.185 INF API: test started suite=0 test=162 name="interop/raw-insufficient-funds-vmTrace (erigon_release)"
Sep 24 01:19:29.187 INF API: test ended suite=0 test=162 pass=false
Sep 24 01:19:29.188 INF API: test started suite=0 test=163 name="interop/raw-insufficient-funds (erigon_release)"
Sep 24 01:19:29.190 INF API: test ended suite=0 test=163 pass=false
Sep 24 01:19:29.191 INF API: test started suite=0 test=164 name="interop/raw-low-gas-stateDiff (erigon_release)"
Sep 24 01:19:29.193 INF API: test ended suite=0 test=164 pass=false
Sep 24 01:19:29.194 INF API: test started suite=0 test=165 name="interop/raw-low-gas-trace (erigon_release)"
Sep 24 01:19:29.196 INF API: test ended suite=0 test=165 pass=false
Sep 24 01:19:29.196 INF API: test started suite=0 test=166 name="interop/raw-low-gas-vmTrace (erigon_release)"
Sep 24 01:19:29.198 INF API: test ended suite=0 test=166 pass=false
Sep 24 01:19:29.199 INF API: test started suite=0 test=167 name="interop/raw-low-gas (erigon_release)"
Sep 24 01:19:29.201 INF API: test ended suite=0 test=167 pass=false
Sep 24 01:19:29.202 INF API: test started suite=0 test=168 name="interop/raw-nonce-high-stateDiff (erigon_release)"
Sep 24 01:19:29.205 INF API: test ended suite=0 test=168 pass=false
Sep 24 01:19:29.205 INF API: test started suite=0 test=169 name="interop/raw-nonce-high-trace (erigon_release)"
Sep 24 01:19:29.208 INF API: test ended suite=0 test=169 pass=false
Sep 24 01:19:29.208 INF API: test started suite=0 test=170 name="interop/raw-nonce-high-vmTrace (erigon_release)"
Sep 24 01:19:29.211 INF API: test ended suite=0 test=170 pass=false
Sep 24 01:19:29.211 INF API: test started suite=0 test=171 name="interop/raw-nonce-high (erigon_release)"
Sep 24 01:19:29.214 INF API: test ended suite=0 test=171 pass=false
Sep 24 01:19:29.215 INF API: test started suite=0 test=172 name="interop/raw-valid-stateDiff (erigon_release)"
Sep 24 01:19:29.217 INF API: test ended suite=0 test=172 pass=false
Sep 24 01:19:29.218 INF API: test started suite=0 test=173 name="interop/raw-valid-trace (erigon_release)"
Sep 24 01:19:29.220 INF API: test ended suite=0 test=173 pass=false
Sep 24 01:19:29.221 INF API: test started suite=0 test=174 name="interop/raw-valid-vmTrace (erigon_release)"
Sep 24 01:19:29.224 INF API: test ended suite=0 test=174 pass=false
Sep 24 01:19:29.224 INF API: test started suite=0 test=175 name="interop/raw-valid (erigon_release)"
Sep 24 01:19:29.227 INF API: test ended suite=0 test=175 pass=false
Sep 24 01:19:29.228 INF API: test started suite=0 test=176 name="interop/raw-wrong-chain-stateDiff (erigon_release)"
Sep 24 01:19:29.230 INF API: test ended suite=0 test=176 pass=false
Sep 24 01:19:29.231 INF API: test started suite=0 test=177 name="interop/raw-wrong-chain-trace (erigon_release)"
Sep 24 01:19:29.234 INF API: test ended suite=0 test=177 pass=false
Sep 24 01:19:29.234 INF API: test started suite=0 test=178 name="interop/raw-wrong-chain-vmTrace (erigon_release)"
Sep 24 01:19:29.237 INF API: test ended suite=0 test=178 pass=false
Sep 24 01:19:29.237 INF API: test started suite=0 test=179 name="interop/raw-wrong-chain (erigon_release)"
Sep 24 01:19:29.240 INF API: test ended suite=0 test=179 pass=false
Sep 24 01:19:29.241 INF API: test started suite=0 test=180 name="interop/state-only-nonempty-output (erigon_release)"
Sep 24 01:19:29.243 INF API: test ended suite=0 test=180 pass=false
Sep 24 01:19:29.371 INF API: test ended suite=0 test=136 pass=true
Sep 24 01:19:29.373 INF API: test started suite=0 test=181 name="client launch (go-ethereum_trace)"
Sep 24 01:19:30.011 INF API: client go-ethereum_trace started suite=0 test=181 container=318e682e
Sep 24 01:19:30.017 INF API: test started suite=0 test=182 name="interop/_control/head (go-ethereum_trace)"
Sep 24 01:19:30.020 INF API: test ended suite=0 test=182 pass=false
Sep 24 01:19:30.021 INF API: test started suite=0 test=183 name="interop/_control/latest (go-ethereum_trace)"
Sep 24 01:19:30.023 INF API: test ended suite=0 test=183 pass=false
Sep 24 01:19:30.024 INF API: test started suite=0 test=184 name="interop/_control/version (go-ethereum_trace)"
Sep 24 01:19:30.026 INF API: test ended suite=0 test=184 pass=false
Sep 24 01:19:30.027 INF API: test started suite=0 test=185 name="interop/auth-clear (go-ethereum_trace)"
Sep 24 01:19:30.031 INF API: test ended suite=0 test=185 pass=false
Sep 24 01:19:30.032 INF API: test started suite=0 test=186 name="interop/auth-set-revert (go-ethereum_trace)"
Sep 24 01:19:30.035 INF API: test ended suite=0 test=186 pass=false
Sep 24 01:19:30.036 INF API: test started suite=0 test=187 name="interop/call-gas7400 (go-ethereum_trace)"
Sep 24 01:19:30.044 INF API: test ended suite=0 test=187 pass=false
Sep 24 01:19:30.045 INF API: test started suite=0 test=188 name="interop/call-mcopy (go-ethereum_trace)"
Sep 24 01:19:30.048 INF API: test ended suite=0 test=188 pass=false
Sep 24 01:19:30.049 INF API: test started suite=0 test=189 name="interop/call-mixed-create (go-ethereum_trace)"
Sep 24 01:19:30.052 INF API: test ended suite=0 test=189 pass=false
Sep 24 01:19:30.053 INF API: test started suite=0 test=190 name="interop/call-return42 (go-ethereum_trace)"
Sep 24 01:19:30.056 INF API: test ended suite=0 test=190 pass=false
Sep 24 01:19:30.057 INF API: test started suite=0 test=191 name="interop/call-siblings-revert-ok (go-ethereum_trace)"
Sep 24 01:19:30.062 INF API: test ended suite=0 test=191 pass=false
Sep 24 01:19:30.063 INF API: test started suite=0 test=192 name="interop/constructor (go-ethereum_trace)"
Sep 24 01:19:30.066 INF API: test ended suite=0 test=192 pass=false
Sep 24 01:19:30.067 INF API: test started suite=0 test=193 name="interop/control-code-gas7400 (go-ethereum_trace)"
Sep 24 01:19:30.069 INF API: test ended suite=0 test=193 pass=false
Sep 24 01:19:30.070 INF API: test started suite=0 test=194 name="interop/control-code-siblings-revert-ok (go-ethereum_trace)"
Sep 24 01:19:30.072 INF API: test ended suite=0 test=194 pass=false
Sep 24 01:19:30.073 INF API: test started suite=0 test=195 name="interop/control-head (go-ethereum_trace)"
Sep 24 01:19:30.076 INF API: test ended suite=0 test=195 pass=false
Sep 24 01:19:30.076 INF API: test started suite=0 test=196 name="interop/control-height (go-ethereum_trace)"
Sep 24 01:19:30.079 INF API: test ended suite=0 test=196 pass=false
Sep 24 01:19:30.080 INF API: test started suite=0 test=197 name="interop/debug-gas7400-opcodes (go-ethereum_trace)"
Sep 24 01:19:30.084 INF API: test ended suite=0 test=197 pass=false
Sep 24 01:19:30.084 INF API: test started suite=0 test=198 name="interop/debug-mixed-create (go-ethereum_trace)"
Sep 24 01:19:30.087 INF API: test ended suite=0 test=198 pass=false
Sep 24 01:19:30.087 INF API: test started suite=0 test=199 name="interop/debug-siblings-revert-ok (go-ethereum_trace)"
Sep 24 01:19:30.090 INF API: test ended suite=0 test=199 pass=false
Sep 24 01:19:30.090 INF API: test started suite=0 test=200 name="interop/many-storage-write-revert-read (go-ethereum_trace)"
Sep 24 01:19:30.093 INF API: test ended suite=0 test=200 pass=false
Sep 24 01:19:30.094 INF API: test started suite=0 test=201 name="interop/raw-below-basefee-stateDiff (go-ethereum_trace)"
Sep 24 01:19:30.096 INF API: test ended suite=0 test=201 pass=false
Sep 24 01:19:30.097 INF API: test started suite=0 test=202 name="interop/raw-below-basefee-trace (go-ethereum_trace)"
Sep 24 01:19:30.099 INF API: test ended suite=0 test=202 pass=false
Sep 24 01:19:30.100 INF API: test started suite=0 test=203 name="interop/raw-below-basefee-vmTrace (go-ethereum_trace)"
Sep 24 01:19:30.102 INF API: test ended suite=0 test=203 pass=false
Sep 24 01:19:30.103 INF API: test started suite=0 test=204 name="interop/raw-below-basefee (go-ethereum_trace)"
Sep 24 01:19:30.105 INF API: test ended suite=0 test=204 pass=false
Sep 24 01:19:30.106 INF API: test started suite=0 test=205 name="interop/raw-insufficient-funds-stateDiff (go-ethereum_trace)"
Sep 24 01:19:30.108 INF API: test ended suite=0 test=205 pass=false
Sep 24 01:19:30.109 INF API: test started suite=0 test=206 name="interop/raw-insufficient-funds-trace (go-ethereum_trace)"
Sep 24 01:19:30.111 INF API: test ended suite=0 test=206 pass=false
Sep 24 01:19:30.112 INF API: test started suite=0 test=207 name="interop/raw-insufficient-funds-vmTrace (go-ethereum_trace)"
Sep 24 01:19:30.114 INF API: test ended suite=0 test=207 pass=false
Sep 24 01:19:30.115 INF API: test started suite=0 test=208 name="interop/raw-insufficient-funds (go-ethereum_trace)"
Sep 24 01:19:30.117 INF API: test ended suite=0 test=208 pass=false
Sep 24 01:19:30.118 INF API: test started suite=0 test=209 name="interop/raw-low-gas-stateDiff (go-ethereum_trace)"
Sep 24 01:19:30.120 INF API: test ended suite=0 test=209 pass=false
Sep 24 01:19:30.121 INF API: test started suite=0 test=210 name="interop/raw-low-gas-trace (go-ethereum_trace)"
Sep 24 01:19:30.125 INF API: test ended suite=0 test=210 pass=false
Sep 24 01:19:30.126 INF API: test started suite=0 test=211 name="interop/raw-low-gas-vmTrace (go-ethereum_trace)"
Sep 24 01:19:30.128 INF API: test ended suite=0 test=211 pass=false
Sep 24 01:19:30.129 INF API: test started suite=0 test=212 name="interop/raw-low-gas (go-ethereum_trace)"
Sep 24 01:19:30.132 INF API: test ended suite=0 test=212 pass=false
Sep 24 01:19:30.132 INF API: test started suite=0 test=213 name="interop/raw-nonce-high-stateDiff (go-ethereum_trace)"
Sep 24 01:19:30.134 INF API: test ended suite=0 test=213 pass=false
Sep 24 01:19:30.135 INF API: test started suite=0 test=214 name="interop/raw-nonce-high-trace (go-ethereum_trace)"
Sep 24 01:19:30.137 INF API: test ended suite=0 test=214 pass=false
Sep 24 01:19:30.138 INF API: test started suite=0 test=215 name="interop/raw-nonce-high-vmTrace (go-ethereum_trace)"
Sep 24 01:19:30.140 INF API: test ended suite=0 test=215 pass=false
Sep 24 01:19:30.140 INF API: test started suite=0 test=216 name="interop/raw-nonce-high (go-ethereum_trace)"
Sep 24 01:19:30.142 INF API: test ended suite=0 test=216 pass=false
Sep 24 01:19:30.143 INF API: test started suite=0 test=217 name="interop/raw-valid-stateDiff (go-ethereum_trace)"
Sep 24 01:19:30.145 INF API: test ended suite=0 test=217 pass=false
Sep 24 01:19:30.147 INF API: test started suite=0 test=218 name="interop/raw-valid-trace (go-ethereum_trace)"
Sep 24 01:19:30.151 INF API: test ended suite=0 test=218 pass=false
Sep 24 01:19:30.151 INF API: test started suite=0 test=219 name="interop/raw-valid-vmTrace (go-ethereum_trace)"
Sep 24 01:19:30.154 INF API: test ended suite=0 test=219 pass=false
Sep 24 01:19:30.155 INF API: test started suite=0 test=220 name="interop/raw-valid (go-ethereum_trace)"
Sep 24 01:19:30.158 INF API: test ended suite=0 test=220 pass=false
Sep 24 01:19:30.158 INF API: test started suite=0 test=221 name="interop/raw-wrong-chain-stateDiff (go-ethereum_trace)"
Sep 24 01:19:30.161 INF API: test ended suite=0 test=221 pass=false
Sep 24 01:19:30.162 INF API: test started suite=0 test=222 name="interop/raw-wrong-chain-trace (go-ethereum_trace)"
Sep 24 01:19:30.163 INF API: test ended suite=0 test=222 pass=false
Sep 24 01:19:30.164 INF API: test started suite=0 test=223 name="interop/raw-wrong-chain-vmTrace (go-ethereum_trace)"
Sep 24 01:19:30.166 INF API: test ended suite=0 test=223 pass=false
Sep 24 01:19:30.167 INF API: test started suite=0 test=224 name="interop/raw-wrong-chain (go-ethereum_trace)"
Sep 24 01:19:30.169 INF API: test ended suite=0 test=224 pass=false
Sep 24 01:19:30.170 INF API: test started suite=0 test=225 name="interop/state-only-nonempty-output (go-ethereum_trace)"
Sep 24 01:19:30.172 INF API: test ended suite=0 test=225 pass=false
Sep 24 01:19:30.307 INF API: test ended suite=0 test=181 pass=true
Sep 24 01:19:30.308 INF API: test started suite=0 test=226 name="client launch (nethermind_development)"
Sep 24 01:19:38.359 INF API: client nethermind_development started suite=0 test=226 container=0c78e17c
Sep 24 01:19:38.504 INF API: test started suite=0 test=227 name="interop/_control/head (nethermind_development)"
Sep 24 01:19:38.510 INF API: test ended suite=0 test=227 pass=false
Sep 24 01:19:38.511 INF API: test started suite=0 test=228 name="interop/_control/latest (nethermind_development)"
Sep 24 01:19:38.517 INF API: test ended suite=0 test=228 pass=false
Sep 24 01:19:38.518 INF API: test started suite=0 test=229 name="interop/_control/version (nethermind_development)"
Sep 24 01:19:38.522 INF API: test ended suite=0 test=229 pass=false
Sep 24 01:19:38.523 INF API: test started suite=0 test=230 name="interop/auth-clear (nethermind_development)"
Sep 24 01:19:38.659 INF API: test ended suite=0 test=230 pass=false
Sep 24 01:19:38.661 INF API: test started suite=0 test=231 name="interop/auth-set-revert (nethermind_development)"
Sep 24 01:19:38.679 INF API: test ended suite=0 test=231 pass=false
Sep 24 01:19:38.680 INF API: test started suite=0 test=232 name="interop/call-gas7400 (nethermind_development)"
Sep 24 01:19:38.719 INF API: test ended suite=0 test=232 pass=false
Sep 24 01:19:38.721 INF API: test started suite=0 test=233 name="interop/call-mcopy (nethermind_development)"
Sep 24 01:19:38.736 INF API: test ended suite=0 test=233 pass=false
Sep 24 01:19:38.737 INF API: test started suite=0 test=234 name="interop/call-mixed-create (nethermind_development)"
Sep 24 01:19:38.757 INF API: test ended suite=0 test=234 pass=false
Sep 24 01:19:38.758 INF API: test started suite=0 test=235 name="interop/call-return42 (nethermind_development)"
Sep 24 01:19:38.761 INF API: test ended suite=0 test=235 pass=false
Sep 24 01:19:38.762 INF API: test started suite=0 test=236 name="interop/call-siblings-revert-ok (nethermind_development)"
Sep 24 01:19:38.780 INF API: test ended suite=0 test=236 pass=false
Sep 24 01:19:38.781 INF API: test started suite=0 test=237 name="interop/constructor (nethermind_development)"
Sep 24 01:19:38.785 INF API: test ended suite=0 test=237 pass=false
Sep 24 01:19:38.786 INF API: test started suite=0 test=238 name="interop/control-code-gas7400 (nethermind_development)"
Sep 24 01:19:38.789 INF API: test ended suite=0 test=238 pass=false
Sep 24 01:19:38.790 INF API: test started suite=0 test=239 name="interop/control-code-siblings-revert-ok (nethermind_development)"
Sep 24 01:19:38.792 INF API: test ended suite=0 test=239 pass=false
Sep 24 01:19:38.792 INF API: test started suite=0 test=240 name="interop/control-head (nethermind_development)"
Sep 24 01:19:38.795 INF API: test ended suite=0 test=240 pass=false
Sep 24 01:19:38.796 INF API: test started suite=0 test=241 name="interop/control-height (nethermind_development)"
Sep 24 01:19:38.800 INF API: test ended suite=0 test=241 pass=false
Sep 24 01:19:38.801 INF API: test started suite=0 test=242 name="interop/debug-gas7400-opcodes (nethermind_development)"
Sep 24 01:19:38.930 INF API: test ended suite=0 test=242 pass=false
Sep 24 01:19:38.930 INF API: test started suite=0 test=243 name="interop/debug-mixed-create (nethermind_development)"
Sep 24 01:19:38.949 INF API: test ended suite=0 test=243 pass=false
Sep 24 01:19:38.950 INF API: test started suite=0 test=244 name="interop/debug-siblings-revert-ok (nethermind_development)"
Sep 24 01:19:38.955 INF API: test ended suite=0 test=244 pass=false
Sep 24 01:19:38.956 INF API: test started suite=0 test=245 name="interop/many-storage-write-revert-read (nethermind_development)"
Sep 24 01:19:38.986 INF API: test ended suite=0 test=245 pass=false
Sep 24 01:19:38.987 INF API: test started suite=0 test=246 name="interop/raw-below-basefee-stateDiff (nethermind_development)"
Sep 24 01:19:38.993 INF API: test ended suite=0 test=246 pass=false
Sep 24 01:19:38.994 INF API: test started suite=0 test=247 name="interop/raw-below-basefee-trace (nethermind_development)"
Sep 24 01:19:39.011 INF API: test ended suite=0 test=247 pass=false
Sep 24 01:19:39.013 INF API: test started suite=0 test=248 name="interop/raw-below-basefee-vmTrace (nethermind_development)"
Sep 24 01:19:39.015 INF API: test ended suite=0 test=248 pass=false
Sep 24 01:19:39.016 INF API: test started suite=0 test=249 name="interop/raw-below-basefee (nethermind_development)"
Sep 24 01:19:39.018 INF API: test ended suite=0 test=249 pass=false
Sep 24 01:19:39.020 INF API: test started suite=0 test=250 name="interop/raw-insufficient-funds-stateDiff (nethermind_development)"
Sep 24 01:19:39.024 INF API: test ended suite=0 test=250 pass=false
Sep 24 01:19:39.024 INF API: test started suite=0 test=251 name="interop/raw-insufficient-funds-trace (nethermind_development)"
Sep 24 01:19:39.027 INF API: test ended suite=0 test=251 pass=false
Sep 24 01:19:39.028 INF API: test started suite=0 test=252 name="interop/raw-insufficient-funds-vmTrace (nethermind_development)"
Sep 24 01:19:39.030 INF API: test ended suite=0 test=252 pass=false
Sep 24 01:19:39.031 INF API: test started suite=0 test=253 name="interop/raw-insufficient-funds (nethermind_development)"
Sep 24 01:19:39.033 INF API: test ended suite=0 test=253 pass=false
Sep 24 01:19:39.034 INF API: test started suite=0 test=254 name="interop/raw-low-gas-stateDiff (nethermind_development)"
Sep 24 01:19:39.037 INF API: test ended suite=0 test=254 pass=false
Sep 24 01:19:39.038 INF API: test started suite=0 test=255 name="interop/raw-low-gas-trace (nethermind_development)"
Sep 24 01:19:39.040 INF API: test ended suite=0 test=255 pass=false
Sep 24 01:19:39.041 INF API: test started suite=0 test=256 name="interop/raw-low-gas-vmTrace (nethermind_development)"
Sep 24 01:19:39.044 INF API: test ended suite=0 test=256 pass=false
Sep 24 01:19:39.045 INF API: test started suite=0 test=257 name="interop/raw-low-gas (nethermind_development)"
Sep 24 01:19:39.048 INF API: test ended suite=0 test=257 pass=false
Sep 24 01:19:39.048 INF API: test started suite=0 test=258 name="interop/raw-nonce-high-stateDiff (nethermind_development)"
Sep 24 01:19:39.052 INF API: test ended suite=0 test=258 pass=false
Sep 24 01:19:39.053 INF API: test started suite=0 test=259 name="interop/raw-nonce-high-trace (nethermind_development)"
Sep 24 01:19:39.056 INF API: test ended suite=0 test=259 pass=false
Sep 24 01:19:39.057 INF API: test started suite=0 test=260 name="interop/raw-nonce-high-vmTrace (nethermind_development)"
Sep 24 01:19:39.060 INF API: test ended suite=0 test=260 pass=false
Sep 24 01:19:39.061 INF API: test started suite=0 test=261 name="interop/raw-nonce-high (nethermind_development)"
Sep 24 01:19:39.064 INF API: test ended suite=0 test=261 pass=false
Sep 24 01:19:39.064 INF API: test started suite=0 test=262 name="interop/raw-valid-stateDiff (nethermind_development)"
Sep 24 01:19:39.067 INF API: test ended suite=0 test=262 pass=false
Sep 24 01:19:39.068 INF API: test started suite=0 test=263 name="interop/raw-valid-trace (nethermind_development)"
Sep 24 01:19:39.071 INF API: test ended suite=0 test=263 pass=false
Sep 24 01:19:39.072 INF API: test started suite=0 test=264 name="interop/raw-valid-vmTrace (nethermind_development)"
Sep 24 01:19:39.074 INF API: test ended suite=0 test=264 pass=false
Sep 24 01:19:39.075 INF API: test started suite=0 test=265 name="interop/raw-valid (nethermind_development)"
Sep 24 01:19:39.078 INF API: test ended suite=0 test=265 pass=false
Sep 24 01:19:39.078 INF API: test started suite=0 test=266 name="interop/raw-wrong-chain-stateDiff (nethermind_development)"
Sep 24 01:19:39.082 INF API: test ended suite=0 test=266 pass=false
Sep 24 01:19:39.082 INF API: test started suite=0 test=267 name="interop/raw-wrong-chain-trace (nethermind_development)"
Sep 24 01:19:39.087 INF API: test ended suite=0 test=267 pass=false
Sep 24 01:19:39.088 INF API: test started suite=0 test=268 name="interop/raw-wrong-chain-vmTrace (nethermind_development)"
Sep 24 01:19:39.094 INF API: test ended suite=0 test=268 pass=false
Sep 24 01:19:39.094 INF API: test started suite=0 test=269 name="interop/raw-wrong-chain (nethermind_development)"
Sep 24 01:19:39.097 INF API: test ended suite=0 test=269 pass=false
Sep 24 01:19:39.098 INF API: test started suite=0 test=270 name="interop/state-only-nonempty-output (nethermind_development)"
Sep 24 01:19:39.100 INF API: test ended suite=0 test=270 pass=false
Sep 24 01:19:39.261 INF API: test ended suite=0 test=226 pass=true
Sep 24 01:19:39.262 INF API: test started suite=0 test=271 name="client launch (nethermind_release)"
Sep 24 01:19:46.321 INF API: client nethermind_release started suite=0 test=271 container=7e2402be
Sep 24 01:19:46.474 INF API: test started suite=0 test=272 name="interop/_control/head (nethermind_release)"
Sep 24 01:19:46.489 INF API: test ended suite=0 test=272 pass=false
Sep 24 01:19:46.491 INF API: test started suite=0 test=273 name="interop/_control/latest (nethermind_release)"
Sep 24 01:19:46.493 INF API: test ended suite=0 test=273 pass=false
Sep 24 01:19:46.494 INF API: test started suite=0 test=274 name="interop/_control/version (nethermind_release)"
Sep 24 01:19:46.496 INF API: test ended suite=0 test=274 pass=false
Sep 24 01:19:46.497 INF API: test started suite=0 test=275 name="interop/auth-clear (nethermind_release)"
Sep 24 01:19:46.578 INF API: test ended suite=0 test=275 pass=false
Sep 24 01:19:46.579 INF API: test started suite=0 test=276 name="interop/auth-set-revert (nethermind_release)"
Sep 24 01:19:46.588 INF API: test ended suite=0 test=276 pass=false
Sep 24 01:19:46.589 INF API: test started suite=0 test=277 name="interop/call-gas7400 (nethermind_release)"
Sep 24 01:19:46.613 INF API: test ended suite=0 test=277 pass=false
Sep 24 01:19:46.614 INF API: test started suite=0 test=278 name="interop/call-mcopy (nethermind_release)"
Sep 24 01:19:46.617 INF API: test ended suite=0 test=278 pass=false
Sep 24 01:19:46.618 INF API: test started suite=0 test=279 name="interop/call-mixed-create (nethermind_release)"
Sep 24 01:19:46.624 INF API: test ended suite=0 test=279 pass=false
Sep 24 01:19:46.624 INF API: test started suite=0 test=280 name="interop/call-return42 (nethermind_release)"
Sep 24 01:19:46.627 INF API: test ended suite=0 test=280 pass=false
Sep 24 01:19:46.628 INF API: test started suite=0 test=281 name="interop/call-siblings-revert-ok (nethermind_release)"
Sep 24 01:19:46.633 INF API: test ended suite=0 test=281 pass=false
Sep 24 01:19:46.634 INF API: test started suite=0 test=282 name="interop/constructor (nethermind_release)"
Sep 24 01:19:46.636 INF API: test ended suite=0 test=282 pass=false
Sep 24 01:19:46.637 INF API: test started suite=0 test=283 name="interop/control-code-gas7400 (nethermind_release)"
Sep 24 01:19:46.639 INF API: test ended suite=0 test=283 pass=false
Sep 24 01:19:46.640 INF API: test started suite=0 test=284 name="interop/control-code-siblings-revert-ok (nethermind_release)"
Sep 24 01:19:46.641 INF API: test ended suite=0 test=284 pass=false
Sep 24 01:19:46.642 INF API: test started suite=0 test=285 name="interop/control-head (nethermind_release)"
Sep 24 01:19:46.643 INF API: test ended suite=0 test=285 pass=false
Sep 24 01:19:46.644 INF API: test started suite=0 test=286 name="interop/control-height (nethermind_release)"
Sep 24 01:19:46.648 INF API: test ended suite=0 test=286 pass=false
Sep 24 01:19:46.649 INF API: test started suite=0 test=287 name="interop/debug-gas7400-opcodes (nethermind_release)"
Sep 24 01:19:46.719 INF API: test ended suite=0 test=287 pass=false
Sep 24 01:19:46.720 INF API: test started suite=0 test=288 name="interop/debug-mixed-create (nethermind_release)"
Sep 24 01:19:46.736 INF API: test ended suite=0 test=288 pass=false
Sep 24 01:19:46.737 INF API: test started suite=0 test=289 name="interop/debug-siblings-revert-ok (nethermind_release)"
Sep 24 01:19:46.740 INF API: test ended suite=0 test=289 pass=false
Sep 24 01:19:46.741 INF API: test started suite=0 test=290 name="interop/many-storage-write-revert-read (nethermind_release)"
Sep 24 01:19:46.761 INF API: test ended suite=0 test=290 pass=false
Sep 24 01:19:46.762 INF API: test started suite=0 test=291 name="interop/raw-below-basefee-stateDiff (nethermind_release)"
Sep 24 01:19:46.768 INF API: test ended suite=0 test=291 pass=false
Sep 24 01:19:46.769 INF API: test started suite=0 test=292 name="interop/raw-below-basefee-trace (nethermind_release)"
Sep 24 01:19:46.797 INF API: test ended suite=0 test=292 pass=false
Sep 24 01:19:46.798 INF API: test started suite=0 test=293 name="interop/raw-below-basefee-vmTrace (nethermind_release)"
Sep 24 01:19:46.800 INF API: test ended suite=0 test=293 pass=false
Sep 24 01:19:46.800 INF API: test started suite=0 test=294 name="interop/raw-below-basefee (nethermind_release)"
Sep 24 01:19:46.802 INF API: test ended suite=0 test=294 pass=false
Sep 24 01:19:46.803 INF API: test started suite=0 test=295 name="interop/raw-insufficient-funds-stateDiff (nethermind_release)"
Sep 24 01:19:46.806 INF API: test ended suite=0 test=295 pass=false
Sep 24 01:19:46.807 INF API: test started suite=0 test=296 name="interop/raw-insufficient-funds-trace (nethermind_release)"
Sep 24 01:19:46.808 INF API: test ended suite=0 test=296 pass=false
Sep 24 01:19:46.809 INF API: test started suite=0 test=297 name="interop/raw-insufficient-funds-vmTrace (nethermind_release)"
Sep 24 01:19:46.811 INF API: test ended suite=0 test=297 pass=false
Sep 24 01:19:46.812 INF API: test started suite=0 test=298 name="interop/raw-insufficient-funds (nethermind_release)"
Sep 24 01:19:46.814 INF API: test ended suite=0 test=298 pass=false
Sep 24 01:19:46.814 INF API: test started suite=0 test=299 name="interop/raw-low-gas-stateDiff (nethermind_release)"
Sep 24 01:19:46.817 INF API: test ended suite=0 test=299 pass=false
Sep 24 01:19:46.817 INF API: test started suite=0 test=300 name="interop/raw-low-gas-trace (nethermind_release)"
Sep 24 01:19:46.819 INF API: test ended suite=0 test=300 pass=false
Sep 24 01:19:46.820 INF API: test started suite=0 test=301 name="interop/raw-low-gas-vmTrace (nethermind_release)"
Sep 24 01:19:46.821 INF API: test ended suite=0 test=301 pass=false
Sep 24 01:19:46.822 INF API: test started suite=0 test=302 name="interop/raw-low-gas (nethermind_release)"
Sep 24 01:19:46.825 INF API: test ended suite=0 test=302 pass=false
Sep 24 01:19:46.825 INF API: test started suite=0 test=303 name="interop/raw-nonce-high-stateDiff (nethermind_release)"
Sep 24 01:19:46.827 INF API: test ended suite=0 test=303 pass=false
Sep 24 01:19:46.828 INF API: test started suite=0 test=304 name="interop/raw-nonce-high-trace (nethermind_release)"
Sep 24 01:19:46.831 INF API: test ended suite=0 test=304 pass=false
Sep 24 01:19:46.832 INF API: test started suite=0 test=305 name="interop/raw-nonce-high-vmTrace (nethermind_release)"
Sep 24 01:19:46.833 INF API: test ended suite=0 test=305 pass=false
Sep 24 01:19:46.834 INF API: test started suite=0 test=306 name="interop/raw-nonce-high (nethermind_release)"
Sep 24 01:19:46.837 INF API: test ended suite=0 test=306 pass=false
Sep 24 01:19:46.838 INF API: test started suite=0 test=307 name="interop/raw-valid-stateDiff (nethermind_release)"
Sep 24 01:19:46.842 INF API: test ended suite=0 test=307 pass=false
Sep 24 01:19:46.842 INF API: test started suite=0 test=308 name="interop/raw-valid-trace (nethermind_release)"
Sep 24 01:19:46.844 INF API: test ended suite=0 test=308 pass=false
Sep 24 01:19:46.845 INF API: test started suite=0 test=309 name="interop/raw-valid-vmTrace (nethermind_release)"
Sep 24 01:19:46.847 INF API: test ended suite=0 test=309 pass=false
Sep 24 01:19:46.848 INF API: test started suite=0 test=310 name="interop/raw-valid (nethermind_release)"
Sep 24 01:19:46.850 INF API: test ended suite=0 test=310 pass=false
Sep 24 01:19:46.850 INF API: test started suite=0 test=311 name="interop/raw-wrong-chain-stateDiff (nethermind_release)"
Sep 24 01:19:46.852 INF API: test ended suite=0 test=311 pass=false
Sep 24 01:19:46.853 INF API: test started suite=0 test=312 name="interop/raw-wrong-chain-trace (nethermind_release)"
Sep 24 01:19:46.855 INF API: test ended suite=0 test=312 pass=false
Sep 24 01:19:46.856 INF API: test started suite=0 test=313 name="interop/raw-wrong-chain-vmTrace (nethermind_release)"
Sep 24 01:19:46.858 INF API: test ended suite=0 test=313 pass=false
Sep 24 01:19:46.858 INF API: test started suite=0 test=314 name="interop/raw-wrong-chain (nethermind_release)"
Sep 24 01:19:46.860 INF API: test ended suite=0 test=314 pass=false
Sep 24 01:19:46.860 INF API: test started suite=0 test=315 name="interop/state-only-nonempty-output (nethermind_release)"
Sep 24 01:19:46.863 INF API: test ended suite=0 test=315 pass=false
Sep 24 01:19:47.573 INF API: test ended suite=0 test=271 pass=true
Sep 24 01:19:47.574 INF API: test started suite=0 test=316 name="client launch (reth_development)"
Sep 24 01:19:49.336 INF API: client reth_development started suite=0 test=316 container=2d01a61c
Sep 24 01:19:49.351 INF API: test started suite=0 test=317 name="interop/_control/head (reth_development)"
Sep 24 01:19:49.362 INF API: test ended suite=0 test=317 pass=false
Sep 24 01:19:49.363 INF API: test started suite=0 test=318 name="interop/_control/latest (reth_development)"
Sep 24 01:19:49.366 INF API: test ended suite=0 test=318 pass=false
Sep 24 01:19:49.366 INF API: test started suite=0 test=319 name="interop/_control/version (reth_development)"
Sep 24 01:19:49.369 INF API: test ended suite=0 test=319 pass=false
Sep 24 01:19:49.369 INF API: test started suite=0 test=320 name="interop/auth-clear (reth_development)"
Sep 24 01:19:49.372 INF API: test ended suite=0 test=320 pass=false
Sep 24 01:19:49.372 INF API: test started suite=0 test=321 name="interop/auth-set-revert (reth_development)"
Sep 24 01:19:49.374 INF API: test ended suite=0 test=321 pass=false
Sep 24 01:19:49.375 INF API: test started suite=0 test=322 name="interop/call-gas7400 (reth_development)"
Sep 24 01:19:49.381 INF API: test ended suite=0 test=322 pass=false
Sep 24 01:19:49.382 INF API: test started suite=0 test=323 name="interop/call-mcopy (reth_development)"
Sep 24 01:19:49.385 INF API: test ended suite=0 test=323 pass=false
Sep 24 01:19:49.387 INF API: test started suite=0 test=324 name="interop/call-mixed-create (reth_development)"
Sep 24 01:19:49.390 INF API: test ended suite=0 test=324 pass=false
Sep 24 01:19:49.392 INF API: test started suite=0 test=325 name="interop/call-return42 (reth_development)"
Sep 24 01:19:49.394 INF API: test ended suite=0 test=325 pass=false
Sep 24 01:19:49.395 INF API: test started suite=0 test=326 name="interop/call-siblings-revert-ok (reth_development)"
Sep 24 01:19:49.398 INF API: test ended suite=0 test=326 pass=false
Sep 24 01:19:49.399 INF API: test started suite=0 test=327 name="interop/constructor (reth_development)"
Sep 24 01:19:49.402 INF API: test ended suite=0 test=327 pass=false
Sep 24 01:19:49.403 INF API: test started suite=0 test=328 name="interop/control-code-gas7400 (reth_development)"
Sep 24 01:19:49.404 INF API: test ended suite=0 test=328 pass=false
Sep 24 01:19:49.405 INF API: test started suite=0 test=329 name="interop/control-code-siblings-revert-ok (reth_development)"
Sep 24 01:19:49.407 INF API: test ended suite=0 test=329 pass=false
Sep 24 01:19:49.408 INF API: test started suite=0 test=330 name="interop/control-head (reth_development)"
Sep 24 01:19:49.410 INF API: test ended suite=0 test=330 pass=false
Sep 24 01:19:49.410 INF API: test started suite=0 test=331 name="interop/control-height (reth_development)"
Sep 24 01:19:49.411 INF API: test ended suite=0 test=331 pass=false
Sep 24 01:19:49.412 INF API: test started suite=0 test=332 name="interop/debug-gas7400-opcodes (reth_development)"
Sep 24 01:19:49.414 INF API: test ended suite=0 test=332 pass=false
Sep 24 01:19:49.415 INF API: test started suite=0 test=333 name="interop/debug-mixed-create (reth_development)"
Sep 24 01:19:49.416 INF API: test ended suite=0 test=333 pass=false
Sep 24 01:19:49.417 INF API: test started suite=0 test=334 name="interop/debug-siblings-revert-ok (reth_development)"
Sep 24 01:19:49.419 INF API: test ended suite=0 test=334 pass=false
Sep 24 01:19:49.420 INF API: test started suite=0 test=335 name="interop/many-storage-write-revert-read (reth_development)"
Sep 24 01:19:49.421 INF API: test ended suite=0 test=335 pass=false
Sep 24 01:19:49.422 INF API: test started suite=0 test=336 name="interop/raw-below-basefee-stateDiff (reth_development)"
Sep 24 01:19:49.424 INF API: test ended suite=0 test=336 pass=false
Sep 24 01:19:49.424 INF API: test started suite=0 test=337 name="interop/raw-below-basefee-trace (reth_development)"
Sep 24 01:19:49.427 INF API: test ended suite=0 test=337 pass=false
Sep 24 01:19:49.428 INF API: test started suite=0 test=338 name="interop/raw-below-basefee-vmTrace (reth_development)"
Sep 24 01:19:49.430 INF API: test ended suite=0 test=338 pass=false
Sep 24 01:19:49.430 INF API: test started suite=0 test=339 name="interop/raw-below-basefee (reth_development)"
Sep 24 01:19:49.432 INF API: test ended suite=0 test=339 pass=false
Sep 24 01:19:49.432 INF API: test started suite=0 test=340 name="interop/raw-insufficient-funds-stateDiff (reth_development)"
Sep 24 01:19:49.434 INF API: test ended suite=0 test=340 pass=false
Sep 24 01:19:49.435 INF API: test started suite=0 test=341 name="interop/raw-insufficient-funds-trace (reth_development)"
Sep 24 01:19:49.437 INF API: test ended suite=0 test=341 pass=false
Sep 24 01:19:49.438 INF API: test started suite=0 test=342 name="interop/raw-insufficient-funds-vmTrace (reth_development)"
Sep 24 01:19:49.439 INF API: test ended suite=0 test=342 pass=false
Sep 24 01:19:49.440 INF API: test started suite=0 test=343 name="interop/raw-insufficient-funds (reth_development)"
Sep 24 01:19:49.441 INF API: test ended suite=0 test=343 pass=false
Sep 24 01:19:49.442 INF API: test started suite=0 test=344 name="interop/raw-low-gas-stateDiff (reth_development)"
Sep 24 01:19:49.443 INF API: test ended suite=0 test=344 pass=false
Sep 24 01:19:49.444 INF API: test started suite=0 test=345 name="interop/raw-low-gas-trace (reth_development)"
Sep 24 01:19:49.447 INF API: test ended suite=0 test=345 pass=false
Sep 24 01:19:49.447 INF API: test started suite=0 test=346 name="interop/raw-low-gas-vmTrace (reth_development)"
Sep 24 01:19:49.449 INF API: test ended suite=0 test=346 pass=false
Sep 24 01:19:49.450 INF API: test started suite=0 test=347 name="interop/raw-low-gas (reth_development)"
Sep 24 01:19:49.452 INF API: test ended suite=0 test=347 pass=false
Sep 24 01:19:49.453 INF API: test started suite=0 test=348 name="interop/raw-nonce-high-stateDiff (reth_development)"
Sep 24 01:19:49.455 INF API: test ended suite=0 test=348 pass=false
Sep 24 01:19:49.455 INF API: test started suite=0 test=349 name="interop/raw-nonce-high-trace (reth_development)"
Sep 24 01:19:49.457 INF API: test ended suite=0 test=349 pass=false
Sep 24 01:19:49.458 INF API: test started suite=0 test=350 name="interop/raw-nonce-high-vmTrace (reth_development)"
Sep 24 01:19:49.460 INF API: test ended suite=0 test=350 pass=false
Sep 24 01:19:49.460 INF API: test started suite=0 test=351 name="interop/raw-nonce-high (reth_development)"
Sep 24 01:19:49.462 INF API: test ended suite=0 test=351 pass=false
Sep 24 01:19:49.463 INF API: test started suite=0 test=352 name="interop/raw-valid-stateDiff (reth_development)"
Sep 24 01:19:49.465 INF API: test ended suite=0 test=352 pass=false
Sep 24 01:19:49.466 INF API: test started suite=0 test=353 name="interop/raw-valid-trace (reth_development)"
Sep 24 01:19:49.468 INF API: test ended suite=0 test=353 pass=false
Sep 24 01:19:49.468 INF API: test started suite=0 test=354 name="interop/raw-valid-vmTrace (reth_development)"
Sep 24 01:19:49.470 INF API: test ended suite=0 test=354 pass=false
Sep 24 01:19:49.471 INF API: test started suite=0 test=355 name="interop/raw-valid (reth_development)"
Sep 24 01:19:49.473 INF API: test ended suite=0 test=355 pass=false
Sep 24 01:19:49.473 INF API: test started suite=0 test=356 name="interop/raw-wrong-chain-stateDiff (reth_development)"
Sep 24 01:19:49.475 INF API: test ended suite=0 test=356 pass=false
Sep 24 01:19:49.476 INF API: test started suite=0 test=357 name="interop/raw-wrong-chain-trace (reth_development)"
Sep 24 01:19:49.477 INF API: test ended suite=0 test=357 pass=false
Sep 24 01:19:49.478 INF API: test started suite=0 test=358 name="interop/raw-wrong-chain-vmTrace (reth_development)"
Sep 24 01:19:49.479 INF API: test ended suite=0 test=358 pass=false
Sep 24 01:19:49.481 INF API: test started suite=0 test=359 name="interop/raw-wrong-chain (reth_development)"
Sep 24 01:19:49.483 INF API: test ended suite=0 test=359 pass=false
Sep 24 01:19:49.483 INF API: test started suite=0 test=360 name="interop/state-only-nonempty-output (reth_development)"
Sep 24 01:19:49.486 INF API: test ended suite=0 test=360 pass=false
Sep 24 01:19:49.691 INF API: test ended suite=0 test=316 pass=true
Sep 24 01:19:49.693 INF API: test started suite=0 test=361 name="client launch (reth_release)"
Sep 24 01:19:51.365 INF API: client reth_release started suite=0 test=361 container=633ffc7f
Sep 24 01:19:51.375 INF API: test started suite=0 test=362 name="interop/_control/head (reth_release)"
Sep 24 01:19:51.378 INF API: test ended suite=0 test=362 pass=false
Sep 24 01:19:51.378 INF API: test started suite=0 test=363 name="interop/_control/latest (reth_release)"
Sep 24 01:19:51.380 INF API: test ended suite=0 test=363 pass=false
Sep 24 01:19:51.381 INF API: test started suite=0 test=364 name="interop/_control/version (reth_release)"
Sep 24 01:19:51.383 INF API: test ended suite=0 test=364 pass=false
Sep 24 01:19:51.383 INF API: test started suite=0 test=365 name="interop/auth-clear (reth_release)"
Sep 24 01:19:51.386 INF API: test ended suite=0 test=365 pass=false
Sep 24 01:19:51.387 INF API: test started suite=0 test=366 name="interop/auth-set-revert (reth_release)"
Sep 24 01:19:51.389 INF API: test ended suite=0 test=366 pass=false
Sep 24 01:19:51.390 INF API: test started suite=0 test=367 name="interop/call-gas7400 (reth_release)"
Sep 24 01:19:51.398 INF API: test ended suite=0 test=367 pass=false
Sep 24 01:19:51.399 INF API: test started suite=0 test=368 name="interop/call-mcopy (reth_release)"
Sep 24 01:19:51.401 INF API: test ended suite=0 test=368 pass=false
Sep 24 01:19:51.402 INF API: test started suite=0 test=369 name="interop/call-mixed-create (reth_release)"
Sep 24 01:19:51.405 INF API: test ended suite=0 test=369 pass=false
Sep 24 01:19:51.406 INF API: test started suite=0 test=370 name="interop/call-return42 (reth_release)"
Sep 24 01:19:51.407 INF API: test ended suite=0 test=370 pass=false
Sep 24 01:19:51.408 INF API: test started suite=0 test=371 name="interop/call-siblings-revert-ok (reth_release)"
Sep 24 01:19:51.412 INF API: test ended suite=0 test=371 pass=false
Sep 24 01:19:51.414 INF API: test started suite=0 test=372 name="interop/constructor (reth_release)"
Sep 24 01:19:51.417 INF API: test ended suite=0 test=372 pass=false
Sep 24 01:19:51.418 INF API: test started suite=0 test=373 name="interop/control-code-gas7400 (reth_release)"
Sep 24 01:19:51.419 INF API: test ended suite=0 test=373 pass=false
Sep 24 01:19:51.419 INF API: test started suite=0 test=374 name="interop/control-code-siblings-revert-ok (reth_release)"
Sep 24 01:19:51.421 INF API: test ended suite=0 test=374 pass=false
Sep 24 01:19:51.421 INF API: test started suite=0 test=375 name="interop/control-head (reth_release)"
Sep 24 01:19:51.423 INF API: test ended suite=0 test=375 pass=false
Sep 24 01:19:51.423 INF API: test started suite=0 test=376 name="interop/control-height (reth_release)"
Sep 24 01:19:51.424 INF API: test ended suite=0 test=376 pass=false
Sep 24 01:19:51.425 INF API: test started suite=0 test=377 name="interop/debug-gas7400-opcodes (reth_release)"
Sep 24 01:19:51.428 INF API: test ended suite=0 test=377 pass=false
Sep 24 01:19:51.429 INF API: test started suite=0 test=378 name="interop/debug-mixed-create (reth_release)"
Sep 24 01:19:51.431 INF API: test ended suite=0 test=378 pass=false
Sep 24 01:19:51.431 INF API: test started suite=0 test=379 name="interop/debug-siblings-revert-ok (reth_release)"
Sep 24 01:19:51.434 INF API: test ended suite=0 test=379 pass=false
Sep 24 01:19:51.435 INF API: test started suite=0 test=380 name="interop/many-storage-write-revert-read (reth_release)"
Sep 24 01:19:51.436 INF API: test ended suite=0 test=380 pass=false
Sep 24 01:19:51.437 INF API: test started suite=0 test=381 name="interop/raw-below-basefee-stateDiff (reth_release)"
Sep 24 01:19:51.438 INF API: test ended suite=0 test=381 pass=false
Sep 24 01:19:51.439 INF API: test started suite=0 test=382 name="interop/raw-below-basefee-trace (reth_release)"
Sep 24 01:19:51.442 INF API: test ended suite=0 test=382 pass=false
Sep 24 01:19:51.442 INF API: test started suite=0 test=383 name="interop/raw-below-basefee-vmTrace (reth_release)"
Sep 24 01:19:51.444 INF API: test ended suite=0 test=383 pass=false
Sep 24 01:19:51.445 INF API: test started suite=0 test=384 name="interop/raw-below-basefee (reth_release)"
Sep 24 01:19:51.446 INF API: test ended suite=0 test=384 pass=false
Sep 24 01:19:51.447 INF API: test started suite=0 test=385 name="interop/raw-insufficient-funds-stateDiff (reth_release)"
Sep 24 01:19:51.449 INF API: test ended suite=0 test=385 pass=false
Sep 24 01:19:51.450 INF API: test started suite=0 test=386 name="interop/raw-insufficient-funds-trace (reth_release)"
Sep 24 01:19:51.451 INF API: test ended suite=0 test=386 pass=false
Sep 24 01:19:51.452 INF API: test started suite=0 test=387 name="interop/raw-insufficient-funds-vmTrace (reth_release)"
Sep 24 01:19:51.454 INF API: test ended suite=0 test=387 pass=false
Sep 24 01:19:51.455 INF API: test started suite=0 test=388 name="interop/raw-insufficient-funds (reth_release)"
Sep 24 01:19:51.457 INF API: test ended suite=0 test=388 pass=false
Sep 24 01:19:51.457 INF API: test started suite=0 test=389 name="interop/raw-low-gas-stateDiff (reth_release)"
Sep 24 01:19:51.461 INF API: test ended suite=0 test=389 pass=false
Sep 24 01:19:51.461 INF API: test started suite=0 test=390 name="interop/raw-low-gas-trace (reth_release)"
Sep 24 01:19:51.464 INF API: test ended suite=0 test=390 pass=false
Sep 24 01:19:51.464 INF API: test started suite=0 test=391 name="interop/raw-low-gas-vmTrace (reth_release)"
Sep 24 01:19:51.466 INF API: test ended suite=0 test=391 pass=false
Sep 24 01:19:51.467 INF API: test started suite=0 test=392 name="interop/raw-low-gas (reth_release)"
Sep 24 01:19:51.469 INF API: test ended suite=0 test=392 pass=false
Sep 24 01:19:51.470 INF API: test started suite=0 test=393 name="interop/raw-nonce-high-stateDiff (reth_release)"
Sep 24 01:19:51.472 INF API: test ended suite=0 test=393 pass=false
Sep 24 01:19:51.472 INF API: test started suite=0 test=394 name="interop/raw-nonce-high-trace (reth_release)"
Sep 24 01:19:51.473 INF API: test ended suite=0 test=394 pass=false
Sep 24 01:19:51.474 INF API: test started suite=0 test=395 name="interop/raw-nonce-high-vmTrace (reth_release)"
Sep 24 01:19:51.476 INF API: test ended suite=0 test=395 pass=false
Sep 24 01:19:51.477 INF API: test started suite=0 test=396 name="interop/raw-nonce-high (reth_release)"
Sep 24 01:19:51.478 INF API: test ended suite=0 test=396 pass=false
Sep 24 01:19:51.479 INF API: test started suite=0 test=397 name="interop/raw-valid-stateDiff (reth_release)"
Sep 24 01:19:51.481 INF API: test ended suite=0 test=397 pass=false
Sep 24 01:19:51.482 INF API: test started suite=0 test=398 name="interop/raw-valid-trace (reth_release)"
Sep 24 01:19:51.483 INF API: test ended suite=0 test=398 pass=false
Sep 24 01:19:51.484 INF API: test started suite=0 test=399 name="interop/raw-valid-vmTrace (reth_release)"
Sep 24 01:19:51.486 INF API: test ended suite=0 test=399 pass=false
Sep 24 01:19:51.487 INF API: test started suite=0 test=400 name="interop/raw-valid (reth_release)"
Sep 24 01:19:51.489 INF API: test ended suite=0 test=400 pass=false
Sep 24 01:19:51.489 INF API: test started suite=0 test=401 name="interop/raw-wrong-chain-stateDiff (reth_release)"
Sep 24 01:19:51.491 INF API: test ended suite=0 test=401 pass=false
Sep 24 01:19:51.492 INF API: test started suite=0 test=402 name="interop/raw-wrong-chain-trace (reth_release)"
Sep 24 01:19:51.493 INF API: test ended suite=0 test=402 pass=false
Sep 24 01:19:51.494 INF API: test started suite=0 test=403 name="interop/raw-wrong-chain-vmTrace (reth_release)"
Sep 24 01:19:51.496 INF API: test ended suite=0 test=403 pass=false
Sep 24 01:19:51.497 INF API: test started suite=0 test=404 name="interop/raw-wrong-chain (reth_release)"
Sep 24 01:19:51.498 INF API: test ended suite=0 test=404 pass=false
Sep 24 01:19:51.499 INF API: test started suite=0 test=405 name="interop/state-only-nonempty-output (reth_release)"
Sep 24 01:19:51.501 INF API: test ended suite=0 test=405 pass=false
Sep 24 01:19:51.714 INF API: test ended suite=0 test=361 pass=true
Sep 24 01:19:51.724 INF API: suite ended suite=0
Sep 24 01:19:52.060 INF simulation ethereum/rpc-compat finished suites=1 tests=405 failed=396
396 tests failed
