2026-09-21T16:59:11.740130Z  INFO reth init starting
2026-09-21T16:59:11.740638Z  INFO Opening storage db_path="/reth-hive-datadir/db" sf_path="/reth-hive-datadir/static_files"
2026-09-21T16:59:12.167603Z  INFO check_consistency{read_only=false}: Verifying storage consistency.
2026-09-21T16:59:13.585612Z  INFO Genesis block written hash=0xcf99eb0a280bf38e32a54b8cb1d4403fd277ef7b4ff1836b6b2dc3d8d098e409
+ FLAGS=' -vvv --datadir /reth-hive-datadir --chain /genesis.json'
+ set +ex
Loading initial blockchain...
2026-09-21T16:59:13.679964Z  INFO Initialized tracing, debug log directory: /root/.cache/reth/logs/3503995874084926
2026-09-21T16:59:13.685079Z  INFO reth 2.5.2 (03cb186) starting
2026-09-21T16:59:13.685500Z  INFO Opening storage db_path="/reth-hive-datadir/db" sf_path="/reth-hive-datadir/static_files"
2026-09-21T16:59:13.727651Z  INFO check_consistency{read_only=false}: Verifying storage consistency.
2026-09-21T16:59:13.754258Z  INFO Starting import of 1 file(s)
2026-09-21T16:59:13.754272Z  INFO Importing file 1 of 1: /chain.rlp
2026-09-21T16:59:13.754298Z  INFO Consensus engine initialized
2026-09-21T16:59:13.756271Z  INFO Importing chain file chunk
2026-09-21T16:59:13.756384Z  INFO Chain file chunk read
2026-09-21T16:59:13.756652Z  INFO Downloading bodies count=72 range=1..=72
2026-09-21T16:59:13.756716Z  INFO Starting sync pipeline
2026-09-21T16:59:13.756767Z  INFO Preparing stage pipeline_stages=1/13 stage=Headers checkpoint=0 target=72
2026-09-21T16:59:13.758987Z  INFO Received headers total=72 from_block=72 to_block=1
2026-09-21T16:59:13.759081Z  INFO Writing headers total=72
2026-09-21T16:59:13.759099Z  INFO Executing stage pipeline_stages=1/13 stage=Headers checkpoint=0 target=72
2026-09-21T16:59:13.759817Z  INFO Writing headers hash index total=72
2026-09-21T16:59:13.766145Z  INFO Finished stage pipeline_stages=1/13 stage=Headers checkpoint=72 target=72 stage_progress=100.00%
2026-09-21T16:59:13.766181Z  INFO Preparing stage pipeline_stages=2/13 stage=Bodies checkpoint=0 target=72
2026-09-21T16:59:13.767052Z  INFO Executing stage pipeline_stages=2/13 stage=Bodies checkpoint=0 target=72
2026-09-21T16:59:13.774995Z  INFO Finished stage pipeline_stages=2/13 stage=Bodies checkpoint=72 target=72 stage_progress=100.00%
2026-09-21T16:59:13.775012Z  INFO Preparing stage pipeline_stages=3/13 stage=SenderRecovery checkpoint=0 target=72
2026-09-21T16:59:13.775017Z  INFO Executing stage pipeline_stages=3/13 stage=SenderRecovery checkpoint=0 target=72
2026-09-21T16:59:13.775022Z  INFO Recovering senders tx_range=0..175
2026-09-21T16:59:13.788719Z  INFO Finished stage pipeline_stages=3/13 stage=SenderRecovery checkpoint=72 target=72 stage_progress=0.00%
2026-09-21T16:59:13.788737Z  INFO Preparing stage pipeline_stages=4/13 stage=Execution checkpoint=0 target=72
2026-09-21T16:59:13.788763Z  INFO Executing stage pipeline_stages=4/13 stage=Execution checkpoint=0 target=72
2026-09-21T16:59:13.816967Z  INFO Stage is always skipped
2026-09-21T16:59:13.816963Z  INFO Finished stage pipeline_stages=4/13 stage=Execution checkpoint=72 target=72 stage_progress=100.00%
2026-09-21T16:59:13.816984Z  INFO Preparing stage pipeline_stages=5/13 stage=MerkleUnwind checkpoint=0 target=72
2026-09-21T16:59:13.816990Z  INFO Executing stage pipeline_stages=5/13 stage=MerkleUnwind checkpoint=0 target=72
2026-09-21T16:59:13.818128Z  INFO Finished stage pipeline_stages=5/13 stage=MerkleUnwind checkpoint=72 target=72
2026-09-21T16:59:13.818138Z  INFO Preparing stage pipeline_stages=6/13 stage=AccountHashing checkpoint=0 target=72
2026-09-21T16:59:13.818142Z  INFO Executing stage pipeline_stages=6/13 stage=AccountHashing checkpoint=0 target=72
2026-09-21T16:59:13.819809Z  INFO Finished stage pipeline_stages=6/13 stage=AccountHashing checkpoint=72 target=72
2026-09-21T16:59:13.819817Z  INFO Preparing stage pipeline_stages=7/13 stage=StorageHashing checkpoint=0 target=72
2026-09-21T16:59:13.819820Z  INFO Executing stage pipeline_stages=7/13 stage=StorageHashing checkpoint=0 target=72
2026-09-21T16:59:13.820885Z  INFO Finished stage pipeline_stages=7/13 stage=StorageHashing checkpoint=72 target=72
2026-09-21T16:59:13.820897Z  INFO Preparing stage pipeline_stages=8/13 stage=MerkleExecute checkpoint=0 target=72
2026-09-21T16:59:13.820901Z  INFO Executing stage pipeline_stages=8/13 stage=MerkleExecute checkpoint=0 target=72
2026-09-21T16:59:13.822950Z  INFO Updating transaction lookup tx_range=0..=72
2026-09-21T16:59:13.822958Z  INFO Finished stage pipeline_stages=8/13 stage=MerkleExecute checkpoint=72 target=72 stage_progress=100.00%
2026-09-21T16:59:13.822966Z  INFO Calculating transaction hashes tx_range=0..175
2026-09-21T16:59:13.822974Z  INFO Preparing stage pipeline_stages=9/13 stage=TransactionLookup checkpoint=0 target=72
2026-09-21T16:59:13.822981Z  INFO Executing stage pipeline_stages=9/13 stage=TransactionLookup checkpoint=0 target=72
2026-09-21T16:59:13.823397Z  INFO Inserting hashes append_only=true progress=9.71%
2026-09-21T16:59:13.823416Z  INFO Inserting hashes append_only=true progress=19.43%
2026-09-21T16:59:13.823421Z  INFO Inserting hashes append_only=true progress=29.14%
2026-09-21T16:59:13.823426Z  INFO Inserting hashes append_only=true progress=38.86%
2026-09-21T16:59:13.823438Z  INFO Inserting hashes append_only=true progress=48.57%
2026-09-21T16:59:13.823447Z  INFO Inserting hashes append_only=true progress=58.29%
2026-09-21T16:59:13.823454Z  INFO Inserting hashes append_only=true progress=68.00%
2026-09-21T16:59:13.823463Z  INFO Inserting hashes append_only=true progress=77.71%
2026-09-21T16:59:13.823472Z  INFO Inserting hashes append_only=true progress=87.43%
2026-09-21T16:59:13.823481Z  INFO Inserting hashes append_only=true progress=97.14%
2026-09-21T16:59:13.831023Z  INFO Finished stage pipeline_stages=9/13 stage=TransactionLookup checkpoint=72 target=72 stage_progress=0.00%
2026-09-21T16:59:13.831035Z  INFO Preparing stage pipeline_stages=10/13 stage=IndexStorageHistory checkpoint=0 target=72
2026-09-21T16:59:13.831039Z  INFO Executing stage pipeline_stages=10/13 stage=IndexStorageHistory checkpoint=0 target=72
2026-09-21T16:59:13.831071Z  INFO Collecting indices first_sync=true use_rocksdb=true
2026-09-21T16:59:13.831231Z  INFO Loading indices into database
2026-09-21T16:59:13.831398Z  INFO Writing indices progress=9.85%
2026-09-21T16:59:13.831412Z  INFO Writing indices progress=19.70%
2026-09-21T16:59:13.831421Z  INFO Writing indices progress=29.55%
2026-09-21T16:59:13.831434Z  INFO Writing indices progress=39.39%
2026-09-21T16:59:13.831443Z  INFO Writing indices progress=49.24%
2026-09-21T16:59:13.831452Z  INFO Writing indices progress=59.09%
2026-09-21T16:59:13.831461Z  INFO Writing indices progress=68.94%
2026-09-21T16:59:13.831471Z  INFO Writing indices progress=78.79%
2026-09-21T16:59:13.831480Z  INFO Writing indices progress=88.64%
2026-09-21T16:59:13.831489Z  INFO Writing indices progress=98.48%
2026-09-21T16:59:13.840909Z  INFO Finished stage pipeline_stages=10/13 stage=IndexStorageHistory checkpoint=72 target=72
2026-09-21T16:59:13.840927Z  INFO Preparing stage pipeline_stages=11/13 stage=IndexAccountHistory checkpoint=0 target=72
2026-09-21T16:59:13.840938Z  INFO Executing stage pipeline_stages=11/13 stage=IndexAccountHistory checkpoint=0 target=72
2026-09-21T16:59:13.841001Z  INFO Collecting indices first_sync=true use_rocksdb=true
2026-09-21T16:59:13.841192Z  INFO Loading indices into database
2026-09-21T16:59:13.841350Z  INFO Writing indices progress=9.80%
2026-09-21T16:59:13.841361Z  INFO Writing indices progress=19.61%
2026-09-21T16:59:13.841366Z  INFO Writing indices progress=29.41%
2026-09-21T16:59:13.841372Z  INFO Writing indices progress=39.22%
2026-09-21T16:59:13.841378Z  INFO Writing indices progress=49.02%
2026-09-21T16:59:13.841385Z  INFO Writing indices progress=58.82%
2026-09-21T16:59:13.841392Z  INFO Writing indices progress=68.63%
2026-09-21T16:59:13.841404Z  INFO Writing indices progress=78.43%
2026-09-21T16:59:13.841411Z  INFO Writing indices progress=88.24%
2026-09-21T16:59:13.841419Z  INFO Writing indices progress=98.04%
2026-09-21T16:59:13.850124Z  INFO Finished stage pipeline_stages=11/13 stage=IndexAccountHistory checkpoint=72 target=72
2026-09-21T16:59:13.850140Z  INFO Preparing stage pipeline_stages=12/13 stage=Prune checkpoint=0 target=72
2026-09-21T16:59:13.850143Z  INFO Executing stage pipeline_stages=12/13 stage=Prune checkpoint=0 target=72
2026-09-21T16:59:13.851518Z  INFO Finished stage pipeline_stages=12/13 stage=Prune checkpoint=72 target=72
2026-09-21T16:59:13.851523Z  INFO Preparing stage pipeline_stages=13/13 stage=Finish checkpoint=0 target=72
2026-09-21T16:59:13.851539Z  INFO Executing stage pipeline_stages=13/13 stage=Finish checkpoint=0 target=72
2026-09-21T16:59:13.852630Z  INFO Finished stage pipeline_stages=13/13 stage=Finish checkpoint=72 target=72
2026-09-21T16:59:13.852749Z  INFO Chain was fully imported total_imported_blocks=72 total_imported_txns=175
2026-09-21T16:59:13.852775Z  INFO Successfully imported file /chain.rlp: 72 blocks, 175 transactions
2026-09-21T16:59:13.852780Z  INFO Import complete. Total: 72/72 blocks, 175/175 transactions
Loading remaining individual blocks...
Warning: No blocks found.
Running reth with flags:  -vvv --datadir /reth-hive-datadir --chain /genesis.json --network-id=3503995874084926 --builder.gaslimit 60000000 --http --http.addr=0.0.0.0 --http.api=admin,debug,trace,eth,net,txpool,web3,testing --ws --ws.addr=0.0.0.0 --ws.api=admin,debug,trace,eth,net,txpool,web3,testing --rpc.compute-state-root-for-eth-simulate --authrpc.addr=0.0.0.0 --authrpc.jwtsecret=/jwt.secret --nat none --block-interval 500000 --debug.startup-sync-state-idle
2026-09-21T16:59:13.891147Z  INFO reth::cli: Initialized tracing, debug log directory: /root/.cache/reth/logs/3503995874084926
2026-09-21T16:59:13.892707Z  INFO reth::cli: Starting Reth version="2.5.2 (03cb186)"
2026-09-21T16:59:13.892736Z  INFO reth::cli: Opening database path="/reth-hive-datadir/db"
2026-09-21T16:59:13.898120Z  INFO reth::cli: Launching node
2026-09-21T16:59:13.899641Z  INFO reth::cli: Saving prune config to toml file
2026-09-21T16:59:13.899759Z  INFO reth::cli: Configuration loaded path="/reth-hive-datadir/reth.toml"
2026-09-21T16:59:13.933303Z  INFO check_consistency: reth::cli: Healing static file inconsistencies.
2026-09-21T16:59:13.959088Z  INFO check_consistency:check_consistency{read_only=false}: reth::cli: Verifying storage consistency.
2026-09-21T16:59:13.959423Z  INFO reth::cli: Database opened
2026-09-21T16:59:13.959538Z  INFO reth::cli: 
Pre-merge hard forks (block based):
- Frontier                         @0
- Homestead                        @0
- Tangerine                        @4
- SpuriousDragon                   @8
- Byzantium                        @12
- Constantinople                   @16
- Petersburg                       @20
- Istanbul                         @24
- MuirGlacier                      @28
- Berlin                           @32
- London                           @36
- ArrowGlacier                     @40
- GrayGlacier                      @44
Merge hard forks:
- Paris                            @6329152 (network is known to be merged)
Post-merge hard forks (timestamp based):
- Shanghai                         @520
- Cancun                           @560          blob: (target: 3, max: 6, fraction: 3338477)
- Prague                           @600          blob: (target: 6, max: 9, fraction: 5007716)
2026-09-21T16:59:13.959566Z  INFO reth::cli: Loaded storage settings settings=StorageSettings { storage_v2: true } pruning_mode="custom"
2026-09-21T16:59:13.960821Z  INFO reth::cli: Transaction pool initialized
2026-09-21T16:59:13.999185Z  INFO reth::cli: P2P networking initialized enode=enode://38728ffc630d0ce796605fa0d912c9c74a7327906b8cdbc067311ee237728213be0649e7bed91cb56b98679244e269b23c7a40238afcd949d7999b93523914eb@0.0.0.0:30303
2026-09-21T16:59:13.999642Z  INFO reth::cli: StaticFileProducer initialized
2026-09-21T16:59:13.999975Z  INFO reth::cli: Pruner initialized prune_config=PruneConfig { block_interval: 500000, segments: PruneModes { sender_recovery: None, transaction_lookup: None, receipts: None, account_history: None, storage_history: None, bodies_history: None, receipts_log_filter: ReceiptsLogPruneConfig({}) }, minimum_pruning_distance: 10064 }
2026-09-21T16:59:14.000818Z  INFO reth::cli: Consensus engine initialized
2026-09-21T16:59:14.000923Z  INFO reth::cli: Engine API handler initialized
2026-09-21T16:59:14.003104Z  INFO reth::cli: RPC auth server started url=0.0.0.0:8551
2026-09-21T16:59:14.004646Z  INFO reth::cli: RPC IPC server started path=/tmp/reth.ipc
2026-09-21T16:59:14.004668Z  INFO reth::cli: RPC HTTP server started url=0.0.0.0:8545
2026-09-21T16:59:14.004677Z  INFO reth::cli: RPC WS server started url=0.0.0.0:8546
2026-09-21T16:59:14.005173Z  INFO reth::cli: Starting consensus engine
2026-09-21T16:59:14.005507Z  INFO reth_node_events::node: Preparing stage pipeline_stages=1/13 stage=Headers checkpoint=72 target=None
2026-09-21T16:59:14.005513Z  INFO sync::stages::headers: Target block already reached checkpoint=72 target=Hash(0xb3ba0330884cb90c46699588aab05619155565a21fecf9b9f9482693556f2316)
2026-09-21T16:59:14.005614Z  INFO reth_node_events::node: Executing stage pipeline_stages=1/13 stage=Headers checkpoint=72 target=None
2026-09-21T16:59:14.005745Z  INFO reth_node_events::node: Finished stage pipeline_stages=1/13 stage=Headers checkpoint=72 target=None stage_progress=100.00%
2026-09-21T16:59:14.005755Z  INFO reth_node_events::node: Preparing stage pipeline_stages=2/13 stage=Bodies checkpoint=72 target=72
2026-09-21T16:59:14.005762Z  INFO reth_node_events::node: Executing stage pipeline_stages=2/13 stage=Bodies checkpoint=72 target=72
2026-09-21T16:59:14.005803Z  INFO reth_node_events::node: Finished stage pipeline_stages=2/13 stage=Bodies checkpoint=72 target=72 stage_progress=100.00%
2026-09-21T16:59:14.005812Z  INFO reth_node_events::node: Preparing stage pipeline_stages=3/13 stage=SenderRecovery checkpoint=72 target=72
2026-09-21T16:59:14.005818Z  INFO reth_node_events::node: Executing stage pipeline_stages=3/13 stage=SenderRecovery checkpoint=72 target=72
2026-09-21T16:59:14.005860Z  INFO reth_node_events::node: Finished stage pipeline_stages=3/13 stage=SenderRecovery checkpoint=72 target=72 stage_progress=0.00%
2026-09-21T16:59:14.005868Z  INFO reth_node_events::node: Preparing stage pipeline_stages=4/13 stage=Execution checkpoint=72 target=72
2026-09-21T16:59:14.005874Z  INFO reth_node_events::node: Executing stage pipeline_stages=4/13 stage=Execution checkpoint=72 target=72
2026-09-21T16:59:14.005965Z  INFO sync::stages::merkle::unwind: Stage is always skipped
2026-09-21T16:59:14.005939Z  INFO reth_node_events::node: Finished stage pipeline_stages=4/13 stage=Execution checkpoint=72 target=72 stage_progress=100.00%
2026-09-21T16:59:14.005982Z  INFO reth_node_events::node: Preparing stage pipeline_stages=5/13 stage=MerkleUnwind checkpoint=72 target=72
2026-09-21T16:59:14.005988Z  INFO reth_node_events::node: Executing stage pipeline_stages=5/13 stage=MerkleUnwind checkpoint=72 target=72
2026-09-21T16:59:14.006036Z  INFO reth_node_events::node: Finished stage pipeline_stages=5/13 stage=MerkleUnwind checkpoint=72 target=72
2026-09-21T16:59:14.006043Z  INFO reth_node_events::node: Preparing stage pipeline_stages=6/13 stage=AccountHashing checkpoint=72 target=72
2026-09-21T16:59:14.006070Z  INFO reth_node_events::node: Executing stage pipeline_stages=6/13 stage=AccountHashing checkpoint=72 target=72
2026-09-21T16:59:14.006123Z  INFO reth_node_events::node: Finished stage pipeline_stages=6/13 stage=AccountHashing checkpoint=72 target=72
2026-09-21T16:59:14.006131Z  INFO reth_node_events::node: Preparing stage pipeline_stages=7/13 stage=StorageHashing checkpoint=72 target=72
2026-09-21T16:59:14.006148Z  INFO reth_node_events::node: Executing stage pipeline_stages=7/13 stage=StorageHashing checkpoint=72 target=72
2026-09-21T16:59:14.006198Z  INFO reth_node_events::node: Finished stage pipeline_stages=7/13 stage=StorageHashing checkpoint=72 target=72
2026-09-21T16:59:14.006206Z  INFO reth_node_events::node: Preparing stage pipeline_stages=8/13 stage=MerkleExecute checkpoint=72 target=72
2026-09-21T16:59:14.006218Z  INFO reth_node_events::node: Executing stage pipeline_stages=8/13 stage=MerkleExecute checkpoint=72 target=72
2026-09-21T16:59:14.006326Z  INFO reth_node_events::node: Finished stage pipeline_stages=8/13 stage=MerkleExecute checkpoint=72 target=72 stage_progress=100.00%
2026-09-21T16:59:14.006335Z  INFO reth_node_events::node: Preparing stage pipeline_stages=9/13 stage=TransactionLookup checkpoint=72 target=72
2026-09-21T16:59:14.006360Z  INFO reth_node_events::node: Executing stage pipeline_stages=9/13 stage=TransactionLookup checkpoint=72 target=72
2026-09-21T16:59:14.006441Z  INFO reth_node_events::node: Finished stage pipeline_stages=9/13 stage=TransactionLookup checkpoint=72 target=72 stage_progress=0.00%
2026-09-21T16:59:14.006465Z  INFO reth_node_events::node: Preparing stage pipeline_stages=10/13 stage=IndexStorageHistory checkpoint=72 target=72
2026-09-21T16:59:14.006503Z  INFO reth_node_events::node: Executing stage pipeline_stages=10/13 stage=IndexStorageHistory checkpoint=72 target=72
2026-09-21T16:59:14.006543Z  INFO reth_node_events::node: Finished stage pipeline_stages=10/13 stage=IndexStorageHistory checkpoint=72 target=72
2026-09-21T16:59:14.006553Z  INFO reth_node_events::node: Preparing stage pipeline_stages=11/13 stage=IndexAccountHistory checkpoint=72 target=72
2026-09-21T16:59:14.006570Z  INFO reth_node_events::node: Executing stage pipeline_stages=11/13 stage=IndexAccountHistory checkpoint=72 target=72
2026-09-21T16:59:14.006644Z  INFO reth_node_events::node: Finished stage pipeline_stages=11/13 stage=IndexAccountHistory checkpoint=72 target=72
2026-09-21T16:59:14.006652Z  INFO reth_node_events::node: Preparing stage pipeline_stages=12/13 stage=Prune checkpoint=72 target=72
2026-09-21T16:59:14.006710Z  INFO reth_node_events::node: Executing stage pipeline_stages=12/13 stage=Prune checkpoint=72 target=72
2026-09-21T16:59:14.006900Z  INFO reth_node_events::node: Finished stage pipeline_stages=12/13 stage=Prune checkpoint=72 target=72
2026-09-21T16:59:14.006910Z  INFO reth_node_events::node: Preparing stage pipeline_stages=13/13 stage=Finish checkpoint=72 target=72
2026-09-21T16:59:14.006920Z  INFO reth_node_events::node: Executing stage pipeline_stages=13/13 stage=Finish checkpoint=72 target=72
2026-09-21T16:59:14.006991Z  INFO reth_node_events::node: Finished stage pipeline_stages=13/13 stage=Finish checkpoint=72 target=72
2026-09-21T16:59:14.041098Z  INFO reth_node_events::node: Forkchoice updated head_block_hash=0xb3ba0330884cb90c46699588aab05619155565a21fecf9b9f9482693556f2316 safe_block_hash=0xb3ba0330884cb90c46699588aab05619155565a21fecf9b9f9482693556f2316 finalized_block_hash=0xc838e291267cb5ce27dd44cd30e91eade7d3d97ee9d19805453f8f0c18b297c8
