Sep 23 03:04:40.256 INF building image image=hive/hiveproxy nocache=false pull=false
Sep 23 03:04:40.345 INF building 8 clients...
Sep 23 03:04:40.345 INF building image image=hive/clients/besu_development:latest dir=clients/besu nocache=false pull=false baseimage=trace-interop/besu tag=a85249905183f65c98c9e8c282955e40487c4ff8af8db8b8e306d58292231744
Sep 23 03:04:40.468 INF building image image=hive/clients/besu_release:latest dir=clients/besu nocache=false pull=false baseimage=trace-interop/besu tag=f3713c713ca4f9e89c09e1478d2a85116ba9ce8343129d709420ba2af009598b
Sep 23 03:04:40.594 INF building image image=hive/clients/erigon_development:latest dir=clients/erigon nocache=false pull=false baseimage=trace-interop/erigon tag=8269576669f1b4a55572ee7d1a7e4489244cd57bb545293391d1ebd5e0fac002
Sep 23 03:04:40.715 INF building image image=hive/clients/erigon_release:latest dir=clients/erigon nocache=false pull=false baseimage=trace-interop/erigon tag=8668d9c5adc01ad1d12aa25380e384079080bdde7e0ce93f11bed422d82ca0ac
Sep 23 03:05:33.288 INF building image image=hive/clients/nethermind_development:latest dir=clients/nethermind nocache=false pull=false baseimage=trace-interop/nethermind tag=e68f6cd253c312443b306b7e1e61381a38fd174dd16fe7e9bc55487245718182
Sep 23 03:05:33.431 INF building image image=hive/clients/nethermind_release:latest dir=clients/nethermind nocache=false pull=false baseimage=trace-interop/nethermind tag=a5098d75bfa8d4da1992ba8404b357fde6d53241315396e26b88e16e5f67bb59
Sep 23 03:05:33.573 INF building image image=hive/clients/reth_development:latest dir=clients/reth nocache=false pull=false baseimage=trace-interop/reth tag=1d6a97ef686d7c6099c5426c77334ca5891ce5d362fe5f3049ac2ea0df76de86
Sep 23 03:05:33.696 INF building image image=hive/clients/reth_release:latest dir=clients/reth nocache=false pull=false baseimage=trace-interop/reth tag=e939dc4a471d9d27224e430f607a954d692ca5037a1350ee2036397d14532ca7
Sep 23 03:05:33.836 INF building 1 simulators...
Sep 23 03:05:33.836 INF building image image=hive/simulators/ethereum/rpc-compat:latest dir=simulators/ethereum/rpc-compat nocache=false pull=false
Sep 23 03:05:34.297 INF creating output directory folder=/home/banteg/dev/trace-harness-audit/evidence/2026-09-23/harness-audit-native-fork-followup/hive
Sep 23 03:05:34.305 INF running simulation: ethereum/rpc-compat
Sep 23 03:05:34.630 INF hiveproxy started container=e88a3a66b00d addr=172.17.0.2:8081
Sep 23 03:05:34.969 INF API: suite started suite=0 name=rpc-compat
Sep 23 03:05:34.970 INF API: test started suite=0 test=1 name="client launch (besu_development)"
Sep 23 03:05:44.815 INF API: client besu_development started suite=0 test=1 container=7a90a908
Sep 23 03:05:45.093 INF API: test started suite=0 test=2 name="interop/_control/head (besu_development)"
Sep 23 03:05:45.112 INF API: test ended suite=0 test=2 pass=false
Sep 23 03:05:45.114 INF API: test started suite=0 test=3 name="interop/_control/latest (besu_development)"
Sep 23 03:05:45.133 INF API: test ended suite=0 test=3 pass=false
Sep 23 03:05:45.134 INF API: test started suite=0 test=4 name="interop/_control/version (besu_development)"
Sep 23 03:05:45.148 INF API: test ended suite=0 test=4 pass=false
Sep 23 03:05:45.149 INF API: test started suite=0 test=5 name="interop/beacon-call-55 (besu_development)"
Sep 23 03:05:45.233 INF API: test ended suite=0 test=5 pass=false
Sep 23 03:05:45.234 INF API: test started suite=0 test=6 name="interop/beacon-call-56 (besu_development)"
Sep 23 03:05:45.252 INF API: test ended suite=0 test=6 pass=false
Sep 23 03:05:45.253 INF API: test started suite=0 test=7 name="interop/control-head (besu_development)"
Sep 23 03:05:45.269 INF API: test ended suite=0 test=7 pass=false
Sep 23 03:05:45.270 INF API: test started suite=0 test=8 name="interop/destroy-trace-55 (besu_development)"
Sep 23 03:05:45.308 INF API: test ended suite=0 test=8 pass=false
Sep 23 03:05:45.309 INF API: test started suite=0 test=9 name="interop/destroy-trace-56 (besu_development)"
Sep 23 03:05:45.328 INF API: test ended suite=0 test=9 pass=false
Sep 23 03:05:45.329 INF API: test started suite=0 test=10 name="interop/system-beacon-55-560 (besu_development)"
Sep 23 03:05:45.344 INF API: test ended suite=0 test=10 pass=false
Sep 23 03:05:45.345 INF API: test started suite=0 test=11 name="interop/system-beacon-55-8751 (besu_development)"
Sep 23 03:05:45.361 INF API: test ended suite=0 test=11 pass=false
Sep 23 03:05:45.362 INF API: test started suite=0 test=12 name="interop/system-beacon-56-560 (besu_development)"
Sep 23 03:05:45.377 INF API: test ended suite=0 test=12 pass=false
Sep 23 03:05:45.378 INF API: test started suite=0 test=13 name="interop/system-beacon-56-8751 (besu_development)"
Sep 23 03:05:45.397 INF API: test ended suite=0 test=13 pass=false
Sep 23 03:05:45.398 INF API: test started suite=0 test=14 name="interop/withdrawal-balance-51 (besu_development)"
Sep 23 03:05:45.413 INF API: test ended suite=0 test=14 pass=false
Sep 23 03:05:45.414 INF API: test started suite=0 test=15 name="interop/withdrawal-balance-52 (besu_development)"
Sep 23 03:05:45.429 INF API: test ended suite=0 test=15 pass=false
Sep 23 03:05:45.430 INF API: test started suite=0 test=16 name="interop/withdrawal-balance-53 (besu_development)"
Sep 23 03:05:45.436 INF API: test ended suite=0 test=16 pass=false
Sep 23 03:05:45.437 INF API: test started suite=0 test=17 name="interop/withdrawal-block-51 (besu_development)"
Sep 23 03:05:45.474 INF API: test ended suite=0 test=17 pass=false
Sep 23 03:05:45.476 INF API: test started suite=0 test=18 name="interop/withdrawal-block-52 (besu_development)"
Sep 23 03:05:45.498 INF API: test ended suite=0 test=18 pass=false
Sep 23 03:05:45.499 INF API: test started suite=0 test=19 name="interop/withdrawal-block-53 (besu_development)"
Sep 23 03:05:45.517 INF API: test ended suite=0 test=19 pass=false
Sep 23 03:05:45.519 INF API: test started suite=0 test=20 name="interop/withdrawal-filter-51 (besu_development)"
Sep 23 03:05:45.564 INF API: test ended suite=0 test=20 pass=false
Sep 23 03:05:45.565 INF API: test started suite=0 test=21 name="interop/withdrawal-filter-52 (besu_development)"
Sep 23 03:05:45.582 INF API: test ended suite=0 test=21 pass=false
Sep 23 03:05:45.583 INF API: test started suite=0 test=22 name="interop/withdrawal-filter-53 (besu_development)"
Sep 23 03:05:45.597 INF API: test ended suite=0 test=22 pass=false
Sep 23 03:05:45.905 INF API: test ended suite=0 test=1 pass=true
Sep 23 03:05:45.907 INF API: test started suite=0 test=23 name="client launch (besu_release)"
Sep 23 03:05:55.346 INF API: client besu_release started suite=0 test=23 container=2606c3e6
Sep 23 03:05:55.590 INF API: test started suite=0 test=24 name="interop/_control/head (besu_release)"
Sep 23 03:05:55.605 INF API: test ended suite=0 test=24 pass=false
Sep 23 03:05:55.607 INF API: test started suite=0 test=25 name="interop/_control/latest (besu_release)"
Sep 23 03:05:55.612 INF API: test ended suite=0 test=25 pass=false
Sep 23 03:05:55.613 INF API: test started suite=0 test=26 name="interop/_control/version (besu_release)"
Sep 23 03:05:55.618 INF API: test ended suite=0 test=26 pass=false
Sep 23 03:05:55.619 INF API: test started suite=0 test=27 name="interop/beacon-call-55 (besu_release)"
Sep 23 03:05:55.694 INF API: test ended suite=0 test=27 pass=false
Sep 23 03:05:55.695 INF API: test started suite=0 test=28 name="interop/beacon-call-56 (besu_release)"
Sep 23 03:05:55.718 INF API: test ended suite=0 test=28 pass=false
Sep 23 03:05:55.719 INF API: test started suite=0 test=29 name="interop/control-head (besu_release)"
Sep 23 03:05:55.731 INF API: test ended suite=0 test=29 pass=false
Sep 23 03:05:55.732 INF API: test started suite=0 test=30 name="interop/destroy-trace-55 (besu_release)"
Sep 23 03:05:55.777 INF API: test ended suite=0 test=30 pass=false
Sep 23 03:05:55.778 INF API: test started suite=0 test=31 name="interop/destroy-trace-56 (besu_release)"
Sep 23 03:05:55.800 INF API: test ended suite=0 test=31 pass=false
Sep 23 03:05:55.801 INF API: test started suite=0 test=32 name="interop/system-beacon-55-560 (besu_release)"
Sep 23 03:05:55.820 INF API: test ended suite=0 test=32 pass=false
Sep 23 03:05:55.822 INF API: test started suite=0 test=33 name="interop/system-beacon-55-8751 (besu_release)"
Sep 23 03:05:55.833 INF API: test ended suite=0 test=33 pass=false
Sep 23 03:05:55.834 INF API: test started suite=0 test=34 name="interop/system-beacon-56-560 (besu_release)"
Sep 23 03:05:55.846 INF API: test ended suite=0 test=34 pass=false
Sep 23 03:05:55.847 INF API: test started suite=0 test=35 name="interop/system-beacon-56-8751 (besu_release)"
Sep 23 03:05:55.862 INF API: test ended suite=0 test=35 pass=false
Sep 23 03:05:55.863 INF API: test started suite=0 test=36 name="interop/withdrawal-balance-51 (besu_release)"
Sep 23 03:05:55.879 INF API: test ended suite=0 test=36 pass=false
Sep 23 03:05:55.880 INF API: test started suite=0 test=37 name="interop/withdrawal-balance-52 (besu_release)"
Sep 23 03:05:55.892 INF API: test ended suite=0 test=37 pass=false
Sep 23 03:05:55.893 INF API: test started suite=0 test=38 name="interop/withdrawal-balance-53 (besu_release)"
Sep 23 03:05:55.905 INF API: test ended suite=0 test=38 pass=false
Sep 23 03:05:55.906 INF API: test started suite=0 test=39 name="interop/withdrawal-block-51 (besu_release)"
Sep 23 03:05:55.933 INF API: test ended suite=0 test=39 pass=false
Sep 23 03:05:55.935 INF API: test started suite=0 test=40 name="interop/withdrawal-block-52 (besu_release)"
Sep 23 03:05:55.967 INF API: test ended suite=0 test=40 pass=false
Sep 23 03:05:55.968 INF API: test started suite=0 test=41 name="interop/withdrawal-block-53 (besu_release)"
Sep 23 03:05:55.987 INF API: test ended suite=0 test=41 pass=false
Sep 23 03:05:55.989 INF API: test started suite=0 test=42 name="interop/withdrawal-filter-51 (besu_release)"
Sep 23 03:05:57.051 INF API: test ended suite=0 test=42 pass=false
Sep 23 03:05:57.053 INF API: test started suite=0 test=43 name="interop/withdrawal-filter-52 (besu_release)"
Sep 23 03:05:57.075 INF API: test ended suite=0 test=43 pass=false
Sep 23 03:05:57.077 INF API: test started suite=0 test=44 name="interop/withdrawal-filter-53 (besu_release)"
Sep 23 03:05:58.095 INF API: test ended suite=0 test=44 pass=false
Sep 23 03:05:58.433 INF API: test ended suite=0 test=23 pass=true
Sep 23 03:05:58.435 INF API: test started suite=0 test=45 name="client launch (erigon_development)"
Sep 23 03:06:00.095 INF API: client erigon_development started suite=0 test=45 container=20b607ba
Sep 23 03:06:00.112 INF API: test started suite=0 test=46 name="interop/_control/head (erigon_development)"
Sep 23 03:06:00.114 INF API: test ended suite=0 test=46 pass=false
Sep 23 03:06:00.115 INF API: test started suite=0 test=47 name="interop/_control/latest (erigon_development)"
Sep 23 03:06:00.117 INF API: test ended suite=0 test=47 pass=false
Sep 23 03:06:00.118 INF API: test started suite=0 test=48 name="interop/_control/version (erigon_development)"
Sep 23 03:06:00.119 INF API: test ended suite=0 test=48 pass=false
Sep 23 03:06:00.120 INF API: test started suite=0 test=49 name="interop/beacon-call-55 (erigon_development)"
Sep 23 03:06:00.122 INF API: test ended suite=0 test=49 pass=false
Sep 23 03:06:00.122 INF API: test started suite=0 test=50 name="interop/beacon-call-56 (erigon_development)"
Sep 23 03:06:00.124 INF API: test ended suite=0 test=50 pass=false
Sep 23 03:06:00.125 INF API: test started suite=0 test=51 name="interop/control-head (erigon_development)"
Sep 23 03:06:00.127 INF API: test ended suite=0 test=51 pass=false
Sep 23 03:06:00.127 INF API: test started suite=0 test=52 name="interop/destroy-trace-55 (erigon_development)"
Sep 23 03:06:00.130 INF API: test ended suite=0 test=52 pass=false
Sep 23 03:06:00.130 INF API: test started suite=0 test=53 name="interop/destroy-trace-56 (erigon_development)"
Sep 23 03:06:00.132 INF API: test ended suite=0 test=53 pass=false
Sep 23 03:06:00.133 INF API: test started suite=0 test=54 name="interop/system-beacon-55-560 (erigon_development)"
Sep 23 03:06:00.134 INF API: test ended suite=0 test=54 pass=false
Sep 23 03:06:00.135 INF API: test started suite=0 test=55 name="interop/system-beacon-55-8751 (erigon_development)"
Sep 23 03:06:00.136 INF API: test ended suite=0 test=55 pass=false
Sep 23 03:06:00.137 INF API: test started suite=0 test=56 name="interop/system-beacon-56-560 (erigon_development)"
Sep 23 03:06:00.138 INF API: test ended suite=0 test=56 pass=false
Sep 23 03:06:00.138 INF API: test started suite=0 test=57 name="interop/system-beacon-56-8751 (erigon_development)"
Sep 23 03:06:00.140 INF API: test ended suite=0 test=57 pass=false
Sep 23 03:06:00.140 INF API: test started suite=0 test=58 name="interop/withdrawal-balance-51 (erigon_development)"
Sep 23 03:06:00.141 INF API: test ended suite=0 test=58 pass=false
Sep 23 03:06:00.142 INF API: test started suite=0 test=59 name="interop/withdrawal-balance-52 (erigon_development)"
Sep 23 03:06:00.143 INF API: test ended suite=0 test=59 pass=false
Sep 23 03:06:00.144 INF API: test started suite=0 test=60 name="interop/withdrawal-balance-53 (erigon_development)"
Sep 23 03:06:00.145 INF API: test ended suite=0 test=60 pass=false
Sep 23 03:06:00.145 INF API: test started suite=0 test=61 name="interop/withdrawal-block-51 (erigon_development)"
Sep 23 03:06:00.148 INF API: test ended suite=0 test=61 pass=false
Sep 23 03:06:00.149 INF API: test started suite=0 test=62 name="interop/withdrawal-block-52 (erigon_development)"
Sep 23 03:06:00.151 INF API: test ended suite=0 test=62 pass=false
Sep 23 03:06:00.152 INF API: test started suite=0 test=63 name="interop/withdrawal-block-53 (erigon_development)"
Sep 23 03:06:00.154 INF API: test ended suite=0 test=63 pass=false
Sep 23 03:06:00.154 INF API: test started suite=0 test=64 name="interop/withdrawal-filter-51 (erigon_development)"
Sep 23 03:06:00.155 INF API: test ended suite=0 test=64 pass=false
Sep 23 03:06:00.156 INF API: test started suite=0 test=65 name="interop/withdrawal-filter-52 (erigon_development)"
Sep 23 03:06:00.157 INF API: test ended suite=0 test=65 pass=false
Sep 23 03:06:00.158 INF API: test started suite=0 test=66 name="interop/withdrawal-filter-53 (erigon_development)"
Sep 23 03:06:00.159 INF API: test ended suite=0 test=66 pass=false
Sep 23 03:06:00.472 INF API: test ended suite=0 test=45 pass=true
Sep 23 03:06:00.474 INF API: test started suite=0 test=67 name="client launch (erigon_release)"
Sep 23 03:06:02.225 INF API: client erigon_release started suite=0 test=67 container=921ab100
Sep 23 03:06:02.231 INF API: test started suite=0 test=68 name="interop/_control/head (erigon_release)"
Sep 23 03:06:02.233 INF API: test ended suite=0 test=68 pass=false
Sep 23 03:06:02.233 INF API: test started suite=0 test=69 name="interop/_control/latest (erigon_release)"
Sep 23 03:06:02.235 INF API: test ended suite=0 test=69 pass=false
Sep 23 03:06:02.236 INF API: test started suite=0 test=70 name="interop/_control/version (erigon_release)"
Sep 23 03:06:02.237 INF API: test ended suite=0 test=70 pass=false
Sep 23 03:06:02.238 INF API: test started suite=0 test=71 name="interop/beacon-call-55 (erigon_release)"
Sep 23 03:06:02.239 INF API: test ended suite=0 test=71 pass=false
Sep 23 03:06:02.240 INF API: test started suite=0 test=72 name="interop/beacon-call-56 (erigon_release)"
Sep 23 03:06:02.242 INF API: test ended suite=0 test=72 pass=false
Sep 23 03:06:02.243 INF API: test started suite=0 test=73 name="interop/control-head (erigon_release)"
Sep 23 03:06:02.244 INF API: test ended suite=0 test=73 pass=false
Sep 23 03:06:02.245 INF API: test started suite=0 test=74 name="interop/destroy-trace-55 (erigon_release)"
Sep 23 03:06:02.247 INF API: test ended suite=0 test=74 pass=false
Sep 23 03:06:02.248 INF API: test started suite=0 test=75 name="interop/destroy-trace-56 (erigon_release)"
Sep 23 03:06:02.249 INF API: test ended suite=0 test=75 pass=false
Sep 23 03:06:02.250 INF API: test started suite=0 test=76 name="interop/system-beacon-55-560 (erigon_release)"
Sep 23 03:06:02.251 INF API: test ended suite=0 test=76 pass=false
Sep 23 03:06:02.252 INF API: test started suite=0 test=77 name="interop/system-beacon-55-8751 (erigon_release)"
Sep 23 03:06:02.252 INF API: test ended suite=0 test=77 pass=false
Sep 23 03:06:02.253 INF API: test started suite=0 test=78 name="interop/system-beacon-56-560 (erigon_release)"
Sep 23 03:06:02.254 INF API: test ended suite=0 test=78 pass=false
Sep 23 03:06:02.255 INF API: test started suite=0 test=79 name="interop/system-beacon-56-8751 (erigon_release)"
Sep 23 03:06:02.256 INF API: test ended suite=0 test=79 pass=false
Sep 23 03:06:02.257 INF API: test started suite=0 test=80 name="interop/withdrawal-balance-51 (erigon_release)"
Sep 23 03:06:02.258 INF API: test ended suite=0 test=80 pass=false
Sep 23 03:06:02.259 INF API: test started suite=0 test=81 name="interop/withdrawal-balance-52 (erigon_release)"
Sep 23 03:06:02.260 INF API: test ended suite=0 test=81 pass=false
Sep 23 03:06:02.260 INF API: test started suite=0 test=82 name="interop/withdrawal-balance-53 (erigon_release)"
Sep 23 03:06:02.262 INF API: test ended suite=0 test=82 pass=false
Sep 23 03:06:02.262 INF API: test started suite=0 test=83 name="interop/withdrawal-block-51 (erigon_release)"
Sep 23 03:06:02.264 INF API: test ended suite=0 test=83 pass=false
Sep 23 03:06:02.265 INF API: test started suite=0 test=84 name="interop/withdrawal-block-52 (erigon_release)"
Sep 23 03:06:02.267 INF API: test ended suite=0 test=84 pass=false
Sep 23 03:06:02.267 INF API: test started suite=0 test=85 name="interop/withdrawal-block-53 (erigon_release)"
Sep 23 03:06:02.270 INF API: test ended suite=0 test=85 pass=false
Sep 23 03:06:02.271 INF API: test started suite=0 test=86 name="interop/withdrawal-filter-51 (erigon_release)"
Sep 23 03:06:02.273 INF API: test ended suite=0 test=86 pass=false
Sep 23 03:06:02.274 INF API: test started suite=0 test=87 name="interop/withdrawal-filter-52 (erigon_release)"
Sep 23 03:06:02.277 INF API: test ended suite=0 test=87 pass=false
Sep 23 03:06:02.278 INF API: test started suite=0 test=88 name="interop/withdrawal-filter-53 (erigon_release)"
Sep 23 03:06:02.278 INF API: test ended suite=0 test=88 pass=false
Sep 23 03:06:02.606 INF API: test ended suite=0 test=67 pass=true
Sep 23 03:06:02.608 INF API: test started suite=0 test=89 name="client launch (nethermind_development)"
Sep 23 03:06:10.879 INF API: client nethermind_development started suite=0 test=89 container=7acc7b6d
Sep 23 03:06:11.017 INF API: test started suite=0 test=90 name="interop/_control/head (nethermind_development)"
Sep 23 03:06:11.032 INF API: test ended suite=0 test=90 pass=false
Sep 23 03:06:11.033 INF API: test started suite=0 test=91 name="interop/_control/latest (nethermind_development)"
Sep 23 03:06:11.035 INF API: test ended suite=0 test=91 pass=false
Sep 23 03:06:11.036 INF API: test started suite=0 test=92 name="interop/_control/version (nethermind_development)"
Sep 23 03:06:11.038 INF API: test ended suite=0 test=92 pass=false
Sep 23 03:06:11.039 INF API: test started suite=0 test=93 name="interop/beacon-call-55 (nethermind_development)"
Sep 23 03:06:11.161 INF API: test ended suite=0 test=93 pass=false
Sep 23 03:06:11.162 INF API: test started suite=0 test=94 name="interop/beacon-call-56 (nethermind_development)"
Sep 23 03:06:11.167 INF API: test ended suite=0 test=94 pass=false
Sep 23 03:06:11.168 INF API: test started suite=0 test=95 name="interop/control-head (nethermind_development)"
Sep 23 03:06:11.170 INF API: test ended suite=0 test=95 pass=false
Sep 23 03:06:11.171 INF API: test started suite=0 test=96 name="interop/destroy-trace-55 (nethermind_development)"
Sep 23 03:06:11.214 INF API: test ended suite=0 test=96 pass=false
Sep 23 03:06:11.215 INF API: test started suite=0 test=97 name="interop/destroy-trace-56 (nethermind_development)"
Sep 23 03:06:11.219 INF API: test ended suite=0 test=97 pass=false
Sep 23 03:06:11.220 INF API: test started suite=0 test=98 name="interop/system-beacon-55-560 (nethermind_development)"
Sep 23 03:06:11.224 INF API: test ended suite=0 test=98 pass=false
Sep 23 03:06:11.225 INF API: test started suite=0 test=99 name="interop/system-beacon-55-8751 (nethermind_development)"
Sep 23 03:06:11.226 INF API: test ended suite=0 test=99 pass=false
Sep 23 03:06:11.227 INF API: test started suite=0 test=100 name="interop/system-beacon-56-560 (nethermind_development)"
Sep 23 03:06:11.228 INF API: test ended suite=0 test=100 pass=false
Sep 23 03:06:11.229 INF API: test started suite=0 test=101 name="interop/system-beacon-56-8751 (nethermind_development)"
Sep 23 03:06:11.230 INF API: test ended suite=0 test=101 pass=false
Sep 23 03:06:11.230 INF API: test started suite=0 test=102 name="interop/withdrawal-balance-51 (nethermind_development)"
Sep 23 03:06:11.234 INF API: test ended suite=0 test=102 pass=false
Sep 23 03:06:11.235 INF API: test started suite=0 test=103 name="interop/withdrawal-balance-52 (nethermind_development)"
Sep 23 03:06:11.236 INF API: test ended suite=0 test=103 pass=false
Sep 23 03:06:11.237 INF API: test started suite=0 test=104 name="interop/withdrawal-balance-53 (nethermind_development)"
Sep 23 03:06:11.238 INF API: test ended suite=0 test=104 pass=false
Sep 23 03:06:11.239 INF API: test started suite=0 test=105 name="interop/withdrawal-block-51 (nethermind_development)"
Sep 23 03:06:11.260 INF API: test ended suite=0 test=105 pass=false
Sep 23 03:06:11.261 INF API: test started suite=0 test=106 name="interop/withdrawal-block-52 (nethermind_development)"
Sep 23 03:06:11.263 INF API: test ended suite=0 test=106 pass=false
Sep 23 03:06:11.264 INF API: test started suite=0 test=107 name="interop/withdrawal-block-53 (nethermind_development)"
Sep 23 03:06:11.270 INF API: test ended suite=0 test=107 pass=false
Sep 23 03:06:11.271 INF API: test started suite=0 test=108 name="interop/withdrawal-filter-51 (nethermind_development)"
Sep 23 03:06:11.287 INF API: test ended suite=0 test=108 pass=false
Sep 23 03:06:11.288 INF API: test started suite=0 test=109 name="interop/withdrawal-filter-52 (nethermind_development)"
Sep 23 03:06:11.291 INF API: test ended suite=0 test=109 pass=false
Sep 23 03:06:11.292 INF API: test started suite=0 test=110 name="interop/withdrawal-filter-53 (nethermind_development)"
Sep 23 03:06:11.294 INF API: test ended suite=0 test=110 pass=false
Sep 23 03:06:11.602 INF API: test ended suite=0 test=89 pass=true
Sep 23 03:06:11.604 INF API: test started suite=0 test=111 name="client launch (nethermind_release)"
Sep 23 03:06:19.540 INF API: client nethermind_release started suite=0 test=111 container=1293f243
Sep 23 03:06:19.692 INF API: test started suite=0 test=112 name="interop/_control/head (nethermind_release)"
Sep 23 03:06:19.707 INF API: test ended suite=0 test=112 pass=false
Sep 23 03:06:19.708 INF API: test started suite=0 test=113 name="interop/_control/latest (nethermind_release)"
Sep 23 03:06:19.710 INF API: test ended suite=0 test=113 pass=false
Sep 23 03:06:19.711 INF API: test started suite=0 test=114 name="interop/_control/version (nethermind_release)"
Sep 23 03:06:19.713 INF API: test ended suite=0 test=114 pass=false
Sep 23 03:06:19.714 INF API: test started suite=0 test=115 name="interop/beacon-call-55 (nethermind_release)"
Sep 23 03:06:19.793 INF API: test ended suite=0 test=115 pass=false
Sep 23 03:06:19.794 INF API: test started suite=0 test=116 name="interop/beacon-call-56 (nethermind_release)"
Sep 23 03:06:19.799 INF API: test ended suite=0 test=116 pass=false
Sep 23 03:06:19.799 INF API: test started suite=0 test=117 name="interop/control-head (nethermind_release)"
Sep 23 03:06:19.801 INF API: test ended suite=0 test=117 pass=false
Sep 23 03:06:19.802 INF API: test started suite=0 test=118 name="interop/destroy-trace-55 (nethermind_release)"
Sep 23 03:06:19.823 INF API: test ended suite=0 test=118 pass=false
Sep 23 03:06:19.824 INF API: test started suite=0 test=119 name="interop/destroy-trace-56 (nethermind_release)"
Sep 23 03:06:19.827 INF API: test ended suite=0 test=119 pass=false
Sep 23 03:06:19.828 INF API: test started suite=0 test=120 name="interop/system-beacon-55-560 (nethermind_release)"
Sep 23 03:06:19.832 INF API: test ended suite=0 test=120 pass=false
Sep 23 03:06:19.832 INF API: test started suite=0 test=121 name="interop/system-beacon-55-8751 (nethermind_release)"
Sep 23 03:06:19.834 INF API: test ended suite=0 test=121 pass=false
Sep 23 03:06:19.835 INF API: test started suite=0 test=122 name="interop/system-beacon-56-560 (nethermind_release)"
Sep 23 03:06:19.836 INF API: test ended suite=0 test=122 pass=false
Sep 23 03:06:19.837 INF API: test started suite=0 test=123 name="interop/system-beacon-56-8751 (nethermind_release)"
Sep 23 03:06:19.838 INF API: test ended suite=0 test=123 pass=false
Sep 23 03:06:19.839 INF API: test started suite=0 test=124 name="interop/withdrawal-balance-51 (nethermind_release)"
Sep 23 03:06:19.843 INF API: test ended suite=0 test=124 pass=false
Sep 23 03:06:19.844 INF API: test started suite=0 test=125 name="interop/withdrawal-balance-52 (nethermind_release)"
Sep 23 03:06:19.845 INF API: test ended suite=0 test=125 pass=false
Sep 23 03:06:19.845 INF API: test started suite=0 test=126 name="interop/withdrawal-balance-53 (nethermind_release)"
Sep 23 03:06:19.846 INF API: test ended suite=0 test=126 pass=false
Sep 23 03:06:19.847 INF API: test started suite=0 test=127 name="interop/withdrawal-block-51 (nethermind_release)"
Sep 23 03:06:19.865 INF API: test ended suite=0 test=127 pass=false
Sep 23 03:06:19.865 INF API: test started suite=0 test=128 name="interop/withdrawal-block-52 (nethermind_release)"
Sep 23 03:06:19.868 INF API: test ended suite=0 test=128 pass=false
Sep 23 03:06:19.869 INF API: test started suite=0 test=129 name="interop/withdrawal-block-53 (nethermind_release)"
Sep 23 03:06:19.875 INF API: test ended suite=0 test=129 pass=false
Sep 23 03:06:19.876 INF API: test started suite=0 test=130 name="interop/withdrawal-filter-51 (nethermind_release)"
Sep 23 03:06:19.890 INF API: test ended suite=0 test=130 pass=false
Sep 23 03:06:19.891 INF API: test started suite=0 test=131 name="interop/withdrawal-filter-52 (nethermind_release)"
Sep 23 03:06:19.892 INF API: test ended suite=0 test=131 pass=false
Sep 23 03:06:19.893 INF API: test started suite=0 test=132 name="interop/withdrawal-filter-53 (nethermind_release)"
Sep 23 03:06:19.894 INF API: test ended suite=0 test=132 pass=false
Sep 23 03:06:20.224 INF API: test ended suite=0 test=111 pass=true
Sep 23 03:06:20.225 INF API: test started suite=0 test=133 name="client launch (reth_development)"
Sep 23 03:06:22.346 INF API: client reth_development started suite=0 test=133 container=3eb43681
Sep 23 03:06:22.356 INF API: test started suite=0 test=134 name="interop/_control/head (reth_development)"
Sep 23 03:06:22.358 INF API: test ended suite=0 test=134 pass=false
Sep 23 03:06:22.359 INF API: test started suite=0 test=135 name="interop/_control/latest (reth_development)"
Sep 23 03:06:22.361 INF API: test ended suite=0 test=135 pass=false
Sep 23 03:06:22.361 INF API: test started suite=0 test=136 name="interop/_control/version (reth_development)"
Sep 23 03:06:22.363 INF API: test ended suite=0 test=136 pass=false
Sep 23 03:06:22.363 INF API: test started suite=0 test=137 name="interop/beacon-call-55 (reth_development)"
Sep 23 03:06:22.365 INF API: test ended suite=0 test=137 pass=false
Sep 23 03:06:22.366 INF API: test started suite=0 test=138 name="interop/beacon-call-56 (reth_development)"
Sep 23 03:06:22.368 INF API: test ended suite=0 test=138 pass=false
Sep 23 03:06:22.369 INF API: test started suite=0 test=139 name="interop/control-head (reth_development)"
Sep 23 03:06:22.370 INF API: test ended suite=0 test=139 pass=false
Sep 23 03:06:22.371 INF API: test started suite=0 test=140 name="interop/destroy-trace-55 (reth_development)"
Sep 23 03:06:22.373 INF API: test ended suite=0 test=140 pass=false
Sep 23 03:06:22.374 INF API: test started suite=0 test=141 name="interop/destroy-trace-56 (reth_development)"
Sep 23 03:06:22.375 INF API: test ended suite=0 test=141 pass=false
Sep 23 03:06:22.376 INF API: test started suite=0 test=142 name="interop/system-beacon-55-560 (reth_development)"
Sep 23 03:06:22.377 INF API: test ended suite=0 test=142 pass=false
Sep 23 03:06:22.378 INF API: test started suite=0 test=143 name="interop/system-beacon-55-8751 (reth_development)"
Sep 23 03:06:22.380 INF API: test ended suite=0 test=143 pass=false
Sep 23 03:06:22.381 INF API: test started suite=0 test=144 name="interop/system-beacon-56-560 (reth_development)"
Sep 23 03:06:22.382 INF API: test ended suite=0 test=144 pass=false
Sep 23 03:06:22.383 INF API: test started suite=0 test=145 name="interop/system-beacon-56-8751 (reth_development)"
Sep 23 03:06:22.384 INF API: test ended suite=0 test=145 pass=false
Sep 23 03:06:22.385 INF API: test started suite=0 test=146 name="interop/withdrawal-balance-51 (reth_development)"
Sep 23 03:06:22.387 INF API: test ended suite=0 test=146 pass=false
Sep 23 03:06:22.388 INF API: test started suite=0 test=147 name="interop/withdrawal-balance-52 (reth_development)"
Sep 23 03:06:22.389 INF API: test ended suite=0 test=147 pass=false
Sep 23 03:06:22.390 INF API: test started suite=0 test=148 name="interop/withdrawal-balance-53 (reth_development)"
Sep 23 03:06:22.391 INF API: test ended suite=0 test=148 pass=false
Sep 23 03:06:22.392 INF API: test started suite=0 test=149 name="interop/withdrawal-block-51 (reth_development)"
Sep 23 03:06:22.397 INF API: test ended suite=0 test=149 pass=false
Sep 23 03:06:22.398 INF API: test started suite=0 test=150 name="interop/withdrawal-block-52 (reth_development)"
Sep 23 03:06:22.400 INF API: test ended suite=0 test=150 pass=false
Sep 23 03:06:22.401 INF API: test started suite=0 test=151 name="interop/withdrawal-block-53 (reth_development)"
Sep 23 03:06:22.403 INF API: test ended suite=0 test=151 pass=false
Sep 23 03:06:22.404 INF API: test started suite=0 test=152 name="interop/withdrawal-filter-51 (reth_development)"
Sep 23 03:06:22.406 INF API: test ended suite=0 test=152 pass=false
Sep 23 03:06:22.407 INF API: test started suite=0 test=153 name="interop/withdrawal-filter-52 (reth_development)"
Sep 23 03:06:22.408 INF API: test ended suite=0 test=153 pass=false
Sep 23 03:06:22.409 INF API: test started suite=0 test=154 name="interop/withdrawal-filter-53 (reth_development)"
Sep 23 03:06:22.410 INF API: test ended suite=0 test=154 pass=false
Sep 23 03:06:22.751 INF API: test ended suite=0 test=133 pass=true
Sep 23 03:06:22.752 INF API: test started suite=0 test=155 name="client launch (reth_release)"
Sep 23 03:06:24.939 INF API: client reth_release started suite=0 test=155 container=d34804c8
Sep 23 03:06:24.953 INF API: test started suite=0 test=156 name="interop/_control/head (reth_release)"
Sep 23 03:06:24.955 INF API: test ended suite=0 test=156 pass=false
Sep 23 03:06:24.956 INF API: test started suite=0 test=157 name="interop/_control/latest (reth_release)"
Sep 23 03:06:24.958 INF API: test ended suite=0 test=157 pass=false
Sep 23 03:06:24.959 INF API: test started suite=0 test=158 name="interop/_control/version (reth_release)"
Sep 23 03:06:24.960 INF API: test ended suite=0 test=158 pass=false
Sep 23 03:06:24.961 INF API: test started suite=0 test=159 name="interop/beacon-call-55 (reth_release)"
Sep 23 03:06:24.963 INF API: test ended suite=0 test=159 pass=false
Sep 23 03:06:24.964 INF API: test started suite=0 test=160 name="interop/beacon-call-56 (reth_release)"
Sep 23 03:06:24.966 INF API: test ended suite=0 test=160 pass=false
Sep 23 03:06:24.966 INF API: test started suite=0 test=161 name="interop/control-head (reth_release)"
Sep 23 03:06:24.968 INF API: test ended suite=0 test=161 pass=false
Sep 23 03:06:24.969 INF API: test started suite=0 test=162 name="interop/destroy-trace-55 (reth_release)"
Sep 23 03:06:24.970 INF API: test ended suite=0 test=162 pass=false
Sep 23 03:06:24.971 INF API: test started suite=0 test=163 name="interop/destroy-trace-56 (reth_release)"
Sep 23 03:06:24.973 INF API: test ended suite=0 test=163 pass=false
Sep 23 03:06:24.974 INF API: test started suite=0 test=164 name="interop/system-beacon-55-560 (reth_release)"
Sep 23 03:06:24.975 INF API: test ended suite=0 test=164 pass=false
Sep 23 03:06:24.976 INF API: test started suite=0 test=165 name="interop/system-beacon-55-8751 (reth_release)"
Sep 23 03:06:24.977 INF API: test ended suite=0 test=165 pass=false
Sep 23 03:06:24.978 INF API: test started suite=0 test=166 name="interop/system-beacon-56-560 (reth_release)"
Sep 23 03:06:24.979 INF API: test ended suite=0 test=166 pass=false
Sep 23 03:06:24.980 INF API: test started suite=0 test=167 name="interop/system-beacon-56-8751 (reth_release)"
Sep 23 03:06:24.981 INF API: test ended suite=0 test=167 pass=false
Sep 23 03:06:24.982 INF API: test started suite=0 test=168 name="interop/withdrawal-balance-51 (reth_release)"
Sep 23 03:06:24.985 INF API: test ended suite=0 test=168 pass=false
Sep 23 03:06:24.986 INF API: test started suite=0 test=169 name="interop/withdrawal-balance-52 (reth_release)"
Sep 23 03:06:24.987 INF API: test ended suite=0 test=169 pass=false
Sep 23 03:06:24.988 INF API: test started suite=0 test=170 name="interop/withdrawal-balance-53 (reth_release)"
Sep 23 03:06:24.989 INF API: test ended suite=0 test=170 pass=false
Sep 23 03:06:24.989 INF API: test started suite=0 test=171 name="interop/withdrawal-block-51 (reth_release)"
Sep 23 03:06:24.992 INF API: test ended suite=0 test=171 pass=false
Sep 23 03:06:24.993 INF API: test started suite=0 test=172 name="interop/withdrawal-block-52 (reth_release)"
Sep 23 03:06:24.995 INF API: test ended suite=0 test=172 pass=false
Sep 23 03:06:24.995 INF API: test started suite=0 test=173 name="interop/withdrawal-block-53 (reth_release)"
Sep 23 03:06:24.997 INF API: test ended suite=0 test=173 pass=false
Sep 23 03:06:24.998 INF API: test started suite=0 test=174 name="interop/withdrawal-filter-51 (reth_release)"
Sep 23 03:06:25.000 INF API: test ended suite=0 test=174 pass=false
Sep 23 03:06:25.000 INF API: test started suite=0 test=175 name="interop/withdrawal-filter-52 (reth_release)"
Sep 23 03:06:25.002 INF API: test ended suite=0 test=175 pass=false
Sep 23 03:06:25.003 INF API: test started suite=0 test=176 name="interop/withdrawal-filter-53 (reth_release)"
Sep 23 03:06:25.004 INF API: test ended suite=0 test=176 pass=false
Sep 23 03:06:25.318 INF API: test ended suite=0 test=155 pass=true
Sep 23 03:06:25.333 INF API: suite ended suite=0
Sep 23 03:06:25.783 INF simulation ethereum/rpc-compat finished suites=1 tests=176 failed=168
168 tests failed
