Sep 23 03:15:35.034 INF building image image=hive/hiveproxy nocache=false pull=false
Sep 23 03:15:35.095 INF building 1 clients...
Sep 23 03:15:35.096 INF building image image=hive/clients/go-ethereum_trace:latest dir=clients/go-ethereum nocache=false pull=false baseimage=trace-interop/go-ethereum tag=da6869fd3865980fef80bfa418746c825c6854d3dca32b9fa2ec92738be4e849
Sep 23 03:15:35.264 INF building 1 simulators...
Sep 23 03:15:35.264 INF building image image=hive/simulators/ethereum/rpc-compat:latest dir=simulators/ethereum/rpc-compat nocache=false pull=false
Sep 23 03:15:35.336 INF creating output directory folder=/home/banteg/dev/trace-harness-audit/evidence/2026-09-23/harness-audit-geth-a/hive
Sep 23 03:15:35.345 INF running simulation: ethereum/rpc-compat
Sep 23 03:15:35.664 INF hiveproxy started container=069bcbad6b48 addr=172.17.0.2:8081
Sep 23 03:15:35.962 INF API: suite started suite=0 name=rpc-compat
Sep 23 03:15:35.963 INF API: test started suite=0 test=1 name="client launch (go-ethereum_trace)"
Sep 23 03:15:38.007 INF API: client go-ethereum_trace started suite=0 test=1 container=9a50cae7
Sep 23 03:15:38.035 INF API: test started suite=0 test=2 name="interop/_control/head (go-ethereum_trace)"
Sep 23 03:15:38.050 INF API: test ended suite=0 test=2 pass=false
Sep 23 03:15:38.051 INF API: test started suite=0 test=3 name="interop/_control/latest (go-ethereum_trace)"
Sep 23 03:15:38.053 INF API: test ended suite=0 test=3 pass=false
Sep 23 03:15:38.054 INF API: test started suite=0 test=4 name="interop/_control/version (go-ethereum_trace)"
Sep 23 03:15:38.055 INF API: test ended suite=0 test=4 pass=false
Sep 23 03:15:38.056 INF API: test started suite=0 test=5 name="interop/auth-clear (go-ethereum_trace)"
Sep 23 03:15:38.060 INF API: test ended suite=0 test=5 pass=false
Sep 23 03:15:38.061 INF API: test started suite=0 test=6 name="interop/auth-replace (go-ethereum_trace)"
Sep 23 03:15:38.063 INF API: test ended suite=0 test=6 pass=false
Sep 23 03:15:38.064 INF API: test started suite=0 test=7 name="interop/auth-set-revert (go-ethereum_trace)"
Sep 23 03:15:38.067 INF API: test ended suite=0 test=7 pass=false
Sep 23 03:15:38.068 INF API: test started suite=0 test=8 name="interop/auth-set (go-ethereum_trace)"
Sep 23 03:15:38.071 INF API: test ended suite=0 test=8 pass=false
Sep 23 03:15:38.072 INF API: test started suite=0 test=9 name="interop/block-2 (go-ethereum_trace)"
Sep 23 03:15:38.077 INF API: test ended suite=0 test=9 pass=false
Sep 23 03:15:38.078 INF API: test started suite=0 test=10 name="interop/block-3 (go-ethereum_trace)"
Sep 23 03:15:38.080 INF API: test ended suite=0 test=10 pass=false
Sep 23 03:15:38.081 INF API: test started suite=0 test=11 name="interop/call-destroy (go-ethereum_trace)"
Sep 23 03:15:38.083 INF API: test ended suite=0 test=11 pass=false
Sep 23 03:15:38.084 INF API: test started suite=0 test=12 name="interop/call-gas7400 (go-ethereum_trace)"
Sep 23 03:15:38.090 INF API: test ended suite=0 test=12 pass=false
Sep 23 03:15:38.092 INF API: test started suite=0 test=13 name="interop/call-mcopy (go-ethereum_trace)"
Sep 23 03:15:38.095 INF API: test ended suite=0 test=13 pass=false
Sep 23 03:15:38.095 INF API: test started suite=0 test=14 name="interop/call-mixed-create (go-ethereum_trace)"
Sep 23 03:15:38.099 INF API: test ended suite=0 test=14 pass=false
Sep 23 03:15:38.100 INF API: test started suite=0 test=15 name="interop/call-null-mode (go-ethereum_trace)"
Sep 23 03:15:38.108 INF API: test ended suite=0 test=15 pass=false
Sep 23 03:15:38.109 INF API: test started suite=0 test=16 name="interop/call-return42 (go-ethereum_trace)"
Sep 23 03:15:38.111 INF API: test ended suite=0 test=16 pass=false
Sep 23 03:15:38.112 INF API: test started suite=0 test=17 name="interop/call-scalar-mode (go-ethereum_trace)"
Sep 23 03:15:38.119 INF API: test ended suite=0 test=17 pass=false
Sep 23 03:15:38.120 INF API: test started suite=0 test=18 name="interop/call-siblings-ok-revert (go-ethereum_trace)"
Sep 23 03:15:38.123 INF API: test ended suite=0 test=18 pass=false
Sep 23 03:15:38.125 INF API: test started suite=0 test=19 name="interop/call-siblings-revert-ok (go-ethereum_trace)"
Sep 23 03:15:38.130 INF API: test ended suite=0 test=19 pass=false
Sep 23 03:15:38.131 INF API: test started suite=0 test=20 name="interop/call-unknown-field (go-ethereum_trace)"
Sep 23 03:15:38.144 INF API: test ended suite=0 test=20 pass=false
Sep 23 03:15:38.145 INF API: test started suite=0 test=21 name="interop/call-unknown-mode (go-ethereum_trace)"
Sep 23 03:15:38.155 INF API: test ended suite=0 test=21 pass=false
Sep 23 03:15:38.156 INF API: test started suite=0 test=22 name="interop/call-wrong-type (go-ethereum_trace)"
Sep 23 03:15:38.167 INF API: test ended suite=0 test=22 pass=false
Sep 23 03:15:38.168 INF API: test started suite=0 test=23 name="interop/control-chain (go-ethereum_trace)"
Sep 23 03:15:38.169 INF API: test ended suite=0 test=23 pass=false
Sep 23 03:15:38.170 INF API: test started suite=0 test=24 name="interop/control-code-delegated (go-ethereum_trace)"
Sep 23 03:15:38.171 INF API: test ended suite=0 test=24 pass=false
Sep 23 03:15:38.172 INF API: test started suite=0 test=25 name="interop/control-code-destroy (go-ethereum_trace)"
Sep 23 03:15:38.173 INF API: test ended suite=0 test=25 pass=false
Sep 23 03:15:38.174 INF API: test started suite=0 test=26 name="interop/control-code-gas7400 (go-ethereum_trace)"
Sep 23 03:15:38.174 INF API: test ended suite=0 test=26 pass=false
Sep 23 03:15:38.175 INF API: test started suite=0 test=27 name="interop/control-code-mcopy (go-ethereum_trace)"
Sep 23 03:15:38.177 INF API: test ended suite=0 test=27 pass=false
Sep 23 03:15:38.178 INF API: test started suite=0 test=28 name="interop/control-code-mixed-create (go-ethereum_trace)"
Sep 23 03:15:38.179 INF API: test ended suite=0 test=28 pass=false
Sep 23 03:15:38.180 INF API: test started suite=0 test=29 name="interop/control-code-prefunded-empty (go-ethereum_trace)"
Sep 23 03:15:38.181 INF API: test ended suite=0 test=29 pass=false
Sep 23 03:15:38.182 INF API: test started suite=0 test=30 name="interop/control-code-return42 (go-ethereum_trace)"
Sep 23 03:15:38.183 INF API: test ended suite=0 test=30 pass=false
Sep 23 03:15:38.184 INF API: test started suite=0 test=31 name="interop/control-code-revert (go-ethereum_trace)"
Sep 23 03:15:38.185 INF API: test ended suite=0 test=31 pass=false
Sep 23 03:15:38.186 INF API: test started suite=0 test=32 name="interop/control-code-siblings-ok-revert (go-ethereum_trace)"
Sep 23 03:15:38.187 INF API: test ended suite=0 test=32 pass=false
Sep 23 03:15:38.188 INF API: test started suite=0 test=33 name="interop/control-code-siblings-revert-ok (go-ethereum_trace)"
Sep 23 03:15:38.190 INF API: test ended suite=0 test=33 pass=false
Sep 23 03:15:38.190 INF API: test started suite=0 test=34 name="interop/control-code-storage (go-ethereum_trace)"
Sep 23 03:15:38.191 INF API: test ended suite=0 test=34 pass=false
Sep 23 03:15:38.192 INF API: test started suite=0 test=35 name="interop/control-code-undelegated (go-ethereum_trace)"
Sep 23 03:15:38.193 INF API: test ended suite=0 test=35 pass=false
Sep 23 03:15:38.194 INF API: test started suite=0 test=36 name="interop/control-head (go-ethereum_trace)"
Sep 23 03:15:38.195 INF API: test ended suite=0 test=36 pass=false
Sep 23 03:15:38.195 INF API: test started suite=0 test=37 name="interop/control-height (go-ethereum_trace)"
Sep 23 03:15:38.197 INF API: test ended suite=0 test=37 pass=false
Sep 23 03:15:38.197 INF API: test started suite=0 test=38 name="interop/control-nonce (go-ethereum_trace)"
Sep 23 03:15:38.199 INF API: test ended suite=0 test=38 pass=false
Sep 23 03:15:38.200 INF API: test started suite=0 test=39 name="interop/control-storage-after-many (go-ethereum_trace)"
Sep 23 03:15:38.202 INF API: test ended suite=0 test=39 pass=false
Sep 23 03:15:38.203 INF API: test started suite=0 test=40 name="interop/control-version (go-ethereum_trace)"
Sep 23 03:15:38.204 INF API: test ended suite=0 test=40 pass=false
Sep 23 03:15:38.204 INF API: test started suite=0 test=41 name="interop/debug-destroy (go-ethereum_trace)"
Sep 23 03:15:38.206 INF API: test ended suite=0 test=41 pass=false
Sep 23 03:15:38.206 INF API: test started suite=0 test=42 name="interop/debug-gas7400-opcodes (go-ethereum_trace)"
Sep 23 03:15:38.208 INF API: test ended suite=0 test=42 pass=false
Sep 23 03:15:38.208 INF API: test started suite=0 test=43 name="interop/debug-gas7400 (go-ethereum_trace)"
Sep 23 03:15:38.210 INF API: test ended suite=0 test=43 pass=false
Sep 23 03:15:38.211 INF API: test started suite=0 test=44 name="interop/debug-mcopy (go-ethereum_trace)"
Sep 23 03:15:38.212 INF API: test ended suite=0 test=44 pass=false
Sep 23 03:15:38.213 INF API: test started suite=0 test=45 name="interop/debug-mixed-create (go-ethereum_trace)"
Sep 23 03:15:38.215 INF API: test ended suite=0 test=45 pass=false
Sep 23 03:15:38.216 INF API: test started suite=0 test=46 name="interop/debug-return42 (go-ethereum_trace)"
Sep 23 03:15:38.218 INF API: test ended suite=0 test=46 pass=false
Sep 23 03:15:38.218 INF API: test started suite=0 test=47 name="interop/debug-siblings-ok-revert (go-ethereum_trace)"
Sep 23 03:15:38.220 INF API: test ended suite=0 test=47 pass=false
Sep 23 03:15:38.221 INF API: test started suite=0 test=48 name="interop/debug-siblings-revert-ok (go-ethereum_trace)"
Sep 23 03:15:38.222 INF API: test ended suite=0 test=48 pass=false
Sep 23 03:15:38.223 INF API: test started suite=0 test=49 name="interop/empty-types (go-ethereum_trace)"
Sep 23 03:15:38.224 INF API: test ended suite=0 test=49 pass=false
Sep 23 03:15:38.225 INF API: test started suite=0 test=50 name="interop/filter-all (go-ethereum_trace)"
Sep 23 03:15:38.228 INF API: test ended suite=0 test=50 pass=false
Sep 23 03:15:38.229 INF API: test started suite=0 test=51 name="interop/filter-both-null (go-ethereum_trace)"
Sep 23 03:15:38.231 INF API: test ended suite=0 test=51 pass=false
Sep 23 03:15:38.232 INF API: test started suite=0 test=52 name="interop/filter-both-unknown-mode (go-ethereum_trace)"
Sep 23 03:15:38.240 INF API: test ended suite=0 test=52 pass=false
Sep 23 03:15:38.241 INF API: test started suite=0 test=53 name="interop/filter-created-to (go-ethereum_trace)"
Sep 23 03:15:38.243 INF API: test ended suite=0 test=53 pass=false
Sep 23 03:15:38.244 INF API: test started suite=0 test=54 name="interop/filter-creator-from (go-ethereum_trace)"
Sep 23 03:15:38.246 INF API: test ended suite=0 test=54 pass=false
Sep 23 03:15:38.247 INF API: test started suite=0 test=55 name="interop/filter-from-empty-to-set (go-ethereum_trace)"
Sep 23 03:15:38.249 INF API: test ended suite=0 test=55 pass=false
Sep 23 03:15:38.250 INF API: test started suite=0 test=56 name="interop/filter-from-null (go-ethereum_trace)"
Sep 23 03:15:38.253 INF API: test ended suite=0 test=56 pass=false
Sep 23 03:15:38.254 INF API: test started suite=0 test=57 name="interop/filter-from-only-intersection (go-ethereum_trace)"
Sep 23 03:15:38.257 INF API: test ended suite=0 test=57 pass=false
Sep 23 03:15:38.258 INF API: test started suite=0 test=58 name="interop/filter-from-only-union (go-ethereum_trace)"
Sep 23 03:15:38.260 INF API: test ended suite=0 test=58 pass=false
Sep 23 03:15:38.261 INF API: test started suite=0 test=59 name="interop/filter-negative-count (go-ethereum_trace)"
Sep 23 03:15:38.268 INF API: test ended suite=0 test=59 pass=false
Sep 23 03:15:38.269 INF API: test started suite=0 test=60 name="interop/filter-page-0 (go-ethereum_trace)"
Sep 23 03:15:38.272 INF API: test ended suite=0 test=60 pass=false
Sep 23 03:15:38.272 INF API: test started suite=0 test=61 name="interop/filter-page-1 (go-ethereum_trace)"
Sep 23 03:15:38.274 INF API: test ended suite=0 test=61 pass=false
Sep 23 03:15:38.275 INF API: test started suite=0 test=62 name="interop/filter-page-2 (go-ethereum_trace)"
Sep 23 03:15:38.277 INF API: test ended suite=0 test=62 pass=false
Sep 23 03:15:38.278 INF API: test started suite=0 test=63 name="interop/filter-past-end-page (go-ethereum_trace)"
Sep 23 03:15:38.280 INF API: test ended suite=0 test=63 pass=false
Sep 23 03:15:38.281 INF API: test started suite=0 test=64 name="interop/filter-snapshot (go-ethereum_trace)"
Sep 23 03:15:38.284 INF API: test ended suite=0 test=64 pass=false
Sep 23 03:15:38.285 INF API: test started suite=0 test=65 name="interop/filter-suicide-beneficiary (go-ethereum_trace)"
Sep 23 03:15:38.287 INF API: test ended suite=0 test=65 pass=false
Sep 23 03:15:38.288 INF API: test started suite=0 test=66 name="interop/filter-suicide-from (go-ethereum_trace)"
Sep 23 03:15:38.291 INF API: test ended suite=0 test=66 pass=false
Sep 23 03:15:38.291 INF API: test started suite=0 test=67 name="interop/filter-to-empty-from-set (go-ethereum_trace)"
Sep 23 03:15:38.294 INF API: test ended suite=0 test=67 pass=false
Sep 23 03:15:38.295 INF API: test started suite=0 test=68 name="interop/filter-to-null (go-ethereum_trace)"
Sep 23 03:15:38.297 INF API: test ended suite=0 test=68 pass=false
Sep 23 03:15:38.298 INF API: test started suite=0 test=69 name="interop/filter-to-only-intersection (go-ethereum_trace)"
Sep 23 03:15:38.300 INF API: test ended suite=0 test=69 pass=false
Sep 23 03:15:38.301 INF API: test started suite=0 test=70 name="interop/filter-to-only-union (go-ethereum_trace)"
Sep 23 03:15:38.304 INF API: test ended suite=0 test=70 pass=false
Sep 23 03:15:38.304 INF API: test started suite=0 test=71 name="interop/filter-two-blocks (go-ethereum_trace)"
Sep 23 03:15:38.308 INF API: test ended suite=0 test=71 pass=false
Sep 23 03:15:38.309 INF API: test started suite=0 test=72 name="interop/filter-unknown-field (go-ethereum_trace)"
Sep 23 03:15:38.316 INF API: test ended suite=0 test=72 pass=false
Sep 23 03:15:38.317 INF API: test started suite=0 test=73 name="interop/filter-wrong-address-type (go-ethereum_trace)"
Sep 23 03:15:38.328 INF API: test ended suite=0 test=73 pass=false
Sep 23 03:15:38.328 INF API: test started suite=0 test=74 name="interop/get-integer-path (go-ethereum_trace)"
Sep 23 03:15:38.339 INF API: test ended suite=0 test=74 pass=false
Sep 23 03:15:38.339 INF API: test started suite=0 test=75 name="interop/get-nested-parent (go-ethereum_trace)"
Sep 23 03:15:38.342 INF API: test ended suite=0 test=75 pass=false
Sep 23 03:15:38.343 INF API: test started suite=0 test=76 name="interop/get-nested-positive (go-ethereum_trace)"
Sep 23 03:15:38.345 INF API: test ended suite=0 test=76 pass=false
Sep 23 03:15:38.346 INF API: test started suite=0 test=77 name="interop/get-path-wrong-type (go-ethereum_trace)"
Sep 23 03:15:38.355 INF API: test ended suite=0 test=77 pass=false
Sep 23 03:15:38.356 INF API: test started suite=0 test=78 name="interop/many-storage-write-read (go-ethereum_trace)"
Sep 23 03:15:38.358 INF API: test ended suite=0 test=78 pass=false
Sep 23 03:15:38.359 INF API: test started suite=0 test=79 name="interop/many-storage-write-revert-read (go-ethereum_trace)"
Sep 23 03:15:38.361 INF API: test ended suite=0 test=79 pass=false
Sep 23 03:15:38.362 INF API: test started suite=0 test=80 name="interop/missing-block-block (go-ethereum_trace)"
Sep 23 03:15:38.368 INF API: test ended suite=0 test=80 pass=false
Sep 23 03:15:38.369 INF API: test started suite=0 test=81 name="interop/missing-block-call (go-ethereum_trace)"
Sep 23 03:15:38.370 INF API: test ended suite=0 test=81 pass=false
Sep 23 03:15:38.371 INF API: test started suite=0 test=82 name="interop/missing-block-filter (go-ethereum_trace)"
Sep 23 03:15:38.372 INF API: test ended suite=0 test=82 pass=false
Sep 23 03:15:38.373 INF API: test started suite=0 test=83 name="interop/prefunded-empty (go-ethereum_trace)"
Sep 23 03:15:38.374 INF API: test ended suite=0 test=83 pass=false
Sep 23 03:15:38.375 INF API: test started suite=0 test=84 name="interop/raw-below-basefee (go-ethereum_trace)"
Sep 23 03:15:38.377 INF API: test ended suite=0 test=84 pass=false
Sep 23 03:15:38.378 INF API: test started suite=0 test=85 name="interop/raw-insufficient-funds (go-ethereum_trace)"
Sep 23 03:15:38.380 INF API: test ended suite=0 test=85 pass=false
Sep 23 03:15:38.380 INF API: test started suite=0 test=86 name="interop/raw-low-gas (go-ethereum_trace)"
Sep 23 03:15:38.382 INF API: test ended suite=0 test=86 pass=false
Sep 23 03:15:38.383 INF API: test started suite=0 test=87 name="interop/raw-nonce-high (go-ethereum_trace)"
Sep 23 03:15:38.384 INF API: test ended suite=0 test=87 pass=false
Sep 23 03:15:38.385 INF API: test started suite=0 test=88 name="interop/raw-valid (go-ethereum_trace)"
Sep 23 03:15:38.388 INF API: test ended suite=0 test=88 pass=false
Sep 23 03:15:38.388 INF API: test started suite=0 test=89 name="interop/raw-wrong-chain (go-ethereum_trace)"
Sep 23 03:15:38.389 INF API: test ended suite=0 test=89 pass=false
Sep 23 03:15:38.390 INF API: test started suite=0 test=90 name="interop/state-only-nonempty-output (go-ethereum_trace)"
Sep 23 03:15:38.392 INF API: test ended suite=0 test=90 pass=false
Sep 23 03:15:38.393 INF API: test started suite=0 test=91 name="interop/transaction-tree (go-ethereum_trace)"
Sep 23 03:15:38.394 INF API: test ended suite=0 test=91 pass=false
Sep 23 03:15:38.395 INF API: test started suite=0 test=92 name="interop/vm-only-nonempty-output (go-ethereum_trace)"
Sep 23 03:15:38.397 INF API: test ended suite=0 test=92 pass=false
Sep 23 03:15:38.732 INF API: test ended suite=0 test=1 pass=true
Sep 23 03:15:38.739 INF API: suite ended suite=0
Sep 23 03:15:39.210 INF simulation ethereum/rpc-compat finished suites=1 tests=92 failed=91
91 tests failed
