Sep 24 23:07:29.587 INF building image image=hive/hiveproxy nocache=false pull=false
Sep 24 23:07:29.607 INF building 2 clients...
Sep 24 23:07:29.607 INF building image image=hive/clients/reth_release:latest dir=clients/reth nocache=false pull=false baseimage=trace-interop/reth tag=e939dc4a471d9d27224e430f607a954d692ca5037a1350ee2036397d14532ca7
Sep 24 23:07:29.639 INF building image image=hive/clients/reth_development:latest dir=clients/reth nocache=false pull=false baseimage=trace-interop/reth tag=935f179789c1d4fc921c181a4fa21f3262e5d0509061ddbad4398b37db3f33bf
Sep 24 23:07:29.670 INF building 1 simulators...
Sep 24 23:07:29.670 INF building image image=hive/simulators/ethereum/rpc-compat:latest dir=simulators/ethereum/rpc-compat nocache=false pull=false
Sep 24 23:07:29.692 INF creating output directory folder=/home/banteg/dev/trace-adopted-20260924/evidence/2026-09-24/adopted-stances/pruned/hive
Sep 24 23:07:29.700 INF running simulation: ethereum/rpc-compat
Sep 24 23:07:29.839 INF hiveproxy started container=e66005dfcc26 addr=172.17.0.2:8081
Sep 24 23:07:29.984 INF API: suite started suite=0 name=rpc-compat
Sep 24 23:07:29.985 INF API: test started suite=0 test=1 name="client launch (reth_release)"
Sep 24 23:07:30.734 INF API: client reth_release started suite=0 test=1 container=08f8e65c
Sep 24 23:07:30.743 INF API: test started suite=0 test=2 name="interop/_control/head (reth_release)"
Sep 24 23:07:30.746 INF API: test ended suite=0 test=2 pass=false
Sep 24 23:07:30.747 INF API: test started suite=0 test=3 name="interop/_control/latest (reth_release)"
Sep 24 23:07:30.749 INF API: test ended suite=0 test=3 pass=false
Sep 24 23:07:30.750 INF API: test started suite=0 test=4 name="interop/_control/receipt/0x55d219e322321525fb6d15c388d730e0f6d0ae119e68163ffcea6d3ee50fa738 (reth_release)"
Sep 24 23:07:30.754 INF API: test ended suite=0 test=4 pass=false
Sep 24 23:07:30.755 INF API: test started suite=0 test=5 name="interop/_control/version (reth_release)"
Sep 24 23:07:30.757 INF API: test ended suite=0 test=5 pass=false
Sep 24 23:07:30.758 INF API: test started suite=0 test=6 name="interop/_reference/block/0x3 (reth_release)"
Sep 24 23:07:30.761 INF API: test ended suite=0 test=6 pass=false
Sep 24 23:07:30.762 INF API: test started suite=0 test=7 name="interop/control-head (reth_release)"
Sep 24 23:07:30.764 INF API: test ended suite=0 test=7 pass=false
Sep 24 23:07:30.765 INF API: test started suite=0 test=8 name="interop/latest-call (reth_release)"
Sep 24 23:07:30.768 INF API: test ended suite=0 test=8 pass=false
Sep 24 23:07:30.768 INF API: test started suite=0 test=9 name="interop/latest-nonce (reth_release)"
Sep 24 23:07:30.771 INF API: test ended suite=0 test=9 pass=false
Sep 24 23:07:30.771 INF API: test started suite=0 test=10 name="interop/old-block (reth_release)"
Sep 24 23:07:30.774 INF API: test ended suite=0 test=10 pass=false
Sep 24 23:07:30.775 INF API: test started suite=0 test=11 name="interop/old-filter (reth_release)"
Sep 24 23:07:30.777 INF API: test ended suite=0 test=11 pass=false
Sep 24 23:07:30.778 INF API: test started suite=0 test=12 name="interop/old-header (reth_release)"
Sep 24 23:07:30.780 INF API: test ended suite=0 test=12 pass=false
Sep 24 23:07:30.781 INF API: test started suite=0 test=13 name="interop/old-nonce (reth_release)"
Sep 24 23:07:30.783 INF API: test ended suite=0 test=13 pass=false
Sep 24 23:07:30.784 INF API: test started suite=0 test=14 name="interop/old-receipt (reth_release)"
Sep 24 23:07:30.787 INF API: test ended suite=0 test=14 pass=false
Sep 24 23:07:30.788 INF API: test started suite=0 test=15 name="interop/old-replay (reth_release)"
Sep 24 23:07:30.790 INF API: test ended suite=0 test=15 pass=false
Sep 24 23:07:30.791 INF API: test started suite=0 test=16 name="interop/old-transaction (reth_release)"
Sep 24 23:07:30.793 INF API: test ended suite=0 test=16 pass=false
Sep 24 23:07:30.927 INF API: test ended suite=0 test=1 pass=true
Sep 24 23:07:30.928 INF API: test started suite=0 test=17 name="client launch (reth_development)"
Sep 24 23:07:31.677 INF API: client reth_development started suite=0 test=17 container=947994cf
Sep 24 23:07:31.682 INF API: test started suite=0 test=18 name="interop/_control/head (reth_development)"
Sep 24 23:07:31.685 INF API: test ended suite=0 test=18 pass=false
Sep 24 23:07:31.686 INF API: test started suite=0 test=19 name="interop/_control/latest (reth_development)"
Sep 24 23:07:31.688 INF API: test ended suite=0 test=19 pass=false
Sep 24 23:07:31.689 INF API: test started suite=0 test=20 name="interop/_control/receipt/0x55d219e322321525fb6d15c388d730e0f6d0ae119e68163ffcea6d3ee50fa738 (reth_development)"
Sep 24 23:07:31.693 INF API: test ended suite=0 test=20 pass=false
Sep 24 23:07:31.694 INF API: test started suite=0 test=21 name="interop/_control/version (reth_development)"
Sep 24 23:07:31.698 INF API: test ended suite=0 test=21 pass=false
Sep 24 23:07:31.699 INF API: test started suite=0 test=22 name="interop/_reference/block/0x3 (reth_development)"
Sep 24 23:07:31.702 INF API: test ended suite=0 test=22 pass=false
Sep 24 23:07:31.703 INF API: test started suite=0 test=23 name="interop/control-head (reth_development)"
Sep 24 23:07:31.705 INF API: test ended suite=0 test=23 pass=false
Sep 24 23:07:31.706 INF API: test started suite=0 test=24 name="interop/latest-call (reth_development)"
Sep 24 23:07:31.709 INF API: test ended suite=0 test=24 pass=false
Sep 24 23:07:31.709 INF API: test started suite=0 test=25 name="interop/latest-nonce (reth_development)"
Sep 24 23:07:31.712 INF API: test ended suite=0 test=25 pass=false
Sep 24 23:07:31.712 INF API: test started suite=0 test=26 name="interop/old-block (reth_development)"
Sep 24 23:07:31.714 INF API: test ended suite=0 test=26 pass=false
Sep 24 23:07:31.715 INF API: test started suite=0 test=27 name="interop/old-filter (reth_development)"
Sep 24 23:07:31.718 INF API: test ended suite=0 test=27 pass=false
Sep 24 23:07:31.718 INF API: test started suite=0 test=28 name="interop/old-header (reth_development)"
Sep 24 23:07:31.721 INF API: test ended suite=0 test=28 pass=false
Sep 24 23:07:31.721 INF API: test started suite=0 test=29 name="interop/old-nonce (reth_development)"
Sep 24 23:07:31.724 INF API: test ended suite=0 test=29 pass=false
Sep 24 23:07:31.724 INF API: test started suite=0 test=30 name="interop/old-receipt (reth_development)"
Sep 24 23:07:31.727 INF API: test ended suite=0 test=30 pass=false
Sep 24 23:07:31.728 INF API: test started suite=0 test=31 name="interop/old-replay (reth_development)"
Sep 24 23:07:31.730 INF API: test ended suite=0 test=31 pass=false
Sep 24 23:07:31.731 INF API: test started suite=0 test=32 name="interop/old-transaction (reth_development)"
Sep 24 23:07:31.733 INF API: test ended suite=0 test=32 pass=false
Sep 24 23:07:31.863 INF API: test ended suite=0 test=17 pass=true
Sep 24 23:07:31.870 INF API: suite ended suite=0
Sep 24 23:07:32.119 INF simulation ethereum/rpc-compat finished suites=1 tests=32 failed=30
30 tests failed
