Sep 24 16:58:23.116 INF building image image=hive/hiveproxy nocache=false pull=false
Sep 24 16:58:23.139 INF building 9 clients...
Sep 24 16:58:23.139 INF building image image=hive/clients/besu_development:latest dir=clients/besu nocache=false pull=false baseimage=trace-interop/besu tag=0bdabe53b1597932edebfa970aae1223b1e814a7897bfa776337f3f5f2d8f30d
Sep 24 16:58:23.169 INF building image image=hive/clients/besu_release:latest dir=clients/besu nocache=false pull=false baseimage=trace-interop/besu tag=f3713c713ca4f9e89c09e1478d2a85116ba9ce8343129d709420ba2af009598b
Sep 24 16:58:23.201 INF building image image=hive/clients/erigon_development:latest dir=clients/erigon nocache=false pull=false baseimage=trace-interop/erigon tag=96ed3bf9e6103fa7348e8223f07becfaf1d19b43fb66524f295bdb83e12dbee5
Sep 24 16:58:23.242 INF building image image=hive/clients/erigon_release:latest dir=clients/erigon nocache=false pull=false baseimage=trace-interop/erigon tag=8668d9c5adc01ad1d12aa25380e384079080bdde7e0ce93f11bed422d82ca0ac
Sep 24 16:58:23.283 INF building image image=hive/clients/go-ethereum_trace:latest dir=clients/go-ethereum nocache=false pull=false baseimage=trace-interop/go-ethereum tag=2a6e1bfcf91337fd9081f28b1a77efcf20c054ea99b30a316fa8a581c819fa74
Sep 24 16:58:23.346 INF building image image=hive/clients/nethermind_development:latest dir=clients/nethermind nocache=false pull=false baseimage=trace-interop/nethermind tag=891ce9bfe055df031239b4817239cde925175c0e172d74ddac9877cc37503eaf
Sep 24 16:58:23.396 INF building image image=hive/clients/nethermind_release:latest dir=clients/nethermind nocache=false pull=false baseimage=trace-interop/nethermind tag=d6b98371fce49848629f4841a9ef2cfc416c90ee187bc82291e97ca77cb108e4
Sep 24 16:58:23.469 INF building image image=hive/clients/reth_development:latest dir=clients/reth nocache=false pull=false baseimage=trace-interop/reth tag=935f179789c1d4fc921c181a4fa21f3262e5d0509061ddbad4398b37db3f33bf
Sep 24 16:58:23.507 INF building image image=hive/clients/reth_release:latest dir=clients/reth nocache=false pull=false baseimage=trace-interop/reth tag=e939dc4a471d9d27224e430f607a954d692ca5037a1350ee2036397d14532ca7
Sep 24 16:58:23.551 INF building 1 simulators...
Sep 24 16:58:23.551 INF building image image=hive/simulators/ethereum/rpc-compat:latest dir=simulators/ethereum/rpc-compat nocache=false pull=false
Sep 24 16:58:23.598 INF creating output directory folder=/home/banteg/dev/trace-h15-compat-20260924/evidence/2026-09-24/h15-call-compat/repeat/hive
Sep 24 16:58:23.616 INF running simulation: ethereum/rpc-compat
Sep 24 16:58:23.895 INF hiveproxy started container=08771af84c31 addr=172.17.0.2:8081
Sep 24 16:58:24.070 INF API: suite started suite=0 name=rpc-compat
Sep 24 16:58:24.072 INF API: test started suite=0 test=1 name="client launch (besu_development)"
Sep 24 16:58:32.432 INF API: client besu_development started suite=0 test=1 container=8ac69167
Sep 24 16:58:32.692 INF API: test started suite=0 test=2 name="interop/_control/head (besu_development)"
Sep 24 16:58:32.710 INF API: test ended suite=0 test=2 pass=false
Sep 24 16:58:32.712 INF API: test started suite=0 test=3 name="interop/_control/latest (besu_development)"
Sep 24 16:58:32.719 INF API: test ended suite=0 test=3 pass=false
Sep 24 16:58:32.720 INF API: test started suite=0 test=4 name="interop/_control/version (besu_development)"
Sep 24 16:58:32.725 INF API: test ended suite=0 test=4 pass=false
Sep 24 16:58:32.726 INF API: test started suite=0 test=5 name="interop/auth-clear (besu_development)"
Sep 24 16:58:32.785 INF API: test ended suite=0 test=5 pass=false
Sep 24 16:58:32.786 INF API: test started suite=0 test=6 name="interop/auth-set-revert (besu_development)"
Sep 24 16:58:32.801 INF API: test ended suite=0 test=6 pass=false
Sep 24 16:58:32.802 INF API: test started suite=0 test=7 name="interop/call-gas7400 (besu_development)"
Sep 24 16:58:32.843 INF API: test ended suite=0 test=7 pass=false
Sep 24 16:58:32.844 INF API: test started suite=0 test=8 name="interop/call-mcopy (besu_development)"
Sep 24 16:58:32.854 INF API: test ended suite=0 test=8 pass=false
Sep 24 16:58:32.856 INF API: test started suite=0 test=9 name="interop/call-mixed-create (besu_development)"
Sep 24 16:58:32.871 INF API: test ended suite=0 test=9 pass=false
Sep 24 16:58:32.872 INF API: test started suite=0 test=10 name="interop/call-return42 (besu_development)"
Sep 24 16:58:32.884 INF API: test ended suite=0 test=10 pass=false
Sep 24 16:58:32.885 INF API: test started suite=0 test=11 name="interop/call-siblings-revert-ok (besu_development)"
Sep 24 16:58:32.926 INF API: test ended suite=0 test=11 pass=false
Sep 24 16:58:32.927 INF API: test started suite=0 test=12 name="interop/constructor (besu_development)"
Sep 24 16:58:32.937 INF API: test ended suite=0 test=12 pass=false
Sep 24 16:58:32.938 INF API: test started suite=0 test=13 name="interop/control-code-gas7400 (besu_development)"
Sep 24 16:58:32.949 INF API: test ended suite=0 test=13 pass=false
Sep 24 16:58:32.950 INF API: test started suite=0 test=14 name="interop/control-code-siblings-revert-ok (besu_development)"
Sep 24 16:58:32.957 INF API: test ended suite=0 test=14 pass=false
Sep 24 16:58:32.958 INF API: test started suite=0 test=15 name="interop/control-head (besu_development)"
Sep 24 16:58:32.967 INF API: test ended suite=0 test=15 pass=false
Sep 24 16:58:32.968 INF API: test started suite=0 test=16 name="interop/control-height (besu_development)"
Sep 24 16:58:32.973 INF API: test ended suite=0 test=16 pass=false
Sep 24 16:58:32.974 INF API: test started suite=0 test=17 name="interop/debug-gas7400-opcodes (besu_development)"
Sep 24 16:58:33.022 INF API: test ended suite=0 test=17 pass=false
Sep 24 16:58:33.023 INF API: test started suite=0 test=18 name="interop/debug-mixed-create (besu_development)"
Sep 24 16:58:33.037 INF API: test ended suite=0 test=18 pass=false
Sep 24 16:58:33.039 INF API: test started suite=0 test=19 name="interop/debug-siblings-revert-ok (besu_development)"
Sep 24 16:58:33.046 INF API: test ended suite=0 test=19 pass=false
Sep 24 16:58:33.047 INF API: test started suite=0 test=20 name="interop/many-storage-write-revert-read (besu_development)"
Sep 24 16:58:33.067 INF API: test ended suite=0 test=20 pass=false
Sep 24 16:58:33.068 INF API: test started suite=0 test=21 name="interop/raw-below-basefee-stateDiff (besu_development)"
Sep 24 16:58:33.073 INF API: test ended suite=0 test=21 pass=false
Sep 24 16:58:33.074 INF API: test started suite=0 test=22 name="interop/raw-below-basefee-trace (besu_development)"
Sep 24 16:58:33.079 INF API: test ended suite=0 test=22 pass=false
Sep 24 16:58:33.080 INF API: test started suite=0 test=23 name="interop/raw-below-basefee-vmTrace (besu_development)"
Sep 24 16:58:33.084 INF API: test ended suite=0 test=23 pass=false
Sep 24 16:58:33.085 INF API: test started suite=0 test=24 name="interop/raw-below-basefee (besu_development)"
Sep 24 16:58:33.091 INF API: test ended suite=0 test=24 pass=false
Sep 24 16:58:33.092 INF API: test started suite=0 test=25 name="interop/raw-insufficient-funds-stateDiff (besu_development)"
Sep 24 16:58:33.098 INF API: test ended suite=0 test=25 pass=false
Sep 24 16:58:33.099 INF API: test started suite=0 test=26 name="interop/raw-insufficient-funds-trace (besu_development)"
Sep 24 16:58:33.105 INF API: test ended suite=0 test=26 pass=false
Sep 24 16:58:33.106 INF API: test started suite=0 test=27 name="interop/raw-insufficient-funds-vmTrace (besu_development)"
Sep 24 16:58:33.112 INF API: test ended suite=0 test=27 pass=false
Sep 24 16:58:33.113 INF API: test started suite=0 test=28 name="interop/raw-insufficient-funds (besu_development)"
Sep 24 16:58:33.118 INF API: test ended suite=0 test=28 pass=false
Sep 24 16:58:33.119 INF API: test started suite=0 test=29 name="interop/raw-low-gas-stateDiff (besu_development)"
Sep 24 16:58:33.123 INF API: test ended suite=0 test=29 pass=false
Sep 24 16:58:33.124 INF API: test started suite=0 test=30 name="interop/raw-low-gas-trace (besu_development)"
Sep 24 16:58:33.129 INF API: test ended suite=0 test=30 pass=false
Sep 24 16:58:33.130 INF API: test started suite=0 test=31 name="interop/raw-low-gas-vmTrace (besu_development)"
Sep 24 16:58:33.136 INF API: test ended suite=0 test=31 pass=false
Sep 24 16:58:33.137 INF API: test started suite=0 test=32 name="interop/raw-low-gas (besu_development)"
Sep 24 16:58:33.142 INF API: test ended suite=0 test=32 pass=false
Sep 24 16:58:33.143 INF API: test started suite=0 test=33 name="interop/raw-nonce-high-stateDiff (besu_development)"
Sep 24 16:58:33.150 INF API: test ended suite=0 test=33 pass=false
Sep 24 16:58:33.151 INF API: test started suite=0 test=34 name="interop/raw-nonce-high-trace (besu_development)"
Sep 24 16:58:33.156 INF API: test ended suite=0 test=34 pass=false
Sep 24 16:58:33.156 INF API: test started suite=0 test=35 name="interop/raw-nonce-high-vmTrace (besu_development)"
Sep 24 16:58:33.161 INF API: test ended suite=0 test=35 pass=false
Sep 24 16:58:33.162 INF API: test started suite=0 test=36 name="interop/raw-nonce-high (besu_development)"
Sep 24 16:58:33.168 INF API: test ended suite=0 test=36 pass=false
Sep 24 16:58:33.168 INF API: test started suite=0 test=37 name="interop/raw-valid-stateDiff (besu_development)"
Sep 24 16:58:33.175 INF API: test ended suite=0 test=37 pass=false
Sep 24 16:58:33.176 INF API: test started suite=0 test=38 name="interop/raw-valid-trace (besu_development)"
Sep 24 16:58:33.180 INF API: test ended suite=0 test=38 pass=false
Sep 24 16:58:33.181 INF API: test started suite=0 test=39 name="interop/raw-valid-vmTrace (besu_development)"
Sep 24 16:58:33.186 INF API: test ended suite=0 test=39 pass=false
Sep 24 16:58:33.186 INF API: test started suite=0 test=40 name="interop/raw-valid (besu_development)"
Sep 24 16:58:33.192 INF API: test ended suite=0 test=40 pass=false
Sep 24 16:58:33.193 INF API: test started suite=0 test=41 name="interop/raw-wrong-chain-stateDiff (besu_development)"
Sep 24 16:58:33.198 INF API: test ended suite=0 test=41 pass=false
Sep 24 16:58:33.199 INF API: test started suite=0 test=42 name="interop/raw-wrong-chain-trace (besu_development)"
Sep 24 16:58:33.203 INF API: test ended suite=0 test=42 pass=false
Sep 24 16:58:33.204 INF API: test started suite=0 test=43 name="interop/raw-wrong-chain-vmTrace (besu_development)"
Sep 24 16:58:33.208 INF API: test ended suite=0 test=43 pass=false
Sep 24 16:58:33.209 INF API: test started suite=0 test=44 name="interop/raw-wrong-chain (besu_development)"
Sep 24 16:58:33.214 INF API: test ended suite=0 test=44 pass=false
Sep 24 16:58:33.215 INF API: test started suite=0 test=45 name="interop/state-only-nonempty-output (besu_development)"
Sep 24 16:58:33.220 INF API: test ended suite=0 test=45 pass=false
Sep 24 16:58:33.485 INF API: test ended suite=0 test=1 pass=true
Sep 24 16:58:33.487 INF API: test started suite=0 test=46 name="client launch (besu_release)"
Sep 24 16:58:43.137 INF API: client besu_release started suite=0 test=46 container=70be8580
Sep 24 16:58:43.412 INF API: test started suite=0 test=47 name="interop/_control/head (besu_release)"
Sep 24 16:58:43.427 INF API: test ended suite=0 test=47 pass=false
Sep 24 16:58:43.428 INF API: test started suite=0 test=48 name="interop/_control/latest (besu_release)"
Sep 24 16:58:43.435 INF API: test ended suite=0 test=48 pass=false
Sep 24 16:58:43.435 INF API: test started suite=0 test=49 name="interop/_control/version (besu_release)"
Sep 24 16:58:43.440 INF API: test ended suite=0 test=49 pass=false
Sep 24 16:58:43.441 INF API: test started suite=0 test=50 name="interop/auth-clear (besu_release)"
Sep 24 16:58:43.504 INF API: test ended suite=0 test=50 pass=false
Sep 24 16:58:43.505 INF API: test started suite=0 test=51 name="interop/auth-set-revert (besu_release)"
Sep 24 16:58:43.530 INF API: test ended suite=0 test=51 pass=false
Sep 24 16:58:43.531 INF API: test started suite=0 test=52 name="interop/call-gas7400 (besu_release)"
Sep 24 16:58:43.585 INF API: test ended suite=0 test=52 pass=false
Sep 24 16:58:43.586 INF API: test started suite=0 test=53 name="interop/call-mcopy (besu_release)"
Sep 24 16:58:43.595 INF API: test ended suite=0 test=53 pass=false
Sep 24 16:58:43.596 INF API: test started suite=0 test=54 name="interop/call-mixed-create (besu_release)"
Sep 24 16:58:43.612 INF API: test ended suite=0 test=54 pass=false
Sep 24 16:58:43.613 INF API: test started suite=0 test=55 name="interop/call-return42 (besu_release)"
Sep 24 16:58:43.621 INF API: test ended suite=0 test=55 pass=false
Sep 24 16:58:43.622 INF API: test started suite=0 test=56 name="interop/call-siblings-revert-ok (besu_release)"
Sep 24 16:58:43.635 INF API: test ended suite=0 test=56 pass=false
Sep 24 16:58:43.636 INF API: test started suite=0 test=57 name="interop/constructor (besu_release)"
Sep 24 16:58:43.646 INF API: test ended suite=0 test=57 pass=false
Sep 24 16:58:43.647 INF API: test started suite=0 test=58 name="interop/control-code-gas7400 (besu_release)"
Sep 24 16:58:43.657 INF API: test ended suite=0 test=58 pass=false
Sep 24 16:58:43.658 INF API: test started suite=0 test=59 name="interop/control-code-siblings-revert-ok (besu_release)"
Sep 24 16:58:43.664 INF API: test ended suite=0 test=59 pass=false
Sep 24 16:58:43.665 INF API: test started suite=0 test=60 name="interop/control-head (besu_release)"
Sep 24 16:58:43.671 INF API: test ended suite=0 test=60 pass=false
Sep 24 16:58:43.672 INF API: test started suite=0 test=61 name="interop/control-height (besu_release)"
Sep 24 16:58:43.677 INF API: test ended suite=0 test=61 pass=false
Sep 24 16:58:43.678 INF API: test started suite=0 test=62 name="interop/debug-gas7400-opcodes (besu_release)"
Sep 24 16:58:43.711 INF API: test ended suite=0 test=62 pass=false
Sep 24 16:58:43.713 INF API: test started suite=0 test=63 name="interop/debug-mixed-create (besu_release)"
Sep 24 16:58:43.739 INF API: test ended suite=0 test=63 pass=false
Sep 24 16:58:43.740 INF API: test started suite=0 test=64 name="interop/debug-siblings-revert-ok (besu_release)"
Sep 24 16:58:43.752 INF API: test ended suite=0 test=64 pass=false
Sep 24 16:58:43.753 INF API: test started suite=0 test=65 name="interop/many-storage-write-revert-read (besu_release)"
Sep 24 16:58:43.778 INF API: test ended suite=0 test=65 pass=false
Sep 24 16:58:43.779 INF API: test started suite=0 test=66 name="interop/raw-below-basefee-stateDiff (besu_release)"
Sep 24 16:58:43.784 INF API: test ended suite=0 test=66 pass=false
Sep 24 16:58:43.785 INF API: test started suite=0 test=67 name="interop/raw-below-basefee-trace (besu_release)"
Sep 24 16:58:43.789 INF API: test ended suite=0 test=67 pass=false
Sep 24 16:58:43.791 INF API: test started suite=0 test=68 name="interop/raw-below-basefee-vmTrace (besu_release)"
Sep 24 16:58:43.795 INF API: test ended suite=0 test=68 pass=false
Sep 24 16:58:43.796 INF API: test started suite=0 test=69 name="interop/raw-below-basefee (besu_release)"
Sep 24 16:58:43.802 INF API: test ended suite=0 test=69 pass=false
Sep 24 16:58:43.803 INF API: test started suite=0 test=70 name="interop/raw-insufficient-funds-stateDiff (besu_release)"
Sep 24 16:58:43.809 INF API: test ended suite=0 test=70 pass=false
Sep 24 16:58:43.810 INF API: test started suite=0 test=71 name="interop/raw-insufficient-funds-trace (besu_release)"
Sep 24 16:58:43.814 INF API: test ended suite=0 test=71 pass=false
Sep 24 16:58:43.815 INF API: test started suite=0 test=72 name="interop/raw-insufficient-funds-vmTrace (besu_release)"
Sep 24 16:58:43.820 INF API: test ended suite=0 test=72 pass=false
Sep 24 16:58:43.821 INF API: test started suite=0 test=73 name="interop/raw-insufficient-funds (besu_release)"
Sep 24 16:58:43.827 INF API: test ended suite=0 test=73 pass=false
Sep 24 16:58:43.828 INF API: test started suite=0 test=74 name="interop/raw-low-gas-stateDiff (besu_release)"
Sep 24 16:58:43.833 INF API: test ended suite=0 test=74 pass=false
Sep 24 16:58:43.834 INF API: test started suite=0 test=75 name="interop/raw-low-gas-trace (besu_release)"
Sep 24 16:58:43.838 INF API: test ended suite=0 test=75 pass=false
Sep 24 16:58:43.839 INF API: test started suite=0 test=76 name="interop/raw-low-gas-vmTrace (besu_release)"
Sep 24 16:58:43.842 INF API: test ended suite=0 test=76 pass=false
Sep 24 16:58:43.843 INF API: test started suite=0 test=77 name="interop/raw-low-gas (besu_release)"
Sep 24 16:58:43.847 INF API: test ended suite=0 test=77 pass=false
Sep 24 16:58:43.848 INF API: test started suite=0 test=78 name="interop/raw-nonce-high-stateDiff (besu_release)"
Sep 24 16:58:43.852 INF API: test ended suite=0 test=78 pass=false
Sep 24 16:58:43.853 INF API: test started suite=0 test=79 name="interop/raw-nonce-high-trace (besu_release)"
Sep 24 16:58:43.856 INF API: test ended suite=0 test=79 pass=false
Sep 24 16:58:43.857 INF API: test started suite=0 test=80 name="interop/raw-nonce-high-vmTrace (besu_release)"
Sep 24 16:58:43.861 INF API: test ended suite=0 test=80 pass=false
Sep 24 16:58:43.862 INF API: test started suite=0 test=81 name="interop/raw-nonce-high (besu_release)"
Sep 24 16:58:43.867 INF API: test ended suite=0 test=81 pass=false
Sep 24 16:58:43.868 INF API: test started suite=0 test=82 name="interop/raw-valid-stateDiff (besu_release)"
Sep 24 16:58:43.874 INF API: test ended suite=0 test=82 pass=false
Sep 24 16:58:43.875 INF API: test started suite=0 test=83 name="interop/raw-valid-trace (besu_release)"
Sep 24 16:58:43.881 INF API: test ended suite=0 test=83 pass=false
Sep 24 16:58:43.882 INF API: test started suite=0 test=84 name="interop/raw-valid-vmTrace (besu_release)"
Sep 24 16:58:43.887 INF API: test ended suite=0 test=84 pass=false
Sep 24 16:58:43.888 INF API: test started suite=0 test=85 name="interop/raw-valid (besu_release)"
Sep 24 16:58:43.895 INF API: test ended suite=0 test=85 pass=false
Sep 24 16:58:43.896 INF API: test started suite=0 test=86 name="interop/raw-wrong-chain-stateDiff (besu_release)"
Sep 24 16:58:43.904 INF API: test ended suite=0 test=86 pass=false
Sep 24 16:58:43.905 INF API: test started suite=0 test=87 name="interop/raw-wrong-chain-trace (besu_release)"
Sep 24 16:58:43.911 INF API: test ended suite=0 test=87 pass=false
Sep 24 16:58:43.913 INF API: test started suite=0 test=88 name="interop/raw-wrong-chain-vmTrace (besu_release)"
Sep 24 16:58:43.919 INF API: test ended suite=0 test=88 pass=false
Sep 24 16:58:43.920 INF API: test started suite=0 test=89 name="interop/raw-wrong-chain (besu_release)"
Sep 24 16:58:43.925 INF API: test ended suite=0 test=89 pass=false
Sep 24 16:58:43.927 INF API: test started suite=0 test=90 name="interop/state-only-nonempty-output (besu_release)"
Sep 24 16:58:43.941 INF API: test ended suite=0 test=90 pass=false
Sep 24 16:58:44.318 INF API: test ended suite=0 test=46 pass=true
Sep 24 16:58:44.320 INF API: test started suite=0 test=91 name="client launch (erigon_development)"
Sep 24 16:58:45.561 INF API: client erigon_development started suite=0 test=91 container=a93e31fd
Sep 24 16:58:45.571 INF API: test started suite=0 test=92 name="interop/_control/head (erigon_development)"
Sep 24 16:58:45.573 INF API: test ended suite=0 test=92 pass=false
Sep 24 16:58:45.574 INF API: test started suite=0 test=93 name="interop/_control/latest (erigon_development)"
Sep 24 16:58:45.576 INF API: test ended suite=0 test=93 pass=false
Sep 24 16:58:45.576 INF API: test started suite=0 test=94 name="interop/_control/version (erigon_development)"
Sep 24 16:58:45.577 INF API: test ended suite=0 test=94 pass=false
Sep 24 16:58:45.578 INF API: test started suite=0 test=95 name="interop/auth-clear (erigon_development)"
Sep 24 16:58:45.580 INF API: test ended suite=0 test=95 pass=false
Sep 24 16:58:45.581 INF API: test started suite=0 test=96 name="interop/auth-set-revert (erigon_development)"
Sep 24 16:58:45.584 INF API: test ended suite=0 test=96 pass=false
Sep 24 16:58:45.585 INF API: test started suite=0 test=97 name="interop/call-gas7400 (erigon_development)"
Sep 24 16:58:45.592 INF API: test ended suite=0 test=97 pass=false
Sep 24 16:58:45.593 INF API: test started suite=0 test=98 name="interop/call-mcopy (erigon_development)"
Sep 24 16:58:45.594 INF API: test ended suite=0 test=98 pass=false
Sep 24 16:58:45.595 INF API: test started suite=0 test=99 name="interop/call-mixed-create (erigon_development)"
Sep 24 16:58:45.598 INF API: test ended suite=0 test=99 pass=false
Sep 24 16:58:45.599 INF API: test started suite=0 test=100 name="interop/call-return42 (erigon_development)"
Sep 24 16:58:45.600 INF API: test ended suite=0 test=100 pass=false
Sep 24 16:58:45.601 INF API: test started suite=0 test=101 name="interop/call-siblings-revert-ok (erigon_development)"
Sep 24 16:58:45.604 INF API: test ended suite=0 test=101 pass=false
Sep 24 16:58:45.605 INF API: test started suite=0 test=102 name="interop/constructor (erigon_development)"
Sep 24 16:58:45.606 INF API: test ended suite=0 test=102 pass=false
Sep 24 16:58:45.607 INF API: test started suite=0 test=103 name="interop/control-code-gas7400 (erigon_development)"
Sep 24 16:58:45.608 INF API: test ended suite=0 test=103 pass=false
Sep 24 16:58:45.608 INF API: test started suite=0 test=104 name="interop/control-code-siblings-revert-ok (erigon_development)"
Sep 24 16:58:45.609 INF API: test ended suite=0 test=104 pass=false
Sep 24 16:58:45.610 INF API: test started suite=0 test=105 name="interop/control-head (erigon_development)"
Sep 24 16:58:45.612 INF API: test ended suite=0 test=105 pass=false
Sep 24 16:58:45.612 INF API: test started suite=0 test=106 name="interop/control-height (erigon_development)"
Sep 24 16:58:45.613 INF API: test ended suite=0 test=106 pass=false
Sep 24 16:58:45.614 INF API: test started suite=0 test=107 name="interop/debug-gas7400-opcodes (erigon_development)"
Sep 24 16:58:45.615 INF API: test ended suite=0 test=107 pass=false
Sep 24 16:58:45.616 INF API: test started suite=0 test=108 name="interop/debug-mixed-create (erigon_development)"
Sep 24 16:58:45.617 INF API: test ended suite=0 test=108 pass=false
Sep 24 16:58:45.618 INF API: test started suite=0 test=109 name="interop/debug-siblings-revert-ok (erigon_development)"
Sep 24 16:58:45.620 INF API: test ended suite=0 test=109 pass=false
Sep 24 16:58:45.621 INF API: test started suite=0 test=110 name="interop/many-storage-write-revert-read (erigon_development)"
Sep 24 16:58:45.622 INF API: test ended suite=0 test=110 pass=false
Sep 24 16:58:45.623 INF API: test started suite=0 test=111 name="interop/raw-below-basefee-stateDiff (erigon_development)"
Sep 24 16:58:45.625 INF API: test ended suite=0 test=111 pass=false
Sep 24 16:58:45.625 INF API: test started suite=0 test=112 name="interop/raw-below-basefee-trace (erigon_development)"
Sep 24 16:58:45.627 INF API: test ended suite=0 test=112 pass=false
Sep 24 16:58:45.627 INF API: test started suite=0 test=113 name="interop/raw-below-basefee-vmTrace (erigon_development)"
Sep 24 16:58:45.628 INF API: test ended suite=0 test=113 pass=false
Sep 24 16:58:45.629 INF API: test started suite=0 test=114 name="interop/raw-below-basefee (erigon_development)"
Sep 24 16:58:45.630 INF API: test ended suite=0 test=114 pass=false
Sep 24 16:58:45.631 INF API: test started suite=0 test=115 name="interop/raw-insufficient-funds-stateDiff (erigon_development)"
Sep 24 16:58:45.632 INF API: test ended suite=0 test=115 pass=false
Sep 24 16:58:45.632 INF API: test started suite=0 test=116 name="interop/raw-insufficient-funds-trace (erigon_development)"
Sep 24 16:58:45.634 INF API: test ended suite=0 test=116 pass=false
Sep 24 16:58:45.634 INF API: test started suite=0 test=117 name="interop/raw-insufficient-funds-vmTrace (erigon_development)"
Sep 24 16:58:45.635 INF API: test ended suite=0 test=117 pass=false
Sep 24 16:58:45.636 INF API: test started suite=0 test=118 name="interop/raw-insufficient-funds (erigon_development)"
Sep 24 16:58:45.637 INF API: test ended suite=0 test=118 pass=false
Sep 24 16:58:45.637 INF API: test started suite=0 test=119 name="interop/raw-low-gas-stateDiff (erigon_development)"
Sep 24 16:58:45.639 INF API: test ended suite=0 test=119 pass=false
Sep 24 16:58:45.640 INF API: test started suite=0 test=120 name="interop/raw-low-gas-trace (erigon_development)"
Sep 24 16:58:45.641 INF API: test ended suite=0 test=120 pass=false
Sep 24 16:58:45.642 INF API: test started suite=0 test=121 name="interop/raw-low-gas-vmTrace (erigon_development)"
Sep 24 16:58:45.643 INF API: test ended suite=0 test=121 pass=false
Sep 24 16:58:45.644 INF API: test started suite=0 test=122 name="interop/raw-low-gas (erigon_development)"
Sep 24 16:58:45.645 INF API: test ended suite=0 test=122 pass=false
Sep 24 16:58:45.645 INF API: test started suite=0 test=123 name="interop/raw-nonce-high-stateDiff (erigon_development)"
Sep 24 16:58:45.647 INF API: test ended suite=0 test=123 pass=false
Sep 24 16:58:45.648 INF API: test started suite=0 test=124 name="interop/raw-nonce-high-trace (erigon_development)"
Sep 24 16:58:45.650 INF API: test ended suite=0 test=124 pass=false
Sep 24 16:58:45.650 INF API: test started suite=0 test=125 name="interop/raw-nonce-high-vmTrace (erigon_development)"
Sep 24 16:58:45.652 INF API: test ended suite=0 test=125 pass=false
Sep 24 16:58:45.652 INF API: test started suite=0 test=126 name="interop/raw-nonce-high (erigon_development)"
Sep 24 16:58:45.654 INF API: test ended suite=0 test=126 pass=false
Sep 24 16:58:45.655 INF API: test started suite=0 test=127 name="interop/raw-valid-stateDiff (erigon_development)"
Sep 24 16:58:45.656 INF API: test ended suite=0 test=127 pass=false
Sep 24 16:58:45.656 INF API: test started suite=0 test=128 name="interop/raw-valid-trace (erigon_development)"
Sep 24 16:58:45.657 INF API: test ended suite=0 test=128 pass=false
Sep 24 16:58:45.658 INF API: test started suite=0 test=129 name="interop/raw-valid-vmTrace (erigon_development)"
Sep 24 16:58:45.659 INF API: test ended suite=0 test=129 pass=false
Sep 24 16:58:45.660 INF API: test started suite=0 test=130 name="interop/raw-valid (erigon_development)"
Sep 24 16:58:45.662 INF API: test ended suite=0 test=130 pass=false
Sep 24 16:58:45.662 INF API: test started suite=0 test=131 name="interop/raw-wrong-chain-stateDiff (erigon_development)"
Sep 24 16:58:45.663 INF API: test ended suite=0 test=131 pass=false
Sep 24 16:58:45.664 INF API: test started suite=0 test=132 name="interop/raw-wrong-chain-trace (erigon_development)"
Sep 24 16:58:45.665 INF API: test ended suite=0 test=132 pass=false
Sep 24 16:58:45.666 INF API: test started suite=0 test=133 name="interop/raw-wrong-chain-vmTrace (erigon_development)"
Sep 24 16:58:45.667 INF API: test ended suite=0 test=133 pass=false
Sep 24 16:58:45.668 INF API: test started suite=0 test=134 name="interop/raw-wrong-chain (erigon_development)"
Sep 24 16:58:45.669 INF API: test ended suite=0 test=134 pass=false
Sep 24 16:58:45.669 INF API: test started suite=0 test=135 name="interop/state-only-nonempty-output (erigon_development)"
Sep 24 16:58:45.671 INF API: test ended suite=0 test=135 pass=false
Sep 24 16:58:46.266 INF API: test ended suite=0 test=91 pass=true
Sep 24 16:58:46.268 INF API: test started suite=0 test=136 name="client launch (erigon_release)"
Sep 24 16:58:47.782 INF API: client erigon_release started suite=0 test=136 container=a11c7692
Sep 24 16:58:47.797 INF API: test started suite=0 test=137 name="interop/_control/head (erigon_release)"
Sep 24 16:58:47.798 INF API: test ended suite=0 test=137 pass=false
Sep 24 16:58:47.799 INF API: test started suite=0 test=138 name="interop/_control/latest (erigon_release)"
Sep 24 16:58:47.800 INF API: test ended suite=0 test=138 pass=false
Sep 24 16:58:47.801 INF API: test started suite=0 test=139 name="interop/_control/version (erigon_release)"
Sep 24 16:58:47.802 INF API: test ended suite=0 test=139 pass=false
Sep 24 16:58:47.803 INF API: test started suite=0 test=140 name="interop/auth-clear (erigon_release)"
Sep 24 16:58:47.805 INF API: test ended suite=0 test=140 pass=false
Sep 24 16:58:47.805 INF API: test started suite=0 test=141 name="interop/auth-set-revert (erigon_release)"
Sep 24 16:58:47.808 INF API: test ended suite=0 test=141 pass=false
Sep 24 16:58:47.809 INF API: test started suite=0 test=142 name="interop/call-gas7400 (erigon_release)"
Sep 24 16:58:47.815 INF API: test ended suite=0 test=142 pass=false
Sep 24 16:58:47.816 INF API: test started suite=0 test=143 name="interop/call-mcopy (erigon_release)"
Sep 24 16:58:47.818 INF API: test ended suite=0 test=143 pass=false
Sep 24 16:58:47.819 INF API: test started suite=0 test=144 name="interop/call-mixed-create (erigon_release)"
Sep 24 16:58:47.821 INF API: test ended suite=0 test=144 pass=false
Sep 24 16:58:47.822 INF API: test started suite=0 test=145 name="interop/call-return42 (erigon_release)"
Sep 24 16:58:47.824 INF API: test ended suite=0 test=145 pass=false
Sep 24 16:58:47.825 INF API: test started suite=0 test=146 name="interop/call-siblings-revert-ok (erigon_release)"
Sep 24 16:58:47.827 INF API: test ended suite=0 test=146 pass=false
Sep 24 16:58:47.829 INF API: test started suite=0 test=147 name="interop/constructor (erigon_release)"
Sep 24 16:58:47.831 INF API: test ended suite=0 test=147 pass=false
Sep 24 16:58:47.831 INF API: test started suite=0 test=148 name="interop/control-code-gas7400 (erigon_release)"
Sep 24 16:58:47.832 INF API: test ended suite=0 test=148 pass=false
Sep 24 16:58:47.833 INF API: test started suite=0 test=149 name="interop/control-code-siblings-revert-ok (erigon_release)"
Sep 24 16:58:47.834 INF API: test ended suite=0 test=149 pass=false
Sep 24 16:58:47.835 INF API: test started suite=0 test=150 name="interop/control-head (erigon_release)"
Sep 24 16:58:47.836 INF API: test ended suite=0 test=150 pass=false
Sep 24 16:58:47.837 INF API: test started suite=0 test=151 name="interop/control-height (erigon_release)"
Sep 24 16:58:47.838 INF API: test ended suite=0 test=151 pass=false
Sep 24 16:58:47.839 INF API: test started suite=0 test=152 name="interop/debug-gas7400-opcodes (erigon_release)"
Sep 24 16:58:47.841 INF API: test ended suite=0 test=152 pass=false
Sep 24 16:58:47.841 INF API: test started suite=0 test=153 name="interop/debug-mixed-create (erigon_release)"
Sep 24 16:58:47.843 INF API: test ended suite=0 test=153 pass=false
Sep 24 16:58:47.843 INF API: test started suite=0 test=154 name="interop/debug-siblings-revert-ok (erigon_release)"
Sep 24 16:58:47.844 INF API: test ended suite=0 test=154 pass=false
Sep 24 16:58:47.845 INF API: test started suite=0 test=155 name="interop/many-storage-write-revert-read (erigon_release)"
Sep 24 16:58:47.847 INF API: test ended suite=0 test=155 pass=false
Sep 24 16:58:47.848 INF API: test started suite=0 test=156 name="interop/raw-below-basefee-stateDiff (erigon_release)"
Sep 24 16:58:47.849 INF API: test ended suite=0 test=156 pass=false
Sep 24 16:58:47.850 INF API: test started suite=0 test=157 name="interop/raw-below-basefee-trace (erigon_release)"
Sep 24 16:58:47.851 INF API: test ended suite=0 test=157 pass=false
Sep 24 16:58:47.852 INF API: test started suite=0 test=158 name="interop/raw-below-basefee-vmTrace (erigon_release)"
Sep 24 16:58:47.853 INF API: test ended suite=0 test=158 pass=false
Sep 24 16:58:47.854 INF API: test started suite=0 test=159 name="interop/raw-below-basefee (erigon_release)"
Sep 24 16:58:47.855 INF API: test ended suite=0 test=159 pass=false
Sep 24 16:58:47.856 INF API: test started suite=0 test=160 name="interop/raw-insufficient-funds-stateDiff (erigon_release)"
Sep 24 16:58:47.858 INF API: test ended suite=0 test=160 pass=false
Sep 24 16:58:47.859 INF API: test started suite=0 test=161 name="interop/raw-insufficient-funds-trace (erigon_release)"
Sep 24 16:58:47.860 INF API: test ended suite=0 test=161 pass=false
Sep 24 16:58:47.861 INF API: test started suite=0 test=162 name="interop/raw-insufficient-funds-vmTrace (erigon_release)"
Sep 24 16:58:47.862 INF API: test ended suite=0 test=162 pass=false
Sep 24 16:58:47.863 INF API: test started suite=0 test=163 name="interop/raw-insufficient-funds (erigon_release)"
Sep 24 16:58:47.865 INF API: test ended suite=0 test=163 pass=false
Sep 24 16:58:47.866 INF API: test started suite=0 test=164 name="interop/raw-low-gas-stateDiff (erigon_release)"
Sep 24 16:58:47.867 INF API: test ended suite=0 test=164 pass=false
Sep 24 16:58:47.868 INF API: test started suite=0 test=165 name="interop/raw-low-gas-trace (erigon_release)"
Sep 24 16:58:47.870 INF API: test ended suite=0 test=165 pass=false
Sep 24 16:58:47.870 INF API: test started suite=0 test=166 name="interop/raw-low-gas-vmTrace (erigon_release)"
Sep 24 16:58:47.871 INF API: test ended suite=0 test=166 pass=false
Sep 24 16:58:47.872 INF API: test started suite=0 test=167 name="interop/raw-low-gas (erigon_release)"
Sep 24 16:58:47.873 INF API: test ended suite=0 test=167 pass=false
Sep 24 16:58:47.874 INF API: test started suite=0 test=168 name="interop/raw-nonce-high-stateDiff (erigon_release)"
Sep 24 16:58:47.876 INF API: test ended suite=0 test=168 pass=false
Sep 24 16:58:47.877 INF API: test started suite=0 test=169 name="interop/raw-nonce-high-trace (erigon_release)"
Sep 24 16:58:47.878 INF API: test ended suite=0 test=169 pass=false
Sep 24 16:58:47.879 INF API: test started suite=0 test=170 name="interop/raw-nonce-high-vmTrace (erigon_release)"
Sep 24 16:58:47.880 INF API: test ended suite=0 test=170 pass=false
Sep 24 16:58:47.881 INF API: test started suite=0 test=171 name="interop/raw-nonce-high (erigon_release)"
Sep 24 16:58:47.882 INF API: test ended suite=0 test=171 pass=false
Sep 24 16:58:47.883 INF API: test started suite=0 test=172 name="interop/raw-valid-stateDiff (erigon_release)"
Sep 24 16:58:47.884 INF API: test ended suite=0 test=172 pass=false
Sep 24 16:58:47.884 INF API: test started suite=0 test=173 name="interop/raw-valid-trace (erigon_release)"
Sep 24 16:58:47.885 INF API: test ended suite=0 test=173 pass=false
Sep 24 16:58:47.886 INF API: test started suite=0 test=174 name="interop/raw-valid-vmTrace (erigon_release)"
Sep 24 16:58:47.887 INF API: test ended suite=0 test=174 pass=false
Sep 24 16:58:47.888 INF API: test started suite=0 test=175 name="interop/raw-valid (erigon_release)"
Sep 24 16:58:47.889 INF API: test ended suite=0 test=175 pass=false
Sep 24 16:58:47.890 INF API: test started suite=0 test=176 name="interop/raw-wrong-chain-stateDiff (erigon_release)"
Sep 24 16:58:47.891 INF API: test ended suite=0 test=176 pass=false
Sep 24 16:58:47.892 INF API: test started suite=0 test=177 name="interop/raw-wrong-chain-trace (erigon_release)"
Sep 24 16:58:47.893 INF API: test ended suite=0 test=177 pass=false
Sep 24 16:58:47.894 INF API: test started suite=0 test=178 name="interop/raw-wrong-chain-vmTrace (erigon_release)"
Sep 24 16:58:47.895 INF API: test ended suite=0 test=178 pass=false
Sep 24 16:58:47.896 INF API: test started suite=0 test=179 name="interop/raw-wrong-chain (erigon_release)"
Sep 24 16:58:47.897 INF API: test ended suite=0 test=179 pass=false
Sep 24 16:58:47.898 INF API: test started suite=0 test=180 name="interop/state-only-nonempty-output (erigon_release)"
Sep 24 16:58:47.899 INF API: test ended suite=0 test=180 pass=false
Sep 24 16:58:48.295 INF API: test ended suite=0 test=136 pass=true
Sep 24 16:58:48.297 INF API: test started suite=0 test=181 name="client launch (go-ethereum_trace)"
Sep 24 16:58:50.132 INF API: client go-ethereum_trace started suite=0 test=181 container=9d4ba246
Sep 24 16:58:50.142 INF API: test started suite=0 test=182 name="interop/_control/head (go-ethereum_trace)"
Sep 24 16:58:50.145 INF API: test ended suite=0 test=182 pass=false
Sep 24 16:58:50.146 INF API: test started suite=0 test=183 name="interop/_control/latest (go-ethereum_trace)"
Sep 24 16:58:50.150 INF API: test ended suite=0 test=183 pass=false
Sep 24 16:58:50.151 INF API: test started suite=0 test=184 name="interop/_control/version (go-ethereum_trace)"
Sep 24 16:58:50.153 INF API: test ended suite=0 test=184 pass=false
Sep 24 16:58:50.154 INF API: test started suite=0 test=185 name="interop/auth-clear (go-ethereum_trace)"
Sep 24 16:58:50.159 INF API: test ended suite=0 test=185 pass=false
Sep 24 16:58:50.159 INF API: test started suite=0 test=186 name="interop/auth-set-revert (go-ethereum_trace)"
Sep 24 16:58:50.163 INF API: test ended suite=0 test=186 pass=false
Sep 24 16:58:50.164 INF API: test started suite=0 test=187 name="interop/call-gas7400 (go-ethereum_trace)"
Sep 24 16:58:50.172 INF API: test ended suite=0 test=187 pass=false
Sep 24 16:58:50.173 INF API: test started suite=0 test=188 name="interop/call-mcopy (go-ethereum_trace)"
Sep 24 16:58:50.176 INF API: test ended suite=0 test=188 pass=false
Sep 24 16:58:50.177 INF API: test started suite=0 test=189 name="interop/call-mixed-create (go-ethereum_trace)"
Sep 24 16:58:50.180 INF API: test ended suite=0 test=189 pass=false
Sep 24 16:58:50.181 INF API: test started suite=0 test=190 name="interop/call-return42 (go-ethereum_trace)"
Sep 24 16:58:50.183 INF API: test ended suite=0 test=190 pass=false
Sep 24 16:58:50.184 INF API: test started suite=0 test=191 name="interop/call-siblings-revert-ok (go-ethereum_trace)"
Sep 24 16:58:50.187 INF API: test ended suite=0 test=191 pass=false
Sep 24 16:58:50.188 INF API: test started suite=0 test=192 name="interop/constructor (go-ethereum_trace)"
Sep 24 16:58:50.190 INF API: test ended suite=0 test=192 pass=false
Sep 24 16:58:50.191 INF API: test started suite=0 test=193 name="interop/control-code-gas7400 (go-ethereum_trace)"
Sep 24 16:58:50.192 INF API: test ended suite=0 test=193 pass=false
Sep 24 16:58:50.193 INF API: test started suite=0 test=194 name="interop/control-code-siblings-revert-ok (go-ethereum_trace)"
Sep 24 16:58:50.194 INF API: test ended suite=0 test=194 pass=false
Sep 24 16:58:50.195 INF API: test started suite=0 test=195 name="interop/control-head (go-ethereum_trace)"
Sep 24 16:58:50.196 INF API: test ended suite=0 test=195 pass=false
Sep 24 16:58:50.197 INF API: test started suite=0 test=196 name="interop/control-height (go-ethereum_trace)"
Sep 24 16:58:50.198 INF API: test ended suite=0 test=196 pass=false
Sep 24 16:58:50.199 INF API: test started suite=0 test=197 name="interop/debug-gas7400-opcodes (go-ethereum_trace)"
Sep 24 16:58:50.200 INF API: test ended suite=0 test=197 pass=false
Sep 24 16:58:50.201 INF API: test started suite=0 test=198 name="interop/debug-mixed-create (go-ethereum_trace)"
Sep 24 16:58:50.203 INF API: test ended suite=0 test=198 pass=false
Sep 24 16:58:50.204 INF API: test started suite=0 test=199 name="interop/debug-siblings-revert-ok (go-ethereum_trace)"
Sep 24 16:58:50.205 INF API: test ended suite=0 test=199 pass=false
Sep 24 16:58:50.206 INF API: test started suite=0 test=200 name="interop/many-storage-write-revert-read (go-ethereum_trace)"
Sep 24 16:58:50.209 INF API: test ended suite=0 test=200 pass=false
Sep 24 16:58:50.210 INF API: test started suite=0 test=201 name="interop/raw-below-basefee-stateDiff (go-ethereum_trace)"
Sep 24 16:58:50.223 INF API: test ended suite=0 test=201 pass=false
Sep 24 16:58:50.224 INF API: test started suite=0 test=202 name="interop/raw-below-basefee-trace (go-ethereum_trace)"
Sep 24 16:58:50.234 INF API: test ended suite=0 test=202 pass=false
Sep 24 16:58:50.234 INF API: test started suite=0 test=203 name="interop/raw-below-basefee-vmTrace (go-ethereum_trace)"
Sep 24 16:58:50.247 INF API: test ended suite=0 test=203 pass=false
Sep 24 16:58:50.248 INF API: test started suite=0 test=204 name="interop/raw-below-basefee (go-ethereum_trace)"
Sep 24 16:58:50.258 INF API: test ended suite=0 test=204 pass=false
Sep 24 16:58:50.259 INF API: test started suite=0 test=205 name="interop/raw-insufficient-funds-stateDiff (go-ethereum_trace)"
Sep 24 16:58:50.268 INF API: test ended suite=0 test=205 pass=false
Sep 24 16:58:50.270 INF API: test started suite=0 test=206 name="interop/raw-insufficient-funds-trace (go-ethereum_trace)"
Sep 24 16:58:50.282 INF API: test ended suite=0 test=206 pass=false
Sep 24 16:58:50.283 INF API: test started suite=0 test=207 name="interop/raw-insufficient-funds-vmTrace (go-ethereum_trace)"
Sep 24 16:58:50.293 INF API: test ended suite=0 test=207 pass=false
Sep 24 16:58:50.293 INF API: test started suite=0 test=208 name="interop/raw-insufficient-funds (go-ethereum_trace)"
Sep 24 16:58:50.303 INF API: test ended suite=0 test=208 pass=false
Sep 24 16:58:50.304 INF API: test started suite=0 test=209 name="interop/raw-low-gas-stateDiff (go-ethereum_trace)"
Sep 24 16:58:50.309 INF API: test ended suite=0 test=209 pass=false
Sep 24 16:58:50.310 INF API: test started suite=0 test=210 name="interop/raw-low-gas-trace (go-ethereum_trace)"
Sep 24 16:58:50.311 INF API: test ended suite=0 test=210 pass=false
Sep 24 16:58:50.312 INF API: test started suite=0 test=211 name="interop/raw-low-gas-vmTrace (go-ethereum_trace)"
Sep 24 16:58:50.314 INF API: test ended suite=0 test=211 pass=false
Sep 24 16:58:50.315 INF API: test started suite=0 test=212 name="interop/raw-low-gas (go-ethereum_trace)"
Sep 24 16:58:50.316 INF API: test ended suite=0 test=212 pass=false
Sep 24 16:58:50.317 INF API: test started suite=0 test=213 name="interop/raw-nonce-high-stateDiff (go-ethereum_trace)"
Sep 24 16:58:50.319 INF API: test ended suite=0 test=213 pass=false
Sep 24 16:58:50.320 INF API: test started suite=0 test=214 name="interop/raw-nonce-high-trace (go-ethereum_trace)"
Sep 24 16:58:50.322 INF API: test ended suite=0 test=214 pass=false
Sep 24 16:58:50.322 INF API: test started suite=0 test=215 name="interop/raw-nonce-high-vmTrace (go-ethereum_trace)"
Sep 24 16:58:50.324 INF API: test ended suite=0 test=215 pass=false
Sep 24 16:58:50.325 INF API: test started suite=0 test=216 name="interop/raw-nonce-high (go-ethereum_trace)"
Sep 24 16:58:50.327 INF API: test ended suite=0 test=216 pass=false
Sep 24 16:58:50.328 INF API: test started suite=0 test=217 name="interop/raw-valid-stateDiff (go-ethereum_trace)"
Sep 24 16:58:50.330 INF API: test ended suite=0 test=217 pass=false
Sep 24 16:58:50.331 INF API: test started suite=0 test=218 name="interop/raw-valid-trace (go-ethereum_trace)"
Sep 24 16:58:50.332 INF API: test ended suite=0 test=218 pass=false
Sep 24 16:58:50.333 INF API: test started suite=0 test=219 name="interop/raw-valid-vmTrace (go-ethereum_trace)"
Sep 24 16:58:50.335 INF API: test ended suite=0 test=219 pass=false
Sep 24 16:58:50.336 INF API: test started suite=0 test=220 name="interop/raw-valid (go-ethereum_trace)"
Sep 24 16:58:50.338 INF API: test ended suite=0 test=220 pass=false
Sep 24 16:58:50.339 INF API: test started suite=0 test=221 name="interop/raw-wrong-chain-stateDiff (go-ethereum_trace)"
Sep 24 16:58:50.340 INF API: test ended suite=0 test=221 pass=false
Sep 24 16:58:50.341 INF API: test started suite=0 test=222 name="interop/raw-wrong-chain-trace (go-ethereum_trace)"
Sep 24 16:58:50.342 INF API: test ended suite=0 test=222 pass=false
Sep 24 16:58:50.343 INF API: test started suite=0 test=223 name="interop/raw-wrong-chain-vmTrace (go-ethereum_trace)"
Sep 24 16:58:50.345 INF API: test ended suite=0 test=223 pass=false
Sep 24 16:58:50.345 INF API: test started suite=0 test=224 name="interop/raw-wrong-chain (go-ethereum_trace)"
Sep 24 16:58:50.346 INF API: test ended suite=0 test=224 pass=false
Sep 24 16:58:50.347 INF API: test started suite=0 test=225 name="interop/state-only-nonempty-output (go-ethereum_trace)"
Sep 24 16:58:50.349 INF API: test ended suite=0 test=225 pass=false
Sep 24 16:58:50.595 INF API: test ended suite=0 test=181 pass=true
Sep 24 16:58:50.596 INF API: test started suite=0 test=226 name="client launch (nethermind_development)"
Sep 24 16:58:58.844 INF API: client nethermind_development started suite=0 test=226 container=649a9d0b
Sep 24 16:58:58.983 INF API: test started suite=0 test=227 name="interop/_control/head (nethermind_development)"
Sep 24 16:58:58.999 INF API: test ended suite=0 test=227 pass=false
Sep 24 16:58:59.000 INF API: test started suite=0 test=228 name="interop/_control/latest (nethermind_development)"
Sep 24 16:58:59.002 INF API: test ended suite=0 test=228 pass=false
Sep 24 16:58:59.003 INF API: test started suite=0 test=229 name="interop/_control/version (nethermind_development)"
Sep 24 16:58:59.008 INF API: test ended suite=0 test=229 pass=false
Sep 24 16:58:59.009 INF API: test started suite=0 test=230 name="interop/auth-clear (nethermind_development)"
Sep 24 16:58:59.131 INF API: test ended suite=0 test=230 pass=false
Sep 24 16:58:59.132 INF API: test started suite=0 test=231 name="interop/auth-set-revert (nethermind_development)"
Sep 24 16:58:59.150 INF API: test ended suite=0 test=231 pass=false
Sep 24 16:58:59.151 INF API: test started suite=0 test=232 name="interop/call-gas7400 (nethermind_development)"
Sep 24 16:58:59.189 INF API: test ended suite=0 test=232 pass=false
Sep 24 16:58:59.190 INF API: test started suite=0 test=233 name="interop/call-mcopy (nethermind_development)"
Sep 24 16:58:59.203 INF API: test ended suite=0 test=233 pass=false
Sep 24 16:58:59.204 INF API: test started suite=0 test=234 name="interop/call-mixed-create (nethermind_development)"
Sep 24 16:58:59.224 INF API: test ended suite=0 test=234 pass=false
Sep 24 16:58:59.227 INF API: test started suite=0 test=235 name="interop/call-return42 (nethermind_development)"
Sep 24 16:58:59.230 INF API: test ended suite=0 test=235 pass=false
Sep 24 16:58:59.231 INF API: test started suite=0 test=236 name="interop/call-siblings-revert-ok (nethermind_development)"
Sep 24 16:58:59.248 INF API: test ended suite=0 test=236 pass=false
Sep 24 16:58:59.249 INF API: test started suite=0 test=237 name="interop/constructor (nethermind_development)"
Sep 24 16:58:59.252 INF API: test ended suite=0 test=237 pass=false
Sep 24 16:58:59.253 INF API: test started suite=0 test=238 name="interop/control-code-gas7400 (nethermind_development)"
Sep 24 16:58:59.256 INF API: test ended suite=0 test=238 pass=false
Sep 24 16:58:59.257 INF API: test started suite=0 test=239 name="interop/control-code-siblings-revert-ok (nethermind_development)"
Sep 24 16:58:59.259 INF API: test ended suite=0 test=239 pass=false
Sep 24 16:58:59.259 INF API: test started suite=0 test=240 name="interop/control-head (nethermind_development)"
Sep 24 16:58:59.261 INF API: test ended suite=0 test=240 pass=false
Sep 24 16:58:59.262 INF API: test started suite=0 test=241 name="interop/control-height (nethermind_development)"
Sep 24 16:58:59.267 INF API: test ended suite=0 test=241 pass=false
Sep 24 16:58:59.268 INF API: test started suite=0 test=242 name="interop/debug-gas7400-opcodes (nethermind_development)"
Sep 24 16:58:59.384 INF API: test ended suite=0 test=242 pass=false
Sep 24 16:58:59.386 INF API: test started suite=0 test=243 name="interop/debug-mixed-create (nethermind_development)"
Sep 24 16:58:59.404 INF API: test ended suite=0 test=243 pass=false
Sep 24 16:58:59.405 INF API: test started suite=0 test=244 name="interop/debug-siblings-revert-ok (nethermind_development)"
Sep 24 16:58:59.409 INF API: test ended suite=0 test=244 pass=false
Sep 24 16:58:59.410 INF API: test started suite=0 test=245 name="interop/many-storage-write-revert-read (nethermind_development)"
Sep 24 16:58:59.435 INF API: test ended suite=0 test=245 pass=false
Sep 24 16:58:59.436 INF API: test started suite=0 test=246 name="interop/raw-below-basefee-stateDiff (nethermind_development)"
Sep 24 16:58:59.444 INF API: test ended suite=0 test=246 pass=false
Sep 24 16:58:59.446 INF API: test started suite=0 test=247 name="interop/raw-below-basefee-trace (nethermind_development)"
Sep 24 16:58:59.461 INF API: test ended suite=0 test=247 pass=false
Sep 24 16:58:59.462 INF API: test started suite=0 test=248 name="interop/raw-below-basefee-vmTrace (nethermind_development)"
Sep 24 16:58:59.464 INF API: test ended suite=0 test=248 pass=false
Sep 24 16:58:59.465 INF API: test started suite=0 test=249 name="interop/raw-below-basefee (nethermind_development)"
Sep 24 16:58:59.466 INF API: test ended suite=0 test=249 pass=false
Sep 24 16:58:59.467 INF API: test started suite=0 test=250 name="interop/raw-insufficient-funds-stateDiff (nethermind_development)"
Sep 24 16:58:59.470 INF API: test ended suite=0 test=250 pass=false
Sep 24 16:58:59.470 INF API: test started suite=0 test=251 name="interop/raw-insufficient-funds-trace (nethermind_development)"
Sep 24 16:58:59.472 INF API: test ended suite=0 test=251 pass=false
Sep 24 16:58:59.473 INF API: test started suite=0 test=252 name="interop/raw-insufficient-funds-vmTrace (nethermind_development)"
Sep 24 16:58:59.475 INF API: test ended suite=0 test=252 pass=false
Sep 24 16:58:59.475 INF API: test started suite=0 test=253 name="interop/raw-insufficient-funds (nethermind_development)"
Sep 24 16:58:59.477 INF API: test ended suite=0 test=253 pass=false
Sep 24 16:58:59.478 INF API: test started suite=0 test=254 name="interop/raw-low-gas-stateDiff (nethermind_development)"
Sep 24 16:58:59.481 INF API: test ended suite=0 test=254 pass=false
Sep 24 16:58:59.482 INF API: test started suite=0 test=255 name="interop/raw-low-gas-trace (nethermind_development)"
Sep 24 16:58:59.484 INF API: test ended suite=0 test=255 pass=false
Sep 24 16:58:59.484 INF API: test started suite=0 test=256 name="interop/raw-low-gas-vmTrace (nethermind_development)"
Sep 24 16:58:59.486 INF API: test ended suite=0 test=256 pass=false
Sep 24 16:58:59.487 INF API: test started suite=0 test=257 name="interop/raw-low-gas (nethermind_development)"
Sep 24 16:58:59.490 INF API: test ended suite=0 test=257 pass=false
Sep 24 16:58:59.491 INF API: test started suite=0 test=258 name="interop/raw-nonce-high-stateDiff (nethermind_development)"
Sep 24 16:58:59.493 INF API: test ended suite=0 test=258 pass=false
Sep 24 16:58:59.493 INF API: test started suite=0 test=259 name="interop/raw-nonce-high-trace (nethermind_development)"
Sep 24 16:58:59.495 INF API: test ended suite=0 test=259 pass=false
Sep 24 16:58:59.496 INF API: test started suite=0 test=260 name="interop/raw-nonce-high-vmTrace (nethermind_development)"
Sep 24 16:58:59.498 INF API: test ended suite=0 test=260 pass=false
Sep 24 16:58:59.499 INF API: test started suite=0 test=261 name="interop/raw-nonce-high (nethermind_development)"
Sep 24 16:58:59.501 INF API: test ended suite=0 test=261 pass=false
Sep 24 16:58:59.501 INF API: test started suite=0 test=262 name="interop/raw-valid-stateDiff (nethermind_development)"
Sep 24 16:58:59.503 INF API: test ended suite=0 test=262 pass=false
Sep 24 16:58:59.504 INF API: test started suite=0 test=263 name="interop/raw-valid-trace (nethermind_development)"
Sep 24 16:58:59.506 INF API: test ended suite=0 test=263 pass=false
Sep 24 16:58:59.506 INF API: test started suite=0 test=264 name="interop/raw-valid-vmTrace (nethermind_development)"
Sep 24 16:58:59.508 INF API: test ended suite=0 test=264 pass=false
Sep 24 16:58:59.509 INF API: test started suite=0 test=265 name="interop/raw-valid (nethermind_development)"
Sep 24 16:58:59.511 INF API: test ended suite=0 test=265 pass=false
Sep 24 16:58:59.512 INF API: test started suite=0 test=266 name="interop/raw-wrong-chain-stateDiff (nethermind_development)"
Sep 24 16:58:59.514 INF API: test ended suite=0 test=266 pass=false
Sep 24 16:58:59.514 INF API: test started suite=0 test=267 name="interop/raw-wrong-chain-trace (nethermind_development)"
Sep 24 16:58:59.516 INF API: test ended suite=0 test=267 pass=false
Sep 24 16:58:59.517 INF API: test started suite=0 test=268 name="interop/raw-wrong-chain-vmTrace (nethermind_development)"
Sep 24 16:58:59.519 INF API: test ended suite=0 test=268 pass=false
Sep 24 16:58:59.519 INF API: test started suite=0 test=269 name="interop/raw-wrong-chain (nethermind_development)"
Sep 24 16:58:59.521 INF API: test ended suite=0 test=269 pass=false
Sep 24 16:58:59.522 INF API: test started suite=0 test=270 name="interop/state-only-nonempty-output (nethermind_development)"
Sep 24 16:58:59.525 INF API: test ended suite=0 test=270 pass=false
Sep 24 16:59:01.736 INF API: test ended suite=0 test=226 pass=true
Sep 24 16:59:01.737 INF API: test started suite=0 test=271 name="client launch (nethermind_release)"
Sep 24 16:59:09.655 INF API: client nethermind_release started suite=0 test=271 container=c545ef16
Sep 24 16:59:09.780 INF API: test started suite=0 test=272 name="interop/_control/head (nethermind_release)"
Sep 24 16:59:09.792 INF API: test ended suite=0 test=272 pass=false
Sep 24 16:59:09.793 INF API: test started suite=0 test=273 name="interop/_control/latest (nethermind_release)"
Sep 24 16:59:09.796 INF API: test ended suite=0 test=273 pass=false
Sep 24 16:59:09.797 INF API: test started suite=0 test=274 name="interop/_control/version (nethermind_release)"
Sep 24 16:59:09.799 INF API: test ended suite=0 test=274 pass=false
Sep 24 16:59:09.800 INF API: test started suite=0 test=275 name="interop/auth-clear (nethermind_release)"
Sep 24 16:59:09.882 INF API: test ended suite=0 test=275 pass=false
Sep 24 16:59:09.883 INF API: test started suite=0 test=276 name="interop/auth-set-revert (nethermind_release)"
Sep 24 16:59:09.892 INF API: test ended suite=0 test=276 pass=false
Sep 24 16:59:09.893 INF API: test started suite=0 test=277 name="interop/call-gas7400 (nethermind_release)"
Sep 24 16:59:09.919 INF API: test ended suite=0 test=277 pass=false
Sep 24 16:59:09.920 INF API: test started suite=0 test=278 name="interop/call-mcopy (nethermind_release)"
Sep 24 16:59:09.923 INF API: test ended suite=0 test=278 pass=false
Sep 24 16:59:09.924 INF API: test started suite=0 test=279 name="interop/call-mixed-create (nethermind_release)"
Sep 24 16:59:09.931 INF API: test ended suite=0 test=279 pass=false
Sep 24 16:59:09.932 INF API: test started suite=0 test=280 name="interop/call-return42 (nethermind_release)"
Sep 24 16:59:09.935 INF API: test ended suite=0 test=280 pass=false
Sep 24 16:59:09.936 INF API: test started suite=0 test=281 name="interop/call-siblings-revert-ok (nethermind_release)"
Sep 24 16:59:09.940 INF API: test ended suite=0 test=281 pass=false
Sep 24 16:59:09.941 INF API: test started suite=0 test=282 name="interop/constructor (nethermind_release)"
Sep 24 16:59:09.945 INF API: test ended suite=0 test=282 pass=false
Sep 24 16:59:09.945 INF API: test started suite=0 test=283 name="interop/control-code-gas7400 (nethermind_release)"
Sep 24 16:59:09.947 INF API: test ended suite=0 test=283 pass=false
Sep 24 16:59:09.949 INF API: test started suite=0 test=284 name="interop/control-code-siblings-revert-ok (nethermind_release)"
Sep 24 16:59:09.950 INF API: test ended suite=0 test=284 pass=false
Sep 24 16:59:09.951 INF API: test started suite=0 test=285 name="interop/control-head (nethermind_release)"
Sep 24 16:59:09.952 INF API: test ended suite=0 test=285 pass=false
Sep 24 16:59:09.953 INF API: test started suite=0 test=286 name="interop/control-height (nethermind_release)"
Sep 24 16:59:09.957 INF API: test ended suite=0 test=286 pass=false
Sep 24 16:59:09.958 INF API: test started suite=0 test=287 name="interop/debug-gas7400-opcodes (nethermind_release)"
Sep 24 16:59:10.039 INF API: test ended suite=0 test=287 pass=false
Sep 24 16:59:10.040 INF API: test started suite=0 test=288 name="interop/debug-mixed-create (nethermind_release)"
Sep 24 16:59:10.056 INF API: test ended suite=0 test=288 pass=false
Sep 24 16:59:10.057 INF API: test started suite=0 test=289 name="interop/debug-siblings-revert-ok (nethermind_release)"
Sep 24 16:59:10.060 INF API: test ended suite=0 test=289 pass=false
Sep 24 16:59:10.061 INF API: test started suite=0 test=290 name="interop/many-storage-write-revert-read (nethermind_release)"
Sep 24 16:59:10.085 INF API: test ended suite=0 test=290 pass=false
Sep 24 16:59:10.087 INF API: test started suite=0 test=291 name="interop/raw-below-basefee-stateDiff (nethermind_release)"
Sep 24 16:59:10.092 INF API: test ended suite=0 test=291 pass=false
Sep 24 16:59:10.093 INF API: test started suite=0 test=292 name="interop/raw-below-basefee-trace (nethermind_release)"
Sep 24 16:59:10.122 INF API: test ended suite=0 test=292 pass=false
Sep 24 16:59:10.123 INF API: test started suite=0 test=293 name="interop/raw-below-basefee-vmTrace (nethermind_release)"
Sep 24 16:59:10.125 INF API: test ended suite=0 test=293 pass=false
Sep 24 16:59:10.126 INF API: test started suite=0 test=294 name="interop/raw-below-basefee (nethermind_release)"
Sep 24 16:59:10.130 INF API: test ended suite=0 test=294 pass=false
Sep 24 16:59:10.130 INF API: test started suite=0 test=295 name="interop/raw-insufficient-funds-stateDiff (nethermind_release)"
Sep 24 16:59:10.133 INF API: test ended suite=0 test=295 pass=false
Sep 24 16:59:10.134 INF API: test started suite=0 test=296 name="interop/raw-insufficient-funds-trace (nethermind_release)"
Sep 24 16:59:10.136 INF API: test ended suite=0 test=296 pass=false
Sep 24 16:59:10.136 INF API: test started suite=0 test=297 name="interop/raw-insufficient-funds-vmTrace (nethermind_release)"
Sep 24 16:59:10.139 INF API: test ended suite=0 test=297 pass=false
Sep 24 16:59:10.139 INF API: test started suite=0 test=298 name="interop/raw-insufficient-funds (nethermind_release)"
Sep 24 16:59:10.142 INF API: test ended suite=0 test=298 pass=false
Sep 24 16:59:10.143 INF API: test started suite=0 test=299 name="interop/raw-low-gas-stateDiff (nethermind_release)"
Sep 24 16:59:10.145 INF API: test ended suite=0 test=299 pass=false
Sep 24 16:59:10.145 INF API: test started suite=0 test=300 name="interop/raw-low-gas-trace (nethermind_release)"
Sep 24 16:59:10.147 INF API: test ended suite=0 test=300 pass=false
Sep 24 16:59:10.148 INF API: test started suite=0 test=301 name="interop/raw-low-gas-vmTrace (nethermind_release)"
Sep 24 16:59:10.150 INF API: test ended suite=0 test=301 pass=false
Sep 24 16:59:10.150 INF API: test started suite=0 test=302 name="interop/raw-low-gas (nethermind_release)"
Sep 24 16:59:10.154 INF API: test ended suite=0 test=302 pass=false
Sep 24 16:59:10.155 INF API: test started suite=0 test=303 name="interop/raw-nonce-high-stateDiff (nethermind_release)"
Sep 24 16:59:10.157 INF API: test ended suite=0 test=303 pass=false
Sep 24 16:59:10.157 INF API: test started suite=0 test=304 name="interop/raw-nonce-high-trace (nethermind_release)"
Sep 24 16:59:10.159 INF API: test ended suite=0 test=304 pass=false
Sep 24 16:59:10.160 INF API: test started suite=0 test=305 name="interop/raw-nonce-high-vmTrace (nethermind_release)"
Sep 24 16:59:10.162 INF API: test ended suite=0 test=305 pass=false
Sep 24 16:59:10.162 INF API: test started suite=0 test=306 name="interop/raw-nonce-high (nethermind_release)"
Sep 24 16:59:10.164 INF API: test ended suite=0 test=306 pass=false
Sep 24 16:59:10.165 INF API: test started suite=0 test=307 name="interop/raw-valid-stateDiff (nethermind_release)"
Sep 24 16:59:10.168 INF API: test ended suite=0 test=307 pass=false
Sep 24 16:59:10.169 INF API: test started suite=0 test=308 name="interop/raw-valid-trace (nethermind_release)"
Sep 24 16:59:10.171 INF API: test ended suite=0 test=308 pass=false
Sep 24 16:59:10.171 INF API: test started suite=0 test=309 name="interop/raw-valid-vmTrace (nethermind_release)"
Sep 24 16:59:10.173 INF API: test ended suite=0 test=309 pass=false
Sep 24 16:59:10.174 INF API: test started suite=0 test=310 name="interop/raw-valid (nethermind_release)"
Sep 24 16:59:10.177 INF API: test ended suite=0 test=310 pass=false
Sep 24 16:59:10.177 INF API: test started suite=0 test=311 name="interop/raw-wrong-chain-stateDiff (nethermind_release)"
Sep 24 16:59:10.180 INF API: test ended suite=0 test=311 pass=false
Sep 24 16:59:10.180 INF API: test started suite=0 test=312 name="interop/raw-wrong-chain-trace (nethermind_release)"
Sep 24 16:59:10.182 INF API: test ended suite=0 test=312 pass=false
Sep 24 16:59:10.183 INF API: test started suite=0 test=313 name="interop/raw-wrong-chain-vmTrace (nethermind_release)"
Sep 24 16:59:10.185 INF API: test ended suite=0 test=313 pass=false
Sep 24 16:59:10.185 INF API: test started suite=0 test=314 name="interop/raw-wrong-chain (nethermind_release)"
Sep 24 16:59:10.187 INF API: test ended suite=0 test=314 pass=false
Sep 24 16:59:10.188 INF API: test started suite=0 test=315 name="interop/state-only-nonempty-output (nethermind_release)"
Sep 24 16:59:10.190 INF API: test ended suite=0 test=315 pass=false
Sep 24 16:59:11.568 INF API: test ended suite=0 test=271 pass=true
Sep 24 16:59:11.571 INF API: test started suite=0 test=316 name="client launch (reth_development)"
Sep 24 16:59:13.728 INF API: client reth_development started suite=0 test=316 container=8b0004c9
Sep 24 16:59:13.740 INF API: test started suite=0 test=317 name="interop/_control/head (reth_development)"
Sep 24 16:59:13.742 INF API: test ended suite=0 test=317 pass=false
Sep 24 16:59:13.743 INF API: test started suite=0 test=318 name="interop/_control/latest (reth_development)"
Sep 24 16:59:13.745 INF API: test ended suite=0 test=318 pass=false
Sep 24 16:59:13.746 INF API: test started suite=0 test=319 name="interop/_control/version (reth_development)"
Sep 24 16:59:13.748 INF API: test ended suite=0 test=319 pass=false
Sep 24 16:59:13.748 INF API: test started suite=0 test=320 name="interop/auth-clear (reth_development)"
Sep 24 16:59:13.751 INF API: test ended suite=0 test=320 pass=false
Sep 24 16:59:13.752 INF API: test started suite=0 test=321 name="interop/auth-set-revert (reth_development)"
Sep 24 16:59:13.754 INF API: test ended suite=0 test=321 pass=false
Sep 24 16:59:13.755 INF API: test started suite=0 test=322 name="interop/call-gas7400 (reth_development)"
Sep 24 16:59:13.762 INF API: test ended suite=0 test=322 pass=false
Sep 24 16:59:13.763 INF API: test started suite=0 test=323 name="interop/call-mcopy (reth_development)"
Sep 24 16:59:13.766 INF API: test ended suite=0 test=323 pass=false
Sep 24 16:59:13.767 INF API: test started suite=0 test=324 name="interop/call-mixed-create (reth_development)"
Sep 24 16:59:13.770 INF API: test ended suite=0 test=324 pass=false
Sep 24 16:59:13.771 INF API: test started suite=0 test=325 name="interop/call-return42 (reth_development)"
Sep 24 16:59:13.772 INF API: test ended suite=0 test=325 pass=false
Sep 24 16:59:13.773 INF API: test started suite=0 test=326 name="interop/call-siblings-revert-ok (reth_development)"
Sep 24 16:59:13.776 INF API: test ended suite=0 test=326 pass=false
Sep 24 16:59:13.777 INF API: test started suite=0 test=327 name="interop/constructor (reth_development)"
Sep 24 16:59:13.778 INF API: test ended suite=0 test=327 pass=false
Sep 24 16:59:13.779 INF API: test started suite=0 test=328 name="interop/control-code-gas7400 (reth_development)"
Sep 24 16:59:13.780 INF API: test ended suite=0 test=328 pass=false
Sep 24 16:59:13.781 INF API: test started suite=0 test=329 name="interop/control-code-siblings-revert-ok (reth_development)"
Sep 24 16:59:13.783 INF API: test ended suite=0 test=329 pass=false
Sep 24 16:59:13.783 INF API: test started suite=0 test=330 name="interop/control-head (reth_development)"
Sep 24 16:59:13.785 INF API: test ended suite=0 test=330 pass=false
Sep 24 16:59:13.786 INF API: test started suite=0 test=331 name="interop/control-height (reth_development)"
Sep 24 16:59:13.787 INF API: test ended suite=0 test=331 pass=false
Sep 24 16:59:13.788 INF API: test started suite=0 test=332 name="interop/debug-gas7400-opcodes (reth_development)"
Sep 24 16:59:13.789 INF API: test ended suite=0 test=332 pass=false
Sep 24 16:59:13.790 INF API: test started suite=0 test=333 name="interop/debug-mixed-create (reth_development)"
Sep 24 16:59:13.792 INF API: test ended suite=0 test=333 pass=false
Sep 24 16:59:13.792 INF API: test started suite=0 test=334 name="interop/debug-siblings-revert-ok (reth_development)"
Sep 24 16:59:13.794 INF API: test ended suite=0 test=334 pass=false
Sep 24 16:59:13.795 INF API: test started suite=0 test=335 name="interop/many-storage-write-revert-read (reth_development)"
Sep 24 16:59:13.797 INF API: test ended suite=0 test=335 pass=false
Sep 24 16:59:13.797 INF API: test started suite=0 test=336 name="interop/raw-below-basefee-stateDiff (reth_development)"
Sep 24 16:59:13.799 INF API: test ended suite=0 test=336 pass=false
Sep 24 16:59:13.800 INF API: test started suite=0 test=337 name="interop/raw-below-basefee-trace (reth_development)"
Sep 24 16:59:13.801 INF API: test ended suite=0 test=337 pass=false
Sep 24 16:59:13.802 INF API: test started suite=0 test=338 name="interop/raw-below-basefee-vmTrace (reth_development)"
Sep 24 16:59:13.804 INF API: test ended suite=0 test=338 pass=false
Sep 24 16:59:13.805 INF API: test started suite=0 test=339 name="interop/raw-below-basefee (reth_development)"
Sep 24 16:59:13.806 INF API: test ended suite=0 test=339 pass=false
Sep 24 16:59:13.807 INF API: test started suite=0 test=340 name="interop/raw-insufficient-funds-stateDiff (reth_development)"
Sep 24 16:59:13.808 INF API: test ended suite=0 test=340 pass=false
Sep 24 16:59:13.809 INF API: test started suite=0 test=341 name="interop/raw-insufficient-funds-trace (reth_development)"
Sep 24 16:59:13.810 INF API: test ended suite=0 test=341 pass=false
Sep 24 16:59:13.811 INF API: test started suite=0 test=342 name="interop/raw-insufficient-funds-vmTrace (reth_development)"
Sep 24 16:59:13.813 INF API: test ended suite=0 test=342 pass=false
Sep 24 16:59:13.814 INF API: test started suite=0 test=343 name="interop/raw-insufficient-funds (reth_development)"
Sep 24 16:59:13.815 INF API: test ended suite=0 test=343 pass=false
Sep 24 16:59:13.816 INF API: test started suite=0 test=344 name="interop/raw-low-gas-stateDiff (reth_development)"
Sep 24 16:59:13.817 INF API: test ended suite=0 test=344 pass=false
Sep 24 16:59:13.818 INF API: test started suite=0 test=345 name="interop/raw-low-gas-trace (reth_development)"
Sep 24 16:59:13.820 INF API: test ended suite=0 test=345 pass=false
Sep 24 16:59:13.820 INF API: test started suite=0 test=346 name="interop/raw-low-gas-vmTrace (reth_development)"
Sep 24 16:59:13.822 INF API: test ended suite=0 test=346 pass=false
Sep 24 16:59:13.822 INF API: test started suite=0 test=347 name="interop/raw-low-gas (reth_development)"
Sep 24 16:59:13.824 INF API: test ended suite=0 test=347 pass=false
Sep 24 16:59:13.825 INF API: test started suite=0 test=348 name="interop/raw-nonce-high-stateDiff (reth_development)"
Sep 24 16:59:13.826 INF API: test ended suite=0 test=348 pass=false
Sep 24 16:59:13.827 INF API: test started suite=0 test=349 name="interop/raw-nonce-high-trace (reth_development)"
Sep 24 16:59:13.828 INF API: test ended suite=0 test=349 pass=false
Sep 24 16:59:13.829 INF API: test started suite=0 test=350 name="interop/raw-nonce-high-vmTrace (reth_development)"
Sep 24 16:59:13.830 INF API: test ended suite=0 test=350 pass=false
Sep 24 16:59:13.831 INF API: test started suite=0 test=351 name="interop/raw-nonce-high (reth_development)"
Sep 24 16:59:13.832 INF API: test ended suite=0 test=351 pass=false
Sep 24 16:59:13.833 INF API: test started suite=0 test=352 name="interop/raw-valid-stateDiff (reth_development)"
Sep 24 16:59:13.835 INF API: test ended suite=0 test=352 pass=false
Sep 24 16:59:13.836 INF API: test started suite=0 test=353 name="interop/raw-valid-trace (reth_development)"
Sep 24 16:59:13.838 INF API: test ended suite=0 test=353 pass=false
Sep 24 16:59:13.839 INF API: test started suite=0 test=354 name="interop/raw-valid-vmTrace (reth_development)"
Sep 24 16:59:13.841 INF API: test ended suite=0 test=354 pass=false
Sep 24 16:59:13.842 INF API: test started suite=0 test=355 name="interop/raw-valid (reth_development)"
Sep 24 16:59:13.843 INF API: test ended suite=0 test=355 pass=false
Sep 24 16:59:13.844 INF API: test started suite=0 test=356 name="interop/raw-wrong-chain-stateDiff (reth_development)"
Sep 24 16:59:13.845 INF API: test ended suite=0 test=356 pass=false
Sep 24 16:59:13.846 INF API: test started suite=0 test=357 name="interop/raw-wrong-chain-trace (reth_development)"
Sep 24 16:59:13.847 INF API: test ended suite=0 test=357 pass=false
Sep 24 16:59:13.848 INF API: test started suite=0 test=358 name="interop/raw-wrong-chain-vmTrace (reth_development)"
Sep 24 16:59:13.849 INF API: test ended suite=0 test=358 pass=false
Sep 24 16:59:13.850 INF API: test started suite=0 test=359 name="interop/raw-wrong-chain (reth_development)"
Sep 24 16:59:13.851 INF API: test ended suite=0 test=359 pass=false
Sep 24 16:59:13.852 INF API: test started suite=0 test=360 name="interop/state-only-nonempty-output (reth_development)"
Sep 24 16:59:13.853 INF API: test ended suite=0 test=360 pass=false
Sep 24 16:59:14.216 INF API: test ended suite=0 test=316 pass=true
Sep 24 16:59:14.218 INF API: test started suite=0 test=361 name="client launch (reth_release)"
Sep 24 16:59:16.349 INF API: client reth_release started suite=0 test=361 container=986814a7
Sep 24 16:59:16.364 INF API: test started suite=0 test=362 name="interop/_control/head (reth_release)"
Sep 24 16:59:16.366 INF API: test ended suite=0 test=362 pass=false
Sep 24 16:59:16.367 INF API: test started suite=0 test=363 name="interop/_control/latest (reth_release)"
Sep 24 16:59:16.369 INF API: test ended suite=0 test=363 pass=false
Sep 24 16:59:16.370 INF API: test started suite=0 test=364 name="interop/_control/version (reth_release)"
Sep 24 16:59:16.371 INF API: test ended suite=0 test=364 pass=false
Sep 24 16:59:16.372 INF API: test started suite=0 test=365 name="interop/auth-clear (reth_release)"
Sep 24 16:59:16.375 INF API: test ended suite=0 test=365 pass=false
Sep 24 16:59:16.375 INF API: test started suite=0 test=366 name="interop/auth-set-revert (reth_release)"
Sep 24 16:59:16.378 INF API: test ended suite=0 test=366 pass=false
Sep 24 16:59:16.379 INF API: test started suite=0 test=367 name="interop/call-gas7400 (reth_release)"
Sep 24 16:59:16.387 INF API: test ended suite=0 test=367 pass=false
Sep 24 16:59:16.387 INF API: test started suite=0 test=368 name="interop/call-mcopy (reth_release)"
Sep 24 16:59:16.389 INF API: test ended suite=0 test=368 pass=false
Sep 24 16:59:16.390 INF API: test started suite=0 test=369 name="interop/call-mixed-create (reth_release)"
Sep 24 16:59:16.393 INF API: test ended suite=0 test=369 pass=false
Sep 24 16:59:16.394 INF API: test started suite=0 test=370 name="interop/call-return42 (reth_release)"
Sep 24 16:59:16.396 INF API: test ended suite=0 test=370 pass=false
Sep 24 16:59:16.396 INF API: test started suite=0 test=371 name="interop/call-siblings-revert-ok (reth_release)"
Sep 24 16:59:16.399 INF API: test ended suite=0 test=371 pass=false
Sep 24 16:59:16.400 INF API: test started suite=0 test=372 name="interop/constructor (reth_release)"
Sep 24 16:59:16.401 INF API: test ended suite=0 test=372 pass=false
Sep 24 16:59:16.402 INF API: test started suite=0 test=373 name="interop/control-code-gas7400 (reth_release)"
Sep 24 16:59:16.403 INF API: test ended suite=0 test=373 pass=false
Sep 24 16:59:16.403 INF API: test started suite=0 test=374 name="interop/control-code-siblings-revert-ok (reth_release)"
Sep 24 16:59:16.404 INF API: test ended suite=0 test=374 pass=false
Sep 24 16:59:16.405 INF API: test started suite=0 test=375 name="interop/control-head (reth_release)"
Sep 24 16:59:16.406 INF API: test ended suite=0 test=375 pass=false
Sep 24 16:59:16.407 INF API: test started suite=0 test=376 name="interop/control-height (reth_release)"
Sep 24 16:59:16.408 INF API: test ended suite=0 test=376 pass=false
Sep 24 16:59:16.409 INF API: test started suite=0 test=377 name="interop/debug-gas7400-opcodes (reth_release)"
Sep 24 16:59:16.410 INF API: test ended suite=0 test=377 pass=false
Sep 24 16:59:16.411 INF API: test started suite=0 test=378 name="interop/debug-mixed-create (reth_release)"
Sep 24 16:59:16.412 INF API: test ended suite=0 test=378 pass=false
Sep 24 16:59:16.413 INF API: test started suite=0 test=379 name="interop/debug-siblings-revert-ok (reth_release)"
Sep 24 16:59:16.414 INF API: test ended suite=0 test=379 pass=false
Sep 24 16:59:16.415 INF API: test started suite=0 test=380 name="interop/many-storage-write-revert-read (reth_release)"
Sep 24 16:59:16.416 INF API: test ended suite=0 test=380 pass=false
Sep 24 16:59:16.417 INF API: test started suite=0 test=381 name="interop/raw-below-basefee-stateDiff (reth_release)"
Sep 24 16:59:16.419 INF API: test ended suite=0 test=381 pass=false
Sep 24 16:59:16.419 INF API: test started suite=0 test=382 name="interop/raw-below-basefee-trace (reth_release)"
Sep 24 16:59:16.421 INF API: test ended suite=0 test=382 pass=false
Sep 24 16:59:16.421 INF API: test started suite=0 test=383 name="interop/raw-below-basefee-vmTrace (reth_release)"
Sep 24 16:59:16.423 INF API: test ended suite=0 test=383 pass=false
Sep 24 16:59:16.423 INF API: test started suite=0 test=384 name="interop/raw-below-basefee (reth_release)"
Sep 24 16:59:16.425 INF API: test ended suite=0 test=384 pass=false
Sep 24 16:59:16.425 INF API: test started suite=0 test=385 name="interop/raw-insufficient-funds-stateDiff (reth_release)"
Sep 24 16:59:16.426 INF API: test ended suite=0 test=385 pass=false
Sep 24 16:59:16.427 INF API: test started suite=0 test=386 name="interop/raw-insufficient-funds-trace (reth_release)"
Sep 24 16:59:16.428 INF API: test ended suite=0 test=386 pass=false
Sep 24 16:59:16.429 INF API: test started suite=0 test=387 name="interop/raw-insufficient-funds-vmTrace (reth_release)"
Sep 24 16:59:16.430 INF API: test ended suite=0 test=387 pass=false
Sep 24 16:59:16.431 INF API: test started suite=0 test=388 name="interop/raw-insufficient-funds (reth_release)"
Sep 24 16:59:16.433 INF API: test ended suite=0 test=388 pass=false
Sep 24 16:59:16.434 INF API: test started suite=0 test=389 name="interop/raw-low-gas-stateDiff (reth_release)"
Sep 24 16:59:16.435 INF API: test ended suite=0 test=389 pass=false
Sep 24 16:59:16.436 INF API: test started suite=0 test=390 name="interop/raw-low-gas-trace (reth_release)"
Sep 24 16:59:16.437 INF API: test ended suite=0 test=390 pass=false
Sep 24 16:59:16.438 INF API: test started suite=0 test=391 name="interop/raw-low-gas-vmTrace (reth_release)"
Sep 24 16:59:16.440 INF API: test ended suite=0 test=391 pass=false
Sep 24 16:59:16.440 INF API: test started suite=0 test=392 name="interop/raw-low-gas (reth_release)"
Sep 24 16:59:16.442 INF API: test ended suite=0 test=392 pass=false
Sep 24 16:59:16.443 INF API: test started suite=0 test=393 name="interop/raw-nonce-high-stateDiff (reth_release)"
Sep 24 16:59:16.444 INF API: test ended suite=0 test=393 pass=false
Sep 24 16:59:16.445 INF API: test started suite=0 test=394 name="interop/raw-nonce-high-trace (reth_release)"
Sep 24 16:59:16.446 INF API: test ended suite=0 test=394 pass=false
Sep 24 16:59:16.447 INF API: test started suite=0 test=395 name="interop/raw-nonce-high-vmTrace (reth_release)"
Sep 24 16:59:16.448 INF API: test ended suite=0 test=395 pass=false
Sep 24 16:59:16.449 INF API: test started suite=0 test=396 name="interop/raw-nonce-high (reth_release)"
Sep 24 16:59:16.450 INF API: test ended suite=0 test=396 pass=false
Sep 24 16:59:16.451 INF API: test started suite=0 test=397 name="interop/raw-valid-stateDiff (reth_release)"
Sep 24 16:59:16.452 INF API: test ended suite=0 test=397 pass=false
Sep 24 16:59:16.453 INF API: test started suite=0 test=398 name="interop/raw-valid-trace (reth_release)"
Sep 24 16:59:16.455 INF API: test ended suite=0 test=398 pass=false
Sep 24 16:59:16.455 INF API: test started suite=0 test=399 name="interop/raw-valid-vmTrace (reth_release)"
Sep 24 16:59:16.457 INF API: test ended suite=0 test=399 pass=false
Sep 24 16:59:16.458 INF API: test started suite=0 test=400 name="interop/raw-valid (reth_release)"
Sep 24 16:59:16.459 INF API: test ended suite=0 test=400 pass=false
Sep 24 16:59:16.460 INF API: test started suite=0 test=401 name="interop/raw-wrong-chain-stateDiff (reth_release)"
Sep 24 16:59:16.462 INF API: test ended suite=0 test=401 pass=false
Sep 24 16:59:16.462 INF API: test started suite=0 test=402 name="interop/raw-wrong-chain-trace (reth_release)"
Sep 24 16:59:16.463 INF API: test ended suite=0 test=402 pass=false
Sep 24 16:59:16.464 INF API: test started suite=0 test=403 name="interop/raw-wrong-chain-vmTrace (reth_release)"
Sep 24 16:59:16.465 INF API: test ended suite=0 test=403 pass=false
Sep 24 16:59:16.466 INF API: test started suite=0 test=404 name="interop/raw-wrong-chain (reth_release)"
Sep 24 16:59:16.467 INF API: test ended suite=0 test=404 pass=false
Sep 24 16:59:16.468 INF API: test started suite=0 test=405 name="interop/state-only-nonempty-output (reth_release)"
Sep 24 16:59:16.469 INF API: test ended suite=0 test=405 pass=false
Sep 24 16:59:16.736 INF API: test ended suite=0 test=361 pass=true
Sep 24 16:59:16.745 INF API: suite ended suite=0
Sep 24 16:59:17.133 INF simulation ethereum/rpc-compat finished suites=1 tests=405 failed=396
396 tests failed
