Sep 24 22:58:38.807 INF building image image=hive/hiveproxy nocache=false pull=false
Sep 24 22:58:38.849 INF building 9 clients...
Sep 24 22:58:38.849 INF building image image=hive/clients/besu_development:latest dir=clients/besu nocache=false pull=false baseimage=trace-interop/besu tag=08ff27ec6642686495169a70672d126ad494b48d3152537529a0628d7841b46c
Sep 24 22:58:38.901 INF building image image=hive/clients/besu_release:latest dir=clients/besu nocache=false pull=false baseimage=trace-interop/besu tag=f3713c713ca4f9e89c09e1478d2a85116ba9ce8343129d709420ba2af009598b
Sep 24 22:58:38.939 INF building image image=hive/clients/erigon_development:latest dir=clients/erigon nocache=false pull=false baseimage=trace-interop/erigon tag=96ed3bf9e6103fa7348e8223f07becfaf1d19b43fb66524f295bdb83e12dbee5
Sep 24 22:58:38.974 INF building image image=hive/clients/erigon_release:latest dir=clients/erigon nocache=false pull=false baseimage=trace-interop/erigon tag=8668d9c5adc01ad1d12aa25380e384079080bdde7e0ce93f11bed422d82ca0ac
Sep 24 22:58:39.008 INF building image image=hive/clients/go-ethereum_trace:latest dir=clients/go-ethereum nocache=false pull=false baseimage=trace-interop/go-ethereum tag=06c86d469c85929160da6503691f9971d03cf659495075282b81f8919c86f97c
Sep 24 22:58:39.046 INF building image image=hive/clients/nethermind_development:latest dir=clients/nethermind nocache=false pull=false baseimage=trace-interop/nethermind tag=9a73261ff8a3adbf940d822db3557cedadd5702cd98862b875d8645f9db6302a
Sep 24 22:58:39.086 INF building image image=hive/clients/nethermind_release:latest dir=clients/nethermind nocache=false pull=false baseimage=trace-interop/nethermind tag=d6b98371fce49848629f4841a9ef2cfc416c90ee187bc82291e97ca77cb108e4
Sep 24 22:58:39.128 INF building image image=hive/clients/reth_development:latest dir=clients/reth nocache=false pull=false baseimage=trace-interop/reth tag=935f179789c1d4fc921c181a4fa21f3262e5d0509061ddbad4398b37db3f33bf
Sep 24 22:58:39.162 INF building image image=hive/clients/reth_release:latest dir=clients/reth nocache=false pull=false baseimage=trace-interop/reth tag=e939dc4a471d9d27224e430f607a954d692ca5037a1350ee2036397d14532ca7
Sep 24 22:58:39.191 INF building 1 simulators...
Sep 24 22:58:39.191 INF building image image=hive/simulators/ethereum/rpc-compat:latest dir=simulators/ethereum/rpc-compat nocache=false pull=false
Sep 24 22:58:39.214 INF creating output directory folder=/home/banteg/dev/trace-adopted-20260924/evidence/2026-09-24/adopted-stances/precompiles/hive
Sep 24 22:58:39.222 INF running simulation: ethereum/rpc-compat
Sep 24 22:58:39.398 INF hiveproxy started container=12b79882db79 addr=172.17.0.2:8081
Sep 24 22:58:39.563 INF API: suite started suite=0 name=rpc-compat
Sep 24 22:58:39.565 INF API: test started suite=0 test=1 name="client launch (besu_development)"
Sep 24 22:58:47.815 INF API: client besu_development started suite=0 test=1 container=23fbbb42
Sep 24 22:58:48.113 INF API: test started suite=0 test=2 name="interop/_control/head (besu_development)"
Sep 24 22:58:48.121 INF API: test ended suite=0 test=2 pass=false
Sep 24 22:58:48.122 INF API: test started suite=0 test=3 name="interop/_control/latest (besu_development)"
Sep 24 22:58:48.129 INF API: test ended suite=0 test=3 pass=false
Sep 24 22:58:48.129 INF API: test started suite=0 test=4 name="interop/_control/version (besu_development)"
Sep 24 22:58:48.134 INF API: test ended suite=0 test=4 pass=false
Sep 24 22:58:48.135 INF API: test started suite=0 test=5 name="interop/nested-call-value0-failed (besu_development)"
Sep 24 22:58:48.223 INF API: test ended suite=0 test=5 pass=false
Sep 24 22:58:48.224 INF API: test started suite=0 test=6 name="interop/nested-call-value0-success (besu_development)"
Sep 24 22:58:48.238 INF API: test ended suite=0 test=6 pass=false
Sep 24 22:58:48.239 INF API: test started suite=0 test=7 name="interop/nested-call-value1-failed (besu_development)"
Sep 24 22:58:48.248 INF API: test ended suite=0 test=7 pass=false
Sep 24 22:58:48.250 INF API: test started suite=0 test=8 name="interop/nested-call-value1-success (besu_development)"
Sep 24 22:58:48.261 INF API: test ended suite=0 test=8 pass=false
Sep 24 22:58:48.262 INF API: test started suite=0 test=9 name="interop/nested-callcode-value0-failed (besu_development)"
Sep 24 22:58:48.274 INF API: test ended suite=0 test=9 pass=false
Sep 24 22:58:48.275 INF API: test started suite=0 test=10 name="interop/nested-callcode-value0-success (besu_development)"
Sep 24 22:58:48.287 INF API: test ended suite=0 test=10 pass=false
Sep 24 22:58:48.288 INF API: test started suite=0 test=11 name="interop/nested-callcode-value1-failed (besu_development)"
Sep 24 22:58:48.300 INF API: test ended suite=0 test=11 pass=false
Sep 24 22:58:48.301 INF API: test started suite=0 test=12 name="interop/nested-callcode-value1-success (besu_development)"
Sep 24 22:58:48.313 INF API: test ended suite=0 test=12 pass=false
Sep 24 22:58:48.313 INF API: test started suite=0 test=13 name="interop/nested-delegatecall-value0-failed (besu_development)"
Sep 24 22:58:48.326 INF API: test ended suite=0 test=13 pass=false
Sep 24 22:58:48.326 INF API: test started suite=0 test=14 name="interop/nested-delegatecall-value0-success (besu_development)"
Sep 24 22:58:48.340 INF API: test ended suite=0 test=14 pass=false
Sep 24 22:58:48.342 INF API: test started suite=0 test=15 name="interop/nested-delegatecall-value1-failed (besu_development)"
Sep 24 22:58:48.351 INF API: test ended suite=0 test=15 pass=false
Sep 24 22:58:48.353 INF API: test started suite=0 test=16 name="interop/nested-delegatecall-value1-success (besu_development)"
Sep 24 22:58:48.363 INF API: test ended suite=0 test=16 pass=false
Sep 24 22:58:48.364 INF API: test started suite=0 test=17 name="interop/nested-staticcall-value0-failed (besu_development)"
Sep 24 22:58:48.372 INF API: test ended suite=0 test=17 pass=false
Sep 24 22:58:48.374 INF API: test started suite=0 test=18 name="interop/nested-staticcall-value0-success (besu_development)"
Sep 24 22:58:48.384 INF API: test ended suite=0 test=18 pass=false
Sep 24 22:58:48.385 INF API: test started suite=0 test=19 name="interop/root-failed (besu_development)"
Sep 24 22:58:48.397 INF API: test ended suite=0 test=19 pass=false
Sep 24 22:58:48.398 INF API: test started suite=0 test=20 name="interop/root-success (besu_development)"
Sep 24 22:58:48.405 INF API: test ended suite=0 test=20 pass=false
Sep 24 22:58:48.561 INF API: test ended suite=0 test=1 pass=true
Sep 24 22:58:48.562 INF API: test started suite=0 test=21 name="client launch (besu_release)"
Sep 24 22:58:57.421 INF API: client besu_release started suite=0 test=21 container=6f60b032
Sep 24 22:58:57.692 INF API: test started suite=0 test=22 name="interop/_control/head (besu_release)"
Sep 24 22:58:57.707 INF API: test ended suite=0 test=22 pass=false
Sep 24 22:58:57.709 INF API: test started suite=0 test=23 name="interop/_control/latest (besu_release)"
Sep 24 22:58:57.715 INF API: test ended suite=0 test=23 pass=false
Sep 24 22:58:57.716 INF API: test started suite=0 test=24 name="interop/_control/version (besu_release)"
Sep 24 22:58:57.721 INF API: test ended suite=0 test=24 pass=false
Sep 24 22:58:57.722 INF API: test started suite=0 test=25 name="interop/nested-call-value0-failed (besu_release)"
Sep 24 22:58:57.806 INF API: test ended suite=0 test=25 pass=false
Sep 24 22:58:57.807 INF API: test started suite=0 test=26 name="interop/nested-call-value0-success (besu_release)"
Sep 24 22:58:57.836 INF API: test ended suite=0 test=26 pass=false
Sep 24 22:58:57.837 INF API: test started suite=0 test=27 name="interop/nested-call-value1-failed (besu_release)"
Sep 24 22:58:57.847 INF API: test ended suite=0 test=27 pass=false
Sep 24 22:58:57.848 INF API: test started suite=0 test=28 name="interop/nested-call-value1-success (besu_release)"
Sep 24 22:58:57.860 INF API: test ended suite=0 test=28 pass=false
Sep 24 22:58:57.861 INF API: test started suite=0 test=29 name="interop/nested-callcode-value0-failed (besu_release)"
Sep 24 22:58:57.870 INF API: test ended suite=0 test=29 pass=false
Sep 24 22:58:57.871 INF API: test started suite=0 test=30 name="interop/nested-callcode-value0-success (besu_release)"
Sep 24 22:58:57.882 INF API: test ended suite=0 test=30 pass=false
Sep 24 22:58:57.883 INF API: test started suite=0 test=31 name="interop/nested-callcode-value1-failed (besu_release)"
Sep 24 22:58:57.892 INF API: test ended suite=0 test=31 pass=false
Sep 24 22:58:57.893 INF API: test started suite=0 test=32 name="interop/nested-callcode-value1-success (besu_release)"
Sep 24 22:58:57.903 INF API: test ended suite=0 test=32 pass=false
Sep 24 22:58:57.904 INF API: test started suite=0 test=33 name="interop/nested-delegatecall-value0-failed (besu_release)"
Sep 24 22:58:57.915 INF API: test ended suite=0 test=33 pass=false
Sep 24 22:58:57.916 INF API: test started suite=0 test=34 name="interop/nested-delegatecall-value0-success (besu_release)"
Sep 24 22:58:57.925 INF API: test ended suite=0 test=34 pass=false
Sep 24 22:58:57.927 INF API: test started suite=0 test=35 name="interop/nested-delegatecall-value1-failed (besu_release)"
Sep 24 22:58:57.936 INF API: test ended suite=0 test=35 pass=false
Sep 24 22:58:57.937 INF API: test started suite=0 test=36 name="interop/nested-delegatecall-value1-success (besu_release)"
Sep 24 22:58:57.945 INF API: test ended suite=0 test=36 pass=false
Sep 24 22:58:57.947 INF API: test started suite=0 test=37 name="interop/nested-staticcall-value0-failed (besu_release)"
Sep 24 22:58:57.955 INF API: test ended suite=0 test=37 pass=false
Sep 24 22:58:57.956 INF API: test started suite=0 test=38 name="interop/nested-staticcall-value0-success (besu_release)"
Sep 24 22:58:57.966 INF API: test ended suite=0 test=38 pass=false
Sep 24 22:58:57.967 INF API: test started suite=0 test=39 name="interop/root-failed (besu_release)"
Sep 24 22:58:57.976 INF API: test ended suite=0 test=39 pass=false
Sep 24 22:58:57.977 INF API: test started suite=0 test=40 name="interop/root-success (besu_release)"
Sep 24 22:58:57.983 INF API: test ended suite=0 test=40 pass=false
Sep 24 22:58:58.815 INF API: test ended suite=0 test=21 pass=true
Sep 24 22:58:58.816 INF API: test started suite=0 test=41 name="client launch (erigon_development)"
Sep 24 22:59:00.238 INF API: client erigon_development started suite=0 test=41 container=d95a668f
Sep 24 22:59:00.251 INF API: test started suite=0 test=42 name="interop/_control/head (erigon_development)"
Sep 24 22:59:00.253 INF API: test ended suite=0 test=42 pass=false
Sep 24 22:59:00.254 INF API: test started suite=0 test=43 name="interop/_control/latest (erigon_development)"
Sep 24 22:59:00.255 INF API: test ended suite=0 test=43 pass=false
Sep 24 22:59:00.256 INF API: test started suite=0 test=44 name="interop/_control/version (erigon_development)"
Sep 24 22:59:00.257 INF API: test ended suite=0 test=44 pass=false
Sep 24 22:59:00.258 INF API: test started suite=0 test=45 name="interop/nested-call-value0-failed (erigon_development)"
Sep 24 22:59:00.261 INF API: test ended suite=0 test=45 pass=false
Sep 24 22:59:00.262 INF API: test started suite=0 test=46 name="interop/nested-call-value0-success (erigon_development)"
Sep 24 22:59:00.263 INF API: test ended suite=0 test=46 pass=false
Sep 24 22:59:00.264 INF API: test started suite=0 test=47 name="interop/nested-call-value1-failed (erigon_development)"
Sep 24 22:59:00.266 INF API: test ended suite=0 test=47 pass=false
Sep 24 22:59:00.267 INF API: test started suite=0 test=48 name="interop/nested-call-value1-success (erigon_development)"
Sep 24 22:59:00.269 INF API: test ended suite=0 test=48 pass=false
Sep 24 22:59:00.269 INF API: test started suite=0 test=49 name="interop/nested-callcode-value0-failed (erigon_development)"
Sep 24 22:59:00.271 INF API: test ended suite=0 test=49 pass=false
Sep 24 22:59:00.272 INF API: test started suite=0 test=50 name="interop/nested-callcode-value0-success (erigon_development)"
Sep 24 22:59:00.274 INF API: test ended suite=0 test=50 pass=false
Sep 24 22:59:00.275 INF API: test started suite=0 test=51 name="interop/nested-callcode-value1-failed (erigon_development)"
Sep 24 22:59:00.277 INF API: test ended suite=0 test=51 pass=false
Sep 24 22:59:00.278 INF API: test started suite=0 test=52 name="interop/nested-callcode-value1-success (erigon_development)"
Sep 24 22:59:00.280 INF API: test ended suite=0 test=52 pass=false
Sep 24 22:59:00.280 INF API: test started suite=0 test=53 name="interop/nested-delegatecall-value0-failed (erigon_development)"
Sep 24 22:59:00.283 INF API: test ended suite=0 test=53 pass=false
Sep 24 22:59:00.284 INF API: test started suite=0 test=54 name="interop/nested-delegatecall-value0-success (erigon_development)"
Sep 24 22:59:00.286 INF API: test ended suite=0 test=54 pass=false
Sep 24 22:59:00.287 INF API: test started suite=0 test=55 name="interop/nested-delegatecall-value1-failed (erigon_development)"
Sep 24 22:59:00.289 INF API: test ended suite=0 test=55 pass=false
Sep 24 22:59:00.290 INF API: test started suite=0 test=56 name="interop/nested-delegatecall-value1-success (erigon_development)"
Sep 24 22:59:00.291 INF API: test ended suite=0 test=56 pass=false
Sep 24 22:59:00.292 INF API: test started suite=0 test=57 name="interop/nested-staticcall-value0-failed (erigon_development)"
Sep 24 22:59:00.294 INF API: test ended suite=0 test=57 pass=false
Sep 24 22:59:00.295 INF API: test started suite=0 test=58 name="interop/nested-staticcall-value0-success (erigon_development)"
Sep 24 22:59:00.297 INF API: test ended suite=0 test=58 pass=false
Sep 24 22:59:00.297 INF API: test started suite=0 test=59 name="interop/root-failed (erigon_development)"
Sep 24 22:59:00.299 INF API: test ended suite=0 test=59 pass=false
Sep 24 22:59:00.299 INF API: test started suite=0 test=60 name="interop/root-success (erigon_development)"
Sep 24 22:59:00.301 INF API: test ended suite=0 test=60 pass=false
Sep 24 22:59:00.846 INF API: test ended suite=0 test=41 pass=true
Sep 24 22:59:00.847 INF API: test started suite=0 test=61 name="client launch (erigon_release)"
Sep 24 22:59:02.389 INF API: client erigon_release started suite=0 test=61 container=894a4afc
Sep 24 22:59:02.418 INF API: test started suite=0 test=62 name="interop/_control/head (erigon_release)"
Sep 24 22:59:02.431 INF API: test ended suite=0 test=62 pass=false
Sep 24 22:59:02.432 INF API: test started suite=0 test=63 name="interop/_control/latest (erigon_release)"
Sep 24 22:59:02.434 INF API: test ended suite=0 test=63 pass=false
Sep 24 22:59:02.435 INF API: test started suite=0 test=64 name="interop/_control/version (erigon_release)"
Sep 24 22:59:02.436 INF API: test ended suite=0 test=64 pass=false
Sep 24 22:59:02.437 INF API: test started suite=0 test=65 name="interop/nested-call-value0-failed (erigon_release)"
Sep 24 22:59:02.441 INF API: test ended suite=0 test=65 pass=false
Sep 24 22:59:02.442 INF API: test started suite=0 test=66 name="interop/nested-call-value0-success (erigon_release)"
Sep 24 22:59:02.444 INF API: test ended suite=0 test=66 pass=false
Sep 24 22:59:02.445 INF API: test started suite=0 test=67 name="interop/nested-call-value1-failed (erigon_release)"
Sep 24 22:59:02.448 INF API: test ended suite=0 test=67 pass=false
Sep 24 22:59:02.448 INF API: test started suite=0 test=68 name="interop/nested-call-value1-success (erigon_release)"
Sep 24 22:59:02.451 INF API: test ended suite=0 test=68 pass=false
Sep 24 22:59:02.452 INF API: test started suite=0 test=69 name="interop/nested-callcode-value0-failed (erigon_release)"
Sep 24 22:59:02.454 INF API: test ended suite=0 test=69 pass=false
Sep 24 22:59:02.454 INF API: test started suite=0 test=70 name="interop/nested-callcode-value0-success (erigon_release)"
Sep 24 22:59:02.456 INF API: test ended suite=0 test=70 pass=false
Sep 24 22:59:02.457 INF API: test started suite=0 test=71 name="interop/nested-callcode-value1-failed (erigon_release)"
Sep 24 22:59:02.459 INF API: test ended suite=0 test=71 pass=false
Sep 24 22:59:02.460 INF API: test started suite=0 test=72 name="interop/nested-callcode-value1-success (erigon_release)"
Sep 24 22:59:02.462 INF API: test ended suite=0 test=72 pass=false
Sep 24 22:59:02.462 INF API: test started suite=0 test=73 name="interop/nested-delegatecall-value0-failed (erigon_release)"
Sep 24 22:59:02.464 INF API: test ended suite=0 test=73 pass=false
Sep 24 22:59:02.465 INF API: test started suite=0 test=74 name="interop/nested-delegatecall-value0-success (erigon_release)"
Sep 24 22:59:02.467 INF API: test ended suite=0 test=74 pass=false
Sep 24 22:59:02.468 INF API: test started suite=0 test=75 name="interop/nested-delegatecall-value1-failed (erigon_release)"
Sep 24 22:59:02.471 INF API: test ended suite=0 test=75 pass=false
Sep 24 22:59:02.471 INF API: test started suite=0 test=76 name="interop/nested-delegatecall-value1-success (erigon_release)"
Sep 24 22:59:02.474 INF API: test ended suite=0 test=76 pass=false
Sep 24 22:59:02.475 INF API: test started suite=0 test=77 name="interop/nested-staticcall-value0-failed (erigon_release)"
Sep 24 22:59:02.477 INF API: test ended suite=0 test=77 pass=false
Sep 24 22:59:02.478 INF API: test started suite=0 test=78 name="interop/nested-staticcall-value0-success (erigon_release)"
Sep 24 22:59:02.480 INF API: test ended suite=0 test=78 pass=false
Sep 24 22:59:02.481 INF API: test started suite=0 test=79 name="interop/root-failed (erigon_release)"
Sep 24 22:59:02.483 INF API: test ended suite=0 test=79 pass=false
Sep 24 22:59:02.484 INF API: test started suite=0 test=80 name="interop/root-success (erigon_release)"
Sep 24 22:59:02.486 INF API: test ended suite=0 test=80 pass=false
Sep 24 22:59:02.826 INF API: test ended suite=0 test=61 pass=true
Sep 24 22:59:02.828 INF API: test started suite=0 test=81 name="client launch (go-ethereum_trace)"
Sep 24 22:59:04.822 INF API: client go-ethereum_trace started suite=0 test=81 container=3d68ea44
Sep 24 22:59:04.837 INF API: test started suite=0 test=82 name="interop/_control/head (go-ethereum_trace)"
Sep 24 22:59:04.855 INF API: test ended suite=0 test=82 pass=false
Sep 24 22:59:04.856 INF API: test started suite=0 test=83 name="interop/_control/latest (go-ethereum_trace)"
Sep 24 22:59:04.867 INF API: test ended suite=0 test=83 pass=false
Sep 24 22:59:04.868 INF API: test started suite=0 test=84 name="interop/_control/version (go-ethereum_trace)"
Sep 24 22:59:04.869 INF API: test ended suite=0 test=84 pass=false
Sep 24 22:59:04.870 INF API: test started suite=0 test=85 name="interop/nested-call-value0-failed (go-ethereum_trace)"
Sep 24 22:59:04.872 INF API: test ended suite=0 test=85 pass=false
Sep 24 22:59:04.873 INF API: test started suite=0 test=86 name="interop/nested-call-value0-success (go-ethereum_trace)"
Sep 24 22:59:04.876 INF API: test ended suite=0 test=86 pass=false
Sep 24 22:59:04.877 INF API: test started suite=0 test=87 name="interop/nested-call-value1-failed (go-ethereum_trace)"
Sep 24 22:59:04.880 INF API: test ended suite=0 test=87 pass=false
Sep 24 22:59:04.880 INF API: test started suite=0 test=88 name="interop/nested-call-value1-success (go-ethereum_trace)"
Sep 24 22:59:04.883 INF API: test ended suite=0 test=88 pass=false
Sep 24 22:59:04.883 INF API: test started suite=0 test=89 name="interop/nested-callcode-value0-failed (go-ethereum_trace)"
Sep 24 22:59:04.886 INF API: test ended suite=0 test=89 pass=false
Sep 24 22:59:04.887 INF API: test started suite=0 test=90 name="interop/nested-callcode-value0-success (go-ethereum_trace)"
Sep 24 22:59:04.889 INF API: test ended suite=0 test=90 pass=false
Sep 24 22:59:04.889 INF API: test started suite=0 test=91 name="interop/nested-callcode-value1-failed (go-ethereum_trace)"
Sep 24 22:59:04.891 INF API: test ended suite=0 test=91 pass=false
Sep 24 22:59:04.892 INF API: test started suite=0 test=92 name="interop/nested-callcode-value1-success (go-ethereum_trace)"
Sep 24 22:59:04.894 INF API: test ended suite=0 test=92 pass=false
Sep 24 22:59:04.895 INF API: test started suite=0 test=93 name="interop/nested-delegatecall-value0-failed (go-ethereum_trace)"
Sep 24 22:59:04.898 INF API: test ended suite=0 test=93 pass=false
Sep 24 22:59:04.899 INF API: test started suite=0 test=94 name="interop/nested-delegatecall-value0-success (go-ethereum_trace)"
Sep 24 22:59:04.901 INF API: test ended suite=0 test=94 pass=false
Sep 24 22:59:04.902 INF API: test started suite=0 test=95 name="interop/nested-delegatecall-value1-failed (go-ethereum_trace)"
Sep 24 22:59:04.904 INF API: test ended suite=0 test=95 pass=false
Sep 24 22:59:04.905 INF API: test started suite=0 test=96 name="interop/nested-delegatecall-value1-success (go-ethereum_trace)"
Sep 24 22:59:04.908 INF API: test ended suite=0 test=96 pass=false
Sep 24 22:59:04.908 INF API: test started suite=0 test=97 name="interop/nested-staticcall-value0-failed (go-ethereum_trace)"
Sep 24 22:59:04.911 INF API: test ended suite=0 test=97 pass=false
Sep 24 22:59:04.912 INF API: test started suite=0 test=98 name="interop/nested-staticcall-value0-success (go-ethereum_trace)"
Sep 24 22:59:04.914 INF API: test ended suite=0 test=98 pass=false
Sep 24 22:59:04.915 INF API: test started suite=0 test=99 name="interop/root-failed (go-ethereum_trace)"
Sep 24 22:59:04.917 INF API: test ended suite=0 test=99 pass=false
Sep 24 22:59:04.917 INF API: test started suite=0 test=100 name="interop/root-success (go-ethereum_trace)"
Sep 24 22:59:04.920 INF API: test ended suite=0 test=100 pass=false
Sep 24 22:59:05.159 INF API: test ended suite=0 test=81 pass=true
Sep 24 22:59:05.160 INF API: test started suite=0 test=101 name="client launch (nethermind_development)"
Sep 24 22:59:12.956 INF API: client nethermind_development started suite=0 test=101 container=8dc27f7f
Sep 24 22:59:13.121 INF API: test started suite=0 test=102 name="interop/_control/head (nethermind_development)"
Sep 24 22:59:13.136 INF API: test ended suite=0 test=102 pass=false
Sep 24 22:59:13.137 INF API: test started suite=0 test=103 name="interop/_control/latest (nethermind_development)"
Sep 24 22:59:13.139 INF API: test ended suite=0 test=103 pass=false
Sep 24 22:59:13.140 INF API: test started suite=0 test=104 name="interop/_control/version (nethermind_development)"
Sep 24 22:59:13.142 INF API: test ended suite=0 test=104 pass=false
Sep 24 22:59:13.144 INF API: test started suite=0 test=105 name="interop/nested-call-value0-failed (nethermind_development)"
Sep 24 22:59:13.360 INF API: test ended suite=0 test=105 pass=false
Sep 24 22:59:13.361 INF API: test started suite=0 test=106 name="interop/nested-call-value0-success (nethermind_development)"
Sep 24 22:59:13.368 INF API: test ended suite=0 test=106 pass=false
Sep 24 22:59:13.369 INF API: test started suite=0 test=107 name="interop/nested-call-value1-failed (nethermind_development)"
Sep 24 22:59:13.375 INF API: test ended suite=0 test=107 pass=false
Sep 24 22:59:13.376 INF API: test started suite=0 test=108 name="interop/nested-call-value1-success (nethermind_development)"
Sep 24 22:59:13.380 INF API: test ended suite=0 test=108 pass=false
Sep 24 22:59:13.381 INF API: test started suite=0 test=109 name="interop/nested-callcode-value0-failed (nethermind_development)"
Sep 24 22:59:13.398 INF API: test ended suite=0 test=109 pass=false
Sep 24 22:59:13.399 INF API: test started suite=0 test=110 name="interop/nested-callcode-value0-success (nethermind_development)"
Sep 24 22:59:13.403 INF API: test ended suite=0 test=110 pass=false
Sep 24 22:59:13.404 INF API: test started suite=0 test=111 name="interop/nested-callcode-value1-failed (nethermind_development)"
Sep 24 22:59:13.407 INF API: test ended suite=0 test=111 pass=false
Sep 24 22:59:13.407 INF API: test started suite=0 test=112 name="interop/nested-callcode-value1-success (nethermind_development)"
Sep 24 22:59:13.411 INF API: test ended suite=0 test=112 pass=false
Sep 24 22:59:13.412 INF API: test started suite=0 test=113 name="interop/nested-delegatecall-value0-failed (nethermind_development)"
Sep 24 22:59:13.431 INF API: test ended suite=0 test=113 pass=false
Sep 24 22:59:13.432 INF API: test started suite=0 test=114 name="interop/nested-delegatecall-value0-success (nethermind_development)"
Sep 24 22:59:13.436 INF API: test ended suite=0 test=114 pass=false
Sep 24 22:59:13.437 INF API: test started suite=0 test=115 name="interop/nested-delegatecall-value1-failed (nethermind_development)"
Sep 24 22:59:13.440 INF API: test ended suite=0 test=115 pass=false
Sep 24 22:59:13.441 INF API: test started suite=0 test=116 name="interop/nested-delegatecall-value1-success (nethermind_development)"
Sep 24 22:59:13.444 INF API: test ended suite=0 test=116 pass=false
Sep 24 22:59:13.445 INF API: test started suite=0 test=117 name="interop/nested-staticcall-value0-failed (nethermind_development)"
Sep 24 22:59:13.465 INF API: test ended suite=0 test=117 pass=false
Sep 24 22:59:13.467 INF API: test started suite=0 test=118 name="interop/nested-staticcall-value0-success (nethermind_development)"
Sep 24 22:59:13.470 INF API: test ended suite=0 test=118 pass=false
Sep 24 22:59:13.471 INF API: test started suite=0 test=119 name="interop/root-failed (nethermind_development)"
Sep 24 22:59:13.475 INF API: test ended suite=0 test=119 pass=false
Sep 24 22:59:13.476 INF API: test started suite=0 test=120 name="interop/root-success (nethermind_development)"
Sep 24 22:59:13.478 INF API: test ended suite=0 test=120 pass=false
Sep 24 22:59:13.842 INF API: test ended suite=0 test=101 pass=true
Sep 24 22:59:13.845 INF API: test started suite=0 test=121 name="client launch (nethermind_release)"
Sep 24 22:59:21.458 INF API: client nethermind_release started suite=0 test=121 container=de57ffb1
Sep 24 22:59:21.617 INF API: test started suite=0 test=122 name="interop/_control/head (nethermind_release)"
Sep 24 22:59:21.628 INF API: test ended suite=0 test=122 pass=false
Sep 24 22:59:21.629 INF API: test started suite=0 test=123 name="interop/_control/latest (nethermind_release)"
Sep 24 22:59:21.630 INF API: test ended suite=0 test=123 pass=false
Sep 24 22:59:21.631 INF API: test started suite=0 test=124 name="interop/_control/version (nethermind_release)"
Sep 24 22:59:21.633 INF API: test ended suite=0 test=124 pass=false
Sep 24 22:59:21.634 INF API: test started suite=0 test=125 name="interop/nested-call-value0-failed (nethermind_release)"
Sep 24 22:59:21.769 INF API: test ended suite=0 test=125 pass=false
Sep 24 22:59:21.771 INF API: test started suite=0 test=126 name="interop/nested-call-value0-success (nethermind_release)"
Sep 24 22:59:21.783 INF API: test ended suite=0 test=126 pass=false
Sep 24 22:59:21.784 INF API: test started suite=0 test=127 name="interop/nested-call-value1-failed (nethermind_release)"
Sep 24 22:59:21.788 INF API: test ended suite=0 test=127 pass=false
Sep 24 22:59:21.789 INF API: test started suite=0 test=128 name="interop/nested-call-value1-success (nethermind_release)"
Sep 24 22:59:21.793 INF API: test ended suite=0 test=128 pass=false
Sep 24 22:59:21.794 INF API: test started suite=0 test=129 name="interop/nested-callcode-value0-failed (nethermind_release)"
Sep 24 22:59:21.797 INF API: test ended suite=0 test=129 pass=false
Sep 24 22:59:21.798 INF API: test started suite=0 test=130 name="interop/nested-callcode-value0-success (nethermind_release)"
Sep 24 22:59:21.801 INF API: test ended suite=0 test=130 pass=false
Sep 24 22:59:21.802 INF API: test started suite=0 test=131 name="interop/nested-callcode-value1-failed (nethermind_release)"
Sep 24 22:59:21.804 INF API: test ended suite=0 test=131 pass=false
Sep 24 22:59:21.805 INF API: test started suite=0 test=132 name="interop/nested-callcode-value1-success (nethermind_release)"
Sep 24 22:59:21.808 INF API: test ended suite=0 test=132 pass=false
Sep 24 22:59:21.809 INF API: test started suite=0 test=133 name="interop/nested-delegatecall-value0-failed (nethermind_release)"
Sep 24 22:59:21.812 INF API: test ended suite=0 test=133 pass=false
Sep 24 22:59:21.813 INF API: test started suite=0 test=134 name="interop/nested-delegatecall-value0-success (nethermind_release)"
Sep 24 22:59:21.815 INF API: test ended suite=0 test=134 pass=false
Sep 24 22:59:21.816 INF API: test started suite=0 test=135 name="interop/nested-delegatecall-value1-failed (nethermind_release)"
Sep 24 22:59:21.819 INF API: test ended suite=0 test=135 pass=false
Sep 24 22:59:21.819 INF API: test started suite=0 test=136 name="interop/nested-delegatecall-value1-success (nethermind_release)"
Sep 24 22:59:21.822 INF API: test ended suite=0 test=136 pass=false
Sep 24 22:59:21.823 INF API: test started suite=0 test=137 name="interop/nested-staticcall-value0-failed (nethermind_release)"
Sep 24 22:59:21.825 INF API: test ended suite=0 test=137 pass=false
Sep 24 22:59:21.826 INF API: test started suite=0 test=138 name="interop/nested-staticcall-value0-success (nethermind_release)"
Sep 24 22:59:21.828 INF API: test ended suite=0 test=138 pass=false
Sep 24 22:59:21.830 INF API: test started suite=0 test=139 name="interop/root-failed (nethermind_release)"
Sep 24 22:59:21.833 INF API: test ended suite=0 test=139 pass=false
Sep 24 22:59:21.833 INF API: test started suite=0 test=140 name="interop/root-success (nethermind_release)"
Sep 24 22:59:21.836 INF API: test ended suite=0 test=140 pass=false
Sep 24 22:59:22.095 INF API: test ended suite=0 test=121 pass=true
Sep 24 22:59:22.097 INF API: test started suite=0 test=141 name="client launch (reth_development)"
Sep 24 22:59:24.108 INF API: client reth_development started suite=0 test=141 container=e304f178
Sep 24 22:59:24.117 INF API: test started suite=0 test=142 name="interop/_control/head (reth_development)"
Sep 24 22:59:24.119 INF API: test ended suite=0 test=142 pass=false
Sep 24 22:59:24.120 INF API: test started suite=0 test=143 name="interop/_control/latest (reth_development)"
Sep 24 22:59:24.121 INF API: test ended suite=0 test=143 pass=false
Sep 24 22:59:24.122 INF API: test started suite=0 test=144 name="interop/_control/version (reth_development)"
Sep 24 22:59:24.124 INF API: test ended suite=0 test=144 pass=false
Sep 24 22:59:24.125 INF API: test started suite=0 test=145 name="interop/nested-call-value0-failed (reth_development)"
Sep 24 22:59:24.128 INF API: test ended suite=0 test=145 pass=false
Sep 24 22:59:24.128 INF API: test started suite=0 test=146 name="interop/nested-call-value0-success (reth_development)"
Sep 24 22:59:24.130 INF API: test ended suite=0 test=146 pass=false
Sep 24 22:59:24.131 INF API: test started suite=0 test=147 name="interop/nested-call-value1-failed (reth_development)"
Sep 24 22:59:24.133 INF API: test ended suite=0 test=147 pass=false
Sep 24 22:59:24.133 INF API: test started suite=0 test=148 name="interop/nested-call-value1-success (reth_development)"
Sep 24 22:59:24.136 INF API: test ended suite=0 test=148 pass=false
Sep 24 22:59:24.137 INF API: test started suite=0 test=149 name="interop/nested-callcode-value0-failed (reth_development)"
Sep 24 22:59:24.138 INF API: test ended suite=0 test=149 pass=false
Sep 24 22:59:24.139 INF API: test started suite=0 test=150 name="interop/nested-callcode-value0-success (reth_development)"
Sep 24 22:59:24.141 INF API: test ended suite=0 test=150 pass=false
Sep 24 22:59:24.142 INF API: test started suite=0 test=151 name="interop/nested-callcode-value1-failed (reth_development)"
Sep 24 22:59:24.144 INF API: test ended suite=0 test=151 pass=false
Sep 24 22:59:24.145 INF API: test started suite=0 test=152 name="interop/nested-callcode-value1-success (reth_development)"
Sep 24 22:59:24.147 INF API: test ended suite=0 test=152 pass=false
Sep 24 22:59:24.147 INF API: test started suite=0 test=153 name="interop/nested-delegatecall-value0-failed (reth_development)"
Sep 24 22:59:24.150 INF API: test ended suite=0 test=153 pass=false
Sep 24 22:59:24.150 INF API: test started suite=0 test=154 name="interop/nested-delegatecall-value0-success (reth_development)"
Sep 24 22:59:24.152 INF API: test ended suite=0 test=154 pass=false
Sep 24 22:59:24.153 INF API: test started suite=0 test=155 name="interop/nested-delegatecall-value1-failed (reth_development)"
Sep 24 22:59:24.156 INF API: test ended suite=0 test=155 pass=false
Sep 24 22:59:24.156 INF API: test started suite=0 test=156 name="interop/nested-delegatecall-value1-success (reth_development)"
Sep 24 22:59:24.158 INF API: test ended suite=0 test=156 pass=false
Sep 24 22:59:24.159 INF API: test started suite=0 test=157 name="interop/nested-staticcall-value0-failed (reth_development)"
Sep 24 22:59:24.161 INF API: test ended suite=0 test=157 pass=false
Sep 24 22:59:24.162 INF API: test started suite=0 test=158 name="interop/nested-staticcall-value0-success (reth_development)"
Sep 24 22:59:24.164 INF API: test ended suite=0 test=158 pass=false
Sep 24 22:59:24.165 INF API: test started suite=0 test=159 name="interop/root-failed (reth_development)"
Sep 24 22:59:24.166 INF API: test ended suite=0 test=159 pass=false
Sep 24 22:59:24.167 INF API: test started suite=0 test=160 name="interop/root-success (reth_development)"
Sep 24 22:59:24.169 INF API: test ended suite=0 test=160 pass=false
Sep 24 22:59:24.412 INF API: test ended suite=0 test=141 pass=true
Sep 24 22:59:24.414 INF API: test started suite=0 test=161 name="client launch (reth_release)"
Sep 24 22:59:26.515 INF API: client reth_release started suite=0 test=161 container=4bfbd284
Sep 24 22:59:26.530 INF API: test started suite=0 test=162 name="interop/_control/head (reth_release)"
Sep 24 22:59:26.532 INF API: test ended suite=0 test=162 pass=false
Sep 24 22:59:26.533 INF API: test started suite=0 test=163 name="interop/_control/latest (reth_release)"
Sep 24 22:59:26.535 INF API: test ended suite=0 test=163 pass=false
Sep 24 22:59:26.536 INF API: test started suite=0 test=164 name="interop/_control/version (reth_release)"
Sep 24 22:59:26.537 INF API: test ended suite=0 test=164 pass=false
Sep 24 22:59:26.538 INF API: test started suite=0 test=165 name="interop/nested-call-value0-failed (reth_release)"
Sep 24 22:59:26.543 INF API: test ended suite=0 test=165 pass=false
Sep 24 22:59:26.544 INF API: test started suite=0 test=166 name="interop/nested-call-value0-success (reth_release)"
Sep 24 22:59:26.546 INF API: test ended suite=0 test=166 pass=false
Sep 24 22:59:26.547 INF API: test started suite=0 test=167 name="interop/nested-call-value1-failed (reth_release)"
Sep 24 22:59:26.549 INF API: test ended suite=0 test=167 pass=false
Sep 24 22:59:26.550 INF API: test started suite=0 test=168 name="interop/nested-call-value1-success (reth_release)"
Sep 24 22:59:26.552 INF API: test ended suite=0 test=168 pass=false
Sep 24 22:59:26.553 INF API: test started suite=0 test=169 name="interop/nested-callcode-value0-failed (reth_release)"
Sep 24 22:59:26.555 INF API: test ended suite=0 test=169 pass=false
Sep 24 22:59:26.556 INF API: test started suite=0 test=170 name="interop/nested-callcode-value0-success (reth_release)"
Sep 24 22:59:26.558 INF API: test ended suite=0 test=170 pass=false
Sep 24 22:59:26.558 INF API: test started suite=0 test=171 name="interop/nested-callcode-value1-failed (reth_release)"
Sep 24 22:59:26.561 INF API: test ended suite=0 test=171 pass=false
Sep 24 22:59:26.561 INF API: test started suite=0 test=172 name="interop/nested-callcode-value1-success (reth_release)"
Sep 24 22:59:26.564 INF API: test ended suite=0 test=172 pass=false
Sep 24 22:59:26.565 INF API: test started suite=0 test=173 name="interop/nested-delegatecall-value0-failed (reth_release)"
Sep 24 22:59:26.567 INF API: test ended suite=0 test=173 pass=false
Sep 24 22:59:26.568 INF API: test started suite=0 test=174 name="interop/nested-delegatecall-value0-success (reth_release)"
Sep 24 22:59:26.570 INF API: test ended suite=0 test=174 pass=false
Sep 24 22:59:26.571 INF API: test started suite=0 test=175 name="interop/nested-delegatecall-value1-failed (reth_release)"
Sep 24 22:59:26.572 INF API: test ended suite=0 test=175 pass=false
Sep 24 22:59:26.573 INF API: test started suite=0 test=176 name="interop/nested-delegatecall-value1-success (reth_release)"
Sep 24 22:59:26.575 INF API: test ended suite=0 test=176 pass=false
Sep 24 22:59:26.576 INF API: test started suite=0 test=177 name="interop/nested-staticcall-value0-failed (reth_release)"
Sep 24 22:59:26.578 INF API: test ended suite=0 test=177 pass=false
Sep 24 22:59:26.579 INF API: test started suite=0 test=178 name="interop/nested-staticcall-value0-success (reth_release)"
Sep 24 22:59:26.581 INF API: test ended suite=0 test=178 pass=false
Sep 24 22:59:26.582 INF API: test started suite=0 test=179 name="interop/root-failed (reth_release)"
Sep 24 22:59:26.584 INF API: test ended suite=0 test=179 pass=false
Sep 24 22:59:26.585 INF API: test started suite=0 test=180 name="interop/root-success (reth_release)"
Sep 24 22:59:26.586 INF API: test ended suite=0 test=180 pass=false
Sep 24 22:59:26.851 INF API: test ended suite=0 test=161 pass=true
Sep 24 22:59:26.860 INF API: suite ended suite=0
Sep 24 22:59:27.267 INF simulation ethereum/rpc-compat finished suites=1 tests=180 failed=171
171 tests failed
