Sep 23 01:38:38.341 INF building image image=hive/hiveproxy nocache=false pull=false
Sep 23 01:38:38.362 INF building 1 clients...
Sep 23 01:38:38.362 INF building image image=hive/clients/go-ethereum_trace:latest dir=clients/go-ethereum nocache=false pull=false baseimage=trace-interop/go-ethereum tag=da6869fd3865980fef80bfa418746c825c6854d3dca32b9fa2ec92738be4e849
Sep 23 01:38:38.403 INF building 1 simulators...
Sep 23 01:38:38.403 INF building image image=hive/simulators/ethereum/rpc-compat:latest dir=simulators/ethereum/rpc-compat nocache=false pull=false
Sep 23 01:38:38.426 INF creating output directory folder=/home/banteg/geth40/geth-40eecf3-repeat/hive
Sep 23 01:38:38.436 INF running simulation: ethereum/rpc-compat
Sep 23 01:38:38.601 INF hiveproxy started container=f890dd13c29e addr=172.17.0.2:8081
Sep 23 01:38:38.785 INF API: suite started suite=0 name=rpc-compat
Sep 23 01:38:38.787 INF API: test started suite=0 test=1 name="client launch (go-ethereum_trace)"
Sep 23 01:38:39.543 INF API: client go-ethereum_trace started suite=0 test=1 container=77cf5b74
Sep 23 01:38:39.551 INF API: test started suite=0 test=2 name="interop/_control/head (go-ethereum_trace)"
Sep 23 01:38:39.554 INF API: test ended suite=0 test=2 pass=false
Sep 23 01:38:39.555 INF API: test started suite=0 test=3 name="interop/_control/version (go-ethereum_trace)"
Sep 23 01:38:39.558 INF API: test ended suite=0 test=3 pass=false
Sep 23 01:38:39.559 INF API: test started suite=0 test=4 name="interop/auth-clear (go-ethereum_trace)"
Sep 23 01:38:39.564 INF API: test ended suite=0 test=4 pass=false
Sep 23 01:38:39.566 INF API: test started suite=0 test=5 name="interop/auth-set-revert (go-ethereum_trace)"
Sep 23 01:38:39.570 INF API: test ended suite=0 test=5 pass=false
Sep 23 01:38:39.570 INF API: test started suite=0 test=6 name="interop/call-gas7400 (go-ethereum_trace)"
Sep 23 01:38:39.578 INF API: test ended suite=0 test=6 pass=false
Sep 23 01:38:39.578 INF API: test started suite=0 test=7 name="interop/call-mcopy (go-ethereum_trace)"
Sep 23 01:38:39.581 INF API: test ended suite=0 test=7 pass=false
Sep 23 01:38:39.582 INF API: test started suite=0 test=8 name="interop/call-mixed-create (go-ethereum_trace)"
Sep 23 01:38:39.585 INF API: test ended suite=0 test=8 pass=false
Sep 23 01:38:39.587 INF API: test started suite=0 test=9 name="interop/call-return42 (go-ethereum_trace)"
Sep 23 01:38:39.590 INF API: test ended suite=0 test=9 pass=false
Sep 23 01:38:39.591 INF API: test started suite=0 test=10 name="interop/call-siblings-revert-ok (go-ethereum_trace)"
Sep 23 01:38:39.594 INF API: test ended suite=0 test=10 pass=false
Sep 23 01:38:39.595 INF API: test started suite=0 test=11 name="interop/constructor (go-ethereum_trace)"
Sep 23 01:38:39.598 INF API: test ended suite=0 test=11 pass=false
Sep 23 01:38:39.599 INF API: test started suite=0 test=12 name="interop/control-code-gas7400 (go-ethereum_trace)"
Sep 23 01:38:39.602 INF API: test ended suite=0 test=12 pass=false
Sep 23 01:38:39.603 INF API: test started suite=0 test=13 name="interop/control-code-siblings-revert-ok (go-ethereum_trace)"
Sep 23 01:38:39.606 INF API: test ended suite=0 test=13 pass=false
Sep 23 01:38:39.607 INF API: test started suite=0 test=14 name="interop/control-head (go-ethereum_trace)"
Sep 23 01:38:39.610 INF API: test ended suite=0 test=14 pass=false
Sep 23 01:38:39.611 INF API: test started suite=0 test=15 name="interop/control-height (go-ethereum_trace)"
Sep 23 01:38:39.613 INF API: test ended suite=0 test=15 pass=false
Sep 23 01:38:39.614 INF API: test started suite=0 test=16 name="interop/debug-gas7400-opcodes (go-ethereum_trace)"
Sep 23 01:38:39.617 INF API: test ended suite=0 test=16 pass=false
Sep 23 01:38:39.618 INF API: test started suite=0 test=17 name="interop/debug-mixed-create (go-ethereum_trace)"
Sep 23 01:38:39.622 INF API: test ended suite=0 test=17 pass=false
Sep 23 01:38:39.623 INF API: test started suite=0 test=18 name="interop/debug-siblings-revert-ok (go-ethereum_trace)"
Sep 23 01:38:39.626 INF API: test ended suite=0 test=18 pass=false
Sep 23 01:38:39.626 INF API: test started suite=0 test=19 name="interop/many-storage-write-revert-read (go-ethereum_trace)"
Sep 23 01:38:39.629 INF API: test ended suite=0 test=19 pass=false
Sep 23 01:38:39.630 INF API: test started suite=0 test=20 name="interop/raw-below-basefee-stateDiff (go-ethereum_trace)"
Sep 23 01:38:39.633 INF API: test ended suite=0 test=20 pass=false
Sep 23 01:38:39.633 INF API: test started suite=0 test=21 name="interop/raw-below-basefee-trace (go-ethereum_trace)"
Sep 23 01:38:39.637 INF API: test ended suite=0 test=21 pass=false
Sep 23 01:38:39.638 INF API: test started suite=0 test=22 name="interop/raw-below-basefee-vmTrace (go-ethereum_trace)"
Sep 23 01:38:39.641 INF API: test ended suite=0 test=22 pass=false
Sep 23 01:38:39.642 INF API: test started suite=0 test=23 name="interop/raw-below-basefee (go-ethereum_trace)"
Sep 23 01:38:39.645 INF API: test ended suite=0 test=23 pass=false
Sep 23 01:38:39.646 INF API: test started suite=0 test=24 name="interop/raw-insufficient-funds-stateDiff (go-ethereum_trace)"
Sep 23 01:38:39.649 INF API: test ended suite=0 test=24 pass=false
Sep 23 01:38:39.650 INF API: test started suite=0 test=25 name="interop/raw-insufficient-funds-trace (go-ethereum_trace)"
Sep 23 01:38:39.652 INF API: test ended suite=0 test=25 pass=false
Sep 23 01:38:39.653 INF API: test started suite=0 test=26 name="interop/raw-insufficient-funds-vmTrace (go-ethereum_trace)"
Sep 23 01:38:39.655 INF API: test ended suite=0 test=26 pass=false
Sep 23 01:38:39.656 INF API: test started suite=0 test=27 name="interop/raw-insufficient-funds (go-ethereum_trace)"
Sep 23 01:38:39.657 INF API: test ended suite=0 test=27 pass=false
Sep 23 01:38:39.658 INF API: test started suite=0 test=28 name="interop/raw-low-gas-stateDiff (go-ethereum_trace)"
Sep 23 01:38:39.660 INF API: test ended suite=0 test=28 pass=false
Sep 23 01:38:39.661 INF API: test started suite=0 test=29 name="interop/raw-low-gas-trace (go-ethereum_trace)"
Sep 23 01:38:39.663 INF API: test ended suite=0 test=29 pass=false
Sep 23 01:38:39.664 INF API: test started suite=0 test=30 name="interop/raw-low-gas-vmTrace (go-ethereum_trace)"
Sep 23 01:38:39.666 INF API: test ended suite=0 test=30 pass=false
Sep 23 01:38:39.667 INF API: test started suite=0 test=31 name="interop/raw-low-gas (go-ethereum_trace)"
Sep 23 01:38:39.672 INF API: test ended suite=0 test=31 pass=false
Sep 23 01:38:39.672 INF API: test started suite=0 test=32 name="interop/raw-nonce-high-stateDiff (go-ethereum_trace)"
Sep 23 01:38:39.674 INF API: test ended suite=0 test=32 pass=false
Sep 23 01:38:39.675 INF API: test started suite=0 test=33 name="interop/raw-nonce-high-trace (go-ethereum_trace)"
Sep 23 01:38:39.677 INF API: test ended suite=0 test=33 pass=false
Sep 23 01:38:39.678 INF API: test started suite=0 test=34 name="interop/raw-nonce-high-vmTrace (go-ethereum_trace)"
Sep 23 01:38:39.681 INF API: test ended suite=0 test=34 pass=false
Sep 23 01:38:39.682 INF API: test started suite=0 test=35 name="interop/raw-nonce-high (go-ethereum_trace)"
Sep 23 01:38:39.683 INF API: test ended suite=0 test=35 pass=false
Sep 23 01:38:39.684 INF API: test started suite=0 test=36 name="interop/raw-valid-stateDiff (go-ethereum_trace)"
Sep 23 01:38:39.687 INF API: test ended suite=0 test=36 pass=false
Sep 23 01:38:39.687 INF API: test started suite=0 test=37 name="interop/raw-valid-trace (go-ethereum_trace)"
Sep 23 01:38:39.690 INF API: test ended suite=0 test=37 pass=false
Sep 23 01:38:39.691 INF API: test started suite=0 test=38 name="interop/raw-valid-vmTrace (go-ethereum_trace)"
Sep 23 01:38:39.694 INF API: test ended suite=0 test=38 pass=false
Sep 23 01:38:39.695 INF API: test started suite=0 test=39 name="interop/raw-valid (go-ethereum_trace)"
Sep 23 01:38:39.698 INF API: test ended suite=0 test=39 pass=false
Sep 23 01:38:39.698 INF API: test started suite=0 test=40 name="interop/raw-wrong-chain-stateDiff (go-ethereum_trace)"
Sep 23 01:38:39.701 INF API: test ended suite=0 test=40 pass=false
Sep 23 01:38:39.702 INF API: test started suite=0 test=41 name="interop/raw-wrong-chain-trace (go-ethereum_trace)"
Sep 23 01:38:39.704 INF API: test ended suite=0 test=41 pass=false
Sep 23 01:38:39.704 INF API: test started suite=0 test=42 name="interop/raw-wrong-chain-vmTrace (go-ethereum_trace)"
Sep 23 01:38:39.707 INF API: test ended suite=0 test=42 pass=false
Sep 23 01:38:39.707 INF API: test started suite=0 test=43 name="interop/raw-wrong-chain (go-ethereum_trace)"
Sep 23 01:38:39.710 INF API: test ended suite=0 test=43 pass=false
Sep 23 01:38:39.711 INF API: test started suite=0 test=44 name="interop/state-only-nonempty-output (go-ethereum_trace)"
Sep 23 01:38:39.715 INF API: test ended suite=0 test=44 pass=false
Sep 23 01:38:39.869 INF API: test ended suite=0 test=1 pass=true
Sep 23 01:38:39.877 INF API: suite ended suite=0
Sep 23 01:38:40.130 INF simulation ethereum/rpc-compat finished suites=1 tests=44 failed=43
43 tests failed
