Sep 24 01:25:57.497 INF building image image=hive/hiveproxy nocache=false pull=false
Sep 24 01:25:57.518 INF building 9 clients...
Sep 24 01:25:57.518 INF building image image=hive/clients/besu_development:latest dir=clients/besu nocache=false pull=false baseimage=trace-interop/besu tag=a85249905183f65c98c9e8c282955e40487c4ff8af8db8b8e306d58292231744
Sep 24 01:25:57.547 INF building image image=hive/clients/besu_release:latest dir=clients/besu nocache=false pull=false baseimage=trace-interop/besu tag=f3713c713ca4f9e89c09e1478d2a85116ba9ce8343129d709420ba2af009598b
Sep 24 01:25:57.576 INF building image image=hive/clients/erigon_development:latest dir=clients/erigon nocache=false pull=false baseimage=trace-interop/erigon tag=8269576669f1b4a55572ee7d1a7e4489244cd57bb545293391d1ebd5e0fac002
Sep 24 01:25:57.610 INF building image image=hive/clients/erigon_release:latest dir=clients/erigon nocache=false pull=false baseimage=trace-interop/erigon tag=8668d9c5adc01ad1d12aa25380e384079080bdde7e0ce93f11bed422d82ca0ac
Sep 24 01:25:57.643 INF building image image=hive/clients/go-ethereum_trace:latest dir=clients/go-ethereum nocache=false pull=false baseimage=trace-interop/go-ethereum tag=351f4131517b32d6a34d884f30dd5d6db83e1c008297f920e87b02b269f9874e
Sep 24 01:25:57.673 INF building image image=hive/clients/nethermind_development:latest dir=clients/nethermind nocache=false pull=false baseimage=trace-interop/nethermind tag=e68f6cd253c312443b306b7e1e61381a38fd174dd16fe7e9bc55487245718182
Sep 24 01:25:57.700 INF building image image=hive/clients/nethermind_release:latest dir=clients/nethermind nocache=false pull=false baseimage=trace-interop/nethermind tag=a5098d75bfa8d4da1992ba8404b357fde6d53241315396e26b88e16e5f67bb59
Sep 24 01:25:57.731 INF building image image=hive/clients/reth_development:latest dir=clients/reth nocache=false pull=false baseimage=trace-interop/reth tag=1d6a97ef686d7c6099c5426c77334ca5891ce5d362fe5f3049ac2ea0df76de86
Sep 24 01:25:57.759 INF building image image=hive/clients/reth_release:latest dir=clients/reth nocache=false pull=false baseimage=trace-interop/reth tag=e939dc4a471d9d27224e430f607a954d692ca5037a1350ee2036397d14532ca7
Sep 24 01:25:57.785 INF building 1 simulators...
Sep 24 01:25:57.785 INF building image image=hive/simulators/ethereum/rpc-compat:latest dir=simulators/ethereum/rpc-compat nocache=false pull=false
Sep 24 01:25:57.875 INF creating output directory folder=/home/banteg/dev/trace-coverage-20260924/evidence/2026-09-24/coverage-matrix/h30/hive
Sep 24 01:25:57.884 INF running simulation: ethereum/rpc-compat
Sep 24 01:25:58.019 INF hiveproxy started container=9343a7772fff addr=172.17.0.2:8081
Sep 24 01:25:58.165 INF API: suite started suite=0 name=rpc-compat
Sep 24 01:25:58.166 INF API: test started suite=0 test=1 name="client launch (besu_development)"
Sep 24 01:26:06.513 INF API: client besu_development started suite=0 test=1 container=b07b570e
Sep 24 01:26:06.756 INF API: test started suite=0 test=2 name="interop/_control/head (besu_development)"
Sep 24 01:26:06.772 INF API: test ended suite=0 test=2 pass=false
Sep 24 01:26:06.773 INF API: test started suite=0 test=3 name="interop/_control/latest (besu_development)"
Sep 24 01:26:06.780 INF API: test ended suite=0 test=3 pass=false
Sep 24 01:26:06.781 INF API: test started suite=0 test=4 name="interop/_control/version (besu_development)"
Sep 24 01:26:06.789 INF API: test ended suite=0 test=4 pass=false
Sep 24 01:26:06.790 INF API: test started suite=0 test=5 name="interop/_reference/block/0x1 (besu_development)"
Sep 24 01:26:06.869 INF API: test ended suite=0 test=5 pass=false
Sep 24 01:26:06.870 INF API: test started suite=0 test=6 name="interop/_reference/block/0x2 (besu_development)"
Sep 24 01:26:06.913 INF API: test ended suite=0 test=6 pass=false
Sep 24 01:26:06.915 INF API: test started suite=0 test=7 name="interop/_reference/block/0x30 (besu_development)"
Sep 24 01:26:06.926 INF API: test ended suite=0 test=7 pass=false
Sep 24 01:26:06.927 INF API: test started suite=0 test=8 name="interop/call-number-default (besu_development)"
Sep 24 01:26:06.993 INF API: test ended suite=0 test=8 pass=false
Sep 24 01:26:06.994 INF API: test started suite=0 test=9 name="interop/call-number-latest (besu_development)"
Sep 24 01:26:07.002 INF API: test ended suite=0 test=9 pass=false
Sep 24 01:26:07.003 INF API: test started suite=0 test=10 name="interop/call-number-pending (besu_development)"
Sep 24 01:26:07.011 INF API: test ended suite=0 test=10 pass=false
Sep 24 01:26:07.013 INF API: test started suite=0 test=11 name="interop/filter-0-to-2 (besu_development)"
Sep 24 01:26:07.042 INF API: test ended suite=0 test=11 pass=false
Sep 24 01:26:07.043 INF API: test started suite=0 test=12 name="interop/filter-earliest (besu_development)"
Sep 24 01:26:07.057 INF API: test ended suite=0 test=12 pass=false
Sep 24 01:26:07.058 INF API: test started suite=0 test=13 name="interop/filter-head-only (besu_development)"
Sep 24 01:26:07.067 INF API: test ended suite=0 test=13 pass=false
Sep 24 01:26:07.068 INF API: test started suite=0 test=14 name="interop/filter-no-bounds (besu_development)"
Sep 24 01:26:07.076 INF API: test ended suite=0 test=14 pass=false
Sep 24 01:26:07.077 INF API: test started suite=0 test=15 name="interop/filter-pending (besu_development)"
Sep 24 01:26:07.100 INF API: test ended suite=0 test=15 pass=false
Sep 24 01:26:07.101 INF API: test started suite=0 test=16 name="interop/filter-safe (besu_development)"
Sep 24 01:26:07.115 INF API: test ended suite=0 test=16 pass=false
Sep 24 01:26:07.116 INF API: test started suite=0 test=17 name="interop/filter-to-2-implicit-from (besu_development)"
Sep 24 01:26:07.124 INF API: test ended suite=0 test=17 pass=false
Sep 24 01:26:07.126 INF API: test started suite=0 test=18 name="interop/many-number-default (besu_development)"
Sep 24 01:26:07.131 INF API: test ended suite=0 test=18 pass=false
Sep 24 01:26:07.131 INF API: test started suite=0 test=19 name="interop/many-number-latest (besu_development)"
Sep 24 01:26:07.148 INF API: test ended suite=0 test=19 pass=false
Sep 24 01:26:07.150 INF API: test started suite=0 test=20 name="interop/many-number-pending (besu_development)"
Sep 24 01:26:07.157 INF API: test ended suite=0 test=20 pass=false
Sep 24 01:26:07.464 INF API: test ended suite=0 test=1 pass=true
Sep 24 01:26:07.465 INF API: test started suite=0 test=21 name="client launch (besu_release)"
Sep 24 01:26:16.359 INF API: client besu_release started suite=0 test=21 container=5c91a8eb
Sep 24 01:26:16.587 INF API: test started suite=0 test=22 name="interop/_control/head (besu_release)"
Sep 24 01:26:16.603 INF API: test ended suite=0 test=22 pass=false
Sep 24 01:26:16.604 INF API: test started suite=0 test=23 name="interop/_control/latest (besu_release)"
Sep 24 01:26:16.610 INF API: test ended suite=0 test=23 pass=false
Sep 24 01:26:16.611 INF API: test started suite=0 test=24 name="interop/_control/version (besu_release)"
Sep 24 01:26:16.616 INF API: test ended suite=0 test=24 pass=false
Sep 24 01:26:16.617 INF API: test started suite=0 test=25 name="interop/_reference/block/0x1 (besu_release)"
Sep 24 01:26:16.701 INF API: test ended suite=0 test=25 pass=false
Sep 24 01:26:16.703 INF API: test started suite=0 test=26 name="interop/_reference/block/0x2 (besu_release)"
Sep 24 01:26:16.744 INF API: test ended suite=0 test=26 pass=false
Sep 24 01:26:16.746 INF API: test started suite=0 test=27 name="interop/_reference/block/0x30 (besu_release)"
Sep 24 01:26:16.756 INF API: test ended suite=0 test=27 pass=false
Sep 24 01:26:16.757 INF API: test started suite=0 test=28 name="interop/call-number-default (besu_release)"
Sep 24 01:26:16.823 INF API: test ended suite=0 test=28 pass=false
Sep 24 01:26:16.824 INF API: test started suite=0 test=29 name="interop/call-number-latest (besu_release)"
Sep 24 01:26:16.839 INF API: test ended suite=0 test=29 pass=false
Sep 24 01:26:16.841 INF API: test started suite=0 test=30 name="interop/call-number-pending (besu_release)"
Sep 24 01:26:16.849 INF API: test ended suite=0 test=30 pass=false
Sep 24 01:26:16.850 INF API: test started suite=0 test=31 name="interop/filter-0-to-2 (besu_release)"
Sep 24 01:26:16.876 INF API: test ended suite=0 test=31 pass=false
Sep 24 01:26:16.877 INF API: test started suite=0 test=32 name="interop/filter-earliest (besu_release)"
Sep 24 01:26:16.895 INF API: test ended suite=0 test=32 pass=false
Sep 24 01:26:16.896 INF API: test started suite=0 test=33 name="interop/filter-head-only (besu_release)"
Sep 24 01:26:16.905 INF API: test ended suite=0 test=33 pass=false
Sep 24 01:26:16.906 INF API: test started suite=0 test=34 name="interop/filter-no-bounds (besu_release)"
Sep 24 01:26:16.914 INF API: test ended suite=0 test=34 pass=false
Sep 24 01:26:16.915 INF API: test started suite=0 test=35 name="interop/filter-pending (besu_release)"
Sep 24 01:26:16.947 INF API: test ended suite=0 test=35 pass=false
Sep 24 01:26:16.948 INF API: test started suite=0 test=36 name="interop/filter-safe (besu_release)"
Sep 24 01:26:16.962 INF API: test ended suite=0 test=36 pass=false
Sep 24 01:26:16.963 INF API: test started suite=0 test=37 name="interop/filter-to-2-implicit-from (besu_release)"
Sep 24 01:26:16.970 INF API: test ended suite=0 test=37 pass=false
Sep 24 01:26:16.971 INF API: test started suite=0 test=38 name="interop/many-number-default (besu_release)"
Sep 24 01:26:16.976 INF API: test ended suite=0 test=38 pass=false
Sep 24 01:26:16.976 INF API: test started suite=0 test=39 name="interop/many-number-latest (besu_release)"
Sep 24 01:26:16.995 INF API: test ended suite=0 test=39 pass=false
Sep 24 01:26:16.996 INF API: test started suite=0 test=40 name="interop/many-number-pending (besu_release)"
Sep 24 01:26:17.001 INF API: test ended suite=0 test=40 pass=false
Sep 24 01:26:17.295 INF API: test ended suite=0 test=21 pass=true
Sep 24 01:26:17.297 INF API: test started suite=0 test=41 name="client launch (erigon_development)"
Sep 24 01:26:18.775 INF API: client erigon_development started suite=0 test=41 container=ed58961f
Sep 24 01:26:18.819 INF API: test started suite=0 test=42 name="interop/_control/head (erigon_development)"
Sep 24 01:26:18.834 INF API: test ended suite=0 test=42 pass=false
Sep 24 01:26:18.835 INF API: test started suite=0 test=43 name="interop/_control/latest (erigon_development)"
Sep 24 01:26:18.837 INF API: test ended suite=0 test=43 pass=false
Sep 24 01:26:18.838 INF API: test started suite=0 test=44 name="interop/_control/version (erigon_development)"
Sep 24 01:26:18.839 INF API: test ended suite=0 test=44 pass=false
Sep 24 01:26:18.839 INF API: test started suite=0 test=45 name="interop/_reference/block/0x1 (erigon_development)"
Sep 24 01:26:18.842 INF API: test ended suite=0 test=45 pass=false
Sep 24 01:26:18.843 INF API: test started suite=0 test=46 name="interop/_reference/block/0x2 (erigon_development)"
Sep 24 01:26:18.846 INF API: test ended suite=0 test=46 pass=false
Sep 24 01:26:18.847 INF API: test started suite=0 test=47 name="interop/_reference/block/0x30 (erigon_development)"
Sep 24 01:26:18.849 INF API: test ended suite=0 test=47 pass=false
Sep 24 01:26:18.850 INF API: test started suite=0 test=48 name="interop/call-number-default (erigon_development)"
Sep 24 01:26:18.851 INF API: test ended suite=0 test=48 pass=false
Sep 24 01:26:18.852 INF API: test started suite=0 test=49 name="interop/call-number-latest (erigon_development)"
Sep 24 01:26:18.853 INF API: test ended suite=0 test=49 pass=false
Sep 24 01:26:18.854 INF API: test started suite=0 test=50 name="interop/call-number-pending (erigon_development)"
Sep 24 01:26:18.858 INF API: test ended suite=0 test=50 pass=false
Sep 24 01:26:18.859 INF API: test started suite=0 test=51 name="interop/filter-0-to-2 (erigon_development)"
Sep 24 01:26:18.861 INF API: test ended suite=0 test=51 pass=false
Sep 24 01:26:18.862 INF API: test started suite=0 test=52 name="interop/filter-earliest (erigon_development)"
Sep 24 01:26:18.867 INF API: test ended suite=0 test=52 pass=false
Sep 24 01:26:18.868 INF API: test started suite=0 test=53 name="interop/filter-head-only (erigon_development)"
Sep 24 01:26:18.871 INF API: test ended suite=0 test=53 pass=false
Sep 24 01:26:18.873 INF API: test started suite=0 test=54 name="interop/filter-no-bounds (erigon_development)"
Sep 24 01:26:18.874 INF API: test ended suite=0 test=54 pass=false
Sep 24 01:26:18.875 INF API: test started suite=0 test=55 name="interop/filter-pending (erigon_development)"
Sep 24 01:26:18.876 INF API: test ended suite=0 test=55 pass=false
Sep 24 01:26:18.877 INF API: test started suite=0 test=56 name="interop/filter-safe (erigon_development)"
Sep 24 01:26:18.880 INF API: test ended suite=0 test=56 pass=false
Sep 24 01:26:18.881 INF API: test started suite=0 test=57 name="interop/filter-to-2-implicit-from (erigon_development)"
Sep 24 01:26:18.882 INF API: test ended suite=0 test=57 pass=false
Sep 24 01:26:18.883 INF API: test started suite=0 test=58 name="interop/many-number-default (erigon_development)"
Sep 24 01:26:18.886 INF API: test ended suite=0 test=58 pass=false
Sep 24 01:26:18.886 INF API: test started suite=0 test=59 name="interop/many-number-latest (erigon_development)"
Sep 24 01:26:18.887 INF API: test ended suite=0 test=59 pass=false
Sep 24 01:26:18.888 INF API: test started suite=0 test=60 name="interop/many-number-pending (erigon_development)"
Sep 24 01:26:18.889 INF API: test ended suite=0 test=60 pass=false
Sep 24 01:26:19.634 INF API: test ended suite=0 test=41 pass=true
Sep 24 01:26:19.636 INF API: test started suite=0 test=61 name="client launch (erigon_release)"
Sep 24 01:26:21.295 INF API: client erigon_release started suite=0 test=61 container=f7d3480a
Sep 24 01:26:21.310 INF API: test started suite=0 test=62 name="interop/_control/head (erigon_release)"
Sep 24 01:26:21.313 INF API: test ended suite=0 test=62 pass=false
Sep 24 01:26:21.314 INF API: test started suite=0 test=63 name="interop/_control/latest (erigon_release)"
Sep 24 01:26:21.318 INF API: test ended suite=0 test=63 pass=false
Sep 24 01:26:21.319 INF API: test started suite=0 test=64 name="interop/_control/version (erigon_release)"
Sep 24 01:26:21.320 INF API: test ended suite=0 test=64 pass=false
Sep 24 01:26:21.321 INF API: test started suite=0 test=65 name="interop/_reference/block/0x1 (erigon_release)"
Sep 24 01:26:21.324 INF API: test ended suite=0 test=65 pass=false
Sep 24 01:26:21.324 INF API: test started suite=0 test=66 name="interop/_reference/block/0x2 (erigon_release)"
Sep 24 01:26:21.327 INF API: test ended suite=0 test=66 pass=false
Sep 24 01:26:21.328 INF API: test started suite=0 test=67 name="interop/_reference/block/0x30 (erigon_release)"
Sep 24 01:26:21.330 INF API: test ended suite=0 test=67 pass=false
Sep 24 01:26:21.331 INF API: test started suite=0 test=68 name="interop/call-number-default (erigon_release)"
Sep 24 01:26:21.332 INF API: test ended suite=0 test=68 pass=false
Sep 24 01:26:21.333 INF API: test started suite=0 test=69 name="interop/call-number-latest (erigon_release)"
Sep 24 01:26:21.334 INF API: test ended suite=0 test=69 pass=false
Sep 24 01:26:21.335 INF API: test started suite=0 test=70 name="interop/call-number-pending (erigon_release)"
Sep 24 01:26:21.341 INF API: test ended suite=0 test=70 pass=false
Sep 24 01:26:21.341 INF API: test started suite=0 test=71 name="interop/filter-0-to-2 (erigon_release)"
Sep 24 01:26:21.345 INF API: test ended suite=0 test=71 pass=false
Sep 24 01:26:21.346 INF API: test started suite=0 test=72 name="interop/filter-earliest (erigon_release)"
Sep 24 01:26:21.349 INF API: test ended suite=0 test=72 pass=false
Sep 24 01:26:21.349 INF API: test started suite=0 test=73 name="interop/filter-head-only (erigon_release)"
Sep 24 01:26:21.351 INF API: test ended suite=0 test=73 pass=false
Sep 24 01:26:21.352 INF API: test started suite=0 test=74 name="interop/filter-no-bounds (erigon_release)"
Sep 24 01:26:21.380 INF API: test ended suite=0 test=74 pass=false
Sep 24 01:26:21.381 INF API: test started suite=0 test=75 name="interop/filter-pending (erigon_release)"
Sep 24 01:26:21.384 INF API: test ended suite=0 test=75 pass=false
Sep 24 01:26:21.384 INF API: test started suite=0 test=76 name="interop/filter-safe (erigon_release)"
Sep 24 01:26:21.389 INF API: test ended suite=0 test=76 pass=false
Sep 24 01:26:21.390 INF API: test started suite=0 test=77 name="interop/filter-to-2-implicit-from (erigon_release)"
Sep 24 01:26:21.393 INF API: test ended suite=0 test=77 pass=false
Sep 24 01:26:21.394 INF API: test started suite=0 test=78 name="interop/many-number-default (erigon_release)"
Sep 24 01:26:21.396 INF API: test ended suite=0 test=78 pass=false
Sep 24 01:26:21.397 INF API: test started suite=0 test=79 name="interop/many-number-latest (erigon_release)"
Sep 24 01:26:21.398 INF API: test ended suite=0 test=79 pass=false
Sep 24 01:26:21.399 INF API: test started suite=0 test=80 name="interop/many-number-pending (erigon_release)"
Sep 24 01:26:21.401 INF API: test ended suite=0 test=80 pass=false
Sep 24 01:26:21.911 INF API: test ended suite=0 test=61 pass=true
Sep 24 01:26:21.913 INF API: test started suite=0 test=81 name="client launch (go-ethereum_trace)"
Sep 24 01:26:22.903 INF API: client go-ethereum_trace started suite=0 test=81 container=efac4562
Sep 24 01:26:22.910 INF API: test started suite=0 test=82 name="interop/_control/head (go-ethereum_trace)"
Sep 24 01:26:22.914 INF API: test ended suite=0 test=82 pass=false
Sep 24 01:26:22.915 INF API: test started suite=0 test=83 name="interop/_control/latest (go-ethereum_trace)"
Sep 24 01:26:22.919 INF API: test ended suite=0 test=83 pass=false
Sep 24 01:26:22.920 INF API: test started suite=0 test=84 name="interop/_control/version (go-ethereum_trace)"
Sep 24 01:26:22.922 INF API: test ended suite=0 test=84 pass=false
Sep 24 01:26:22.924 INF API: test started suite=0 test=85 name="interop/_reference/block/0x1 (go-ethereum_trace)"
Sep 24 01:26:22.928 INF API: test ended suite=0 test=85 pass=false
Sep 24 01:26:22.929 INF API: test started suite=0 test=86 name="interop/_reference/block/0x2 (go-ethereum_trace)"
Sep 24 01:26:22.934 INF API: test ended suite=0 test=86 pass=false
Sep 24 01:26:22.935 INF API: test started suite=0 test=87 name="interop/_reference/block/0x30 (go-ethereum_trace)"
Sep 24 01:26:22.939 INF API: test ended suite=0 test=87 pass=false
Sep 24 01:26:22.940 INF API: test started suite=0 test=88 name="interop/call-number-default (go-ethereum_trace)"
Sep 24 01:26:22.943 INF API: test ended suite=0 test=88 pass=false
Sep 24 01:26:22.944 INF API: test started suite=0 test=89 name="interop/call-number-latest (go-ethereum_trace)"
Sep 24 01:26:22.947 INF API: test ended suite=0 test=89 pass=false
Sep 24 01:26:22.948 INF API: test started suite=0 test=90 name="interop/call-number-pending (go-ethereum_trace)"
Sep 24 01:26:22.950 INF API: test ended suite=0 test=90 pass=false
Sep 24 01:26:22.951 INF API: test started suite=0 test=91 name="interop/filter-0-to-2 (go-ethereum_trace)"
Sep 24 01:26:22.954 INF API: test ended suite=0 test=91 pass=false
Sep 24 01:26:22.955 INF API: test started suite=0 test=92 name="interop/filter-earliest (go-ethereum_trace)"
Sep 24 01:26:22.958 INF API: test ended suite=0 test=92 pass=false
Sep 24 01:26:22.959 INF API: test started suite=0 test=93 name="interop/filter-head-only (go-ethereum_trace)"
Sep 24 01:26:22.962 INF API: test ended suite=0 test=93 pass=false
Sep 24 01:26:22.963 INF API: test started suite=0 test=94 name="interop/filter-no-bounds (go-ethereum_trace)"
Sep 24 01:26:22.967 INF API: test ended suite=0 test=94 pass=false
Sep 24 01:26:22.968 INF API: test started suite=0 test=95 name="interop/filter-pending (go-ethereum_trace)"
Sep 24 01:26:22.970 INF API: test ended suite=0 test=95 pass=false
Sep 24 01:26:22.971 INF API: test started suite=0 test=96 name="interop/filter-safe (go-ethereum_trace)"
Sep 24 01:26:22.973 INF API: test ended suite=0 test=96 pass=false
Sep 24 01:26:22.974 INF API: test started suite=0 test=97 name="interop/filter-to-2-implicit-from (go-ethereum_trace)"
Sep 24 01:26:22.977 INF API: test ended suite=0 test=97 pass=false
Sep 24 01:26:22.977 INF API: test started suite=0 test=98 name="interop/many-number-default (go-ethereum_trace)"
Sep 24 01:26:22.980 INF API: test ended suite=0 test=98 pass=false
Sep 24 01:26:22.981 INF API: test started suite=0 test=99 name="interop/many-number-latest (go-ethereum_trace)"
Sep 24 01:26:22.984 INF API: test ended suite=0 test=99 pass=false
Sep 24 01:26:22.985 INF API: test started suite=0 test=100 name="interop/many-number-pending (go-ethereum_trace)"
Sep 24 01:26:22.987 INF API: test ended suite=0 test=100 pass=false
Sep 24 01:26:23.118 INF API: test ended suite=0 test=81 pass=true
Sep 24 01:26:23.119 INF API: test started suite=0 test=101 name="client launch (nethermind_development)"
Sep 24 01:26:31.051 INF API: client nethermind_development started suite=0 test=101 container=c35ae2f6
Sep 24 01:26:31.195 INF API: test started suite=0 test=102 name="interop/_control/head (nethermind_development)"
Sep 24 01:26:31.207 INF API: test ended suite=0 test=102 pass=false
Sep 24 01:26:31.207 INF API: test started suite=0 test=103 name="interop/_control/latest (nethermind_development)"
Sep 24 01:26:31.209 INF API: test ended suite=0 test=103 pass=false
Sep 24 01:26:31.210 INF API: test started suite=0 test=104 name="interop/_control/version (nethermind_development)"
Sep 24 01:26:31.215 INF API: test ended suite=0 test=104 pass=false
Sep 24 01:26:31.216 INF API: test started suite=0 test=105 name="interop/_reference/block/0x1 (nethermind_development)"
Sep 24 01:26:31.308 INF API: test ended suite=0 test=105 pass=false
Sep 24 01:26:31.309 INF API: test started suite=0 test=106 name="interop/_reference/block/0x2 (nethermind_development)"
Sep 24 01:26:31.317 INF API: test ended suite=0 test=106 pass=false
Sep 24 01:26:31.317 INF API: test started suite=0 test=107 name="interop/_reference/block/0x30 (nethermind_development)"
Sep 24 01:26:31.320 INF API: test ended suite=0 test=107 pass=false
Sep 24 01:26:31.321 INF API: test started suite=0 test=108 name="interop/call-number-default (nethermind_development)"
Sep 24 01:26:31.364 INF API: test ended suite=0 test=108 pass=false
Sep 24 01:26:31.365 INF API: test started suite=0 test=109 name="interop/call-number-latest (nethermind_development)"
Sep 24 01:26:31.367 INF API: test ended suite=0 test=109 pass=false
Sep 24 01:26:31.368 INF API: test started suite=0 test=110 name="interop/call-number-pending (nethermind_development)"
Sep 24 01:26:31.371 INF API: test ended suite=0 test=110 pass=false
Sep 24 01:26:31.372 INF API: test started suite=0 test=111 name="interop/filter-0-to-2 (nethermind_development)"
Sep 24 01:26:31.379 INF API: test ended suite=0 test=111 pass=false
Sep 24 01:26:31.380 INF API: test started suite=0 test=112 name="interop/filter-earliest (nethermind_development)"
Sep 24 01:26:31.381 INF API: test ended suite=0 test=112 pass=false
Sep 24 01:26:31.382 INF API: test started suite=0 test=113 name="interop/filter-head-only (nethermind_development)"
Sep 24 01:26:31.385 INF API: test ended suite=0 test=113 pass=false
Sep 24 01:26:31.386 INF API: test started suite=0 test=114 name="interop/filter-no-bounds (nethermind_development)"
Sep 24 01:26:31.388 INF API: test ended suite=0 test=114 pass=false
Sep 24 01:26:31.389 INF API: test started suite=0 test=115 name="interop/filter-pending (nethermind_development)"
Sep 24 01:26:31.392 INF API: test ended suite=0 test=115 pass=false
Sep 24 01:26:31.393 INF API: test started suite=0 test=116 name="interop/filter-safe (nethermind_development)"
Sep 24 01:26:31.395 INF API: test ended suite=0 test=116 pass=false
Sep 24 01:26:31.396 INF API: test started suite=0 test=117 name="interop/filter-to-2-implicit-from (nethermind_development)"
Sep 24 01:26:31.399 INF API: test ended suite=0 test=117 pass=false
Sep 24 01:26:31.400 INF API: test started suite=0 test=118 name="interop/many-number-default (nethermind_development)"
Sep 24 01:26:31.411 INF API: test ended suite=0 test=118 pass=false
Sep 24 01:26:31.412 INF API: test started suite=0 test=119 name="interop/many-number-latest (nethermind_development)"
Sep 24 01:26:31.416 INF API: test ended suite=0 test=119 pass=false
Sep 24 01:26:31.417 INF API: test started suite=0 test=120 name="interop/many-number-pending (nethermind_development)"
Sep 24 01:26:31.421 INF API: test ended suite=0 test=120 pass=false
Sep 24 01:26:31.964 INF API: test ended suite=0 test=101 pass=true
Sep 24 01:26:31.966 INF API: test started suite=0 test=121 name="client launch (nethermind_release)"
Sep 24 01:26:39.463 INF API: client nethermind_release started suite=0 test=121 container=d3d65dd0
Sep 24 01:26:39.628 INF API: test started suite=0 test=122 name="interop/_control/head (nethermind_release)"
Sep 24 01:26:39.643 INF API: test ended suite=0 test=122 pass=false
Sep 24 01:26:39.644 INF API: test started suite=0 test=123 name="interop/_control/latest (nethermind_release)"
Sep 24 01:26:39.646 INF API: test ended suite=0 test=123 pass=false
Sep 24 01:26:39.647 INF API: test started suite=0 test=124 name="interop/_control/version (nethermind_release)"
Sep 24 01:26:39.650 INF API: test ended suite=0 test=124 pass=false
Sep 24 01:26:39.651 INF API: test started suite=0 test=125 name="interop/_reference/block/0x1 (nethermind_release)"
Sep 24 01:26:39.743 INF API: test ended suite=0 test=125 pass=false
Sep 24 01:26:39.745 INF API: test started suite=0 test=126 name="interop/_reference/block/0x2 (nethermind_release)"
Sep 24 01:26:39.772 INF API: test ended suite=0 test=126 pass=false
Sep 24 01:26:39.775 INF API: test started suite=0 test=127 name="interop/_reference/block/0x30 (nethermind_release)"
Sep 24 01:26:39.782 INF API: test ended suite=0 test=127 pass=false
Sep 24 01:26:39.784 INF API: test started suite=0 test=128 name="interop/call-number-default (nethermind_release)"
Sep 24 01:26:39.856 INF API: test ended suite=0 test=128 pass=false
Sep 24 01:26:39.858 INF API: test started suite=0 test=129 name="interop/call-number-latest (nethermind_release)"
Sep 24 01:26:39.873 INF API: test ended suite=0 test=129 pass=false
Sep 24 01:26:39.874 INF API: test started suite=0 test=130 name="interop/call-number-pending (nethermind_release)"
Sep 24 01:26:39.878 INF API: test ended suite=0 test=130 pass=false
Sep 24 01:26:39.879 INF API: test started suite=0 test=131 name="interop/filter-0-to-2 (nethermind_release)"
Sep 24 01:26:39.886 INF API: test ended suite=0 test=131 pass=false
Sep 24 01:26:39.895 INF API: test started suite=0 test=132 name="interop/filter-earliest (nethermind_release)"
Sep 24 01:26:39.899 INF API: test ended suite=0 test=132 pass=false
Sep 24 01:26:39.900 INF API: test started suite=0 test=133 name="interop/filter-head-only (nethermind_release)"
Sep 24 01:26:39.903 INF API: test ended suite=0 test=133 pass=false
Sep 24 01:26:39.904 INF API: test started suite=0 test=134 name="interop/filter-no-bounds (nethermind_release)"
Sep 24 01:26:39.909 INF API: test ended suite=0 test=134 pass=false
Sep 24 01:26:39.910 INF API: test started suite=0 test=135 name="interop/filter-pending (nethermind_release)"
Sep 24 01:26:39.913 INF API: test ended suite=0 test=135 pass=false
Sep 24 01:26:39.914 INF API: test started suite=0 test=136 name="interop/filter-safe (nethermind_release)"
Sep 24 01:26:39.916 INF API: test ended suite=0 test=136 pass=false
Sep 24 01:26:39.920 INF API: test started suite=0 test=137 name="interop/filter-to-2-implicit-from (nethermind_release)"
Sep 24 01:26:39.923 INF API: test ended suite=0 test=137 pass=false
Sep 24 01:26:39.931 INF API: test started suite=0 test=138 name="interop/many-number-default (nethermind_release)"
Sep 24 01:26:39.943 INF API: test ended suite=0 test=138 pass=false
Sep 24 01:26:39.944 INF API: test started suite=0 test=139 name="interop/many-number-latest (nethermind_release)"
Sep 24 01:26:39.947 INF API: test ended suite=0 test=139 pass=false
Sep 24 01:26:39.947 INF API: test started suite=0 test=140 name="interop/many-number-pending (nethermind_release)"
Sep 24 01:26:39.950 INF API: test ended suite=0 test=140 pass=false
Sep 24 01:26:40.347 INF API: test ended suite=0 test=121 pass=true
Sep 24 01:26:40.349 INF API: test started suite=0 test=141 name="client launch (reth_development)"
Sep 24 01:26:43.550 INF API: client reth_development started suite=0 test=141 container=e515c04b
Sep 24 01:26:43.564 INF API: test started suite=0 test=142 name="interop/_control/head (reth_development)"
Sep 24 01:26:43.566 INF API: test ended suite=0 test=142 pass=false
Sep 24 01:26:43.567 INF API: test started suite=0 test=143 name="interop/_control/latest (reth_development)"
Sep 24 01:26:43.569 INF API: test ended suite=0 test=143 pass=false
Sep 24 01:26:43.570 INF API: test started suite=0 test=144 name="interop/_control/version (reth_development)"
Sep 24 01:26:43.571 INF API: test ended suite=0 test=144 pass=false
Sep 24 01:26:43.572 INF API: test started suite=0 test=145 name="interop/_reference/block/0x1 (reth_development)"
Sep 24 01:26:43.577 INF API: test ended suite=0 test=145 pass=false
Sep 24 01:26:43.578 INF API: test started suite=0 test=146 name="interop/_reference/block/0x2 (reth_development)"
Sep 24 01:26:43.581 INF API: test ended suite=0 test=146 pass=false
Sep 24 01:26:43.582 INF API: test started suite=0 test=147 name="interop/_reference/block/0x30 (reth_development)"
Sep 24 01:26:43.583 INF API: test ended suite=0 test=147 pass=false
Sep 24 01:26:43.584 INF API: test started suite=0 test=148 name="interop/call-number-default (reth_development)"
Sep 24 01:26:43.586 INF API: test ended suite=0 test=148 pass=false
Sep 24 01:26:43.587 INF API: test started suite=0 test=149 name="interop/call-number-latest (reth_development)"
Sep 24 01:26:43.588 INF API: test ended suite=0 test=149 pass=false
Sep 24 01:26:43.590 INF API: test started suite=0 test=150 name="interop/call-number-pending (reth_development)"
Sep 24 01:26:43.591 INF API: test ended suite=0 test=150 pass=false
Sep 24 01:26:43.592 INF API: test started suite=0 test=151 name="interop/filter-0-to-2 (reth_development)"
Sep 24 01:26:43.597 INF API: test ended suite=0 test=151 pass=false
Sep 24 01:26:43.597 INF API: test started suite=0 test=152 name="interop/filter-earliest (reth_development)"
Sep 24 01:26:43.599 INF API: test ended suite=0 test=152 pass=false
Sep 24 01:26:43.600 INF API: test started suite=0 test=153 name="interop/filter-head-only (reth_development)"
Sep 24 01:26:43.601 INF API: test ended suite=0 test=153 pass=false
Sep 24 01:26:43.602 INF API: test started suite=0 test=154 name="interop/filter-no-bounds (reth_development)"
Sep 24 01:26:43.605 INF API: test ended suite=0 test=154 pass=false
Sep 24 01:26:43.605 INF API: test started suite=0 test=155 name="interop/filter-pending (reth_development)"
Sep 24 01:26:43.606 INF API: test ended suite=0 test=155 pass=false
Sep 24 01:26:43.607 INF API: test started suite=0 test=156 name="interop/filter-safe (reth_development)"
Sep 24 01:26:43.609 INF API: test ended suite=0 test=156 pass=false
Sep 24 01:26:43.609 INF API: test started suite=0 test=157 name="interop/filter-to-2-implicit-from (reth_development)"
Sep 24 01:26:43.612 INF API: test ended suite=0 test=157 pass=false
Sep 24 01:26:43.613 INF API: test started suite=0 test=158 name="interop/many-number-default (reth_development)"
Sep 24 01:26:43.615 INF API: test ended suite=0 test=158 pass=false
Sep 24 01:26:43.615 INF API: test started suite=0 test=159 name="interop/many-number-latest (reth_development)"
Sep 24 01:26:43.619 INF API: test ended suite=0 test=159 pass=false
Sep 24 01:26:43.619 INF API: test started suite=0 test=160 name="interop/many-number-pending (reth_development)"
Sep 24 01:26:43.622 INF API: test ended suite=0 test=160 pass=false
Sep 24 01:26:43.843 INF API: test ended suite=0 test=141 pass=true
Sep 24 01:26:43.845 INF API: test started suite=0 test=161 name="client launch (reth_release)"
Sep 24 01:26:44.937 INF API: client reth_release started suite=0 test=161 container=9ee24228
Sep 24 01:26:44.943 INF API: test started suite=0 test=162 name="interop/_control/head (reth_release)"
Sep 24 01:26:44.946 INF API: test ended suite=0 test=162 pass=false
Sep 24 01:26:44.947 INF API: test started suite=0 test=163 name="interop/_control/latest (reth_release)"
Sep 24 01:26:44.950 INF API: test ended suite=0 test=163 pass=false
Sep 24 01:26:44.950 INF API: test started suite=0 test=164 name="interop/_control/version (reth_release)"
Sep 24 01:26:44.953 INF API: test ended suite=0 test=164 pass=false
Sep 24 01:26:44.954 INF API: test started suite=0 test=165 name="interop/_reference/block/0x1 (reth_release)"
Sep 24 01:26:44.958 INF API: test ended suite=0 test=165 pass=false
Sep 24 01:26:44.959 INF API: test started suite=0 test=166 name="interop/_reference/block/0x2 (reth_release)"
Sep 24 01:26:44.963 INF API: test ended suite=0 test=166 pass=false
Sep 24 01:26:44.964 INF API: test started suite=0 test=167 name="interop/_reference/block/0x30 (reth_release)"
Sep 24 01:26:44.967 INF API: test ended suite=0 test=167 pass=false
Sep 24 01:26:44.968 INF API: test started suite=0 test=168 name="interop/call-number-default (reth_release)"
Sep 24 01:26:44.970 INF API: test ended suite=0 test=168 pass=false
Sep 24 01:26:44.971 INF API: test started suite=0 test=169 name="interop/call-number-latest (reth_release)"
Sep 24 01:26:44.973 INF API: test ended suite=0 test=169 pass=false
Sep 24 01:26:44.974 INF API: test started suite=0 test=170 name="interop/call-number-pending (reth_release)"
Sep 24 01:26:44.976 INF API: test ended suite=0 test=170 pass=false
Sep 24 01:26:44.977 INF API: test started suite=0 test=171 name="interop/filter-0-to-2 (reth_release)"
Sep 24 01:26:44.981 INF API: test ended suite=0 test=171 pass=false
Sep 24 01:26:44.981 INF API: test started suite=0 test=172 name="interop/filter-earliest (reth_release)"
Sep 24 01:26:44.984 INF API: test ended suite=0 test=172 pass=false
Sep 24 01:26:44.984 INF API: test started suite=0 test=173 name="interop/filter-head-only (reth_release)"
Sep 24 01:26:44.987 INF API: test ended suite=0 test=173 pass=false
Sep 24 01:26:44.987 INF API: test started suite=0 test=174 name="interop/filter-no-bounds (reth_release)"
Sep 24 01:26:44.990 INF API: test ended suite=0 test=174 pass=false
Sep 24 01:26:44.991 INF API: test started suite=0 test=175 name="interop/filter-pending (reth_release)"
Sep 24 01:26:44.994 INF API: test ended suite=0 test=175 pass=false
Sep 24 01:26:44.995 INF API: test started suite=0 test=176 name="interop/filter-safe (reth_release)"
Sep 24 01:26:44.997 INF API: test ended suite=0 test=176 pass=false
Sep 24 01:26:44.998 INF API: test started suite=0 test=177 name="interop/filter-to-2-implicit-from (reth_release)"
Sep 24 01:26:45.001 INF API: test ended suite=0 test=177 pass=false
Sep 24 01:26:45.002 INF API: test started suite=0 test=178 name="interop/many-number-default (reth_release)"
Sep 24 01:26:45.004 INF API: test ended suite=0 test=178 pass=false
Sep 24 01:26:45.005 INF API: test started suite=0 test=179 name="interop/many-number-latest (reth_release)"
Sep 24 01:26:45.008 INF API: test ended suite=0 test=179 pass=false
Sep 24 01:26:45.008 INF API: test started suite=0 test=180 name="interop/many-number-pending (reth_release)"
Sep 24 01:26:45.011 INF API: test ended suite=0 test=180 pass=false
Sep 24 01:26:45.157 INF API: test ended suite=0 test=161 pass=true
Sep 24 01:26:45.166 INF API: suite ended suite=0
Sep 24 01:26:45.402 INF simulation ethereum/rpc-compat finished suites=1 tests=180 failed=171
171 tests failed
