Sep 24 01:20:54.009 INF building image image=hive/hiveproxy nocache=false pull=false
Sep 24 01:20:54.055 INF building 9 clients...
Sep 24 01:20:54.055 INF building image image=hive/clients/besu_development:latest dir=clients/besu nocache=false pull=false baseimage=trace-interop/besu tag=a85249905183f65c98c9e8c282955e40487c4ff8af8db8b8e306d58292231744
Sep 24 01:20:54.088 INF building image image=hive/clients/besu_release:latest dir=clients/besu nocache=false pull=false baseimage=trace-interop/besu tag=f3713c713ca4f9e89c09e1478d2a85116ba9ce8343129d709420ba2af009598b
Sep 24 01:20:54.117 INF building image image=hive/clients/erigon_development:latest dir=clients/erigon nocache=false pull=false baseimage=trace-interop/erigon tag=8269576669f1b4a55572ee7d1a7e4489244cd57bb545293391d1ebd5e0fac002
Sep 24 01:20:54.149 INF building image image=hive/clients/erigon_release:latest dir=clients/erigon nocache=false pull=false baseimage=trace-interop/erigon tag=8668d9c5adc01ad1d12aa25380e384079080bdde7e0ce93f11bed422d82ca0ac
Sep 24 01:20:54.185 INF building image image=hive/clients/go-ethereum_trace:latest dir=clients/go-ethereum nocache=false pull=false baseimage=trace-interop/go-ethereum tag=351f4131517b32d6a34d884f30dd5d6db83e1c008297f920e87b02b269f9874e
Sep 24 01:20:54.217 INF building image image=hive/clients/nethermind_development:latest dir=clients/nethermind nocache=false pull=false baseimage=trace-interop/nethermind tag=e68f6cd253c312443b306b7e1e61381a38fd174dd16fe7e9bc55487245718182
Sep 24 01:20:54.249 INF building image image=hive/clients/nethermind_release:latest dir=clients/nethermind nocache=false pull=false baseimage=trace-interop/nethermind tag=a5098d75bfa8d4da1992ba8404b357fde6d53241315396e26b88e16e5f67bb59
Sep 24 01:20:54.281 INF building image image=hive/clients/reth_development:latest dir=clients/reth nocache=false pull=false baseimage=trace-interop/reth tag=1d6a97ef686d7c6099c5426c77334ca5891ce5d362fe5f3049ac2ea0df76de86
Sep 24 01:20:54.307 INF building image image=hive/clients/reth_release:latest dir=clients/reth nocache=false pull=false baseimage=trace-interop/reth tag=e939dc4a471d9d27224e430f607a954d692ca5037a1350ee2036397d14532ca7
Sep 24 01:20:54.338 INF building 1 simulators...
Sep 24 01:20:54.338 INF building image image=hive/simulators/ethereum/rpc-compat:latest dir=simulators/ethereum/rpc-compat nocache=false pull=false
Sep 24 01:20:54.450 INF creating output directory folder=/home/banteg/dev/trace-coverage-20260924/evidence/2026-09-24/coverage-matrix/fork-followup/hive
Sep 24 01:20:54.457 INF running simulation: ethereum/rpc-compat
Sep 24 01:20:54.605 INF hiveproxy started container=2f6e8b9f759c addr=172.17.0.2:8081
Sep 24 01:20:54.771 INF API: suite started suite=0 name=rpc-compat
Sep 24 01:20:54.772 INF API: test started suite=0 test=1 name="client launch (besu_development)"
Sep 24 01:21:03.126 INF API: client besu_development started suite=0 test=1 container=2b5f2810
Sep 24 01:21:03.390 INF API: test started suite=0 test=2 name="interop/_control/head (besu_development)"
Sep 24 01:21:03.398 INF API: test ended suite=0 test=2 pass=false
Sep 24 01:21:03.399 INF API: test started suite=0 test=3 name="interop/_control/latest (besu_development)"
Sep 24 01:21:03.406 INF API: test ended suite=0 test=3 pass=false
Sep 24 01:21:03.406 INF API: test started suite=0 test=4 name="interop/_control/version (besu_development)"
Sep 24 01:21:03.411 INF API: test ended suite=0 test=4 pass=false
Sep 24 01:21:03.412 INF API: test started suite=0 test=5 name="interop/_reference/block/0x33 (besu_development)"
Sep 24 01:21:03.484 INF API: test ended suite=0 test=5 pass=false
Sep 24 01:21:03.485 INF API: test started suite=0 test=6 name="interop/_reference/block/0x34 (besu_development)"
Sep 24 01:21:03.496 INF API: test ended suite=0 test=6 pass=false
Sep 24 01:21:03.497 INF API: test started suite=0 test=7 name="interop/_reference/block/0x35 (besu_development)"
Sep 24 01:21:03.520 INF API: test ended suite=0 test=7 pass=false
Sep 24 01:21:03.522 INF API: test started suite=0 test=8 name="interop/beacon-call-55 (besu_development)"
Sep 24 01:21:03.781 INF API: test ended suite=0 test=8 pass=false
Sep 24 01:21:03.783 INF API: test started suite=0 test=9 name="interop/beacon-call-56 (besu_development)"
Sep 24 01:21:03.825 INF API: test ended suite=0 test=9 pass=false
Sep 24 01:21:03.827 INF API: test started suite=0 test=10 name="interop/control-head (besu_development)"
Sep 24 01:21:03.845 INF API: test ended suite=0 test=10 pass=false
Sep 24 01:21:03.848 INF API: test started suite=0 test=11 name="interop/destroy-trace-55 (besu_development)"
Sep 24 01:21:03.921 INF API: test ended suite=0 test=11 pass=false
Sep 24 01:21:03.926 INF API: test started suite=0 test=12 name="interop/destroy-trace-56 (besu_development)"
Sep 24 01:21:03.944 INF API: test ended suite=0 test=12 pass=false
Sep 24 01:21:03.947 INF API: test started suite=0 test=13 name="interop/system-beacon-55-560 (besu_development)"
Sep 24 01:21:03.988 INF API: test ended suite=0 test=13 pass=false
Sep 24 01:21:03.990 INF API: test started suite=0 test=14 name="interop/system-beacon-55-8751 (besu_development)"
Sep 24 01:21:04.008 INF API: test ended suite=0 test=14 pass=false
Sep 24 01:21:04.012 INF API: test started suite=0 test=15 name="interop/system-beacon-56-560 (besu_development)"
Sep 24 01:21:04.025 INF API: test ended suite=0 test=15 pass=false
Sep 24 01:21:04.028 INF API: test started suite=0 test=16 name="interop/system-beacon-56-8751 (besu_development)"
Sep 24 01:21:04.045 INF API: test ended suite=0 test=16 pass=false
Sep 24 01:21:04.047 INF API: test started suite=0 test=17 name="interop/withdrawal-balance-51 (besu_development)"
Sep 24 01:21:04.056 INF API: test ended suite=0 test=17 pass=false
Sep 24 01:21:04.058 INF API: test started suite=0 test=18 name="interop/withdrawal-balance-52 (besu_development)"
Sep 24 01:21:04.075 INF API: test ended suite=0 test=18 pass=false
Sep 24 01:21:04.077 INF API: test started suite=0 test=19 name="interop/withdrawal-balance-53 (besu_development)"
Sep 24 01:21:04.092 INF API: test ended suite=0 test=19 pass=false
Sep 24 01:21:04.094 INF API: test started suite=0 test=20 name="interop/withdrawal-block-51 (besu_development)"
Sep 24 01:21:04.136 INF API: test ended suite=0 test=20 pass=false
Sep 24 01:21:04.138 INF API: test started suite=0 test=21 name="interop/withdrawal-block-52 (besu_development)"
Sep 24 01:21:04.153 INF API: test ended suite=0 test=21 pass=false
Sep 24 01:21:04.158 INF API: test started suite=0 test=22 name="interop/withdrawal-block-53 (besu_development)"
Sep 24 01:21:04.175 INF API: test ended suite=0 test=22 pass=false
Sep 24 01:21:04.178 INF API: test started suite=0 test=23 name="interop/withdrawal-filter-51 (besu_development)"
Sep 24 01:21:04.222 INF API: test ended suite=0 test=23 pass=false
Sep 24 01:21:04.224 INF API: test started suite=0 test=24 name="interop/withdrawal-filter-52 (besu_development)"
Sep 24 01:21:04.241 INF API: test ended suite=0 test=24 pass=false
Sep 24 01:21:04.245 INF API: test started suite=0 test=25 name="interop/withdrawal-filter-53 (besu_development)"
Sep 24 01:21:05.261 INF API: test ended suite=0 test=25 pass=false
Sep 24 01:21:05.435 INF API: test ended suite=0 test=1 pass=true
Sep 24 01:21:05.437 INF API: test started suite=0 test=26 name="client launch (besu_release)"
Sep 24 01:21:13.591 INF API: client besu_release started suite=0 test=26 container=b1735755
Sep 24 01:21:13.911 INF API: test started suite=0 test=27 name="interop/_control/head (besu_release)"
Sep 24 01:21:13.919 INF API: test ended suite=0 test=27 pass=false
Sep 24 01:21:13.921 INF API: test started suite=0 test=28 name="interop/_control/latest (besu_release)"
Sep 24 01:21:13.930 INF API: test ended suite=0 test=28 pass=false
Sep 24 01:21:13.931 INF API: test started suite=0 test=29 name="interop/_control/version (besu_release)"
Sep 24 01:21:13.937 INF API: test ended suite=0 test=29 pass=false
Sep 24 01:21:13.938 INF API: test started suite=0 test=30 name="interop/_reference/block/0x33 (besu_release)"
Sep 24 01:21:14.019 INF API: test ended suite=0 test=30 pass=false
Sep 24 01:21:14.020 INF API: test started suite=0 test=31 name="interop/_reference/block/0x34 (besu_release)"
Sep 24 01:21:14.031 INF API: test ended suite=0 test=31 pass=false
Sep 24 01:21:14.033 INF API: test started suite=0 test=32 name="interop/_reference/block/0x35 (besu_release)"
Sep 24 01:21:14.045 INF API: test ended suite=0 test=32 pass=false
Sep 24 01:21:14.046 INF API: test started suite=0 test=33 name="interop/beacon-call-55 (besu_release)"
Sep 24 01:21:14.123 INF API: test ended suite=0 test=33 pass=false
Sep 24 01:21:14.124 INF API: test started suite=0 test=34 name="interop/beacon-call-56 (besu_release)"
Sep 24 01:21:14.144 INF API: test ended suite=0 test=34 pass=false
Sep 24 01:21:14.145 INF API: test started suite=0 test=35 name="interop/control-head (besu_release)"
Sep 24 01:21:14.152 INF API: test ended suite=0 test=35 pass=false
Sep 24 01:21:14.153 INF API: test started suite=0 test=36 name="interop/destroy-trace-55 (besu_release)"
Sep 24 01:21:14.188 INF API: test ended suite=0 test=36 pass=false
Sep 24 01:21:14.189 INF API: test started suite=0 test=37 name="interop/destroy-trace-56 (besu_release)"
Sep 24 01:21:14.201 INF API: test ended suite=0 test=37 pass=false
Sep 24 01:21:14.202 INF API: test started suite=0 test=38 name="interop/system-beacon-55-560 (besu_release)"
Sep 24 01:21:14.218 INF API: test ended suite=0 test=38 pass=false
Sep 24 01:21:14.219 INF API: test started suite=0 test=39 name="interop/system-beacon-55-8751 (besu_release)"
Sep 24 01:21:14.226 INF API: test ended suite=0 test=39 pass=false
Sep 24 01:21:14.227 INF API: test started suite=0 test=40 name="interop/system-beacon-56-560 (besu_release)"
Sep 24 01:21:14.234 INF API: test ended suite=0 test=40 pass=false
Sep 24 01:21:14.235 INF API: test started suite=0 test=41 name="interop/system-beacon-56-8751 (besu_release)"
Sep 24 01:21:14.242 INF API: test ended suite=0 test=41 pass=false
Sep 24 01:21:14.243 INF API: test started suite=0 test=42 name="interop/withdrawal-balance-51 (besu_release)"
Sep 24 01:21:14.251 INF API: test ended suite=0 test=42 pass=false
Sep 24 01:21:14.252 INF API: test started suite=0 test=43 name="interop/withdrawal-balance-52 (besu_release)"
Sep 24 01:21:14.270 INF API: test ended suite=0 test=43 pass=false
Sep 24 01:21:14.272 INF API: test started suite=0 test=44 name="interop/withdrawal-balance-53 (besu_release)"
Sep 24 01:21:14.288 INF API: test ended suite=0 test=44 pass=false
Sep 24 01:21:14.289 INF API: test started suite=0 test=45 name="interop/withdrawal-block-51 (besu_release)"
Sep 24 01:21:14.306 INF API: test ended suite=0 test=45 pass=false
Sep 24 01:21:14.308 INF API: test started suite=0 test=46 name="interop/withdrawal-block-52 (besu_release)"
Sep 24 01:21:14.315 INF API: test ended suite=0 test=46 pass=false
Sep 24 01:21:14.316 INF API: test started suite=0 test=47 name="interop/withdrawal-block-53 (besu_release)"
Sep 24 01:21:14.325 INF API: test ended suite=0 test=47 pass=false
Sep 24 01:21:14.326 INF API: test started suite=0 test=48 name="interop/withdrawal-filter-51 (besu_release)"
Sep 24 01:21:14.349 INF API: test ended suite=0 test=48 pass=false
Sep 24 01:21:14.349 INF API: test started suite=0 test=49 name="interop/withdrawal-filter-52 (besu_release)"
Sep 24 01:21:14.356 INF API: test ended suite=0 test=49 pass=false
Sep 24 01:21:14.357 INF API: test started suite=0 test=50 name="interop/withdrawal-filter-53 (besu_release)"
Sep 24 01:21:14.364 INF API: test ended suite=0 test=50 pass=false
Sep 24 01:21:14.544 INF API: test ended suite=0 test=26 pass=true
Sep 24 01:21:14.545 INF API: test started suite=0 test=51 name="client launch (erigon_development)"
Sep 24 01:21:15.305 INF API: client erigon_development started suite=0 test=51 container=4784e842
Sep 24 01:21:15.313 INF API: test started suite=0 test=52 name="interop/_control/head (erigon_development)"
Sep 24 01:21:15.315 INF API: test ended suite=0 test=52 pass=false
Sep 24 01:21:15.317 INF API: test started suite=0 test=53 name="interop/_control/latest (erigon_development)"
Sep 24 01:21:15.319 INF API: test ended suite=0 test=53 pass=false
Sep 24 01:21:15.320 INF API: test started suite=0 test=54 name="interop/_control/version (erigon_development)"
Sep 24 01:21:15.322 INF API: test ended suite=0 test=54 pass=false
Sep 24 01:21:15.323 INF API: test started suite=0 test=55 name="interop/_reference/block/0x33 (erigon_development)"
Sep 24 01:21:15.330 INF API: test ended suite=0 test=55 pass=false
Sep 24 01:21:15.331 INF API: test started suite=0 test=56 name="interop/_reference/block/0x34 (erigon_development)"
Sep 24 01:21:15.334 INF API: test ended suite=0 test=56 pass=false
Sep 24 01:21:15.335 INF API: test started suite=0 test=57 name="interop/_reference/block/0x35 (erigon_development)"
Sep 24 01:21:15.338 INF API: test ended suite=0 test=57 pass=false
Sep 24 01:21:15.338 INF API: test started suite=0 test=58 name="interop/beacon-call-55 (erigon_development)"
Sep 24 01:21:15.341 INF API: test ended suite=0 test=58 pass=false
Sep 24 01:21:15.342 INF API: test started suite=0 test=59 name="interop/beacon-call-56 (erigon_development)"
Sep 24 01:21:15.345 INF API: test ended suite=0 test=59 pass=false
Sep 24 01:21:15.345 INF API: test started suite=0 test=60 name="interop/control-head (erigon_development)"
Sep 24 01:21:15.348 INF API: test ended suite=0 test=60 pass=false
Sep 24 01:21:15.349 INF API: test started suite=0 test=61 name="interop/destroy-trace-55 (erigon_development)"
Sep 24 01:21:15.351 INF API: test ended suite=0 test=61 pass=false
Sep 24 01:21:15.352 INF API: test started suite=0 test=62 name="interop/destroy-trace-56 (erigon_development)"
Sep 24 01:21:15.355 INF API: test ended suite=0 test=62 pass=false
Sep 24 01:21:15.356 INF API: test started suite=0 test=63 name="interop/system-beacon-55-560 (erigon_development)"
Sep 24 01:21:15.357 INF API: test ended suite=0 test=63 pass=false
Sep 24 01:21:15.358 INF API: test started suite=0 test=64 name="interop/system-beacon-55-8751 (erigon_development)"
Sep 24 01:21:15.360 INF API: test ended suite=0 test=64 pass=false
Sep 24 01:21:15.361 INF API: test started suite=0 test=65 name="interop/system-beacon-56-560 (erigon_development)"
Sep 24 01:21:15.363 INF API: test ended suite=0 test=65 pass=false
Sep 24 01:21:15.364 INF API: test started suite=0 test=66 name="interop/system-beacon-56-8751 (erigon_development)"
Sep 24 01:21:15.366 INF API: test ended suite=0 test=66 pass=false
Sep 24 01:21:15.367 INF API: test started suite=0 test=67 name="interop/withdrawal-balance-51 (erigon_development)"
Sep 24 01:21:15.369 INF API: test ended suite=0 test=67 pass=false
Sep 24 01:21:15.370 INF API: test started suite=0 test=68 name="interop/withdrawal-balance-52 (erigon_development)"
Sep 24 01:21:15.372 INF API: test ended suite=0 test=68 pass=false
Sep 24 01:21:15.373 INF API: test started suite=0 test=69 name="interop/withdrawal-balance-53 (erigon_development)"
Sep 24 01:21:15.375 INF API: test ended suite=0 test=69 pass=false
Sep 24 01:21:15.376 INF API: test started suite=0 test=70 name="interop/withdrawal-block-51 (erigon_development)"
Sep 24 01:21:15.378 INF API: test ended suite=0 test=70 pass=false
Sep 24 01:21:15.379 INF API: test started suite=0 test=71 name="interop/withdrawal-block-52 (erigon_development)"
Sep 24 01:21:15.382 INF API: test ended suite=0 test=71 pass=false
Sep 24 01:21:15.383 INF API: test started suite=0 test=72 name="interop/withdrawal-block-53 (erigon_development)"
Sep 24 01:21:15.386 INF API: test ended suite=0 test=72 pass=false
Sep 24 01:21:15.387 INF API: test started suite=0 test=73 name="interop/withdrawal-filter-51 (erigon_development)"
Sep 24 01:21:15.389 INF API: test ended suite=0 test=73 pass=false
Sep 24 01:21:15.390 INF API: test started suite=0 test=74 name="interop/withdrawal-filter-52 (erigon_development)"
Sep 24 01:21:15.392 INF API: test ended suite=0 test=74 pass=false
Sep 24 01:21:15.393 INF API: test started suite=0 test=75 name="interop/withdrawal-filter-53 (erigon_development)"
Sep 24 01:21:15.395 INF API: test ended suite=0 test=75 pass=false
Sep 24 01:21:15.525 INF API: test ended suite=0 test=51 pass=true
Sep 24 01:21:15.526 INF API: test started suite=0 test=76 name="client launch (erigon_release)"
Sep 24 01:21:16.387 INF API: client erigon_release started suite=0 test=76 container=996dfa86
Sep 24 01:21:16.394 INF API: test started suite=0 test=77 name="interop/_control/head (erigon_release)"
Sep 24 01:21:16.396 INF API: test ended suite=0 test=77 pass=false
Sep 24 01:21:16.397 INF API: test started suite=0 test=78 name="interop/_control/latest (erigon_release)"
Sep 24 01:21:16.400 INF API: test ended suite=0 test=78 pass=false
Sep 24 01:21:16.401 INF API: test started suite=0 test=79 name="interop/_control/version (erigon_release)"
Sep 24 01:21:16.403 INF API: test ended suite=0 test=79 pass=false
Sep 24 01:21:16.404 INF API: test started suite=0 test=80 name="interop/_reference/block/0x33 (erigon_release)"
Sep 24 01:21:16.407 INF API: test ended suite=0 test=80 pass=false
Sep 24 01:21:16.408 INF API: test started suite=0 test=81 name="interop/_reference/block/0x34 (erigon_release)"
Sep 24 01:21:16.411 INF API: test ended suite=0 test=81 pass=false
Sep 24 01:21:16.412 INF API: test started suite=0 test=82 name="interop/_reference/block/0x35 (erigon_release)"
Sep 24 01:21:16.414 INF API: test ended suite=0 test=82 pass=false
Sep 24 01:21:16.415 INF API: test started suite=0 test=83 name="interop/beacon-call-55 (erigon_release)"
Sep 24 01:21:16.418 INF API: test ended suite=0 test=83 pass=false
Sep 24 01:21:16.418 INF API: test started suite=0 test=84 name="interop/beacon-call-56 (erigon_release)"
Sep 24 01:21:16.421 INF API: test ended suite=0 test=84 pass=false
Sep 24 01:21:16.422 INF API: test started suite=0 test=85 name="interop/control-head (erigon_release)"
Sep 24 01:21:16.424 INF API: test ended suite=0 test=85 pass=false
Sep 24 01:21:16.425 INF API: test started suite=0 test=86 name="interop/destroy-trace-55 (erigon_release)"
Sep 24 01:21:16.428 INF API: test ended suite=0 test=86 pass=false
Sep 24 01:21:16.429 INF API: test started suite=0 test=87 name="interop/destroy-trace-56 (erigon_release)"
Sep 24 01:21:16.431 INF API: test ended suite=0 test=87 pass=false
Sep 24 01:21:16.432 INF API: test started suite=0 test=88 name="interop/system-beacon-55-560 (erigon_release)"
Sep 24 01:21:16.434 INF API: test ended suite=0 test=88 pass=false
Sep 24 01:21:16.435 INF API: test started suite=0 test=89 name="interop/system-beacon-55-8751 (erigon_release)"
Sep 24 01:21:16.437 INF API: test ended suite=0 test=89 pass=false
Sep 24 01:21:16.438 INF API: test started suite=0 test=90 name="interop/system-beacon-56-560 (erigon_release)"
Sep 24 01:21:16.439 INF API: test ended suite=0 test=90 pass=false
Sep 24 01:21:16.440 INF API: test started suite=0 test=91 name="interop/system-beacon-56-8751 (erigon_release)"
Sep 24 01:21:16.442 INF API: test ended suite=0 test=91 pass=false
Sep 24 01:21:16.443 INF API: test started suite=0 test=92 name="interop/withdrawal-balance-51 (erigon_release)"
Sep 24 01:21:16.445 INF API: test ended suite=0 test=92 pass=false
Sep 24 01:21:16.446 INF API: test started suite=0 test=93 name="interop/withdrawal-balance-52 (erigon_release)"
Sep 24 01:21:16.448 INF API: test ended suite=0 test=93 pass=false
Sep 24 01:21:16.449 INF API: test started suite=0 test=94 name="interop/withdrawal-balance-53 (erigon_release)"
Sep 24 01:21:16.451 INF API: test ended suite=0 test=94 pass=false
Sep 24 01:21:16.452 INF API: test started suite=0 test=95 name="interop/withdrawal-block-51 (erigon_release)"
Sep 24 01:21:16.455 INF API: test ended suite=0 test=95 pass=false
Sep 24 01:21:16.456 INF API: test started suite=0 test=96 name="interop/withdrawal-block-52 (erigon_release)"
Sep 24 01:21:16.459 INF API: test ended suite=0 test=96 pass=false
Sep 24 01:21:16.460 INF API: test started suite=0 test=97 name="interop/withdrawal-block-53 (erigon_release)"
Sep 24 01:21:16.462 INF API: test ended suite=0 test=97 pass=false
Sep 24 01:21:16.463 INF API: test started suite=0 test=98 name="interop/withdrawal-filter-51 (erigon_release)"
Sep 24 01:21:16.465 INF API: test ended suite=0 test=98 pass=false
Sep 24 01:21:16.466 INF API: test started suite=0 test=99 name="interop/withdrawal-filter-52 (erigon_release)"
Sep 24 01:21:16.468 INF API: test ended suite=0 test=99 pass=false
Sep 24 01:21:16.469 INF API: test started suite=0 test=100 name="interop/withdrawal-filter-53 (erigon_release)"
Sep 24 01:21:16.471 INF API: test ended suite=0 test=100 pass=false
Sep 24 01:21:16.582 INF API: test ended suite=0 test=76 pass=true
Sep 24 01:21:16.583 INF API: test started suite=0 test=101 name="client launch (go-ethereum_trace)"
Sep 24 01:21:17.229 INF API: client go-ethereum_trace started suite=0 test=101 container=7c8967e9
Sep 24 01:21:17.236 INF API: test started suite=0 test=102 name="interop/_control/head (go-ethereum_trace)"
Sep 24 01:21:17.241 INF API: test ended suite=0 test=102 pass=false
Sep 24 01:21:17.242 INF API: test started suite=0 test=103 name="interop/_control/latest (go-ethereum_trace)"
Sep 24 01:21:17.246 INF API: test ended suite=0 test=103 pass=false
Sep 24 01:21:17.247 INF API: test started suite=0 test=104 name="interop/_control/version (go-ethereum_trace)"
Sep 24 01:21:17.250 INF API: test ended suite=0 test=104 pass=false
Sep 24 01:21:17.251 INF API: test started suite=0 test=105 name="interop/_reference/block/0x33 (go-ethereum_trace)"
Sep 24 01:21:17.258 INF API: test ended suite=0 test=105 pass=false
Sep 24 01:21:17.259 INF API: test started suite=0 test=106 name="interop/_reference/block/0x34 (go-ethereum_trace)"
Sep 24 01:21:17.264 INF API: test ended suite=0 test=106 pass=false
Sep 24 01:21:17.265 INF API: test started suite=0 test=107 name="interop/_reference/block/0x35 (go-ethereum_trace)"
Sep 24 01:21:17.270 INF API: test ended suite=0 test=107 pass=false
Sep 24 01:21:17.271 INF API: test started suite=0 test=108 name="interop/beacon-call-55 (go-ethereum_trace)"
Sep 24 01:21:17.277 INF API: test ended suite=0 test=108 pass=false
Sep 24 01:21:17.278 INF API: test started suite=0 test=109 name="interop/beacon-call-56 (go-ethereum_trace)"
Sep 24 01:21:17.282 INF API: test ended suite=0 test=109 pass=false
Sep 24 01:21:17.283 INF API: test started suite=0 test=110 name="interop/control-head (go-ethereum_trace)"
Sep 24 01:21:17.286 INF API: test ended suite=0 test=110 pass=false
Sep 24 01:21:17.287 INF API: test started suite=0 test=111 name="interop/destroy-trace-55 (go-ethereum_trace)"
Sep 24 01:21:17.291 INF API: test ended suite=0 test=111 pass=false
Sep 24 01:21:17.291 INF API: test started suite=0 test=112 name="interop/destroy-trace-56 (go-ethereum_trace)"
Sep 24 01:21:17.295 INF API: test ended suite=0 test=112 pass=false
Sep 24 01:21:17.296 INF API: test started suite=0 test=113 name="interop/system-beacon-55-560 (go-ethereum_trace)"
Sep 24 01:21:17.298 INF API: test ended suite=0 test=113 pass=false
Sep 24 01:21:17.299 INF API: test started suite=0 test=114 name="interop/system-beacon-55-8751 (go-ethereum_trace)"
Sep 24 01:21:17.301 INF API: test ended suite=0 test=114 pass=false
Sep 24 01:21:17.302 INF API: test started suite=0 test=115 name="interop/system-beacon-56-560 (go-ethereum_trace)"
Sep 24 01:21:17.305 INF API: test ended suite=0 test=115 pass=false
Sep 24 01:21:17.306 INF API: test started suite=0 test=116 name="interop/system-beacon-56-8751 (go-ethereum_trace)"
Sep 24 01:21:17.309 INF API: test ended suite=0 test=116 pass=false
Sep 24 01:21:17.310 INF API: test started suite=0 test=117 name="interop/withdrawal-balance-51 (go-ethereum_trace)"
Sep 24 01:21:17.313 INF API: test ended suite=0 test=117 pass=false
Sep 24 01:21:17.314 INF API: test started suite=0 test=118 name="interop/withdrawal-balance-52 (go-ethereum_trace)"
Sep 24 01:21:17.316 INF API: test ended suite=0 test=118 pass=false
Sep 24 01:21:17.317 INF API: test started suite=0 test=119 name="interop/withdrawal-balance-53 (go-ethereum_trace)"
Sep 24 01:21:17.319 INF API: test ended suite=0 test=119 pass=false
Sep 24 01:21:17.320 INF API: test started suite=0 test=120 name="interop/withdrawal-block-51 (go-ethereum_trace)"
Sep 24 01:21:17.323 INF API: test ended suite=0 test=120 pass=false
Sep 24 01:21:17.323 INF API: test started suite=0 test=121 name="interop/withdrawal-block-52 (go-ethereum_trace)"
Sep 24 01:21:17.326 INF API: test ended suite=0 test=121 pass=false
Sep 24 01:21:17.327 INF API: test started suite=0 test=122 name="interop/withdrawal-block-53 (go-ethereum_trace)"
Sep 24 01:21:17.333 INF API: test ended suite=0 test=122 pass=false
Sep 24 01:21:17.334 INF API: test started suite=0 test=123 name="interop/withdrawal-filter-51 (go-ethereum_trace)"
Sep 24 01:21:17.337 INF API: test ended suite=0 test=123 pass=false
Sep 24 01:21:17.338 INF API: test started suite=0 test=124 name="interop/withdrawal-filter-52 (go-ethereum_trace)"
Sep 24 01:21:17.341 INF API: test ended suite=0 test=124 pass=false
Sep 24 01:21:17.342 INF API: test started suite=0 test=125 name="interop/withdrawal-filter-53 (go-ethereum_trace)"
Sep 24 01:21:17.344 INF API: test ended suite=0 test=125 pass=false
Sep 24 01:21:17.534 INF API: test ended suite=0 test=101 pass=true
Sep 24 01:21:17.536 INF API: test started suite=0 test=126 name="client launch (nethermind_development)"
Sep 24 01:21:25.761 INF API: client nethermind_development started suite=0 test=126 container=52b12c92
Sep 24 01:21:25.916 INF API: test started suite=0 test=127 name="interop/_control/head (nethermind_development)"
Sep 24 01:21:25.931 INF API: test ended suite=0 test=127 pass=false
Sep 24 01:21:25.933 INF API: test started suite=0 test=128 name="interop/_control/latest (nethermind_development)"
Sep 24 01:21:25.934 INF API: test ended suite=0 test=128 pass=false
Sep 24 01:21:25.935 INF API: test started suite=0 test=129 name="interop/_control/version (nethermind_development)"
Sep 24 01:21:25.938 INF API: test ended suite=0 test=129 pass=false
Sep 24 01:21:25.939 INF API: test started suite=0 test=130 name="interop/_reference/block/0x33 (nethermind_development)"
Sep 24 01:21:26.050 INF API: test ended suite=0 test=130 pass=false
Sep 24 01:21:26.051 INF API: test started suite=0 test=131 name="interop/_reference/block/0x34 (nethermind_development)"
Sep 24 01:21:26.054 INF API: test ended suite=0 test=131 pass=false
Sep 24 01:21:26.055 INF API: test started suite=0 test=132 name="interop/_reference/block/0x35 (nethermind_development)"
Sep 24 01:21:26.058 INF API: test ended suite=0 test=132 pass=false
Sep 24 01:21:26.059 INF API: test started suite=0 test=133 name="interop/beacon-call-55 (nethermind_development)"
Sep 24 01:21:26.108 INF API: test ended suite=0 test=133 pass=false
Sep 24 01:21:26.109 INF API: test started suite=0 test=134 name="interop/beacon-call-56 (nethermind_development)"
Sep 24 01:21:26.112 INF API: test ended suite=0 test=134 pass=false
Sep 24 01:21:26.113 INF API: test started suite=0 test=135 name="interop/control-head (nethermind_development)"
Sep 24 01:21:26.115 INF API: test ended suite=0 test=135 pass=false
Sep 24 01:21:26.115 INF API: test started suite=0 test=136 name="interop/destroy-trace-55 (nethermind_development)"
Sep 24 01:21:26.159 INF API: test ended suite=0 test=136 pass=false
Sep 24 01:21:26.161 INF API: test started suite=0 test=137 name="interop/destroy-trace-56 (nethermind_development)"
Sep 24 01:21:26.165 INF API: test ended suite=0 test=137 pass=false
Sep 24 01:21:26.166 INF API: test started suite=0 test=138 name="interop/system-beacon-55-560 (nethermind_development)"
Sep 24 01:21:26.171 INF API: test ended suite=0 test=138 pass=false
Sep 24 01:21:26.172 INF API: test started suite=0 test=139 name="interop/system-beacon-55-8751 (nethermind_development)"
Sep 24 01:21:26.174 INF API: test ended suite=0 test=139 pass=false
Sep 24 01:21:26.175 INF API: test started suite=0 test=140 name="interop/system-beacon-56-560 (nethermind_development)"
Sep 24 01:21:26.176 INF API: test ended suite=0 test=140 pass=false
Sep 24 01:21:26.177 INF API: test started suite=0 test=141 name="interop/system-beacon-56-8751 (nethermind_development)"
Sep 24 01:21:26.178 INF API: test ended suite=0 test=141 pass=false
Sep 24 01:21:26.179 INF API: test started suite=0 test=142 name="interop/withdrawal-balance-51 (nethermind_development)"
Sep 24 01:21:26.183 INF API: test ended suite=0 test=142 pass=false
Sep 24 01:21:26.184 INF API: test started suite=0 test=143 name="interop/withdrawal-balance-52 (nethermind_development)"
Sep 24 01:21:26.185 INF API: test ended suite=0 test=143 pass=false
Sep 24 01:21:26.186 INF API: test started suite=0 test=144 name="interop/withdrawal-balance-53 (nethermind_development)"
Sep 24 01:21:26.187 INF API: test ended suite=0 test=144 pass=false
Sep 24 01:21:26.188 INF API: test started suite=0 test=145 name="interop/withdrawal-block-51 (nethermind_development)"
Sep 24 01:21:26.209 INF API: test ended suite=0 test=145 pass=false
Sep 24 01:21:26.210 INF API: test started suite=0 test=146 name="interop/withdrawal-block-52 (nethermind_development)"
Sep 24 01:21:26.213 INF API: test ended suite=0 test=146 pass=false
Sep 24 01:21:26.214 INF API: test started suite=0 test=147 name="interop/withdrawal-block-53 (nethermind_development)"
Sep 24 01:21:26.220 INF API: test ended suite=0 test=147 pass=false
Sep 24 01:21:26.221 INF API: test started suite=0 test=148 name="interop/withdrawal-filter-51 (nethermind_development)"
Sep 24 01:21:26.229 INF API: test ended suite=0 test=148 pass=false
Sep 24 01:21:26.230 INF API: test started suite=0 test=149 name="interop/withdrawal-filter-52 (nethermind_development)"
Sep 24 01:21:26.232 INF API: test ended suite=0 test=149 pass=false
Sep 24 01:21:26.233 INF API: test started suite=0 test=150 name="interop/withdrawal-filter-53 (nethermind_development)"
Sep 24 01:21:26.236 INF API: test ended suite=0 test=150 pass=false
Sep 24 01:21:26.513 INF API: test ended suite=0 test=126 pass=true
Sep 24 01:21:26.515 INF API: test started suite=0 test=151 name="client launch (nethermind_release)"
Sep 24 01:21:33.756 INF API: client nethermind_release started suite=0 test=151 container=f1b0f2f2
Sep 24 01:21:33.908 INF API: test started suite=0 test=152 name="interop/_control/head (nethermind_release)"
Sep 24 01:21:33.924 INF API: test ended suite=0 test=152 pass=false
Sep 24 01:21:33.925 INF API: test started suite=0 test=153 name="interop/_control/latest (nethermind_release)"
Sep 24 01:21:33.927 INF API: test ended suite=0 test=153 pass=false
Sep 24 01:21:33.928 INF API: test started suite=0 test=154 name="interop/_control/version (nethermind_release)"
Sep 24 01:21:33.930 INF API: test ended suite=0 test=154 pass=false
Sep 24 01:21:33.931 INF API: test started suite=0 test=155 name="interop/_reference/block/0x33 (nethermind_release)"
Sep 24 01:21:33.997 INF API: test ended suite=0 test=155 pass=false
Sep 24 01:21:33.998 INF API: test started suite=0 test=156 name="interop/_reference/block/0x34 (nethermind_release)"
Sep 24 01:21:34.001 INF API: test ended suite=0 test=156 pass=false
Sep 24 01:21:34.002 INF API: test started suite=0 test=157 name="interop/_reference/block/0x35 (nethermind_release)"
Sep 24 01:21:34.004 INF API: test ended suite=0 test=157 pass=false
Sep 24 01:21:34.004 INF API: test started suite=0 test=158 name="interop/beacon-call-55 (nethermind_release)"
Sep 24 01:21:34.042 INF API: test ended suite=0 test=158 pass=false
Sep 24 01:21:34.043 INF API: test started suite=0 test=159 name="interop/beacon-call-56 (nethermind_release)"
Sep 24 01:21:34.045 INF API: test ended suite=0 test=159 pass=false
Sep 24 01:21:34.046 INF API: test started suite=0 test=160 name="interop/control-head (nethermind_release)"
Sep 24 01:21:34.048 INF API: test ended suite=0 test=160 pass=false
Sep 24 01:21:34.048 INF API: test started suite=0 test=161 name="interop/destroy-trace-55 (nethermind_release)"
Sep 24 01:21:34.068 INF API: test ended suite=0 test=161 pass=false
Sep 24 01:21:34.069 INF API: test started suite=0 test=162 name="interop/destroy-trace-56 (nethermind_release)"
Sep 24 01:21:34.072 INF API: test ended suite=0 test=162 pass=false
Sep 24 01:21:34.072 INF API: test started suite=0 test=163 name="interop/system-beacon-55-560 (nethermind_release)"
Sep 24 01:21:34.076 INF API: test ended suite=0 test=163 pass=false
Sep 24 01:21:34.076 INF API: test started suite=0 test=164 name="interop/system-beacon-55-8751 (nethermind_release)"
Sep 24 01:21:34.078 INF API: test ended suite=0 test=164 pass=false
Sep 24 01:21:34.079 INF API: test started suite=0 test=165 name="interop/system-beacon-56-560 (nethermind_release)"
Sep 24 01:21:34.080 INF API: test ended suite=0 test=165 pass=false
Sep 24 01:21:34.081 INF API: test started suite=0 test=166 name="interop/system-beacon-56-8751 (nethermind_release)"
Sep 24 01:21:34.082 INF API: test ended suite=0 test=166 pass=false
Sep 24 01:21:34.082 INF API: test started suite=0 test=167 name="interop/withdrawal-balance-51 (nethermind_release)"
Sep 24 01:21:34.086 INF API: test ended suite=0 test=167 pass=false
Sep 24 01:21:34.086 INF API: test started suite=0 test=168 name="interop/withdrawal-balance-52 (nethermind_release)"
Sep 24 01:21:34.087 INF API: test ended suite=0 test=168 pass=false
Sep 24 01:21:34.088 INF API: test started suite=0 test=169 name="interop/withdrawal-balance-53 (nethermind_release)"
Sep 24 01:21:34.089 INF API: test ended suite=0 test=169 pass=false
Sep 24 01:21:34.090 INF API: test started suite=0 test=170 name="interop/withdrawal-block-51 (nethermind_release)"
Sep 24 01:21:34.107 INF API: test ended suite=0 test=170 pass=false
Sep 24 01:21:34.108 INF API: test started suite=0 test=171 name="interop/withdrawal-block-52 (nethermind_release)"
Sep 24 01:21:34.110 INF API: test ended suite=0 test=171 pass=false
Sep 24 01:21:34.111 INF API: test started suite=0 test=172 name="interop/withdrawal-block-53 (nethermind_release)"
Sep 24 01:21:34.117 INF API: test ended suite=0 test=172 pass=false
Sep 24 01:21:34.117 INF API: test started suite=0 test=173 name="interop/withdrawal-filter-51 (nethermind_release)"
Sep 24 01:21:34.125 INF API: test ended suite=0 test=173 pass=false
Sep 24 01:21:34.126 INF API: test started suite=0 test=174 name="interop/withdrawal-filter-52 (nethermind_release)"
Sep 24 01:21:34.127 INF API: test ended suite=0 test=174 pass=false
Sep 24 01:21:34.128 INF API: test started suite=0 test=175 name="interop/withdrawal-filter-53 (nethermind_release)"
Sep 24 01:21:34.130 INF API: test ended suite=0 test=175 pass=false
Sep 24 01:21:34.495 INF API: test ended suite=0 test=151 pass=true
Sep 24 01:21:34.498 INF API: test started suite=0 test=176 name="client launch (reth_development)"
Sep 24 01:21:36.758 INF API: client reth_development started suite=0 test=176 container=c23cca2f
Sep 24 01:21:36.775 INF API: test started suite=0 test=177 name="interop/_control/head (reth_development)"
Sep 24 01:21:36.777 INF API: test ended suite=0 test=177 pass=false
Sep 24 01:21:36.778 INF API: test started suite=0 test=178 name="interop/_control/latest (reth_development)"
Sep 24 01:21:36.781 INF API: test ended suite=0 test=178 pass=false
Sep 24 01:21:36.782 INF API: test started suite=0 test=179 name="interop/_control/version (reth_development)"
Sep 24 01:21:36.783 INF API: test ended suite=0 test=179 pass=false
Sep 24 01:21:36.783 INF API: test started suite=0 test=180 name="interop/_reference/block/0x33 (reth_development)"
Sep 24 01:21:36.786 INF API: test ended suite=0 test=180 pass=false
Sep 24 01:21:36.786 INF API: test started suite=0 test=181 name="interop/_reference/block/0x34 (reth_development)"
Sep 24 01:21:36.788 INF API: test ended suite=0 test=181 pass=false
Sep 24 01:21:36.789 INF API: test started suite=0 test=182 name="interop/_reference/block/0x35 (reth_development)"
Sep 24 01:21:36.790 INF API: test ended suite=0 test=182 pass=false
Sep 24 01:21:36.791 INF API: test started suite=0 test=183 name="interop/beacon-call-55 (reth_development)"
Sep 24 01:21:36.793 INF API: test ended suite=0 test=183 pass=false
Sep 24 01:21:36.793 INF API: test started suite=0 test=184 name="interop/beacon-call-56 (reth_development)"
Sep 24 01:21:36.795 INF API: test ended suite=0 test=184 pass=false
Sep 24 01:21:36.796 INF API: test started suite=0 test=185 name="interop/control-head (reth_development)"
Sep 24 01:21:36.798 INF API: test ended suite=0 test=185 pass=false
Sep 24 01:21:36.799 INF API: test started suite=0 test=186 name="interop/destroy-trace-55 (reth_development)"
Sep 24 01:21:36.800 INF API: test ended suite=0 test=186 pass=false
Sep 24 01:21:36.801 INF API: test started suite=0 test=187 name="interop/destroy-trace-56 (reth_development)"
Sep 24 01:21:36.803 INF API: test ended suite=0 test=187 pass=false
Sep 24 01:21:36.803 INF API: test started suite=0 test=188 name="interop/system-beacon-55-560 (reth_development)"
Sep 24 01:21:36.805 INF API: test ended suite=0 test=188 pass=false
Sep 24 01:21:36.805 INF API: test started suite=0 test=189 name="interop/system-beacon-55-8751 (reth_development)"
Sep 24 01:21:36.806 INF API: test ended suite=0 test=189 pass=false
Sep 24 01:21:36.807 INF API: test started suite=0 test=190 name="interop/system-beacon-56-560 (reth_development)"
Sep 24 01:21:36.808 INF API: test ended suite=0 test=190 pass=false
Sep 24 01:21:36.809 INF API: test started suite=0 test=191 name="interop/system-beacon-56-8751 (reth_development)"
Sep 24 01:21:36.810 INF API: test ended suite=0 test=191 pass=false
Sep 24 01:21:36.811 INF API: test started suite=0 test=192 name="interop/withdrawal-balance-51 (reth_development)"
Sep 24 01:21:36.812 INF API: test ended suite=0 test=192 pass=false
Sep 24 01:21:36.812 INF API: test started suite=0 test=193 name="interop/withdrawal-balance-52 (reth_development)"
Sep 24 01:21:36.813 INF API: test ended suite=0 test=193 pass=false
Sep 24 01:21:36.814 INF API: test started suite=0 test=194 name="interop/withdrawal-balance-53 (reth_development)"
Sep 24 01:21:36.815 INF API: test ended suite=0 test=194 pass=false
Sep 24 01:21:36.816 INF API: test started suite=0 test=195 name="interop/withdrawal-block-51 (reth_development)"
Sep 24 01:21:36.818 INF API: test ended suite=0 test=195 pass=false
Sep 24 01:21:36.819 INF API: test started suite=0 test=196 name="interop/withdrawal-block-52 (reth_development)"
Sep 24 01:21:36.821 INF API: test ended suite=0 test=196 pass=false
Sep 24 01:21:36.822 INF API: test started suite=0 test=197 name="interop/withdrawal-block-53 (reth_development)"
Sep 24 01:21:36.824 INF API: test ended suite=0 test=197 pass=false
Sep 24 01:21:36.825 INF API: test started suite=0 test=198 name="interop/withdrawal-filter-51 (reth_development)"
Sep 24 01:21:36.826 INF API: test ended suite=0 test=198 pass=false
Sep 24 01:21:36.827 INF API: test started suite=0 test=199 name="interop/withdrawal-filter-52 (reth_development)"
Sep 24 01:21:36.829 INF API: test ended suite=0 test=199 pass=false
Sep 24 01:21:36.830 INF API: test started suite=0 test=200 name="interop/withdrawal-filter-53 (reth_development)"
Sep 24 01:21:36.831 INF API: test ended suite=0 test=200 pass=false
Sep 24 01:21:37.143 INF API: test ended suite=0 test=176 pass=true
Sep 24 01:21:37.145 INF API: test started suite=0 test=201 name="client launch (reth_release)"
Sep 24 01:21:39.330 INF API: client reth_release started suite=0 test=201 container=d29b4bef
Sep 24 01:21:39.342 INF API: test started suite=0 test=202 name="interop/_control/head (reth_release)"
Sep 24 01:21:39.353 INF API: test ended suite=0 test=202 pass=false
Sep 24 01:21:39.354 INF API: test started suite=0 test=203 name="interop/_control/latest (reth_release)"
Sep 24 01:21:39.356 INF API: test ended suite=0 test=203 pass=false
Sep 24 01:21:39.356 INF API: test started suite=0 test=204 name="interop/_control/version (reth_release)"
Sep 24 01:21:39.358 INF API: test ended suite=0 test=204 pass=false
Sep 24 01:21:39.359 INF API: test started suite=0 test=205 name="interop/_reference/block/0x33 (reth_release)"
Sep 24 01:21:39.362 INF API: test ended suite=0 test=205 pass=false
Sep 24 01:21:39.363 INF API: test started suite=0 test=206 name="interop/_reference/block/0x34 (reth_release)"
Sep 24 01:21:39.364 INF API: test ended suite=0 test=206 pass=false
Sep 24 01:21:39.365 INF API: test started suite=0 test=207 name="interop/_reference/block/0x35 (reth_release)"
Sep 24 01:21:39.367 INF API: test ended suite=0 test=207 pass=false
Sep 24 01:21:39.368 INF API: test started suite=0 test=208 name="interop/beacon-call-55 (reth_release)"
Sep 24 01:21:39.370 INF API: test ended suite=0 test=208 pass=false
Sep 24 01:21:39.370 INF API: test started suite=0 test=209 name="interop/beacon-call-56 (reth_release)"
Sep 24 01:21:39.372 INF API: test ended suite=0 test=209 pass=false
Sep 24 01:21:39.373 INF API: test started suite=0 test=210 name="interop/control-head (reth_release)"
Sep 24 01:21:39.374 INF API: test ended suite=0 test=210 pass=false
Sep 24 01:21:39.375 INF API: test started suite=0 test=211 name="interop/destroy-trace-55 (reth_release)"
Sep 24 01:21:39.377 INF API: test ended suite=0 test=211 pass=false
Sep 24 01:21:39.378 INF API: test started suite=0 test=212 name="interop/destroy-trace-56 (reth_release)"
Sep 24 01:21:39.380 INF API: test ended suite=0 test=212 pass=false
Sep 24 01:21:39.381 INF API: test started suite=0 test=213 name="interop/system-beacon-55-560 (reth_release)"
Sep 24 01:21:39.382 INF API: test ended suite=0 test=213 pass=false
Sep 24 01:21:39.383 INF API: test started suite=0 test=214 name="interop/system-beacon-55-8751 (reth_release)"
Sep 24 01:21:39.384 INF API: test ended suite=0 test=214 pass=false
Sep 24 01:21:39.385 INF API: test started suite=0 test=215 name="interop/system-beacon-56-560 (reth_release)"
Sep 24 01:21:39.387 INF API: test ended suite=0 test=215 pass=false
Sep 24 01:21:39.388 INF API: test started suite=0 test=216 name="interop/system-beacon-56-8751 (reth_release)"
Sep 24 01:21:39.389 INF API: test ended suite=0 test=216 pass=false
Sep 24 01:21:39.390 INF API: test started suite=0 test=217 name="interop/withdrawal-balance-51 (reth_release)"
Sep 24 01:21:39.391 INF API: test ended suite=0 test=217 pass=false
Sep 24 01:21:39.392 INF API: test started suite=0 test=218 name="interop/withdrawal-balance-52 (reth_release)"
Sep 24 01:21:39.393 INF API: test ended suite=0 test=218 pass=false
Sep 24 01:21:39.394 INF API: test started suite=0 test=219 name="interop/withdrawal-balance-53 (reth_release)"
Sep 24 01:21:39.396 INF API: test ended suite=0 test=219 pass=false
Sep 24 01:21:39.396 INF API: test started suite=0 test=220 name="interop/withdrawal-block-51 (reth_release)"
Sep 24 01:21:39.399 INF API: test ended suite=0 test=220 pass=false
Sep 24 01:21:39.400 INF API: test started suite=0 test=221 name="interop/withdrawal-block-52 (reth_release)"
Sep 24 01:21:39.401 INF API: test ended suite=0 test=221 pass=false
Sep 24 01:21:39.402 INF API: test started suite=0 test=222 name="interop/withdrawal-block-53 (reth_release)"
Sep 24 01:21:39.404 INF API: test ended suite=0 test=222 pass=false
Sep 24 01:21:39.405 INF API: test started suite=0 test=223 name="interop/withdrawal-filter-51 (reth_release)"
Sep 24 01:21:39.406 INF API: test ended suite=0 test=223 pass=false
Sep 24 01:21:39.407 INF API: test started suite=0 test=224 name="interop/withdrawal-filter-52 (reth_release)"
Sep 24 01:21:39.408 INF API: test ended suite=0 test=224 pass=false
Sep 24 01:21:39.409 INF API: test started suite=0 test=225 name="interop/withdrawal-filter-53 (reth_release)"
Sep 24 01:21:39.410 INF API: test ended suite=0 test=225 pass=false
Sep 24 01:21:39.680 INF API: test ended suite=0 test=201 pass=true
Sep 24 01:21:39.690 INF API: suite ended suite=0
Sep 24 01:21:40.158 INF simulation ethereum/rpc-compat finished suites=1 tests=225 failed=216
216 tests failed
