docker.io/hyperledger/besu@sha256:ce2bb63e2750ac95d231f4d4fd53957f151e27635d0d9b37ccd474601b467e3d: Pulling from hyperledger/besu
Digest: sha256:ce2bb63e2750ac95d231f4d4fd53957f151e27635d0d9b37ccd474601b467e3d
Status: Image is up to date for hyperledger/besu@sha256:ce2bb63e2750ac95d231f4d4fd53957f151e27635d0d9b37ccd474601b467e3d
docker.io/hyperledger/besu@sha256:ce2bb63e2750ac95d231f4d4fd53957f151e27635d0d9b37ccd474601b467e3d
docker.io/hyperledger/besu@sha256:fc1813d67d630d7660eea6ee555c01e73bfecda3e54d24f9484c1c4a52c6fcb0: Pulling from hyperledger/besu
Digest: sha256:fc1813d67d630d7660eea6ee555c01e73bfecda3e54d24f9484c1c4a52c6fcb0
Status: Image is up to date for hyperledger/besu@sha256:fc1813d67d630d7660eea6ee555c01e73bfecda3e54d24f9484c1c4a52c6fcb0
docker.io/hyperledger/besu@sha256:fc1813d67d630d7660eea6ee555c01e73bfecda3e54d24f9484c1c4a52c6fcb0
docker.io/erigontech/erigon@sha256:b0294363e42ba75882bf633400967f52a736c8501416ebd794130e94183b9620: Pulling from erigontech/erigon
Digest: sha256:b0294363e42ba75882bf633400967f52a736c8501416ebd794130e94183b9620
Status: Image is up to date for erigontech/erigon@sha256:b0294363e42ba75882bf633400967f52a736c8501416ebd794130e94183b9620
docker.io/erigontech/erigon@sha256:b0294363e42ba75882bf633400967f52a736c8501416ebd794130e94183b9620
docker.io/erigontech/erigon@sha256:fa136bbbcdd740d33535b4a8e8690c345ae37485985a84a361dcd57430c1638d: Pulling from erigontech/erigon
Digest: sha256:fa136bbbcdd740d33535b4a8e8690c345ae37485985a84a361dcd57430c1638d
Status: Image is up to date for erigontech/erigon@sha256:fa136bbbcdd740d33535b4a8e8690c345ae37485985a84a361dcd57430c1638d
docker.io/erigontech/erigon@sha256:fa136bbbcdd740d33535b4a8e8690c345ae37485985a84a361dcd57430c1638d
docker.io/nethermindeth/nethermind@sha256:4f802f1cb17bbc1129f3cdb3f24d8f4ca4a42f6832b213347cbc238980543bbb: Pulling from nethermindeth/nethermind
Digest: sha256:4f802f1cb17bbc1129f3cdb3f24d8f4ca4a42f6832b213347cbc238980543bbb
Status: Image is up to date for nethermindeth/nethermind@sha256:4f802f1cb17bbc1129f3cdb3f24d8f4ca4a42f6832b213347cbc238980543bbb
docker.io/nethermindeth/nethermind@sha256:4f802f1cb17bbc1129f3cdb3f24d8f4ca4a42f6832b213347cbc238980543bbb
docker.io/nethermind/nethermind@sha256:8156768beb584a1e62c3dcf0e0da7be61418dc08c89a80a4f9a3a48e5d247c12: Pulling from nethermind/nethermind
Digest: sha256:8156768beb584a1e62c3dcf0e0da7be61418dc08c89a80a4f9a3a48e5d247c12
Status: Image is up to date for nethermind/nethermind@sha256:8156768beb584a1e62c3dcf0e0da7be61418dc08c89a80a4f9a3a48e5d247c12
docker.io/nethermind/nethermind@sha256:8156768beb584a1e62c3dcf0e0da7be61418dc08c89a80a4f9a3a48e5d247c12
ghcr.io/paradigmxyz/reth@sha256:5d96d0972446f8699e4176d9c2f22c05df2835c2f5635bd3e2edadc137ae4b0e: Pulling from paradigmxyz/reth
Digest: sha256:5d96d0972446f8699e4176d9c2f22c05df2835c2f5635bd3e2edadc137ae4b0e
Status: Image is up to date for ghcr.io/paradigmxyz/reth@sha256:5d96d0972446f8699e4176d9c2f22c05df2835c2f5635bd3e2edadc137ae4b0e
ghcr.io/paradigmxyz/reth@sha256:5d96d0972446f8699e4176d9c2f22c05df2835c2f5635bd3e2edadc137ae4b0e
ghcr.io/paradigmxyz/reth@sha256:a7f059d470878a5a59f3c575f3fc81b536d0d2d56d7a1cbed73e717a4f766336: Pulling from paradigmxyz/reth
Digest: sha256:a7f059d470878a5a59f3c575f3fc81b536d0d2d56d7a1cbed73e717a4f766336
Status: Image is up to date for ghcr.io/paradigmxyz/reth@sha256:a7f059d470878a5a59f3c575f3fc81b536d0d2d56d7a1cbed73e717a4f766336
ghcr.io/paradigmxyz/reth@sha256:a7f059d470878a5a59f3c575f3fc81b536d0d2d56d7a1cbed73e717a4f766336
ghcr.io/foundry-rs/foundry@sha256:dffa99e59c18c13522811f361a201782ad7f12bc54491a786caa5fa9a025b385: Pulling from foundry-rs/foundry
Digest: sha256:dffa99e59c18c13522811f361a201782ad7f12bc54491a786caa5fa9a025b385
Status: Image is up to date for ghcr.io/foundry-rs/foundry@sha256:dffa99e59c18c13522811f361a201782ad7f12bc54491a786caa5fa9a025b385
ghcr.io/foundry-rs/foundry@sha256:dffa99e59c18c13522811f361a201782ad7f12bc54491a786caa5fa9a025b385
ghcr.io/foundry-rs/foundry@sha256:2e4287278639262de76db72477301d5d3212fa1b1cce710d7d148750a46ce9e7: Pulling from foundry-rs/foundry
Digest: sha256:2e4287278639262de76db72477301d5d3212fa1b1cce710d7d148750a46ce9e7
Status: Image is up to date for ghcr.io/foundry-rs/foundry@sha256:2e4287278639262de76db72477301d5d3212fa1b1cce710d7d148750a46ce9e7
ghcr.io/foundry-rs/foundry@sha256:2e4287278639262de76db72477301d5d3212fa1b1cce710d7d148750a46ce9e7
error: run incomplete; evidence saved to /home/banteg/dev/trace-refresh-2026-09-29/evidence/2026-09-29/refresh/mined-probes
