Sep 23 01:38:42.442 INF building image image=hive/hiveproxy nocache=false pull=false
Sep 23 01:38:42.464 INF building 1 clients...
Sep 23 01:38:42.464 INF building image image=hive/clients/go-ethereum_trace:latest dir=clients/go-ethereum nocache=false pull=false baseimage=trace-interop/go-ethereum tag=da6869fd3865980fef80bfa418746c825c6854d3dca32b9fa2ec92738be4e849
Sep 23 01:38:42.646 INF building 1 simulators...
Sep 23 01:38:42.646 INF building image image=hive/simulators/ethereum/rpc-compat:latest dir=simulators/ethereum/rpc-compat nocache=false pull=false
Sep 23 01:38:42.789 INF creating output directory folder=/home/banteg/geth40/geth-40eecf3-fork-followup/hive
Sep 23 01:38:42.797 INF running simulation: ethereum/rpc-compat
Sep 23 01:38:43.281 INF hiveproxy started container=e86397dd5ff4 addr=172.17.0.2:8081
Sep 23 01:38:43.990 INF API: suite started suite=0 name=rpc-compat
Sep 23 01:38:43.992 INF API: test started suite=0 test=1 name="client launch (go-ethereum_trace)"
Sep 23 01:38:45.268 INF API: client go-ethereum_trace started suite=0 test=1 container=777f6436
Sep 23 01:38:45.274 INF API: test started suite=0 test=2 name="interop/_control/head (go-ethereum_trace)"
Sep 23 01:38:45.278 INF API: test ended suite=0 test=2 pass=false
Sep 23 01:38:45.279 INF API: test started suite=0 test=3 name="interop/_control/version (go-ethereum_trace)"
Sep 23 01:38:45.282 INF API: test ended suite=0 test=3 pass=false
Sep 23 01:38:45.283 INF API: test started suite=0 test=4 name="interop/beacon-call-55 (go-ethereum_trace)"
Sep 23 01:38:45.286 INF API: test ended suite=0 test=4 pass=false
Sep 23 01:38:45.287 INF API: test started suite=0 test=5 name="interop/beacon-call-56 (go-ethereum_trace)"
Sep 23 01:38:45.290 INF API: test ended suite=0 test=5 pass=false
Sep 23 01:38:45.291 INF API: test started suite=0 test=6 name="interop/control-head (go-ethereum_trace)"
Sep 23 01:38:45.293 INF API: test ended suite=0 test=6 pass=false
Sep 23 01:38:45.294 INF API: test started suite=0 test=7 name="interop/destroy-trace-55 (go-ethereum_trace)"
Sep 23 01:38:45.298 INF API: test ended suite=0 test=7 pass=false
Sep 23 01:38:45.299 INF API: test started suite=0 test=8 name="interop/destroy-trace-56 (go-ethereum_trace)"
Sep 23 01:38:45.304 INF API: test ended suite=0 test=8 pass=false
Sep 23 01:38:45.305 INF API: test started suite=0 test=9 name="interop/system-beacon-55-560 (go-ethereum_trace)"
Sep 23 01:38:45.307 INF API: test ended suite=0 test=9 pass=false
Sep 23 01:38:45.307 INF API: test started suite=0 test=10 name="interop/system-beacon-55-8751 (go-ethereum_trace)"
Sep 23 01:38:45.310 INF API: test ended suite=0 test=10 pass=false
Sep 23 01:38:45.311 INF API: test started suite=0 test=11 name="interop/system-beacon-56-560 (go-ethereum_trace)"
Sep 23 01:38:45.313 INF API: test ended suite=0 test=11 pass=false
Sep 23 01:38:45.314 INF API: test started suite=0 test=12 name="interop/system-beacon-56-8751 (go-ethereum_trace)"
Sep 23 01:38:45.317 INF API: test ended suite=0 test=12 pass=false
Sep 23 01:38:45.317 INF API: test started suite=0 test=13 name="interop/withdrawal-balance-51 (go-ethereum_trace)"
Sep 23 01:38:45.320 INF API: test ended suite=0 test=13 pass=false
Sep 23 01:38:45.321 INF API: test started suite=0 test=14 name="interop/withdrawal-balance-52 (go-ethereum_trace)"
Sep 23 01:38:45.323 INF API: test ended suite=0 test=14 pass=false
Sep 23 01:38:45.324 INF API: test started suite=0 test=15 name="interop/withdrawal-balance-53 (go-ethereum_trace)"
Sep 23 01:38:45.327 INF API: test ended suite=0 test=15 pass=false
Sep 23 01:38:45.328 INF API: test started suite=0 test=16 name="interop/withdrawal-block-51 (go-ethereum_trace)"
Sep 23 01:38:45.332 INF API: test ended suite=0 test=16 pass=false
Sep 23 01:38:45.333 INF API: test started suite=0 test=17 name="interop/withdrawal-block-52 (go-ethereum_trace)"
Sep 23 01:38:45.336 INF API: test ended suite=0 test=17 pass=false
Sep 23 01:38:45.338 INF API: test started suite=0 test=18 name="interop/withdrawal-block-53 (go-ethereum_trace)"
Sep 23 01:38:45.342 INF API: test ended suite=0 test=18 pass=false
Sep 23 01:38:45.343 INF API: test started suite=0 test=19 name="interop/withdrawal-filter-51 (go-ethereum_trace)"
Sep 23 01:38:45.347 INF API: test ended suite=0 test=19 pass=false
Sep 23 01:38:45.347 INF API: test started suite=0 test=20 name="interop/withdrawal-filter-52 (go-ethereum_trace)"
Sep 23 01:38:45.350 INF API: test ended suite=0 test=20 pass=false
Sep 23 01:38:45.351 INF API: test started suite=0 test=21 name="interop/withdrawal-filter-53 (go-ethereum_trace)"
Sep 23 01:38:45.353 INF API: test ended suite=0 test=21 pass=false
Sep 23 01:38:45.514 INF API: test ended suite=0 test=1 pass=true
Sep 23 01:38:45.521 INF API: suite ended suite=0
Sep 23 01:38:45.801 INF simulation ethereum/rpc-compat finished suites=1 tests=21 failed=20
20 tests failed
