Sep 23 01:38:49.956 INF building image image=hive/hiveproxy nocache=false pull=false
Sep 23 01:38:49.987 INF building 1 clients...
Sep 23 01:38:49.987 INF building image image=hive/clients/go-ethereum_trace:latest dir=clients/go-ethereum nocache=false pull=false baseimage=trace-interop/go-ethereum tag=da6869fd3865980fef80bfa418746c825c6854d3dca32b9fa2ec92738be4e849
Sep 23 01:38:50.067 INF building 1 simulators...
Sep 23 01:38:50.067 INF building image image=hive/simulators/ethereum/rpc-compat:latest dir=simulators/ethereum/rpc-compat nocache=false pull=false
Sep 23 01:38:50.110 INF creating output directory folder=/home/banteg/geth40/geth-40eecf3-precompile-values/hive
Sep 23 01:38:50.130 INF running simulation: ethereum/rpc-compat
Sep 23 01:38:50.457 INF hiveproxy started container=acfbbf2f2cd4 addr=172.17.0.2:8081
Sep 23 01:38:50.804 INF API: suite started suite=0 name=rpc-compat
Sep 23 01:38:50.807 INF API: test started suite=0 test=1 name="client launch (go-ethereum_trace)"
Sep 23 01:38:51.607 INF API: client go-ethereum_trace started suite=0 test=1 container=697b2460
Sep 23 01:38:51.613 INF API: test started suite=0 test=2 name="interop/_control/create-nonce (go-ethereum_trace)"
Sep 23 01:38:51.617 INF API: test ended suite=0 test=2 pass=false
Sep 23 01:38:51.618 INF API: test started suite=0 test=3 name="interop/_control/head (go-ethereum_trace)"
Sep 23 01:38:51.622 INF API: test ended suite=0 test=3 pass=false
Sep 23 01:38:51.624 INF API: test started suite=0 test=4 name="interop/_control/target-balance (go-ethereum_trace)"
Sep 23 01:38:51.626 INF API: test ended suite=0 test=4 pass=false
Sep 23 01:38:51.627 INF API: test started suite=0 test=5 name="interop/_control/target-code (go-ethereum_trace)"
Sep 23 01:38:51.630 INF API: test ended suite=0 test=5 pass=false
Sep 23 01:38:51.631 INF API: test started suite=0 test=6 name="interop/_control/target-nonce (go-ethereum_trace)"
Sep 23 01:38:51.634 INF API: test ended suite=0 test=6 pass=false
Sep 23 01:38:51.634 INF API: test started suite=0 test=7 name="interop/_control/version (go-ethereum_trace)"
Sep 23 01:38:51.637 INF API: test ended suite=0 test=7 pass=false
Sep 23 01:38:51.638 INF API: test started suite=0 test=8 name="interop/nested-call-outer0-value1-failed (go-ethereum_trace)"
Sep 23 01:38:51.644 INF API: test ended suite=0 test=8 pass=false
Sep 23 01:38:51.645 INF API: test started suite=0 test=9 name="interop/nested-call-outer0-value1-success (go-ethereum_trace)"
Sep 23 01:38:51.650 INF API: test ended suite=0 test=9 pass=false
Sep 23 01:38:51.650 INF API: test started suite=0 test=10 name="interop/nested-call-outer1-value0-failed (go-ethereum_trace)"
Sep 23 01:38:51.654 INF API: test ended suite=0 test=10 pass=false
Sep 23 01:38:51.655 INF API: test started suite=0 test=11 name="interop/nested-call-outer1-value0-success (go-ethereum_trace)"
Sep 23 01:38:51.660 INF API: test ended suite=0 test=11 pass=false
Sep 23 01:38:51.661 INF API: test started suite=0 test=12 name="interop/nested-callcode-outer0-value1-failed (go-ethereum_trace)"
Sep 23 01:38:51.665 INF API: test ended suite=0 test=12 pass=false
Sep 23 01:38:51.666 INF API: test started suite=0 test=13 name="interop/nested-callcode-outer0-value1-success (go-ethereum_trace)"
Sep 23 01:38:51.681 INF API: test ended suite=0 test=13 pass=false
Sep 23 01:38:51.682 INF API: test started suite=0 test=14 name="interop/nested-callcode-outer1-value0-failed (go-ethereum_trace)"
Sep 23 01:38:51.685 INF API: test ended suite=0 test=14 pass=false
Sep 23 01:38:51.686 INF API: test started suite=0 test=15 name="interop/nested-callcode-outer1-value0-success (go-ethereum_trace)"
Sep 23 01:38:51.689 INF API: test ended suite=0 test=15 pass=false
Sep 23 01:38:51.857 INF API: test ended suite=0 test=1 pass=true
Sep 23 01:38:51.865 INF API: suite ended suite=0
Sep 23 01:38:52.144 INF simulation ethereum/rpc-compat finished suites=1 tests=15 failed=14
14 tests failed
