Sep 24 17:03:48.534 INF building image image=hive/hiveproxy nocache=false pull=false
Sep 24 17:03:48.578 INF building 9 clients...
Sep 24 17:03:48.578 INF building image image=hive/clients/besu_development:latest dir=clients/besu nocache=false pull=false baseimage=trace-interop/besu tag=0bdabe53b1597932edebfa970aae1223b1e814a7897bfa776337f3f5f2d8f30d
Sep 24 17:03:48.624 INF building image image=hive/clients/besu_release:latest dir=clients/besu nocache=false pull=false baseimage=trace-interop/besu tag=f3713c713ca4f9e89c09e1478d2a85116ba9ce8343129d709420ba2af009598b
Sep 24 17:03:48.654 INF building image image=hive/clients/erigon_development:latest dir=clients/erigon nocache=false pull=false baseimage=trace-interop/erigon tag=96ed3bf9e6103fa7348e8223f07becfaf1d19b43fb66524f295bdb83e12dbee5
Sep 24 17:03:48.697 INF building image image=hive/clients/erigon_release:latest dir=clients/erigon nocache=false pull=false baseimage=trace-interop/erigon tag=8668d9c5adc01ad1d12aa25380e384079080bdde7e0ce93f11bed422d82ca0ac
Sep 24 17:03:48.740 INF building image image=hive/clients/go-ethereum_trace:latest dir=clients/go-ethereum nocache=false pull=false baseimage=trace-interop/go-ethereum tag=2a6e1bfcf91337fd9081f28b1a77efcf20c054ea99b30a316fa8a581c819fa74
Sep 24 17:03:48.775 INF building image image=hive/clients/nethermind_development:latest dir=clients/nethermind nocache=false pull=false baseimage=trace-interop/nethermind tag=891ce9bfe055df031239b4817239cde925175c0e172d74ddac9877cc37503eaf
Sep 24 17:03:48.810 INF building image image=hive/clients/nethermind_release:latest dir=clients/nethermind nocache=false pull=false baseimage=trace-interop/nethermind tag=d6b98371fce49848629f4841a9ef2cfc416c90ee187bc82291e97ca77cb108e4
Sep 24 17:03:48.844 INF building image image=hive/clients/reth_development:latest dir=clients/reth nocache=false pull=false baseimage=trace-interop/reth tag=935f179789c1d4fc921c181a4fa21f3262e5d0509061ddbad4398b37db3f33bf
Sep 24 17:03:48.878 INF building image image=hive/clients/reth_release:latest dir=clients/reth nocache=false pull=false baseimage=trace-interop/reth tag=e939dc4a471d9d27224e430f607a954d692ca5037a1350ee2036397d14532ca7
Sep 24 17:03:48.912 INF building 1 simulators...
Sep 24 17:03:48.912 INF building image image=hive/simulators/ethereum/rpc-compat:latest dir=simulators/ethereum/rpc-compat nocache=false pull=false
Sep 24 17:03:48.937 INF creating output directory folder=/home/banteg/dev/trace-h15-compat-20260924/evidence/2026-09-24/h15-call-compat/coverage/hive
Sep 24 17:03:48.945 INF running simulation: ethereum/rpc-compat
Sep 24 17:03:49.105 INF hiveproxy started container=e47ae406f971 addr=172.17.0.2:8081
Sep 24 17:03:49.298 INF API: suite started suite=0 name=rpc-compat
Sep 24 17:03:49.300 INF API: test started suite=0 test=1 name="client launch (besu_development)"
Sep 24 17:03:57.088 INF API: client besu_development started suite=0 test=1 container=dbb314da
Sep 24 17:03:57.342 INF API: test started suite=0 test=2 name="interop/_control/head (besu_development)"
Sep 24 17:03:57.350 INF API: test ended suite=0 test=2 pass=false
Sep 24 17:03:57.351 INF API: test started suite=0 test=3 name="interop/_control/latest (besu_development)"
Sep 24 17:03:57.357 INF API: test ended suite=0 test=3 pass=false
Sep 24 17:03:57.358 INF API: test started suite=0 test=4 name="interop/_control/miner-balance (besu_development)"
Sep 24 17:03:57.370 INF API: test ended suite=0 test=4 pass=false
Sep 24 17:03:57.371 INF API: test started suite=0 test=5 name="interop/_control/miner-code (besu_development)"
Sep 24 17:03:57.377 INF API: test ended suite=0 test=5 pass=false
Sep 24 17:03:57.378 INF API: test started suite=0 test=6 name="interop/_control/miner-nonce (besu_development)"
Sep 24 17:03:57.385 INF API: test ended suite=0 test=6 pass=false
Sep 24 17:03:57.386 INF API: test started suite=0 test=7 name="interop/_control/sender-balance (besu_development)"
Sep 24 17:03:57.392 INF API: test ended suite=0 test=7 pass=false
Sep 24 17:03:57.393 INF API: test started suite=0 test=8 name="interop/_control/sender-code (besu_development)"
Sep 24 17:03:57.398 INF API: test ended suite=0 test=8 pass=false
Sep 24 17:03:57.399 INF API: test started suite=0 test=9 name="interop/_control/sender-nonce (besu_development)"
Sep 24 17:03:57.405 INF API: test ended suite=0 test=9 pass=false
Sep 24 17:03:57.406 INF API: test started suite=0 test=10 name="interop/_control/target-balance (besu_development)"
Sep 24 17:03:57.412 INF API: test ended suite=0 test=10 pass=false
Sep 24 17:03:57.413 INF API: test started suite=0 test=11 name="interop/_control/target-code (besu_development)"
Sep 24 17:03:57.419 INF API: test ended suite=0 test=11 pass=false
Sep 24 17:03:57.420 INF API: test started suite=0 test=12 name="interop/_control/target-nonce (besu_development)"
Sep 24 17:03:57.425 INF API: test ended suite=0 test=12 pass=false
Sep 24 17:03:57.426 INF API: test started suite=0 test=13 name="interop/_control/version (besu_development)"
Sep 24 17:03:57.431 INF API: test ended suite=0 test=13 pass=false
Sep 24 17:03:57.432 INF API: test started suite=0 test=14 name="interop/model-empty-runtime (besu_development)"
Sep 24 17:03:57.517 INF API: test ended suite=0 test=14 pass=false
Sep 24 17:03:57.518 INF API: test started suite=0 test=15 name="interop/model-environment-free (besu_development)"
Sep 24 17:03:57.537 INF API: test ended suite=0 test=15 pass=false
Sep 24 17:03:57.538 INF API: test started suite=0 test=16 name="interop/model-environment (besu_development)"
Sep 24 17:03:57.552 INF API: test ended suite=0 test=16 pass=false
Sep 24 17:03:57.554 INF API: test started suite=0 test=17 name="interop/model-many-transfers (besu_development)"
Sep 24 17:03:57.575 INF API: test ended suite=0 test=17 pass=false
Sep 24 17:03:57.577 INF API: test started suite=0 test=18 name="interop/model-mcopy-overlap (besu_development)"
Sep 24 17:03:57.589 INF API: test ended suite=0 test=18 pass=false
Sep 24 17:03:57.590 INF API: test started suite=0 test=19 name="interop/model-mcopy-zero (besu_development)"
Sep 24 17:03:57.601 INF API: test ended suite=0 test=19 pass=false
Sep 24 17:03:57.602 INF API: test started suite=0 test=20 name="interop/model-mcopy (besu_development)"
Sep 24 17:03:57.610 INF API: test ended suite=0 test=20 pass=false
Sep 24 17:03:57.611 INF API: test started suite=0 test=21 name="interop/model-mload-existing (besu_development)"
Sep 24 17:03:57.621 INF API: test ended suite=0 test=21 pass=false
Sep 24 17:03:57.622 INF API: test started suite=0 test=22 name="interop/model-mload-expansion (besu_development)"
Sep 24 17:03:57.632 INF API: test ended suite=0 test=22 pass=false
Sep 24 17:03:57.634 INF API: test started suite=0 test=23 name="interop/model-return42 (besu_development)"
Sep 24 17:03:57.641 INF API: test ended suite=0 test=23 pass=false
Sep 24 17:03:57.642 INF API: test started suite=0 test=24 name="interop/model-revert (besu_development)"
Sep 24 17:03:57.654 INF API: test ended suite=0 test=24 pass=false
Sep 24 17:03:57.655 INF API: test started suite=0 test=25 name="interop/model-transfer (besu_development)"
Sep 24 17:03:57.663 INF API: test ended suite=0 test=25 pass=false
Sep 24 17:03:57.850 INF API: test ended suite=0 test=1 pass=true
Sep 24 17:03:57.851 INF API: test started suite=0 test=26 name="client launch (besu_release)"
Sep 24 17:04:06.108 INF API: client besu_release started suite=0 test=26 container=0c2b3a83
Sep 24 17:04:06.337 INF API: test started suite=0 test=27 name="interop/_control/head (besu_release)"
Sep 24 17:04:06.344 INF API: test ended suite=0 test=27 pass=false
Sep 24 17:04:06.345 INF API: test started suite=0 test=28 name="interop/_control/latest (besu_release)"
Sep 24 17:04:06.351 INF API: test ended suite=0 test=28 pass=false
Sep 24 17:04:06.352 INF API: test started suite=0 test=29 name="interop/_control/miner-balance (besu_release)"
Sep 24 17:04:06.365 INF API: test ended suite=0 test=29 pass=false
Sep 24 17:04:06.366 INF API: test started suite=0 test=30 name="interop/_control/miner-code (besu_release)"
Sep 24 17:04:06.371 INF API: test ended suite=0 test=30 pass=false
Sep 24 17:04:06.372 INF API: test started suite=0 test=31 name="interop/_control/miner-nonce (besu_release)"
Sep 24 17:04:06.377 INF API: test ended suite=0 test=31 pass=false
Sep 24 17:04:06.378 INF API: test started suite=0 test=32 name="interop/_control/sender-balance (besu_release)"
Sep 24 17:04:06.382 INF API: test ended suite=0 test=32 pass=false
Sep 24 17:04:06.383 INF API: test started suite=0 test=33 name="interop/_control/sender-code (besu_release)"
Sep 24 17:04:06.388 INF API: test ended suite=0 test=33 pass=false
Sep 24 17:04:06.389 INF API: test started suite=0 test=34 name="interop/_control/sender-nonce (besu_release)"
Sep 24 17:04:06.394 INF API: test ended suite=0 test=34 pass=false
Sep 24 17:04:06.395 INF API: test started suite=0 test=35 name="interop/_control/target-balance (besu_release)"
Sep 24 17:04:06.400 INF API: test ended suite=0 test=35 pass=false
Sep 24 17:04:06.400 INF API: test started suite=0 test=36 name="interop/_control/target-code (besu_release)"
Sep 24 17:04:06.405 INF API: test ended suite=0 test=36 pass=false
Sep 24 17:04:06.406 INF API: test started suite=0 test=37 name="interop/_control/target-nonce (besu_release)"
Sep 24 17:04:06.412 INF API: test ended suite=0 test=37 pass=false
Sep 24 17:04:06.413 INF API: test started suite=0 test=38 name="interop/_control/version (besu_release)"
Sep 24 17:04:06.418 INF API: test ended suite=0 test=38 pass=false
Sep 24 17:04:06.419 INF API: test started suite=0 test=39 name="interop/model-empty-runtime (besu_release)"
Sep 24 17:04:06.501 INF API: test ended suite=0 test=39 pass=false
Sep 24 17:04:06.502 INF API: test started suite=0 test=40 name="interop/model-environment-free (besu_release)"
Sep 24 17:04:06.520 INF API: test ended suite=0 test=40 pass=false
Sep 24 17:04:06.521 INF API: test started suite=0 test=41 name="interop/model-environment (besu_release)"
Sep 24 17:04:06.533 INF API: test ended suite=0 test=41 pass=false
Sep 24 17:04:06.534 INF API: test started suite=0 test=42 name="interop/model-many-transfers (besu_release)"
Sep 24 17:04:06.556 INF API: test ended suite=0 test=42 pass=false
Sep 24 17:04:06.557 INF API: test started suite=0 test=43 name="interop/model-mcopy-overlap (besu_release)"
Sep 24 17:04:06.567 INF API: test ended suite=0 test=43 pass=false
Sep 24 17:04:06.568 INF API: test started suite=0 test=44 name="interop/model-mcopy-zero (besu_release)"
Sep 24 17:04:06.576 INF API: test ended suite=0 test=44 pass=false
Sep 24 17:04:06.577 INF API: test started suite=0 test=45 name="interop/model-mcopy (besu_release)"
Sep 24 17:04:06.585 INF API: test ended suite=0 test=45 pass=false
Sep 24 17:04:06.586 INF API: test started suite=0 test=46 name="interop/model-mload-existing (besu_release)"
Sep 24 17:04:06.596 INF API: test ended suite=0 test=46 pass=false
Sep 24 17:04:06.597 INF API: test started suite=0 test=47 name="interop/model-mload-expansion (besu_release)"
Sep 24 17:04:06.606 INF API: test ended suite=0 test=47 pass=false
Sep 24 17:04:06.607 INF API: test started suite=0 test=48 name="interop/model-return42 (besu_release)"
Sep 24 17:04:06.617 INF API: test ended suite=0 test=48 pass=false
Sep 24 17:04:06.618 INF API: test started suite=0 test=49 name="interop/model-revert (besu_release)"
Sep 24 17:04:06.636 INF API: test ended suite=0 test=49 pass=false
Sep 24 17:04:06.638 INF API: test started suite=0 test=50 name="interop/model-transfer (besu_release)"
Sep 24 17:04:06.648 INF API: test ended suite=0 test=50 pass=false
Sep 24 17:04:06.875 INF API: test ended suite=0 test=26 pass=true
Sep 24 17:04:06.877 INF API: test started suite=0 test=51 name="client launch (erigon_development)"
Sep 24 17:04:08.012 INF API: client erigon_development started suite=0 test=51 container=c99d46b7
Sep 24 17:04:08.027 INF API: test started suite=0 test=52 name="interop/_control/head (erigon_development)"
Sep 24 17:04:08.029 INF API: test ended suite=0 test=52 pass=false
Sep 24 17:04:08.030 INF API: test started suite=0 test=53 name="interop/_control/latest (erigon_development)"
Sep 24 17:04:08.032 INF API: test ended suite=0 test=53 pass=false
Sep 24 17:04:08.033 INF API: test started suite=0 test=54 name="interop/_control/miner-balance (erigon_development)"
Sep 24 17:04:08.034 INF API: test ended suite=0 test=54 pass=false
Sep 24 17:04:08.035 INF API: test started suite=0 test=55 name="interop/_control/miner-code (erigon_development)"
Sep 24 17:04:08.036 INF API: test ended suite=0 test=55 pass=false
Sep 24 17:04:08.037 INF API: test started suite=0 test=56 name="interop/_control/miner-nonce (erigon_development)"
Sep 24 17:04:08.038 INF API: test ended suite=0 test=56 pass=false
Sep 24 17:04:08.039 INF API: test started suite=0 test=57 name="interop/_control/sender-balance (erigon_development)"
Sep 24 17:04:08.040 INF API: test ended suite=0 test=57 pass=false
Sep 24 17:04:08.040 INF API: test started suite=0 test=58 name="interop/_control/sender-code (erigon_development)"
Sep 24 17:04:08.041 INF API: test ended suite=0 test=58 pass=false
Sep 24 17:04:08.042 INF API: test started suite=0 test=59 name="interop/_control/sender-nonce (erigon_development)"
Sep 24 17:04:08.043 INF API: test ended suite=0 test=59 pass=false
Sep 24 17:04:08.044 INF API: test started suite=0 test=60 name="interop/_control/target-balance (erigon_development)"
Sep 24 17:04:08.044 INF API: test ended suite=0 test=60 pass=false
Sep 24 17:04:08.045 INF API: test started suite=0 test=61 name="interop/_control/target-code (erigon_development)"
Sep 24 17:04:08.046 INF API: test ended suite=0 test=61 pass=false
Sep 24 17:04:08.047 INF API: test started suite=0 test=62 name="interop/_control/target-nonce (erigon_development)"
Sep 24 17:04:08.047 INF API: test ended suite=0 test=62 pass=false
Sep 24 17:04:08.048 INF API: test started suite=0 test=63 name="interop/_control/version (erigon_development)"
Sep 24 17:04:08.049 INF API: test ended suite=0 test=63 pass=false
Sep 24 17:04:08.050 INF API: test started suite=0 test=64 name="interop/model-empty-runtime (erigon_development)"
Sep 24 17:04:08.052 INF API: test ended suite=0 test=64 pass=false
Sep 24 17:04:08.053 INF API: test started suite=0 test=65 name="interop/model-environment-free (erigon_development)"
Sep 24 17:04:08.054 INF API: test ended suite=0 test=65 pass=false
Sep 24 17:04:08.055 INF API: test started suite=0 test=66 name="interop/model-environment (erigon_development)"
Sep 24 17:04:08.058 INF API: test ended suite=0 test=66 pass=false
Sep 24 17:04:08.058 INF API: test started suite=0 test=67 name="interop/model-many-transfers (erigon_development)"
Sep 24 17:04:08.060 INF API: test ended suite=0 test=67 pass=false
Sep 24 17:04:08.060 INF API: test started suite=0 test=68 name="interop/model-mcopy-overlap (erigon_development)"
Sep 24 17:04:08.062 INF API: test ended suite=0 test=68 pass=false
Sep 24 17:04:08.062 INF API: test started suite=0 test=69 name="interop/model-mcopy-zero (erigon_development)"
Sep 24 17:04:08.064 INF API: test ended suite=0 test=69 pass=false
Sep 24 17:04:08.064 INF API: test started suite=0 test=70 name="interop/model-mcopy (erigon_development)"
Sep 24 17:04:08.066 INF API: test ended suite=0 test=70 pass=false
Sep 24 17:04:08.067 INF API: test started suite=0 test=71 name="interop/model-mload-existing (erigon_development)"
Sep 24 17:04:08.069 INF API: test ended suite=0 test=71 pass=false
Sep 24 17:04:08.070 INF API: test started suite=0 test=72 name="interop/model-mload-expansion (erigon_development)"
Sep 24 17:04:08.071 INF API: test ended suite=0 test=72 pass=false
Sep 24 17:04:08.072 INF API: test started suite=0 test=73 name="interop/model-return42 (erigon_development)"
Sep 24 17:04:08.074 INF API: test ended suite=0 test=73 pass=false
Sep 24 17:04:08.075 INF API: test started suite=0 test=74 name="interop/model-revert (erigon_development)"
Sep 24 17:04:08.076 INF API: test ended suite=0 test=74 pass=false
Sep 24 17:04:08.077 INF API: test started suite=0 test=75 name="interop/model-transfer (erigon_development)"
Sep 24 17:04:08.078 INF API: test ended suite=0 test=75 pass=false
Sep 24 17:04:08.358 INF API: test ended suite=0 test=51 pass=true
Sep 24 17:04:08.360 INF API: test started suite=0 test=76 name="client launch (erigon_release)"
Sep 24 17:04:09.849 INF API: client erigon_release started suite=0 test=76 container=dd34ff60
Sep 24 17:04:09.864 INF API: test started suite=0 test=77 name="interop/_control/head (erigon_release)"
Sep 24 17:04:09.867 INF API: test ended suite=0 test=77 pass=false
Sep 24 17:04:09.868 INF API: test started suite=0 test=78 name="interop/_control/latest (erigon_release)"
Sep 24 17:04:09.870 INF API: test ended suite=0 test=78 pass=false
Sep 24 17:04:09.870 INF API: test started suite=0 test=79 name="interop/_control/miner-balance (erigon_release)"
Sep 24 17:04:09.872 INF API: test ended suite=0 test=79 pass=false
Sep 24 17:04:09.872 INF API: test started suite=0 test=80 name="interop/_control/miner-code (erigon_release)"
Sep 24 17:04:09.873 INF API: test ended suite=0 test=80 pass=false
Sep 24 17:04:09.874 INF API: test started suite=0 test=81 name="interop/_control/miner-nonce (erigon_release)"
Sep 24 17:04:09.875 INF API: test ended suite=0 test=81 pass=false
Sep 24 17:04:09.876 INF API: test started suite=0 test=82 name="interop/_control/sender-balance (erigon_release)"
Sep 24 17:04:09.877 INF API: test ended suite=0 test=82 pass=false
Sep 24 17:04:09.878 INF API: test started suite=0 test=83 name="interop/_control/sender-code (erigon_release)"
Sep 24 17:04:09.879 INF API: test ended suite=0 test=83 pass=false
Sep 24 17:04:09.880 INF API: test started suite=0 test=84 name="interop/_control/sender-nonce (erigon_release)"
Sep 24 17:04:09.881 INF API: test ended suite=0 test=84 pass=false
Sep 24 17:04:09.882 INF API: test started suite=0 test=85 name="interop/_control/target-balance (erigon_release)"
Sep 24 17:04:09.883 INF API: test ended suite=0 test=85 pass=false
Sep 24 17:04:09.883 INF API: test started suite=0 test=86 name="interop/_control/target-code (erigon_release)"
Sep 24 17:04:09.884 INF API: test ended suite=0 test=86 pass=false
Sep 24 17:04:09.885 INF API: test started suite=0 test=87 name="interop/_control/target-nonce (erigon_release)"
Sep 24 17:04:09.886 INF API: test ended suite=0 test=87 pass=false
Sep 24 17:04:09.887 INF API: test started suite=0 test=88 name="interop/_control/version (erigon_release)"
Sep 24 17:04:09.888 INF API: test ended suite=0 test=88 pass=false
Sep 24 17:04:09.889 INF API: test started suite=0 test=89 name="interop/model-empty-runtime (erigon_release)"
Sep 24 17:04:09.891 INF API: test ended suite=0 test=89 pass=false
Sep 24 17:04:09.892 INF API: test started suite=0 test=90 name="interop/model-environment-free (erigon_release)"
Sep 24 17:04:09.893 INF API: test ended suite=0 test=90 pass=false
Sep 24 17:04:09.894 INF API: test started suite=0 test=91 name="interop/model-environment (erigon_release)"
Sep 24 17:04:09.897 INF API: test ended suite=0 test=91 pass=false
Sep 24 17:04:09.897 INF API: test started suite=0 test=92 name="interop/model-many-transfers (erigon_release)"
Sep 24 17:04:09.899 INF API: test ended suite=0 test=92 pass=false
Sep 24 17:04:09.900 INF API: test started suite=0 test=93 name="interop/model-mcopy-overlap (erigon_release)"
Sep 24 17:04:09.902 INF API: test ended suite=0 test=93 pass=false
Sep 24 17:04:09.903 INF API: test started suite=0 test=94 name="interop/model-mcopy-zero (erigon_release)"
Sep 24 17:04:09.904 INF API: test ended suite=0 test=94 pass=false
Sep 24 17:04:09.905 INF API: test started suite=0 test=95 name="interop/model-mcopy (erigon_release)"
Sep 24 17:04:09.907 INF API: test ended suite=0 test=95 pass=false
Sep 24 17:04:09.908 INF API: test started suite=0 test=96 name="interop/model-mload-existing (erigon_release)"
Sep 24 17:04:09.910 INF API: test ended suite=0 test=96 pass=false
Sep 24 17:04:09.911 INF API: test started suite=0 test=97 name="interop/model-mload-expansion (erigon_release)"
Sep 24 17:04:09.912 INF API: test ended suite=0 test=97 pass=false
Sep 24 17:04:09.913 INF API: test started suite=0 test=98 name="interop/model-return42 (erigon_release)"
Sep 24 17:04:09.914 INF API: test ended suite=0 test=98 pass=false
Sep 24 17:04:09.915 INF API: test started suite=0 test=99 name="interop/model-revert (erigon_release)"
Sep 24 17:04:09.917 INF API: test ended suite=0 test=99 pass=false
Sep 24 17:04:09.918 INF API: test started suite=0 test=100 name="interop/model-transfer (erigon_release)"
Sep 24 17:04:09.919 INF API: test ended suite=0 test=100 pass=false
Sep 24 17:04:10.198 INF API: test ended suite=0 test=76 pass=true
Sep 24 17:04:10.199 INF API: test started suite=0 test=101 name="client launch (go-ethereum_trace)"
Sep 24 17:04:12.080 INF API: client go-ethereum_trace started suite=0 test=101 container=12ffcb5a
Sep 24 17:04:12.092 INF API: test started suite=0 test=102 name="interop/_control/head (go-ethereum_trace)"
Sep 24 17:04:12.105 INF API: test ended suite=0 test=102 pass=false
Sep 24 17:04:12.106 INF API: test started suite=0 test=103 name="interop/_control/latest (go-ethereum_trace)"
Sep 24 17:04:12.111 INF API: test ended suite=0 test=103 pass=false
Sep 24 17:04:12.112 INF API: test started suite=0 test=104 name="interop/_control/miner-balance (go-ethereum_trace)"
Sep 24 17:04:12.113 INF API: test ended suite=0 test=104 pass=false
Sep 24 17:04:12.114 INF API: test started suite=0 test=105 name="interop/_control/miner-code (go-ethereum_trace)"
Sep 24 17:04:12.115 INF API: test ended suite=0 test=105 pass=false
Sep 24 17:04:12.116 INF API: test started suite=0 test=106 name="interop/_control/miner-nonce (go-ethereum_trace)"
Sep 24 17:04:12.118 INF API: test ended suite=0 test=106 pass=false
Sep 24 17:04:12.118 INF API: test started suite=0 test=107 name="interop/_control/sender-balance (go-ethereum_trace)"
Sep 24 17:04:12.119 INF API: test ended suite=0 test=107 pass=false
Sep 24 17:04:12.120 INF API: test started suite=0 test=108 name="interop/_control/sender-code (go-ethereum_trace)"
Sep 24 17:04:12.121 INF API: test ended suite=0 test=108 pass=false
Sep 24 17:04:12.122 INF API: test started suite=0 test=109 name="interop/_control/sender-nonce (go-ethereum_trace)"
Sep 24 17:04:12.123 INF API: test ended suite=0 test=109 pass=false
Sep 24 17:04:12.123 INF API: test started suite=0 test=110 name="interop/_control/target-balance (go-ethereum_trace)"
Sep 24 17:04:12.124 INF API: test ended suite=0 test=110 pass=false
Sep 24 17:04:12.125 INF API: test started suite=0 test=111 name="interop/_control/target-code (go-ethereum_trace)"
Sep 24 17:04:12.126 INF API: test ended suite=0 test=111 pass=false
Sep 24 17:04:12.127 INF API: test started suite=0 test=112 name="interop/_control/target-nonce (go-ethereum_trace)"
Sep 24 17:04:12.128 INF API: test ended suite=0 test=112 pass=false
Sep 24 17:04:12.128 INF API: test started suite=0 test=113 name="interop/_control/version (go-ethereum_trace)"
Sep 24 17:04:12.129 INF API: test ended suite=0 test=113 pass=false
Sep 24 17:04:12.130 INF API: test started suite=0 test=114 name="interop/model-empty-runtime (go-ethereum_trace)"
Sep 24 17:04:12.132 INF API: test ended suite=0 test=114 pass=false
Sep 24 17:04:12.132 INF API: test started suite=0 test=115 name="interop/model-environment-free (go-ethereum_trace)"
Sep 24 17:04:12.134 INF API: test ended suite=0 test=115 pass=false
Sep 24 17:04:12.135 INF API: test started suite=0 test=116 name="interop/model-environment (go-ethereum_trace)"
Sep 24 17:04:12.138 INF API: test ended suite=0 test=116 pass=false
Sep 24 17:04:12.139 INF API: test started suite=0 test=117 name="interop/model-many-transfers (go-ethereum_trace)"
Sep 24 17:04:12.141 INF API: test ended suite=0 test=117 pass=false
Sep 24 17:04:12.141 INF API: test started suite=0 test=118 name="interop/model-mcopy-overlap (go-ethereum_trace)"
Sep 24 17:04:12.143 INF API: test ended suite=0 test=118 pass=false
Sep 24 17:04:12.144 INF API: test started suite=0 test=119 name="interop/model-mcopy-zero (go-ethereum_trace)"
Sep 24 17:04:12.145 INF API: test ended suite=0 test=119 pass=false
Sep 24 17:04:12.146 INF API: test started suite=0 test=120 name="interop/model-mcopy (go-ethereum_trace)"
Sep 24 17:04:12.147 INF API: test ended suite=0 test=120 pass=false
Sep 24 17:04:12.148 INF API: test started suite=0 test=121 name="interop/model-mload-existing (go-ethereum_trace)"
Sep 24 17:04:12.150 INF API: test ended suite=0 test=121 pass=false
Sep 24 17:04:12.151 INF API: test started suite=0 test=122 name="interop/model-mload-expansion (go-ethereum_trace)"
Sep 24 17:04:12.153 INF API: test ended suite=0 test=122 pass=false
Sep 24 17:04:12.153 INF API: test started suite=0 test=123 name="interop/model-return42 (go-ethereum_trace)"
Sep 24 17:04:12.155 INF API: test ended suite=0 test=123 pass=false
Sep 24 17:04:12.156 INF API: test started suite=0 test=124 name="interop/model-revert (go-ethereum_trace)"
Sep 24 17:04:12.158 INF API: test ended suite=0 test=124 pass=false
Sep 24 17:04:12.159 INF API: test started suite=0 test=125 name="interop/model-transfer (go-ethereum_trace)"
Sep 24 17:04:12.161 INF API: test ended suite=0 test=125 pass=false
Sep 24 17:04:12.433 INF API: test ended suite=0 test=101 pass=true
Sep 24 17:04:12.434 INF API: test started suite=0 test=126 name="client launch (nethermind_development)"
Sep 24 17:04:20.467 INF API: client nethermind_development started suite=0 test=126 container=1f506acf
Sep 24 17:04:20.613 INF API: test started suite=0 test=127 name="interop/_control/head (nethermind_development)"
Sep 24 17:04:20.628 INF API: test ended suite=0 test=127 pass=false
Sep 24 17:04:20.629 INF API: test started suite=0 test=128 name="interop/_control/latest (nethermind_development)"
Sep 24 17:04:20.631 INF API: test ended suite=0 test=128 pass=false
Sep 24 17:04:20.632 INF API: test started suite=0 test=129 name="interop/_control/miner-balance (nethermind_development)"
Sep 24 17:04:20.637 INF API: test ended suite=0 test=129 pass=false
Sep 24 17:04:20.638 INF API: test started suite=0 test=130 name="interop/_control/miner-code (nethermind_development)"
Sep 24 17:04:20.640 INF API: test ended suite=0 test=130 pass=false
Sep 24 17:04:20.641 INF API: test started suite=0 test=131 name="interop/_control/miner-nonce (nethermind_development)"
Sep 24 17:04:20.645 INF API: test ended suite=0 test=131 pass=false
Sep 24 17:04:20.645 INF API: test started suite=0 test=132 name="interop/_control/sender-balance (nethermind_development)"
Sep 24 17:04:20.647 INF API: test ended suite=0 test=132 pass=false
Sep 24 17:04:20.648 INF API: test started suite=0 test=133 name="interop/_control/sender-code (nethermind_development)"
Sep 24 17:04:20.649 INF API: test ended suite=0 test=133 pass=false
Sep 24 17:04:20.650 INF API: test started suite=0 test=134 name="interop/_control/sender-nonce (nethermind_development)"
Sep 24 17:04:20.651 INF API: test ended suite=0 test=134 pass=false
Sep 24 17:04:20.652 INF API: test started suite=0 test=135 name="interop/_control/target-balance (nethermind_development)"
Sep 24 17:04:20.653 INF API: test ended suite=0 test=135 pass=false
Sep 24 17:04:20.653 INF API: test started suite=0 test=136 name="interop/_control/target-code (nethermind_development)"
Sep 24 17:04:20.655 INF API: test ended suite=0 test=136 pass=false
Sep 24 17:04:20.655 INF API: test started suite=0 test=137 name="interop/_control/target-nonce (nethermind_development)"
Sep 24 17:04:20.657 INF API: test ended suite=0 test=137 pass=false
Sep 24 17:04:20.657 INF API: test started suite=0 test=138 name="interop/_control/version (nethermind_development)"
Sep 24 17:04:20.661 INF API: test ended suite=0 test=138 pass=false
Sep 24 17:04:20.661 INF API: test started suite=0 test=139 name="interop/model-empty-runtime (nethermind_development)"
Sep 24 17:04:20.844 INF API: test ended suite=0 test=139 pass=false
Sep 24 17:04:20.845 INF API: test started suite=0 test=140 name="interop/model-environment-free (nethermind_development)"
Sep 24 17:04:20.877 INF API: test ended suite=0 test=140 pass=false
Sep 24 17:04:20.878 INF API: test started suite=0 test=141 name="interop/model-environment (nethermind_development)"
Sep 24 17:04:20.890 INF API: test ended suite=0 test=141 pass=false
Sep 24 17:04:20.891 INF API: test started suite=0 test=142 name="interop/model-many-transfers (nethermind_development)"
Sep 24 17:04:20.925 INF API: test ended suite=0 test=142 pass=false
Sep 24 17:04:20.927 INF API: test started suite=0 test=143 name="interop/model-mcopy-overlap (nethermind_development)"
Sep 24 17:04:20.939 INF API: test ended suite=0 test=143 pass=false
Sep 24 17:04:20.940 INF API: test started suite=0 test=144 name="interop/model-mcopy-zero (nethermind_development)"
Sep 24 17:04:20.943 INF API: test ended suite=0 test=144 pass=false
Sep 24 17:04:20.944 INF API: test started suite=0 test=145 name="interop/model-mcopy (nethermind_development)"
Sep 24 17:04:20.948 INF API: test ended suite=0 test=145 pass=false
Sep 24 17:04:20.949 INF API: test started suite=0 test=146 name="interop/model-mload-existing (nethermind_development)"
Sep 24 17:04:20.958 INF API: test ended suite=0 test=146 pass=false
Sep 24 17:04:20.959 INF API: test started suite=0 test=147 name="interop/model-mload-expansion (nethermind_development)"
Sep 24 17:04:20.961 INF API: test ended suite=0 test=147 pass=false
Sep 24 17:04:20.962 INF API: test started suite=0 test=148 name="interop/model-return42 (nethermind_development)"
Sep 24 17:04:20.964 INF API: test ended suite=0 test=148 pass=false
Sep 24 17:04:20.965 INF API: test started suite=0 test=149 name="interop/model-revert (nethermind_development)"
Sep 24 17:04:20.978 INF API: test ended suite=0 test=149 pass=false
Sep 24 17:04:20.979 INF API: test started suite=0 test=150 name="interop/model-transfer (nethermind_development)"
Sep 24 17:04:20.983 INF API: test ended suite=0 test=150 pass=false
Sep 24 17:04:21.282 INF API: test ended suite=0 test=126 pass=true
Sep 24 17:04:21.284 INF API: test started suite=0 test=151 name="client launch (nethermind_release)"
Sep 24 17:04:28.616 INF API: client nethermind_release started suite=0 test=151 container=f1039a61
Sep 24 17:04:28.745 INF API: test started suite=0 test=152 name="interop/_control/head (nethermind_release)"
Sep 24 17:04:28.761 INF API: test ended suite=0 test=152 pass=false
Sep 24 17:04:28.762 INF API: test started suite=0 test=153 name="interop/_control/latest (nethermind_release)"
Sep 24 17:04:28.764 INF API: test ended suite=0 test=153 pass=false
Sep 24 17:04:28.765 INF API: test started suite=0 test=154 name="interop/_control/miner-balance (nethermind_release)"
Sep 24 17:04:28.770 INF API: test ended suite=0 test=154 pass=false
Sep 24 17:04:28.771 INF API: test started suite=0 test=155 name="interop/_control/miner-code (nethermind_release)"
Sep 24 17:04:28.773 INF API: test ended suite=0 test=155 pass=false
Sep 24 17:04:28.774 INF API: test started suite=0 test=156 name="interop/_control/miner-nonce (nethermind_release)"
Sep 24 17:04:28.778 INF API: test ended suite=0 test=156 pass=false
Sep 24 17:04:28.779 INF API: test started suite=0 test=157 name="interop/_control/sender-balance (nethermind_release)"
Sep 24 17:04:28.780 INF API: test ended suite=0 test=157 pass=false
Sep 24 17:04:28.781 INF API: test started suite=0 test=158 name="interop/_control/sender-code (nethermind_release)"
Sep 24 17:04:28.782 INF API: test ended suite=0 test=158 pass=false
Sep 24 17:04:28.783 INF API: test started suite=0 test=159 name="interop/_control/sender-nonce (nethermind_release)"
Sep 24 17:04:28.784 INF API: test ended suite=0 test=159 pass=false
Sep 24 17:04:28.785 INF API: test started suite=0 test=160 name="interop/_control/target-balance (nethermind_release)"
Sep 24 17:04:28.786 INF API: test ended suite=0 test=160 pass=false
Sep 24 17:04:28.787 INF API: test started suite=0 test=161 name="interop/_control/target-code (nethermind_release)"
Sep 24 17:04:28.788 INF API: test ended suite=0 test=161 pass=false
Sep 24 17:04:28.788 INF API: test started suite=0 test=162 name="interop/_control/target-nonce (nethermind_release)"
Sep 24 17:04:28.789 INF API: test ended suite=0 test=162 pass=false
Sep 24 17:04:28.790 INF API: test started suite=0 test=163 name="interop/_control/version (nethermind_release)"
Sep 24 17:04:28.792 INF API: test ended suite=0 test=163 pass=false
Sep 24 17:04:28.793 INF API: test started suite=0 test=164 name="interop/model-empty-runtime (nethermind_release)"
Sep 24 17:04:28.915 INF API: test ended suite=0 test=164 pass=false
Sep 24 17:04:28.916 INF API: test started suite=0 test=165 name="interop/model-environment-free (nethermind_release)"
Sep 24 17:04:28.922 INF API: test ended suite=0 test=165 pass=false
Sep 24 17:04:28.922 INF API: test started suite=0 test=166 name="interop/model-environment (nethermind_release)"
Sep 24 17:04:28.927 INF API: test ended suite=0 test=166 pass=false
Sep 24 17:04:28.928 INF API: test started suite=0 test=167 name="interop/model-many-transfers (nethermind_release)"
Sep 24 17:04:28.943 INF API: test ended suite=0 test=167 pass=false
Sep 24 17:04:28.944 INF API: test started suite=0 test=168 name="interop/model-mcopy-overlap (nethermind_release)"
Sep 24 17:04:28.947 INF API: test ended suite=0 test=168 pass=false
Sep 24 17:04:28.948 INF API: test started suite=0 test=169 name="interop/model-mcopy-zero (nethermind_release)"
Sep 24 17:04:28.950 INF API: test ended suite=0 test=169 pass=false
Sep 24 17:04:28.951 INF API: test started suite=0 test=170 name="interop/model-mcopy (nethermind_release)"
Sep 24 17:04:28.954 INF API: test ended suite=0 test=170 pass=false
Sep 24 17:04:28.955 INF API: test started suite=0 test=171 name="interop/model-mload-existing (nethermind_release)"
Sep 24 17:04:28.957 INF API: test ended suite=0 test=171 pass=false
Sep 24 17:04:28.958 INF API: test started suite=0 test=172 name="interop/model-mload-expansion (nethermind_release)"
Sep 24 17:04:28.961 INF API: test ended suite=0 test=172 pass=false
Sep 24 17:04:28.962 INF API: test started suite=0 test=173 name="interop/model-return42 (nethermind_release)"
Sep 24 17:04:28.965 INF API: test ended suite=0 test=173 pass=false
Sep 24 17:04:28.966 INF API: test started suite=0 test=174 name="interop/model-revert (nethermind_release)"
Sep 24 17:04:28.978 INF API: test ended suite=0 test=174 pass=false
Sep 24 17:04:28.979 INF API: test started suite=0 test=175 name="interop/model-transfer (nethermind_release)"
Sep 24 17:04:28.982 INF API: test ended suite=0 test=175 pass=false
Sep 24 17:04:29.297 INF API: test ended suite=0 test=151 pass=true
Sep 24 17:04:29.298 INF API: test started suite=0 test=176 name="client launch (reth_development)"
Sep 24 17:04:31.216 INF API: client reth_development started suite=0 test=176 container=5a4b1cb0
Sep 24 17:04:31.232 INF API: test started suite=0 test=177 name="interop/_control/head (reth_development)"
Sep 24 17:04:31.238 INF API: test ended suite=0 test=177 pass=false
Sep 24 17:04:31.239 INF API: test started suite=0 test=178 name="interop/_control/latest (reth_development)"
Sep 24 17:04:31.240 INF API: test ended suite=0 test=178 pass=false
Sep 24 17:04:31.241 INF API: test started suite=0 test=179 name="interop/_control/miner-balance (reth_development)"
Sep 24 17:04:31.242 INF API: test ended suite=0 test=179 pass=false
Sep 24 17:04:31.243 INF API: test started suite=0 test=180 name="interop/_control/miner-code (reth_development)"
Sep 24 17:04:31.244 INF API: test ended suite=0 test=180 pass=false
Sep 24 17:04:31.245 INF API: test started suite=0 test=181 name="interop/_control/miner-nonce (reth_development)"
Sep 24 17:04:31.246 INF API: test ended suite=0 test=181 pass=false
Sep 24 17:04:31.247 INF API: test started suite=0 test=182 name="interop/_control/sender-balance (reth_development)"
Sep 24 17:04:31.248 INF API: test ended suite=0 test=182 pass=false
Sep 24 17:04:31.249 INF API: test started suite=0 test=183 name="interop/_control/sender-code (reth_development)"
Sep 24 17:04:31.250 INF API: test ended suite=0 test=183 pass=false
Sep 24 17:04:31.251 INF API: test started suite=0 test=184 name="interop/_control/sender-nonce (reth_development)"
Sep 24 17:04:31.252 INF API: test ended suite=0 test=184 pass=false
Sep 24 17:04:31.253 INF API: test started suite=0 test=185 name="interop/_control/target-balance (reth_development)"
Sep 24 17:04:31.254 INF API: test ended suite=0 test=185 pass=false
Sep 24 17:04:31.255 INF API: test started suite=0 test=186 name="interop/_control/target-code (reth_development)"
Sep 24 17:04:31.256 INF API: test ended suite=0 test=186 pass=false
Sep 24 17:04:31.257 INF API: test started suite=0 test=187 name="interop/_control/target-nonce (reth_development)"
Sep 24 17:04:31.258 INF API: test ended suite=0 test=187 pass=false
Sep 24 17:04:31.259 INF API: test started suite=0 test=188 name="interop/_control/version (reth_development)"
Sep 24 17:04:31.260 INF API: test ended suite=0 test=188 pass=false
Sep 24 17:04:31.261 INF API: test started suite=0 test=189 name="interop/model-empty-runtime (reth_development)"
Sep 24 17:04:31.262 INF API: test ended suite=0 test=189 pass=false
Sep 24 17:04:31.263 INF API: test started suite=0 test=190 name="interop/model-environment-free (reth_development)"
Sep 24 17:04:31.266 INF API: test ended suite=0 test=190 pass=false
Sep 24 17:04:31.267 INF API: test started suite=0 test=191 name="interop/model-environment (reth_development)"
Sep 24 17:04:31.269 INF API: test ended suite=0 test=191 pass=false
Sep 24 17:04:31.270 INF API: test started suite=0 test=192 name="interop/model-many-transfers (reth_development)"
Sep 24 17:04:31.272 INF API: test ended suite=0 test=192 pass=false
Sep 24 17:04:31.272 INF API: test started suite=0 test=193 name="interop/model-mcopy-overlap (reth_development)"
Sep 24 17:04:31.275 INF API: test ended suite=0 test=193 pass=false
Sep 24 17:04:31.276 INF API: test started suite=0 test=194 name="interop/model-mcopy-zero (reth_development)"
Sep 24 17:04:31.278 INF API: test ended suite=0 test=194 pass=false
Sep 24 17:04:31.279 INF API: test started suite=0 test=195 name="interop/model-mcopy (reth_development)"
Sep 24 17:04:31.281 INF API: test ended suite=0 test=195 pass=false
Sep 24 17:04:31.282 INF API: test started suite=0 test=196 name="interop/model-mload-existing (reth_development)"
Sep 24 17:04:31.283 INF API: test ended suite=0 test=196 pass=false
Sep 24 17:04:31.284 INF API: test started suite=0 test=197 name="interop/model-mload-expansion (reth_development)"
Sep 24 17:04:31.286 INF API: test ended suite=0 test=197 pass=false
Sep 24 17:04:31.286 INF API: test started suite=0 test=198 name="interop/model-return42 (reth_development)"
Sep 24 17:04:31.288 INF API: test ended suite=0 test=198 pass=false
Sep 24 17:04:31.288 INF API: test started suite=0 test=199 name="interop/model-revert (reth_development)"
Sep 24 17:04:31.290 INF API: test ended suite=0 test=199 pass=false
Sep 24 17:04:31.291 INF API: test started suite=0 test=200 name="interop/model-transfer (reth_development)"
Sep 24 17:04:31.292 INF API: test ended suite=0 test=200 pass=false
Sep 24 17:04:31.581 INF API: test ended suite=0 test=176 pass=true
Sep 24 17:04:31.582 INF API: test started suite=0 test=201 name="client launch (reth_release)"
Sep 24 17:04:34.252 INF API: client reth_release started suite=0 test=201 container=bc9568a4
Sep 24 17:04:34.275 INF API: test started suite=0 test=202 name="interop/_control/head (reth_release)"
Sep 24 17:04:34.291 INF API: test ended suite=0 test=202 pass=false
Sep 24 17:04:34.296 INF API: test started suite=0 test=203 name="interop/_control/latest (reth_release)"
Sep 24 17:04:34.302 INF API: test ended suite=0 test=203 pass=false
Sep 24 17:04:34.304 INF API: test started suite=0 test=204 name="interop/_control/miner-balance (reth_release)"
Sep 24 17:04:34.308 INF API: test ended suite=0 test=204 pass=false
Sep 24 17:04:34.311 INF API: test started suite=0 test=205 name="interop/_control/miner-code (reth_release)"
Sep 24 17:04:34.316 INF API: test ended suite=0 test=205 pass=false
Sep 24 17:04:34.318 INF API: test started suite=0 test=206 name="interop/_control/miner-nonce (reth_release)"
Sep 24 17:04:34.323 INF API: test ended suite=0 test=206 pass=false
Sep 24 17:04:34.325 INF API: test started suite=0 test=207 name="interop/_control/sender-balance (reth_release)"
Sep 24 17:04:34.328 INF API: test ended suite=0 test=207 pass=false
Sep 24 17:04:34.329 INF API: test started suite=0 test=208 name="interop/_control/sender-code (reth_release)"
Sep 24 17:04:34.332 INF API: test ended suite=0 test=208 pass=false
Sep 24 17:04:34.333 INF API: test started suite=0 test=209 name="interop/_control/sender-nonce (reth_release)"
Sep 24 17:04:34.337 INF API: test ended suite=0 test=209 pass=false
Sep 24 17:04:34.338 INF API: test started suite=0 test=210 name="interop/_control/target-balance (reth_release)"
Sep 24 17:04:34.340 INF API: test ended suite=0 test=210 pass=false
Sep 24 17:04:34.341 INF API: test started suite=0 test=211 name="interop/_control/target-code (reth_release)"
Sep 24 17:04:34.343 INF API: test ended suite=0 test=211 pass=false
Sep 24 17:04:34.344 INF API: test started suite=0 test=212 name="interop/_control/target-nonce (reth_release)"
Sep 24 17:04:34.345 INF API: test ended suite=0 test=212 pass=false
Sep 24 17:04:34.346 INF API: test started suite=0 test=213 name="interop/_control/version (reth_release)"
Sep 24 17:04:34.349 INF API: test ended suite=0 test=213 pass=false
Sep 24 17:04:34.350 INF API: test started suite=0 test=214 name="interop/model-empty-runtime (reth_release)"
Sep 24 17:04:34.354 INF API: test ended suite=0 test=214 pass=false
Sep 24 17:04:34.355 INF API: test started suite=0 test=215 name="interop/model-environment-free (reth_release)"
Sep 24 17:04:34.358 INF API: test ended suite=0 test=215 pass=false
Sep 24 17:04:34.359 INF API: test started suite=0 test=216 name="interop/model-environment (reth_release)"
Sep 24 17:04:34.363 INF API: test ended suite=0 test=216 pass=false
Sep 24 17:04:34.364 INF API: test started suite=0 test=217 name="interop/model-many-transfers (reth_release)"
Sep 24 17:04:34.366 INF API: test ended suite=0 test=217 pass=false
Sep 24 17:04:34.367 INF API: test started suite=0 test=218 name="interop/model-mcopy-overlap (reth_release)"
Sep 24 17:04:34.371 INF API: test ended suite=0 test=218 pass=false
Sep 24 17:04:34.373 INF API: test started suite=0 test=219 name="interop/model-mcopy-zero (reth_release)"
Sep 24 17:04:34.376 INF API: test ended suite=0 test=219 pass=false
Sep 24 17:04:34.377 INF API: test started suite=0 test=220 name="interop/model-mcopy (reth_release)"
Sep 24 17:04:34.379 INF API: test ended suite=0 test=220 pass=false
Sep 24 17:04:34.381 INF API: test started suite=0 test=221 name="interop/model-mload-existing (reth_release)"
Sep 24 17:04:34.383 INF API: test ended suite=0 test=221 pass=false
Sep 24 17:04:34.385 INF API: test started suite=0 test=222 name="interop/model-mload-expansion (reth_release)"
Sep 24 17:04:34.388 INF API: test ended suite=0 test=222 pass=false
Sep 24 17:04:34.389 INF API: test started suite=0 test=223 name="interop/model-return42 (reth_release)"
Sep 24 17:04:34.394 INF API: test ended suite=0 test=223 pass=false
Sep 24 17:04:34.397 INF API: test started suite=0 test=224 name="interop/model-revert (reth_release)"
Sep 24 17:04:34.400 INF API: test ended suite=0 test=224 pass=false
Sep 24 17:04:34.402 INF API: test started suite=0 test=225 name="interop/model-transfer (reth_release)"
Sep 24 17:04:34.406 INF API: test ended suite=0 test=225 pass=false
Sep 24 17:04:34.689 INF API: test ended suite=0 test=201 pass=true
Sep 24 17:04:34.699 INF API: suite ended suite=0
Sep 24 17:04:35.108 INF simulation ethereum/rpc-compat finished suites=1 tests=225 failed=216
216 tests failed
