docker.io/hyperledger/besu@sha256:5c18349271af668d630f0073bdb77b6eac4179cfc14eb03a5873d0b971fafb30: Pulling from hyperledger/besu
Digest: sha256:5c18349271af668d630f0073bdb77b6eac4179cfc14eb03a5873d0b971fafb30
Status: Image is up to date for hyperledger/besu@sha256:5c18349271af668d630f0073bdb77b6eac4179cfc14eb03a5873d0b971fafb30
docker.io/hyperledger/besu@sha256:5c18349271af668d630f0073bdb77b6eac4179cfc14eb03a5873d0b971fafb30
docker.io/hyperledger/besu@sha256:6f3f21ce533383fcc8db3bce02252b59d5a9e776b72b5a1c8ecd2db011600042: Pulling from hyperledger/besu
Digest: sha256:6f3f21ce533383fcc8db3bce02252b59d5a9e776b72b5a1c8ecd2db011600042
Status: Image is up to date for hyperledger/besu@sha256:6f3f21ce533383fcc8db3bce02252b59d5a9e776b72b5a1c8ecd2db011600042
docker.io/hyperledger/besu@sha256:6f3f21ce533383fcc8db3bce02252b59d5a9e776b72b5a1c8ecd2db011600042
docker.io/erigontech/erigon@sha256:c42732e371b6d93cb6bf19088ccf348c1dfd3c32e4edd29189136a77b6220473: Pulling from erigontech/erigon
Digest: sha256:c42732e371b6d93cb6bf19088ccf348c1dfd3c32e4edd29189136a77b6220473
Status: Image is up to date for erigontech/erigon@sha256:c42732e371b6d93cb6bf19088ccf348c1dfd3c32e4edd29189136a77b6220473
docker.io/erigontech/erigon@sha256:c42732e371b6d93cb6bf19088ccf348c1dfd3c32e4edd29189136a77b6220473
docker.io/erigontech/erigon@sha256:8cd3fbcbb35d8b16768225ff7494a0672b7b06c9bf13d466850aabb920ac0de7: Pulling from erigontech/erigon
Digest: sha256:8cd3fbcbb35d8b16768225ff7494a0672b7b06c9bf13d466850aabb920ac0de7
Status: Image is up to date for erigontech/erigon@sha256:8cd3fbcbb35d8b16768225ff7494a0672b7b06c9bf13d466850aabb920ac0de7
docker.io/erigontech/erigon@sha256:8cd3fbcbb35d8b16768225ff7494a0672b7b06c9bf13d466850aabb920ac0de7
docker.io/nethermindeth/nethermind@sha256:0af8ee8afc2c203e50646f4bca3d7aa2b0152cc48d1fa76d87c43fe2bbb3061b: Pulling from nethermindeth/nethermind
Digest: sha256:0af8ee8afc2c203e50646f4bca3d7aa2b0152cc48d1fa76d87c43fe2bbb3061b
Status: Image is up to date for nethermindeth/nethermind@sha256:0af8ee8afc2c203e50646f4bca3d7aa2b0152cc48d1fa76d87c43fe2bbb3061b
docker.io/nethermindeth/nethermind@sha256:0af8ee8afc2c203e50646f4bca3d7aa2b0152cc48d1fa76d87c43fe2bbb3061b
docker.io/nethermind/nethermind@sha256:8156768beb584a1e62c3dcf0e0da7be61418dc08c89a80a4f9a3a48e5d247c12: Pulling from nethermind/nethermind
Digest: sha256:8156768beb584a1e62c3dcf0e0da7be61418dc08c89a80a4f9a3a48e5d247c12
Status: Image is up to date for nethermind/nethermind@sha256:8156768beb584a1e62c3dcf0e0da7be61418dc08c89a80a4f9a3a48e5d247c12
docker.io/nethermind/nethermind@sha256:8156768beb584a1e62c3dcf0e0da7be61418dc08c89a80a4f9a3a48e5d247c12
ghcr.io/paradigmxyz/reth@sha256:b15509fdadf5d2bc0adbb0039ea205c0aa35c72ac79d0fac56fdd47d8a67242e: Pulling from paradigmxyz/reth
Digest: sha256:b15509fdadf5d2bc0adbb0039ea205c0aa35c72ac79d0fac56fdd47d8a67242e
Status: Image is up to date for ghcr.io/paradigmxyz/reth@sha256:b15509fdadf5d2bc0adbb0039ea205c0aa35c72ac79d0fac56fdd47d8a67242e
ghcr.io/paradigmxyz/reth@sha256:b15509fdadf5d2bc0adbb0039ea205c0aa35c72ac79d0fac56fdd47d8a67242e
ghcr.io/paradigmxyz/reth@sha256:8ce703acf113b2a20705b6e76adebed20f74ba8591bc7c9407203b2968aca70d: Pulling from paradigmxyz/reth
Digest: sha256:8ce703acf113b2a20705b6e76adebed20f74ba8591bc7c9407203b2968aca70d
Status: Image is up to date for ghcr.io/paradigmxyz/reth@sha256:8ce703acf113b2a20705b6e76adebed20f74ba8591bc7c9407203b2968aca70d
ghcr.io/paradigmxyz/reth@sha256:8ce703acf113b2a20705b6e76adebed20f74ba8591bc7c9407203b2968aca70d
Verified 70 frozen inputs and 32 decisions against the report inventory.
Captured 90 responses in /home/banteg/dev/trace-fixture-wave-20260925/evidence/2026-09-25/fixture-wave/callmany-isolation
