Sep 23 17:17:00.698 INF building image image=hive/hiveproxy nocache=false pull=false
Sep 23 17:17:00.737 INF building 1 clients...
Sep 23 17:17:00.738 INF building image image=hive/clients/go-ethereum_trace:latest dir=clients/go-ethereum nocache=false pull=false baseimage=trace-interop/go-ethereum tag=351f4131517b32d6a34d884f30dd5d6db83e1c008297f920e87b02b269f9874e
Sep 23 17:17:00.784 INF building 1 simulators...
Sep 23 17:17:00.784 INF building image image=hive/simulators/ethereum/rpc-compat:latest dir=simulators/ethereum/rpc-compat nocache=false pull=false
Sep 23 17:17:00.815 INF creating output directory folder=/home/banteg/dev/trace-geth-contract-evidence/geth-contract-repeat/hive
Sep 23 17:17:00.822 INF running simulation: ethereum/rpc-compat
Sep 23 17:17:00.981 INF hiveproxy started container=3eff356270dd addr=172.17.0.2:8081
Sep 23 17:17:01.174 INF API: suite started suite=0 name=rpc-compat
Sep 23 17:17:01.176 INF API: test started suite=0 test=1 name="client launch (go-ethereum_trace)"
Sep 23 17:17:05.459 INF API: client go-ethereum_trace started suite=0 test=1 container=ca43f1a7
Sep 23 17:17:05.472 INF API: test started suite=0 test=2 name="interop/_control/head (go-ethereum_trace)"
Sep 23 17:17:05.486 INF API: test ended suite=0 test=2 pass=false
Sep 23 17:17:05.487 INF API: test started suite=0 test=3 name="interop/_control/latest (go-ethereum_trace)"
Sep 23 17:17:05.489 INF API: test ended suite=0 test=3 pass=false
Sep 23 17:17:05.490 INF API: test started suite=0 test=4 name="interop/_control/version (go-ethereum_trace)"
Sep 23 17:17:05.491 INF API: test ended suite=0 test=4 pass=false
Sep 23 17:17:05.492 INF API: test started suite=0 test=5 name="interop/auth-clear (go-ethereum_trace)"
Sep 23 17:17:05.495 INF API: test ended suite=0 test=5 pass=false
Sep 23 17:17:05.496 INF API: test started suite=0 test=6 name="interop/auth-set-revert (go-ethereum_trace)"
Sep 23 17:17:05.499 INF API: test ended suite=0 test=6 pass=false
Sep 23 17:17:05.500 INF API: test started suite=0 test=7 name="interop/call-gas7400 (go-ethereum_trace)"
Sep 23 17:17:05.506 INF API: test ended suite=0 test=7 pass=false
Sep 23 17:17:05.507 INF API: test started suite=0 test=8 name="interop/call-mcopy (go-ethereum_trace)"
Sep 23 17:17:05.510 INF API: test ended suite=0 test=8 pass=false
Sep 23 17:17:05.511 INF API: test started suite=0 test=9 name="interop/call-mixed-create (go-ethereum_trace)"
Sep 23 17:17:05.514 INF API: test ended suite=0 test=9 pass=false
Sep 23 17:17:05.515 INF API: test started suite=0 test=10 name="interop/call-return42 (go-ethereum_trace)"
Sep 23 17:17:05.517 INF API: test ended suite=0 test=10 pass=false
Sep 23 17:17:05.518 INF API: test started suite=0 test=11 name="interop/call-siblings-revert-ok (go-ethereum_trace)"
Sep 23 17:17:05.521 INF API: test ended suite=0 test=11 pass=false
Sep 23 17:17:05.522 INF API: test started suite=0 test=12 name="interop/constructor (go-ethereum_trace)"
Sep 23 17:17:05.524 INF API: test ended suite=0 test=12 pass=false
Sep 23 17:17:05.525 INF API: test started suite=0 test=13 name="interop/control-code-gas7400 (go-ethereum_trace)"
Sep 23 17:17:05.527 INF API: test ended suite=0 test=13 pass=false
Sep 23 17:17:05.528 INF API: test started suite=0 test=14 name="interop/control-code-siblings-revert-ok (go-ethereum_trace)"
Sep 23 17:17:05.529 INF API: test ended suite=0 test=14 pass=false
Sep 23 17:17:05.530 INF API: test started suite=0 test=15 name="interop/control-head (go-ethereum_trace)"
Sep 23 17:17:05.532 INF API: test ended suite=0 test=15 pass=false
Sep 23 17:17:05.533 INF API: test started suite=0 test=16 name="interop/control-height (go-ethereum_trace)"
Sep 23 17:17:05.534 INF API: test ended suite=0 test=16 pass=false
Sep 23 17:17:05.536 INF API: test started suite=0 test=17 name="interop/debug-gas7400-opcodes (go-ethereum_trace)"
Sep 23 17:17:05.538 INF API: test ended suite=0 test=17 pass=false
Sep 23 17:17:05.539 INF API: test started suite=0 test=18 name="interop/debug-mixed-create (go-ethereum_trace)"
Sep 23 17:17:05.540 INF API: test ended suite=0 test=18 pass=false
Sep 23 17:17:05.541 INF API: test started suite=0 test=19 name="interop/debug-siblings-revert-ok (go-ethereum_trace)"
Sep 23 17:17:05.543 INF API: test ended suite=0 test=19 pass=false
Sep 23 17:17:05.543 INF API: test started suite=0 test=20 name="interop/many-storage-write-revert-read (go-ethereum_trace)"
Sep 23 17:17:05.546 INF API: test ended suite=0 test=20 pass=false
Sep 23 17:17:05.547 INF API: test started suite=0 test=21 name="interop/raw-below-basefee-stateDiff (go-ethereum_trace)"
Sep 23 17:17:05.554 INF API: test ended suite=0 test=21 pass=false
Sep 23 17:17:05.555 INF API: test started suite=0 test=22 name="interop/raw-below-basefee-trace (go-ethereum_trace)"
Sep 23 17:17:05.565 INF API: test ended suite=0 test=22 pass=false
Sep 23 17:17:05.566 INF API: test started suite=0 test=23 name="interop/raw-below-basefee-vmTrace (go-ethereum_trace)"
Sep 23 17:17:05.576 INF API: test ended suite=0 test=23 pass=false
Sep 23 17:17:05.577 INF API: test started suite=0 test=24 name="interop/raw-below-basefee (go-ethereum_trace)"
Sep 23 17:17:05.586 INF API: test ended suite=0 test=24 pass=false
Sep 23 17:17:05.587 INF API: test started suite=0 test=25 name="interop/raw-insufficient-funds-stateDiff (go-ethereum_trace)"
Sep 23 17:17:05.595 INF API: test ended suite=0 test=25 pass=false
Sep 23 17:17:05.596 INF API: test started suite=0 test=26 name="interop/raw-insufficient-funds-trace (go-ethereum_trace)"
Sep 23 17:17:05.597 INF API: test ended suite=0 test=26 pass=false
Sep 23 17:17:05.598 INF API: test started suite=0 test=27 name="interop/raw-insufficient-funds-vmTrace (go-ethereum_trace)"
Sep 23 17:17:05.600 INF API: test ended suite=0 test=27 pass=false
Sep 23 17:17:05.600 INF API: test started suite=0 test=28 name="interop/raw-insufficient-funds (go-ethereum_trace)"
Sep 23 17:17:05.602 INF API: test ended suite=0 test=28 pass=false
Sep 23 17:17:05.603 INF API: test started suite=0 test=29 name="interop/raw-low-gas-stateDiff (go-ethereum_trace)"
Sep 23 17:17:05.605 INF API: test ended suite=0 test=29 pass=false
Sep 23 17:17:05.606 INF API: test started suite=0 test=30 name="interop/raw-low-gas-trace (go-ethereum_trace)"
Sep 23 17:17:05.607 INF API: test ended suite=0 test=30 pass=false
Sep 23 17:17:05.608 INF API: test started suite=0 test=31 name="interop/raw-low-gas-vmTrace (go-ethereum_trace)"
Sep 23 17:17:05.610 INF API: test ended suite=0 test=31 pass=false
Sep 23 17:17:05.611 INF API: test started suite=0 test=32 name="interop/raw-low-gas (go-ethereum_trace)"
Sep 23 17:17:05.612 INF API: test ended suite=0 test=32 pass=false
Sep 23 17:17:05.613 INF API: test started suite=0 test=33 name="interop/raw-nonce-high-stateDiff (go-ethereum_trace)"
Sep 23 17:17:05.615 INF API: test ended suite=0 test=33 pass=false
Sep 23 17:17:05.615 INF API: test started suite=0 test=34 name="interop/raw-nonce-high-trace (go-ethereum_trace)"
Sep 23 17:17:05.617 INF API: test ended suite=0 test=34 pass=false
Sep 23 17:17:05.618 INF API: test started suite=0 test=35 name="interop/raw-nonce-high-vmTrace (go-ethereum_trace)"
Sep 23 17:17:05.620 INF API: test ended suite=0 test=35 pass=false
Sep 23 17:17:05.620 INF API: test started suite=0 test=36 name="interop/raw-nonce-high (go-ethereum_trace)"
Sep 23 17:17:05.622 INF API: test ended suite=0 test=36 pass=false
Sep 23 17:17:05.622 INF API: test started suite=0 test=37 name="interop/raw-valid-stateDiff (go-ethereum_trace)"
Sep 23 17:17:05.624 INF API: test ended suite=0 test=37 pass=false
Sep 23 17:17:05.625 INF API: test started suite=0 test=38 name="interop/raw-valid-trace (go-ethereum_trace)"
Sep 23 17:17:05.627 INF API: test ended suite=0 test=38 pass=false
Sep 23 17:17:05.627 INF API: test started suite=0 test=39 name="interop/raw-valid-vmTrace (go-ethereum_trace)"
Sep 23 17:17:05.629 INF API: test ended suite=0 test=39 pass=false
Sep 23 17:17:05.630 INF API: test started suite=0 test=40 name="interop/raw-valid (go-ethereum_trace)"
Sep 23 17:17:05.631 INF API: test ended suite=0 test=40 pass=false
Sep 23 17:17:05.632 INF API: test started suite=0 test=41 name="interop/raw-wrong-chain-stateDiff (go-ethereum_trace)"
Sep 23 17:17:05.633 INF API: test ended suite=0 test=41 pass=false
Sep 23 17:17:05.634 INF API: test started suite=0 test=42 name="interop/raw-wrong-chain-trace (go-ethereum_trace)"
Sep 23 17:17:05.635 INF API: test ended suite=0 test=42 pass=false
Sep 23 17:17:05.636 INF API: test started suite=0 test=43 name="interop/raw-wrong-chain-vmTrace (go-ethereum_trace)"
Sep 23 17:17:05.638 INF API: test ended suite=0 test=43 pass=false
Sep 23 17:17:05.639 INF API: test started suite=0 test=44 name="interop/raw-wrong-chain (go-ethereum_trace)"
Sep 23 17:17:05.640 INF API: test ended suite=0 test=44 pass=false
Sep 23 17:17:05.641 INF API: test started suite=0 test=45 name="interop/state-only-nonempty-output (go-ethereum_trace)"
Sep 23 17:17:05.643 INF API: test ended suite=0 test=45 pass=false
Sep 23 17:17:05.931 INF API: test ended suite=0 test=1 pass=true
Sep 23 17:17:05.940 INF API: suite ended suite=0
Sep 23 17:17:06.311 INF simulation ethereum/rpc-compat finished suites=1 tests=45 failed=44
44 tests failed
