2026-09-24T13:05:45.419348Z  INFO Initialized tracing, debug log directory: /root/.cache/reth/logs/3503995874084926
2026-09-24T13:05:45.422728Z  INFO reth init starting
2026-09-24T13:05:45.423269Z  INFO Opening storage db_path="/reth-hive-datadir/db" sf_path="/reth-hive-datadir/static_files"
2026-09-24T13:05:45.605704Z  INFO check_consistency{read_only=false}: Verifying storage consistency.
2026-09-24T13:05:45.916781Z  INFO Genesis block written hash=0x0b764c8bb1d7ec3f2cd696351aab3deb47b05ec6e3b1614391e02b461c47b65e
+ FLAGS=' -vvv --datadir /reth-hive-datadir --chain /genesis.json'
+ set +ex
Loading initial blockchain...
2026-09-24T13:05:45.998119Z  INFO Initialized tracing, debug log directory: /root/.cache/reth/logs/3503995874084926
2026-09-24T13:05:46.000512Z  INFO reth 2.5.2 (58a51b3) starting
2026-09-24T13:05:46.000836Z  INFO Opening storage db_path="/reth-hive-datadir/db" sf_path="/reth-hive-datadir/static_files"
2026-09-24T13:05:46.071604Z  INFO check_consistency{read_only=false}: Verifying storage consistency.
2026-09-24T13:05:46.218673Z  INFO Starting import of 1 file(s)
2026-09-24T13:05:46.218687Z  INFO Importing file 1 of 1: /chain.rlp
2026-09-24T13:05:46.218713Z  INFO Consensus engine initialized
2026-09-24T13:05:46.219413Z  INFO Importing chain file chunk
2026-09-24T13:05:46.219529Z  INFO Chain file chunk read
2026-09-24T13:05:46.219652Z  INFO Downloading bodies count=2 range=1..=2
2026-09-24T13:05:46.219888Z  INFO Starting sync pipeline
2026-09-24T13:05:46.219954Z  INFO Preparing stage pipeline_stages=1/13 stage=Headers checkpoint=0 target=2
2026-09-24T13:05:46.220988Z  INFO Received headers total=2 from_block=2 to_block=1
2026-09-24T13:05:46.221115Z  INFO Writing headers total=2
2026-09-24T13:05:46.221132Z  INFO Executing stage pipeline_stages=1/13 stage=Headers checkpoint=0 target=2
2026-09-24T13:05:46.221358Z  INFO Writing headers hash index total=2
2026-09-24T13:05:46.282536Z  INFO Finished stage pipeline_stages=1/13 stage=Headers checkpoint=2 target=2 stage_progress=100.00%
2026-09-24T13:05:46.282608Z  INFO Preparing stage pipeline_stages=2/13 stage=Bodies checkpoint=0 target=2
2026-09-24T13:05:46.282853Z  INFO Executing stage pipeline_stages=2/13 stage=Bodies checkpoint=0 target=2
2026-09-24T13:05:46.324328Z  INFO Finished stage pipeline_stages=2/13 stage=Bodies checkpoint=2 target=2 stage_progress=100.00%
2026-09-24T13:05:46.324351Z  INFO Preparing stage pipeline_stages=3/13 stage=SenderRecovery checkpoint=0 target=2
2026-09-24T13:05:46.324476Z  INFO Executing stage pipeline_stages=3/13 stage=SenderRecovery checkpoint=0 target=2
2026-09-24T13:05:46.324481Z  INFO No transaction senders to recover
2026-09-24T13:05:46.349407Z  INFO Finished stage pipeline_stages=3/13 stage=SenderRecovery checkpoint=2 target=2
2026-09-24T13:05:46.349426Z  INFO Preparing stage pipeline_stages=4/13 stage=Execution checkpoint=0 target=2
2026-09-24T13:05:46.349541Z  INFO Executing stage pipeline_stages=4/13 stage=Execution checkpoint=0 target=2
2026-09-24T13:05:46.451320Z  INFO Finished stage pipeline_stages=4/13 stage=Execution checkpoint=2 target=2
2026-09-24T13:05:46.451344Z  INFO Preparing stage pipeline_stages=5/13 stage=MerkleUnwind checkpoint=0 target=2
2026-09-24T13:05:46.451464Z  INFO Stage is always skipped
2026-09-24T13:05:46.451469Z  INFO Executing stage pipeline_stages=5/13 stage=MerkleUnwind checkpoint=0 target=2
2026-09-24T13:05:46.460925Z  INFO Finished stage pipeline_stages=5/13 stage=MerkleUnwind checkpoint=2 target=2
2026-09-24T13:05:46.460935Z  INFO Preparing stage pipeline_stages=6/13 stage=AccountHashing checkpoint=0 target=2
2026-09-24T13:05:46.460939Z  INFO Executing stage pipeline_stages=6/13 stage=AccountHashing checkpoint=0 target=2
2026-09-24T13:05:46.473447Z  INFO Finished stage pipeline_stages=6/13 stage=AccountHashing checkpoint=2 target=2
2026-09-24T13:05:46.473460Z  INFO Preparing stage pipeline_stages=7/13 stage=StorageHashing checkpoint=0 target=2
2026-09-24T13:05:46.473464Z  INFO Executing stage pipeline_stages=7/13 stage=StorageHashing checkpoint=0 target=2
2026-09-24T13:05:46.482680Z  INFO Finished stage pipeline_stages=7/13 stage=StorageHashing checkpoint=2 target=2
2026-09-24T13:05:46.482693Z  INFO Preparing stage pipeline_stages=8/13 stage=MerkleExecute checkpoint=0 target=2
2026-09-24T13:05:46.482697Z  INFO Executing stage pipeline_stages=8/13 stage=MerkleExecute checkpoint=0 target=2
2026-09-24T13:05:46.497690Z  INFO Updating transaction lookup tx_range=0..=2
2026-09-24T13:05:46.497695Z  INFO Finished stage pipeline_stages=8/13 stage=MerkleExecute checkpoint=2 target=2 stage_progress=100.00%
2026-09-24T13:05:46.497713Z  INFO Preparing stage pipeline_stages=9/13 stage=TransactionLookup checkpoint=0 target=2
2026-09-24T13:05:46.497717Z  INFO Executing stage pipeline_stages=9/13 stage=TransactionLookup checkpoint=0 target=2
2026-09-24T13:05:46.509742Z  INFO Finished stage pipeline_stages=9/13 stage=TransactionLookup checkpoint=2 target=2
2026-09-24T13:05:46.509760Z  INFO Preparing stage pipeline_stages=10/13 stage=IndexStorageHistory checkpoint=0 target=2
2026-09-24T13:05:46.509766Z  INFO Executing stage pipeline_stages=10/13 stage=IndexStorageHistory checkpoint=0 target=2
2026-09-24T13:05:46.509823Z  INFO Collecting indices first_sync=true use_rocksdb=true
2026-09-24T13:05:46.509890Z  INFO Loading indices into database
2026-09-24T13:05:46.573870Z  INFO Finished stage pipeline_stages=10/13 stage=IndexStorageHistory checkpoint=2 target=2
2026-09-24T13:05:46.573899Z  INFO Preparing stage pipeline_stages=11/13 stage=IndexAccountHistory checkpoint=0 target=2
2026-09-24T13:05:46.573907Z  INFO Executing stage pipeline_stages=11/13 stage=IndexAccountHistory checkpoint=0 target=2
2026-09-24T13:05:46.573914Z  INFO Collecting indices first_sync=true use_rocksdb=true
2026-09-24T13:05:46.574079Z  INFO Loading indices into database
2026-09-24T13:05:46.574442Z  INFO Writing indices progress=7.89%
2026-09-24T13:05:46.574483Z  INFO Writing indices progress=15.79%
2026-09-24T13:05:46.574495Z  INFO Writing indices progress=23.68%
2026-09-24T13:05:46.574504Z  INFO Writing indices progress=31.58%
2026-09-24T13:05:46.574512Z  INFO Writing indices progress=39.47%
2026-09-24T13:05:46.574530Z  INFO Writing indices progress=47.37%
2026-09-24T13:05:46.574539Z  INFO Writing indices progress=55.26%
2026-09-24T13:05:46.574548Z  INFO Writing indices progress=63.16%
2026-09-24T13:05:46.574556Z  INFO Writing indices progress=71.05%
2026-09-24T13:05:46.574564Z  INFO Writing indices progress=78.95%
2026-09-24T13:05:46.574572Z  INFO Writing indices progress=86.84%
2026-09-24T13:05:46.574580Z  INFO Writing indices progress=94.74%
2026-09-24T13:05:46.637827Z  INFO Finished stage pipeline_stages=11/13 stage=IndexAccountHistory checkpoint=2 target=2
2026-09-24T13:05:46.637852Z  INFO Preparing stage pipeline_stages=12/13 stage=Prune checkpoint=0 target=2
2026-09-24T13:05:46.637859Z  INFO Executing stage pipeline_stages=12/13 stage=Prune checkpoint=0 target=2
2026-09-24T13:05:46.650036Z  INFO Finished stage pipeline_stages=12/13 stage=Prune checkpoint=2 target=2
2026-09-24T13:05:46.650050Z  INFO Preparing stage pipeline_stages=13/13 stage=Finish checkpoint=0 target=2
2026-09-24T13:05:46.650055Z  INFO Executing stage pipeline_stages=13/13 stage=Finish checkpoint=0 target=2
2026-09-24T13:05:46.658990Z  INFO Chain was fully imported total_imported_blocks=2 total_imported_txns=0
2026-09-24T13:05:46.659028Z  INFO Successfully imported file /chain.rlp: 2 blocks, 0 transactions
2026-09-24T13:05:46.659035Z  INFO Import complete. Total: 2/2 blocks, 0/0 transactions
2026-09-24T13:05:46.659040Z  INFO Finished stage pipeline_stages=13/13 stage=Finish checkpoint=2 target=2
Loading remaining individual blocks...
Warning: No blocks found.
Running reth with flags:  -vvv --datadir /reth-hive-datadir --chain /genesis.json --network-id=3503995874084926 --builder.gaslimit 60000000 --http --http.addr=0.0.0.0 --http.api=admin,debug,trace,eth,net,txpool,web3,testing --ws --ws.addr=0.0.0.0 --ws.api=admin,debug,trace,eth,net,txpool,web3,testing --rpc.compute-state-root-for-eth-simulate --authrpc.addr=0.0.0.0 --authrpc.jwtsecret=/jwt.secret --nat none --block-interval 500000 --debug.startup-sync-state-idle
2026-09-24T13:05:46.688155Z  INFO reth::cli: Initialized tracing, debug log directory: /root/.cache/reth/logs/3503995874084926
2026-09-24T13:05:46.690266Z  INFO reth::cli: Starting Reth version="2.5.2 (58a51b3)"
2026-09-24T13:05:46.690305Z  INFO reth::cli: Opening database path="/reth-hive-datadir/db"
2026-09-24T13:05:46.710524Z  INFO reth::cli: Launching node
2026-09-24T13:05:46.712666Z  INFO reth::cli: Saving prune config to toml file
2026-09-24T13:05:46.712872Z  INFO reth::cli: Configuration loaded path="/reth-hive-datadir/reth.toml"
2026-09-24T13:05:46.786409Z  INFO check_consistency: reth::cli: Healing static file inconsistencies.
2026-09-24T13:05:46.946381Z  INFO check_consistency:check_consistency{read_only=false}: reth::cli: Verifying storage consistency.
2026-09-24T13:05:46.946711Z  INFO reth::cli: Database opened
2026-09-24T13:05:46.946790Z  INFO reth::cli: 
Pre-merge hard forks (block based):
- Frontier                         @0
- Homestead                        @0
- Tangerine                        @0
- SpuriousDragon                   @0
- Byzantium                        @0
- Constantinople                   @0
- Petersburg                       @0
- Istanbul                         @0
- MuirGlacier                      @0
- Berlin                           @0
- London                           @0
- ArrowGlacier                     @0
- GrayGlacier                      @0
Merge hard forks:
- Paris                            @131072 (network is known to be merged)
Post-merge hard forks (timestamp based):
- Shanghai                         @0          blob: (target: 6, max: 9, fraction: 5007716)
- Cancun                           @0          blob: (target: 6, max: 9, fraction: 5007716)
- Prague                           @0          blob: (target: 6, max: 9, fraction: 5007716)
2026-09-24T13:05:46.946820Z  INFO reth::cli: Loaded storage settings settings=StorageSettings { storage_v2: true } pruning_mode="custom"
2026-09-24T13:05:46.947948Z  INFO reth::cli: Transaction pool initialized
2026-09-24T13:05:46.984566Z  INFO reth::cli: P2P networking initialized enode=enode://09b48545a41b7401d8d725653369f2693fbc599e60a0dfc08c57a84bd920447475ae1221847047f9718570a402545a93ae5c8430a49aaa5c00b7c0441b13455a@0.0.0.0:30303
2026-09-24T13:05:46.984920Z  INFO reth::cli: StaticFileProducer initialized
2026-09-24T13:05:46.985264Z  INFO reth::cli: Pruner initialized prune_config=PruneConfig { block_interval: 500000, segments: PruneModes { sender_recovery: None, transaction_lookup: None, receipts: None, account_history: None, storage_history: None, bodies_history: None, receipts_log_filter: ReceiptsLogPruneConfig({}) }, minimum_pruning_distance: 10064 }
2026-09-24T13:05:46.986022Z  INFO reth::cli: Consensus engine initialized
2026-09-24T13:05:46.986115Z  INFO reth::cli: Engine API handler initialized
2026-09-24T13:05:46.988768Z  INFO reth::cli: RPC auth server started url=0.0.0.0:8551
2026-09-24T13:05:46.989696Z  INFO reth::cli: RPC IPC server started path=/tmp/reth.ipc
2026-09-24T13:05:46.989705Z  INFO reth::cli: RPC HTTP server started url=0.0.0.0:8545
2026-09-24T13:05:46.989709Z  INFO reth::cli: RPC WS server started url=0.0.0.0:8546
2026-09-24T13:05:46.989787Z  INFO reth::cli: Starting consensus engine
2026-09-24T13:05:46.990142Z  INFO reth_node_events::node: Preparing stage pipeline_stages=1/13 stage=Headers checkpoint=2 target=None
2026-09-24T13:05:46.990175Z  INFO sync::stages::headers: Target block already reached checkpoint=2 target=Hash(0xece1ea9c0789c9e24dc1970864375ee1304b9627d389e4a6a519233b76cf7956)
2026-09-24T13:05:46.990466Z  INFO reth_node_events::node: Executing stage pipeline_stages=1/13 stage=Headers checkpoint=2 target=None
2026-09-24T13:05:46.990738Z  INFO reth_node_events::node: Finished stage pipeline_stages=1/13 stage=Headers checkpoint=2 target=None stage_progress=100.00%
2026-09-24T13:05:46.990779Z  INFO reth_node_events::node: Preparing stage pipeline_stages=2/13 stage=Bodies checkpoint=2 target=2
2026-09-24T13:05:46.990787Z  INFO reth_node_events::node: Executing stage pipeline_stages=2/13 stage=Bodies checkpoint=2 target=2
2026-09-24T13:05:46.990795Z  INFO reth_node_events::node: Finished stage pipeline_stages=2/13 stage=Bodies checkpoint=2 target=2 stage_progress=100.00%
2026-09-24T13:05:46.990801Z  INFO reth_node_events::node: Preparing stage pipeline_stages=3/13 stage=SenderRecovery checkpoint=2 target=2
2026-09-24T13:05:46.990807Z  INFO reth_node_events::node: Executing stage pipeline_stages=3/13 stage=SenderRecovery checkpoint=2 target=2
2026-09-24T13:05:46.990817Z  INFO reth_node_events::node: Finished stage pipeline_stages=3/13 stage=SenderRecovery checkpoint=2 target=2
2026-09-24T13:05:46.990822Z  INFO reth_node_events::node: Preparing stage pipeline_stages=4/13 stage=Execution checkpoint=2 target=2
2026-09-24T13:05:46.990828Z  INFO reth_node_events::node: Executing stage pipeline_stages=4/13 stage=Execution checkpoint=2 target=2
2026-09-24T13:05:46.990928Z  INFO sync::stages::merkle::unwind: Stage is always skipped
2026-09-24T13:05:46.990991Z  INFO reth_node_events::node: Finished stage pipeline_stages=4/13 stage=Execution checkpoint=2 target=2
2026-09-24T13:05:46.991007Z  INFO reth_node_events::node: Preparing stage pipeline_stages=5/13 stage=MerkleUnwind checkpoint=2 target=2
2026-09-24T13:05:46.991014Z  INFO reth_node_events::node: Executing stage pipeline_stages=5/13 stage=MerkleUnwind checkpoint=2 target=2
2026-09-24T13:05:46.991020Z  INFO reth_node_events::node: Finished stage pipeline_stages=5/13 stage=MerkleUnwind checkpoint=2 target=2
2026-09-24T13:05:46.991025Z  INFO reth_node_events::node: Preparing stage pipeline_stages=6/13 stage=AccountHashing checkpoint=2 target=2
2026-09-24T13:05:46.991033Z  INFO reth_node_events::node: Executing stage pipeline_stages=6/13 stage=AccountHashing checkpoint=2 target=2
2026-09-24T13:05:46.991038Z  INFO reth_node_events::node: Finished stage pipeline_stages=6/13 stage=AccountHashing checkpoint=2 target=2
2026-09-24T13:05:46.991044Z  INFO reth_node_events::node: Preparing stage pipeline_stages=7/13 stage=StorageHashing checkpoint=2 target=2
2026-09-24T13:05:46.991050Z  INFO reth_node_events::node: Executing stage pipeline_stages=7/13 stage=StorageHashing checkpoint=2 target=2
2026-09-24T13:05:46.991198Z  INFO reth_node_events::node: Finished stage pipeline_stages=7/13 stage=StorageHashing checkpoint=2 target=2
2026-09-24T13:05:46.991214Z  INFO reth_node_events::node: Preparing stage pipeline_stages=8/13 stage=MerkleExecute checkpoint=2 target=2
2026-09-24T13:05:46.991220Z  INFO reth_node_events::node: Executing stage pipeline_stages=8/13 stage=MerkleExecute checkpoint=2 target=2
2026-09-24T13:05:46.991228Z  INFO reth_node_events::node: Finished stage pipeline_stages=8/13 stage=MerkleExecute checkpoint=2 target=2 stage_progress=100.00%
2026-09-24T13:05:46.991235Z  INFO reth_node_events::node: Preparing stage pipeline_stages=9/13 stage=TransactionLookup checkpoint=2 target=2
2026-09-24T13:05:46.991241Z  INFO reth_node_events::node: Executing stage pipeline_stages=9/13 stage=TransactionLookup checkpoint=2 target=2
2026-09-24T13:05:46.991247Z  INFO reth_node_events::node: Finished stage pipeline_stages=9/13 stage=TransactionLookup checkpoint=2 target=2
2026-09-24T13:05:46.991253Z  INFO reth_node_events::node: Preparing stage pipeline_stages=10/13 stage=IndexStorageHistory checkpoint=2 target=2
2026-09-24T13:05:46.991267Z  INFO reth_node_events::node: Executing stage pipeline_stages=10/13 stage=IndexStorageHistory checkpoint=2 target=2
2026-09-24T13:05:46.991274Z  INFO reth_node_events::node: Finished stage pipeline_stages=10/13 stage=IndexStorageHistory checkpoint=2 target=2
2026-09-24T13:05:46.991280Z  INFO reth_node_events::node: Preparing stage pipeline_stages=11/13 stage=IndexAccountHistory checkpoint=2 target=2
2026-09-24T13:05:46.991286Z  INFO reth_node_events::node: Executing stage pipeline_stages=11/13 stage=IndexAccountHistory checkpoint=2 target=2
2026-09-24T13:05:46.991440Z  INFO reth_node_events::node: Finished stage pipeline_stages=11/13 stage=IndexAccountHistory checkpoint=2 target=2
2026-09-24T13:05:46.991455Z  INFO reth_node_events::node: Preparing stage pipeline_stages=12/13 stage=Prune checkpoint=2 target=2
2026-09-24T13:05:46.991462Z  INFO reth_node_events::node: Executing stage pipeline_stages=12/13 stage=Prune checkpoint=2 target=2
2026-09-24T13:05:46.991468Z  INFO reth_node_events::node: Finished stage pipeline_stages=12/13 stage=Prune checkpoint=2 target=2
2026-09-24T13:05:46.991474Z  INFO reth_node_events::node: Preparing stage pipeline_stages=13/13 stage=Finish checkpoint=2 target=2
2026-09-24T13:05:46.991482Z  INFO reth_node_events::node: Executing stage pipeline_stages=13/13 stage=Finish checkpoint=2 target=2
2026-09-24T13:05:46.991514Z  INFO reth_node_events::node: Finished stage pipeline_stages=13/13 stage=Finish checkpoint=2 target=2
2026-09-24T13:05:47.011829Z  INFO reth_node_events::node: Forkchoice updated head_block_hash=0xece1ea9c0789c9e24dc1970864375ee1304b9627d389e4a6a519233b76cf7956 safe_block_hash=0xece1ea9c0789c9e24dc1970864375ee1304b9627d389e4a6a519233b76cf7956 finalized_block_hash=0xece1ea9c0789c9e24dc1970864375ee1304b9627d389e4a6a519233b76cf7956
