Sep 23 03:12:29.140 INF building image image=hive/hiveproxy nocache=false pull=false
Sep 23 03:12:29.200 INF building 8 clients...
Sep 23 03:12:29.200 INF building image image=hive/clients/besu_development:latest dir=clients/besu nocache=false pull=false baseimage=trace-interop/besu tag=a85249905183f65c98c9e8c282955e40487c4ff8af8db8b8e306d58292231744
Sep 23 03:12:29.323 INF building image image=hive/clients/besu_release:latest dir=clients/besu nocache=false pull=false baseimage=trace-interop/besu tag=f3713c713ca4f9e89c09e1478d2a85116ba9ce8343129d709420ba2af009598b
Sep 23 03:12:29.462 INF building image image=hive/clients/erigon_development:latest dir=clients/erigon nocache=false pull=false baseimage=trace-interop/erigon tag=8269576669f1b4a55572ee7d1a7e4489244cd57bb545293391d1ebd5e0fac002
Sep 23 03:12:29.583 INF building image image=hive/clients/erigon_release:latest dir=clients/erigon nocache=false pull=false baseimage=trace-interop/erigon tag=8668d9c5adc01ad1d12aa25380e384079080bdde7e0ce93f11bed422d82ca0ac
Sep 23 03:13:22.646 INF building image image=hive/clients/nethermind_development:latest dir=clients/nethermind nocache=false pull=false baseimage=trace-interop/nethermind tag=e68f6cd253c312443b306b7e1e61381a38fd174dd16fe7e9bc55487245718182
Sep 23 03:13:22.831 INF building image image=hive/clients/nethermind_release:latest dir=clients/nethermind nocache=false pull=false baseimage=trace-interop/nethermind tag=a5098d75bfa8d4da1992ba8404b357fde6d53241315396e26b88e16e5f67bb59
Sep 23 03:13:22.983 INF building image image=hive/clients/reth_development:latest dir=clients/reth nocache=false pull=false baseimage=trace-interop/reth tag=1d6a97ef686d7c6099c5426c77334ca5891ce5d362fe5f3049ac2ea0df76de86
Sep 23 03:13:23.110 INF building image image=hive/clients/reth_release:latest dir=clients/reth nocache=false pull=false baseimage=trace-interop/reth tag=e939dc4a471d9d27224e430f607a954d692ca5037a1350ee2036397d14532ca7
Sep 23 03:13:23.253 INF building 1 simulators...
Sep 23 03:13:23.253 INF building image image=hive/simulators/ethereum/rpc-compat:latest dir=simulators/ethereum/rpc-compat nocache=false pull=false
Sep 23 03:13:23.770 INF creating output directory folder=/home/banteg/dev/trace-harness-audit/evidence/2026-09-23/harness-audit-native-reorg-safe/hive
Sep 23 03:13:23.778 INF running simulation: ethereum/rpc-compat
Sep 23 03:13:24.097 INF hiveproxy started container=1ef816576ab7 addr=172.17.0.2:8081
Sep 23 03:13:24.477 INF API: suite started suite=0 name=rpc-compat
Sep 23 03:13:24.479 INF API: test started suite=0 test=1 name="client launch (besu_development)"
Sep 23 03:13:34.627 INF API: client besu_development started suite=0 test=1 container=a1e8a721
Sep 23 03:13:34.898 INF API: test started suite=0 test=2 name="interop/_control/head (besu_development)"
Sep 23 03:13:34.949 INF API: test ended suite=0 test=2 pass=false
Sep 23 03:13:34.951 INF API: test started suite=0 test=3 name="interop/_control/latest (besu_development)"
Sep 23 03:13:34.969 INF API: test ended suite=0 test=3 pass=false
Sep 23 03:13:34.970 INF API: test started suite=0 test=4 name="interop/_control/version (besu_development)"
Sep 23 03:13:34.984 INF API: test ended suite=0 test=4 pass=false
Sep 23 03:13:34.986 INF API: test started suite=0 test=5 name="interop/before/block-tail (besu_development)"
Sep 23 03:13:35.040 INF API: test ended suite=0 test=5 pass=false
Sep 23 03:13:35.041 INF API: test started suite=0 test=6 name="interop/before/filter-tail (besu_development)"
Sep 23 03:13:35.117 INF API: test ended suite=0 test=6 pass=false
Sep 23 03:13:35.118 INF API: test started suite=0 test=7 name="interop/before/head (besu_development)"
Sep 23 03:13:35.137 INF API: test ended suite=0 test=7 pass=false
Sep 23 03:13:35.138 INF API: test started suite=0 test=8 name="interop/before/height (besu_development)"
Sep 23 03:13:35.149 INF API: test ended suite=0 test=8 pass=false
Sep 23 03:13:35.150 INF API: test started suite=0 test=9 name="interop/before/tail-receipt (besu_development)"
Sep 23 03:13:35.175 INF API: test ended suite=0 test=9 pass=false
Sep 23 03:13:35.313 INF API: test started suite=0 test=10 name="interop/after/block-tail (besu_development)"
Sep 23 03:13:37.325 INF API: test ended suite=0 test=10 pass=false
Sep 23 03:13:37.326 INF API: test started suite=0 test=11 name="interop/after/filter-tail (besu_development)"
Sep 23 03:13:37.341 INF API: test ended suite=0 test=11 pass=false
Sep 23 03:13:37.342 INF API: test started suite=0 test=12 name="interop/after/head (besu_development)"
Sep 23 03:13:37.347 INF API: test ended suite=0 test=12 pass=false
Sep 23 03:13:37.348 INF API: test started suite=0 test=13 name="interop/after/height (besu_development)"
Sep 23 03:13:37.352 INF API: test ended suite=0 test=13 pass=false
Sep 23 03:13:37.353 INF API: test started suite=0 test=14 name="interop/after/tail-receipt (besu_development)"
Sep 23 03:13:37.356 INF API: test ended suite=0 test=14 pass=false
Sep 23 03:13:37.378 INF API: test started suite=0 test=15 name="interop/restored/block-tail (besu_development)"
Sep 23 03:13:37.383 INF API: test ended suite=0 test=15 pass=false
Sep 23 03:13:37.384 INF API: test started suite=0 test=16 name="interop/restored/filter-tail (besu_development)"
Sep 23 03:13:37.410 INF API: test ended suite=0 test=16 pass=false
Sep 23 03:13:37.411 INF API: test started suite=0 test=17 name="interop/restored/head (besu_development)"
Sep 23 03:13:37.416 INF API: test ended suite=0 test=17 pass=false
Sep 23 03:13:37.417 INF API: test started suite=0 test=18 name="interop/restored/height (besu_development)"
Sep 23 03:13:37.420 INF API: test ended suite=0 test=18 pass=false
Sep 23 03:13:37.421 INF API: test started suite=0 test=19 name="interop/restored/tail-receipt (besu_development)"
Sep 23 03:13:37.426 INF API: test ended suite=0 test=19 pass=false
Sep 23 03:13:37.788 INF API: test ended suite=0 test=1 pass=true
Sep 23 03:13:37.790 INF API: test started suite=0 test=20 name="client launch (besu_release)"
Sep 23 03:13:46.920 INF API: client besu_release started suite=0 test=20 container=c1165b20
Sep 23 03:13:47.217 INF API: test started suite=0 test=21 name="interop/_control/head (besu_release)"
Sep 23 03:13:47.268 INF API: test ended suite=0 test=21 pass=false
Sep 23 03:13:47.269 INF API: test started suite=0 test=22 name="interop/_control/latest (besu_release)"
Sep 23 03:13:47.281 INF API: test ended suite=0 test=22 pass=false
Sep 23 03:13:47.282 INF API: test started suite=0 test=23 name="interop/_control/version (besu_release)"
Sep 23 03:13:47.287 INF API: test ended suite=0 test=23 pass=false
Sep 23 03:13:47.288 INF API: test started suite=0 test=24 name="interop/before/block-tail (besu_release)"
Sep 23 03:13:47.347 INF API: test ended suite=0 test=24 pass=false
Sep 23 03:13:47.348 INF API: test started suite=0 test=25 name="interop/before/filter-tail (besu_release)"
Sep 23 03:13:47.424 INF API: test ended suite=0 test=25 pass=false
Sep 23 03:13:47.425 INF API: test started suite=0 test=26 name="interop/before/head (besu_release)"
Sep 23 03:13:47.431 INF API: test ended suite=0 test=26 pass=false
Sep 23 03:13:47.433 INF API: test started suite=0 test=27 name="interop/before/height (besu_release)"
Sep 23 03:13:47.437 INF API: test ended suite=0 test=27 pass=false
Sep 23 03:13:47.438 INF API: test started suite=0 test=28 name="interop/before/tail-receipt (besu_release)"
Sep 23 03:13:47.452 INF API: test ended suite=0 test=28 pass=false
Sep 23 03:13:47.605 INF API: test started suite=0 test=29 name="interop/after/block-tail (besu_release)"
Sep 23 03:13:50.617 INF API: test ended suite=0 test=29 pass=false
Sep 23 03:13:50.618 INF API: test started suite=0 test=30 name="interop/after/filter-tail (besu_release)"
Sep 23 03:13:51.631 INF API: test ended suite=0 test=30 pass=false
Sep 23 03:13:51.633 INF API: test started suite=0 test=31 name="interop/after/head (besu_release)"
Sep 23 03:13:51.648 INF API: test ended suite=0 test=31 pass=false
Sep 23 03:13:51.649 INF API: test started suite=0 test=32 name="interop/after/height (besu_release)"
Sep 23 03:13:51.666 INF API: test ended suite=0 test=32 pass=false
Sep 23 03:13:51.668 INF API: test started suite=0 test=33 name="interop/after/tail-receipt (besu_release)"
Sep 23 03:13:51.684 INF API: test ended suite=0 test=33 pass=false
Sep 23 03:13:51.710 INF API: test started suite=0 test=34 name="interop/restored/block-tail (besu_release)"
Sep 23 03:13:51.717 INF API: test ended suite=0 test=34 pass=false
Sep 23 03:13:51.718 INF API: test started suite=0 test=35 name="interop/restored/filter-tail (besu_release)"
Sep 23 03:13:51.750 INF API: test ended suite=0 test=35 pass=false
Sep 23 03:13:51.751 INF API: test started suite=0 test=36 name="interop/restored/head (besu_release)"
Sep 23 03:13:51.766 INF API: test ended suite=0 test=36 pass=false
Sep 23 03:13:51.767 INF API: test started suite=0 test=37 name="interop/restored/height (besu_release)"
Sep 23 03:13:51.771 INF API: test ended suite=0 test=37 pass=false
Sep 23 03:13:51.772 INF API: test started suite=0 test=38 name="interop/restored/tail-receipt (besu_release)"
Sep 23 03:13:51.776 INF API: test ended suite=0 test=38 pass=false
Sep 23 03:13:52.104 INF API: test ended suite=0 test=20 pass=true
Sep 23 03:13:52.106 INF API: test started suite=0 test=39 name="client launch (erigon_development)"
Sep 23 03:13:53.532 INF API: client erigon_development started suite=0 test=39 container=9215b77e
Sep 23 03:13:53.551 INF API: test started suite=0 test=40 name="interop/_control/head (erigon_development)"
Sep 23 03:13:53.563 INF API: test ended suite=0 test=40 pass=false
Sep 23 03:13:53.564 INF API: test started suite=0 test=41 name="interop/_control/latest (erigon_development)"
Sep 23 03:13:53.566 INF API: test ended suite=0 test=41 pass=false
Sep 23 03:13:53.566 INF API: test started suite=0 test=42 name="interop/_control/version (erigon_development)"
Sep 23 03:13:53.567 INF API: test ended suite=0 test=42 pass=false
Sep 23 03:13:53.568 INF API: test started suite=0 test=43 name="interop/before/block-tail (erigon_development)"
Sep 23 03:13:53.570 INF API: test ended suite=0 test=43 pass=false
Sep 23 03:13:53.570 INF API: test started suite=0 test=44 name="interop/before/filter-tail (erigon_development)"
Sep 23 03:13:53.578 INF API: test ended suite=0 test=44 pass=false
Sep 23 03:13:53.579 INF API: test started suite=0 test=45 name="interop/before/head (erigon_development)"
Sep 23 03:13:53.580 INF API: test ended suite=0 test=45 pass=false
Sep 23 03:13:53.581 INF API: test started suite=0 test=46 name="interop/before/height (erigon_development)"
Sep 23 03:13:53.582 INF API: test ended suite=0 test=46 pass=false
Sep 23 03:13:53.583 INF API: test started suite=0 test=47 name="interop/before/tail-receipt (erigon_development)"
Sep 23 03:13:53.584 INF API: test ended suite=0 test=47 pass=false
Sep 23 03:13:55.081 INF API: test ended suite=0 test=39 pass=false
Sep 23 03:13:55.082 INF API: test started suite=0 test=48 name="client launch (erigon_release)"
Sep 23 03:13:56.624 INF API: client erigon_release started suite=0 test=48 container=e33dfd95
Sep 23 03:13:56.649 INF API: test started suite=0 test=49 name="interop/_control/head (erigon_release)"
Sep 23 03:13:56.665 INF API: test ended suite=0 test=49 pass=false
Sep 23 03:13:56.665 INF API: test started suite=0 test=50 name="interop/_control/latest (erigon_release)"
Sep 23 03:13:56.667 INF API: test ended suite=0 test=50 pass=false
Sep 23 03:13:56.668 INF API: test started suite=0 test=51 name="interop/_control/version (erigon_release)"
Sep 23 03:13:56.669 INF API: test ended suite=0 test=51 pass=false
Sep 23 03:13:56.670 INF API: test started suite=0 test=52 name="interop/before/block-tail (erigon_release)"
Sep 23 03:13:56.672 INF API: test ended suite=0 test=52 pass=false
Sep 23 03:13:56.673 INF API: test started suite=0 test=53 name="interop/before/filter-tail (erigon_release)"
Sep 23 03:13:56.679 INF API: test ended suite=0 test=53 pass=false
Sep 23 03:13:56.680 INF API: test started suite=0 test=54 name="interop/before/head (erigon_release)"
Sep 23 03:13:56.681 INF API: test ended suite=0 test=54 pass=false
Sep 23 03:13:56.682 INF API: test started suite=0 test=55 name="interop/before/height (erigon_release)"
Sep 23 03:13:56.683 INF API: test ended suite=0 test=55 pass=false
Sep 23 03:13:56.684 INF API: test started suite=0 test=56 name="interop/before/tail-receipt (erigon_release)"
Sep 23 03:13:56.686 INF API: test ended suite=0 test=56 pass=false
Sep 23 03:13:56.834 INF API: test started suite=0 test=57 name="interop/after/block-tail (erigon_release)"
Sep 23 03:13:56.835 INF API: test ended suite=0 test=57 pass=false
Sep 23 03:13:56.836 INF API: test started suite=0 test=58 name="interop/after/filter-tail (erigon_release)"
Sep 23 03:13:56.838 INF API: test ended suite=0 test=58 pass=false
Sep 23 03:13:56.839 INF API: test started suite=0 test=59 name="interop/after/head (erigon_release)"
Sep 23 03:13:56.841 INF API: test ended suite=0 test=59 pass=false
Sep 23 03:13:56.842 INF API: test started suite=0 test=60 name="interop/after/height (erigon_release)"
Sep 23 03:13:56.843 INF API: test ended suite=0 test=60 pass=false
Sep 23 03:13:56.844 INF API: test started suite=0 test=61 name="interop/after/tail-receipt (erigon_release)"
Sep 23 03:13:56.845 INF API: test ended suite=0 test=61 pass=false
Sep 23 03:13:56.895 INF API: test started suite=0 test=62 name="interop/restored/block-tail (erigon_release)"
Sep 23 03:13:56.897 INF API: test ended suite=0 test=62 pass=false
Sep 23 03:13:56.898 INF API: test started suite=0 test=63 name="interop/restored/filter-tail (erigon_release)"
Sep 23 03:13:56.910 INF API: test ended suite=0 test=63 pass=false
Sep 23 03:13:56.911 INF API: test started suite=0 test=64 name="interop/restored/head (erigon_release)"
Sep 23 03:13:56.912 INF API: test ended suite=0 test=64 pass=false
Sep 23 03:13:56.913 INF API: test started suite=0 test=65 name="interop/restored/height (erigon_release)"
Sep 23 03:13:56.914 INF API: test ended suite=0 test=65 pass=false
Sep 23 03:13:56.915 INF API: test started suite=0 test=66 name="interop/restored/tail-receipt (erigon_release)"
Sep 23 03:13:56.916 INF API: test ended suite=0 test=66 pass=false
Sep 23 03:13:58.301 INF API: test ended suite=0 test=48 pass=true
Sep 23 03:13:58.303 INF API: test started suite=0 test=67 name="client launch (nethermind_development)"
Sep 23 03:14:06.857 INF API: client nethermind_development started suite=0 test=67 container=058d1e0e
Sep 23 03:14:06.956 INF API: test started suite=0 test=68 name="interop/_control/head (nethermind_development)"
Sep 23 03:14:07.037 INF API: test ended suite=0 test=68 pass=false
Sep 23 03:14:07.038 INF API: test started suite=0 test=69 name="interop/_control/latest (nethermind_development)"
Sep 23 03:14:07.043 INF API: test ended suite=0 test=69 pass=false
Sep 23 03:14:07.044 INF API: test started suite=0 test=70 name="interop/_control/version (nethermind_development)"
Sep 23 03:14:07.047 INF API: test ended suite=0 test=70 pass=false
Sep 23 03:14:07.048 INF API: test started suite=0 test=71 name="interop/before/block-tail (nethermind_development)"
Sep 23 03:14:07.170 INF API: test ended suite=0 test=71 pass=false
Sep 23 03:14:07.171 INF API: test started suite=0 test=72 name="interop/before/filter-tail (nethermind_development)"
Sep 23 03:14:07.206 INF API: test ended suite=0 test=72 pass=false
Sep 23 03:14:07.208 INF API: test started suite=0 test=73 name="interop/before/head (nethermind_development)"
Sep 23 03:14:07.210 INF API: test ended suite=0 test=73 pass=false
Sep 23 03:14:07.210 INF API: test started suite=0 test=74 name="interop/before/height (nethermind_development)"
Sep 23 03:14:07.217 INF API: test ended suite=0 test=74 pass=false
Sep 23 03:14:07.217 INF API: test started suite=0 test=75 name="interop/before/tail-receipt (nethermind_development)"
Sep 23 03:14:07.244 INF API: test ended suite=0 test=75 pass=false
Sep 23 03:14:07.305 INF API: test started suite=0 test=76 name="interop/after/block-tail (nethermind_development)"
Sep 23 03:14:07.307 INF API: test ended suite=0 test=76 pass=false
Sep 23 03:14:07.308 INF API: test started suite=0 test=77 name="interop/after/filter-tail (nethermind_development)"
Sep 23 03:14:07.317 INF API: test ended suite=0 test=77 pass=false
Sep 23 03:14:07.318 INF API: test started suite=0 test=78 name="interop/after/head (nethermind_development)"
Sep 23 03:14:07.320 INF API: test ended suite=0 test=78 pass=false
Sep 23 03:14:07.320 INF API: test started suite=0 test=79 name="interop/after/height (nethermind_development)"
Sep 23 03:14:07.321 INF API: test ended suite=0 test=79 pass=false
Sep 23 03:14:07.322 INF API: test started suite=0 test=80 name="interop/after/tail-receipt (nethermind_development)"
Sep 23 03:14:07.323 INF API: test ended suite=0 test=80 pass=false
Sep 23 03:14:07.326 INF API: test started suite=0 test=81 name="interop/restored/block-tail (nethermind_development)"
Sep 23 03:14:07.330 INF API: test ended suite=0 test=81 pass=false
Sep 23 03:14:07.331 INF API: test started suite=0 test=82 name="interop/restored/filter-tail (nethermind_development)"
Sep 23 03:14:07.355 INF API: test ended suite=0 test=82 pass=false
Sep 23 03:14:07.356 INF API: test started suite=0 test=83 name="interop/restored/head (nethermind_development)"
Sep 23 03:14:07.358 INF API: test ended suite=0 test=83 pass=false
Sep 23 03:14:07.359 INF API: test started suite=0 test=84 name="interop/restored/height (nethermind_development)"
Sep 23 03:14:07.360 INF API: test ended suite=0 test=84 pass=false
Sep 23 03:14:07.361 INF API: test started suite=0 test=85 name="interop/restored/tail-receipt (nethermind_development)"
Sep 23 03:14:07.362 INF API: test ended suite=0 test=85 pass=false
Sep 23 03:14:07.691 INF API: test ended suite=0 test=67 pass=true
Sep 23 03:14:07.693 INF API: test started suite=0 test=86 name="client launch (nethermind_release)"
Sep 23 03:14:15.153 INF API: client nethermind_release started suite=0 test=86 container=671842ba
Sep 23 03:14:15.250 INF API: test started suite=0 test=87 name="interop/_control/head (nethermind_release)"
Sep 23 03:14:15.358 INF API: test ended suite=0 test=87 pass=false
Sep 23 03:14:15.359 INF API: test started suite=0 test=88 name="interop/_control/latest (nethermind_release)"
Sep 23 03:14:15.372 INF API: test ended suite=0 test=88 pass=false
Sep 23 03:14:15.373 INF API: test started suite=0 test=89 name="interop/_control/version (nethermind_release)"
Sep 23 03:14:15.376 INF API: test ended suite=0 test=89 pass=false
Sep 23 03:14:15.377 INF API: test started suite=0 test=90 name="interop/before/block-tail (nethermind_release)"
Sep 23 03:14:15.464 INF API: test ended suite=0 test=90 pass=false
Sep 23 03:14:15.465 INF API: test started suite=0 test=91 name="interop/before/filter-tail (nethermind_release)"
Sep 23 03:14:15.500 INF API: test ended suite=0 test=91 pass=false
Sep 23 03:14:15.501 INF API: test started suite=0 test=92 name="interop/before/head (nethermind_release)"
Sep 23 03:14:15.513 INF API: test ended suite=0 test=92 pass=false
Sep 23 03:14:15.514 INF API: test started suite=0 test=93 name="interop/before/height (nethermind_release)"
Sep 23 03:14:15.519 INF API: test ended suite=0 test=93 pass=false
Sep 23 03:14:15.520 INF API: test started suite=0 test=94 name="interop/before/tail-receipt (nethermind_release)"
Sep 23 03:14:15.542 INF API: test ended suite=0 test=94 pass=false
Sep 23 03:14:15.600 INF API: test started suite=0 test=95 name="interop/after/block-tail (nethermind_release)"
Sep 23 03:14:15.603 INF API: test ended suite=0 test=95 pass=false
Sep 23 03:14:15.604 INF API: test started suite=0 test=96 name="interop/after/filter-tail (nethermind_release)"
Sep 23 03:14:15.612 INF API: test ended suite=0 test=96 pass=false
Sep 23 03:14:15.614 INF API: test started suite=0 test=97 name="interop/after/head (nethermind_release)"
Sep 23 03:14:15.615 INF API: test ended suite=0 test=97 pass=false
Sep 23 03:14:15.616 INF API: test started suite=0 test=98 name="interop/after/height (nethermind_release)"
Sep 23 03:14:15.617 INF API: test ended suite=0 test=98 pass=false
Sep 23 03:14:15.618 INF API: test started suite=0 test=99 name="interop/after/tail-receipt (nethermind_release)"
Sep 23 03:14:15.619 INF API: test ended suite=0 test=99 pass=false
Sep 23 03:14:15.623 INF API: test started suite=0 test=100 name="interop/restored/block-tail (nethermind_release)"
Sep 23 03:14:15.626 INF API: test ended suite=0 test=100 pass=false
Sep 23 03:14:15.627 INF API: test started suite=0 test=101 name="interop/restored/filter-tail (nethermind_release)"
Sep 23 03:14:15.643 INF API: test ended suite=0 test=101 pass=false
Sep 23 03:14:15.644 INF API: test started suite=0 test=102 name="interop/restored/head (nethermind_release)"
Sep 23 03:14:15.646 INF API: test ended suite=0 test=102 pass=false
Sep 23 03:14:15.647 INF API: test started suite=0 test=103 name="interop/restored/height (nethermind_release)"
Sep 23 03:14:15.648 INF API: test ended suite=0 test=103 pass=false
Sep 23 03:14:15.649 INF API: test started suite=0 test=104 name="interop/restored/tail-receipt (nethermind_release)"
Sep 23 03:14:15.650 INF API: test ended suite=0 test=104 pass=false
Sep 23 03:14:15.951 INF API: test ended suite=0 test=86 pass=true
Sep 23 03:14:15.952 INF API: test started suite=0 test=105 name="client launch (reth_development)"
Sep 23 03:14:18.099 INF API: client reth_development started suite=0 test=105 container=4b1fbefb
Sep 23 03:14:18.111 INF API: test started suite=0 test=106 name="interop/_control/head (reth_development)"
Sep 23 03:14:18.114 INF API: test ended suite=0 test=106 pass=false
Sep 23 03:14:18.115 INF API: test started suite=0 test=107 name="interop/_control/latest (reth_development)"
Sep 23 03:14:18.117 INF API: test ended suite=0 test=107 pass=false
Sep 23 03:14:18.117 INF API: test started suite=0 test=108 name="interop/_control/version (reth_development)"
Sep 23 03:14:18.118 INF API: test ended suite=0 test=108 pass=false
Sep 23 03:14:18.119 INF API: test started suite=0 test=109 name="interop/before/block-tail (reth_development)"
Sep 23 03:14:18.123 INF API: test ended suite=0 test=109 pass=false
Sep 23 03:14:18.123 INF API: test started suite=0 test=110 name="interop/before/filter-tail (reth_development)"
Sep 23 03:14:18.129 INF API: test ended suite=0 test=110 pass=false
Sep 23 03:14:18.129 INF API: test started suite=0 test=111 name="interop/before/head (reth_development)"
Sep 23 03:14:18.131 INF API: test ended suite=0 test=111 pass=false
Sep 23 03:14:18.131 INF API: test started suite=0 test=112 name="interop/before/height (reth_development)"
Sep 23 03:14:18.132 INF API: test ended suite=0 test=112 pass=false
Sep 23 03:14:18.133 INF API: test started suite=0 test=113 name="interop/before/tail-receipt (reth_development)"
Sep 23 03:14:18.138 INF API: test ended suite=0 test=113 pass=false
Sep 23 03:14:18.212 INF API: test started suite=0 test=114 name="interop/after/block-tail (reth_development)"
Sep 23 03:14:18.213 INF API: test ended suite=0 test=114 pass=false
Sep 23 03:14:18.214 INF API: test started suite=0 test=115 name="interop/after/filter-tail (reth_development)"
Sep 23 03:14:18.215 INF API: test ended suite=0 test=115 pass=false
Sep 23 03:14:18.215 INF API: test started suite=0 test=116 name="interop/after/head (reth_development)"
Sep 23 03:14:18.220 INF API: test ended suite=0 test=116 pass=false
Sep 23 03:14:18.221 INF API: test started suite=0 test=117 name="interop/after/height (reth_development)"
Sep 23 03:14:18.222 INF API: test ended suite=0 test=117 pass=false
Sep 23 03:14:18.222 INF API: test started suite=0 test=118 name="interop/after/tail-receipt (reth_development)"
Sep 23 03:14:18.225 INF API: test ended suite=0 test=118 pass=false
Sep 23 03:14:48.552 INF API: test ended suite=0 test=105 pass=false
Sep 23 03:14:48.553 INF API: test started suite=0 test=119 name="client launch (reth_release)"
Sep 23 03:14:50.895 INF API: client reth_release started suite=0 test=119 container=1f7a19eb
Sep 23 03:14:50.910 INF API: test started suite=0 test=120 name="interop/_control/head (reth_release)"
Sep 23 03:14:50.913 INF API: test ended suite=0 test=120 pass=false
Sep 23 03:14:50.914 INF API: test started suite=0 test=121 name="interop/_control/latest (reth_release)"
Sep 23 03:14:50.916 INF API: test ended suite=0 test=121 pass=false
Sep 23 03:14:50.917 INF API: test started suite=0 test=122 name="interop/_control/version (reth_release)"
Sep 23 03:14:50.918 INF API: test ended suite=0 test=122 pass=false
Sep 23 03:14:50.919 INF API: test started suite=0 test=123 name="interop/before/block-tail (reth_release)"
Sep 23 03:14:50.921 INF API: test ended suite=0 test=123 pass=false
Sep 23 03:14:50.922 INF API: test started suite=0 test=124 name="interop/before/filter-tail (reth_release)"
Sep 23 03:14:50.930 INF API: test ended suite=0 test=124 pass=false
Sep 23 03:14:50.930 INF API: test started suite=0 test=125 name="interop/before/head (reth_release)"
Sep 23 03:14:50.932 INF API: test ended suite=0 test=125 pass=false
Sep 23 03:14:50.933 INF API: test started suite=0 test=126 name="interop/before/height (reth_release)"
Sep 23 03:14:50.934 INF API: test ended suite=0 test=126 pass=false
Sep 23 03:14:50.934 INF API: test started suite=0 test=127 name="interop/before/tail-receipt (reth_release)"
Sep 23 03:14:50.936 INF API: test ended suite=0 test=127 pass=false
Sep 23 03:14:50.996 INF API: test started suite=0 test=128 name="interop/after/block-tail (reth_release)"
Sep 23 03:14:50.997 INF API: test ended suite=0 test=128 pass=false
Sep 23 03:14:50.998 INF API: test started suite=0 test=129 name="interop/after/filter-tail (reth_release)"
Sep 23 03:14:51.002 INF API: test ended suite=0 test=129 pass=false
Sep 23 03:14:51.003 INF API: test started suite=0 test=130 name="interop/after/head (reth_release)"
Sep 23 03:14:51.004 INF API: test ended suite=0 test=130 pass=false
Sep 23 03:14:51.005 INF API: test started suite=0 test=131 name="interop/after/height (reth_release)"
Sep 23 03:14:51.007 INF API: test ended suite=0 test=131 pass=false
Sep 23 03:14:51.008 INF API: test started suite=0 test=132 name="interop/after/tail-receipt (reth_release)"
Sep 23 03:14:51.009 INF API: test ended suite=0 test=132 pass=false
Sep 23 03:15:21.296 INF API: test ended suite=0 test=119 pass=false
Sep 23 03:15:21.305 INF API: suite ended suite=0
Sep 23 03:15:21.722 INF simulation ethereum/rpc-compat finished suites=1 tests=132 failed=127
127 tests failed
