Sep 23 01:27:01.280 INF building image image=hive/hiveproxy nocache=false pull=false
Sep 23 01:27:01.347 INF building 1 clients...
Sep 23 01:27:01.347 INF building image image=hive/clients/go-ethereum_trace:latest dir=clients/go-ethereum nocache=false pull=false baseimage=trace-interop/go-ethereum tag=0f2c4e64ecec547a21e80058275d6c7072918c37947fdf36fe1893ba47abec2e
Sep 23 01:27:01.507 INF building 1 simulators...
Sep 23 01:27:01.507 INF building image image=hive/simulators/ethereum/rpc-compat:latest dir=simulators/ethereum/rpc-compat nocache=false pull=false
Sep 23 01:27:01.593 INF creating output directory folder=/home/banteg/h03runs/h03-modes-geth-a/hive
Sep 23 01:27:01.600 INF running simulation: ethereum/rpc-compat
Sep 23 01:27:01.904 INF hiveproxy started container=ae2492467c95 addr=172.17.0.2:8081
Sep 23 01:27:02.213 INF API: suite started suite=0 name=rpc-compat
Sep 23 01:27:02.214 INF API: test started suite=0 test=1 name="client launch (go-ethereum_trace)"
Sep 23 01:27:04.068 INF API: client go-ethereum_trace started suite=0 test=1 container=4eb30950
Sep 23 01:27:04.085 INF API: test started suite=0 test=2 name="interop/_control/head (go-ethereum_trace)"
Sep 23 01:27:04.088 INF API: test ended suite=0 test=2 pass=false
Sep 23 01:27:04.088 INF API: test started suite=0 test=3 name="interop/_control/version (go-ethereum_trace)"
Sep 23 01:27:04.090 INF API: test ended suite=0 test=3 pass=false
Sep 23 01:27:04.090 INF API: test started suite=0 test=4 name="interop/block-2 (go-ethereum_trace)"
Sep 23 01:27:04.095 INF API: test ended suite=0 test=4 pass=false
Sep 23 01:27:04.095 INF API: test started suite=0 test=5 name="interop/block-3 (go-ethereum_trace)"
Sep 23 01:27:04.099 INF API: test ended suite=0 test=5 pass=false
Sep 23 01:27:04.099 INF API: test started suite=0 test=6 name="interop/filter-both-null (go-ethereum_trace)"
Sep 23 01:27:04.108 INF API: test ended suite=0 test=6 pass=false
Sep 23 01:27:04.108 INF API: test started suite=0 test=7 name="interop/filter-both-unknown-mode (go-ethereum_trace)"
Sep 23 01:27:04.118 INF API: test ended suite=0 test=7 pass=false
Sep 23 01:27:04.119 INF API: test started suite=0 test=8 name="interop/filter-from-null (go-ethereum_trace)"
Sep 23 01:27:04.129 INF API: test ended suite=0 test=8 pass=false
Sep 23 01:27:04.130 INF API: test started suite=0 test=9 name="interop/filter-from-only-intersection (go-ethereum_trace)"
Sep 23 01:27:04.140 INF API: test ended suite=0 test=9 pass=false
Sep 23 01:27:04.141 INF API: test started suite=0 test=10 name="interop/filter-from-only-union (go-ethereum_trace)"
Sep 23 01:27:04.154 INF API: test ended suite=0 test=10 pass=false
Sep 23 01:27:04.155 INF API: test started suite=0 test=11 name="interop/filter-to-null (go-ethereum_trace)"
Sep 23 01:27:04.164 INF API: test ended suite=0 test=11 pass=false
Sep 23 01:27:04.165 INF API: test started suite=0 test=12 name="interop/filter-to-only-intersection (go-ethereum_trace)"
Sep 23 01:27:04.178 INF API: test ended suite=0 test=12 pass=false
Sep 23 01:27:04.179 INF API: test started suite=0 test=13 name="interop/filter-to-only-union (go-ethereum_trace)"
Sep 23 01:27:04.189 INF API: test ended suite=0 test=13 pass=false
Sep 23 01:27:04.189 INF API: test started suite=0 test=14 name="interop/transaction-tree (go-ethereum_trace)"
Sep 23 01:27:04.192 INF API: test ended suite=0 test=14 pass=false
Sep 23 01:27:04.444 INF API: test ended suite=0 test=1 pass=true
Sep 23 01:27:04.453 INF API: suite ended suite=0
Sep 23 01:27:04.853 INF simulation ethereum/rpc-compat finished suites=1 tests=14 failed=13
13 tests failed
