/home/banteg/.nuget/packages/microsoft.build.tasks.git/10.0.401/build/Microsoft.Build.Tasks.Git.targets(25,5): warning : Unable to locate repository with working directory that contains directory '/home/banteg/dev/trace-client-fixes/review-neth-empty/src/Nethermind/Nethermind.Kademlia'. [/home/banteg/dev/trace-client-fixes/review-neth-empty/src/Nethermind/Nethermind.Kademlia/Nethermind.Kademlia.csproj]
/home/banteg/.nuget/packages/microsoft.sourcelink.common/10.0.401/build/Microsoft.SourceLink.Common.targets(56,5): warning : Source control information is not available - the generated source link is empty. [/home/banteg/dev/trace-client-fixes/review-neth-empty/src/Nethermind/Nethermind.Kademlia/Nethermind.Kademlia.csproj]
Running tests from /home/banteg/dev/trace-client-fixes/review-neth-empty/src/Nethermind/artifacts/bin/Nethermind.JsonRpc.Test/release/Nethermind.JsonRpc.Test.dll (net10.0|x64)
/home/banteg/dev/trace-client-fixes/review-neth-empty/src/Nethermind/artifacts/bin/Nethermind.JsonRpc.Test/release/Nethermind.JsonRpc.Test.dll (net10.0|x64) passed (18s 993ms)

Test run summary: Passed!
  total: 86
  failed: 0
  succeeded: 86
  skipped: 0
  duration: 19s 239ms
/home/banteg/.nuget/packages/microsoft.build.tasks.git/10.0.401/build/Microsoft.Build.Tasks.Git.targets(25,5): warning : Unable to locate repository with working directory that contains directory '/home/banteg/dev/trace-client-fixes/review-neth-empty/src/Nethermind/Nethermind.Kademlia'. [/home/banteg/dev/trace-client-fixes/review-neth-empty/src/Nethermind/Nethermind.Kademlia/Nethermind.Kademlia.csproj]
/home/banteg/.nuget/packages/microsoft.sourcelink.common/10.0.401/build/Microsoft.SourceLink.Common.targets(56,5): warning : Source control information is not available - the generated source link is empty. [/home/banteg/dev/trace-client-fixes/review-neth-empty/src/Nethermind/Nethermind.Kademlia/Nethermind.Kademlia.csproj]
Running tests from /home/banteg/dev/trace-client-fixes/review-neth-empty/src/Nethermind/artifacts/bin/Nethermind.JsonRpc.TraceStore.Test/release/Nethermind.JsonRpc.TraceStore.Test.dll (net10.0|x64)
/home/banteg/dev/trace-client-fixes/review-neth-empty/src/Nethermind/artifacts/bin/Nethermind.JsonRpc.TraceStore.Test/release/Nethermind.JsonRpc.TraceStore.Test.dll (net10.0|x64) passed (1s 879ms)

Test run summary: Passed!
  total: 29
  failed: 0
  succeeded: 29
  skipped: 0
  duration: 2s 569ms
