/home/banteg/.nuget/packages/microsoft.build.tasks.git/10.0.401/build/Microsoft.Build.Tasks.Git.targets(25,5): warning : Unable to locate repository with working directory that contains directory '/home/banteg/dev/trace-client-fixes/review-neth-output/src/Nethermind/Nethermind.Kademlia'. [/home/banteg/dev/trace-client-fixes/review-neth-output/src/Nethermind/Nethermind.Kademlia/Nethermind.Kademlia.csproj]
/home/banteg/.nuget/packages/microsoft.sourcelink.common/10.0.401/build/Microsoft.SourceLink.Common.targets(56,5): warning : Source control information is not available - the generated source link is empty. [/home/banteg/dev/trace-client-fixes/review-neth-output/src/Nethermind/Nethermind.Kademlia/Nethermind.Kademlia.csproj]
Running tests from /home/banteg/dev/trace-client-fixes/review-neth-output/src/Nethermind/artifacts/bin/Nethermind.Evm.Test/release/Nethermind.Evm.Test.dll (net10.0|x64)
/home/banteg/dev/trace-client-fixes/review-neth-output/src/Nethermind/artifacts/bin/Nethermind.Evm.Test/release/Nethermind.Evm.Test.dll (net10.0|x64) passed (4s 972ms)

Test run summary: Passed!
  total: 86
  failed: 0
  succeeded: 86
  skipped: 0
  duration: 5s 565ms
/home/banteg/.nuget/packages/microsoft.build.tasks.git/10.0.401/build/Microsoft.Build.Tasks.Git.targets(25,5): warning : Unable to locate repository with working directory that contains directory '/home/banteg/dev/trace-client-fixes/review-neth-output/src/Nethermind/Nethermind.Kademlia'. [/home/banteg/dev/trace-client-fixes/review-neth-output/src/Nethermind/Nethermind.Kademlia/Nethermind.Kademlia.csproj]
/home/banteg/.nuget/packages/microsoft.sourcelink.common/10.0.401/build/Microsoft.SourceLink.Common.targets(56,5): warning : Source control information is not available - the generated source link is empty. [/home/banteg/dev/trace-client-fixes/review-neth-output/src/Nethermind/Nethermind.Kademlia/Nethermind.Kademlia.csproj]
Running tests from /home/banteg/dev/trace-client-fixes/review-neth-output/src/Nethermind/artifacts/bin/Nethermind.JsonRpc.TraceStore.Test/release/Nethermind.JsonRpc.TraceStore.Test.dll (net10.0|x64)
/home/banteg/dev/trace-client-fixes/review-neth-output/src/Nethermind/artifacts/bin/Nethermind.JsonRpc.TraceStore.Test/release/Nethermind.JsonRpc.TraceStore.Test.dll (net10.0|x64) passed (2s 268ms)

Test run summary: Passed!
  total: 25
  failed: 0
  succeeded: 25
  skipped: 0
  duration: 2s 539ms
