/home/banteg/.nuget/packages/microsoft.build.tasks.git/10.0.401/build/Microsoft.Build.Tasks.Git.targets(25,5): warning : Unable to locate repository with working directory that contains directory '/home/banteg/dev/trace-client-fixes/review-neth-stream/src/Nethermind/Nethermind.Kademlia'. [/home/banteg/dev/trace-client-fixes/review-neth-stream/src/Nethermind/Nethermind.Kademlia/Nethermind.Kademlia.csproj]
/home/banteg/.nuget/packages/microsoft.sourcelink.common/10.0.401/build/Microsoft.SourceLink.Common.targets(56,5): warning : Source control information is not available - the generated source link is empty. [/home/banteg/dev/trace-client-fixes/review-neth-stream/src/Nethermind/Nethermind.Kademlia/Nethermind.Kademlia.csproj]
Running tests from /home/banteg/dev/trace-client-fixes/review-neth-stream/src/Nethermind/artifacts/bin/Nethermind.JsonRpc.Test/release/Nethermind.JsonRpc.Test.dll (net10.0|x64)
/home/banteg/dev/trace-client-fixes/review-neth-stream/src/Nethermind/artifacts/bin/Nethermind.JsonRpc.Test/release/Nethermind.JsonRpc.Test.dll (net10.0|x64) passed (5s 315ms)

Test run summary: Passed!
  total: 379
  failed: 0
  succeeded: 379
  skipped: 0
  duration: 5s 558ms
/home/banteg/.nuget/packages/microsoft.build.tasks.git/10.0.401/build/Microsoft.Build.Tasks.Git.targets(25,5): warning : Unable to locate repository with working directory that contains directory '/home/banteg/dev/trace-client-fixes/review-neth-stream/src/Nethermind/Nethermind.Kademlia'. [/home/banteg/dev/trace-client-fixes/review-neth-stream/src/Nethermind/Nethermind.Kademlia/Nethermind.Kademlia.csproj]
/home/banteg/.nuget/packages/microsoft.sourcelink.common/10.0.401/build/Microsoft.SourceLink.Common.targets(56,5): warning : Source control information is not available - the generated source link is empty. [/home/banteg/dev/trace-client-fixes/review-neth-stream/src/Nethermind/Nethermind.Kademlia/Nethermind.Kademlia.csproj]
/home/banteg/dev/trace-client-fixes/dotnet/sdk/10.0.300/Sdks/Microsoft.Build.Tasks.Git/build/Microsoft.Build.Tasks.Git.targets(25,5): warning : Unable to locate repository with working directory that contains directory '/home/banteg/dev/trace-client-fixes/review-neth-stream/src/Nethermind/Nethermind.Runner'. [/home/banteg/dev/trace-client-fixes/review-neth-stream/src/Nethermind/Nethermind.Runner/Nethermind.Runner.csproj]
Running tests from /home/banteg/dev/trace-client-fixes/review-neth-stream/src/Nethermind/artifacts/bin/Nethermind.Runner.Test/release/Nethermind.Runner.Test.dll (net10.0|x64)
/home/banteg/dev/trace-client-fixes/review-neth-stream/src/Nethermind/artifacts/bin/Nethermind.Runner.Test/release/Nethermind.Runner.Test.dll (net10.0|x64) passed (2s 330ms)

Test run summary: Passed!
  total: 104
  failed: 0
  succeeded: 104
  skipped: 0
  duration: 2s 583ms
