Sep 23 17:16:51.748 INF building image image=hive/hiveproxy nocache=false pull=false
Sep 23 17:16:51.830 INF building 1 clients...
Sep 23 17:16:51.830 INF building image image=hive/clients/go-ethereum_trace:latest dir=clients/go-ethereum nocache=false pull=false baseimage=trace-interop/go-ethereum tag=351f4131517b32d6a34d884f30dd5d6db83e1c008297f920e87b02b269f9874e
Sep 23 17:16:56.311 INF building 1 simulators...
Sep 23 17:16:56.311 INF building image image=hive/simulators/ethereum/rpc-compat:latest dir=simulators/ethereum/rpc-compat nocache=false pull=false
Sep 23 17:16:56.361 INF creating output directory folder=/home/banteg/dev/trace-geth-contract-evidence/geth-contract-initial/hive
Sep 23 17:16:56.370 INF running simulation: ethereum/rpc-compat
Sep 23 17:16:56.591 INF hiveproxy started container=175b1275fa05 addr=172.17.0.2:8081
Sep 23 17:16:56.801 INF API: suite started suite=0 name=rpc-compat
Sep 23 17:16:56.803 INF API: test started suite=0 test=1 name="client launch (go-ethereum_trace)"
Sep 23 17:16:57.473 INF API: client go-ethereum_trace started suite=0 test=1 container=2f38a986
Sep 23 17:16:57.487 INF API: test started suite=0 test=2 name="interop/_control/head (go-ethereum_trace)"
Sep 23 17:16:57.492 INF API: test ended suite=0 test=2 pass=false
Sep 23 17:16:57.493 INF API: test started suite=0 test=3 name="interop/_control/latest (go-ethereum_trace)"
Sep 23 17:16:57.498 INF API: test ended suite=0 test=3 pass=false
Sep 23 17:16:57.500 INF API: test started suite=0 test=4 name="interop/_control/version (go-ethereum_trace)"
Sep 23 17:16:57.502 INF API: test ended suite=0 test=4 pass=false
Sep 23 17:16:57.503 INF API: test started suite=0 test=5 name="interop/block-transfer (go-ethereum_trace)"
Sep 23 17:16:57.509 INF API: test ended suite=0 test=5 pass=false
Sep 23 17:16:57.510 INF API: test started suite=0 test=6 name="interop/block-tree (go-ethereum_trace)"
Sep 23 17:16:57.516 INF API: test ended suite=0 test=6 pass=false
Sep 23 17:16:57.517 INF API: test started suite=0 test=7 name="interop/call-constructor-priced (go-ethereum_trace)"
Sep 23 17:16:57.522 INF API: test ended suite=0 test=7 pass=false
Sep 23 17:16:57.523 INF API: test started suite=0 test=8 name="interop/call-constructor (go-ethereum_trace)"
Sep 23 17:16:57.527 INF API: test ended suite=0 test=8 pass=false
Sep 23 17:16:57.528 INF API: test started suite=0 test=9 name="interop/call-empty-types-priced (go-ethereum_trace)"
Sep 23 17:16:57.533 INF API: test ended suite=0 test=9 pass=false
Sep 23 17:16:57.534 INF API: test started suite=0 test=10 name="interop/call-empty-types (go-ethereum_trace)"
Sep 23 17:16:57.537 INF API: test ended suite=0 test=10 pass=false
Sep 23 17:16:57.537 INF API: test started suite=0 test=11 name="interop/call-identity (go-ethereum_trace)"
Sep 23 17:16:57.541 INF API: test ended suite=0 test=11 pass=false
Sep 23 17:16:57.542 INF API: test started suite=0 test=12 name="interop/call-many-priced (go-ethereum_trace)"
Sep 23 17:16:57.546 INF API: test ended suite=0 test=12 pass=false
Sep 23 17:16:57.546 INF API: test started suite=0 test=13 name="interop/call-many-transfers (go-ethereum_trace)"
Sep 23 17:16:57.550 INF API: test ended suite=0 test=13 pass=false
Sep 23 17:16:57.551 INF API: test started suite=0 test=14 name="interop/call-many (go-ethereum_trace)"
Sep 23 17:16:57.554 INF API: test ended suite=0 test=14 pass=false
Sep 23 17:16:57.555 INF API: test started suite=0 test=15 name="interop/call-transfer-stateDiff (go-ethereum_trace)"
Sep 23 17:16:57.557 INF API: test ended suite=0 test=15 pass=false
Sep 23 17:16:57.558 INF API: test started suite=0 test=16 name="interop/call-transfer-trace (go-ethereum_trace)"
Sep 23 17:16:57.561 INF API: test ended suite=0 test=16 pass=false
Sep 23 17:16:57.562 INF API: test started suite=0 test=17 name="interop/call-transfer-vmTrace (go-ethereum_trace)"
Sep 23 17:16:57.567 INF API: test ended suite=0 test=17 pass=false
Sep 23 17:16:57.568 INF API: test started suite=0 test=18 name="interop/call-tree-stateDiff-priced (go-ethereum_trace)"
Sep 23 17:16:57.573 INF API: test ended suite=0 test=18 pass=false
Sep 23 17:16:57.574 INF API: test started suite=0 test=19 name="interop/call-tree-stateDiff (go-ethereum_trace)"
Sep 23 17:16:57.577 INF API: test ended suite=0 test=19 pass=false
Sep 23 17:16:57.578 INF API: test started suite=0 test=20 name="interop/call-tree-trace-priced (go-ethereum_trace)"
Sep 23 17:16:57.582 INF API: test ended suite=0 test=20 pass=false
Sep 23 17:16:57.583 INF API: test started suite=0 test=21 name="interop/call-tree-trace (go-ethereum_trace)"
Sep 23 17:16:57.587 INF API: test ended suite=0 test=21 pass=false
Sep 23 17:16:57.588 INF API: test started suite=0 test=22 name="interop/call-tree-vmTrace-priced (go-ethereum_trace)"
Sep 23 17:16:57.598 INF API: test ended suite=0 test=22 pass=false
Sep 23 17:16:57.599 INF API: test started suite=0 test=23 name="interop/call-tree-vmTrace (go-ethereum_trace)"
Sep 23 17:16:57.610 INF API: test ended suite=0 test=23 pass=false
Sep 23 17:16:57.611 INF API: test started suite=0 test=24 name="interop/control-chain-id (go-ethereum_trace)"
Sep 23 17:16:57.614 INF API: test ended suite=0 test=24 pass=false
Sep 23 17:16:57.615 INF API: test started suite=0 test=25 name="interop/control-head (go-ethereum_trace)"
Sep 23 17:16:57.618 INF API: test ended suite=0 test=25 pass=false
Sep 23 17:16:57.619 INF API: test started suite=0 test=26 name="interop/control-height (go-ethereum_trace)"
Sep 23 17:16:57.622 INF API: test ended suite=0 test=26 pass=false
Sep 23 17:16:57.623 INF API: test started suite=0 test=27 name="interop/control-sender-nonce (go-ethereum_trace)"
Sep 23 17:16:57.625 INF API: test ended suite=0 test=27 pass=false
Sep 23 17:16:57.626 INF API: test started suite=0 test=28 name="interop/control-tree-receipt (go-ethereum_trace)"
Sep 23 17:16:57.629 INF API: test ended suite=0 test=28 pass=false
Sep 23 17:16:57.630 INF API: test started suite=0 test=29 name="interop/control-version (go-ethereum_trace)"
Sep 23 17:16:57.632 INF API: test ended suite=0 test=29 pass=false
Sep 23 17:16:57.633 INF API: test started suite=0 test=30 name="interop/filter-all (go-ethereum_trace)"
Sep 23 17:16:57.638 INF API: test ended suite=0 test=30 pass=false
Sep 23 17:16:57.638 INF API: test started suite=0 test=31 name="interop/filter-both (go-ethereum_trace)"
Sep 23 17:16:57.642 INF API: test ended suite=0 test=31 pass=false
Sep 23 17:16:57.643 INF API: test started suite=0 test=32 name="interop/filter-empty (go-ethereum_trace)"
Sep 23 17:16:57.647 INF API: test ended suite=0 test=32 pass=false
Sep 23 17:16:57.648 INF API: test started suite=0 test=33 name="interop/filter-from (go-ethereum_trace)"
Sep 23 17:16:57.654 INF API: test ended suite=0 test=33 pass=false
Sep 23 17:16:57.655 INF API: test started suite=0 test=34 name="interop/filter-intersection (go-ethereum_trace)"
Sep 23 17:16:57.658 INF API: test ended suite=0 test=34 pass=false
Sep 23 17:16:57.659 INF API: test started suite=0 test=35 name="interop/filter-page (go-ethereum_trace)"
Sep 23 17:16:57.663 INF API: test ended suite=0 test=35 pass=false
Sep 23 17:16:57.664 INF API: test started suite=0 test=36 name="interop/filter-to (go-ethereum_trace)"
Sep 23 17:16:57.669 INF API: test ended suite=0 test=36 pass=false
Sep 23 17:16:57.670 INF API: test started suite=0 test=37 name="interop/filter-transfer (go-ethereum_trace)"
Sep 23 17:16:57.674 INF API: test ended suite=0 test=37 pass=false
Sep 23 17:16:57.675 INF API: test started suite=0 test=38 name="interop/filter-union (go-ethereum_trace)"
Sep 23 17:16:57.679 INF API: test ended suite=0 test=38 pass=false
Sep 23 17:16:57.679 INF API: test started suite=0 test=39 name="interop/filter-zero (go-ethereum_trace)"
Sep 23 17:16:57.682 INF API: test ended suite=0 test=39 pass=false
Sep 23 17:16:57.684 INF API: test started suite=0 test=40 name="interop/get-missing-tx (go-ethereum_trace)"
Sep 23 17:16:57.686 INF API: test ended suite=0 test=40 pass=false
Sep 23 17:16:57.687 INF API: test started suite=0 test=41 name="interop/get-missing (go-ethereum_trace)"
Sep 23 17:16:57.690 INF API: test ended suite=0 test=41 pass=false
Sep 23 17:16:57.691 INF API: test started suite=0 test=42 name="interop/get-nested (go-ethereum_trace)"
Sep 23 17:16:57.694 INF API: test ended suite=0 test=42 pass=false
Sep 23 17:16:57.695 INF API: test started suite=0 test=43 name="interop/get-one (go-ethereum_trace)"
Sep 23 17:16:57.698 INF API: test ended suite=0 test=43 pass=false
Sep 23 17:16:57.698 INF API: test started suite=0 test=44 name="interop/get-root (go-ethereum_trace)"
Sep 23 17:16:57.701 INF API: test ended suite=0 test=44 pass=false
Sep 23 17:16:57.702 INF API: test started suite=0 test=45 name="interop/get-transfer-root (go-ethereum_trace)"
Sep 23 17:16:57.705 INF API: test ended suite=0 test=45 pass=false
Sep 23 17:16:57.706 INF API: test started suite=0 test=46 name="interop/get-zero (go-ethereum_trace)"
Sep 23 17:16:57.709 INF API: test ended suite=0 test=46 pass=false
Sep 23 17:16:57.710 INF API: test started suite=0 test=47 name="interop/raw-invalid (go-ethereum_trace)"
Sep 23 17:16:57.712 INF API: test ended suite=0 test=47 pass=false
Sep 23 17:16:57.713 INF API: test started suite=0 test=48 name="interop/raw-valid-current-nonce (go-ethereum_trace)"
Sep 23 17:16:57.716 INF API: test ended suite=0 test=48 pass=false
Sep 23 17:16:57.717 INF API: test started suite=0 test=49 name="interop/raw-valid-default-block (go-ethereum_trace)"
Sep 23 17:16:57.718 INF API: test ended suite=0 test=49 pass=false
Sep 23 17:16:57.719 INF API: test started suite=0 test=50 name="interop/raw-valid (go-ethereum_trace)"
Sep 23 17:16:57.721 INF API: test ended suite=0 test=50 pass=false
Sep 23 17:16:57.721 INF API: test started suite=0 test=51 name="interop/replay-7702-stateDiff (go-ethereum_trace)"
Sep 23 17:16:57.725 INF API: test ended suite=0 test=51 pass=false
Sep 23 17:16:57.725 INF API: test started suite=0 test=52 name="interop/replay-7702-trace (go-ethereum_trace)"
Sep 23 17:16:57.729 INF API: test ended suite=0 test=52 pass=false
Sep 23 17:16:57.729 INF API: test started suite=0 test=53 name="interop/replay-7702-vmTrace (go-ethereum_trace)"
Sep 23 17:16:57.732 INF API: test ended suite=0 test=53 pass=false
Sep 23 17:16:57.733 INF API: test started suite=0 test=54 name="interop/replay-block-transfer (go-ethereum_trace)"
Sep 23 17:16:57.736 INF API: test ended suite=0 test=54 pass=false
Sep 23 17:16:57.737 INF API: test started suite=0 test=55 name="interop/replay-block-tree (go-ethereum_trace)"
Sep 23 17:16:57.744 INF API: test ended suite=0 test=55 pass=false
Sep 23 17:16:57.745 INF API: test started suite=0 test=56 name="interop/replay-missing (go-ethereum_trace)"
Sep 23 17:16:57.748 INF API: test ended suite=0 test=56 pass=false
Sep 23 17:16:57.748 INF API: test started suite=0 test=57 name="interop/replay-revert-stateDiff (go-ethereum_trace)"
Sep 23 17:16:57.751 INF API: test ended suite=0 test=57 pass=false
Sep 23 17:16:57.752 INF API: test started suite=0 test=58 name="interop/replay-revert-trace (go-ethereum_trace)"
Sep 23 17:16:57.755 INF API: test ended suite=0 test=58 pass=false
Sep 23 17:16:57.756 INF API: test started suite=0 test=59 name="interop/replay-revert-vmTrace (go-ethereum_trace)"
Sep 23 17:16:57.759 INF API: test ended suite=0 test=59 pass=false
Sep 23 17:16:57.760 INF API: test started suite=0 test=60 name="interop/replay-transfer-stateDiff (go-ethereum_trace)"
Sep 23 17:16:57.763 INF API: test ended suite=0 test=60 pass=false
Sep 23 17:16:57.763 INF API: test started suite=0 test=61 name="interop/replay-transfer-trace (go-ethereum_trace)"
Sep 23 17:16:57.766 INF API: test ended suite=0 test=61 pass=false
Sep 23 17:16:57.768 INF API: test started suite=0 test=62 name="interop/replay-transfer-vmTrace (go-ethereum_trace)"
Sep 23 17:16:57.771 INF API: test ended suite=0 test=62 pass=false
Sep 23 17:16:57.772 INF API: test started suite=0 test=63 name="interop/replay-tree-stateDiff (go-ethereum_trace)"
Sep 23 17:16:57.775 INF API: test ended suite=0 test=63 pass=false
Sep 23 17:16:57.776 INF API: test started suite=0 test=64 name="interop/replay-tree-trace (go-ethereum_trace)"
Sep 23 17:16:57.779 INF API: test ended suite=0 test=64 pass=false
Sep 23 17:16:57.780 INF API: test started suite=0 test=65 name="interop/replay-tree-vmTrace (go-ethereum_trace)"
Sep 23 17:16:57.790 INF API: test ended suite=0 test=65 pass=false
Sep 23 17:16:57.791 INF API: test started suite=0 test=66 name="interop/transaction-7702 (go-ethereum_trace)"
Sep 23 17:16:57.795 INF API: test ended suite=0 test=66 pass=false
Sep 23 17:16:57.795 INF API: test started suite=0 test=67 name="interop/transaction-missing (go-ethereum_trace)"
Sep 23 17:16:57.798 INF API: test ended suite=0 test=67 pass=false
Sep 23 17:16:57.798 INF API: test started suite=0 test=68 name="interop/transaction-revert (go-ethereum_trace)"
Sep 23 17:16:57.801 INF API: test ended suite=0 test=68 pass=false
Sep 23 17:16:57.802 INF API: test started suite=0 test=69 name="interop/transaction-transfer (go-ethereum_trace)"
Sep 23 17:16:57.804 INF API: test ended suite=0 test=69 pass=false
Sep 23 17:16:57.805 INF API: test started suite=0 test=70 name="interop/transaction-tree (go-ethereum_trace)"
Sep 23 17:16:57.808 INF API: test ended suite=0 test=70 pass=false
Sep 23 17:16:58.080 INF API: test ended suite=0 test=1 pass=true
Sep 23 17:16:58.089 INF API: suite ended suite=0
Sep 23 17:16:58.337 INF simulation ethereum/rpc-compat finished suites=1 tests=70 failed=69
69 tests failed
