Sep 21 22:19:17.877 INF building image image=hive/hiveproxy nocache=false pull=false
Sep 21 22:19:17.903 INF building 1 clients...
Sep 21 22:19:17.903 INF building image image=hive/clients/go-ethereum_trace:latest dir=clients/go-ethereum nocache=false pull=false baseimage=trace-interop/go-ethereum tag=0f2c4e64ecec547a21e80058275d6c7072918c37947fdf36fe1893ba47abec2e
Sep 21 22:19:17.941 INF building 1 simulators...
Sep 21 22:19:17.941 INF building image image=hive/simulators/ethereum/rpc-compat:latest dir=simulators/ethereum/rpc-compat nocache=false pull=false
Sep 21 22:19:17.965 INF creating output directory folder=/home/banteg/dev/trace-interop/runs/geth-e29edff-reorg-safe/hive
Sep 21 22:19:17.975 INF running simulation: ethereum/rpc-compat
Sep 21 22:19:18.125 INF hiveproxy started container=d1a27644e73e addr=172.17.0.2:8081
Sep 21 22:19:18.291 INF API: suite started suite=0 name=rpc-compat
Sep 21 22:19:18.292 INF API: test started suite=0 test=1 name="client launch (go-ethereum_trace)"
Sep 21 22:19:18.941 INF API: client go-ethereum_trace started suite=0 test=1 container=670989da
Sep 21 22:19:18.944 INF API: test started suite=0 test=2 name="interop/_control/head (go-ethereum_trace)"
Sep 21 22:19:18.947 INF API: test ended suite=0 test=2 pass=false
Sep 21 22:19:18.948 INF API: test started suite=0 test=3 name="interop/_control/version (go-ethereum_trace)"
Sep 21 22:19:18.949 INF API: test ended suite=0 test=3 pass=false
Sep 21 22:19:18.952 INF API: test started suite=0 test=4 name="interop/before/block-tail (go-ethereum_trace)"
Sep 21 22:19:18.958 INF API: test ended suite=0 test=4 pass=false
Sep 21 22:19:18.959 INF API: test started suite=0 test=5 name="interop/before/filter-tail (go-ethereum_trace)"
Sep 21 22:19:18.974 INF API: test ended suite=0 test=5 pass=false
Sep 21 22:19:18.976 INF API: test started suite=0 test=6 name="interop/before/head (go-ethereum_trace)"
Sep 21 22:19:18.978 INF API: test ended suite=0 test=6 pass=false
Sep 21 22:19:18.979 INF API: test started suite=0 test=7 name="interop/before/height (go-ethereum_trace)"
Sep 21 22:19:18.981 INF API: test ended suite=0 test=7 pass=false
Sep 21 22:19:18.982 INF API: test started suite=0 test=8 name="interop/before/tail-receipt (go-ethereum_trace)"
Sep 21 22:19:18.985 INF API: test ended suite=0 test=8 pass=false
Sep 21 22:19:19.003 INF API: test started suite=0 test=9 name="interop/after/block-tail (go-ethereum_trace)"
Sep 21 22:19:19.004 INF API: test ended suite=0 test=9 pass=false
Sep 21 22:19:19.005 INF API: test started suite=0 test=10 name="interop/after/filter-tail (go-ethereum_trace)"
Sep 21 22:19:19.006 INF API: test ended suite=0 test=10 pass=false
Sep 21 22:19:19.007 INF API: test started suite=0 test=11 name="interop/after/head (go-ethereum_trace)"
Sep 21 22:19:19.008 INF API: test ended suite=0 test=11 pass=false
Sep 21 22:19:19.009 INF API: test started suite=0 test=12 name="interop/after/height (go-ethereum_trace)"
Sep 21 22:19:19.010 INF API: test ended suite=0 test=12 pass=false
Sep 21 22:19:19.011 INF API: test started suite=0 test=13 name="interop/after/tail-receipt (go-ethereum_trace)"
Sep 21 22:19:19.013 INF API: test ended suite=0 test=13 pass=false
Sep 21 22:19:19.018 INF API: test started suite=0 test=14 name="interop/restored/block-tail (go-ethereum_trace)"
Sep 21 22:19:19.020 INF API: test ended suite=0 test=14 pass=false
Sep 21 22:19:19.021 INF API: test started suite=0 test=15 name="interop/restored/filter-tail (go-ethereum_trace)"
Sep 21 22:19:19.027 INF API: test ended suite=0 test=15 pass=false
Sep 21 22:19:19.028 INF API: test started suite=0 test=16 name="interop/restored/head (go-ethereum_trace)"
Sep 21 22:19:19.031 INF API: test ended suite=0 test=16 pass=false
Sep 21 22:19:19.032 INF API: test started suite=0 test=17 name="interop/restored/height (go-ethereum_trace)"
Sep 21 22:19:19.035 INF API: test ended suite=0 test=17 pass=false
Sep 21 22:19:19.036 INF API: test started suite=0 test=18 name="interop/restored/tail-receipt (go-ethereum_trace)"
Sep 21 22:19:19.040 INF API: test ended suite=0 test=18 pass=false
Sep 21 22:19:19.174 INF API: test ended suite=0 test=1 pass=true
Sep 21 22:19:19.183 INF API: suite ended suite=0
Sep 21 22:19:19.416 INF simulation ethereum/rpc-compat finished suites=1 tests=18 failed=17
17 tests failed
