Sep 21 22:09:35.528 INF building image image=hive/hiveproxy nocache=false pull=false
Sep 21 22:09:35.548 INF building 1 clients...
Sep 21 22:09:35.548 INF building image image=hive/clients/go-ethereum_trace:latest dir=clients/go-ethereum nocache=false pull=false baseimage=trace-interop/go-ethereum tag=31bf99402b9e84afafaea75566c16f6a186de688899ad518588cbe867e3d0b72
Sep 21 22:09:35.576 INF building 1 simulators...
Sep 21 22:09:35.576 INF building image image=hive/simulators/ethereum/rpc-compat:latest dir=simulators/ethereum/rpc-compat nocache=false pull=false
Sep 21 22:09:35.598 INF creating output directory folder=/home/banteg/dev/trace-interop/runs/geth-final-forks/hive
Sep 21 22:09:35.604 INF running simulation: ethereum/rpc-compat
Sep 21 22:09:35.753 INF hiveproxy started container=96e2a16dbc8f addr=172.17.0.2:8081
Sep 21 22:09:35.910 INF API: suite started suite=0 name=rpc-compat
Sep 21 22:09:35.911 INF API: test started suite=0 test=1 name="client launch (go-ethereum_trace)"
Sep 21 22:09:36.679 INF API: client go-ethereum_trace started suite=0 test=1 container=7d1d2040
Sep 21 22:09:36.686 INF API: test started suite=0 test=2 name="interop/_control/head (go-ethereum_trace)"
Sep 21 22:09:36.690 INF API: test ended suite=0 test=2 pass=false
Sep 21 22:09:36.691 INF API: test started suite=0 test=3 name="interop/_control/version (go-ethereum_trace)"
Sep 21 22:09:36.693 INF API: test ended suite=0 test=3 pass=false
Sep 21 22:09:36.694 INF API: test started suite=0 test=4 name="interop/block-35 (go-ethereum_trace)"
Sep 21 22:09:36.698 INF API: test ended suite=0 test=4 pass=false
Sep 21 22:09:36.699 INF API: test started suite=0 test=5 name="interop/block-36 (go-ethereum_trace)"
Sep 21 22:09:36.706 INF API: test ended suite=0 test=5 pass=false
Sep 21 22:09:36.707 INF API: test started suite=0 test=6 name="interop/block-47 (go-ethereum_trace)"
Sep 21 22:09:36.711 INF API: test ended suite=0 test=6 pass=false
Sep 21 22:09:36.712 INF API: test started suite=0 test=7 name="interop/block-48 (go-ethereum_trace)"
Sep 21 22:09:36.716 INF API: test ended suite=0 test=7 pass=false
Sep 21 22:09:36.717 INF API: test started suite=0 test=8 name="interop/block-51 (go-ethereum_trace)"
Sep 21 22:09:36.722 INF API: test ended suite=0 test=8 pass=false
Sep 21 22:09:36.723 INF API: test started suite=0 test=9 name="interop/block-52 (go-ethereum_trace)"
Sep 21 22:09:36.727 INF API: test ended suite=0 test=9 pass=false
Sep 21 22:09:36.728 INF API: test started suite=0 test=10 name="interop/block-55 (go-ethereum_trace)"
Sep 21 22:09:36.732 INF API: test ended suite=0 test=10 pass=false
Sep 21 22:09:36.733 INF API: test started suite=0 test=11 name="interop/block-56 (go-ethereum_trace)"
Sep 21 22:09:36.736 INF API: test ended suite=0 test=11 pass=false
Sep 21 22:09:36.737 INF API: test started suite=0 test=12 name="interop/block-59 (go-ethereum_trace)"
Sep 21 22:09:36.740 INF API: test ended suite=0 test=12 pass=false
Sep 21 22:09:36.741 INF API: test started suite=0 test=13 name="interop/block-60 (go-ethereum_trace)"
Sep 21 22:09:36.746 INF API: test ended suite=0 test=13 pass=false
Sep 21 22:09:36.746 INF API: test started suite=0 test=14 name="interop/control-head (go-ethereum_trace)"
Sep 21 22:09:36.749 INF API: test ended suite=0 test=14 pass=false
Sep 21 22:09:36.750 INF API: test started suite=0 test=15 name="interop/control-height (go-ethereum_trace)"
Sep 21 22:09:36.753 INF API: test ended suite=0 test=15 pass=false
Sep 21 22:09:36.754 INF API: test started suite=0 test=16 name="interop/control-version (go-ethereum_trace)"
Sep 21 22:09:36.756 INF API: test ended suite=0 test=16 pass=false
Sep 21 22:09:36.757 INF API: test started suite=0 test=17 name="interop/destroy-prestate-55 (go-ethereum_trace)"
Sep 21 22:09:36.760 INF API: test ended suite=0 test=17 pass=false
Sep 21 22:09:36.761 INF API: test started suite=0 test=18 name="interop/destroy-prestate-56 (go-ethereum_trace)"
Sep 21 22:09:36.765 INF API: test ended suite=0 test=18 pass=false
Sep 21 22:09:36.766 INF API: test started suite=0 test=19 name="interop/destroy-trace-55 (go-ethereum_trace)"
Sep 21 22:09:36.769 INF API: test ended suite=0 test=19 pass=false
Sep 21 22:09:36.770 INF API: test started suite=0 test=20 name="interop/destroy-trace-56 (go-ethereum_trace)"
Sep 21 22:09:36.772 INF API: test ended suite=0 test=20 pass=false
Sep 21 22:09:36.773 INF API: test started suite=0 test=21 name="interop/filter-35 (go-ethereum_trace)"
Sep 21 22:09:36.776 INF API: test ended suite=0 test=21 pass=false
Sep 21 22:09:36.776 INF API: test started suite=0 test=22 name="interop/filter-36 (go-ethereum_trace)"
Sep 21 22:09:36.779 INF API: test ended suite=0 test=22 pass=false
Sep 21 22:09:36.780 INF API: test started suite=0 test=23 name="interop/filter-47 (go-ethereum_trace)"
Sep 21 22:09:36.782 INF API: test ended suite=0 test=23 pass=false
Sep 21 22:09:36.783 INF API: test started suite=0 test=24 name="interop/filter-48 (go-ethereum_trace)"
Sep 21 22:09:36.786 INF API: test ended suite=0 test=24 pass=false
Sep 21 22:09:36.787 INF API: test started suite=0 test=25 name="interop/filter-51 (go-ethereum_trace)"
Sep 21 22:09:36.790 INF API: test ended suite=0 test=25 pass=false
Sep 21 22:09:36.791 INF API: test started suite=0 test=26 name="interop/filter-52 (go-ethereum_trace)"
Sep 21 22:09:36.794 INF API: test ended suite=0 test=26 pass=false
Sep 21 22:09:36.794 INF API: test started suite=0 test=27 name="interop/filter-55 (go-ethereum_trace)"
Sep 21 22:09:36.797 INF API: test ended suite=0 test=27 pass=false
Sep 21 22:09:36.798 INF API: test started suite=0 test=28 name="interop/filter-56 (go-ethereum_trace)"
Sep 21 22:09:36.803 INF API: test ended suite=0 test=28 pass=false
Sep 21 22:09:36.804 INF API: test started suite=0 test=29 name="interop/filter-59 (go-ethereum_trace)"
Sep 21 22:09:36.806 INF API: test ended suite=0 test=29 pass=false
Sep 21 22:09:36.807 INF API: test started suite=0 test=30 name="interop/filter-60 (go-ethereum_trace)"
Sep 21 22:09:36.810 INF API: test ended suite=0 test=30 pass=false
Sep 21 22:09:36.811 INF API: test started suite=0 test=31 name="interop/filter-across-36 (go-ethereum_trace)"
Sep 21 22:09:36.815 INF API: test ended suite=0 test=31 pass=false
Sep 21 22:09:36.815 INF API: test started suite=0 test=32 name="interop/filter-across-48 (go-ethereum_trace)"
Sep 21 22:09:36.819 INF API: test ended suite=0 test=32 pass=false
Sep 21 22:09:36.820 INF API: test started suite=0 test=33 name="interop/filter-across-52 (go-ethereum_trace)"
Sep 21 22:09:36.824 INF API: test ended suite=0 test=33 pass=false
Sep 21 22:09:36.825 INF API: test started suite=0 test=34 name="interop/filter-across-56 (go-ethereum_trace)"
Sep 21 22:09:36.828 INF API: test ended suite=0 test=34 pass=false
Sep 21 22:09:36.829 INF API: test started suite=0 test=35 name="interop/filter-across-60 (go-ethereum_trace)"
Sep 21 22:09:36.833 INF API: test ended suite=0 test=35 pass=false
Sep 21 22:09:36.833 INF API: test started suite=0 test=36 name="interop/header-35 (go-ethereum_trace)"
Sep 21 22:09:36.836 INF API: test ended suite=0 test=36 pass=false
Sep 21 22:09:36.837 INF API: test started suite=0 test=37 name="interop/header-36 (go-ethereum_trace)"
Sep 21 22:09:36.840 INF API: test ended suite=0 test=37 pass=false
Sep 21 22:09:36.840 INF API: test started suite=0 test=38 name="interop/header-47 (go-ethereum_trace)"
Sep 21 22:09:36.843 INF API: test ended suite=0 test=38 pass=false
Sep 21 22:09:36.844 INF API: test started suite=0 test=39 name="interop/header-48 (go-ethereum_trace)"
Sep 21 22:09:36.846 INF API: test ended suite=0 test=39 pass=false
Sep 21 22:09:36.847 INF API: test started suite=0 test=40 name="interop/header-51 (go-ethereum_trace)"
Sep 21 22:09:36.850 INF API: test ended suite=0 test=40 pass=false
Sep 21 22:09:36.850 INF API: test started suite=0 test=41 name="interop/header-52 (go-ethereum_trace)"
Sep 21 22:09:36.853 INF API: test ended suite=0 test=41 pass=false
Sep 21 22:09:36.854 INF API: test started suite=0 test=42 name="interop/header-55 (go-ethereum_trace)"
Sep 21 22:09:36.857 INF API: test ended suite=0 test=42 pass=false
Sep 21 22:09:36.857 INF API: test started suite=0 test=43 name="interop/header-56 (go-ethereum_trace)"
Sep 21 22:09:36.860 INF API: test ended suite=0 test=43 pass=false
Sep 21 22:09:36.861 INF API: test started suite=0 test=44 name="interop/header-59 (go-ethereum_trace)"
Sep 21 22:09:36.863 INF API: test ended suite=0 test=44 pass=false
Sep 21 22:09:36.864 INF API: test started suite=0 test=45 name="interop/header-60 (go-ethereum_trace)"
Sep 21 22:09:36.866 INF API: test ended suite=0 test=45 pass=false
Sep 21 22:09:36.867 INF API: test started suite=0 test=46 name="interop/mcopy-prestate-55 (go-ethereum_trace)"
Sep 21 22:09:36.870 INF API: test ended suite=0 test=46 pass=false
Sep 21 22:09:36.871 INF API: test started suite=0 test=47 name="interop/mcopy-prestate-56 (go-ethereum_trace)"
Sep 21 22:09:36.873 INF API: test ended suite=0 test=47 pass=false
Sep 21 22:09:36.874 INF API: test started suite=0 test=48 name="interop/mcopy-trace-55 (go-ethereum_trace)"
Sep 21 22:09:36.876 INF API: test ended suite=0 test=48 pass=false
Sep 21 22:09:36.877 INF API: test started suite=0 test=49 name="interop/mcopy-trace-56 (go-ethereum_trace)"
Sep 21 22:09:36.880 INF API: test ended suite=0 test=49 pass=false
Sep 21 22:09:36.881 INF API: test started suite=0 test=50 name="interop/replay-35 (go-ethereum_trace)"
Sep 21 22:09:36.883 INF API: test ended suite=0 test=50 pass=false
Sep 21 22:09:36.884 INF API: test started suite=0 test=51 name="interop/replay-36 (go-ethereum_trace)"
Sep 21 22:09:36.887 INF API: test ended suite=0 test=51 pass=false
Sep 21 22:09:36.888 INF API: test started suite=0 test=52 name="interop/replay-47 (go-ethereum_trace)"
Sep 21 22:09:36.891 INF API: test ended suite=0 test=52 pass=false
Sep 21 22:09:36.891 INF API: test started suite=0 test=53 name="interop/replay-48 (go-ethereum_trace)"
Sep 21 22:09:36.895 INF API: test ended suite=0 test=53 pass=false
Sep 21 22:09:36.896 INF API: test started suite=0 test=54 name="interop/replay-51 (go-ethereum_trace)"
Sep 21 22:09:36.900 INF API: test ended suite=0 test=54 pass=false
Sep 21 22:09:36.901 INF API: test started suite=0 test=55 name="interop/replay-52 (go-ethereum_trace)"
Sep 21 22:09:36.904 INF API: test ended suite=0 test=55 pass=false
Sep 21 22:09:36.904 INF API: test started suite=0 test=56 name="interop/replay-55 (go-ethereum_trace)"
Sep 21 22:09:36.907 INF API: test ended suite=0 test=56 pass=false
Sep 21 22:09:36.908 INF API: test started suite=0 test=57 name="interop/replay-56 (go-ethereum_trace)"
Sep 21 22:09:36.912 INF API: test ended suite=0 test=57 pass=false
Sep 21 22:09:36.912 INF API: test started suite=0 test=58 name="interop/replay-59 (go-ethereum_trace)"
Sep 21 22:09:36.915 INF API: test ended suite=0 test=58 pass=false
Sep 21 22:09:36.916 INF API: test started suite=0 test=59 name="interop/replay-60 (go-ethereum_trace)"
Sep 21 22:09:36.920 INF API: test ended suite=0 test=59 pass=false
Sep 21 22:09:36.921 INF API: test started suite=0 test=60 name="interop/system-beacon-55-560 (go-ethereum_trace)"
Sep 21 22:09:36.924 INF API: test ended suite=0 test=60 pass=false
Sep 21 22:09:36.925 INF API: test started suite=0 test=61 name="interop/system-beacon-55-8751 (go-ethereum_trace)"
Sep 21 22:09:36.927 INF API: test ended suite=0 test=61 pass=false
Sep 21 22:09:36.928 INF API: test started suite=0 test=62 name="interop/system-beacon-56-560 (go-ethereum_trace)"
Sep 21 22:09:36.930 INF API: test ended suite=0 test=62 pass=false
Sep 21 22:09:36.931 INF API: test started suite=0 test=63 name="interop/system-beacon-56-8751 (go-ethereum_trace)"
Sep 21 22:09:36.933 INF API: test ended suite=0 test=63 pass=false
Sep 21 22:09:36.934 INF API: test started suite=0 test=64 name="interop/system-beacon-57-560 (go-ethereum_trace)"
Sep 21 22:09:36.936 INF API: test ended suite=0 test=64 pass=false
Sep 21 22:09:36.937 INF API: test started suite=0 test=65 name="interop/system-beacon-57-8751 (go-ethereum_trace)"
Sep 21 22:09:36.939 INF API: test ended suite=0 test=65 pass=false
Sep 21 22:09:37.058 INF API: test ended suite=0 test=1 pass=true
Sep 21 22:09:37.066 INF API: suite ended suite=0
Sep 21 22:09:37.294 INF simulation ethereum/rpc-compat finished suites=1 tests=65 failed=64
64 tests failed
