Sep 23 03:08:18.635 INF building image image=hive/hiveproxy nocache=false pull=false
Sep 23 03:08:18.737 INF building 8 clients...
Sep 23 03:08:18.737 INF building image image=hive/clients/besu_development:latest dir=clients/besu nocache=false pull=false baseimage=trace-interop/besu tag=a85249905183f65c98c9e8c282955e40487c4ff8af8db8b8e306d58292231744
Sep 23 03:08:18.886 INF building image image=hive/clients/besu_release:latest dir=clients/besu nocache=false pull=false baseimage=trace-interop/besu tag=f3713c713ca4f9e89c09e1478d2a85116ba9ce8343129d709420ba2af009598b
Sep 23 03:08:19.022 INF building image image=hive/clients/erigon_development:latest dir=clients/erigon nocache=false pull=false baseimage=trace-interop/erigon tag=8269576669f1b4a55572ee7d1a7e4489244cd57bb545293391d1ebd5e0fac002
Sep 23 03:08:19.174 INF building image image=hive/clients/erigon_release:latest dir=clients/erigon nocache=false pull=false baseimage=trace-interop/erigon tag=8668d9c5adc01ad1d12aa25380e384079080bdde7e0ce93f11bed422d82ca0ac
Sep 23 03:09:16.799 INF building image image=hive/clients/nethermind_development:latest dir=clients/nethermind nocache=false pull=false baseimage=trace-interop/nethermind tag=e68f6cd253c312443b306b7e1e61381a38fd174dd16fe7e9bc55487245718182
Sep 23 03:09:16.941 INF building image image=hive/clients/nethermind_release:latest dir=clients/nethermind nocache=false pull=false baseimage=trace-interop/nethermind tag=a5098d75bfa8d4da1992ba8404b357fde6d53241315396e26b88e16e5f67bb59
Sep 23 03:09:17.087 INF building image image=hive/clients/reth_development:latest dir=clients/reth nocache=false pull=false baseimage=trace-interop/reth tag=1d6a97ef686d7c6099c5426c77334ca5891ce5d362fe5f3049ac2ea0df76de86
Sep 23 03:09:17.206 INF building image image=hive/clients/reth_release:latest dir=clients/reth nocache=false pull=false baseimage=trace-interop/reth tag=e939dc4a471d9d27224e430f607a954d692ca5037a1350ee2036397d14532ca7
Sep 23 03:09:17.330 INF building 1 simulators...
Sep 23 03:09:17.330 INF building image image=hive/simulators/ethereum/rpc-compat:latest dir=simulators/ethereum/rpc-compat nocache=false pull=false
Sep 23 03:09:17.811 INF creating output directory folder=/home/banteg/dev/trace-harness-audit/evidence/2026-09-23/harness-audit-native-precompile-values/hive
Sep 23 03:09:17.820 INF running simulation: ethereum/rpc-compat
Sep 23 03:09:18.142 INF hiveproxy started container=d1f019bd4521 addr=172.17.0.2:8081
Sep 23 03:09:18.449 INF API: suite started suite=0 name=rpc-compat
Sep 23 03:09:18.450 INF API: test started suite=0 test=1 name="client launch (besu_development)"
Sep 23 03:09:28.198 INF API: client besu_development started suite=0 test=1 container=d5868eea
Sep 23 03:09:28.449 INF API: test started suite=0 test=2 name="interop/_control/create-nonce (besu_development)"
Sep 23 03:09:28.466 INF API: test ended suite=0 test=2 pass=false
Sep 23 03:09:28.467 INF API: test started suite=0 test=3 name="interop/_control/head (besu_development)"
Sep 23 03:09:28.483 INF API: test ended suite=0 test=3 pass=false
Sep 23 03:09:28.484 INF API: test started suite=0 test=4 name="interop/_control/latest (besu_development)"
Sep 23 03:09:28.503 INF API: test ended suite=0 test=4 pass=false
Sep 23 03:09:28.505 INF API: test started suite=0 test=5 name="interop/_control/target-balance (besu_development)"
Sep 23 03:09:28.520 INF API: test ended suite=0 test=5 pass=false
Sep 23 03:09:28.522 INF API: test started suite=0 test=6 name="interop/_control/target-code (besu_development)"
Sep 23 03:09:28.534 INF API: test ended suite=0 test=6 pass=false
Sep 23 03:09:28.535 INF API: test started suite=0 test=7 name="interop/_control/target-nonce (besu_development)"
Sep 23 03:09:28.547 INF API: test ended suite=0 test=7 pass=false
Sep 23 03:09:28.548 INF API: test started suite=0 test=8 name="interop/_control/version (besu_development)"
Sep 23 03:09:28.565 INF API: test ended suite=0 test=8 pass=false
Sep 23 03:09:28.567 INF API: test started suite=0 test=9 name="interop/nested-call-outer0-value1-failed (besu_development)"
Sep 23 03:09:28.677 INF API: test ended suite=0 test=9 pass=false
Sep 23 03:09:28.678 INF API: test started suite=0 test=10 name="interop/nested-call-outer0-value1-success (besu_development)"
Sep 23 03:09:28.708 INF API: test ended suite=0 test=10 pass=false
Sep 23 03:09:28.709 INF API: test started suite=0 test=11 name="interop/nested-call-outer1-value0-failed (besu_development)"
Sep 23 03:09:28.733 INF API: test ended suite=0 test=11 pass=false
Sep 23 03:09:28.734 INF API: test started suite=0 test=12 name="interop/nested-call-outer1-value0-success (besu_development)"
Sep 23 03:09:28.754 INF API: test ended suite=0 test=12 pass=false
Sep 23 03:09:28.755 INF API: test started suite=0 test=13 name="interop/nested-callcode-outer0-value1-failed (besu_development)"
Sep 23 03:09:28.776 INF API: test ended suite=0 test=13 pass=false
Sep 23 03:09:28.777 INF API: test started suite=0 test=14 name="interop/nested-callcode-outer0-value1-success (besu_development)"
Sep 23 03:09:28.797 INF API: test ended suite=0 test=14 pass=false
Sep 23 03:09:28.797 INF API: test started suite=0 test=15 name="interop/nested-callcode-outer1-value0-failed (besu_development)"
Sep 23 03:09:28.818 INF API: test ended suite=0 test=15 pass=false
Sep 23 03:09:28.819 INF API: test started suite=0 test=16 name="interop/nested-callcode-outer1-value0-success (besu_development)"
Sep 23 03:09:28.837 INF API: test ended suite=0 test=16 pass=false
Sep 23 03:09:29.143 INF API: test ended suite=0 test=1 pass=true
Sep 23 03:09:29.144 INF API: test started suite=0 test=17 name="client launch (besu_release)"
Sep 23 03:09:37.912 INF API: client besu_release started suite=0 test=17 container=3c4e3053
Sep 23 03:09:38.161 INF API: test started suite=0 test=18 name="interop/_control/create-nonce (besu_release)"
Sep 23 03:09:38.177 INF API: test ended suite=0 test=18 pass=false
Sep 23 03:09:38.178 INF API: test started suite=0 test=19 name="interop/_control/head (besu_release)"
Sep 23 03:09:38.196 INF API: test ended suite=0 test=19 pass=false
Sep 23 03:09:38.198 INF API: test started suite=0 test=20 name="interop/_control/latest (besu_release)"
Sep 23 03:09:38.206 INF API: test ended suite=0 test=20 pass=false
Sep 23 03:09:38.208 INF API: test started suite=0 test=21 name="interop/_control/target-balance (besu_release)"
Sep 23 03:09:38.215 INF API: test ended suite=0 test=21 pass=false
Sep 23 03:09:38.216 INF API: test started suite=0 test=22 name="interop/_control/target-code (besu_release)"
Sep 23 03:09:38.223 INF API: test ended suite=0 test=22 pass=false
Sep 23 03:09:38.224 INF API: test started suite=0 test=23 name="interop/_control/target-nonce (besu_release)"
Sep 23 03:09:38.230 INF API: test ended suite=0 test=23 pass=false
Sep 23 03:09:38.231 INF API: test started suite=0 test=24 name="interop/_control/version (besu_release)"
Sep 23 03:09:38.235 INF API: test ended suite=0 test=24 pass=false
Sep 23 03:09:38.236 INF API: test started suite=0 test=25 name="interop/nested-call-outer0-value1-failed (besu_release)"
Sep 23 03:09:38.326 INF API: test ended suite=0 test=25 pass=false
Sep 23 03:09:38.328 INF API: test started suite=0 test=26 name="interop/nested-call-outer0-value1-success (besu_release)"
Sep 23 03:09:38.355 INF API: test ended suite=0 test=26 pass=false
Sep 23 03:09:38.356 INF API: test started suite=0 test=27 name="interop/nested-call-outer1-value0-failed (besu_release)"
Sep 23 03:09:38.381 INF API: test ended suite=0 test=27 pass=false
Sep 23 03:09:38.382 INF API: test started suite=0 test=28 name="interop/nested-call-outer1-value0-success (besu_release)"
Sep 23 03:09:38.405 INF API: test ended suite=0 test=28 pass=false
Sep 23 03:09:38.406 INF API: test started suite=0 test=29 name="interop/nested-callcode-outer0-value1-failed (besu_release)"
Sep 23 03:09:38.428 INF API: test ended suite=0 test=29 pass=false
Sep 23 03:09:38.429 INF API: test started suite=0 test=30 name="interop/nested-callcode-outer0-value1-success (besu_release)"
Sep 23 03:09:38.450 INF API: test ended suite=0 test=30 pass=false
Sep 23 03:09:38.451 INF API: test started suite=0 test=31 name="interop/nested-callcode-outer1-value0-failed (besu_release)"
Sep 23 03:09:38.464 INF API: test ended suite=0 test=31 pass=false
Sep 23 03:09:38.465 INF API: test started suite=0 test=32 name="interop/nested-callcode-outer1-value0-success (besu_release)"
Sep 23 03:09:38.473 INF API: test ended suite=0 test=32 pass=false
Sep 23 03:09:38.795 INF API: test ended suite=0 test=17 pass=true
Sep 23 03:09:38.796 INF API: test started suite=0 test=33 name="client launch (erigon_development)"
Sep 23 03:09:40.673 INF API: client erigon_development started suite=0 test=33 container=a085bb00
Sep 23 03:09:40.688 INF API: test started suite=0 test=34 name="interop/_control/create-nonce (erigon_development)"
Sep 23 03:09:40.690 INF API: test ended suite=0 test=34 pass=false
Sep 23 03:09:40.691 INF API: test started suite=0 test=35 name="interop/_control/head (erigon_development)"
Sep 23 03:09:40.693 INF API: test ended suite=0 test=35 pass=false
Sep 23 03:09:40.694 INF API: test started suite=0 test=36 name="interop/_control/latest (erigon_development)"
Sep 23 03:09:40.696 INF API: test ended suite=0 test=36 pass=false
Sep 23 03:09:40.697 INF API: test started suite=0 test=37 name="interop/_control/target-balance (erigon_development)"
Sep 23 03:09:40.698 INF API: test ended suite=0 test=37 pass=false
Sep 23 03:09:40.699 INF API: test started suite=0 test=38 name="interop/_control/target-code (erigon_development)"
Sep 23 03:09:40.699 INF API: test ended suite=0 test=38 pass=false
Sep 23 03:09:40.702 INF API: test started suite=0 test=39 name="interop/_control/target-nonce (erigon_development)"
Sep 23 03:09:40.704 INF API: test ended suite=0 test=39 pass=false
Sep 23 03:09:40.705 INF API: test started suite=0 test=40 name="interop/_control/version (erigon_development)"
Sep 23 03:09:40.706 INF API: test ended suite=0 test=40 pass=false
Sep 23 03:09:40.707 INF API: test started suite=0 test=41 name="interop/nested-call-outer0-value1-failed (erigon_development)"
Sep 23 03:09:40.710 INF API: test ended suite=0 test=41 pass=false
Sep 23 03:09:40.710 INF API: test started suite=0 test=42 name="interop/nested-call-outer0-value1-success (erigon_development)"
Sep 23 03:09:40.712 INF API: test ended suite=0 test=42 pass=false
Sep 23 03:09:40.713 INF API: test started suite=0 test=43 name="interop/nested-call-outer1-value0-failed (erigon_development)"
Sep 23 03:09:40.715 INF API: test ended suite=0 test=43 pass=false
Sep 23 03:09:40.716 INF API: test started suite=0 test=44 name="interop/nested-call-outer1-value0-success (erigon_development)"
Sep 23 03:09:40.718 INF API: test ended suite=0 test=44 pass=false
Sep 23 03:09:40.719 INF API: test started suite=0 test=45 name="interop/nested-callcode-outer0-value1-failed (erigon_development)"
Sep 23 03:09:40.721 INF API: test ended suite=0 test=45 pass=false
Sep 23 03:09:40.722 INF API: test started suite=0 test=46 name="interop/nested-callcode-outer0-value1-success (erigon_development)"
Sep 23 03:09:40.724 INF API: test ended suite=0 test=46 pass=false
Sep 23 03:09:40.725 INF API: test started suite=0 test=47 name="interop/nested-callcode-outer1-value0-failed (erigon_development)"
Sep 23 03:09:40.727 INF API: test ended suite=0 test=47 pass=false
Sep 23 03:09:40.728 INF API: test started suite=0 test=48 name="interop/nested-callcode-outer1-value0-success (erigon_development)"
Sep 23 03:09:40.731 INF API: test ended suite=0 test=48 pass=false
Sep 23 03:09:41.033 INF API: test ended suite=0 test=33 pass=true
Sep 23 03:09:41.034 INF API: test started suite=0 test=49 name="client launch (erigon_release)"
Sep 23 03:09:42.672 INF API: client erigon_release started suite=0 test=49 container=c591dc04
Sep 23 03:09:42.684 INF API: test started suite=0 test=50 name="interop/_control/create-nonce (erigon_release)"
Sep 23 03:09:42.685 INF API: test ended suite=0 test=50 pass=false
Sep 23 03:09:42.686 INF API: test started suite=0 test=51 name="interop/_control/head (erigon_release)"
Sep 23 03:09:42.687 INF API: test ended suite=0 test=51 pass=false
Sep 23 03:09:42.688 INF API: test started suite=0 test=52 name="interop/_control/latest (erigon_release)"
Sep 23 03:09:42.690 INF API: test ended suite=0 test=52 pass=false
Sep 23 03:09:42.690 INF API: test started suite=0 test=53 name="interop/_control/target-balance (erigon_release)"
Sep 23 03:09:42.691 INF API: test ended suite=0 test=53 pass=false
Sep 23 03:09:42.692 INF API: test started suite=0 test=54 name="interop/_control/target-code (erigon_release)"
Sep 23 03:09:42.693 INF API: test ended suite=0 test=54 pass=false
Sep 23 03:09:42.694 INF API: test started suite=0 test=55 name="interop/_control/target-nonce (erigon_release)"
Sep 23 03:09:42.695 INF API: test ended suite=0 test=55 pass=false
Sep 23 03:09:42.696 INF API: test started suite=0 test=56 name="interop/_control/version (erigon_release)"
Sep 23 03:09:42.696 INF API: test ended suite=0 test=56 pass=false
Sep 23 03:09:42.697 INF API: test started suite=0 test=57 name="interop/nested-call-outer0-value1-failed (erigon_release)"
Sep 23 03:09:42.699 INF API: test ended suite=0 test=57 pass=false
Sep 23 03:09:42.700 INF API: test started suite=0 test=58 name="interop/nested-call-outer0-value1-success (erigon_release)"
Sep 23 03:09:42.702 INF API: test ended suite=0 test=58 pass=false
Sep 23 03:09:42.702 INF API: test started suite=0 test=59 name="interop/nested-call-outer1-value0-failed (erigon_release)"
Sep 23 03:09:42.705 INF API: test ended suite=0 test=59 pass=false
Sep 23 03:09:42.706 INF API: test started suite=0 test=60 name="interop/nested-call-outer1-value0-success (erigon_release)"
Sep 23 03:09:42.707 INF API: test ended suite=0 test=60 pass=false
Sep 23 03:09:42.708 INF API: test started suite=0 test=61 name="interop/nested-callcode-outer0-value1-failed (erigon_release)"
Sep 23 03:09:42.710 INF API: test ended suite=0 test=61 pass=false
Sep 23 03:09:42.711 INF API: test started suite=0 test=62 name="interop/nested-callcode-outer0-value1-success (erigon_release)"
Sep 23 03:09:42.713 INF API: test ended suite=0 test=62 pass=false
Sep 23 03:09:42.714 INF API: test started suite=0 test=63 name="interop/nested-callcode-outer1-value0-failed (erigon_release)"
Sep 23 03:09:42.716 INF API: test ended suite=0 test=63 pass=false
Sep 23 03:09:42.717 INF API: test started suite=0 test=64 name="interop/nested-callcode-outer1-value0-success (erigon_release)"
Sep 23 03:09:42.719 INF API: test ended suite=0 test=64 pass=false
Sep 23 03:09:43.255 INF API: test ended suite=0 test=49 pass=true
Sep 23 03:09:43.256 INF API: test started suite=0 test=65 name="client launch (nethermind_development)"
Sep 23 03:09:51.098 INF API: client nethermind_development started suite=0 test=65 container=c6105b61
Sep 23 03:09:51.241 INF API: test started suite=0 test=66 name="interop/_control/create-nonce (nethermind_development)"
Sep 23 03:09:51.256 INF API: test ended suite=0 test=66 pass=false
Sep 23 03:09:51.257 INF API: test started suite=0 test=67 name="interop/_control/head (nethermind_development)"
Sep 23 03:09:51.260 INF API: test ended suite=0 test=67 pass=false
Sep 23 03:09:51.261 INF API: test started suite=0 test=68 name="interop/_control/latest (nethermind_development)"
Sep 23 03:09:51.262 INF API: test ended suite=0 test=68 pass=false
Sep 23 03:09:51.263 INF API: test started suite=0 test=69 name="interop/_control/target-balance (nethermind_development)"
Sep 23 03:09:51.267 INF API: test ended suite=0 test=69 pass=false
Sep 23 03:09:51.268 INF API: test started suite=0 test=70 name="interop/_control/target-code (nethermind_development)"
Sep 23 03:09:51.269 INF API: test ended suite=0 test=70 pass=false
Sep 23 03:09:51.270 INF API: test started suite=0 test=71 name="interop/_control/target-nonce (nethermind_development)"
Sep 23 03:09:51.271 INF API: test ended suite=0 test=71 pass=false
Sep 23 03:09:51.272 INF API: test started suite=0 test=72 name="interop/_control/version (nethermind_development)"
Sep 23 03:09:51.274 INF API: test ended suite=0 test=72 pass=false
Sep 23 03:09:51.275 INF API: test started suite=0 test=73 name="interop/nested-call-outer0-value1-failed (nethermind_development)"
Sep 23 03:09:51.477 INF API: test ended suite=0 test=73 pass=false
Sep 23 03:09:51.478 INF API: test started suite=0 test=74 name="interop/nested-call-outer0-value1-success (nethermind_development)"
Sep 23 03:09:51.493 INF API: test ended suite=0 test=74 pass=false
Sep 23 03:09:51.495 INF API: test started suite=0 test=75 name="interop/nested-call-outer1-value0-failed (nethermind_development)"
Sep 23 03:09:51.503 INF API: test ended suite=0 test=75 pass=false
Sep 23 03:09:51.504 INF API: test started suite=0 test=76 name="interop/nested-call-outer1-value0-success (nethermind_development)"
Sep 23 03:09:51.507 INF API: test ended suite=0 test=76 pass=false
Sep 23 03:09:51.508 INF API: test started suite=0 test=77 name="interop/nested-callcode-outer0-value1-failed (nethermind_development)"
Sep 23 03:09:51.523 INF API: test ended suite=0 test=77 pass=false
Sep 23 03:09:51.524 INF API: test started suite=0 test=78 name="interop/nested-callcode-outer0-value1-success (nethermind_development)"
Sep 23 03:09:51.527 INF API: test ended suite=0 test=78 pass=false
Sep 23 03:09:51.528 INF API: test started suite=0 test=79 name="interop/nested-callcode-outer1-value0-failed (nethermind_development)"
Sep 23 03:09:51.530 INF API: test ended suite=0 test=79 pass=false
Sep 23 03:09:51.531 INF API: test started suite=0 test=80 name="interop/nested-callcode-outer1-value0-success (nethermind_development)"
Sep 23 03:09:51.533 INF API: test ended suite=0 test=80 pass=false
Sep 23 03:09:51.798 INF API: test ended suite=0 test=65 pass=true
Sep 23 03:09:51.800 INF API: test started suite=0 test=81 name="client launch (nethermind_release)"
Sep 23 03:09:59.447 INF API: client nethermind_release started suite=0 test=81 container=f5bf952e
Sep 23 03:09:59.616 INF API: test started suite=0 test=82 name="interop/_control/create-nonce (nethermind_release)"
Sep 23 03:09:59.629 INF API: test ended suite=0 test=82 pass=false
Sep 23 03:09:59.631 INF API: test started suite=0 test=83 name="interop/_control/head (nethermind_release)"
Sep 23 03:09:59.634 INF API: test ended suite=0 test=83 pass=false
Sep 23 03:09:59.635 INF API: test started suite=0 test=84 name="interop/_control/latest (nethermind_release)"
Sep 23 03:09:59.637 INF API: test ended suite=0 test=84 pass=false
Sep 23 03:09:59.638 INF API: test started suite=0 test=85 name="interop/_control/target-balance (nethermind_release)"
Sep 23 03:09:59.642 INF API: test ended suite=0 test=85 pass=false
Sep 23 03:09:59.643 INF API: test started suite=0 test=86 name="interop/_control/target-code (nethermind_release)"
Sep 23 03:09:59.644 INF API: test ended suite=0 test=86 pass=false
Sep 23 03:09:59.645 INF API: test started suite=0 test=87 name="interop/_control/target-nonce (nethermind_release)"
Sep 23 03:09:59.646 INF API: test ended suite=0 test=87 pass=false
Sep 23 03:09:59.647 INF API: test started suite=0 test=88 name="interop/_control/version (nethermind_release)"
Sep 23 03:09:59.649 INF API: test ended suite=0 test=88 pass=false
Sep 23 03:09:59.650 INF API: test started suite=0 test=89 name="interop/nested-call-outer0-value1-failed (nethermind_release)"
Sep 23 03:09:59.772 INF API: test ended suite=0 test=89 pass=false
Sep 23 03:09:59.773 INF API: test started suite=0 test=90 name="interop/nested-call-outer0-value1-success (nethermind_release)"
Sep 23 03:09:59.781 INF API: test ended suite=0 test=90 pass=false
Sep 23 03:09:59.782 INF API: test started suite=0 test=91 name="interop/nested-call-outer1-value0-failed (nethermind_release)"
Sep 23 03:09:59.789 INF API: test ended suite=0 test=91 pass=false
Sep 23 03:09:59.790 INF API: test started suite=0 test=92 name="interop/nested-call-outer1-value0-success (nethermind_release)"
Sep 23 03:09:59.793 INF API: test ended suite=0 test=92 pass=false
Sep 23 03:09:59.794 INF API: test started suite=0 test=93 name="interop/nested-callcode-outer0-value1-failed (nethermind_release)"
Sep 23 03:09:59.797 INF API: test ended suite=0 test=93 pass=false
Sep 23 03:09:59.798 INF API: test started suite=0 test=94 name="interop/nested-callcode-outer0-value1-success (nethermind_release)"
Sep 23 03:09:59.802 INF API: test ended suite=0 test=94 pass=false
Sep 23 03:09:59.803 INF API: test started suite=0 test=95 name="interop/nested-callcode-outer1-value0-failed (nethermind_release)"
Sep 23 03:09:59.805 INF API: test ended suite=0 test=95 pass=false
Sep 23 03:09:59.806 INF API: test started suite=0 test=96 name="interop/nested-callcode-outer1-value0-success (nethermind_release)"
Sep 23 03:09:59.809 INF API: test ended suite=0 test=96 pass=false
Sep 23 03:10:01.708 INF API: test ended suite=0 test=81 pass=true
Sep 23 03:10:01.710 INF API: test started suite=0 test=97 name="client launch (reth_development)"
Sep 23 03:10:04.197 INF API: client reth_development started suite=0 test=97 container=8d7c07a9
Sep 23 03:10:04.213 INF API: test started suite=0 test=98 name="interop/_control/create-nonce (reth_development)"
Sep 23 03:10:04.214 INF API: test ended suite=0 test=98 pass=false
Sep 23 03:10:04.215 INF API: test started suite=0 test=99 name="interop/_control/head (reth_development)"
Sep 23 03:10:04.217 INF API: test ended suite=0 test=99 pass=false
Sep 23 03:10:04.218 INF API: test started suite=0 test=100 name="interop/_control/latest (reth_development)"
Sep 23 03:10:04.219 INF API: test ended suite=0 test=100 pass=false
Sep 23 03:10:04.220 INF API: test started suite=0 test=101 name="interop/_control/target-balance (reth_development)"
Sep 23 03:10:04.221 INF API: test ended suite=0 test=101 pass=false
Sep 23 03:10:04.222 INF API: test started suite=0 test=102 name="interop/_control/target-code (reth_development)"
Sep 23 03:10:04.223 INF API: test ended suite=0 test=102 pass=false
Sep 23 03:10:04.224 INF API: test started suite=0 test=103 name="interop/_control/target-nonce (reth_development)"
Sep 23 03:10:04.225 INF API: test ended suite=0 test=103 pass=false
Sep 23 03:10:04.226 INF API: test started suite=0 test=104 name="interop/_control/version (reth_development)"
Sep 23 03:10:04.227 INF API: test ended suite=0 test=104 pass=false
Sep 23 03:10:04.227 INF API: test started suite=0 test=105 name="interop/nested-call-outer0-value1-failed (reth_development)"
Sep 23 03:10:04.230 INF API: test ended suite=0 test=105 pass=false
Sep 23 03:10:04.231 INF API: test started suite=0 test=106 name="interop/nested-call-outer0-value1-success (reth_development)"
Sep 23 03:10:04.233 INF API: test ended suite=0 test=106 pass=false
Sep 23 03:10:04.234 INF API: test started suite=0 test=107 name="interop/nested-call-outer1-value0-failed (reth_development)"
Sep 23 03:10:04.237 INF API: test ended suite=0 test=107 pass=false
Sep 23 03:10:04.238 INF API: test started suite=0 test=108 name="interop/nested-call-outer1-value0-success (reth_development)"
Sep 23 03:10:04.240 INF API: test ended suite=0 test=108 pass=false
Sep 23 03:10:04.241 INF API: test started suite=0 test=109 name="interop/nested-callcode-outer0-value1-failed (reth_development)"
Sep 23 03:10:04.243 INF API: test ended suite=0 test=109 pass=false
Sep 23 03:10:04.244 INF API: test started suite=0 test=110 name="interop/nested-callcode-outer0-value1-success (reth_development)"
Sep 23 03:10:04.246 INF API: test ended suite=0 test=110 pass=false
Sep 23 03:10:04.247 INF API: test started suite=0 test=111 name="interop/nested-callcode-outer1-value0-failed (reth_development)"
Sep 23 03:10:04.249 INF API: test ended suite=0 test=111 pass=false
Sep 23 03:10:04.250 INF API: test started suite=0 test=112 name="interop/nested-callcode-outer1-value0-success (reth_development)"
Sep 23 03:10:04.252 INF API: test ended suite=0 test=112 pass=false
Sep 23 03:10:04.560 INF API: test ended suite=0 test=97 pass=true
Sep 23 03:10:04.562 INF API: test started suite=0 test=113 name="client launch (reth_release)"
Sep 23 03:10:06.715 INF API: client reth_release started suite=0 test=113 container=d87655c2
Sep 23 03:10:06.728 INF API: test started suite=0 test=114 name="interop/_control/create-nonce (reth_release)"
Sep 23 03:10:06.730 INF API: test ended suite=0 test=114 pass=false
Sep 23 03:10:06.731 INF API: test started suite=0 test=115 name="interop/_control/head (reth_release)"
Sep 23 03:10:06.732 INF API: test ended suite=0 test=115 pass=false
Sep 23 03:10:06.734 INF API: test started suite=0 test=116 name="interop/_control/latest (reth_release)"
Sep 23 03:10:06.735 INF API: test ended suite=0 test=116 pass=false
Sep 23 03:10:06.736 INF API: test started suite=0 test=117 name="interop/_control/target-balance (reth_release)"
Sep 23 03:10:06.737 INF API: test ended suite=0 test=117 pass=false
Sep 23 03:10:06.737 INF API: test started suite=0 test=118 name="interop/_control/target-code (reth_release)"
Sep 23 03:10:06.740 INF API: test ended suite=0 test=118 pass=false
Sep 23 03:10:06.740 INF API: test started suite=0 test=119 name="interop/_control/target-nonce (reth_release)"
Sep 23 03:10:06.741 INF API: test ended suite=0 test=119 pass=false
Sep 23 03:10:06.742 INF API: test started suite=0 test=120 name="interop/_control/version (reth_release)"
Sep 23 03:10:06.743 INF API: test ended suite=0 test=120 pass=false
Sep 23 03:10:06.744 INF API: test started suite=0 test=121 name="interop/nested-call-outer0-value1-failed (reth_release)"
Sep 23 03:10:06.746 INF API: test ended suite=0 test=121 pass=false
Sep 23 03:10:06.746 INF API: test started suite=0 test=122 name="interop/nested-call-outer0-value1-success (reth_release)"
Sep 23 03:10:06.748 INF API: test ended suite=0 test=122 pass=false
Sep 23 03:10:06.749 INF API: test started suite=0 test=123 name="interop/nested-call-outer1-value0-failed (reth_release)"
Sep 23 03:10:06.751 INF API: test ended suite=0 test=123 pass=false
Sep 23 03:10:06.751 INF API: test started suite=0 test=124 name="interop/nested-call-outer1-value0-success (reth_release)"
Sep 23 03:10:06.754 INF API: test ended suite=0 test=124 pass=false
Sep 23 03:10:06.754 INF API: test started suite=0 test=125 name="interop/nested-callcode-outer0-value1-failed (reth_release)"
Sep 23 03:10:06.756 INF API: test ended suite=0 test=125 pass=false
Sep 23 03:10:06.757 INF API: test started suite=0 test=126 name="interop/nested-callcode-outer0-value1-success (reth_release)"
Sep 23 03:10:06.759 INF API: test ended suite=0 test=126 pass=false
Sep 23 03:10:06.760 INF API: test started suite=0 test=127 name="interop/nested-callcode-outer1-value0-failed (reth_release)"
Sep 23 03:10:06.762 INF API: test ended suite=0 test=127 pass=false
Sep 23 03:10:06.763 INF API: test started suite=0 test=128 name="interop/nested-callcode-outer1-value0-success (reth_release)"
Sep 23 03:10:06.765 INF API: test ended suite=0 test=128 pass=false
Sep 23 03:10:07.041 INF API: test ended suite=0 test=113 pass=true
Sep 23 03:10:07.048 INF API: suite ended suite=0
Sep 23 03:10:07.451 INF simulation ethereum/rpc-compat finished suites=1 tests=128 failed=120
120 tests failed
