Sep 21 22:06:55.810 INF building image image=hive/hiveproxy nocache=false pull=false
Sep 21 22:06:55.887 INF building 8 clients...
Sep 21 22:06:55.887 INF building image image=hive/clients/besu_development:latest dir=clients/besu nocache=false pull=false baseimage=trace-interop/besu tag=a85249905183f65c98c9e8c282955e40487c4ff8af8db8b8e306d58292231744
Sep 21 22:06:56.013 INF building image image=hive/clients/besu_release:latest dir=clients/besu nocache=false pull=false baseimage=trace-interop/besu tag=f3713c713ca4f9e89c09e1478d2a85116ba9ce8343129d709420ba2af009598b
Sep 21 22:06:56.136 INF building image image=hive/clients/erigon_development:latest dir=clients/erigon nocache=false pull=false baseimage=trace-interop/erigon tag=8269576669f1b4a55572ee7d1a7e4489244cd57bb545293391d1ebd5e0fac002
Sep 21 22:06:56.261 INF building image image=hive/clients/erigon_release:latest dir=clients/erigon nocache=false pull=false baseimage=trace-interop/erigon tag=8668d9c5adc01ad1d12aa25380e384079080bdde7e0ce93f11bed422d82ca0ac
Sep 21 22:07:35.641 INF building image image=hive/clients/nethermind_development:latest dir=clients/nethermind nocache=false pull=false baseimage=trace-interop/nethermind tag=e68f6cd253c312443b306b7e1e61381a38fd174dd16fe7e9bc55487245718182
Sep 21 22:07:35.782 INF building image image=hive/clients/nethermind_release:latest dir=clients/nethermind nocache=false pull=false baseimage=trace-interop/nethermind tag=a5098d75bfa8d4da1992ba8404b357fde6d53241315396e26b88e16e5f67bb59
Sep 21 22:07:35.922 INF building image image=hive/clients/reth_development:latest dir=clients/reth nocache=false pull=false baseimage=trace-interop/reth tag=1d6a97ef686d7c6099c5426c77334ca5891ce5d362fe5f3049ac2ea0df76de86
Sep 21 22:07:36.035 INF building image image=hive/clients/reth_release:latest dir=clients/reth nocache=false pull=false baseimage=trace-interop/reth tag=e939dc4a471d9d27224e430f607a954d692ca5037a1350ee2036397d14532ca7
Sep 21 22:07:36.155 INF building 1 simulators...
Sep 21 22:07:36.155 INF building image image=hive/simulators/ethereum/rpc-compat:latest dir=simulators/ethereum/rpc-compat nocache=false pull=false
Sep 21 22:07:36.206 INF creating output directory folder=/home/banteg/dev/trace-interop/runs/precompiles-final/hive
Sep 21 22:07:36.216 INF running simulation: ethereum/rpc-compat
Sep 21 22:07:36.513 INF hiveproxy started container=04d9252c163e addr=172.17.0.2:8081
Sep 21 22:07:36.839 INF API: suite started suite=0 name=rpc-compat
Sep 21 22:07:36.841 INF API: test started suite=0 test=1 name="client launch (besu_development)"
Sep 21 22:07:46.159 INF API: client besu_development started suite=0 test=1 container=cc7aa5e2
Sep 21 22:07:46.434 INF API: test started suite=0 test=2 name="interop/_control/head (besu_development)"
Sep 21 22:07:46.482 INF API: test ended suite=0 test=2 pass=false
Sep 21 22:07:46.483 INF API: test started suite=0 test=3 name="interop/_control/version (besu_development)"
Sep 21 22:07:46.494 INF API: test ended suite=0 test=3 pass=false
Sep 21 22:07:46.496 INF API: test started suite=0 test=4 name="interop/nested-call-value0-failed (besu_development)"
Sep 21 22:07:46.589 INF API: test ended suite=0 test=4 pass=false
Sep 21 22:07:46.590 INF API: test started suite=0 test=5 name="interop/nested-call-value0-success (besu_development)"
Sep 21 22:07:46.618 INF API: test ended suite=0 test=5 pass=false
Sep 21 22:07:46.619 INF API: test started suite=0 test=6 name="interop/nested-call-value1-failed (besu_development)"
Sep 21 22:07:46.641 INF API: test ended suite=0 test=6 pass=false
Sep 21 22:07:46.642 INF API: test started suite=0 test=7 name="interop/nested-call-value1-success (besu_development)"
Sep 21 22:07:46.662 INF API: test ended suite=0 test=7 pass=false
Sep 21 22:07:46.663 INF API: test started suite=0 test=8 name="interop/nested-callcode-value0-failed (besu_development)"
Sep 21 22:07:46.683 INF API: test ended suite=0 test=8 pass=false
Sep 21 22:07:46.684 INF API: test started suite=0 test=9 name="interop/nested-callcode-value0-success (besu_development)"
Sep 21 22:07:46.705 INF API: test ended suite=0 test=9 pass=false
Sep 21 22:07:46.706 INF API: test started suite=0 test=10 name="interop/nested-callcode-value1-failed (besu_development)"
Sep 21 22:07:46.726 INF API: test ended suite=0 test=10 pass=false
Sep 21 22:07:46.727 INF API: test started suite=0 test=11 name="interop/nested-callcode-value1-success (besu_development)"
Sep 21 22:07:46.746 INF API: test ended suite=0 test=11 pass=false
Sep 21 22:07:46.747 INF API: test started suite=0 test=12 name="interop/nested-delegatecall-value0-failed (besu_development)"
Sep 21 22:07:46.771 INF API: test ended suite=0 test=12 pass=false
Sep 21 22:07:46.772 INF API: test started suite=0 test=13 name="interop/nested-delegatecall-value0-success (besu_development)"
Sep 21 22:07:46.784 INF API: test ended suite=0 test=13 pass=false
Sep 21 22:07:46.785 INF API: test started suite=0 test=14 name="interop/nested-delegatecall-value1-failed (besu_development)"
Sep 21 22:07:46.793 INF API: test ended suite=0 test=14 pass=false
Sep 21 22:07:46.794 INF API: test started suite=0 test=15 name="interop/nested-delegatecall-value1-success (besu_development)"
Sep 21 22:07:46.802 INF API: test ended suite=0 test=15 pass=false
Sep 21 22:07:46.803 INF API: test started suite=0 test=16 name="interop/nested-staticcall-value0-failed (besu_development)"
Sep 21 22:07:46.811 INF API: test ended suite=0 test=16 pass=false
Sep 21 22:07:46.811 INF API: test started suite=0 test=17 name="interop/nested-staticcall-value0-success (besu_development)"
Sep 21 22:07:46.819 INF API: test ended suite=0 test=17 pass=false
Sep 21 22:07:46.820 INF API: test started suite=0 test=18 name="interop/root-failed (besu_development)"
Sep 21 22:07:46.828 INF API: test ended suite=0 test=18 pass=false
Sep 21 22:07:46.829 INF API: test started suite=0 test=19 name="interop/root-success (besu_development)"
Sep 21 22:07:46.836 INF API: test ended suite=0 test=19 pass=false
Sep 21 22:07:47.141 INF API: test ended suite=0 test=1 pass=true
Sep 21 22:07:47.143 INF API: test started suite=0 test=20 name="client launch (besu_release)"
Sep 21 22:07:56.962 INF API: client besu_release started suite=0 test=20 container=1406c341
Sep 21 22:07:57.257 INF API: test started suite=0 test=21 name="interop/_control/head (besu_release)"
Sep 21 22:07:57.305 INF API: test ended suite=0 test=21 pass=false
Sep 21 22:07:57.306 INF API: test started suite=0 test=22 name="interop/_control/version (besu_release)"
Sep 21 22:07:57.317 INF API: test ended suite=0 test=22 pass=false
Sep 21 22:07:57.318 INF API: test started suite=0 test=23 name="interop/nested-call-value0-failed (besu_release)"
Sep 21 22:07:57.404 INF API: test ended suite=0 test=23 pass=false
Sep 21 22:07:57.405 INF API: test started suite=0 test=24 name="interop/nested-call-value0-success (besu_release)"
Sep 21 22:07:57.439 INF API: test ended suite=0 test=24 pass=false
Sep 21 22:07:57.440 INF API: test started suite=0 test=25 name="interop/nested-call-value1-failed (besu_release)"
Sep 21 22:07:57.460 INF API: test ended suite=0 test=25 pass=false
Sep 21 22:07:57.461 INF API: test started suite=0 test=26 name="interop/nested-call-value1-success (besu_release)"
Sep 21 22:07:57.482 INF API: test ended suite=0 test=26 pass=false
Sep 21 22:07:57.484 INF API: test started suite=0 test=27 name="interop/nested-callcode-value0-failed (besu_release)"
Sep 21 22:07:57.504 INF API: test ended suite=0 test=27 pass=false
Sep 21 22:07:57.505 INF API: test started suite=0 test=28 name="interop/nested-callcode-value0-success (besu_release)"
Sep 21 22:07:57.527 INF API: test ended suite=0 test=28 pass=false
Sep 21 22:07:57.528 INF API: test started suite=0 test=29 name="interop/nested-callcode-value1-failed (besu_release)"
Sep 21 22:07:57.551 INF API: test ended suite=0 test=29 pass=false
Sep 21 22:07:57.552 INF API: test started suite=0 test=30 name="interop/nested-callcode-value1-success (besu_release)"
Sep 21 22:07:57.571 INF API: test ended suite=0 test=30 pass=false
Sep 21 22:07:57.572 INF API: test started suite=0 test=31 name="interop/nested-delegatecall-value0-failed (besu_release)"
Sep 21 22:07:57.593 INF API: test ended suite=0 test=31 pass=false
Sep 21 22:07:57.594 INF API: test started suite=0 test=32 name="interop/nested-delegatecall-value0-success (besu_release)"
Sep 21 22:07:57.613 INF API: test ended suite=0 test=32 pass=false
Sep 21 22:07:57.614 INF API: test started suite=0 test=33 name="interop/nested-delegatecall-value1-failed (besu_release)"
Sep 21 22:07:57.633 INF API: test ended suite=0 test=33 pass=false
Sep 21 22:07:57.634 INF API: test started suite=0 test=34 name="interop/nested-delegatecall-value1-success (besu_release)"
Sep 21 22:07:57.655 INF API: test ended suite=0 test=34 pass=false
Sep 21 22:07:57.656 INF API: test started suite=0 test=35 name="interop/nested-staticcall-value0-failed (besu_release)"
Sep 21 22:07:57.678 INF API: test ended suite=0 test=35 pass=false
Sep 21 22:07:57.679 INF API: test started suite=0 test=36 name="interop/nested-staticcall-value0-success (besu_release)"
Sep 21 22:07:57.697 INF API: test ended suite=0 test=36 pass=false
Sep 21 22:07:57.699 INF API: test started suite=0 test=37 name="interop/root-failed (besu_release)"
Sep 21 22:07:57.717 INF API: test ended suite=0 test=37 pass=false
Sep 21 22:07:57.718 INF API: test started suite=0 test=38 name="interop/root-success (besu_release)"
Sep 21 22:07:57.740 INF API: test ended suite=0 test=38 pass=false
Sep 21 22:07:58.065 INF API: test ended suite=0 test=20 pass=true
Sep 21 22:07:58.066 INF API: test started suite=0 test=39 name="client launch (erigon_development)"
Sep 21 22:07:59.519 INF API: client erigon_development started suite=0 test=39 container=21b05be0
Sep 21 22:07:59.565 INF API: test started suite=0 test=40 name="interop/_control/head (erigon_development)"
Sep 21 22:07:59.576 INF API: test ended suite=0 test=40 pass=false
Sep 21 22:07:59.577 INF API: test started suite=0 test=41 name="interop/_control/version (erigon_development)"
Sep 21 22:07:59.578 INF API: test ended suite=0 test=41 pass=false
Sep 21 22:07:59.579 INF API: test started suite=0 test=42 name="interop/nested-call-value0-failed (erigon_development)"
Sep 21 22:07:59.582 INF API: test ended suite=0 test=42 pass=false
Sep 21 22:07:59.582 INF API: test started suite=0 test=43 name="interop/nested-call-value0-success (erigon_development)"
Sep 21 22:07:59.584 INF API: test ended suite=0 test=43 pass=false
Sep 21 22:07:59.585 INF API: test started suite=0 test=44 name="interop/nested-call-value1-failed (erigon_development)"
Sep 21 22:07:59.587 INF API: test ended suite=0 test=44 pass=false
Sep 21 22:07:59.588 INF API: test started suite=0 test=45 name="interop/nested-call-value1-success (erigon_development)"
Sep 21 22:07:59.590 INF API: test ended suite=0 test=45 pass=false
Sep 21 22:07:59.591 INF API: test started suite=0 test=46 name="interop/nested-callcode-value0-failed (erigon_development)"
Sep 21 22:07:59.593 INF API: test ended suite=0 test=46 pass=false
Sep 21 22:07:59.594 INF API: test started suite=0 test=47 name="interop/nested-callcode-value0-success (erigon_development)"
Sep 21 22:07:59.595 INF API: test ended suite=0 test=47 pass=false
Sep 21 22:07:59.596 INF API: test started suite=0 test=48 name="interop/nested-callcode-value1-failed (erigon_development)"
Sep 21 22:07:59.598 INF API: test ended suite=0 test=48 pass=false
Sep 21 22:07:59.598 INF API: test started suite=0 test=49 name="interop/nested-callcode-value1-success (erigon_development)"
Sep 21 22:07:59.600 INF API: test ended suite=0 test=49 pass=false
Sep 21 22:07:59.601 INF API: test started suite=0 test=50 name="interop/nested-delegatecall-value0-failed (erigon_development)"
Sep 21 22:07:59.603 INF API: test ended suite=0 test=50 pass=false
Sep 21 22:07:59.604 INF API: test started suite=0 test=51 name="interop/nested-delegatecall-value0-success (erigon_development)"
Sep 21 22:07:59.606 INF API: test ended suite=0 test=51 pass=false
Sep 21 22:07:59.607 INF API: test started suite=0 test=52 name="interop/nested-delegatecall-value1-failed (erigon_development)"
Sep 21 22:07:59.609 INF API: test ended suite=0 test=52 pass=false
Sep 21 22:07:59.609 INF API: test started suite=0 test=53 name="interop/nested-delegatecall-value1-success (erigon_development)"
Sep 21 22:07:59.611 INF API: test ended suite=0 test=53 pass=false
Sep 21 22:07:59.612 INF API: test started suite=0 test=54 name="interop/nested-staticcall-value0-failed (erigon_development)"
Sep 21 22:07:59.614 INF API: test ended suite=0 test=54 pass=false
Sep 21 22:07:59.615 INF API: test started suite=0 test=55 name="interop/nested-staticcall-value0-success (erigon_development)"
Sep 21 22:07:59.617 INF API: test ended suite=0 test=55 pass=false
Sep 21 22:07:59.618 INF API: test started suite=0 test=56 name="interop/root-failed (erigon_development)"
Sep 21 22:07:59.619 INF API: test ended suite=0 test=56 pass=false
Sep 21 22:07:59.619 INF API: test started suite=0 test=57 name="interop/root-success (erigon_development)"
Sep 21 22:07:59.621 INF API: test ended suite=0 test=57 pass=false
Sep 21 22:08:00.018 INF API: test ended suite=0 test=39 pass=true
Sep 21 22:08:00.019 INF API: test started suite=0 test=58 name="client launch (erigon_release)"
Sep 21 22:08:01.695 INF API: client erigon_release started suite=0 test=58 container=62504928
Sep 21 22:08:01.712 INF API: test started suite=0 test=59 name="interop/_control/head (erigon_release)"
Sep 21 22:08:01.715 INF API: test ended suite=0 test=59 pass=false
Sep 21 22:08:01.716 INF API: test started suite=0 test=60 name="interop/_control/version (erigon_release)"
Sep 21 22:08:01.717 INF API: test ended suite=0 test=60 pass=false
Sep 21 22:08:01.718 INF API: test started suite=0 test=61 name="interop/nested-call-value0-failed (erigon_release)"
Sep 21 22:08:01.721 INF API: test ended suite=0 test=61 pass=false
Sep 21 22:08:01.722 INF API: test started suite=0 test=62 name="interop/nested-call-value0-success (erigon_release)"
Sep 21 22:08:01.724 INF API: test ended suite=0 test=62 pass=false
Sep 21 22:08:01.725 INF API: test started suite=0 test=63 name="interop/nested-call-value1-failed (erigon_release)"
Sep 21 22:08:01.727 INF API: test ended suite=0 test=63 pass=false
Sep 21 22:08:01.728 INF API: test started suite=0 test=64 name="interop/nested-call-value1-success (erigon_release)"
Sep 21 22:08:01.730 INF API: test ended suite=0 test=64 pass=false
Sep 21 22:08:01.731 INF API: test started suite=0 test=65 name="interop/nested-callcode-value0-failed (erigon_release)"
Sep 21 22:08:01.734 INF API: test ended suite=0 test=65 pass=false
Sep 21 22:08:01.734 INF API: test started suite=0 test=66 name="interop/nested-callcode-value0-success (erigon_release)"
Sep 21 22:08:01.737 INF API: test ended suite=0 test=66 pass=false
Sep 21 22:08:01.738 INF API: test started suite=0 test=67 name="interop/nested-callcode-value1-failed (erigon_release)"
Sep 21 22:08:01.740 INF API: test ended suite=0 test=67 pass=false
Sep 21 22:08:01.741 INF API: test started suite=0 test=68 name="interop/nested-callcode-value1-success (erigon_release)"
Sep 21 22:08:01.743 INF API: test ended suite=0 test=68 pass=false
Sep 21 22:08:01.744 INF API: test started suite=0 test=69 name="interop/nested-delegatecall-value0-failed (erigon_release)"
Sep 21 22:08:01.747 INF API: test ended suite=0 test=69 pass=false
Sep 21 22:08:01.747 INF API: test started suite=0 test=70 name="interop/nested-delegatecall-value0-success (erigon_release)"
Sep 21 22:08:01.750 INF API: test ended suite=0 test=70 pass=false
Sep 21 22:08:01.751 INF API: test started suite=0 test=71 name="interop/nested-delegatecall-value1-failed (erigon_release)"
Sep 21 22:08:01.753 INF API: test ended suite=0 test=71 pass=false
Sep 21 22:08:01.754 INF API: test started suite=0 test=72 name="interop/nested-delegatecall-value1-success (erigon_release)"
Sep 21 22:08:01.756 INF API: test ended suite=0 test=72 pass=false
Sep 21 22:08:01.756 INF API: test started suite=0 test=73 name="interop/nested-staticcall-value0-failed (erigon_release)"
Sep 21 22:08:01.758 INF API: test ended suite=0 test=73 pass=false
Sep 21 22:08:01.759 INF API: test started suite=0 test=74 name="interop/nested-staticcall-value0-success (erigon_release)"
Sep 21 22:08:01.761 INF API: test ended suite=0 test=74 pass=false
Sep 21 22:08:01.762 INF API: test started suite=0 test=75 name="interop/root-failed (erigon_release)"
Sep 21 22:08:01.764 INF API: test ended suite=0 test=75 pass=false
Sep 21 22:08:01.765 INF API: test started suite=0 test=76 name="interop/root-success (erigon_release)"
Sep 21 22:08:01.766 INF API: test ended suite=0 test=76 pass=false
Sep 21 22:08:02.051 INF API: test ended suite=0 test=58 pass=true
Sep 21 22:08:02.052 INF API: test started suite=0 test=77 name="client launch (nethermind_development)"
Sep 21 22:08:10.148 INF API: client nethermind_development started suite=0 test=77 container=b88da45e
Sep 21 22:08:10.245 INF API: test started suite=0 test=78 name="interop/_control/head (nethermind_development)"
Sep 21 22:08:10.322 INF API: test ended suite=0 test=78 pass=false
Sep 21 22:08:10.323 INF API: test started suite=0 test=79 name="interop/_control/version (nethermind_development)"
Sep 21 22:08:10.327 INF API: test ended suite=0 test=79 pass=false
Sep 21 22:08:10.328 INF API: test started suite=0 test=80 name="interop/nested-call-value0-failed (nethermind_development)"
Sep 21 22:08:10.511 INF API: test ended suite=0 test=80 pass=false
Sep 21 22:08:10.512 INF API: test started suite=0 test=81 name="interop/nested-call-value0-success (nethermind_development)"
Sep 21 22:08:10.518 INF API: test ended suite=0 test=81 pass=false
Sep 21 22:08:10.519 INF API: test started suite=0 test=82 name="interop/nested-call-value1-failed (nethermind_development)"
Sep 21 22:08:10.523 INF API: test ended suite=0 test=82 pass=false
Sep 21 22:08:10.524 INF API: test started suite=0 test=83 name="interop/nested-call-value1-success (nethermind_development)"
Sep 21 22:08:10.528 INF API: test ended suite=0 test=83 pass=false
Sep 21 22:08:10.529 INF API: test started suite=0 test=84 name="interop/nested-callcode-value0-failed (nethermind_development)"
Sep 21 22:08:10.544 INF API: test ended suite=0 test=84 pass=false
Sep 21 22:08:10.545 INF API: test started suite=0 test=85 name="interop/nested-callcode-value0-success (nethermind_development)"
Sep 21 22:08:10.548 INF API: test ended suite=0 test=85 pass=false
Sep 21 22:08:10.549 INF API: test started suite=0 test=86 name="interop/nested-callcode-value1-failed (nethermind_development)"
Sep 21 22:08:10.551 INF API: test ended suite=0 test=86 pass=false
Sep 21 22:08:10.552 INF API: test started suite=0 test=87 name="interop/nested-callcode-value1-success (nethermind_development)"
Sep 21 22:08:10.555 INF API: test ended suite=0 test=87 pass=false
Sep 21 22:08:10.555 INF API: test started suite=0 test=88 name="interop/nested-delegatecall-value0-failed (nethermind_development)"
Sep 21 22:08:10.570 INF API: test ended suite=0 test=88 pass=false
Sep 21 22:08:10.571 INF API: test started suite=0 test=89 name="interop/nested-delegatecall-value0-success (nethermind_development)"
Sep 21 22:08:10.574 INF API: test ended suite=0 test=89 pass=false
Sep 21 22:08:10.575 INF API: test started suite=0 test=90 name="interop/nested-delegatecall-value1-failed (nethermind_development)"
Sep 21 22:08:10.577 INF API: test ended suite=0 test=90 pass=false
Sep 21 22:08:10.578 INF API: test started suite=0 test=91 name="interop/nested-delegatecall-value1-success (nethermind_development)"
Sep 21 22:08:10.581 INF API: test ended suite=0 test=91 pass=false
Sep 21 22:08:10.581 INF API: test started suite=0 test=92 name="interop/nested-staticcall-value0-failed (nethermind_development)"
Sep 21 22:08:10.597 INF API: test ended suite=0 test=92 pass=false
Sep 21 22:08:10.598 INF API: test started suite=0 test=93 name="interop/nested-staticcall-value0-success (nethermind_development)"
Sep 21 22:08:10.602 INF API: test ended suite=0 test=93 pass=false
Sep 21 22:08:10.602 INF API: test started suite=0 test=94 name="interop/root-failed (nethermind_development)"
Sep 21 22:08:10.606 INF API: test ended suite=0 test=94 pass=false
Sep 21 22:08:10.607 INF API: test started suite=0 test=95 name="interop/root-success (nethermind_development)"
Sep 21 22:08:10.609 INF API: test ended suite=0 test=95 pass=false
Sep 21 22:08:11.265 INF API: test ended suite=0 test=77 pass=true
Sep 21 22:08:11.266 INF API: test started suite=0 test=96 name="client launch (nethermind_release)"
Sep 21 22:08:19.104 INF API: client nethermind_release started suite=0 test=96 container=7c657203
Sep 21 22:08:19.201 INF API: test started suite=0 test=97 name="interop/_control/head (nethermind_release)"
Sep 21 22:08:19.290 INF API: test ended suite=0 test=97 pass=false
Sep 21 22:08:19.292 INF API: test started suite=0 test=98 name="interop/_control/version (nethermind_release)"
Sep 21 22:08:19.295 INF API: test ended suite=0 test=98 pass=false
Sep 21 22:08:19.296 INF API: test started suite=0 test=99 name="interop/nested-call-value0-failed (nethermind_release)"
Sep 21 22:08:19.415 INF API: test ended suite=0 test=99 pass=false
Sep 21 22:08:19.417 INF API: test started suite=0 test=100 name="interop/nested-call-value0-success (nethermind_release)"
Sep 21 22:08:19.432 INF API: test ended suite=0 test=100 pass=false
Sep 21 22:08:19.433 INF API: test started suite=0 test=101 name="interop/nested-call-value1-failed (nethermind_release)"
Sep 21 22:08:19.438 INF API: test ended suite=0 test=101 pass=false
Sep 21 22:08:19.439 INF API: test started suite=0 test=102 name="interop/nested-call-value1-success (nethermind_release)"
Sep 21 22:08:19.444 INF API: test ended suite=0 test=102 pass=false
Sep 21 22:08:19.445 INF API: test started suite=0 test=103 name="interop/nested-callcode-value0-failed (nethermind_release)"
Sep 21 22:08:19.450 INF API: test ended suite=0 test=103 pass=false
Sep 21 22:08:19.451 INF API: test started suite=0 test=104 name="interop/nested-callcode-value0-success (nethermind_release)"
Sep 21 22:08:19.455 INF API: test ended suite=0 test=104 pass=false
Sep 21 22:08:19.456 INF API: test started suite=0 test=105 name="interop/nested-callcode-value1-failed (nethermind_release)"
Sep 21 22:08:19.459 INF API: test ended suite=0 test=105 pass=false
Sep 21 22:08:19.460 INF API: test started suite=0 test=106 name="interop/nested-callcode-value1-success (nethermind_release)"
Sep 21 22:08:19.464 INF API: test ended suite=0 test=106 pass=false
Sep 21 22:08:19.465 INF API: test started suite=0 test=107 name="interop/nested-delegatecall-value0-failed (nethermind_release)"
Sep 21 22:08:19.468 INF API: test ended suite=0 test=107 pass=false
Sep 21 22:08:19.469 INF API: test started suite=0 test=108 name="interop/nested-delegatecall-value0-success (nethermind_release)"
Sep 21 22:08:19.472 INF API: test ended suite=0 test=108 pass=false
Sep 21 22:08:19.473 INF API: test started suite=0 test=109 name="interop/nested-delegatecall-value1-failed (nethermind_release)"
Sep 21 22:08:19.477 INF API: test ended suite=0 test=109 pass=false
Sep 21 22:08:19.478 INF API: test started suite=0 test=110 name="interop/nested-delegatecall-value1-success (nethermind_release)"
Sep 21 22:08:19.481 INF API: test ended suite=0 test=110 pass=false
Sep 21 22:08:19.482 INF API: test started suite=0 test=111 name="interop/nested-staticcall-value0-failed (nethermind_release)"
Sep 21 22:08:19.485 INF API: test ended suite=0 test=111 pass=false
Sep 21 22:08:19.486 INF API: test started suite=0 test=112 name="interop/nested-staticcall-value0-success (nethermind_release)"
Sep 21 22:08:19.489 INF API: test ended suite=0 test=112 pass=false
Sep 21 22:08:19.489 INF API: test started suite=0 test=113 name="interop/root-failed (nethermind_release)"
Sep 21 22:08:19.493 INF API: test ended suite=0 test=113 pass=false
Sep 21 22:08:19.494 INF API: test started suite=0 test=114 name="interop/root-success (nethermind_release)"
Sep 21 22:08:19.496 INF API: test ended suite=0 test=114 pass=false
Sep 21 22:08:19.794 INF API: test ended suite=0 test=96 pass=true
Sep 21 22:08:19.795 INF API: test started suite=0 test=115 name="client launch (reth_development)"
Sep 21 22:08:21.924 INF API: client reth_development started suite=0 test=115 container=f563b670
Sep 21 22:08:21.935 INF API: test started suite=0 test=116 name="interop/_control/head (reth_development)"
Sep 21 22:08:21.938 INF API: test ended suite=0 test=116 pass=false
Sep 21 22:08:21.938 INF API: test started suite=0 test=117 name="interop/_control/version (reth_development)"
Sep 21 22:08:21.940 INF API: test ended suite=0 test=117 pass=false
Sep 21 22:08:21.940 INF API: test started suite=0 test=118 name="interop/nested-call-value0-failed (reth_development)"
Sep 21 22:08:21.943 INF API: test ended suite=0 test=118 pass=false
Sep 21 22:08:21.944 INF API: test started suite=0 test=119 name="interop/nested-call-value0-success (reth_development)"
Sep 21 22:08:21.945 INF API: test ended suite=0 test=119 pass=false
Sep 21 22:08:21.946 INF API: test started suite=0 test=120 name="interop/nested-call-value1-failed (reth_development)"
Sep 21 22:08:21.949 INF API: test ended suite=0 test=120 pass=false
Sep 21 22:08:21.949 INF API: test started suite=0 test=121 name="interop/nested-call-value1-success (reth_development)"
Sep 21 22:08:21.952 INF API: test ended suite=0 test=121 pass=false
Sep 21 22:08:21.953 INF API: test started suite=0 test=122 name="interop/nested-callcode-value0-failed (reth_development)"
Sep 21 22:08:21.955 INF API: test ended suite=0 test=122 pass=false
Sep 21 22:08:21.955 INF API: test started suite=0 test=123 name="interop/nested-callcode-value0-success (reth_development)"
Sep 21 22:08:21.958 INF API: test ended suite=0 test=123 pass=false
Sep 21 22:08:21.958 INF API: test started suite=0 test=124 name="interop/nested-callcode-value1-failed (reth_development)"
Sep 21 22:08:21.961 INF API: test ended suite=0 test=124 pass=false
Sep 21 22:08:21.961 INF API: test started suite=0 test=125 name="interop/nested-callcode-value1-success (reth_development)"
Sep 21 22:08:21.964 INF API: test ended suite=0 test=125 pass=false
Sep 21 22:08:21.965 INF API: test started suite=0 test=126 name="interop/nested-delegatecall-value0-failed (reth_development)"
Sep 21 22:08:21.967 INF API: test ended suite=0 test=126 pass=false
Sep 21 22:08:21.968 INF API: test started suite=0 test=127 name="interop/nested-delegatecall-value0-success (reth_development)"
Sep 21 22:08:21.970 INF API: test ended suite=0 test=127 pass=false
Sep 21 22:08:21.970 INF API: test started suite=0 test=128 name="interop/nested-delegatecall-value1-failed (reth_development)"
Sep 21 22:08:21.972 INF API: test ended suite=0 test=128 pass=false
Sep 21 22:08:21.973 INF API: test started suite=0 test=129 name="interop/nested-delegatecall-value1-success (reth_development)"
Sep 21 22:08:21.975 INF API: test ended suite=0 test=129 pass=false
Sep 21 22:08:21.976 INF API: test started suite=0 test=130 name="interop/nested-staticcall-value0-failed (reth_development)"
Sep 21 22:08:21.978 INF API: test ended suite=0 test=130 pass=false
Sep 21 22:08:21.978 INF API: test started suite=0 test=131 name="interop/nested-staticcall-value0-success (reth_development)"
Sep 21 22:08:21.980 INF API: test ended suite=0 test=131 pass=false
Sep 21 22:08:21.981 INF API: test started suite=0 test=132 name="interop/root-failed (reth_development)"
Sep 21 22:08:21.982 INF API: test ended suite=0 test=132 pass=false
Sep 21 22:08:21.983 INF API: test started suite=0 test=133 name="interop/root-success (reth_development)"
Sep 21 22:08:21.984 INF API: test ended suite=0 test=133 pass=false
Sep 21 22:08:22.264 INF API: test ended suite=0 test=115 pass=true
Sep 21 22:08:22.266 INF API: test started suite=0 test=134 name="client launch (reth_release)"
Sep 21 22:08:24.488 INF API: client reth_release started suite=0 test=134 container=16497df2
Sep 21 22:08:24.509 INF API: test started suite=0 test=135 name="interop/_control/head (reth_release)"
Sep 21 22:08:24.511 INF API: test ended suite=0 test=135 pass=false
Sep 21 22:08:24.512 INF API: test started suite=0 test=136 name="interop/_control/version (reth_release)"
Sep 21 22:08:24.513 INF API: test ended suite=0 test=136 pass=false
Sep 21 22:08:24.515 INF API: test started suite=0 test=137 name="interop/nested-call-value0-failed (reth_release)"
Sep 21 22:08:24.519 INF API: test ended suite=0 test=137 pass=false
Sep 21 22:08:24.520 INF API: test started suite=0 test=138 name="interop/nested-call-value0-success (reth_release)"
Sep 21 22:08:24.522 INF API: test ended suite=0 test=138 pass=false
Sep 21 22:08:24.523 INF API: test started suite=0 test=139 name="interop/nested-call-value1-failed (reth_release)"
Sep 21 22:08:24.525 INF API: test ended suite=0 test=139 pass=false
Sep 21 22:08:24.526 INF API: test started suite=0 test=140 name="interop/nested-call-value1-success (reth_release)"
Sep 21 22:08:24.529 INF API: test ended suite=0 test=140 pass=false
Sep 21 22:08:24.530 INF API: test started suite=0 test=141 name="interop/nested-callcode-value0-failed (reth_release)"
Sep 21 22:08:24.532 INF API: test ended suite=0 test=141 pass=false
Sep 21 22:08:24.532 INF API: test started suite=0 test=142 name="interop/nested-callcode-value0-success (reth_release)"
Sep 21 22:08:24.534 INF API: test ended suite=0 test=142 pass=false
Sep 21 22:08:24.535 INF API: test started suite=0 test=143 name="interop/nested-callcode-value1-failed (reth_release)"
Sep 21 22:08:24.537 INF API: test ended suite=0 test=143 pass=false
Sep 21 22:08:24.538 INF API: test started suite=0 test=144 name="interop/nested-callcode-value1-success (reth_release)"
Sep 21 22:08:24.540 INF API: test ended suite=0 test=144 pass=false
Sep 21 22:08:24.541 INF API: test started suite=0 test=145 name="interop/nested-delegatecall-value0-failed (reth_release)"
Sep 21 22:08:24.543 INF API: test ended suite=0 test=145 pass=false
Sep 21 22:08:24.544 INF API: test started suite=0 test=146 name="interop/nested-delegatecall-value0-success (reth_release)"
Sep 21 22:08:24.546 INF API: test ended suite=0 test=146 pass=false
Sep 21 22:08:24.547 INF API: test started suite=0 test=147 name="interop/nested-delegatecall-value1-failed (reth_release)"
Sep 21 22:08:24.549 INF API: test ended suite=0 test=147 pass=false
Sep 21 22:08:24.550 INF API: test started suite=0 test=148 name="interop/nested-delegatecall-value1-success (reth_release)"
Sep 21 22:08:24.552 INF API: test ended suite=0 test=148 pass=false
Sep 21 22:08:24.553 INF API: test started suite=0 test=149 name="interop/nested-staticcall-value0-failed (reth_release)"
Sep 21 22:08:24.555 INF API: test ended suite=0 test=149 pass=false
Sep 21 22:08:24.556 INF API: test started suite=0 test=150 name="interop/nested-staticcall-value0-success (reth_release)"
Sep 21 22:08:24.559 INF API: test ended suite=0 test=150 pass=false
Sep 21 22:08:24.559 INF API: test started suite=0 test=151 name="interop/root-failed (reth_release)"
Sep 21 22:08:24.561 INF API: test ended suite=0 test=151 pass=false
Sep 21 22:08:24.562 INF API: test started suite=0 test=152 name="interop/root-success (reth_release)"
Sep 21 22:08:24.563 INF API: test ended suite=0 test=152 pass=false
Sep 21 22:08:24.861 INF API: test ended suite=0 test=134 pass=true
Sep 21 22:08:24.870 INF API: suite ended suite=0
Sep 21 22:08:25.400 INF simulation ethereum/rpc-compat finished suites=1 tests=152 failed=144
144 tests failed
