Sep 24 22:55:53.523 INF building image image=hive/hiveproxy nocache=false pull=false
Sep 24 22:55:53.592 INF building 9 clients...
Sep 24 22:55:53.592 INF building image image=hive/clients/besu_development:latest dir=clients/besu nocache=false pull=false baseimage=trace-interop/besu tag=08ff27ec6642686495169a70672d126ad494b48d3152537529a0628d7841b46c
Sep 24 22:55:53.719 INF building image image=hive/clients/besu_release:latest dir=clients/besu nocache=false pull=false baseimage=trace-interop/besu tag=f3713c713ca4f9e89c09e1478d2a85116ba9ce8343129d709420ba2af009598b
Sep 24 22:55:53.839 INF building image image=hive/clients/erigon_development:latest dir=clients/erigon nocache=false pull=false baseimage=trace-interop/erigon tag=96ed3bf9e6103fa7348e8223f07becfaf1d19b43fb66524f295bdb83e12dbee5
Sep 24 22:55:53.964 INF building image image=hive/clients/erigon_release:latest dir=clients/erigon nocache=false pull=false baseimage=trace-interop/erigon tag=8668d9c5adc01ad1d12aa25380e384079080bdde7e0ce93f11bed422d82ca0ac
Sep 24 22:55:54.116 INF building image image=hive/clients/go-ethereum_trace:latest dir=clients/go-ethereum nocache=false pull=false baseimage=trace-interop/go-ethereum tag=06c86d469c85929160da6503691f9971d03cf659495075282b81f8919c86f97c
Sep 24 22:55:54.272 INF building image image=hive/clients/nethermind_development:latest dir=clients/nethermind nocache=false pull=false baseimage=trace-interop/nethermind tag=9a73261ff8a3adbf940d822db3557cedadd5702cd98862b875d8645f9db6302a
Sep 24 22:55:54.412 INF building image image=hive/clients/nethermind_release:latest dir=clients/nethermind nocache=false pull=false baseimage=trace-interop/nethermind tag=d6b98371fce49848629f4841a9ef2cfc416c90ee187bc82291e97ca77cb108e4
Sep 24 22:55:54.551 INF building image image=hive/clients/reth_development:latest dir=clients/reth nocache=false pull=false baseimage=trace-interop/reth tag=935f179789c1d4fc921c181a4fa21f3262e5d0509061ddbad4398b37db3f33bf
Sep 24 22:55:54.666 INF building image image=hive/clients/reth_release:latest dir=clients/reth nocache=false pull=false baseimage=trace-interop/reth tag=e939dc4a471d9d27224e430f607a954d692ca5037a1350ee2036397d14532ca7
Sep 24 22:55:54.787 INF building 1 simulators...
Sep 24 22:55:54.788 INF building image image=hive/simulators/ethereum/rpc-compat:latest dir=simulators/ethereum/rpc-compat nocache=false pull=false
Sep 24 22:55:54.853 INF creating output directory folder=/home/banteg/dev/trace-adopted-20260924/evidence/2026-09-24/adopted-stances/repeat/hive
Sep 24 22:55:54.860 INF running simulation: ethereum/rpc-compat
Sep 24 22:55:55.151 INF hiveproxy started container=b0bee68e14c4 addr=172.17.0.2:8081
Sep 24 22:55:55.453 INF API: suite started suite=0 name=rpc-compat
Sep 24 22:55:55.455 INF API: test started suite=0 test=1 name="client launch (besu_development)"
Sep 24 22:56:03.970 INF API: client besu_development started suite=0 test=1 container=d8380959
Sep 24 22:56:04.216 INF API: test started suite=0 test=2 name="interop/_control/head (besu_development)"
Sep 24 22:56:04.232 INF API: test ended suite=0 test=2 pass=false
Sep 24 22:56:04.233 INF API: test started suite=0 test=3 name="interop/_control/latest (besu_development)"
Sep 24 22:56:04.240 INF API: test ended suite=0 test=3 pass=false
Sep 24 22:56:04.241 INF API: test started suite=0 test=4 name="interop/_control/version (besu_development)"
Sep 24 22:56:04.248 INF API: test ended suite=0 test=4 pass=false
Sep 24 22:56:04.249 INF API: test started suite=0 test=5 name="interop/auth-clear (besu_development)"
Sep 24 22:56:04.338 INF API: test ended suite=0 test=5 pass=false
Sep 24 22:56:04.339 INF API: test started suite=0 test=6 name="interop/auth-set-revert (besu_development)"
Sep 24 22:56:04.366 INF API: test ended suite=0 test=6 pass=false
Sep 24 22:56:04.368 INF API: test started suite=0 test=7 name="interop/call-gas7400 (besu_development)"
Sep 24 22:56:04.423 INF API: test ended suite=0 test=7 pass=false
Sep 24 22:56:04.427 INF API: test started suite=0 test=8 name="interop/call-mcopy (besu_development)"
Sep 24 22:56:04.513 INF API: test ended suite=0 test=8 pass=false
Sep 24 22:56:04.516 INF API: test started suite=0 test=9 name="interop/call-mixed-create (besu_development)"
Sep 24 22:56:04.617 INF API: test ended suite=0 test=9 pass=false
Sep 24 22:56:04.619 INF API: test started suite=0 test=10 name="interop/call-return42 (besu_development)"
Sep 24 22:56:04.658 INF API: test ended suite=0 test=10 pass=false
Sep 24 22:56:04.660 INF API: test started suite=0 test=11 name="interop/call-siblings-revert-ok (besu_development)"
Sep 24 22:56:04.735 INF API: test ended suite=0 test=11 pass=false
Sep 24 22:56:04.738 INF API: test started suite=0 test=12 name="interop/constructor (besu_development)"
Sep 24 22:56:04.768 INF API: test ended suite=0 test=12 pass=false
Sep 24 22:56:04.770 INF API: test started suite=0 test=13 name="interop/control-code-gas7400 (besu_development)"
Sep 24 22:56:04.817 INF API: test ended suite=0 test=13 pass=false
Sep 24 22:56:04.819 INF API: test started suite=0 test=14 name="interop/control-code-siblings-revert-ok (besu_development)"
Sep 24 22:56:04.845 INF API: test ended suite=0 test=14 pass=false
Sep 24 22:56:04.847 INF API: test started suite=0 test=15 name="interop/control-head (besu_development)"
Sep 24 22:56:04.890 INF API: test ended suite=0 test=15 pass=false
Sep 24 22:56:04.894 INF API: test started suite=0 test=16 name="interop/control-height (besu_development)"
Sep 24 22:56:04.917 INF API: test ended suite=0 test=16 pass=false
Sep 24 22:56:04.920 INF API: test started suite=0 test=17 name="interop/debug-gas7400-opcodes (besu_development)"
Sep 24 22:56:05.039 INF API: test ended suite=0 test=17 pass=false
Sep 24 22:56:05.042 INF API: test started suite=0 test=18 name="interop/debug-mixed-create (besu_development)"
Sep 24 22:56:05.085 INF API: test ended suite=0 test=18 pass=false
Sep 24 22:56:05.087 INF API: test started suite=0 test=19 name="interop/debug-siblings-revert-ok (besu_development)"
Sep 24 22:56:05.107 INF API: test ended suite=0 test=19 pass=false
Sep 24 22:56:05.109 INF API: test started suite=0 test=20 name="interop/many-storage-write-revert-read (besu_development)"
Sep 24 22:56:05.152 INF API: test ended suite=0 test=20 pass=false
Sep 24 22:56:05.154 INF API: test started suite=0 test=21 name="interop/raw-below-basefee-stateDiff (besu_development)"
Sep 24 22:56:05.170 INF API: test ended suite=0 test=21 pass=false
Sep 24 22:56:05.171 INF API: test started suite=0 test=22 name="interop/raw-below-basefee-trace (besu_development)"
Sep 24 22:56:05.190 INF API: test ended suite=0 test=22 pass=false
Sep 24 22:56:05.191 INF API: test started suite=0 test=23 name="interop/raw-below-basefee-vmTrace (besu_development)"
Sep 24 22:56:05.213 INF API: test ended suite=0 test=23 pass=false
Sep 24 22:56:05.214 INF API: test started suite=0 test=24 name="interop/raw-below-basefee (besu_development)"
Sep 24 22:56:05.232 INF API: test ended suite=0 test=24 pass=false
Sep 24 22:56:05.234 INF API: test started suite=0 test=25 name="interop/raw-insufficient-funds-stateDiff (besu_development)"
Sep 24 22:56:05.254 INF API: test ended suite=0 test=25 pass=false
Sep 24 22:56:05.256 INF API: test started suite=0 test=26 name="interop/raw-insufficient-funds-trace (besu_development)"
Sep 24 22:56:05.270 INF API: test ended suite=0 test=26 pass=false
Sep 24 22:56:05.274 INF API: test started suite=0 test=27 name="interop/raw-insufficient-funds-vmTrace (besu_development)"
Sep 24 22:56:05.292 INF API: test ended suite=0 test=27 pass=false
Sep 24 22:56:05.293 INF API: test started suite=0 test=28 name="interop/raw-insufficient-funds (besu_development)"
Sep 24 22:56:05.309 INF API: test ended suite=0 test=28 pass=false
Sep 24 22:56:05.311 INF API: test started suite=0 test=29 name="interop/raw-low-gas-stateDiff (besu_development)"
Sep 24 22:56:05.325 INF API: test ended suite=0 test=29 pass=false
Sep 24 22:56:05.327 INF API: test started suite=0 test=30 name="interop/raw-low-gas-trace (besu_development)"
Sep 24 22:56:05.347 INF API: test ended suite=0 test=30 pass=false
Sep 24 22:56:05.348 INF API: test started suite=0 test=31 name="interop/raw-low-gas-vmTrace (besu_development)"
Sep 24 22:56:05.360 INF API: test ended suite=0 test=31 pass=false
Sep 24 22:56:05.362 INF API: test started suite=0 test=32 name="interop/raw-low-gas (besu_development)"
Sep 24 22:56:05.380 INF API: test ended suite=0 test=32 pass=false
Sep 24 22:56:05.382 INF API: test started suite=0 test=33 name="interop/raw-nonce-high-stateDiff (besu_development)"
Sep 24 22:56:05.402 INF API: test ended suite=0 test=33 pass=false
Sep 24 22:56:05.404 INF API: test started suite=0 test=34 name="interop/raw-nonce-high-trace (besu_development)"
Sep 24 22:56:05.417 INF API: test ended suite=0 test=34 pass=false
Sep 24 22:56:05.419 INF API: test started suite=0 test=35 name="interop/raw-nonce-high-vmTrace (besu_development)"
Sep 24 22:56:05.433 INF API: test ended suite=0 test=35 pass=false
Sep 24 22:56:05.434 INF API: test started suite=0 test=36 name="interop/raw-nonce-high (besu_development)"
Sep 24 22:56:05.454 INF API: test ended suite=0 test=36 pass=false
Sep 24 22:56:05.455 INF API: test started suite=0 test=37 name="interop/raw-valid-stateDiff (besu_development)"
Sep 24 22:56:05.474 INF API: test ended suite=0 test=37 pass=false
Sep 24 22:56:05.476 INF API: test started suite=0 test=38 name="interop/raw-valid-trace (besu_development)"
Sep 24 22:56:05.487 INF API: test ended suite=0 test=38 pass=false
Sep 24 22:56:05.489 INF API: test started suite=0 test=39 name="interop/raw-valid-vmTrace (besu_development)"
Sep 24 22:56:05.496 INF API: test ended suite=0 test=39 pass=false
Sep 24 22:56:05.497 INF API: test started suite=0 test=40 name="interop/raw-valid (besu_development)"
Sep 24 22:56:05.504 INF API: test ended suite=0 test=40 pass=false
Sep 24 22:56:05.505 INF API: test started suite=0 test=41 name="interop/raw-wrong-chain-stateDiff (besu_development)"
Sep 24 22:56:05.511 INF API: test ended suite=0 test=41 pass=false
Sep 24 22:56:05.512 INF API: test started suite=0 test=42 name="interop/raw-wrong-chain-trace (besu_development)"
Sep 24 22:56:05.519 INF API: test ended suite=0 test=42 pass=false
Sep 24 22:56:05.520 INF API: test started suite=0 test=43 name="interop/raw-wrong-chain-vmTrace (besu_development)"
Sep 24 22:56:05.526 INF API: test ended suite=0 test=43 pass=false
Sep 24 22:56:05.527 INF API: test started suite=0 test=44 name="interop/raw-wrong-chain (besu_development)"
Sep 24 22:56:05.534 INF API: test ended suite=0 test=44 pass=false
Sep 24 22:56:05.535 INF API: test started suite=0 test=45 name="interop/state-only-nonempty-output (besu_development)"
Sep 24 22:56:05.541 INF API: test ended suite=0 test=45 pass=false
Sep 24 22:56:05.844 INF API: test ended suite=0 test=1 pass=true
Sep 24 22:56:05.845 INF API: test started suite=0 test=46 name="client launch (besu_release)"
Sep 24 22:56:14.473 INF API: client besu_release started suite=0 test=46 container=6eb8665b
Sep 24 22:56:14.736 INF API: test started suite=0 test=47 name="interop/_control/head (besu_release)"
Sep 24 22:56:14.753 INF API: test ended suite=0 test=47 pass=false
Sep 24 22:56:14.754 INF API: test started suite=0 test=48 name="interop/_control/latest (besu_release)"
Sep 24 22:56:14.771 INF API: test ended suite=0 test=48 pass=false
Sep 24 22:56:14.772 INF API: test started suite=0 test=49 name="interop/_control/version (besu_release)"
Sep 24 22:56:14.777 INF API: test ended suite=0 test=49 pass=false
Sep 24 22:56:14.778 INF API: test started suite=0 test=50 name="interop/auth-clear (besu_release)"
Sep 24 22:56:14.865 INF API: test ended suite=0 test=50 pass=false
Sep 24 22:56:14.866 INF API: test started suite=0 test=51 name="interop/auth-set-revert (besu_release)"
Sep 24 22:56:14.897 INF API: test ended suite=0 test=51 pass=false
Sep 24 22:56:14.898 INF API: test started suite=0 test=52 name="interop/call-gas7400 (besu_release)"
Sep 24 22:56:14.950 INF API: test ended suite=0 test=52 pass=false
Sep 24 22:56:14.951 INF API: test started suite=0 test=53 name="interop/call-mcopy (besu_release)"
Sep 24 22:56:14.962 INF API: test ended suite=0 test=53 pass=false
Sep 24 22:56:14.963 INF API: test started suite=0 test=54 name="interop/call-mixed-create (besu_release)"
Sep 24 22:56:14.979 INF API: test ended suite=0 test=54 pass=false
Sep 24 22:56:14.980 INF API: test started suite=0 test=55 name="interop/call-return42 (besu_release)"
Sep 24 22:56:14.989 INF API: test ended suite=0 test=55 pass=false
Sep 24 22:56:14.990 INF API: test started suite=0 test=56 name="interop/call-siblings-revert-ok (besu_release)"
Sep 24 22:56:15.002 INF API: test ended suite=0 test=56 pass=false
Sep 24 22:56:15.003 INF API: test started suite=0 test=57 name="interop/constructor (besu_release)"
Sep 24 22:56:15.013 INF API: test ended suite=0 test=57 pass=false
Sep 24 22:56:15.014 INF API: test started suite=0 test=58 name="interop/control-code-gas7400 (besu_release)"
Sep 24 22:56:15.027 INF API: test ended suite=0 test=58 pass=false
Sep 24 22:56:15.028 INF API: test started suite=0 test=59 name="interop/control-code-siblings-revert-ok (besu_release)"
Sep 24 22:56:15.035 INF API: test ended suite=0 test=59 pass=false
Sep 24 22:56:15.036 INF API: test started suite=0 test=60 name="interop/control-head (besu_release)"
Sep 24 22:56:15.044 INF API: test ended suite=0 test=60 pass=false
Sep 24 22:56:15.045 INF API: test started suite=0 test=61 name="interop/control-height (besu_release)"
Sep 24 22:56:15.051 INF API: test ended suite=0 test=61 pass=false
Sep 24 22:56:15.052 INF API: test started suite=0 test=62 name="interop/debug-gas7400-opcodes (besu_release)"
Sep 24 22:56:15.083 INF API: test ended suite=0 test=62 pass=false
Sep 24 22:56:15.084 INF API: test started suite=0 test=63 name="interop/debug-mixed-create (besu_release)"
Sep 24 22:56:15.124 INF API: test ended suite=0 test=63 pass=false
Sep 24 22:56:15.125 INF API: test started suite=0 test=64 name="interop/debug-siblings-revert-ok (besu_release)"
Sep 24 22:56:15.155 INF API: test ended suite=0 test=64 pass=false
Sep 24 22:56:15.156 INF API: test started suite=0 test=65 name="interop/many-storage-write-revert-read (besu_release)"
Sep 24 22:56:15.189 INF API: test ended suite=0 test=65 pass=false
Sep 24 22:56:15.190 INF API: test started suite=0 test=66 name="interop/raw-below-basefee-stateDiff (besu_release)"
Sep 24 22:56:15.201 INF API: test ended suite=0 test=66 pass=false
Sep 24 22:56:15.203 INF API: test started suite=0 test=67 name="interop/raw-below-basefee-trace (besu_release)"
Sep 24 22:56:15.214 INF API: test ended suite=0 test=67 pass=false
Sep 24 22:56:15.215 INF API: test started suite=0 test=68 name="interop/raw-below-basefee-vmTrace (besu_release)"
Sep 24 22:56:15.232 INF API: test ended suite=0 test=68 pass=false
Sep 24 22:56:15.233 INF API: test started suite=0 test=69 name="interop/raw-below-basefee (besu_release)"
Sep 24 22:56:15.246 INF API: test ended suite=0 test=69 pass=false
Sep 24 22:56:15.247 INF API: test started suite=0 test=70 name="interop/raw-insufficient-funds-stateDiff (besu_release)"
Sep 24 22:56:15.254 INF API: test ended suite=0 test=70 pass=false
Sep 24 22:56:15.255 INF API: test started suite=0 test=71 name="interop/raw-insufficient-funds-trace (besu_release)"
Sep 24 22:56:15.261 INF API: test ended suite=0 test=71 pass=false
Sep 24 22:56:15.262 INF API: test started suite=0 test=72 name="interop/raw-insufficient-funds-vmTrace (besu_release)"
Sep 24 22:56:15.268 INF API: test ended suite=0 test=72 pass=false
Sep 24 22:56:15.269 INF API: test started suite=0 test=73 name="interop/raw-insufficient-funds (besu_release)"
Sep 24 22:56:15.275 INF API: test ended suite=0 test=73 pass=false
Sep 24 22:56:15.276 INF API: test started suite=0 test=74 name="interop/raw-low-gas-stateDiff (besu_release)"
Sep 24 22:56:15.281 INF API: test ended suite=0 test=74 pass=false
Sep 24 22:56:15.282 INF API: test started suite=0 test=75 name="interop/raw-low-gas-trace (besu_release)"
Sep 24 22:56:15.286 INF API: test ended suite=0 test=75 pass=false
Sep 24 22:56:15.287 INF API: test started suite=0 test=76 name="interop/raw-low-gas-vmTrace (besu_release)"
Sep 24 22:56:15.291 INF API: test ended suite=0 test=76 pass=false
Sep 24 22:56:15.292 INF API: test started suite=0 test=77 name="interop/raw-low-gas (besu_release)"
Sep 24 22:56:15.299 INF API: test ended suite=0 test=77 pass=false
Sep 24 22:56:15.300 INF API: test started suite=0 test=78 name="interop/raw-nonce-high-stateDiff (besu_release)"
Sep 24 22:56:15.305 INF API: test ended suite=0 test=78 pass=false
Sep 24 22:56:15.306 INF API: test started suite=0 test=79 name="interop/raw-nonce-high-trace (besu_release)"
Sep 24 22:56:15.310 INF API: test ended suite=0 test=79 pass=false
Sep 24 22:56:15.310 INF API: test started suite=0 test=80 name="interop/raw-nonce-high-vmTrace (besu_release)"
Sep 24 22:56:15.315 INF API: test ended suite=0 test=80 pass=false
Sep 24 22:56:15.316 INF API: test started suite=0 test=81 name="interop/raw-nonce-high (besu_release)"
Sep 24 22:56:15.321 INF API: test ended suite=0 test=81 pass=false
Sep 24 22:56:15.322 INF API: test started suite=0 test=82 name="interop/raw-valid-stateDiff (besu_release)"
Sep 24 22:56:15.328 INF API: test ended suite=0 test=82 pass=false
Sep 24 22:56:15.329 INF API: test started suite=0 test=83 name="interop/raw-valid-trace (besu_release)"
Sep 24 22:56:15.334 INF API: test ended suite=0 test=83 pass=false
Sep 24 22:56:15.335 INF API: test started suite=0 test=84 name="interop/raw-valid-vmTrace (besu_release)"
Sep 24 22:56:15.341 INF API: test ended suite=0 test=84 pass=false
Sep 24 22:56:15.342 INF API: test started suite=0 test=85 name="interop/raw-valid (besu_release)"
Sep 24 22:56:15.347 INF API: test ended suite=0 test=85 pass=false
Sep 24 22:56:15.348 INF API: test started suite=0 test=86 name="interop/raw-wrong-chain-stateDiff (besu_release)"
Sep 24 22:56:15.353 INF API: test ended suite=0 test=86 pass=false
Sep 24 22:56:15.355 INF API: test started suite=0 test=87 name="interop/raw-wrong-chain-trace (besu_release)"
Sep 24 22:56:15.360 INF API: test ended suite=0 test=87 pass=false
Sep 24 22:56:15.361 INF API: test started suite=0 test=88 name="interop/raw-wrong-chain-vmTrace (besu_release)"
Sep 24 22:56:15.366 INF API: test ended suite=0 test=88 pass=false
Sep 24 22:56:15.367 INF API: test started suite=0 test=89 name="interop/raw-wrong-chain (besu_release)"
Sep 24 22:56:15.372 INF API: test ended suite=0 test=89 pass=false
Sep 24 22:56:15.373 INF API: test started suite=0 test=90 name="interop/state-only-nonempty-output (besu_release)"
Sep 24 22:56:15.378 INF API: test ended suite=0 test=90 pass=false
Sep 24 22:56:15.712 INF API: test ended suite=0 test=46 pass=true
Sep 24 22:56:15.714 INF API: test started suite=0 test=91 name="client launch (erigon_development)"
Sep 24 22:56:16.960 INF API: client erigon_development started suite=0 test=91 container=c987af26
Sep 24 22:56:16.976 INF API: test started suite=0 test=92 name="interop/_control/head (erigon_development)"
Sep 24 22:56:16.978 INF API: test ended suite=0 test=92 pass=false
Sep 24 22:56:16.978 INF API: test started suite=0 test=93 name="interop/_control/latest (erigon_development)"
Sep 24 22:56:16.980 INF API: test ended suite=0 test=93 pass=false
Sep 24 22:56:16.980 INF API: test started suite=0 test=94 name="interop/_control/version (erigon_development)"
Sep 24 22:56:16.981 INF API: test ended suite=0 test=94 pass=false
Sep 24 22:56:16.982 INF API: test started suite=0 test=95 name="interop/auth-clear (erigon_development)"
Sep 24 22:56:16.985 INF API: test ended suite=0 test=95 pass=false
Sep 24 22:56:16.986 INF API: test started suite=0 test=96 name="interop/auth-set-revert (erigon_development)"
Sep 24 22:56:16.988 INF API: test ended suite=0 test=96 pass=false
Sep 24 22:56:16.988 INF API: test started suite=0 test=97 name="interop/call-gas7400 (erigon_development)"
Sep 24 22:56:16.994 INF API: test ended suite=0 test=97 pass=false
Sep 24 22:56:16.995 INF API: test started suite=0 test=98 name="interop/call-mcopy (erigon_development)"
Sep 24 22:56:16.997 INF API: test ended suite=0 test=98 pass=false
Sep 24 22:56:16.998 INF API: test started suite=0 test=99 name="interop/call-mixed-create (erigon_development)"
Sep 24 22:56:17.000 INF API: test ended suite=0 test=99 pass=false
Sep 24 22:56:17.001 INF API: test started suite=0 test=100 name="interop/call-return42 (erigon_development)"
Sep 24 22:56:17.003 INF API: test ended suite=0 test=100 pass=false
Sep 24 22:56:17.004 INF API: test started suite=0 test=101 name="interop/call-siblings-revert-ok (erigon_development)"
Sep 24 22:56:17.006 INF API: test ended suite=0 test=101 pass=false
Sep 24 22:56:17.007 INF API: test started suite=0 test=102 name="interop/constructor (erigon_development)"
Sep 24 22:56:17.009 INF API: test ended suite=0 test=102 pass=false
Sep 24 22:56:17.010 INF API: test started suite=0 test=103 name="interop/control-code-gas7400 (erigon_development)"
Sep 24 22:56:17.011 INF API: test ended suite=0 test=103 pass=false
Sep 24 22:56:17.012 INF API: test started suite=0 test=104 name="interop/control-code-siblings-revert-ok (erigon_development)"
Sep 24 22:56:17.013 INF API: test ended suite=0 test=104 pass=false
Sep 24 22:56:17.014 INF API: test started suite=0 test=105 name="interop/control-head (erigon_development)"
Sep 24 22:56:17.016 INF API: test ended suite=0 test=105 pass=false
Sep 24 22:56:17.017 INF API: test started suite=0 test=106 name="interop/control-height (erigon_development)"
Sep 24 22:56:17.018 INF API: test ended suite=0 test=106 pass=false
Sep 24 22:56:17.018 INF API: test started suite=0 test=107 name="interop/debug-gas7400-opcodes (erigon_development)"
Sep 24 22:56:17.020 INF API: test ended suite=0 test=107 pass=false
Sep 24 22:56:17.021 INF API: test started suite=0 test=108 name="interop/debug-mixed-create (erigon_development)"
Sep 24 22:56:17.022 INF API: test ended suite=0 test=108 pass=false
Sep 24 22:56:17.023 INF API: test started suite=0 test=109 name="interop/debug-siblings-revert-ok (erigon_development)"
Sep 24 22:56:17.025 INF API: test ended suite=0 test=109 pass=false
Sep 24 22:56:17.026 INF API: test started suite=0 test=110 name="interop/many-storage-write-revert-read (erigon_development)"
Sep 24 22:56:17.028 INF API: test ended suite=0 test=110 pass=false
Sep 24 22:56:17.028 INF API: test started suite=0 test=111 name="interop/raw-below-basefee-stateDiff (erigon_development)"
Sep 24 22:56:17.030 INF API: test ended suite=0 test=111 pass=false
Sep 24 22:56:17.031 INF API: test started suite=0 test=112 name="interop/raw-below-basefee-trace (erigon_development)"
Sep 24 22:56:17.032 INF API: test ended suite=0 test=112 pass=false
Sep 24 22:56:17.033 INF API: test started suite=0 test=113 name="interop/raw-below-basefee-vmTrace (erigon_development)"
Sep 24 22:56:17.034 INF API: test ended suite=0 test=113 pass=false
Sep 24 22:56:17.035 INF API: test started suite=0 test=114 name="interop/raw-below-basefee (erigon_development)"
Sep 24 22:56:17.036 INF API: test ended suite=0 test=114 pass=false
Sep 24 22:56:17.037 INF API: test started suite=0 test=115 name="interop/raw-insufficient-funds-stateDiff (erigon_development)"
Sep 24 22:56:17.038 INF API: test ended suite=0 test=115 pass=false
Sep 24 22:56:17.039 INF API: test started suite=0 test=116 name="interop/raw-insufficient-funds-trace (erigon_development)"
Sep 24 22:56:17.040 INF API: test ended suite=0 test=116 pass=false
Sep 24 22:56:17.041 INF API: test started suite=0 test=117 name="interop/raw-insufficient-funds-vmTrace (erigon_development)"
Sep 24 22:56:17.042 INF API: test ended suite=0 test=117 pass=false
Sep 24 22:56:17.042 INF API: test started suite=0 test=118 name="interop/raw-insufficient-funds (erigon_development)"
Sep 24 22:56:17.044 INF API: test ended suite=0 test=118 pass=false
Sep 24 22:56:17.045 INF API: test started suite=0 test=119 name="interop/raw-low-gas-stateDiff (erigon_development)"
Sep 24 22:56:17.046 INF API: test ended suite=0 test=119 pass=false
Sep 24 22:56:17.047 INF API: test started suite=0 test=120 name="interop/raw-low-gas-trace (erigon_development)"
Sep 24 22:56:17.048 INF API: test ended suite=0 test=120 pass=false
Sep 24 22:56:17.048 INF API: test started suite=0 test=121 name="interop/raw-low-gas-vmTrace (erigon_development)"
Sep 24 22:56:17.050 INF API: test ended suite=0 test=121 pass=false
Sep 24 22:56:17.050 INF API: test started suite=0 test=122 name="interop/raw-low-gas (erigon_development)"
Sep 24 22:56:17.051 INF API: test ended suite=0 test=122 pass=false
Sep 24 22:56:17.052 INF API: test started suite=0 test=123 name="interop/raw-nonce-high-stateDiff (erigon_development)"
Sep 24 22:56:17.053 INF API: test ended suite=0 test=123 pass=false
Sep 24 22:56:17.054 INF API: test started suite=0 test=124 name="interop/raw-nonce-high-trace (erigon_development)"
Sep 24 22:56:17.055 INF API: test ended suite=0 test=124 pass=false
Sep 24 22:56:17.056 INF API: test started suite=0 test=125 name="interop/raw-nonce-high-vmTrace (erigon_development)"
Sep 24 22:56:17.057 INF API: test ended suite=0 test=125 pass=false
Sep 24 22:56:17.058 INF API: test started suite=0 test=126 name="interop/raw-nonce-high (erigon_development)"
Sep 24 22:56:17.059 INF API: test ended suite=0 test=126 pass=false
Sep 24 22:56:17.060 INF API: test started suite=0 test=127 name="interop/raw-valid-stateDiff (erigon_development)"
Sep 24 22:56:17.061 INF API: test ended suite=0 test=127 pass=false
Sep 24 22:56:17.062 INF API: test started suite=0 test=128 name="interop/raw-valid-trace (erigon_development)"
Sep 24 22:56:17.063 INF API: test ended suite=0 test=128 pass=false
Sep 24 22:56:17.064 INF API: test started suite=0 test=129 name="interop/raw-valid-vmTrace (erigon_development)"
Sep 24 22:56:17.066 INF API: test ended suite=0 test=129 pass=false
Sep 24 22:56:17.066 INF API: test started suite=0 test=130 name="interop/raw-valid (erigon_development)"
Sep 24 22:56:17.067 INF API: test ended suite=0 test=130 pass=false
Sep 24 22:56:17.068 INF API: test started suite=0 test=131 name="interop/raw-wrong-chain-stateDiff (erigon_development)"
Sep 24 22:56:17.069 INF API: test ended suite=0 test=131 pass=false
Sep 24 22:56:17.069 INF API: test started suite=0 test=132 name="interop/raw-wrong-chain-trace (erigon_development)"
Sep 24 22:56:17.070 INF API: test ended suite=0 test=132 pass=false
Sep 24 22:56:17.071 INF API: test started suite=0 test=133 name="interop/raw-wrong-chain-vmTrace (erigon_development)"
Sep 24 22:56:17.072 INF API: test ended suite=0 test=133 pass=false
Sep 24 22:56:17.073 INF API: test started suite=0 test=134 name="interop/raw-wrong-chain (erigon_development)"
Sep 24 22:56:17.074 INF API: test ended suite=0 test=134 pass=false
Sep 24 22:56:17.075 INF API: test started suite=0 test=135 name="interop/state-only-nonempty-output (erigon_development)"
Sep 24 22:56:17.076 INF API: test ended suite=0 test=135 pass=false
Sep 24 22:56:17.529 INF API: test ended suite=0 test=91 pass=true
Sep 24 22:56:17.530 INF API: test started suite=0 test=136 name="client launch (erigon_release)"
Sep 24 22:56:19.054 INF API: client erigon_release started suite=0 test=136 container=3dc710a2
Sep 24 22:56:19.074 INF API: test started suite=0 test=137 name="interop/_control/head (erigon_release)"
Sep 24 22:56:19.089 INF API: test ended suite=0 test=137 pass=false
Sep 24 22:56:19.090 INF API: test started suite=0 test=138 name="interop/_control/latest (erigon_release)"
Sep 24 22:56:19.092 INF API: test ended suite=0 test=138 pass=false
Sep 24 22:56:19.092 INF API: test started suite=0 test=139 name="interop/_control/version (erigon_release)"
Sep 24 22:56:19.093 INF API: test ended suite=0 test=139 pass=false
Sep 24 22:56:19.094 INF API: test started suite=0 test=140 name="interop/auth-clear (erigon_release)"
Sep 24 22:56:19.096 INF API: test ended suite=0 test=140 pass=false
Sep 24 22:56:19.097 INF API: test started suite=0 test=141 name="interop/auth-set-revert (erigon_release)"
Sep 24 22:56:19.100 INF API: test ended suite=0 test=141 pass=false
Sep 24 22:56:19.101 INF API: test started suite=0 test=142 name="interop/call-gas7400 (erigon_release)"
Sep 24 22:56:19.108 INF API: test ended suite=0 test=142 pass=false
Sep 24 22:56:19.109 INF API: test started suite=0 test=143 name="interop/call-mcopy (erigon_release)"
Sep 24 22:56:19.111 INF API: test ended suite=0 test=143 pass=false
Sep 24 22:56:19.112 INF API: test started suite=0 test=144 name="interop/call-mixed-create (erigon_release)"
Sep 24 22:56:19.116 INF API: test ended suite=0 test=144 pass=false
Sep 24 22:56:19.117 INF API: test started suite=0 test=145 name="interop/call-return42 (erigon_release)"
Sep 24 22:56:19.119 INF API: test ended suite=0 test=145 pass=false
Sep 24 22:56:19.120 INF API: test started suite=0 test=146 name="interop/call-siblings-revert-ok (erigon_release)"
Sep 24 22:56:19.124 INF API: test ended suite=0 test=146 pass=false
Sep 24 22:56:19.126 INF API: test started suite=0 test=147 name="interop/constructor (erigon_release)"
Sep 24 22:56:19.128 INF API: test ended suite=0 test=147 pass=false
Sep 24 22:56:19.129 INF API: test started suite=0 test=148 name="interop/control-code-gas7400 (erigon_release)"
Sep 24 22:56:19.130 INF API: test ended suite=0 test=148 pass=false
Sep 24 22:56:19.131 INF API: test started suite=0 test=149 name="interop/control-code-siblings-revert-ok (erigon_release)"
Sep 24 22:56:19.133 INF API: test ended suite=0 test=149 pass=false
Sep 24 22:56:19.133 INF API: test started suite=0 test=150 name="interop/control-head (erigon_release)"
Sep 24 22:56:19.135 INF API: test ended suite=0 test=150 pass=false
Sep 24 22:56:19.136 INF API: test started suite=0 test=151 name="interop/control-height (erigon_release)"
Sep 24 22:56:19.138 INF API: test ended suite=0 test=151 pass=false
Sep 24 22:56:19.138 INF API: test started suite=0 test=152 name="interop/debug-gas7400-opcodes (erigon_release)"
Sep 24 22:56:19.140 INF API: test ended suite=0 test=152 pass=false
Sep 24 22:56:19.141 INF API: test started suite=0 test=153 name="interop/debug-mixed-create (erigon_release)"
Sep 24 22:56:19.142 INF API: test ended suite=0 test=153 pass=false
Sep 24 22:56:19.143 INF API: test started suite=0 test=154 name="interop/debug-siblings-revert-ok (erigon_release)"
Sep 24 22:56:19.144 INF API: test ended suite=0 test=154 pass=false
Sep 24 22:56:19.145 INF API: test started suite=0 test=155 name="interop/many-storage-write-revert-read (erigon_release)"
Sep 24 22:56:19.146 INF API: test ended suite=0 test=155 pass=false
Sep 24 22:56:19.147 INF API: test started suite=0 test=156 name="interop/raw-below-basefee-stateDiff (erigon_release)"
Sep 24 22:56:19.148 INF API: test ended suite=0 test=156 pass=false
Sep 24 22:56:19.149 INF API: test started suite=0 test=157 name="interop/raw-below-basefee-trace (erigon_release)"
Sep 24 22:56:19.150 INF API: test ended suite=0 test=157 pass=false
Sep 24 22:56:19.150 INF API: test started suite=0 test=158 name="interop/raw-below-basefee-vmTrace (erigon_release)"
Sep 24 22:56:19.151 INF API: test ended suite=0 test=158 pass=false
Sep 24 22:56:19.152 INF API: test started suite=0 test=159 name="interop/raw-below-basefee (erigon_release)"
Sep 24 22:56:19.153 INF API: test ended suite=0 test=159 pass=false
Sep 24 22:56:19.154 INF API: test started suite=0 test=160 name="interop/raw-insufficient-funds-stateDiff (erigon_release)"
Sep 24 22:56:19.156 INF API: test ended suite=0 test=160 pass=false
Sep 24 22:56:19.156 INF API: test started suite=0 test=161 name="interop/raw-insufficient-funds-trace (erigon_release)"
Sep 24 22:56:19.158 INF API: test ended suite=0 test=161 pass=false
Sep 24 22:56:19.159 INF API: test started suite=0 test=162 name="interop/raw-insufficient-funds-vmTrace (erigon_release)"
Sep 24 22:56:19.160 INF API: test ended suite=0 test=162 pass=false
Sep 24 22:56:19.161 INF API: test started suite=0 test=163 name="interop/raw-insufficient-funds (erigon_release)"
Sep 24 22:56:19.163 INF API: test ended suite=0 test=163 pass=false
Sep 24 22:56:19.163 INF API: test started suite=0 test=164 name="interop/raw-low-gas-stateDiff (erigon_release)"
Sep 24 22:56:19.165 INF API: test ended suite=0 test=164 pass=false
Sep 24 22:56:19.166 INF API: test started suite=0 test=165 name="interop/raw-low-gas-trace (erigon_release)"
Sep 24 22:56:19.167 INF API: test ended suite=0 test=165 pass=false
Sep 24 22:56:19.168 INF API: test started suite=0 test=166 name="interop/raw-low-gas-vmTrace (erigon_release)"
Sep 24 22:56:19.169 INF API: test ended suite=0 test=166 pass=false
Sep 24 22:56:19.170 INF API: test started suite=0 test=167 name="interop/raw-low-gas (erigon_release)"
Sep 24 22:56:19.171 INF API: test ended suite=0 test=167 pass=false
Sep 24 22:56:19.172 INF API: test started suite=0 test=168 name="interop/raw-nonce-high-stateDiff (erigon_release)"
Sep 24 22:56:19.173 INF API: test ended suite=0 test=168 pass=false
Sep 24 22:56:19.174 INF API: test started suite=0 test=169 name="interop/raw-nonce-high-trace (erigon_release)"
Sep 24 22:56:19.175 INF API: test ended suite=0 test=169 pass=false
Sep 24 22:56:19.176 INF API: test started suite=0 test=170 name="interop/raw-nonce-high-vmTrace (erigon_release)"
Sep 24 22:56:19.177 INF API: test ended suite=0 test=170 pass=false
Sep 24 22:56:19.178 INF API: test started suite=0 test=171 name="interop/raw-nonce-high (erigon_release)"
Sep 24 22:56:19.179 INF API: test ended suite=0 test=171 pass=false
Sep 24 22:56:19.180 INF API: test started suite=0 test=172 name="interop/raw-valid-stateDiff (erigon_release)"
Sep 24 22:56:19.181 INF API: test ended suite=0 test=172 pass=false
Sep 24 22:56:19.182 INF API: test started suite=0 test=173 name="interop/raw-valid-trace (erigon_release)"
Sep 24 22:56:19.183 INF API: test ended suite=0 test=173 pass=false
Sep 24 22:56:19.184 INF API: test started suite=0 test=174 name="interop/raw-valid-vmTrace (erigon_release)"
Sep 24 22:56:19.186 INF API: test ended suite=0 test=174 pass=false
Sep 24 22:56:19.186 INF API: test started suite=0 test=175 name="interop/raw-valid (erigon_release)"
Sep 24 22:56:19.188 INF API: test ended suite=0 test=175 pass=false
Sep 24 22:56:19.188 INF API: test started suite=0 test=176 name="interop/raw-wrong-chain-stateDiff (erigon_release)"
Sep 24 22:56:19.189 INF API: test ended suite=0 test=176 pass=false
Sep 24 22:56:19.190 INF API: test started suite=0 test=177 name="interop/raw-wrong-chain-trace (erigon_release)"
Sep 24 22:56:19.191 INF API: test ended suite=0 test=177 pass=false
Sep 24 22:56:19.192 INF API: test started suite=0 test=178 name="interop/raw-wrong-chain-vmTrace (erigon_release)"
Sep 24 22:56:19.193 INF API: test ended suite=0 test=178 pass=false
Sep 24 22:56:19.193 INF API: test started suite=0 test=179 name="interop/raw-wrong-chain (erigon_release)"
Sep 24 22:56:19.195 INF API: test ended suite=0 test=179 pass=false
Sep 24 22:56:19.196 INF API: test started suite=0 test=180 name="interop/state-only-nonempty-output (erigon_release)"
Sep 24 22:56:19.197 INF API: test ended suite=0 test=180 pass=false
Sep 24 22:56:19.591 INF API: test ended suite=0 test=136 pass=true
Sep 24 22:56:19.592 INF API: test started suite=0 test=181 name="client launch (go-ethereum_trace)"
Sep 24 22:56:21.419 INF API: client go-ethereum_trace started suite=0 test=181 container=b348ffea
Sep 24 22:56:21.433 INF API: test started suite=0 test=182 name="interop/_control/head (go-ethereum_trace)"
Sep 24 22:56:21.438 INF API: test ended suite=0 test=182 pass=false
Sep 24 22:56:21.439 INF API: test started suite=0 test=183 name="interop/_control/latest (go-ethereum_trace)"
Sep 24 22:56:21.441 INF API: test ended suite=0 test=183 pass=false
Sep 24 22:56:21.442 INF API: test started suite=0 test=184 name="interop/_control/version (go-ethereum_trace)"
Sep 24 22:56:21.444 INF API: test ended suite=0 test=184 pass=false
Sep 24 22:56:21.445 INF API: test started suite=0 test=185 name="interop/auth-clear (go-ethereum_trace)"
Sep 24 22:56:21.449 INF API: test ended suite=0 test=185 pass=false
Sep 24 22:56:21.450 INF API: test started suite=0 test=186 name="interop/auth-set-revert (go-ethereum_trace)"
Sep 24 22:56:21.453 INF API: test ended suite=0 test=186 pass=false
Sep 24 22:56:21.453 INF API: test started suite=0 test=187 name="interop/call-gas7400 (go-ethereum_trace)"
Sep 24 22:56:21.463 INF API: test ended suite=0 test=187 pass=false
Sep 24 22:56:21.464 INF API: test started suite=0 test=188 name="interop/call-mcopy (go-ethereum_trace)"
Sep 24 22:56:21.466 INF API: test ended suite=0 test=188 pass=false
Sep 24 22:56:21.466 INF API: test started suite=0 test=189 name="interop/call-mixed-create (go-ethereum_trace)"
Sep 24 22:56:21.469 INF API: test ended suite=0 test=189 pass=false
Sep 24 22:56:21.470 INF API: test started suite=0 test=190 name="interop/call-return42 (go-ethereum_trace)"
Sep 24 22:56:21.472 INF API: test ended suite=0 test=190 pass=false
Sep 24 22:56:21.473 INF API: test started suite=0 test=191 name="interop/call-siblings-revert-ok (go-ethereum_trace)"
Sep 24 22:56:21.476 INF API: test ended suite=0 test=191 pass=false
Sep 24 22:56:21.477 INF API: test started suite=0 test=192 name="interop/constructor (go-ethereum_trace)"
Sep 24 22:56:21.480 INF API: test ended suite=0 test=192 pass=false
Sep 24 22:56:21.481 INF API: test started suite=0 test=193 name="interop/control-code-gas7400 (go-ethereum_trace)"
Sep 24 22:56:21.482 INF API: test ended suite=0 test=193 pass=false
Sep 24 22:56:21.483 INF API: test started suite=0 test=194 name="interop/control-code-siblings-revert-ok (go-ethereum_trace)"
Sep 24 22:56:21.484 INF API: test ended suite=0 test=194 pass=false
Sep 24 22:56:21.485 INF API: test started suite=0 test=195 name="interop/control-head (go-ethereum_trace)"
Sep 24 22:56:21.487 INF API: test ended suite=0 test=195 pass=false
Sep 24 22:56:21.487 INF API: test started suite=0 test=196 name="interop/control-height (go-ethereum_trace)"
Sep 24 22:56:21.489 INF API: test ended suite=0 test=196 pass=false
Sep 24 22:56:21.490 INF API: test started suite=0 test=197 name="interop/debug-gas7400-opcodes (go-ethereum_trace)"
Sep 24 22:56:21.492 INF API: test ended suite=0 test=197 pass=false
Sep 24 22:56:21.493 INF API: test started suite=0 test=198 name="interop/debug-mixed-create (go-ethereum_trace)"
Sep 24 22:56:21.495 INF API: test ended suite=0 test=198 pass=false
Sep 24 22:56:21.496 INF API: test started suite=0 test=199 name="interop/debug-siblings-revert-ok (go-ethereum_trace)"
Sep 24 22:56:21.497 INF API: test ended suite=0 test=199 pass=false
Sep 24 22:56:21.498 INF API: test started suite=0 test=200 name="interop/many-storage-write-revert-read (go-ethereum_trace)"
Sep 24 22:56:21.500 INF API: test ended suite=0 test=200 pass=false
Sep 24 22:56:21.501 INF API: test started suite=0 test=201 name="interop/raw-below-basefee-stateDiff (go-ethereum_trace)"
Sep 24 22:56:21.510 INF API: test ended suite=0 test=201 pass=false
Sep 24 22:56:21.511 INF API: test started suite=0 test=202 name="interop/raw-below-basefee-trace (go-ethereum_trace)"
Sep 24 22:56:21.521 INF API: test ended suite=0 test=202 pass=false
Sep 24 22:56:21.522 INF API: test started suite=0 test=203 name="interop/raw-below-basefee-vmTrace (go-ethereum_trace)"
Sep 24 22:56:21.532 INF API: test ended suite=0 test=203 pass=false
Sep 24 22:56:21.533 INF API: test started suite=0 test=204 name="interop/raw-below-basefee (go-ethereum_trace)"
Sep 24 22:56:21.543 INF API: test ended suite=0 test=204 pass=false
Sep 24 22:56:21.544 INF API: test started suite=0 test=205 name="interop/raw-insufficient-funds-stateDiff (go-ethereum_trace)"
Sep 24 22:56:21.557 INF API: test ended suite=0 test=205 pass=false
Sep 24 22:56:21.558 INF API: test started suite=0 test=206 name="interop/raw-insufficient-funds-trace (go-ethereum_trace)"
Sep 24 22:56:21.571 INF API: test ended suite=0 test=206 pass=false
Sep 24 22:56:21.572 INF API: test started suite=0 test=207 name="interop/raw-insufficient-funds-vmTrace (go-ethereum_trace)"
Sep 24 22:56:21.582 INF API: test ended suite=0 test=207 pass=false
Sep 24 22:56:21.583 INF API: test started suite=0 test=208 name="interop/raw-insufficient-funds (go-ethereum_trace)"
Sep 24 22:56:21.593 INF API: test ended suite=0 test=208 pass=false
Sep 24 22:56:21.594 INF API: test started suite=0 test=209 name="interop/raw-low-gas-stateDiff (go-ethereum_trace)"
Sep 24 22:56:21.604 INF API: test ended suite=0 test=209 pass=false
Sep 24 22:56:21.605 INF API: test started suite=0 test=210 name="interop/raw-low-gas-trace (go-ethereum_trace)"
Sep 24 22:56:21.615 INF API: test ended suite=0 test=210 pass=false
Sep 24 22:56:21.616 INF API: test started suite=0 test=211 name="interop/raw-low-gas-vmTrace (go-ethereum_trace)"
Sep 24 22:56:21.626 INF API: test ended suite=0 test=211 pass=false
Sep 24 22:56:21.627 INF API: test started suite=0 test=212 name="interop/raw-low-gas (go-ethereum_trace)"
Sep 24 22:56:21.637 INF API: test ended suite=0 test=212 pass=false
Sep 24 22:56:21.638 INF API: test started suite=0 test=213 name="interop/raw-nonce-high-stateDiff (go-ethereum_trace)"
Sep 24 22:56:21.648 INF API: test ended suite=0 test=213 pass=false
Sep 24 22:56:21.650 INF API: test started suite=0 test=214 name="interop/raw-nonce-high-trace (go-ethereum_trace)"
Sep 24 22:56:21.664 INF API: test ended suite=0 test=214 pass=false
Sep 24 22:56:21.665 INF API: test started suite=0 test=215 name="interop/raw-nonce-high-vmTrace (go-ethereum_trace)"
Sep 24 22:56:21.675 INF API: test ended suite=0 test=215 pass=false
Sep 24 22:56:21.676 INF API: test started suite=0 test=216 name="interop/raw-nonce-high (go-ethereum_trace)"
Sep 24 22:56:21.686 INF API: test ended suite=0 test=216 pass=false
Sep 24 22:56:21.687 INF API: test started suite=0 test=217 name="interop/raw-valid-stateDiff (go-ethereum_trace)"
Sep 24 22:56:21.689 INF API: test ended suite=0 test=217 pass=false
Sep 24 22:56:21.690 INF API: test started suite=0 test=218 name="interop/raw-valid-trace (go-ethereum_trace)"
Sep 24 22:56:21.692 INF API: test ended suite=0 test=218 pass=false
Sep 24 22:56:21.693 INF API: test started suite=0 test=219 name="interop/raw-valid-vmTrace (go-ethereum_trace)"
Sep 24 22:56:21.694 INF API: test ended suite=0 test=219 pass=false
Sep 24 22:56:21.695 INF API: test started suite=0 test=220 name="interop/raw-valid (go-ethereum_trace)"
Sep 24 22:56:21.697 INF API: test ended suite=0 test=220 pass=false
Sep 24 22:56:21.698 INF API: test started suite=0 test=221 name="interop/raw-wrong-chain-stateDiff (go-ethereum_trace)"
Sep 24 22:56:21.708 INF API: test ended suite=0 test=221 pass=false
Sep 24 22:56:21.710 INF API: test started suite=0 test=222 name="interop/raw-wrong-chain-trace (go-ethereum_trace)"
Sep 24 22:56:21.721 INF API: test ended suite=0 test=222 pass=false
Sep 24 22:56:21.722 INF API: test started suite=0 test=223 name="interop/raw-wrong-chain-vmTrace (go-ethereum_trace)"
Sep 24 22:56:21.733 INF API: test ended suite=0 test=223 pass=false
Sep 24 22:56:21.734 INF API: test started suite=0 test=224 name="interop/raw-wrong-chain (go-ethereum_trace)"
Sep 24 22:56:21.744 INF API: test ended suite=0 test=224 pass=false
Sep 24 22:56:21.745 INF API: test started suite=0 test=225 name="interop/state-only-nonempty-output (go-ethereum_trace)"
Sep 24 22:56:21.747 INF API: test ended suite=0 test=225 pass=false
Sep 24 22:56:22.054 INF API: test ended suite=0 test=181 pass=true
Sep 24 22:56:22.058 INF API: test started suite=0 test=226 name="client launch (nethermind_development)"
Sep 24 22:56:30.129 INF API: client nethermind_development started suite=0 test=226 container=88b04350
Sep 24 22:56:30.279 INF API: test started suite=0 test=227 name="interop/_control/head (nethermind_development)"
Sep 24 22:56:30.294 INF API: test ended suite=0 test=227 pass=false
Sep 24 22:56:30.295 INF API: test started suite=0 test=228 name="interop/_control/latest (nethermind_development)"
Sep 24 22:56:30.297 INF API: test ended suite=0 test=228 pass=false
Sep 24 22:56:30.297 INF API: test started suite=0 test=229 name="interop/_control/version (nethermind_development)"
Sep 24 22:56:30.300 INF API: test ended suite=0 test=229 pass=false
Sep 24 22:56:30.300 INF API: test started suite=0 test=230 name="interop/auth-clear (nethermind_development)"
Sep 24 22:56:30.436 INF API: test ended suite=0 test=230 pass=false
Sep 24 22:56:30.438 INF API: test started suite=0 test=231 name="interop/auth-set-revert (nethermind_development)"
Sep 24 22:56:30.456 INF API: test ended suite=0 test=231 pass=false
Sep 24 22:56:30.457 INF API: test started suite=0 test=232 name="interop/call-gas7400 (nethermind_development)"
Sep 24 22:56:30.496 INF API: test ended suite=0 test=232 pass=false
Sep 24 22:56:30.498 INF API: test started suite=0 test=233 name="interop/call-mcopy (nethermind_development)"
Sep 24 22:56:30.512 INF API: test ended suite=0 test=233 pass=false
Sep 24 22:56:30.513 INF API: test started suite=0 test=234 name="interop/call-mixed-create (nethermind_development)"
Sep 24 22:56:30.534 INF API: test ended suite=0 test=234 pass=false
Sep 24 22:56:30.535 INF API: test started suite=0 test=235 name="interop/call-return42 (nethermind_development)"
Sep 24 22:56:30.538 INF API: test ended suite=0 test=235 pass=false
Sep 24 22:56:30.539 INF API: test started suite=0 test=236 name="interop/call-siblings-revert-ok (nethermind_development)"
Sep 24 22:56:30.558 INF API: test ended suite=0 test=236 pass=false
Sep 24 22:56:30.559 INF API: test started suite=0 test=237 name="interop/constructor (nethermind_development)"
Sep 24 22:56:30.562 INF API: test ended suite=0 test=237 pass=false
Sep 24 22:56:30.563 INF API: test started suite=0 test=238 name="interop/control-code-gas7400 (nethermind_development)"
Sep 24 22:56:30.565 INF API: test ended suite=0 test=238 pass=false
Sep 24 22:56:30.566 INF API: test started suite=0 test=239 name="interop/control-code-siblings-revert-ok (nethermind_development)"
Sep 24 22:56:30.567 INF API: test ended suite=0 test=239 pass=false
Sep 24 22:56:30.568 INF API: test started suite=0 test=240 name="interop/control-head (nethermind_development)"
Sep 24 22:56:30.569 INF API: test ended suite=0 test=240 pass=false
Sep 24 22:56:30.570 INF API: test started suite=0 test=241 name="interop/control-height (nethermind_development)"
Sep 24 22:56:30.574 INF API: test ended suite=0 test=241 pass=false
Sep 24 22:56:30.575 INF API: test started suite=0 test=242 name="interop/debug-gas7400-opcodes (nethermind_development)"
Sep 24 22:56:30.703 INF API: test ended suite=0 test=242 pass=false
Sep 24 22:56:30.704 INF API: test started suite=0 test=243 name="interop/debug-mixed-create (nethermind_development)"
Sep 24 22:56:30.722 INF API: test ended suite=0 test=243 pass=false
Sep 24 22:56:30.723 INF API: test started suite=0 test=244 name="interop/debug-siblings-revert-ok (nethermind_development)"
Sep 24 22:56:30.726 INF API: test ended suite=0 test=244 pass=false
Sep 24 22:56:30.727 INF API: test started suite=0 test=245 name="interop/many-storage-write-revert-read (nethermind_development)"
Sep 24 22:56:30.753 INF API: test ended suite=0 test=245 pass=false
Sep 24 22:56:30.754 INF API: test started suite=0 test=246 name="interop/raw-below-basefee-stateDiff (nethermind_development)"
Sep 24 22:56:30.761 INF API: test ended suite=0 test=246 pass=false
Sep 24 22:56:30.762 INF API: test started suite=0 test=247 name="interop/raw-below-basefee-trace (nethermind_development)"
Sep 24 22:56:30.780 INF API: test ended suite=0 test=247 pass=false
Sep 24 22:56:30.781 INF API: test started suite=0 test=248 name="interop/raw-below-basefee-vmTrace (nethermind_development)"
Sep 24 22:56:30.783 INF API: test ended suite=0 test=248 pass=false
Sep 24 22:56:30.784 INF API: test started suite=0 test=249 name="interop/raw-below-basefee (nethermind_development)"
Sep 24 22:56:30.786 INF API: test ended suite=0 test=249 pass=false
Sep 24 22:56:30.786 INF API: test started suite=0 test=250 name="interop/raw-insufficient-funds-stateDiff (nethermind_development)"
Sep 24 22:56:30.789 INF API: test ended suite=0 test=250 pass=false
Sep 24 22:56:30.789 INF API: test started suite=0 test=251 name="interop/raw-insufficient-funds-trace (nethermind_development)"
Sep 24 22:56:30.791 INF API: test ended suite=0 test=251 pass=false
Sep 24 22:56:30.792 INF API: test started suite=0 test=252 name="interop/raw-insufficient-funds-vmTrace (nethermind_development)"
Sep 24 22:56:30.794 INF API: test ended suite=0 test=252 pass=false
Sep 24 22:56:30.794 INF API: test started suite=0 test=253 name="interop/raw-insufficient-funds (nethermind_development)"
Sep 24 22:56:30.797 INF API: test ended suite=0 test=253 pass=false
Sep 24 22:56:30.797 INF API: test started suite=0 test=254 name="interop/raw-low-gas-stateDiff (nethermind_development)"
Sep 24 22:56:30.799 INF API: test ended suite=0 test=254 pass=false
Sep 24 22:56:30.800 INF API: test started suite=0 test=255 name="interop/raw-low-gas-trace (nethermind_development)"
Sep 24 22:56:30.802 INF API: test ended suite=0 test=255 pass=false
Sep 24 22:56:30.802 INF API: test started suite=0 test=256 name="interop/raw-low-gas-vmTrace (nethermind_development)"
Sep 24 22:56:30.804 INF API: test ended suite=0 test=256 pass=false
Sep 24 22:56:30.805 INF API: test started suite=0 test=257 name="interop/raw-low-gas (nethermind_development)"
Sep 24 22:56:30.807 INF API: test ended suite=0 test=257 pass=false
Sep 24 22:56:30.808 INF API: test started suite=0 test=258 name="interop/raw-nonce-high-stateDiff (nethermind_development)"
Sep 24 22:56:30.810 INF API: test ended suite=0 test=258 pass=false
Sep 24 22:56:30.811 INF API: test started suite=0 test=259 name="interop/raw-nonce-high-trace (nethermind_development)"
Sep 24 22:56:30.813 INF API: test ended suite=0 test=259 pass=false
Sep 24 22:56:30.814 INF API: test started suite=0 test=260 name="interop/raw-nonce-high-vmTrace (nethermind_development)"
Sep 24 22:56:30.816 INF API: test ended suite=0 test=260 pass=false
Sep 24 22:56:30.816 INF API: test started suite=0 test=261 name="interop/raw-nonce-high (nethermind_development)"
Sep 24 22:56:30.818 INF API: test ended suite=0 test=261 pass=false
Sep 24 22:56:30.819 INF API: test started suite=0 test=262 name="interop/raw-valid-stateDiff (nethermind_development)"
Sep 24 22:56:30.822 INF API: test ended suite=0 test=262 pass=false
Sep 24 22:56:30.823 INF API: test started suite=0 test=263 name="interop/raw-valid-trace (nethermind_development)"
Sep 24 22:56:30.825 INF API: test ended suite=0 test=263 pass=false
Sep 24 22:56:30.825 INF API: test started suite=0 test=264 name="interop/raw-valid-vmTrace (nethermind_development)"
Sep 24 22:56:30.827 INF API: test ended suite=0 test=264 pass=false
Sep 24 22:56:30.828 INF API: test started suite=0 test=265 name="interop/raw-valid (nethermind_development)"
Sep 24 22:56:30.830 INF API: test ended suite=0 test=265 pass=false
Sep 24 22:56:30.831 INF API: test started suite=0 test=266 name="interop/raw-wrong-chain-stateDiff (nethermind_development)"
Sep 24 22:56:30.833 INF API: test ended suite=0 test=266 pass=false
Sep 24 22:56:30.834 INF API: test started suite=0 test=267 name="interop/raw-wrong-chain-trace (nethermind_development)"
Sep 24 22:56:30.836 INF API: test ended suite=0 test=267 pass=false
Sep 24 22:56:30.837 INF API: test started suite=0 test=268 name="interop/raw-wrong-chain-vmTrace (nethermind_development)"
Sep 24 22:56:30.840 INF API: test ended suite=0 test=268 pass=false
Sep 24 22:56:30.840 INF API: test started suite=0 test=269 name="interop/raw-wrong-chain (nethermind_development)"
Sep 24 22:56:30.843 INF API: test ended suite=0 test=269 pass=false
Sep 24 22:56:30.844 INF API: test started suite=0 test=270 name="interop/state-only-nonempty-output (nethermind_development)"
Sep 24 22:56:30.846 INF API: test ended suite=0 test=270 pass=false
Sep 24 22:56:31.023 INF API: test ended suite=0 test=226 pass=true
Sep 24 22:56:31.024 INF API: test started suite=0 test=271 name="client launch (nethermind_release)"
Sep 24 22:56:38.411 INF API: client nethermind_release started suite=0 test=271 container=4421b7a0
Sep 24 22:56:38.538 INF API: test started suite=0 test=272 name="interop/_control/head (nethermind_release)"
Sep 24 22:56:38.543 INF API: test ended suite=0 test=272 pass=false
Sep 24 22:56:38.544 INF API: test started suite=0 test=273 name="interop/_control/latest (nethermind_release)"
Sep 24 22:56:38.546 INF API: test ended suite=0 test=273 pass=false
Sep 24 22:56:38.547 INF API: test started suite=0 test=274 name="interop/_control/version (nethermind_release)"
Sep 24 22:56:38.550 INF API: test ended suite=0 test=274 pass=false
Sep 24 22:56:38.551 INF API: test started suite=0 test=275 name="interop/auth-clear (nethermind_release)"
Sep 24 22:56:38.637 INF API: test ended suite=0 test=275 pass=false
Sep 24 22:56:38.638 INF API: test started suite=0 test=276 name="interop/auth-set-revert (nethermind_release)"
Sep 24 22:56:38.649 INF API: test ended suite=0 test=276 pass=false
Sep 24 22:56:38.649 INF API: test started suite=0 test=277 name="interop/call-gas7400 (nethermind_release)"
Sep 24 22:56:38.677 INF API: test ended suite=0 test=277 pass=false
Sep 24 22:56:38.677 INF API: test started suite=0 test=278 name="interop/call-mcopy (nethermind_release)"
Sep 24 22:56:38.682 INF API: test ended suite=0 test=278 pass=false
Sep 24 22:56:38.683 INF API: test started suite=0 test=279 name="interop/call-mixed-create (nethermind_release)"
Sep 24 22:56:38.690 INF API: test ended suite=0 test=279 pass=false
Sep 24 22:56:38.691 INF API: test started suite=0 test=280 name="interop/call-return42 (nethermind_release)"
Sep 24 22:56:38.694 INF API: test ended suite=0 test=280 pass=false
Sep 24 22:56:38.695 INF API: test started suite=0 test=281 name="interop/call-siblings-revert-ok (nethermind_release)"
Sep 24 22:56:38.700 INF API: test ended suite=0 test=281 pass=false
Sep 24 22:56:38.701 INF API: test started suite=0 test=282 name="interop/constructor (nethermind_release)"
Sep 24 22:56:38.704 INF API: test ended suite=0 test=282 pass=false
Sep 24 22:56:38.705 INF API: test started suite=0 test=283 name="interop/control-code-gas7400 (nethermind_release)"
Sep 24 22:56:38.709 INF API: test ended suite=0 test=283 pass=false
Sep 24 22:56:38.709 INF API: test started suite=0 test=284 name="interop/control-code-siblings-revert-ok (nethermind_release)"
Sep 24 22:56:38.712 INF API: test ended suite=0 test=284 pass=false
Sep 24 22:56:38.713 INF API: test started suite=0 test=285 name="interop/control-head (nethermind_release)"
Sep 24 22:56:38.715 INF API: test ended suite=0 test=285 pass=false
Sep 24 22:56:38.716 INF API: test started suite=0 test=286 name="interop/control-height (nethermind_release)"
Sep 24 22:56:38.721 INF API: test ended suite=0 test=286 pass=false
Sep 24 22:56:38.722 INF API: test started suite=0 test=287 name="interop/debug-gas7400-opcodes (nethermind_release)"
Sep 24 22:56:38.802 INF API: test ended suite=0 test=287 pass=false
Sep 24 22:56:38.804 INF API: test started suite=0 test=288 name="interop/debug-mixed-create (nethermind_release)"
Sep 24 22:56:38.823 INF API: test ended suite=0 test=288 pass=false
Sep 24 22:56:38.824 INF API: test started suite=0 test=289 name="interop/debug-siblings-revert-ok (nethermind_release)"
Sep 24 22:56:38.829 INF API: test ended suite=0 test=289 pass=false
Sep 24 22:56:38.830 INF API: test started suite=0 test=290 name="interop/many-storage-write-revert-read (nethermind_release)"
Sep 24 22:56:38.869 INF API: test ended suite=0 test=290 pass=false
Sep 24 22:56:38.871 INF API: test started suite=0 test=291 name="interop/raw-below-basefee-stateDiff (nethermind_release)"
Sep 24 22:56:38.882 INF API: test ended suite=0 test=291 pass=false
Sep 24 22:56:38.887 INF API: test started suite=0 test=292 name="interop/raw-below-basefee-trace (nethermind_release)"
Sep 24 22:56:38.925 INF API: test ended suite=0 test=292 pass=false
Sep 24 22:56:38.930 INF API: test started suite=0 test=293 name="interop/raw-below-basefee-vmTrace (nethermind_release)"
Sep 24 22:56:38.941 INF API: test ended suite=0 test=293 pass=false
Sep 24 22:56:38.944 INF API: test started suite=0 test=294 name="interop/raw-below-basefee (nethermind_release)"
Sep 24 22:56:38.949 INF API: test ended suite=0 test=294 pass=false
Sep 24 22:56:38.952 INF API: test started suite=0 test=295 name="interop/raw-insufficient-funds-stateDiff (nethermind_release)"
Sep 24 22:56:38.958 INF API: test ended suite=0 test=295 pass=false
Sep 24 22:56:38.968 INF API: test started suite=0 test=296 name="interop/raw-insufficient-funds-trace (nethermind_release)"
Sep 24 22:56:38.974 INF API: test ended suite=0 test=296 pass=false
Sep 24 22:56:38.984 INF API: test started suite=0 test=297 name="interop/raw-insufficient-funds-vmTrace (nethermind_release)"
Sep 24 22:56:38.990 INF API: test ended suite=0 test=297 pass=false
Sep 24 22:56:38.998 INF API: test started suite=0 test=298 name="interop/raw-insufficient-funds (nethermind_release)"
Sep 24 22:56:39.008 INF API: test ended suite=0 test=298 pass=false
Sep 24 22:56:39.010 INF API: test started suite=0 test=299 name="interop/raw-low-gas-stateDiff (nethermind_release)"
Sep 24 22:56:39.020 INF API: test ended suite=0 test=299 pass=false
Sep 24 22:56:39.022 INF API: test started suite=0 test=300 name="interop/raw-low-gas-trace (nethermind_release)"
Sep 24 22:56:39.028 INF API: test ended suite=0 test=300 pass=false
Sep 24 22:56:39.032 INF API: test started suite=0 test=301 name="interop/raw-low-gas-vmTrace (nethermind_release)"
Sep 24 22:56:39.039 INF API: test ended suite=0 test=301 pass=false
Sep 24 22:56:39.047 INF API: test started suite=0 test=302 name="interop/raw-low-gas (nethermind_release)"
Sep 24 22:56:39.055 INF API: test ended suite=0 test=302 pass=false
Sep 24 22:56:39.065 INF API: test started suite=0 test=303 name="interop/raw-nonce-high-stateDiff (nethermind_release)"
Sep 24 22:56:39.073 INF API: test ended suite=0 test=303 pass=false
Sep 24 22:56:39.075 INF API: test started suite=0 test=304 name="interop/raw-nonce-high-trace (nethermind_release)"
Sep 24 22:56:39.081 INF API: test ended suite=0 test=304 pass=false
Sep 24 22:56:39.083 INF API: test started suite=0 test=305 name="interop/raw-nonce-high-vmTrace (nethermind_release)"
Sep 24 22:56:39.089 INF API: test ended suite=0 test=305 pass=false
Sep 24 22:56:39.091 INF API: test started suite=0 test=306 name="interop/raw-nonce-high (nethermind_release)"
Sep 24 22:56:39.100 INF API: test ended suite=0 test=306 pass=false
Sep 24 22:56:39.102 INF API: test started suite=0 test=307 name="interop/raw-valid-stateDiff (nethermind_release)"
Sep 24 22:56:39.108 INF API: test ended suite=0 test=307 pass=false
Sep 24 22:56:39.110 INF API: test started suite=0 test=308 name="interop/raw-valid-trace (nethermind_release)"
Sep 24 22:56:39.116 INF API: test ended suite=0 test=308 pass=false
Sep 24 22:56:39.120 INF API: test started suite=0 test=309 name="interop/raw-valid-vmTrace (nethermind_release)"
Sep 24 22:56:39.129 INF API: test ended suite=0 test=309 pass=false
Sep 24 22:56:39.132 INF API: test started suite=0 test=310 name="interop/raw-valid (nethermind_release)"
Sep 24 22:56:39.141 INF API: test ended suite=0 test=310 pass=false
Sep 24 22:56:39.144 INF API: test started suite=0 test=311 name="interop/raw-wrong-chain-stateDiff (nethermind_release)"
Sep 24 22:56:39.150 INF API: test ended suite=0 test=311 pass=false
Sep 24 22:56:39.159 INF API: test started suite=0 test=312 name="interop/raw-wrong-chain-trace (nethermind_release)"
Sep 24 22:56:39.168 INF API: test ended suite=0 test=312 pass=false
Sep 24 22:56:39.170 INF API: test started suite=0 test=313 name="interop/raw-wrong-chain-vmTrace (nethermind_release)"
Sep 24 22:56:39.176 INF API: test ended suite=0 test=313 pass=false
Sep 24 22:56:39.180 INF API: test started suite=0 test=314 name="interop/raw-wrong-chain (nethermind_release)"
Sep 24 22:56:39.185 INF API: test ended suite=0 test=314 pass=false
Sep 24 22:56:39.187 INF API: test started suite=0 test=315 name="interop/state-only-nonempty-output (nethermind_release)"
Sep 24 22:56:39.197 INF API: test ended suite=0 test=315 pass=false
Sep 24 22:56:39.511 INF API: test ended suite=0 test=271 pass=true
Sep 24 22:56:39.517 INF API: test started suite=0 test=316 name="client launch (reth_development)"
Sep 24 22:56:40.226 INF API: client reth_development started suite=0 test=316 container=5f32a3a0
Sep 24 22:56:40.233 INF API: test started suite=0 test=317 name="interop/_control/head (reth_development)"
Sep 24 22:56:40.236 INF API: test ended suite=0 test=317 pass=false
Sep 24 22:56:40.237 INF API: test started suite=0 test=318 name="interop/_control/latest (reth_development)"
Sep 24 22:56:40.239 INF API: test ended suite=0 test=318 pass=false
Sep 24 22:56:40.240 INF API: test started suite=0 test=319 name="interop/_control/version (reth_development)"
Sep 24 22:56:40.242 INF API: test ended suite=0 test=319 pass=false
Sep 24 22:56:40.243 INF API: test started suite=0 test=320 name="interop/auth-clear (reth_development)"
Sep 24 22:56:40.248 INF API: test ended suite=0 test=320 pass=false
Sep 24 22:56:40.249 INF API: test started suite=0 test=321 name="interop/auth-set-revert (reth_development)"
Sep 24 22:56:40.252 INF API: test ended suite=0 test=321 pass=false
Sep 24 22:56:40.253 INF API: test started suite=0 test=322 name="interop/call-gas7400 (reth_development)"
Sep 24 22:56:40.261 INF API: test ended suite=0 test=322 pass=false
Sep 24 22:56:40.262 INF API: test started suite=0 test=323 name="interop/call-mcopy (reth_development)"
Sep 24 22:56:40.264 INF API: test ended suite=0 test=323 pass=false
Sep 24 22:56:40.265 INF API: test started suite=0 test=324 name="interop/call-mixed-create (reth_development)"
Sep 24 22:56:40.269 INF API: test ended suite=0 test=324 pass=false
Sep 24 22:56:40.270 INF API: test started suite=0 test=325 name="interop/call-return42 (reth_development)"
Sep 24 22:56:40.273 INF API: test ended suite=0 test=325 pass=false
Sep 24 22:56:40.273 INF API: test started suite=0 test=326 name="interop/call-siblings-revert-ok (reth_development)"
Sep 24 22:56:40.277 INF API: test ended suite=0 test=326 pass=false
Sep 24 22:56:40.278 INF API: test started suite=0 test=327 name="interop/constructor (reth_development)"
Sep 24 22:56:40.280 INF API: test ended suite=0 test=327 pass=false
Sep 24 22:56:40.281 INF API: test started suite=0 test=328 name="interop/control-code-gas7400 (reth_development)"
Sep 24 22:56:40.283 INF API: test ended suite=0 test=328 pass=false
Sep 24 22:56:40.284 INF API: test started suite=0 test=329 name="interop/control-code-siblings-revert-ok (reth_development)"
Sep 24 22:56:40.286 INF API: test ended suite=0 test=329 pass=false
Sep 24 22:56:40.287 INF API: test started suite=0 test=330 name="interop/control-head (reth_development)"
Sep 24 22:56:40.289 INF API: test ended suite=0 test=330 pass=false
Sep 24 22:56:40.290 INF API: test started suite=0 test=331 name="interop/control-height (reth_development)"
Sep 24 22:56:40.292 INF API: test ended suite=0 test=331 pass=false
Sep 24 22:56:40.293 INF API: test started suite=0 test=332 name="interop/debug-gas7400-opcodes (reth_development)"
Sep 24 22:56:40.295 INF API: test ended suite=0 test=332 pass=false
Sep 24 22:56:40.296 INF API: test started suite=0 test=333 name="interop/debug-mixed-create (reth_development)"
Sep 24 22:56:40.299 INF API: test ended suite=0 test=333 pass=false
Sep 24 22:56:40.300 INF API: test started suite=0 test=334 name="interop/debug-siblings-revert-ok (reth_development)"
Sep 24 22:56:40.302 INF API: test ended suite=0 test=334 pass=false
Sep 24 22:56:40.303 INF API: test started suite=0 test=335 name="interop/many-storage-write-revert-read (reth_development)"
Sep 24 22:56:40.306 INF API: test ended suite=0 test=335 pass=false
Sep 24 22:56:40.307 INF API: test started suite=0 test=336 name="interop/raw-below-basefee-stateDiff (reth_development)"
Sep 24 22:56:40.309 INF API: test ended suite=0 test=336 pass=false
Sep 24 22:56:40.310 INF API: test started suite=0 test=337 name="interop/raw-below-basefee-trace (reth_development)"
Sep 24 22:56:40.313 INF API: test ended suite=0 test=337 pass=false
Sep 24 22:56:40.314 INF API: test started suite=0 test=338 name="interop/raw-below-basefee-vmTrace (reth_development)"
Sep 24 22:56:40.316 INF API: test ended suite=0 test=338 pass=false
Sep 24 22:56:40.317 INF API: test started suite=0 test=339 name="interop/raw-below-basefee (reth_development)"
Sep 24 22:56:40.320 INF API: test ended suite=0 test=339 pass=false
Sep 24 22:56:40.321 INF API: test started suite=0 test=340 name="interop/raw-insufficient-funds-stateDiff (reth_development)"
Sep 24 22:56:40.323 INF API: test ended suite=0 test=340 pass=false
Sep 24 22:56:40.324 INF API: test started suite=0 test=341 name="interop/raw-insufficient-funds-trace (reth_development)"
Sep 24 22:56:40.326 INF API: test ended suite=0 test=341 pass=false
Sep 24 22:56:40.327 INF API: test started suite=0 test=342 name="interop/raw-insufficient-funds-vmTrace (reth_development)"
Sep 24 22:56:40.330 INF API: test ended suite=0 test=342 pass=false
Sep 24 22:56:40.330 INF API: test started suite=0 test=343 name="interop/raw-insufficient-funds (reth_development)"
Sep 24 22:56:40.333 INF API: test ended suite=0 test=343 pass=false
Sep 24 22:56:40.333 INF API: test started suite=0 test=344 name="interop/raw-low-gas-stateDiff (reth_development)"
Sep 24 22:56:40.336 INF API: test ended suite=0 test=344 pass=false
Sep 24 22:56:40.336 INF API: test started suite=0 test=345 name="interop/raw-low-gas-trace (reth_development)"
Sep 24 22:56:40.339 INF API: test ended suite=0 test=345 pass=false
Sep 24 22:56:40.339 INF API: test started suite=0 test=346 name="interop/raw-low-gas-vmTrace (reth_development)"
Sep 24 22:56:40.342 INF API: test ended suite=0 test=346 pass=false
Sep 24 22:56:40.343 INF API: test started suite=0 test=347 name="interop/raw-low-gas (reth_development)"
Sep 24 22:56:40.345 INF API: test ended suite=0 test=347 pass=false
Sep 24 22:56:40.346 INF API: test started suite=0 test=348 name="interop/raw-nonce-high-stateDiff (reth_development)"
Sep 24 22:56:40.348 INF API: test ended suite=0 test=348 pass=false
Sep 24 22:56:40.349 INF API: test started suite=0 test=349 name="interop/raw-nonce-high-trace (reth_development)"
Sep 24 22:56:40.351 INF API: test ended suite=0 test=349 pass=false
Sep 24 22:56:40.352 INF API: test started suite=0 test=350 name="interop/raw-nonce-high-vmTrace (reth_development)"
Sep 24 22:56:40.354 INF API: test ended suite=0 test=350 pass=false
Sep 24 22:56:40.355 INF API: test started suite=0 test=351 name="interop/raw-nonce-high (reth_development)"
Sep 24 22:56:40.357 INF API: test ended suite=0 test=351 pass=false
Sep 24 22:56:40.358 INF API: test started suite=0 test=352 name="interop/raw-valid-stateDiff (reth_development)"
Sep 24 22:56:40.361 INF API: test ended suite=0 test=352 pass=false
Sep 24 22:56:40.362 INF API: test started suite=0 test=353 name="interop/raw-valid-trace (reth_development)"
Sep 24 22:56:40.364 INF API: test ended suite=0 test=353 pass=false
Sep 24 22:56:40.365 INF API: test started suite=0 test=354 name="interop/raw-valid-vmTrace (reth_development)"
Sep 24 22:56:40.368 INF API: test ended suite=0 test=354 pass=false
Sep 24 22:56:40.368 INF API: test started suite=0 test=355 name="interop/raw-valid (reth_development)"
Sep 24 22:56:40.371 INF API: test ended suite=0 test=355 pass=false
Sep 24 22:56:40.372 INF API: test started suite=0 test=356 name="interop/raw-wrong-chain-stateDiff (reth_development)"
Sep 24 22:56:40.374 INF API: test ended suite=0 test=356 pass=false
Sep 24 22:56:40.375 INF API: test started suite=0 test=357 name="interop/raw-wrong-chain-trace (reth_development)"
Sep 24 22:56:40.377 INF API: test ended suite=0 test=357 pass=false
Sep 24 22:56:40.378 INF API: test started suite=0 test=358 name="interop/raw-wrong-chain-vmTrace (reth_development)"
Sep 24 22:56:40.380 INF API: test ended suite=0 test=358 pass=false
Sep 24 22:56:40.381 INF API: test started suite=0 test=359 name="interop/raw-wrong-chain (reth_development)"
Sep 24 22:56:40.383 INF API: test ended suite=0 test=359 pass=false
Sep 24 22:56:40.384 INF API: test started suite=0 test=360 name="interop/state-only-nonempty-output (reth_development)"
Sep 24 22:56:40.386 INF API: test ended suite=0 test=360 pass=false
Sep 24 22:56:40.519 INF API: test ended suite=0 test=316 pass=true
Sep 24 22:56:40.521 INF API: test started suite=0 test=361 name="client launch (reth_release)"
Sep 24 22:56:41.184 INF API: client reth_release started suite=0 test=361 container=834ef81c
Sep 24 22:56:41.192 INF API: test started suite=0 test=362 name="interop/_control/head (reth_release)"
Sep 24 22:56:41.195 INF API: test ended suite=0 test=362 pass=false
Sep 24 22:56:41.196 INF API: test started suite=0 test=363 name="interop/_control/latest (reth_release)"
Sep 24 22:56:41.199 INF API: test ended suite=0 test=363 pass=false
Sep 24 22:56:41.200 INF API: test started suite=0 test=364 name="interop/_control/version (reth_release)"
Sep 24 22:56:41.202 INF API: test ended suite=0 test=364 pass=false
Sep 24 22:56:41.203 INF API: test started suite=0 test=365 name="interop/auth-clear (reth_release)"
Sep 24 22:56:41.207 INF API: test ended suite=0 test=365 pass=false
Sep 24 22:56:41.208 INF API: test started suite=0 test=366 name="interop/auth-set-revert (reth_release)"
Sep 24 22:56:41.211 INF API: test ended suite=0 test=366 pass=false
Sep 24 22:56:41.212 INF API: test started suite=0 test=367 name="interop/call-gas7400 (reth_release)"
Sep 24 22:56:41.219 INF API: test ended suite=0 test=367 pass=false
Sep 24 22:56:41.220 INF API: test started suite=0 test=368 name="interop/call-mcopy (reth_release)"
Sep 24 22:56:41.223 INF API: test ended suite=0 test=368 pass=false
Sep 24 22:56:41.224 INF API: test started suite=0 test=369 name="interop/call-mixed-create (reth_release)"
Sep 24 22:56:41.228 INF API: test ended suite=0 test=369 pass=false
Sep 24 22:56:41.229 INF API: test started suite=0 test=370 name="interop/call-return42 (reth_release)"
Sep 24 22:56:41.234 INF API: test ended suite=0 test=370 pass=false
Sep 24 22:56:41.234 INF API: test started suite=0 test=371 name="interop/call-siblings-revert-ok (reth_release)"
Sep 24 22:56:41.238 INF API: test ended suite=0 test=371 pass=false
Sep 24 22:56:41.239 INF API: test started suite=0 test=372 name="interop/constructor (reth_release)"
Sep 24 22:56:41.242 INF API: test ended suite=0 test=372 pass=false
Sep 24 22:56:41.243 INF API: test started suite=0 test=373 name="interop/control-code-gas7400 (reth_release)"
Sep 24 22:56:41.245 INF API: test ended suite=0 test=373 pass=false
Sep 24 22:56:41.246 INF API: test started suite=0 test=374 name="interop/control-code-siblings-revert-ok (reth_release)"
Sep 24 22:56:41.248 INF API: test ended suite=0 test=374 pass=false
Sep 24 22:56:41.249 INF API: test started suite=0 test=375 name="interop/control-head (reth_release)"
Sep 24 22:56:41.251 INF API: test ended suite=0 test=375 pass=false
Sep 24 22:56:41.252 INF API: test started suite=0 test=376 name="interop/control-height (reth_release)"
Sep 24 22:56:41.254 INF API: test ended suite=0 test=376 pass=false
Sep 24 22:56:41.255 INF API: test started suite=0 test=377 name="interop/debug-gas7400-opcodes (reth_release)"
Sep 24 22:56:41.258 INF API: test ended suite=0 test=377 pass=false
Sep 24 22:56:41.258 INF API: test started suite=0 test=378 name="interop/debug-mixed-create (reth_release)"
Sep 24 22:56:41.261 INF API: test ended suite=0 test=378 pass=false
Sep 24 22:56:41.261 INF API: test started suite=0 test=379 name="interop/debug-siblings-revert-ok (reth_release)"
Sep 24 22:56:41.264 INF API: test ended suite=0 test=379 pass=false
Sep 24 22:56:41.265 INF API: test started suite=0 test=380 name="interop/many-storage-write-revert-read (reth_release)"
Sep 24 22:56:41.267 INF API: test ended suite=0 test=380 pass=false
Sep 24 22:56:41.268 INF API: test started suite=0 test=381 name="interop/raw-below-basefee-stateDiff (reth_release)"
Sep 24 22:56:41.270 INF API: test ended suite=0 test=381 pass=false
Sep 24 22:56:41.271 INF API: test started suite=0 test=382 name="interop/raw-below-basefee-trace (reth_release)"
Sep 24 22:56:41.274 INF API: test ended suite=0 test=382 pass=false
Sep 24 22:56:41.274 INF API: test started suite=0 test=383 name="interop/raw-below-basefee-vmTrace (reth_release)"
Sep 24 22:56:41.276 INF API: test ended suite=0 test=383 pass=false
Sep 24 22:56:41.277 INF API: test started suite=0 test=384 name="interop/raw-below-basefee (reth_release)"
Sep 24 22:56:41.279 INF API: test ended suite=0 test=384 pass=false
Sep 24 22:56:41.279 INF API: test started suite=0 test=385 name="interop/raw-insufficient-funds-stateDiff (reth_release)"
Sep 24 22:56:41.282 INF API: test ended suite=0 test=385 pass=false
Sep 24 22:56:41.282 INF API: test started suite=0 test=386 name="interop/raw-insufficient-funds-trace (reth_release)"
Sep 24 22:56:41.285 INF API: test ended suite=0 test=386 pass=false
Sep 24 22:56:41.286 INF API: test started suite=0 test=387 name="interop/raw-insufficient-funds-vmTrace (reth_release)"
Sep 24 22:56:41.288 INF API: test ended suite=0 test=387 pass=false
Sep 24 22:56:41.289 INF API: test started suite=0 test=388 name="interop/raw-insufficient-funds (reth_release)"
Sep 24 22:56:41.291 INF API: test ended suite=0 test=388 pass=false
Sep 24 22:56:41.292 INF API: test started suite=0 test=389 name="interop/raw-low-gas-stateDiff (reth_release)"
Sep 24 22:56:41.294 INF API: test ended suite=0 test=389 pass=false
Sep 24 22:56:41.295 INF API: test started suite=0 test=390 name="interop/raw-low-gas-trace (reth_release)"
Sep 24 22:56:41.297 INF API: test ended suite=0 test=390 pass=false
Sep 24 22:56:41.298 INF API: test started suite=0 test=391 name="interop/raw-low-gas-vmTrace (reth_release)"
Sep 24 22:56:41.300 INF API: test ended suite=0 test=391 pass=false
Sep 24 22:56:41.300 INF API: test started suite=0 test=392 name="interop/raw-low-gas (reth_release)"
Sep 24 22:56:41.303 INF API: test ended suite=0 test=392 pass=false
Sep 24 22:56:41.303 INF API: test started suite=0 test=393 name="interop/raw-nonce-high-stateDiff (reth_release)"
Sep 24 22:56:41.306 INF API: test ended suite=0 test=393 pass=false
Sep 24 22:56:41.306 INF API: test started suite=0 test=394 name="interop/raw-nonce-high-trace (reth_release)"
Sep 24 22:56:41.309 INF API: test ended suite=0 test=394 pass=false
Sep 24 22:56:41.310 INF API: test started suite=0 test=395 name="interop/raw-nonce-high-vmTrace (reth_release)"
Sep 24 22:56:41.312 INF API: test ended suite=0 test=395 pass=false
Sep 24 22:56:41.313 INF API: test started suite=0 test=396 name="interop/raw-nonce-high (reth_release)"
Sep 24 22:56:41.315 INF API: test ended suite=0 test=396 pass=false
Sep 24 22:56:41.316 INF API: test started suite=0 test=397 name="interop/raw-valid-stateDiff (reth_release)"
Sep 24 22:56:41.319 INF API: test ended suite=0 test=397 pass=false
Sep 24 22:56:41.319 INF API: test started suite=0 test=398 name="interop/raw-valid-trace (reth_release)"
Sep 24 22:56:41.322 INF API: test ended suite=0 test=398 pass=false
Sep 24 22:56:41.323 INF API: test started suite=0 test=399 name="interop/raw-valid-vmTrace (reth_release)"
Sep 24 22:56:41.324 INF API: test ended suite=0 test=399 pass=false
Sep 24 22:56:41.325 INF API: test started suite=0 test=400 name="interop/raw-valid (reth_release)"
Sep 24 22:56:41.328 INF API: test ended suite=0 test=400 pass=false
Sep 24 22:56:41.329 INF API: test started suite=0 test=401 name="interop/raw-wrong-chain-stateDiff (reth_release)"
Sep 24 22:56:41.331 INF API: test ended suite=0 test=401 pass=false
Sep 24 22:56:41.332 INF API: test started suite=0 test=402 name="interop/raw-wrong-chain-trace (reth_release)"
Sep 24 22:56:41.334 INF API: test ended suite=0 test=402 pass=false
Sep 24 22:56:41.335 INF API: test started suite=0 test=403 name="interop/raw-wrong-chain-vmTrace (reth_release)"
Sep 24 22:56:41.337 INF API: test ended suite=0 test=403 pass=false
Sep 24 22:56:41.338 INF API: test started suite=0 test=404 name="interop/raw-wrong-chain (reth_release)"
Sep 24 22:56:41.340 INF API: test ended suite=0 test=404 pass=false
Sep 24 22:56:41.341 INF API: test started suite=0 test=405 name="interop/state-only-nonempty-output (reth_release)"
Sep 24 22:56:41.344 INF API: test ended suite=0 test=405 pass=false
Sep 24 22:56:41.465 INF API: test ended suite=0 test=361 pass=true
Sep 24 22:56:41.475 INF API: suite ended suite=0
Sep 24 22:56:41.708 INF simulation ethereum/rpc-compat finished suites=1 tests=405 failed=396
396 tests failed
