docker.io/hyperledger/besu@sha256:b6a022e7dd00632f19f73f0f26022b1cf8e85d8916e6b2afdf39c38861b76c8a: Pulling from hyperledger/besu
Digest: sha256:b6a022e7dd00632f19f73f0f26022b1cf8e85d8916e6b2afdf39c38861b76c8a
Status: Image is up to date for hyperledger/besu@sha256:b6a022e7dd00632f19f73f0f26022b1cf8e85d8916e6b2afdf39c38861b76c8a
docker.io/hyperledger/besu@sha256:b6a022e7dd00632f19f73f0f26022b1cf8e85d8916e6b2afdf39c38861b76c8a
docker.io/hyperledger/besu@sha256:6f3f21ce533383fcc8db3bce02252b59d5a9e776b72b5a1c8ecd2db011600042: Pulling from hyperledger/besu
Digest: sha256:6f3f21ce533383fcc8db3bce02252b59d5a9e776b72b5a1c8ecd2db011600042
Status: Image is up to date for hyperledger/besu@sha256:6f3f21ce533383fcc8db3bce02252b59d5a9e776b72b5a1c8ecd2db011600042
docker.io/hyperledger/besu@sha256:6f3f21ce533383fcc8db3bce02252b59d5a9e776b72b5a1c8ecd2db011600042
docker.io/erigontech/erigon@sha256:de130a9bf0a4f6bb9d28ba0c362e5ffbfdeabf1281aa69f7b95c3e3d663efec1: Pulling from erigontech/erigon
Digest: sha256:de130a9bf0a4f6bb9d28ba0c362e5ffbfdeabf1281aa69f7b95c3e3d663efec1
Status: Image is up to date for erigontech/erigon@sha256:de130a9bf0a4f6bb9d28ba0c362e5ffbfdeabf1281aa69f7b95c3e3d663efec1
docker.io/erigontech/erigon@sha256:de130a9bf0a4f6bb9d28ba0c362e5ffbfdeabf1281aa69f7b95c3e3d663efec1
docker.io/erigontech/erigon@sha256:fa136bbbcdd740d33535b4a8e8690c345ae37485985a84a361dcd57430c1638d: Pulling from erigontech/erigon
Digest: sha256:fa136bbbcdd740d33535b4a8e8690c345ae37485985a84a361dcd57430c1638d
Status: Image is up to date for erigontech/erigon@sha256:fa136bbbcdd740d33535b4a8e8690c345ae37485985a84a361dcd57430c1638d
docker.io/erigontech/erigon@sha256:fa136bbbcdd740d33535b4a8e8690c345ae37485985a84a361dcd57430c1638d
docker.io/nethermindeth/nethermind@sha256:973eb308c070bfcab0e2c3296893f88e47433d9f04c32b852ab635696a9a5f25: Pulling from nethermindeth/nethermind
Digest: sha256:973eb308c070bfcab0e2c3296893f88e47433d9f04c32b852ab635696a9a5f25
Status: Image is up to date for nethermindeth/nethermind@sha256:973eb308c070bfcab0e2c3296893f88e47433d9f04c32b852ab635696a9a5f25
docker.io/nethermindeth/nethermind@sha256:973eb308c070bfcab0e2c3296893f88e47433d9f04c32b852ab635696a9a5f25
docker.io/nethermind/nethermind@sha256:8156768beb584a1e62c3dcf0e0da7be61418dc08c89a80a4f9a3a48e5d247c12: Pulling from nethermind/nethermind
Digest: sha256:8156768beb584a1e62c3dcf0e0da7be61418dc08c89a80a4f9a3a48e5d247c12
Status: Image is up to date for nethermind/nethermind@sha256:8156768beb584a1e62c3dcf0e0da7be61418dc08c89a80a4f9a3a48e5d247c12
docker.io/nethermind/nethermind@sha256:8156768beb584a1e62c3dcf0e0da7be61418dc08c89a80a4f9a3a48e5d247c12
ghcr.io/paradigmxyz/reth@sha256:796172038228599b7ffc2f723eb921ffa913985c1c404edb30d342647ccf73ea: Pulling from paradigmxyz/reth
Digest: sha256:796172038228599b7ffc2f723eb921ffa913985c1c404edb30d342647ccf73ea
Status: Image is up to date for ghcr.io/paradigmxyz/reth@sha256:796172038228599b7ffc2f723eb921ffa913985c1c404edb30d342647ccf73ea
ghcr.io/paradigmxyz/reth@sha256:796172038228599b7ffc2f723eb921ffa913985c1c404edb30d342647ccf73ea
ghcr.io/paradigmxyz/reth@sha256:8ce703acf113b2a20705b6e76adebed20f74ba8591bc7c9407203b2968aca70d: Pulling from paradigmxyz/reth
Digest: sha256:8ce703acf113b2a20705b6e76adebed20f74ba8591bc7c9407203b2968aca70d
Status: Image is up to date for ghcr.io/paradigmxyz/reth@sha256:8ce703acf113b2a20705b6e76adebed20f74ba8591bc7c9407203b2968aca70d
ghcr.io/paradigmxyz/reth@sha256:8ce703acf113b2a20705b6e76adebed20f74ba8591bc7c9407203b2968aca70d
Verified 70 frozen inputs and 32 decisions against the report inventory.
Captured 243 responses in /home/banteg/dev/trace-refresh-20260925/evidence/2026-09-25/refresh/probes-forks
