Sep 24 22:59:33.611 INF building image image=hive/hiveproxy nocache=false pull=false
Sep 24 22:59:33.677 INF building 9 clients...
Sep 24 22:59:33.677 INF building image image=hive/clients/besu_development:latest dir=clients/besu nocache=false pull=false baseimage=trace-interop/besu tag=08ff27ec6642686495169a70672d126ad494b48d3152537529a0628d7841b46c
Sep 24 22:59:33.800 INF building image image=hive/clients/besu_release:latest dir=clients/besu nocache=false pull=false baseimage=trace-interop/besu tag=f3713c713ca4f9e89c09e1478d2a85116ba9ce8343129d709420ba2af009598b
Sep 24 22:59:33.919 INF building image image=hive/clients/erigon_development:latest dir=clients/erigon nocache=false pull=false baseimage=trace-interop/erigon tag=96ed3bf9e6103fa7348e8223f07becfaf1d19b43fb66524f295bdb83e12dbee5
Sep 24 22:59:34.054 INF building image image=hive/clients/erigon_release:latest dir=clients/erigon nocache=false pull=false baseimage=trace-interop/erigon tag=8668d9c5adc01ad1d12aa25380e384079080bdde7e0ce93f11bed422d82ca0ac
Sep 24 22:59:34.180 INF building image image=hive/clients/go-ethereum_trace:latest dir=clients/go-ethereum nocache=false pull=false baseimage=trace-interop/go-ethereum tag=06c86d469c85929160da6503691f9971d03cf659495075282b81f8919c86f97c
Sep 24 22:59:34.334 INF building image image=hive/clients/nethermind_development:latest dir=clients/nethermind nocache=false pull=false baseimage=trace-interop/nethermind tag=9a73261ff8a3adbf940d822db3557cedadd5702cd98862b875d8645f9db6302a
Sep 24 22:59:34.481 INF building image image=hive/clients/nethermind_release:latest dir=clients/nethermind nocache=false pull=false baseimage=trace-interop/nethermind tag=d6b98371fce49848629f4841a9ef2cfc416c90ee187bc82291e97ca77cb108e4
Sep 24 22:59:34.739 INF building image image=hive/clients/reth_development:latest dir=clients/reth nocache=false pull=false baseimage=trace-interop/reth tag=935f179789c1d4fc921c181a4fa21f3262e5d0509061ddbad4398b37db3f33bf
Sep 24 22:59:34.859 INF building image image=hive/clients/reth_release:latest dir=clients/reth nocache=false pull=false baseimage=trace-interop/reth tag=e939dc4a471d9d27224e430f607a954d692ca5037a1350ee2036397d14532ca7
Sep 24 22:59:34.985 INF building 1 simulators...
Sep 24 22:59:34.985 INF building image image=hive/simulators/ethereum/rpc-compat:latest dir=simulators/ethereum/rpc-compat nocache=false pull=false
Sep 24 22:59:35.050 INF creating output directory folder=/home/banteg/dev/trace-adopted-20260924/evidence/2026-09-24/adopted-stances/precompile-values/hive
Sep 24 22:59:35.059 INF running simulation: ethereum/rpc-compat
Sep 24 22:59:35.368 INF hiveproxy started container=7a95c7221524 addr=172.17.0.2:8081
Sep 24 22:59:35.661 INF API: suite started suite=0 name=rpc-compat
Sep 24 22:59:35.662 INF API: test started suite=0 test=1 name="client launch (besu_development)"
Sep 24 22:59:44.175 INF API: client besu_development started suite=0 test=1 container=30329b87
Sep 24 22:59:44.455 INF API: test started suite=0 test=2 name="interop/_control/create-nonce (besu_development)"
Sep 24 22:59:44.479 INF API: test ended suite=0 test=2 pass=false
Sep 24 22:59:44.481 INF API: test started suite=0 test=3 name="interop/_control/head (besu_development)"
Sep 24 22:59:44.497 INF API: test ended suite=0 test=3 pass=false
Sep 24 22:59:44.498 INF API: test started suite=0 test=4 name="interop/_control/latest (besu_development)"
Sep 24 22:59:44.505 INF API: test ended suite=0 test=4 pass=false
Sep 24 22:59:44.506 INF API: test started suite=0 test=5 name="interop/_control/target-balance (besu_development)"
Sep 24 22:59:44.513 INF API: test ended suite=0 test=5 pass=false
Sep 24 22:59:44.514 INF API: test started suite=0 test=6 name="interop/_control/target-code (besu_development)"
Sep 24 22:59:44.520 INF API: test ended suite=0 test=6 pass=false
Sep 24 22:59:44.521 INF API: test started suite=0 test=7 name="interop/_control/target-nonce (besu_development)"
Sep 24 22:59:44.525 INF API: test ended suite=0 test=7 pass=false
Sep 24 22:59:44.527 INF API: test started suite=0 test=8 name="interop/_control/version (besu_development)"
Sep 24 22:59:44.531 INF API: test ended suite=0 test=8 pass=false
Sep 24 22:59:44.532 INF API: test started suite=0 test=9 name="interop/nested-call-outer0-value1-failed (besu_development)"
Sep 24 22:59:44.666 INF API: test ended suite=0 test=9 pass=false
Sep 24 22:59:44.667 INF API: test started suite=0 test=10 name="interop/nested-call-outer0-value1-success (besu_development)"
Sep 24 22:59:44.699 INF API: test ended suite=0 test=10 pass=false
Sep 24 22:59:44.700 INF API: test started suite=0 test=11 name="interop/nested-call-outer1-value0-failed (besu_development)"
Sep 24 22:59:44.732 INF API: test ended suite=0 test=11 pass=false
Sep 24 22:59:44.734 INF API: test started suite=0 test=12 name="interop/nested-call-outer1-value0-success (besu_development)"
Sep 24 22:59:44.759 INF API: test ended suite=0 test=12 pass=false
Sep 24 22:59:44.760 INF API: test started suite=0 test=13 name="interop/nested-callcode-outer0-value1-failed (besu_development)"
Sep 24 22:59:44.781 INF API: test ended suite=0 test=13 pass=false
Sep 24 22:59:44.782 INF API: test started suite=0 test=14 name="interop/nested-callcode-outer0-value1-success (besu_development)"
Sep 24 22:59:44.805 INF API: test ended suite=0 test=14 pass=false
Sep 24 22:59:44.806 INF API: test started suite=0 test=15 name="interop/nested-callcode-outer1-value0-failed (besu_development)"
Sep 24 22:59:44.826 INF API: test ended suite=0 test=15 pass=false
Sep 24 22:59:44.827 INF API: test started suite=0 test=16 name="interop/nested-callcode-outer1-value0-success (besu_development)"
Sep 24 22:59:44.848 INF API: test ended suite=0 test=16 pass=false
Sep 24 22:59:45.147 INF API: test ended suite=0 test=1 pass=true
Sep 24 22:59:45.149 INF API: test started suite=0 test=17 name="client launch (besu_release)"
Sep 24 22:59:54.269 INF API: client besu_release started suite=0 test=17 container=8dced7e1
Sep 24 22:59:54.531 INF API: test started suite=0 test=18 name="interop/_control/create-nonce (besu_release)"
Sep 24 22:59:54.551 INF API: test ended suite=0 test=18 pass=false
Sep 24 22:59:54.552 INF API: test started suite=0 test=19 name="interop/_control/head (besu_release)"
Sep 24 22:59:54.567 INF API: test ended suite=0 test=19 pass=false
Sep 24 22:59:54.568 INF API: test started suite=0 test=20 name="interop/_control/latest (besu_release)"
Sep 24 22:59:54.574 INF API: test ended suite=0 test=20 pass=false
Sep 24 22:59:54.575 INF API: test started suite=0 test=21 name="interop/_control/target-balance (besu_release)"
Sep 24 22:59:54.581 INF API: test ended suite=0 test=21 pass=false
Sep 24 22:59:54.582 INF API: test started suite=0 test=22 name="interop/_control/target-code (besu_release)"
Sep 24 22:59:54.588 INF API: test ended suite=0 test=22 pass=false
Sep 24 22:59:54.589 INF API: test started suite=0 test=23 name="interop/_control/target-nonce (besu_release)"
Sep 24 22:59:54.594 INF API: test ended suite=0 test=23 pass=false
Sep 24 22:59:54.595 INF API: test started suite=0 test=24 name="interop/_control/version (besu_release)"
Sep 24 22:59:54.599 INF API: test ended suite=0 test=24 pass=false
Sep 24 22:59:54.600 INF API: test started suite=0 test=25 name="interop/nested-call-outer0-value1-failed (besu_release)"
Sep 24 22:59:54.695 INF API: test ended suite=0 test=25 pass=false
Sep 24 22:59:54.696 INF API: test started suite=0 test=26 name="interop/nested-call-outer0-value1-success (besu_release)"
Sep 24 22:59:54.719 INF API: test ended suite=0 test=26 pass=false
Sep 24 22:59:54.720 INF API: test started suite=0 test=27 name="interop/nested-call-outer1-value0-failed (besu_release)"
Sep 24 22:59:54.743 INF API: test ended suite=0 test=27 pass=false
Sep 24 22:59:54.744 INF API: test started suite=0 test=28 name="interop/nested-call-outer1-value0-success (besu_release)"
Sep 24 22:59:54.765 INF API: test ended suite=0 test=28 pass=false
Sep 24 22:59:54.766 INF API: test started suite=0 test=29 name="interop/nested-callcode-outer0-value1-failed (besu_release)"
Sep 24 22:59:54.789 INF API: test ended suite=0 test=29 pass=false
Sep 24 22:59:54.790 INF API: test started suite=0 test=30 name="interop/nested-callcode-outer0-value1-success (besu_release)"
Sep 24 22:59:54.810 INF API: test ended suite=0 test=30 pass=false
Sep 24 22:59:54.811 INF API: test started suite=0 test=31 name="interop/nested-callcode-outer1-value0-failed (besu_release)"
Sep 24 22:59:54.830 INF API: test ended suite=0 test=31 pass=false
Sep 24 22:59:54.831 INF API: test started suite=0 test=32 name="interop/nested-callcode-outer1-value0-success (besu_release)"
Sep 24 22:59:54.842 INF API: test ended suite=0 test=32 pass=false
Sep 24 22:59:55.134 INF API: test ended suite=0 test=17 pass=true
Sep 24 22:59:55.137 INF API: test started suite=0 test=33 name="client launch (erigon_development)"
Sep 24 22:59:56.351 INF API: client erigon_development started suite=0 test=33 container=a244c84c
Sep 24 22:59:56.366 INF API: test started suite=0 test=34 name="interop/_control/create-nonce (erigon_development)"
Sep 24 22:59:56.369 INF API: test ended suite=0 test=34 pass=false
Sep 24 22:59:56.369 INF API: test started suite=0 test=35 name="interop/_control/head (erigon_development)"
Sep 24 22:59:56.371 INF API: test ended suite=0 test=35 pass=false
Sep 24 22:59:56.372 INF API: test started suite=0 test=36 name="interop/_control/latest (erigon_development)"
Sep 24 22:59:56.373 INF API: test ended suite=0 test=36 pass=false
Sep 24 22:59:56.374 INF API: test started suite=0 test=37 name="interop/_control/target-balance (erigon_development)"
Sep 24 22:59:56.375 INF API: test ended suite=0 test=37 pass=false
Sep 24 22:59:56.376 INF API: test started suite=0 test=38 name="interop/_control/target-code (erigon_development)"
Sep 24 22:59:56.377 INF API: test ended suite=0 test=38 pass=false
Sep 24 22:59:56.378 INF API: test started suite=0 test=39 name="interop/_control/target-nonce (erigon_development)"
Sep 24 22:59:56.379 INF API: test ended suite=0 test=39 pass=false
Sep 24 22:59:56.380 INF API: test started suite=0 test=40 name="interop/_control/version (erigon_development)"
Sep 24 22:59:56.381 INF API: test ended suite=0 test=40 pass=false
Sep 24 22:59:56.382 INF API: test started suite=0 test=41 name="interop/nested-call-outer0-value1-failed (erigon_development)"
Sep 24 22:59:56.385 INF API: test ended suite=0 test=41 pass=false
Sep 24 22:59:56.386 INF API: test started suite=0 test=42 name="interop/nested-call-outer0-value1-success (erigon_development)"
Sep 24 22:59:56.389 INF API: test ended suite=0 test=42 pass=false
Sep 24 22:59:56.390 INF API: test started suite=0 test=43 name="interop/nested-call-outer1-value0-failed (erigon_development)"
Sep 24 22:59:56.391 INF API: test ended suite=0 test=43 pass=false
Sep 24 22:59:56.392 INF API: test started suite=0 test=44 name="interop/nested-call-outer1-value0-success (erigon_development)"
Sep 24 22:59:56.394 INF API: test ended suite=0 test=44 pass=false
Sep 24 22:59:56.395 INF API: test started suite=0 test=45 name="interop/nested-callcode-outer0-value1-failed (erigon_development)"
Sep 24 22:59:56.397 INF API: test ended suite=0 test=45 pass=false
Sep 24 22:59:56.398 INF API: test started suite=0 test=46 name="interop/nested-callcode-outer0-value1-success (erigon_development)"
Sep 24 22:59:56.400 INF API: test ended suite=0 test=46 pass=false
Sep 24 22:59:56.401 INF API: test started suite=0 test=47 name="interop/nested-callcode-outer1-value0-failed (erigon_development)"
Sep 24 22:59:56.403 INF API: test ended suite=0 test=47 pass=false
Sep 24 22:59:56.404 INF API: test started suite=0 test=48 name="interop/nested-callcode-outer1-value0-success (erigon_development)"
Sep 24 22:59:56.406 INF API: test ended suite=0 test=48 pass=false
Sep 24 22:59:56.929 INF API: test ended suite=0 test=33 pass=true
Sep 24 22:59:56.931 INF API: test started suite=0 test=49 name="client launch (erigon_release)"
Sep 24 22:59:58.445 INF API: client erigon_release started suite=0 test=49 container=34a5736e
Sep 24 22:59:58.460 INF API: test started suite=0 test=50 name="interop/_control/create-nonce (erigon_release)"
Sep 24 22:59:58.462 INF API: test ended suite=0 test=50 pass=false
Sep 24 22:59:58.463 INF API: test started suite=0 test=51 name="interop/_control/head (erigon_release)"
Sep 24 22:59:58.465 INF API: test ended suite=0 test=51 pass=false
Sep 24 22:59:58.465 INF API: test started suite=0 test=52 name="interop/_control/latest (erigon_release)"
Sep 24 22:59:58.467 INF API: test ended suite=0 test=52 pass=false
Sep 24 22:59:58.468 INF API: test started suite=0 test=53 name="interop/_control/target-balance (erigon_release)"
Sep 24 22:59:58.469 INF API: test ended suite=0 test=53 pass=false
Sep 24 22:59:58.470 INF API: test started suite=0 test=54 name="interop/_control/target-code (erigon_release)"
Sep 24 22:59:58.471 INF API: test ended suite=0 test=54 pass=false
Sep 24 22:59:58.472 INF API: test started suite=0 test=55 name="interop/_control/target-nonce (erigon_release)"
Sep 24 22:59:58.473 INF API: test ended suite=0 test=55 pass=false
Sep 24 22:59:58.473 INF API: test started suite=0 test=56 name="interop/_control/version (erigon_release)"
Sep 24 22:59:58.474 INF API: test ended suite=0 test=56 pass=false
Sep 24 22:59:58.475 INF API: test started suite=0 test=57 name="interop/nested-call-outer0-value1-failed (erigon_release)"
Sep 24 22:59:58.477 INF API: test ended suite=0 test=57 pass=false
Sep 24 22:59:58.478 INF API: test started suite=0 test=58 name="interop/nested-call-outer0-value1-success (erigon_release)"
Sep 24 22:59:58.479 INF API: test ended suite=0 test=58 pass=false
Sep 24 22:59:58.480 INF API: test started suite=0 test=59 name="interop/nested-call-outer1-value0-failed (erigon_release)"
Sep 24 22:59:58.482 INF API: test ended suite=0 test=59 pass=false
Sep 24 22:59:58.482 INF API: test started suite=0 test=60 name="interop/nested-call-outer1-value0-success (erigon_release)"
Sep 24 22:59:58.485 INF API: test ended suite=0 test=60 pass=false
Sep 24 22:59:58.485 INF API: test started suite=0 test=61 name="interop/nested-callcode-outer0-value1-failed (erigon_release)"
Sep 24 22:59:58.488 INF API: test ended suite=0 test=61 pass=false
Sep 24 22:59:58.489 INF API: test started suite=0 test=62 name="interop/nested-callcode-outer0-value1-success (erigon_release)"
Sep 24 22:59:58.490 INF API: test ended suite=0 test=62 pass=false
Sep 24 22:59:58.491 INF API: test started suite=0 test=63 name="interop/nested-callcode-outer1-value0-failed (erigon_release)"
Sep 24 22:59:58.493 INF API: test ended suite=0 test=63 pass=false
Sep 24 22:59:58.494 INF API: test started suite=0 test=64 name="interop/nested-callcode-outer1-value0-success (erigon_release)"
Sep 24 22:59:58.495 INF API: test ended suite=0 test=64 pass=false
Sep 24 22:59:58.814 INF API: test ended suite=0 test=49 pass=true
Sep 24 22:59:58.816 INF API: test started suite=0 test=65 name="client launch (go-ethereum_trace)"
Sep 24 23:00:00.712 INF API: client go-ethereum_trace started suite=0 test=65 container=56e4ed8f
Sep 24 23:00:00.717 INF API: test started suite=0 test=66 name="interop/_control/create-nonce (go-ethereum_trace)"
Sep 24 23:00:00.719 INF API: test ended suite=0 test=66 pass=false
Sep 24 23:00:00.720 INF API: test started suite=0 test=67 name="interop/_control/head (go-ethereum_trace)"
Sep 24 23:00:00.722 INF API: test ended suite=0 test=67 pass=false
Sep 24 23:00:00.724 INF API: test started suite=0 test=68 name="interop/_control/latest (go-ethereum_trace)"
Sep 24 23:00:00.727 INF API: test ended suite=0 test=68 pass=false
Sep 24 23:00:00.727 INF API: test started suite=0 test=69 name="interop/_control/target-balance (go-ethereum_trace)"
Sep 24 23:00:00.729 INF API: test ended suite=0 test=69 pass=false
Sep 24 23:00:00.730 INF API: test started suite=0 test=70 name="interop/_control/target-code (go-ethereum_trace)"
Sep 24 23:00:00.731 INF API: test ended suite=0 test=70 pass=false
Sep 24 23:00:00.732 INF API: test started suite=0 test=71 name="interop/_control/target-nonce (go-ethereum_trace)"
Sep 24 23:00:00.733 INF API: test ended suite=0 test=71 pass=false
Sep 24 23:00:00.733 INF API: test started suite=0 test=72 name="interop/_control/version (go-ethereum_trace)"
Sep 24 23:00:00.734 INF API: test ended suite=0 test=72 pass=false
Sep 24 23:00:00.735 INF API: test started suite=0 test=73 name="interop/nested-call-outer0-value1-failed (go-ethereum_trace)"
Sep 24 23:00:00.737 INF API: test ended suite=0 test=73 pass=false
Sep 24 23:00:00.737 INF API: test started suite=0 test=74 name="interop/nested-call-outer0-value1-success (go-ethereum_trace)"
Sep 24 23:00:00.740 INF API: test ended suite=0 test=74 pass=false
Sep 24 23:00:00.741 INF API: test started suite=0 test=75 name="interop/nested-call-outer1-value0-failed (go-ethereum_trace)"
Sep 24 23:00:00.743 INF API: test ended suite=0 test=75 pass=false
Sep 24 23:00:00.744 INF API: test started suite=0 test=76 name="interop/nested-call-outer1-value0-success (go-ethereum_trace)"
Sep 24 23:00:00.745 INF API: test ended suite=0 test=76 pass=false
Sep 24 23:00:00.746 INF API: test started suite=0 test=77 name="interop/nested-callcode-outer0-value1-failed (go-ethereum_trace)"
Sep 24 23:00:00.748 INF API: test ended suite=0 test=77 pass=false
Sep 24 23:00:00.749 INF API: test started suite=0 test=78 name="interop/nested-callcode-outer0-value1-success (go-ethereum_trace)"
Sep 24 23:00:00.750 INF API: test ended suite=0 test=78 pass=false
Sep 24 23:00:00.751 INF API: test started suite=0 test=79 name="interop/nested-callcode-outer1-value0-failed (go-ethereum_trace)"
Sep 24 23:00:00.754 INF API: test ended suite=0 test=79 pass=false
Sep 24 23:00:00.755 INF API: test started suite=0 test=80 name="interop/nested-callcode-outer1-value0-success (go-ethereum_trace)"
Sep 24 23:00:00.757 INF API: test ended suite=0 test=80 pass=false
Sep 24 23:00:00.999 INF API: test ended suite=0 test=65 pass=true
Sep 24 23:00:01.000 INF API: test started suite=0 test=81 name="client launch (nethermind_development)"
Sep 24 23:00:09.272 INF API: client nethermind_development started suite=0 test=81 container=93eac365
Sep 24 23:00:09.423 INF API: test started suite=0 test=82 name="interop/_control/create-nonce (nethermind_development)"
Sep 24 23:00:09.434 INF API: test ended suite=0 test=82 pass=false
Sep 24 23:00:09.435 INF API: test started suite=0 test=83 name="interop/_control/head (nethermind_development)"
Sep 24 23:00:09.439 INF API: test ended suite=0 test=83 pass=false
Sep 24 23:00:09.440 INF API: test started suite=0 test=84 name="interop/_control/latest (nethermind_development)"
Sep 24 23:00:09.442 INF API: test ended suite=0 test=84 pass=false
Sep 24 23:00:09.442 INF API: test started suite=0 test=85 name="interop/_control/target-balance (nethermind_development)"
Sep 24 23:00:09.448 INF API: test ended suite=0 test=85 pass=false
Sep 24 23:00:09.449 INF API: test started suite=0 test=86 name="interop/_control/target-code (nethermind_development)"
Sep 24 23:00:09.451 INF API: test ended suite=0 test=86 pass=false
Sep 24 23:00:09.451 INF API: test started suite=0 test=87 name="interop/_control/target-nonce (nethermind_development)"
Sep 24 23:00:09.453 INF API: test ended suite=0 test=87 pass=false
Sep 24 23:00:09.453 INF API: test started suite=0 test=88 name="interop/_control/version (nethermind_development)"
Sep 24 23:00:09.456 INF API: test ended suite=0 test=88 pass=false
Sep 24 23:00:09.457 INF API: test started suite=0 test=89 name="interop/nested-call-outer0-value1-failed (nethermind_development)"
Sep 24 23:00:09.655 INF API: test ended suite=0 test=89 pass=false
Sep 24 23:00:09.657 INF API: test started suite=0 test=90 name="interop/nested-call-outer0-value1-success (nethermind_development)"
Sep 24 23:00:09.663 INF API: test ended suite=0 test=90 pass=false
Sep 24 23:00:09.664 INF API: test started suite=0 test=91 name="interop/nested-call-outer1-value0-failed (nethermind_development)"
Sep 24 23:00:09.672 INF API: test ended suite=0 test=91 pass=false
Sep 24 23:00:09.673 INF API: test started suite=0 test=92 name="interop/nested-call-outer1-value0-success (nethermind_development)"
Sep 24 23:00:09.676 INF API: test ended suite=0 test=92 pass=false
Sep 24 23:00:09.677 INF API: test started suite=0 test=93 name="interop/nested-callcode-outer0-value1-failed (nethermind_development)"
Sep 24 23:00:09.692 INF API: test ended suite=0 test=93 pass=false
Sep 24 23:00:09.693 INF API: test started suite=0 test=94 name="interop/nested-callcode-outer0-value1-success (nethermind_development)"
Sep 24 23:00:09.697 INF API: test ended suite=0 test=94 pass=false
Sep 24 23:00:09.698 INF API: test started suite=0 test=95 name="interop/nested-callcode-outer1-value0-failed (nethermind_development)"
Sep 24 23:00:09.701 INF API: test ended suite=0 test=95 pass=false
Sep 24 23:00:09.701 INF API: test started suite=0 test=96 name="interop/nested-callcode-outer1-value0-success (nethermind_development)"
Sep 24 23:00:09.704 INF API: test ended suite=0 test=96 pass=false
Sep 24 23:00:09.980 INF API: test ended suite=0 test=81 pass=true
Sep 24 23:00:09.981 INF API: test started suite=0 test=97 name="client launch (nethermind_release)"
Sep 24 23:00:17.412 INF API: client nethermind_release started suite=0 test=97 container=0db915b5
Sep 24 23:00:17.544 INF API: test started suite=0 test=98 name="interop/_control/create-nonce (nethermind_release)"
Sep 24 23:00:17.555 INF API: test ended suite=0 test=98 pass=false
Sep 24 23:00:17.556 INF API: test started suite=0 test=99 name="interop/_control/head (nethermind_release)"
Sep 24 23:00:17.559 INF API: test ended suite=0 test=99 pass=false
Sep 24 23:00:17.560 INF API: test started suite=0 test=100 name="interop/_control/latest (nethermind_release)"
Sep 24 23:00:17.561 INF API: test ended suite=0 test=100 pass=false
Sep 24 23:00:17.562 INF API: test started suite=0 test=101 name="interop/_control/target-balance (nethermind_release)"
Sep 24 23:00:17.566 INF API: test ended suite=0 test=101 pass=false
Sep 24 23:00:17.567 INF API: test started suite=0 test=102 name="interop/_control/target-code (nethermind_release)"
Sep 24 23:00:17.568 INF API: test ended suite=0 test=102 pass=false
Sep 24 23:00:17.569 INF API: test started suite=0 test=103 name="interop/_control/target-nonce (nethermind_release)"
Sep 24 23:00:17.570 INF API: test ended suite=0 test=103 pass=false
Sep 24 23:00:17.571 INF API: test started suite=0 test=104 name="interop/_control/version (nethermind_release)"
Sep 24 23:00:17.573 INF API: test ended suite=0 test=104 pass=false
Sep 24 23:00:17.574 INF API: test started suite=0 test=105 name="interop/nested-call-outer0-value1-failed (nethermind_release)"
Sep 24 23:00:17.697 INF API: test ended suite=0 test=105 pass=false
Sep 24 23:00:17.698 INF API: test started suite=0 test=106 name="interop/nested-call-outer0-value1-success (nethermind_release)"
Sep 24 23:00:17.705 INF API: test ended suite=0 test=106 pass=false
Sep 24 23:00:17.706 INF API: test started suite=0 test=107 name="interop/nested-call-outer1-value0-failed (nethermind_release)"
Sep 24 23:00:17.716 INF API: test ended suite=0 test=107 pass=false
Sep 24 23:00:17.717 INF API: test started suite=0 test=108 name="interop/nested-call-outer1-value0-success (nethermind_release)"
Sep 24 23:00:17.721 INF API: test ended suite=0 test=108 pass=false
Sep 24 23:00:17.722 INF API: test started suite=0 test=109 name="interop/nested-callcode-outer0-value1-failed (nethermind_release)"
Sep 24 23:00:17.725 INF API: test ended suite=0 test=109 pass=false
Sep 24 23:00:17.726 INF API: test started suite=0 test=110 name="interop/nested-callcode-outer0-value1-success (nethermind_release)"
Sep 24 23:00:17.729 INF API: test ended suite=0 test=110 pass=false
Sep 24 23:00:17.730 INF API: test started suite=0 test=111 name="interop/nested-callcode-outer1-value0-failed (nethermind_release)"
Sep 24 23:00:17.733 INF API: test ended suite=0 test=111 pass=false
Sep 24 23:00:17.733 INF API: test started suite=0 test=112 name="interop/nested-callcode-outer1-value0-success (nethermind_release)"
Sep 24 23:00:17.737 INF API: test ended suite=0 test=112 pass=false
Sep 24 23:00:18.009 INF API: test ended suite=0 test=97 pass=true
Sep 24 23:00:18.011 INF API: test started suite=0 test=113 name="client launch (reth_development)"
Sep 24 23:00:20.036 INF API: client reth_development started suite=0 test=113 container=5a02a9b7
Sep 24 23:00:20.052 INF API: test started suite=0 test=114 name="interop/_control/create-nonce (reth_development)"
Sep 24 23:00:20.054 INF API: test ended suite=0 test=114 pass=false
Sep 24 23:00:20.055 INF API: test started suite=0 test=115 name="interop/_control/head (reth_development)"
Sep 24 23:00:20.056 INF API: test ended suite=0 test=115 pass=false
Sep 24 23:00:20.057 INF API: test started suite=0 test=116 name="interop/_control/latest (reth_development)"
Sep 24 23:00:20.059 INF API: test ended suite=0 test=116 pass=false
Sep 24 23:00:20.060 INF API: test started suite=0 test=117 name="interop/_control/target-balance (reth_development)"
Sep 24 23:00:20.061 INF API: test ended suite=0 test=117 pass=false
Sep 24 23:00:20.062 INF API: test started suite=0 test=118 name="interop/_control/target-code (reth_development)"
Sep 24 23:00:20.063 INF API: test ended suite=0 test=118 pass=false
Sep 24 23:00:20.064 INF API: test started suite=0 test=119 name="interop/_control/target-nonce (reth_development)"
Sep 24 23:00:20.065 INF API: test ended suite=0 test=119 pass=false
Sep 24 23:00:20.066 INF API: test started suite=0 test=120 name="interop/_control/version (reth_development)"
Sep 24 23:00:20.067 INF API: test ended suite=0 test=120 pass=false
Sep 24 23:00:20.068 INF API: test started suite=0 test=121 name="interop/nested-call-outer0-value1-failed (reth_development)"
Sep 24 23:00:20.070 INF API: test ended suite=0 test=121 pass=false
Sep 24 23:00:20.071 INF API: test started suite=0 test=122 name="interop/nested-call-outer0-value1-success (reth_development)"
Sep 24 23:00:20.072 INF API: test ended suite=0 test=122 pass=false
Sep 24 23:00:20.073 INF API: test started suite=0 test=123 name="interop/nested-call-outer1-value0-failed (reth_development)"
Sep 24 23:00:20.076 INF API: test ended suite=0 test=123 pass=false
Sep 24 23:00:20.076 INF API: test started suite=0 test=124 name="interop/nested-call-outer1-value0-success (reth_development)"
Sep 24 23:00:20.079 INF API: test ended suite=0 test=124 pass=false
Sep 24 23:00:20.080 INF API: test started suite=0 test=125 name="interop/nested-callcode-outer0-value1-failed (reth_development)"
Sep 24 23:00:20.082 INF API: test ended suite=0 test=125 pass=false
Sep 24 23:00:20.083 INF API: test started suite=0 test=126 name="interop/nested-callcode-outer0-value1-success (reth_development)"
Sep 24 23:00:20.084 INF API: test ended suite=0 test=126 pass=false
Sep 24 23:00:20.085 INF API: test started suite=0 test=127 name="interop/nested-callcode-outer1-value0-failed (reth_development)"
Sep 24 23:00:20.087 INF API: test ended suite=0 test=127 pass=false
Sep 24 23:00:20.088 INF API: test started suite=0 test=128 name="interop/nested-callcode-outer1-value0-success (reth_development)"
Sep 24 23:00:20.090 INF API: test ended suite=0 test=128 pass=false
Sep 24 23:00:20.365 INF API: test ended suite=0 test=113 pass=true
Sep 24 23:00:20.367 INF API: test started suite=0 test=129 name="client launch (reth_release)"
Sep 24 23:00:22.537 INF API: client reth_release started suite=0 test=129 container=78b25881
Sep 24 23:00:22.553 INF API: test started suite=0 test=130 name="interop/_control/create-nonce (reth_release)"
Sep 24 23:00:22.555 INF API: test ended suite=0 test=130 pass=false
Sep 24 23:00:22.556 INF API: test started suite=0 test=131 name="interop/_control/head (reth_release)"
Sep 24 23:00:22.558 INF API: test ended suite=0 test=131 pass=false
Sep 24 23:00:22.559 INF API: test started suite=0 test=132 name="interop/_control/latest (reth_release)"
Sep 24 23:00:22.560 INF API: test ended suite=0 test=132 pass=false
Sep 24 23:00:22.561 INF API: test started suite=0 test=133 name="interop/_control/target-balance (reth_release)"
Sep 24 23:00:22.562 INF API: test ended suite=0 test=133 pass=false
Sep 24 23:00:22.563 INF API: test started suite=0 test=134 name="interop/_control/target-code (reth_release)"
Sep 24 23:00:22.564 INF API: test ended suite=0 test=134 pass=false
Sep 24 23:00:22.565 INF API: test started suite=0 test=135 name="interop/_control/target-nonce (reth_release)"
Sep 24 23:00:22.566 INF API: test ended suite=0 test=135 pass=false
Sep 24 23:00:22.567 INF API: test started suite=0 test=136 name="interop/_control/version (reth_release)"
Sep 24 23:00:22.568 INF API: test ended suite=0 test=136 pass=false
Sep 24 23:00:22.568 INF API: test started suite=0 test=137 name="interop/nested-call-outer0-value1-failed (reth_release)"
Sep 24 23:00:22.570 INF API: test ended suite=0 test=137 pass=false
Sep 24 23:00:22.571 INF API: test started suite=0 test=138 name="interop/nested-call-outer0-value1-success (reth_release)"
Sep 24 23:00:22.573 INF API: test ended suite=0 test=138 pass=false
Sep 24 23:00:22.574 INF API: test started suite=0 test=139 name="interop/nested-call-outer1-value0-failed (reth_release)"
Sep 24 23:00:22.576 INF API: test ended suite=0 test=139 pass=false
Sep 24 23:00:22.577 INF API: test started suite=0 test=140 name="interop/nested-call-outer1-value0-success (reth_release)"
Sep 24 23:00:22.579 INF API: test ended suite=0 test=140 pass=false
Sep 24 23:00:22.580 INF API: test started suite=0 test=141 name="interop/nested-callcode-outer0-value1-failed (reth_release)"
Sep 24 23:00:22.581 INF API: test ended suite=0 test=141 pass=false
Sep 24 23:00:22.582 INF API: test started suite=0 test=142 name="interop/nested-callcode-outer0-value1-success (reth_release)"
Sep 24 23:00:22.584 INF API: test ended suite=0 test=142 pass=false
Sep 24 23:00:22.584 INF API: test started suite=0 test=143 name="interop/nested-callcode-outer1-value0-failed (reth_release)"
Sep 24 23:00:22.587 INF API: test ended suite=0 test=143 pass=false
Sep 24 23:00:22.587 INF API: test started suite=0 test=144 name="interop/nested-callcode-outer1-value0-success (reth_release)"
Sep 24 23:00:22.589 INF API: test ended suite=0 test=144 pass=false
Sep 24 23:00:22.865 INF API: test ended suite=0 test=129 pass=true
Sep 24 23:00:22.874 INF API: suite ended suite=0
Sep 24 23:00:23.270 INF simulation ethereum/rpc-compat finished suites=1 tests=144 failed=135
135 tests failed
